--------- beginning of kernel
01-01 00:00:00.000     0     0 I         : Booting Linux on physical CPU 0x0000000000 [0x51df805e]
01-01 00:00:00.000     0     0 I         : Linux version 5.4.61-qgki-debug+ (nobody@android-build) (Android (6443078 based on r383902) clang version 11.0.1 (https://android.googlesource.com/toolchain/llvm-project b397f81060ce6d701042b782172ed13bee898b79), LLD 11.0.1 (/buildbot/tmp/tmp6_m7QH b397f81060ce6d701042b782172ed13bee898b79)) #1 SMP PREEMPT Tue Sep 7 14:52:37 CST 2021
01-01 00:00:00.000     0     0 I memblock_reserve: 0x3d673 setup_arch+0x64/0x1e0
01-01 00:00:00.000     0     0 I Machine model: HARMAN INTL. SA6155P TITAN-TML-GEN3
01-01 00:00:00.000     0     0 I earlycon: msm_geni_serial0 at MMIO 0x0000000000880000 (options '')
01-01 00:00:00.000     0     0 I printk  : bootconsole [msm_geni_serial0] enabled
01-01 00:00:00.000     0     0 I efi     : Getting EFI parameters from FDT:
01-01 00:00:00.000     0     0 I efi     : UEFI not found.
01-01 00:00:00.000     0     0 E OF      : reserved mem: OVERLAP DETECTED!
01-01 00:00:00.000     0     0 E         : xbl_aop_mem@85e00000 (0x0000000085e00000--0x0000000085f40000) overlaps with memory@85f20000 (0x0000000085f20000--0x0000000085f40000)
01-01 00:00:00.000     0     0 E OF      : reserved mem: OVERLAP DETECTED!
01-01 00:00:00.000     0     0 E         : disp_rdump_region@9c000000 (0x000000009c000000--0x000000009d000000) overlaps with cont_splash_region@9c000000 (0x000000009c000000--0x000000009cf00000)
01-01 00:00:00.000     0     0 I Reserved memory: created CMA memory pool at 0x00000000df800000, size 8 MiB
01-01 00:00:00.000     0     0 I OF      : reserved mem: initialized node adsp_region, compatible id shared-dma-pool
01-01 00:00:00.000     0     0 I Reserved memory: created CMA memory pool at 0x000000015bc00000, size 36 MiB
01-01 00:00:00.000     0     0 I OF      : reserved mem: initialized node mem_dump_region, compatible id shared-dma-pool
01-01 00:00:00.000     0     0 I Reserved memory: created CMA memory pool at 0x00000000de400000, size 20 MiB
01-01 00:00:00.000     0     0 I OF      : reserved mem: initialized node cnss_wlan_region, compatible id shared-dma-pool
01-01 00:00:00.000     0     0 I Reserved memory: created CMA memory pool at 0x00000000dc400000, size 32 MiB
01-01 00:00:00.000     0     0 I OF      : reserved mem: initialized node linux,cma, compatible id shared-dma-pool
01-01 00:00:00.000     0     0 I Reserved memory: created CMA memory pool at 0x00000000db400000, size 16 MiB
01-01 00:00:00.000     0     0 I OF      : reserved mem: initialized node qseecom_ta_region, compatible id shared-dma-pool
01-01 00:00:00.000     0     0 I Reserved memory: created CMA memory pool at 0x00000000d2800000, size 140 MiB
01-01 00:00:00.000     0     0 I OF      : reserved mem: initialized node secure_display_region, compatible id shared-dma-pool
01-01 00:00:00.000     0     0 I Reserved memory: created CMA memory pool at 0x00000000d1800000, size 16 MiB
01-01 00:00:00.000     0     0 I OF      : reserved mem: initialized node user_contig_region, compatible id shared-dma-pool
01-01 00:00:00.000     0     0 I Reserved memory: created CMA memory pool at 0x00000000d0400000, size 20 MiB
01-01 00:00:00.000     0     0 I OF      : reserved mem: initialized node qseecom_region, compatible id shared-dma-pool
01-01 00:00:00.000     0     0 I Reserved memory: created CMA memory pool at 0x00000000d0000000, size 4 MiB
01-01 00:00:00.000     0     0 I OF      : reserved mem: initialized node sdsp_region, compatible id shared-dma-pool
01-01 00:00:00.000     0     0 I Reserved memory: created CMA memory pool at 0x00000000cf800000, size 8 MiB
01-01 00:00:00.000     0     0 I OF      : reserved mem: initialized node sp_region, compatible id shared-dma-pool
01-01 00:00:00.000     0     0 D         : On node 0 totalpages: 705064
01-01 00:00:00.000     0     0 D DMA32 zone: 4991 pages used for memmap
01-01 00:00:00.000     0     0 D DMA32 zone: 0 pages reserved
01-01 00:00:00.000     0     0 D DMA32 zone: 319400 pages, LIFO batch:63
01-01 00:00:00.000     0     0 D Normal zone: 6026 pages used for memmap
01-01 00:00:00.000     0     0 D Normal zone: 385664 pages, LIFO batch:63
01-01 00:00:00.000     0     0 I psci    : probing for conduit method from DT.
01-01 00:00:00.000     0     0 I psci    : PSCIv1.1 detected in firmware.
01-01 00:00:00.000     0     0 I psci    : Using standard PSCI v0.2 function IDs
01-01 00:00:00.000     0     0 I psci    : MIGRATE_INFO_TYPE not supported.
01-01 00:00:00.000     0     0 I psci    : SMC Calling Convention v1.1
01-01 00:00:00.000     0     0 I psci    : OSI mode supported.
01-01 00:00:00.000     0     0 I psci    : Switched to OSI mode.
01-01 00:00:00.000     0     0 I percpu  : Embedded 32 pages/cpu s91672 r8192 d31208 u131072
01-01 00:00:00.000     0     0 D pcpu-alloc: s91672 r8192 d31208 u131072 alloc=32*4096
01-01 00:00:00.000     0     0 D pcpu-alloc: [0] 0 [0] 1 [0] 2 [0] 3 [0] 4 [0] 5 [0] 6 [0] 7
01-01 00:00:00.000     0     0 I         : Detected VIPT I-cache on CPU0
01-01 00:00:00.000     0     0 I CPU features: detected: GIC system register CPU interface
01-01 00:00:00.000     0     0 I CPU features: kernel page table isolation forced ON by KASLR
01-01 00:00:00.000     0     0 I CPU features: detected: Kernel page table isolation (KPTI)
01-01 00:00:00.000     0     0 I CPU features: detected: Hardware dirty bit management
01-01 00:00:00.000     0     0 I         : Built 1 zonelists, mobility grouping on.  Total pages: 694047
01-01 00:00:00.000     0     0 I         : Kernel command line: console=ttyMSM0,115200n8 androidboot.hardware=qcom androidboot.console=ttyMSM0 androidboot.memcg=1 lpm_levels.sleep_disabled=1 video=vfb:640x400,bpp=32,memsize=3072000 msm_rtb.filter=0x237 service_locator.enable=1 swiotlb=2048 firmware_class.path=/vendor/firmware_mnt/image androidboot.selinux=permissive androidboot.recover_usb=1 androidboot.usbcontroller=a600000.dwc3 hibernate=nocompress noswap_randomize loglevel=1 earlycon=msm_geni_serial,0x880000 buildvariant=userdebug androidboot.verifiedbootstate=orange androidboot.keymaster=1 androidboot.vbmeta.device=PARTUUID=1a13eb50-6d9d-4160-fe1c-11a6c0502e72 androidboot.vbmeta.avb_version=1.0 androidboot.vbmeta.device_state=unlocked androidboot.vbmeta.hash_alg=sha256 androidboot.vbmeta.size=5952 androidboot.vbmeta.digest=678b4aaf4367f8d9bb7534a1813a4d2034a855309a64e9ee11143ca8bd76e331 androidboot.vbmeta.invalidate_on_error=yes androidboot.veritymode=enforcing androidboot.bootdevice=7c4000.sdhci androidboot.fsta
01-01 00:00:00.000     0     0 I         : Dentry cache hash table entries: 524288 (order: 10, 4194304 bytes, linear)
01-01 00:00:00.000     0     0 I         : Inode-cache hash table entries: 262144 (order: 9, 2097152 bytes, linear)
01-01 00:00:00.000     0     0 I mem auto-init: stack:all(zero), heap alloc:on, heap free:off
01-01 00:00:00.000     0     0 I         : software IO TLB: mapped [mem 0xcf400000-0xcf800000] (4MB)
01-01 00:00:00.000     0     0 I Memory  : 2362348K/2820256K available (21180K kernel code, 2538K rwdata, 13732K rodata, 4864K init, 7201K bss, 150708K reserved, 307200K cma-reserved)
01-01 00:00:00.000     0     0 I random  : get_random_u64 called from __kmem_cache_create+0x44/0x4d8 with crng_init=0
01-01 00:00:00.000     0     0 I SLUB    : HWalign=64, Order=0-3, MinObjects=0, CPUs=8, Nodes=1
01-01 00:00:00.000     0     0 I rcu     : Preemptible hierarchical RCU implementation.
01-01 00:00:00.000     0     0 I rcu     : RCU dyntick-idle grace-period acceleration is enabled.
01-01 00:00:00.000     0     0 I rcu     : RCU restricting CPUs from NR_CPUS=32 to nr_cpu_ids=8.
01-01 00:00:00.000     0     0 I         : Tasks RCU enabled.
01-01 00:00:00.000     0     0 I rcu     : RCU calculated value of scheduler-enlistment delay is 25 jiffies.
01-01 00:00:00.000     0     0 I rcu     : Adjusting geometry for rcu_fanout_leaf=16, nr_cpu_ids=8
01-01 00:00:00.000     0     0 I NR_IRQS : 64, nr_irqs: 64, preallocated irqs: 0
01-01 00:00:00.000     0     0 I GICv3   : 768 SPIs implemented
01-01 00:00:00.000     0     0 I GICv3   : 0 Extended SPIs implemented
01-01 00:00:00.000     0     0 I GICv3   : Distributor has no Range Selector support
01-01 00:00:00.000     0     0 I GICv3   : 16 PPIs implemented
01-01 00:00:00.000     0     0 I GICv3   : no VLPI support, no direct LPI support
01-01 00:00:00.000     0     0 W ITS     : No ITS available, not enabling LPIs
01-01 00:00:00.000     0     0 I rcu     : Offload RCU callbacks from CPUs: (none).
01-01 00:00:00.000     0     0 I arch_timer: cp15 and mmio timer(s) running at 19.20MHz (virt/virt).
01-01 00:00:00.000     0     0 I clocksource: arch_sys_counter: mask: 0xffffffffffffff max_cycles: 0x46d987e47, max_idle_ns: 440795202767 ns
01-01 00:00:00.000     0     0 I sched_clock: 56 bits at 19MHz, resolution 52ns, wraps every 4398046511078ns
01-01 00:00:00.000     0     0 I clocksource: Switched to clocksource arch_sys_counter
01-01 00:00:00.002     0     0 I         : Calibrating delay loop (skipped), value calculated using timer frequency.. 38.40 BogoMIPS (lpj=76800)
01-01 00:00:00.002     0     0 I pid_max : default: 32768 minimum: 301
01-01 00:00:00.002     0     0 I LSM     : Security Framework initializing
01-01 00:00:00.002     0     0 I SELinux : Initializing.
01-01 00:00:00.002     0     0 I         : Mount-cache hash table entries: 8192 (order: 4, 65536 bytes, linear)
01-01 00:00:00.002     0     0 I         : Mountpoint-cache hash table entries: 8192 (order: 4, 65536 bytes, linear)
01-01 00:00:00.003     0     0 I         : ASID allocator initialised with 32768 entries
01-01 00:00:00.003     0     0 I rcu     : Hierarchical SRCU implementation.
01-01 00:00:00.008     0     0 E scm_mem_protection_init_do: SCM call failed
01-01 00:00:00.008     0     0 I         : EFI services will not be available.
01-01 00:00:00.008     0     0 I smp     : Bringing up secondary CPUs ...
01-01 00:00:00.009     0     0 I         : Detected VIPT I-cache on CPU1
01-01 00:00:00.009     0     0 I CPU1    : Booted secondary processor 0x0000000100 [0x51df805e]
01-01 00:00:00.010     0     0 I         : Detected VIPT I-cache on CPU2
01-01 00:00:00.010     0     0 I CPU2    : Booted secondary processor 0x0000000200 [0x51df805e]
01-01 00:00:00.011     0     0 I         : Detected VIPT I-cache on CPU3
01-01 00:00:00.011     0     0 I CPU3    : Booted secondary processor 0x0000000300 [0x51df805e]
01-01 00:00:00.012     0     0 I CPU features: detected: Speculative Store Bypass Disable
01-01 00:00:00.012     0     0 I         : Detected VIPT I-cache on CPU4
01-01 00:00:00.012     0     0 I CPU4    : Booted secondary processor 0x0000000400 [0x51df805e]
01-01 00:00:00.013     0     0 I         : Detected VIPT I-cache on CPU5
01-01 00:00:00.013     0     0 I CPU5    : Booted secondary processor 0x0000000500 [0x51df805e]
01-01 00:00:00.014     0     0 I         : Detected PIPT I-cache on CPU6
01-01 00:00:00.014     0     0 W CPU features: SANITY CHECK: Unexpected variation in SYS_ID_AA64PFR0_EL1. Boot CPU: 0x00000011112222, CPU6: 0x00000011111112
01-01 00:00:00.014     0     0 W CPU features: SANITY CHECK: Unexpected variation in SYS_ID_ISAR4_EL1. Boot CPU: 0x00000000011142, CPU6: 0x00000000010142
01-01 00:00:00.014     0     0 W CPU features: SANITY CHECK: Unexpected variation in SYS_ID_PFR1_EL1. Boot CPU: 0x00000010011011, CPU6: 0x00000010010000
01-01 00:00:00.014     0     0 W CPU features: Unsupported CPU feature variation detected.
01-01 00:00:00.014     0     0 I CPU6    : Booted secondary processor 0x0000000600 [0x51df804e]
01-01 00:00:00.015     0     0 I         : Detected PIPT I-cache on CPU7
01-01 00:00:00.015     0     0 W CPU features: SANITY CHECK: Unexpected variation in SYS_ID_AA64PFR0_EL1. Boot CPU: 0x00000011112222, CPU7: 0x00000011111112
01-01 00:00:00.015     0     0 W CPU features: SANITY CHECK: Unexpected variation in SYS_ID_ISAR4_EL1. Boot CPU: 0x00000000011142, CPU7: 0x00000000010142
01-01 00:00:00.015     0     0 W CPU features: SANITY CHECK: Unexpected variation in SYS_ID_PFR1_EL1. Boot CPU: 0x00000010011011, CPU7: 0x00000010010000
01-01 00:00:00.015     0     0 I CPU7    : Booted secondary processor 0x0000000700 [0x51df804e]
01-01 00:00:00.015     0     0 I smp     : Brought up 1 node, 8 CPUs
01-01 00:00:00.015     0     0 I SMP     : Total of 8 processors activated.
01-01 00:00:00.015     0     0 I CPU features: detected: Privileged Access Never
01-01 00:00:00.015     0     0 I CPU features: detected: LSE atomic instructions
01-01 00:00:00.015     0     0 I CPU features: detected: User Access Override
01-01 00:00:00.015     0     0 I CPU features: detected: 32-bit EL0 Support
01-01 00:00:00.015     0     0 I CPU features: detected: Common not Private translations
01-01 00:00:00.015     0     0 I CPU features: detected: RAS Extension Support
01-01 00:00:00.015     0     0 I CPU features: detected: Data cache clean to the PoU not required for I/D coherence
01-01 00:00:00.015     0     0 I CPU features: detected: CRC32 instructions
01-01 00:00:00.052     0     0 I         : CPU: All CPU(s) started at EL1
01-01 00:00:00.052     0     0 I alternatives: patching kernel code
01-01 00:00:00.083     0     0 I         : Registered cp15_barrier emulation handler
01-01 00:00:00.083     0     0 I         : Registered setend emulation handler
01-01 00:00:00.083     0     0 I clocksource: jiffies: mask: 0xffffffff max_cycles: 0xffffffff, max_idle_ns: 7645041785100000 ns
01-01 00:00:00.083     0     0 I         : futex hash table entries: 2048 (order: 5, 131072 bytes, linear)
01-01 00:00:00.085     0     0 I pinctrl core: initialized pinctrl subsystem
01-01 00:00:00.085     0     0 W         : *************************************************************
01-01 00:00:00.085     0     0 W         : **     NOTICE NOTICE NOTICE NOTICE NOTICE NOTICE NOTICE    **
01-01 00:00:00.085     0     0 W         : **                                                         **
01-01 00:00:00.085     0     0 W         : **  IOMMU DebugFS SUPPORT HAS BEEN ENABLED IN THIS KERNEL  **
01-01 00:00:00.085     0     0 W         : **                                                         **
01-01 00:00:00.085     0     0 W         : ** This means that this kernel is built to expose internal **
01-01 00:00:00.085     0     0 W         : ** IOMMU data structures, which may compromise security on **
01-01 00:00:00.085     0     0 W         : ** your system.                                            **
01-01 00:00:00.085     0     0 W         : **                                                         **
01-01 00:00:00.085     0     0 W         : ** If you see this message and you are not debugging the   **
01-01 00:00:00.085     0     0 W         : ** kernel, report this immediately to your vendor!         **
01-01 00:00:00.085     0     0 W         : **                                                         **
01-01 00:00:00.085     0     0 W         : **     NOTICE NOTICE NOTICE NOTICE NOTICE NOTICE NOTICE    **
01-01 00:00:00.085     0     0 W         : *************************************************************
01-01 00:00:00.085     0     0 I NET     : Registered protocol family 16
01-01 00:00:00.086     0     0 I DMA     : preallocated 256 KiB pool for atomic allocations
01-01 00:00:00.086     0     0 I audit   : initializing netlink subsys (disabled)
01-01 00:00:00.086     0     0 I cpuidle : using governor menu
01-01 00:00:00.086     0     0 I NET     : Registered protocol family 42
01-01 00:00:00.087     0     0 I hw-breakpoint: found 6 breakpoint and 4 watchpoint registers.
01-01 00:00:00.087     0     0 I Serial  : AMBA PL011 UART driver
01-01 00:00:00.087     0     0 I DMA     : preallocated 256 KiB pool for atomic allocations
01-01 00:00:00.101     0     0 E OF      : /soc/qcom,msm-audio-apr/qcom,q6core-audio/sound-adp-star: could not get #gpio-cells for /soc/qcom,msm-dai-tdm-tert-rx
01-01 00:00:00.101     0     0 E OF      : /soc/qcom,msm-audio-apr/qcom,q6core-audio/sound-adp-star: could not get #gpio-cells for /soc/qcom,msm-dai-tdm-quat-rx
01-01 00:00:00.101     0     0 E OF      : /soc/qcom,msm-audio-apr/qcom,q6core-audio/sound-adp-star: could not get #gpio-cells for /soc/qcom,msm-dai-tdm-quin-rx
01-01 00:00:00.101     0     0 E OF      : /soc/qcom,msm-audio-apr/qcom,q6core-audio/sound-adp-star: could not get #gpio-cells for /soc/qcom,msm-dai-tdm-pri-rx
01-01 00:00:00.111     0     0 E         : Unable to find DT property: qcom,msm-imem-download_mode
01-01 00:00:00.111     0     0 E         : Unable to find DT property: qcom,msm-imem-emergency_download_mode
01-01 00:00:00.113     0     0 I msm_sps_probe: sps:sps is ready
01-01 00:00:00.136     0     0 I spmi-0  : PMIC arbiter version v5 (0x50000000)
01-01 00:00:00.196     0     0 E OF      : /soc/qcom,msm-audio-apr/qcom,q6core-audio/sound-adp-star: could not get #gpio-cells for /soc/qcom,msm-dai-tdm-tert-rx
01-01 00:00:00.196     0     0 E OF      : /soc/qcom,msm-audio-apr/qcom,q6core-audio/sound-adp-star: could not get #gpio-cells for /soc/qcom,msm-dai-tdm-quat-rx
01-01 00:00:00.196     0     0 E OF      : /soc/qcom,msm-audio-apr/qcom,q6core-audio/sound-adp-star: could not get #gpio-cells for /soc/qcom,msm-dai-tdm-quin-rx
01-01 00:00:00.196     0     0 E OF      : /soc/qcom,msm-audio-apr/qcom,q6core-audio/sound-adp-star: could not get #gpio-cells for /soc/qcom,msm-dai-tdm-pri-rx
01-01 00:00:00.198     0     0 W irq     : type mismatch, failed to map hwirq-732 for interrupt-controller@17a00000!
01-01 00:00:00.198     0     0 I         : early populate_sync start
01-01 00:00:00.198     0     0 I         : early populate_sync end
01-01 00:00:00.200     0     0 I         : cryptomgr_test (61) used greatest stack depth: 14992 bytes left
01-01 00:00:00.201     0     0 I cryptd  : max_cpu_qlen set to 1000
01-01 00:00:00.201     0     0 I         : cryptomgr_test (79) used greatest stack depth: 14256 bytes left
01-01 00:00:00.206     0     0 I gpu_cx_gdsc: supplied by pm6155_1_s2_level
01-01 00:00:00.206     0     0 I qmp-aop-clk soc: qcom,aopcc@0: Registered clocks with AOP
01-01 00:00:00.207     0     0 I cam_cc-sm6150 ad00000.clock-controller: Registered CAM CC clocks
01-01 00:00:00.209     0     0 I gcc-sm6150 100000.clock-controller: Registered GCC clocks
01-01 00:00:00.209     0     0 I gpu_cc-sm6150 5090000.clock-controller: Registered GPU CC clocks
01-01 00:00:00.210     0     0 I scc-sm6150 62b10000.clock-controller: Registered SCC clocks
01-01 00:00:00.210     0     0 I video_cc-sm6150 ab00000.clock-controller: Registered VIDEO CC clocks
01-01 00:00:00.210     0     0 W pil     : failed to find qcom,msm-imem-pil-disable-timeout node
01-01 00:00:00.210     0     0 I KPI     : Bootloader start count = 22689
01-01 00:00:00.210     0     0 I KPI     : Bootloader end count = 52387
01-01 00:00:00.210     0     0 I KPI     : Bootloader load kernel count = 3765491148
01-01 00:00:00.210     0     0 I KPI     : Kernel MPM timestamp = 65290
01-01 00:00:00.210     0     0 I KPI     : Kernel MPM Clock frequency = 32768
01-01 00:00:00.211     0     0 I Minidump: Enabled with max number of regions 200
01-01 00:00:00.211     0     0 I iommu   : Default domain type: Translated
01-01 00:00:00.211     0     0 I arm-smmu 50a0000.kgsl-smmu: non-coherent table walk
01-01 00:00:00.211     0     0 I arm-smmu 50a0000.kgsl-smmu: (IDR0.CTTW overridden by FW configuration)
01-01 00:00:00.211     0     0 I arm-smmu 50a0000.kgsl-smmu: stream matching with 4 register groups
01-01 00:00:00.212     0     0 I cryptomgr_test (61): highest shadow stack usage: 112 bytes
01-01 00:00:00.213     0     0 I arm-smmu 15000000.apps-smmu: non-coherent table walk
01-01 00:00:00.213     0     0 I arm-smmu 15000000.apps-smmu: (IDR0.CTTW overridden by FW configuration)
01-01 00:00:00.213     0     0 I arm-smmu 15000000.apps-smmu: stream matching with 70 register groups
01-01 00:00:00.214     0     0 I         : SCSI subsystem initialized
01-01 00:00:00.215     0     0 I usbcore : registered new interface driver usbfs
01-01 00:00:00.215     0     0 I usbcore : registered new interface driver hub
01-01 00:00:00.215     0     0 I usbcore : registered new device driver usb
01-01 00:00:00.215     0     0 W usb_phy_generic soc: usb_nop_phy: soc:usb_nop_phy supply vcc not found, using dummy regulator
01-01 00:00:00.215     0     0 I qcom,qpnp-power-on c440000.qcom,spmi: qcom,pm6155@0:qcom,power-on@800: PMIC@SID0 Power-on reason: Triggered from KPD (Power Key Press) and 'cold' boot
01-01 00:00:00.215     0     0 I qcom,qpnp-power-on c440000.qcom,spmi: qcom,pm6155@0:qcom,power-on@800: PMIC@SID0: Unknown power-off reason
01-01 00:00:00.215     0     0 E qcom,qpnp-power-on c440000.qcom,spmi: qcom,pm6155@0:qcom,power-on@800: IRQ pmic-wd-bark not found
01-01 00:00:00.215     0     0 I input   : qpnp_pon as /devices/platform/soc/c440000.qcom,spmi/spmi-0/spmi0-00/c440000.qcom,spmi:qcom,pm6155@0:qcom,power-on@800/input/input0
01-01 00:00:00.216     0     0 I mc      : Linux media interface: v0.10
01-01 00:00:00.216     0     0 I videodev: Linux video capture interface: v2.00
01-01 00:00:00.216     0     0 I pps_core: LinuxPPS API ver. 1 registered
01-01 00:00:00.216     0     0 I pps_core: Software ver. 5.3.6 - Copyright 2005-2007 Rodolfo Giometti <giometti@linux.it>
01-01 00:00:00.216     0     0 I         : PTP clock support registered
01-01 00:00:00.216     0     0 I thermal_sys: Registered thermal governor 'step_wise'
01-01 00:00:00.216     0     0 I thermal_sys: Registered thermal governor 'user_space'
01-01 00:00:00.216     0     0 I thermal_sys: Registered thermal governor 'power_allocator'
01-01 00:00:00.216     0     0 I EDAC MC : Ver: 3.0.0
01-01 00:00:00.217     0     0 D energy_model: pd0: hertz/watts ratio non-monotonically decreasing: em_cap_state 2 >= em_cap_state1
01-01 00:00:00.217     0     0 D energy_model: Created perf domain 0-5
01-01 00:00:00.217     0     0 D energy_model: pd6: hertz/watts ratio non-monotonically decreasing: em_cap_state 4 >= em_cap_state3
01-01 00:00:00.217     0     0 D energy_model: Created perf domain 6-7
01-01 00:00:00.219     0     0 W         : shmbridge isn't enabled
01-01 00:00:00.220     0     0 I         : SDAM base=0xb100 size=128 registered successfully
01-01 00:00:00.220     0     0 I         : Advanced Linux Sound Architecture Driver Initialized.
01-01 00:00:00.220     0     0 I Bluetooth: Core ver 2.22
01-01 00:00:00.220     0     0 I NET     : Registered protocol family 31
01-01 00:00:00.220     0     0 I Bluetooth: HCI device and connection manager initialized
01-01 00:00:00.220     0     0 I Bluetooth: HCI socket layer initialized
01-01 00:00:00.220     0     0 I Bluetooth: L2CAP socket layer initialized
01-01 00:00:00.220     0     0 I Bluetooth: SCO socket layer initialized
01-01 00:00:00.220     0     0 F pcie    : pcie_init.
01-01 00:00:00.221     0     0 I pci-msm 1c08000.qcom,pcie: PCIe: msm_pcie_probe
01-01 00:00:00.221     0     0 W pci-msm 1c08000.qcom,pcie: 1c08000.qcom,pcie supply vreg-3p3 not found, using dummy regulator
01-01 00:00:00.222     0     0 W pci-msm 1c08000.qcom,pcie: 1c08000.qcom,pcie supply vreg-mx not found, using dummy regulator
01-01 00:00:00.222     0     0 I gpiochip0: (3000000.pinctrl): allocate IRQ 187, hwirq 100
01-01 00:00:00.222     0     0 I gpiochip0: (3000000.pinctrl): found parent hwirq 100
01-01 00:00:00.222     0     0 I gpiochip0: (3000000.pinctrl): alloc_irqs_parent for 187 parent hwirq 100
01-01 00:00:00.222     0     0 E msm_pcie_get_reg: PCIe: RC0: no tcsr resource found.
01-01 00:00:00.222     0     0 E msm_pcie_get_reg: PCIe: RC0: no rumi resource found.
01-01 00:00:00.222     0     0 E msm_pcie_probe: PCIe: RC0 could not get pinctrl sleep state
01-01 00:00:00.222     0     0 I platform soc: qcom,ion:qcom,ion-heap-adsp: assigned reserved memory node adsp_region
01-01 00:00:00.222     0     0 I platform soc: qcom,ion:qcom,ion-heap-user: assigned reserved memory node user_contig_region
01-01 00:00:00.222     0     0 I platform soc: qcom,ion:qcom,ion-heap-qsee: assigned reserved memory node qseecom_region
01-01 00:00:00.222     0     0 I platform soc: qcom,ion:qcom,ion-heap-qseeta: assigned reserved memory node qseecom_ta_region
01-01 00:00:00.222     0     0 I platform soc: qcom,ion:qcom,ion-heap-spss: assigned reserved memory node sp_region
01-01 00:00:00.222     0     0 I platform soc: qcom,ion:qcom,ion-heap-secdisp: assigned reserved memory node secure_display_region
01-01 00:00:00.223     0     0 I         : ION heap system created
01-01 00:00:00.223     0     0 I         : ION heap adsp created
01-01 00:00:00.223     0     0 I         : ION heap user_contig created
01-01 00:00:00.223     0     0 I         : ION heap qsecom created
01-01 00:00:00.223     0     0 I         : ION heap qsecom_ta created
01-01 00:00:00.223     0     0 I         : ION heap spss created
01-01 00:00:00.223     0     0 I         : ION heap secure_display created
01-01 00:00:00.223     0     0 I         : ION heap secure_heap created
01-01 00:00:00.223     0     0 I clocksource: Switched to clocksource arch_sys_counter
01-01 00:00:00.248     0     0 I VFS     : Disk quotas dquot_6.6.0
01-01 00:00:00.248     0     0 I VFS     : Dquot-cache hash table entries: 512 (order 0, 4096 bytes)
01-01 00:00:00.249     0     0 I sm6150-debugcc soc: debug-clock-controller@0: Registered debug measure clocks
01-01 00:00:00.249     0     0 I NET     : Registered protocol family 2
01-01 00:00:00.250     0     0 I         : tcp_listen_portaddr_hash hash table entries: 2048 (order: 3, 32768 bytes, linear)
01-01 00:00:00.250     0     0 I         : TCP established hash table entries: 32768 (order: 6, 262144 bytes, linear)
01-01 00:00:00.250     0     0 I         : TCP bind hash table entries: 32768 (order: 7, 524288 bytes, linear)
01-01 00:00:00.250     0     0 I TCP     : Hash tables configured (established 32768 bind 32768)
01-01 00:00:00.251     0     0 I         : UDP hash table entries: 2048 (order: 4, 65536 bytes, linear)
01-01 00:00:00.251     0     0 I         : UDP-Lite hash table entries: 2048 (order: 4, 65536 bytes, linear)
01-01 00:00:00.251     0     0 I NET     : Registered protocol family 1
01-01 00:00:00.256     0     0 I NET     : Registered protocol family 44
01-01 00:00:00.256     0     0 I PCI     : CLS 0 bytes, default 64
01-01 00:00:00.256     0     0 I         : Trying to unpack rootfs image as initramfs...
01-01 00:00:00.270     0     0 I         : Freeing initrd memory: 804K
01-01 00:00:00.275     0     0 I         : Initialise system trusted keyrings
01-01 00:00:00.276     0     0 I workingset: timestamp_bits=46 max_order=20 bucket_order=0
01-01 00:00:00.278     0     0 I fuse    : init (API version 7.31)
01-01 00:00:00.283     0     0 I         : Key type asymmetric registered
01-01 00:00:00.283     0     0 I         : Asymmetric key parser 'x509' registered
01-01 00:00:00.283     0     0 I         : Block layer SCSI generic (bsg) driver version 0.4 loaded (major 241)
01-01 00:00:00.283     0     0 I         : io scheduler mq-deadline registered
01-01 00:00:00.283     0     0 I         : io scheduler kyber registered
01-01 00:00:00.287     0     0 E qcom-slpi-pinctrl 62b40000.slpi_pinctrl: SLPI probe called !!!!!!
01-01 00:00:00.287     0     0 E qcom-slpi-pinctrl 62b40000.slpi_pinctrl: Registered pinctrl SLPI !!!!!!
01-01 00:00:00.289     0     0 E         : minidump-id not found for venus
01-01 00:00:00.289     0     0 I subsys-pil-tz aae0000.qcom,venus: for venus segments only will be dumped.
01-01 00:00:00.289     0     0 I subsys-pil-tz aae0000.qcom,venus: for md_venus segments only will be dumped.
01-01 00:00:00.289     0     0 E         : minidump-id not found for a612_zap
01-01 00:00:00.289     0     0 I subsys-pil-tz soc: qcom,kgsl-hyp: for a612_zap segments only will be dumped.
01-01 00:00:00.289     0     0 I subsys-pil-tz soc: qcom,kgsl-hyp: for md_a612_zap segments only will be dumped.
01-01 00:00:00.291     0     0 I         : v0.15, id=377, ver=1.1, raw_id=238, raw_ver=1, hw_plat=25, hw_plat_ver=65536
01-01 00:00:00.291     0     0 I         : accessory_chip=0, hw_plat_subtype=0, pmic_model=65566, pmic_die_revision=196608 foundry_id=3 serial_number=3811867858 num_pmics=1 chip_family=0x5c raw_device_family=0x6 raw_device_number=0x7 nproduct_id=0x40e num_clusters=0x1 ncluster_array_offset=0xb0 num_defective_parts=0xc ndefective_parts_array_offset=0xb4 nmodem_supported=0x0
01-01 00:00:00.292     0     0 E sm6150-llcc 9200000.cache-controller: IRQ index 0 not found
01-01 00:00:00.292     0     0 I msm_mem_dump soc: mem_dump: assigned reserved memory node mem_dump_region
01-01 00:00:00.294     0     0 W         : ------------[ cut here ]------------
01-01 00:00:00.294     0     0 W         : WARNING: CPU: 6 PID: 1 at mm/page_alloc.c:4877 __alloc_pages_nodemask+0x298/0x334
01-01 00:00:00.294     0     0 W         : Modules linked in:
01-01 00:00:00.294     0     0 W         : CPU: 6 PID: 1 Comm: swapper/0 Tainted: G S                5.4.61-qgki-debug+ #1
01-01 00:00:00.294     0     0 W Hardware name: HARMAN INTL. SA6155P TITAN-TML-GEN3 (DT)
01-01 00:00:00.294     0     0 W pstate  : 20800005 (nzCv daif -PAN +UAO)
01-01 00:00:00.294     0     0 W pc      : __alloc_pages_nodemask+0x298/0x334
01-01 00:00:00.294     0     0 W lr      : __dma_direct_alloc_pages+0x128/0x1b8
01-01 00:00:00.294     0     0 W sp      : ffffffc0100637a0
01-01 00:00:00.294     0     0 W         : x29: ffffffc0100637e0 x28: 0000000000000000
01-01 00:00:00.294     0     0 W         : x27: 0000000000000000 x26: 0000000000000005
01-01 00:00:00.294     0     0 W         : x25: 0000000002235fff x24: ffffffd5ba33d000
01-01 00:00:00.294     0     0 W         : x23: 0000000000000000 x22: 000000000000000e
01-01 00:00:00.294     0     0 W         : x21: 0000000000000cc4 x20: ffffff80d5d8d810
01-01 00:00:00.294     0     0 W         : x19: 0000000002236000 x18: ffffffc0100590b0
01-01 00:00:00.294     0     0 W         : x17: 0000000005f5e100 x16: 0000000000000002
01-01 00:00:00.294     0     0 W         : x15: 0000000000000021 x14: 0000000000000007
01-01 00:00:00.294     0     0 W         : x13: 00000000000154a9 x12: ffffffffffffffff
01-01 00:00:00.294     0     0 W         : x11: 003fffffffffffff x10: 0000000000000032
01-01 00:00:00.294     0     0 W         : x9 : 84d04ebacf59a800 x8 : 0000000000000cc4
01-01 00:00:00.294     0     0 W         : x7 : 0000000000000000 x6 : 0000000000000080
01-01 00:00:00.294     0     0 W         : x5 : 0000000000000001 x4 : 0000000000000003
01-01 00:00:00.294     0     0 W         : x3 : 0000000000000000 x2 : 0000000000000000
01-01 00:00:00.294     0     0 W         : x1 : 000000000000000e x0 : 0000000000000cc4
01-01 00:00:00.294     0     0 W Call trace:  
01-01 00:00:00.294     0     0 W         : __alloc_pages_nodemask+0x298/0x334
01-01 00:00:00.294     0     0 W         : __dma_direct_alloc_pages+0x128/0x1b8
01-01 00:00:00.294     0     0 W         : arch_dma_alloc+0x94/0x1f8
01-01 00:00:00.294     0     0 W         : dma_direct_alloc+0x50/0x104
01-01 00:00:00.294     0     0 W         : dma_alloc_attrs+0xc0/0x12c
01-01 00:00:00.294     0     0 W         : mem_dump_probe+0x130/0x61c
01-01 00:00:00.294     0     0 W         : platform_drv_probe+0xac/0xf0
01-01 00:00:00.294     0     0 W         : really_probe+0x210/0x7d8
01-01 00:00:00.294     0     0 W         : driver_probe_device+0xb4/0x13c
01-01 00:00:00.294     0     0 W         : device_driver_attach+0xa0/0x110
01-01 00:00:00.294     0     0 W         : __driver_attach+0xd4/0x22c
01-01 00:00:00.294     0     0 W         : bus_for_each_dev+0x9c/0x108
01-01 00:00:00.294     0     0 W         : driver_attach+0x24/0x30
01-01 00:00:00.294     0     0 W         : bus_add_driver+0x124/0x204
01-01 00:00:00.294     0     0 W         : driver_register+0x78/0x114
01-01 00:00:00.294     0     0 W         : __platform_driver_register+0x44/0x50
01-01 00:00:00.294     0     0 W         : mem_dump_driver_init+0x1c/0x28
01-01 00:00:00.294     0     0 W         : do_one_initcall+0x198/0x368
01-01 00:00:00.294     0     0 W         : do_initcall_level+0x188/0x1b0
01-01 00:00:00.294     0     0 W         : do_basic_setup+0x30/0x4c
01-01 00:00:00.294     0     0 W         : kernel_init_freeable+0xc4/0x144
01-01 00:00:00.294     0     0 W         : kernel_init+0x18/0x2c4
01-01 00:00:00.294     0     0 W         : ret_from_fork+0x10/0x18
01-01 00:00:00.294     0     0 W         : ---[ end trace ca98f18c7032045a ]---
01-01 00:00:00.294     0     0 W msm_mem_dump: probe of soc:mem_dump failed with error -12
01-01 00:00:00.296     0     0 I         : ADSP vote device is registered successfully
01-01 00:00:00.297     0     0 I Serial  : 8250/16550 driver, 4 ports, IRQ sharing disabled
01-01 00:00:00.299     0     0 I msm_geni_serial_init: Driver initialized
01-01 00:00:00.300     0     0 I random  : fast init done
01-01 00:00:00.301     0     0 I fastrpc soc: qcom,msm-adsprpc-mem: assigned reserved memory node adsp_region
01-01 00:00:00.301     0     0 I random  : crng init done
01-01 00:00:00.301     0     0 I fastrpc soc: qcom,msm-adsprpc-mem: for adsp_rh segments only will be dumped.
01-01 00:00:00.301     0     0 I         : Info: adsprpc (6279): swapper/0: init_secure_vmid_list: secure VMID = 22
01-01 00:00:00.301     0     0 I         : Info: adsprpc (6279): swapper/0: init_secure_vmid_list: secure VMID = 37
01-01 00:00:00.301     0     0 I adsprpc : fastrpc_setup_service_locator: service location enabled for avs/audio (audio_pdr_adsprpc)
01-01 00:00:00.301     0     0 I adsprpc : fastrpc_setup_service_locator: service location enabled for tms/servreg (sensors_pdr_adsprpc)
01-01 00:00:00.301     0     0 I fastrpc soc: qcom,msm_fastrpc:qcom,msm_fastrpc_compute_cb1: Adding to iommu group 0
01-01 00:00:00.302     0     0 I fastrpc soc: qcom,msm_fastrpc:qcom,msm_fastrpc_compute_cb2: Adding to iommu group 1
01-01 00:00:00.303     0     0 I fastrpc soc: qcom,msm_fastrpc:qcom,msm_fastrpc_compute_cb3: Adding to iommu group 2
01-01 00:00:00.303     0     0 I fastrpc soc: qcom,msm_fastrpc:qcom,msm_fastrpc_compute_cb4: Adding to iommu group 3
01-01 00:00:00.304     0     0 I fastrpc soc: qcom,msm_fastrpc:qcom,msm_fastrpc_compute_cb5: Adding to iommu group 4
01-01 00:00:00.305     0     0 I fastrpc soc: qcom,msm_fastrpc:qcom,msm_fastrpc_compute_cb6: Adding to iommu group 5
01-01 00:00:00.305     0     0 I fastrpc soc: qcom,msm_fastrpc:qcom,msm_fastrpc_compute_cb9: Adding to iommu group 6
01-01 00:00:00.306     0     0 I fastrpc soc: qcom,msm_fastrpc:qcom,msm_fastrpc_compute_cb10: Adding to iommu group 7
01-01 00:00:00.306     0     0 I fastrpc soc: qcom,msm_fastrpc:qcom,msm_fastrpc_compute_cb11: Adding to iommu group 8
01-01 00:00:00.307     0     0 I fastrpc soc: qcom,msm_fastrpc:qcom,msm_fastrpc_compute_cb12: Adding to iommu group 9
01-01 00:00:00.308     0     0 I fastrpc soc: qcom,msm_fastrpc:qcom,msm_fastrpc_compute_cb13: Adding to iommu group 10
01-01 00:00:00.308     0     0 I adsprpc : fastrpc_device_init: SSR notifier registered for adsp
01-01 00:00:00.308     0     0 I adsprpc : fastrpc_device_init: SSR notifier registered for modem
01-01 00:00:00.308     0     0 I adsprpc : fastrpc_device_init: SSR notifier registered for slpi
01-01 00:00:00.308     0     0 I adsprpc : fastrpc_device_init: SSR notifier registered for cdsp
01-01 00:00:00.309     0     0 I iommu-debug soc: kgsl_iommu_test_device: Adding to iommu group 11
01-01 00:00:00.309     0     0 I iommu-debug soc: kgsl_iommu_coherent_test_device: Adding to iommu group 12
01-01 00:00:00.310     0     0 I iommu-debug soc: apps_iommu_test_device: Adding to iommu group 13
01-01 00:00:00.310     0     0 I iommu-debug soc: apps_iommu_coherent_test_device: Adding to iommu group 14
01-01 00:00:00.324     0     0 I brd     : module loaded
01-01 00:00:00.328     0     0 I loop    : module loaded
01-01 00:00:00.328     0     0 I zram    : Added device: zram0
01-01 00:00:00.328     0     0 I qseecom 86d00000.qseecom: assigned reserved memory node qseecom_region
01-01 00:00:00.329     0     0 I QSEECOM : qseecom_init_control: qseecom.qsee_version = 0x1400000
01-01 00:00:00.329     0     0 W QSEECOM : qseecom_retrieve_ce_data: Device does not support PFE
01-01 00:00:00.329     0     0 E boot-info: dt property bootinfo does not exist
01-01 00:00:00.330     0     0 E spi_geni 62688000.spi: Error geni_se_resources_init
01-01 00:00:00.330     0     0 I libphy  : Fixed MDIO Bus: probed
01-01 00:00:00.331     0     0 I tun     : Universal TUN/TAP device driver, 1.6
01-01 00:00:00.331     0     0 I         : CAN device driver interface
01-01 00:00:00.331     0     0 I qcom-ethqos 20000.qcom,ethernet: IRQ eth_wake_irq not found
01-01 00:00:00.331     0     0 W irq     : type mismatch, failed to map hwirq-732 for interrupt-controller@17a00000!
01-01 00:00:00.331     0     0 I qcom-ethqos 20000.qcom,ethernet: IRQ eth_lpi not found
01-01 00:00:00.332     0     0 I qcom-ethqos 20000.qcom,ethernet: no reset control found
01-01 00:00:00.332     0     0 I qcom-ethqos 20000.qcom,ethernet: ethqos_emb_smmu: Adding to iommu group 15
01-01 00:00:00.333     0     0 I qcom-ethqos emac_emb_smmu_cb_probe: 1080 Successfully attached to IOMMU
01-01 00:00:00.333     0     0 I qcom-ethqos 20000.qcom,ethernet: User ID: 0x10, Synopsys ID: 0x50
01-01 00:00:00.333     0     0 I qcom-ethqos 20000.qcom,ethernet: DWMAC4/5
01-01 00:00:00.333     0     0 I qcom-ethqos 20000.qcom,ethernet: DMA HW capability register supported
01-01 00:00:00.333     0     0 I qcom-ethqos 20000.qcom,ethernet: RX Checksum Offload Engine supported
01-01 00:00:00.333     0     0 I qcom-ethqos 20000.qcom,ethernet: TX Checksum insertion supported
01-01 00:00:00.333     0     0 I qcom-ethqos 20000.qcom,ethernet: TSO supported
01-01 00:00:00.333     0     0 I qcom-ethqos 20000.qcom,ethernet: Enable RX Mitigation via HW Watchdog Timer
01-01 00:00:00.333     0     0 I qcom-ethqos 20000.qcom,ethernet: device MAC address 62:fb:a0:90:b3:ad
01-01 00:00:00.333     0     0 I qcom-ethqos 20000.qcom,ethernet: TSO feature enabled
01-01 00:00:00.424     0     0 I libphy  : stmmac: probed
01-01 00:00:00.425     0     0 W q1110   : trying 88Q1110 device match, device_id=0x002b0b21!
01-01 00:00:00.426     0     0 I gpiochip0: (3000000.pinctrl): allocate IRQ 189, hwirq 105
01-01 00:00:00.426     0     0 I gpiochip0: (3000000.pinctrl): found parent hwirq 96
01-01 00:00:00.426     0     0 I gpiochip0: (3000000.pinctrl): alloc_irqs_parent for 189 parent hwirq 96
01-01 00:00:00.427     0     0 I         : PPP generic driver version 2.4.2
01-01 00:00:00.427     0     0 I         : PPP BSD Compression module registered
01-01 00:00:00.427     0     0 I         : PPP Deflate Compression module registered
01-01 00:00:00.427     0     0 I         : PPP MPPE Compression module registered
01-01 00:00:00.427     0     0 I NET     : Registered protocol family 24
01-01 00:00:00.427     0     0 I         : PPTP driver version 0.8.5
01-01 00:00:00.427     0     0 I CLD80211: Initializing
01-01 00:00:00.427     0     0 I usbcore : registered new interface driver r8152
01-01 00:00:00.427     0     0 I usbcore : registered new interface driver asix
01-01 00:00:00.427     0     0 I usbcore : registered new interface driver ax88179_178a
01-01 00:00:00.427     0     0 I usbcore : registered new interface driver cdc_ether
01-01 00:00:00.427     0     0 I usbcore : registered new interface driver cdc_subset
01-01 00:00:00.427     0     0 I usbcore : registered new interface driver cdc_ncm
01-01 00:00:00.428     0     0 W msm-qusb-phy 88e2000.qusb: 88e2000.qusb supply USB3_GDSC not found, using dummy regulator
01-01 00:00:00.429     0     0 W msm-qusb-phy 88e3000.qusb: 88e3000.qusb supply USB3_GDSC not found, using dummy regulator
01-01 00:00:00.430     0     0 I msm-dwc3 a600000.ssusb: Adding to iommu group 16
01-01 00:00:00.430     0     0 E msm-dwc3 a600000.ssusb: IRQ hs_phy_irq not found
01-01 00:00:00.431     0     0 E msm-dwc3 a600000.ssusb: IRQ dp_hs_phy_irq1 not found
01-01 00:00:00.431     0     0 E msm-dwc3 a600000.ssusb: IRQ dm_hs_phy_irq1 not found
01-01 00:00:00.431     0     0 E msm-dwc3 a600000.ssusb: IRQ ss_phy_irq1 not found
01-01 00:00:00.431     0     0 I dwc3 a600000.dwc3: changing max_speed on rev 00000000
01-01 00:00:00.432     0     0 E msm-dwc3 a600000.ssusb: Nominal values not found.
01-01 00:00:00.432     0     0 E msm-dwc3 a600000.ssusb: Dynamic voting failed
01-01 00:00:00.433     0     0 I DUALROLE_HUB: dual_role_hub_register: num_of_ports: 1
01-01 00:00:00.433     0     0 E dual_role_usb 4-1: driver failed to report `mode' property: -1
01-01 00:00:00.433     0     0 E dual_role_usb 4-1: driver failed to report `mode' property: -1
01-01 00:00:00.433     0     0 I DUALROLE_HUB: port register success: 4-1
01-01 00:00:00.433     0     0 I DWC3_DRD: DWC3 USB hub registered with usb dual role class
01-01 00:00:00.433     0     0 I msm-dwc3 a800000.hsusb: Adding to iommu group 17
01-01 00:00:00.433     0     0 E msm-dwc3 a800000.hsusb: IRQ hs_phy_irq not found
01-01 00:00:00.433     0     0 E msm-dwc3 a800000.hsusb: IRQ ss_phy_irq not found
01-01 00:00:00.433     0     0 E msm-dwc3 a800000.hsusb: IRQ dp_hs_phy_irq1 not found
01-01 00:00:00.433     0     0 E msm-dwc3 a800000.hsusb: IRQ dm_hs_phy_irq1 not found
01-01 00:00:00.433     0     0 E msm-dwc3 a800000.hsusb: IRQ ss_phy_irq1 not found
01-01 00:00:00.434     0     0 I dwc3 a800000.dwc3: changing max_speed on rev 00000000
01-01 00:00:00.435     0     0 E msm-dwc3 a800000.hsusb: Nominal values not found.
01-01 00:00:00.435     0     0 E msm-dwc3 a800000.hsusb: Dynamic voting failed
01-01 00:00:00.435     0     0 I DUALROLE_HUB: dual_role_hub_register: num_of_ports: 1
01-01 00:00:00.435     0     0 E dual_role_usb 1-1: driver failed to report `mode' property: -1
01-01 00:00:00.435     0     0 E dual_role_usb 1-1: driver failed to report `mode' property: -1
01-01 00:00:00.435     0     0 I DUALROLE_HUB: port register success: 1-1
01-01 00:00:00.435     0     0 I DWC3_DRD: DWC3 USB hub registered with usb dual role class
01-01 00:00:00.435     0     0 I ehci_hcd: USB 2.0 'Enhanced' Host Controller (EHCI) Driver
01-01 00:00:00.435     0     0 I ehci-pci: EHCI PCI platform driver
01-01 00:00:00.435     0     0 I ehci-platform: EHCI generic platform driver
01-01 00:00:00.435     0     0 I ohci_hcd: USB 1.1 'Open' Host Controller (OHCI) Driver
01-01 00:00:00.435     0     0 I ohci-pci: OHCI PCI platform driver
01-01 00:00:00.436     0     0 I usbcore : registered new interface driver cdc_acm
01-01 00:00:00.436     0     0 I cdc_acm : USB Abstract Control Model driver for USB modems and ISDN adapters
01-01 00:00:00.436     0     0 I usbcore : registered new interface driver uas
01-01 00:00:00.436     0     0 I usbcore : registered new interface driver usb-storage
01-01 00:00:00.436     0     0 I usbcore : registered new interface driver usb_ehset_test
01-01 00:00:00.436     0     0 I usbcore : registered new interface driver lvs
01-01 00:00:00.436     0     0 I dummy_hcd.0: USB Host+Gadget Emulator, driver 02 May 2005
01-01 00:00:00.436     0     0 I dummy_hcd.0: Dummy host controller
01-01 00:00:00.436     0     0 I dummy_hcd.0: new USB bus registered, assigned bus number 1
01-01 00:00:00.436     0     0 I usb1    : New USB device found, idVendor=1d6b, idProduct=0002, bcdDevice= 5.04
01-01 00:00:00.436     0     0 I usb1    : New USB device strings: Mfr=3, Product=2, SerialNumber=1
01-01 00:00:00.436     0     0 I usb1    : Product: Dummy host controller
01-01 00:00:00.436     0     0 I usb1    : Manufacturer: Linux 5.4.61-qgki-debug+ dummy_hcd
01-01 00:00:00.436     0     0 I usb1    : SerialNumber: dummy_hcd.0
01-01 00:00:00.436     0     0 I hub 1-0 : 1.0: USB hub found
01-01 00:00:00.436     0     0 I hub 1-0 : 1.0: 1 port detected
01-01 00:00:00.437     0     0 I msm-dwc3 a600000.ssusb: DWC3 exited from low power mode
01-01 00:00:00.437     0     0 I usbcore : registered new interface driver xpad
01-01 00:00:00.437     0     0 I         : [HXTP] himax_hx83192_init
01-01 00:00:00.437     0     0 I [HXTP] himax_hx83192_probe: Enter
01-01 00:00:00.437     0     0 I         : [HXTP] Himax common touch panel driver init
01-01 00:00:00.437     0     0 E rtc-pm8xxx c440000.qcom,spmi: qcom,pm6155@0:qcom,pm6155_1_rtc: IRQ index 0 not found
01-01 00:00:00.437     0     0 I         : i2c /dev entries driver
01-01 00:00:00.437     0     0 E i2c_geni 88c000.i2c: geni_se_resources_init
01-01 00:00:00.437     0     0 I msm-dwc3 a800000.hsusb: DWC3 exited from low power mode
01-01 00:00:00.437     0     0 E i2c_geni a84000.i2c: geni_se_resources_init
01-01 00:00:00.438     0     0 I usbcore : registered new interface driver uvcvideo
01-01 00:00:00.438     0     0 I         : USB Video Class driver (1.1.1)
01-01 00:00:00.438     0     0 I gspca_main: v2.14.0 registered
01-01 00:00:00.438     0     0 I xhci-hcd.0.auto: xHCI Host Controller
01-01 00:00:00.438     0     0 I xhci-hcd.0.auto: new USB bus registered, assigned bus number 2
01-01 00:00:00.438     0     0 E spmi-temp-alarm c440000.qcom,spmi: qcom,pm6155@0:qcom,temp-alarm@2400: failed to register sensor
01-01 00:00:00.438     0     0 I xhci-hcd.0.auto: hcc params 0x0220fe65 hci version 0x110 quirks 0x0000000000010010
01-01 00:00:00.438     0     0 I xhci-hcd.0.auto: irq 192, io mem 0x0a800000
01-01 00:00:00.438     0     0 I device-mapper: uevent: version 1.0.3
01-01 00:00:00.438     0     0 I device-mapper: ioctl: 4.41.0-ioctl (2019-09-16) initialised: dm-devel@redhat.com
01-01 00:00:00.439     0     0 I usb2    : New USB device found, idVendor=1d6b, idProduct=0002, bcdDevice= 5.04
01-01 00:00:00.439     0     0 I usb2    : New USB device strings: Mfr=3, Product=2, SerialNumber=1
01-01 00:00:00.439     0     0 I usb2    : Product: xHCI Host Controller
01-01 00:00:00.439     0     0 I usb2    : Manufacturer: Linux 5.4.61-qgki-debug+ xhci-hcd
01-01 00:00:00.439     0     0 I usb2    : SerialNumber: xhci-hcd.0.auto
01-01 00:00:00.439     0     0 I device-mapper: verity-avb: AVB error handler initialized with vbmeta device: PARTUUID=1a13eb50-6d9d-4160-fe1c-11a6c0502e72
01-01 00:00:00.439     0     0 I Bluetooth: HCI UART driver ver 2.3
01-01 00:00:00.439     0     0 I Bluetooth: HCI UART protocol H4 registered
01-01 00:00:00.439     0     0 I Bluetooth: HCI UART protocol LL registered
01-01 00:00:00.439     0     0 I Bluetooth: HCI UART protocol Broadcom registered
01-01 00:00:00.439     0     0 I Bluetooth: HCI UART protocol QCA registered
01-01 00:00:00.439     0     0 I hub 2-0 : 1.0: USB hub found
01-01 00:00:00.439     0     0 I hub 2-0 : 1.0: 1 port detected
01-01 00:00:00.439     0     0 I cpuidle : using governor qcom
01-01 00:00:00.439     0     0 I xhci-hcd.0.auto: xHCI Host Controller
01-01 00:00:00.439     0     0 I xhci-hcd.0.auto: new USB bus registered, assigned bus number 3
01-01 00:00:00.439     0     0 I xhci-hcd.0.auto: Host supports USB 3.0 SuperSpeed
01-01 00:00:00.440     0     0 I usb3    : We don't know the algorithms for LPM for this host, disabling LPM.
01-01 00:00:00.440     0     0 I usb3    : New USB device found, idVendor=1d6b, idProduct=0003, bcdDevice= 5.04
01-01 00:00:00.440     0     0 I usb3    : New USB device strings: Mfr=3, Product=2, SerialNumber=1
01-01 00:00:00.440     0     0 I usb3    : Product: xHCI Host Controller
01-01 00:00:00.440     0     0 I usb3    : Manufacturer: Linux 5.4.61-qgki-debug+ xhci-hcd
01-01 00:00:00.440     0     0 I usb3    : SerialNumber: xhci-hcd.0.auto
01-01 00:00:00.440     0     0 I hub 3-0 : 1.0: USB hub found
01-01 00:00:00.440     0     0 E hub 3-0 : 1.0: config failed, hub doesn't have any ports! (err -19)
01-01 00:00:00.441     0     0 I sdhci   : Secure Digital Host Controller Interface driver
01-01 00:00:00.441     0     0 I sdhci   : Copyright(c) Pierre Ossman
01-01 00:00:00.441     0     0 I sdhci-pltfm: SDHCI platform and OF driver helper
01-01 00:00:00.441     0     0 I hidraw  : raw HID events driver (C) Jiri Kosina
01-01 00:00:00.441     0     0 E sdhci_msm 7c4000.sdhci: get slot index failed 0
01-01 00:00:00.441     0     0 E sdhci_msm 7c4000.sdhci: core_reset unavailable,err = -2
01-01 00:00:00.441     0     0 E sdhci_msm 8804000.sdhci: core_reset unavailable,err = -2
01-01 00:00:00.441     0     0 W sdhci_msm 8804000.sdhci: TCXO clk not present (-2)
01-01 00:00:00.441     0     0 W sdhci_msm 7c4000.sdhci: TCXO clk not present (-2)
01-01 00:00:00.441     0     0 I usbcore : registered new interface driver usbhid
01-01 00:00:00.441     0     0 I usbhid  : USB HID core driver
01-01 00:00:00.442     0     0 I ashmem  : initialized
01-01 00:00:00.442     0     0 I usb_bam_init: setting SPS_BAM_SMMU_EN flag with (a704000.qcom,usbbam)
01-01 00:00:00.442     0     0 I sps_register_bam_device: sps:BAM 0x000000000a704000 is registered
01-01 00:00:00.442     0     0 E cqhci_crypto_qti_init_crypto: Either no entry in dtsi or no memory available for IORESOURCE
01-01 00:00:00.442     0     0 I mmc0    : CQHCI version 5.10
01-01 00:00:00.443     0     0 I gnss    : GNSS driver registered with major 499
01-01 00:00:00.444     0     0 I usbcore : registered new interface driver snd-usb-audio
01-01 00:00:00.445     0     0 I msm_cam_smmu soc: qcom,cam_smmu:msm_cam_smmu_ife: Adding to iommu group 18
01-01 00:00:00.446     0     0 I msm_cam_smmu soc: qcom,cam_smmu:msm_cam_smmu_lrme: Adding to iommu group 19
01-01 00:00:00.446     0     0 I msm_cam_smmu soc: qcom,cam_smmu:msm_cam_smmu_jpeg: Adding to iommu group 20
01-01 00:00:00.447     0     0 I msm_cam_smmu soc: qcom,cam_smmu:msm_cam_smmu_icp: Adding to iommu group 21
01-01 00:00:00.447     0     0 I msm_cam_smmu soc: qcom,cam_smmu:msm_cam_smmu_cpas_cdm: Adding to iommu group 22
01-01 00:00:00.448     0     0 I msm_cam_smmu soc: qcom,cam_smmu:msm_cam_smmu_ife_cp: Adding to iommu group 23
01-01 00:00:00.452     0     0 I CAM_INFO: CAM-CPAS: cam_cpas_hw_start: 1093 AXI client=[13][cpas-cdm][0] comp[1024], comp_ab[1024], uncomp[1024]
01-01 00:00:00.453     0     0 I CAM_INFO: CAM-ISP: ais_ife_csid_probe: 37 probe called
01-01 00:00:00.453     0     0 I CAM_INFO: CAM-ISP: ais_ife_csid_probe: 68 CSID0 probe called
01-01 00:00:00.453     0     0 I CAM_INFO: CAM-ISP: ais_ife_csid_probe: 94 CSID:0 probe successful
01-01 00:00:00.453     0     0 I CAM_INFO: CAM-ISP: ais_ife_csid_probe: 37 probe called
01-01 00:00:00.453     0     0 I CAM_INFO: CAM-ISP: ais_ife_csid_probe: 68 CSID1 probe called
01-01 00:00:00.453     0     0 I CAM_INFO: CAM-ISP: ais_ife_csid_probe: 94 CSID:1 probe successful
01-01 00:00:00.453     0     0 I CAM_INFO: CAM-ISP: ais_ife_csid_probe: 37 probe called
01-01 00:00:00.453     0     0 I CAM_INFO: CAM-ISP: ais_ife_csid_probe: 68 CSID2 probe called
01-01 00:00:00.454     0     0 I CAM_INFO: CAM-ISP: ais_ife_csid_probe: 94 CSID:2 probe successful
01-01 00:00:00.454     0     0 I CAM_INFO: CAM-ISP: ais_vfe_probe: 36 Probe called
01-01 00:00:00.454     0     0 I CAM_INFO: CAM-ISP: ais_vfe_probe: 74 Probe called for VFE0
01-01 00:00:00.454     0     0 I CAM_INFO: CAM-CPAS: cam_cpas_hw_start: 1093 AXI client=[7][ife][0] comp[10640000000], comp_ab[10640000000], uncomp[10640000000]
01-01 00:00:00.455     0     0 I CAM_INFO: CAM-ISP: ais_vfe_probe: 36 Probe called
01-01 00:00:00.455     0     0 I CAM_INFO: CAM-ISP: ais_vfe_probe: 74 Probe called for VFE1
01-01 00:00:00.455     0     0 I CAM_INFO: CAM-CPAS: cam_cpas_hw_start: 1093 AXI client=[8][ife][1] comp[10640000000], comp_ab[10640000000], uncomp[10640000000]
01-01 00:00:00.456     0     0 I CAM_INFO: CAM-ISP: ais_vfe_probe: 36 Probe called
01-01 00:00:00.456     0     0 I CAM_INFO: CAM-ISP: ais_vfe_probe: 74 Probe called for VFE2
01-01 00:00:00.456     0     0 E CAM_ERR : CAM-UTIL: cam_soc_util_get_option_clk_by_name: 548 No clk named ife_dsp_clk found. Dev vfe2
01-01 00:00:00.456     0     0 I CAM_INFO: CAM-ISP: ais_vfe_init_soc_resources: 110 Option clk get failed with rc -14
01-01 00:00:00.456     0     0 I CAM_INFO: CAM-CPAS: cam_cpas_hw_start: 1093 AXI client=[9][ife][2] comp[10640000000], comp_ab[10640000000], uncomp[10640000000]
01-01 00:00:00.457     0     0 I CAM_INFO: CAM-ISP: ais_ife_dev_probe: 604 IFE0 probe complete
01-01 00:00:00.457     0     0 I CAM_INFO: CAM-ISP: ais_ife_dev_probe: 604 IFE1 probe complete
01-01 00:00:00.457     0     0 I CAM_INFO: CAM-ISP: ais_ife_dev_probe: 604 IFE2 probe complete
01-01 00:00:00.458     0     0 I CAM_INFO: CAM: cam_res_mgr_probe: 689 Disable shared gpio support.
01-01 00:00:00.459     0     0 I CAM_INFO: CAM-CCI: cam_cci_platform_probe: 432 Probe CCI 0
01-01 00:00:00.463     0     0 I CAM_INFO: CAM-JPEG: cam_jpeg_dev_probe: 170 Camera JPEG probe complete
01-01 00:00:00.464     0     0 W dsi_phy ae94400.qcom,mdss_dsi_phy0: ae94400.qcom,mdss_dsi_phy0 supply gdsc not found, using dummy regulator
01-01 00:00:00.464     0     0 I msm-dsi-phy: [dsi_phy_driver_probe] Probe successful for dsi-phy-0
01-01 00:00:00.466     0     0 I msmdrm_smmu soc: qcom,smmu_sde_sec_cb: Adding to iommu group 24
01-01 00:00:00.466     0     0 I         : [drm] probing device qcom,smmu_sde_sec
01-01 00:00:00.466     0     0 I         : [drm] Created domain mdp_s, secure=1
01-01 00:00:00.466     0     0 I msmdrm_smmu soc: qcom,smmu_sde_unsec_cb: Adding to iommu group 25
01-01 00:00:00.466     0     0 I         : [drm] probing device qcom,smmu_sde_unsec
01-01 00:00:00.466     0     0 I         : [drm] Created domain mdp_ns, secure=0
01-01 00:00:00.467     0     0 I msm_vidc: err : ffffffff: .....: read_platform_resources_from_dt: failed to load fw name, rc -22, using default fw
01-01 00:00:00.467     0     0 I msm_vidc: err : ffffffff: .....: no device Registered
01-01 00:00:00.468     0     0 I msm_vidc_v4l2 aa00000.qcom,vidc: non_secure_cb: Adding to iommu group 26
01-01 00:00:00.469     0     0 I msm_vidc_v4l2 aa00000.qcom,vidc: secure_bitstream_cb: Adding to iommu group 27
01-01 00:00:00.470     0     0 I msm_vidc_v4l2 aa00000.qcom,vidc: secure_pixel_cb: Adding to iommu group 28
01-01 00:00:00.471     0     0 I msm_vidc_v4l2 aa00000.qcom,vidc: secure_non_pixel_cb: Adding to iommu group 29
01-01 00:00:00.472     0     0 I         : u32 classifier
01-01 00:00:00.472     0     0 I         : input device check on
01-01 00:00:00.472     0     0 I         : Actions configured
01-01 00:00:00.472     0     0 I xt_time : kernel timezone is -0000
01-01 00:00:00.472     0     0 I ipip    : IPv4 and MPLS over IPv4 tunneling driver
01-01 00:00:00.472     0     0 I gre     : GRE over IPv4 demultiplexor driver
01-01 00:00:00.472     0     0 I ip_gre  : GRE over IPv4 tunneling driver
01-01 00:00:00.473     0     0 I         : IPv4 over IPsec tunneling driver
01-01 00:00:00.473     0     0 I         : Initializing XFRM netlink socket
01-01 00:00:00.473     0     0 I         : IPsec XFRM device driver
01-01 00:00:00.473     0     0 I NET     : Registered protocol family 10
01-01 00:00:00.474     0     0 I         : Segment Routing with IPv6
01-01 00:00:00.474     0     0 I mip6    : Mobile IPv6
01-01 00:00:00.474     0     0 I sit     : IPv6, IPv4 and MPLS over IPv4 tunneling driver
01-01 00:00:00.474     0     0 I ip6_gre : GRE over IPv6 tunneling driver
01-01 00:00:00.474     0     0 I NET     : Registered protocol family 17
01-01 00:00:00.474     0     0 I NET     : Registered protocol family 15
01-01 00:00:00.474     0     0 I can     : controller area network core (rev 20170425 abi 9)
01-01 00:00:00.474     0     0 I NET     : Registered protocol family 29
01-01 00:00:00.474     0     0 I can     : raw protocol (rev 20170425)
01-01 00:00:00.474     0     0 I can     : broadcast manager protocol (rev 20170425 t)
01-01 00:00:00.474     0     0 I can     : netlink gateway (rev 20190810) max_hops=1
01-01 00:00:00.475     0     0 I Bluetooth: RFCOMM TTY layer initialized
01-01 00:00:00.475     0     0 I Bluetooth: RFCOMM socket layer initialized
01-01 00:00:00.475     0     0 I Bluetooth: RFCOMM ver 1.11
01-01 00:00:00.475     0     0 I Bluetooth: HIDP (Human Interface Emulation) ver 1.2
01-01 00:00:00.475     0     0 I Bluetooth: HIDP socket layer initialized
01-01 00:00:00.475     0     0 I l2tp_core: L2TP core driver, V2.0
01-01 00:00:00.475     0     0 I l2tp_ppp: PPPoL2TP kernel driver, V2.0
01-01 00:00:00.475     0     0 I tipc    : Activated (version 2.0.0)
01-01 00:00:00.475     0     0 I NET     : Registered protocol family 30
01-01 00:00:00.475     0     0 I tipc    : Started in single node mode
01-01 00:00:00.475     0     0 I mmc1    : SDHCI controller on 8804000.sdhci [8804000.sdhci] using ADMA 64-bit
01-01 00:00:00.475     0     0 I         : registered taskstats version 1
01-01 00:00:00.475     0     0 I         : Loading compiled-in X.509 certificates
01-01 00:00:00.475     0     0 I         : Key type ._fscrypt registered
01-01 00:00:00.475     0     0 I         : Key type .fscrypt registered
01-01 00:00:00.475     0     0 I         : Key type fscrypt-provisioning registered
01-01 00:00:00.475     0     0 I mmc0    : SDHCI controller on 7c4000.sdhci [7c4000.sdhci] using ADMA 64-bit
01-01 00:00:00.475     0     0 I sdhci_msm 7c4000.sdhci: mmc0: CQE init: success
01-01 00:00:00.483     0     0 I qupv3_geni_se 8c0000.qcom,qupv3_0_geni_se: Adding to iommu group 30
01-01 00:00:00.484     0     0 I qupv3_geni_se ac0000.qcom,qupv3_1_geni_se: Adding to iommu group 31
01-01 00:00:00.485     0     0 I qupv3_geni_se 626c0000.qcom,qupv3_2_geni_se: Adding to iommu group 32
01-01 00:00:00.485     0     0 E msm_geni_serial 880000.qcom,qup_uart: IRQ index 1 not found
01-01 00:00:00.485     0     0 I msm_geni_serial 880000.qcom,qup_uart: Serial port0 added.FifoSize 64 is_console1
01-01 00:00:00.485     0     0 I 880000.qcom,qup_uart: ttyMSM0 at MMIO 0x880000 (irq = 31, base_baud = 0) is a MSM
01-01 00:00:00.549     0     0 I mmc0    : Command Queue Engine enabled
01-01 00:00:00.549     0     0 I mmc0    : new HS400 Enhanced strobe MMC card at address 0001
01-01 00:00:00.549     0     0 I mmcblk0 : mmc0:0001 AGUF4R 14.6 GiB
01-01 00:00:00.550     0     0 I mmcblk0boot0: mmc0:0001 AGUF4R partition 1 31.9 MiB
01-01 00:00:00.550     0     0 I mmcblk0boot1: mmc0:0001 AGUF4R partition 2 31.9 MiB
01-01 00:00:00.550     0     0 I mmcblk0rpmb: mmc0:0001 AGUF4R partition 3 4.00 MiB, chardev (503:0)
01-01 00:00:00.552     0     0 I mmcblk0 : p1 p2 p3 p4 p5 p6 p7 p8 p9 p10 p11 p12 p13 p14 p15 p16 p17 p18 p19 p20 p21 p22 p23 p24 p25 p26 p27 p28 p29 p30 p31 p32 p33 p34 p35 p36 p37 p38 p39 p40 p41 p42 p43 p44 p45 p46 p47 p48 p49 p50 p51 p52 p53 p54 p55 p56 p57 p58 p59 p60 p61 p62 p63 p64 p65 p66 p67 p68 p69 p70 p71 p72 p73 p74 p75 p76 p77 p78 p79 p80 p81 p82
01-01 00:00:00.594     0     0 I printk  : console [ttyMSM0] enabled
01-01 00:00:00.594     0     0 I printk  : bootconsole [msm_geni_serial0] disabled
01-01 00:00:00.595     0     0 I i2c_geni 88c000.i2c: Bus frequency is set to 400000Hz.
01-01 00:00:00.595     0     0 I i2c_geni 88c000.i2c: I2C probed
01-01 00:00:00.596     0     0 I i2c_geni a84000.i2c: Bus frequency is set to 400000Hz.
01-01 00:00:00.596     0     0 I         : max96755 bridge probe
01-01 00:00:00.596     0     0 I [HXTP] himax_chip_common_probe: Enter
01-01 00:00:00.596     0     0 I         : [HXTP] Prepare kernel fp
01-01 00:00:00.601     0     0 I         : [HXTP] PDATA START
01-01 00:00:00.601     0     0 I         : [HXTP] ic_data START
01-01 00:00:00.601     0     0 I [HXTP]  DT-himax_parse_dt: panel-coords = 0, 1919, 0, 719
01-01 00:00:00.601     0     0 I [HXTP]  DT-himax_parse_dt: display-coords = (1920, 720)
01-01 00:00:00.601     0     0 I [HXTP]  DT: fail_det value is not valid
01-01 00:00:00.601     0     0 I [HXTP]  DT: gpio_pon value is not valid
01-01 00:00:00.601     0     0 I [HXTP]  DT: tp-rst value is not valid
01-01 00:00:00.601     0     0 I [HXTP]  DT: pdata->gpio_pon=-2, pdata->lcm_rst=-2
01-01 00:00:00.601     0     0 I [HXTP]  DT: gpio_3v3_en value is not valid
01-01 00:00:00.601     0     0 I [HXTP]  DT: gpio_irq=432, gpio_rst=447, gpio_3v3_en=-2
01-01 00:00:00.601     0     0 I [HXTP]  DT: fail_det=-2
01-01 00:00:00.601     0     0 I         : [HXTP]  DT-No vk info in DT
01-01 00:00:00.602     0     0 I gpiochip0: (3000000.pinctrl): allocate IRQ 193, hwirq 44
01-01 00:00:00.602     0     0 I gpiochip0: (3000000.pinctrl): found parent hwirq 4294967295
01-01 00:00:00.602     0     0 I gpiochip0: (3000000.pinctrl): alloc_irqs_parent for 193 parent hwirq -1
01-01 00:00:00.602     0     0 I         : [HXTP] fail_det not provided
01-01 00:00:01.472     0     0 I [HXTP] himax_get_ksym_idx: symtable size: 1
01-01 00:00:01.472     0     0 I [HXTP] himax_mcu_in_cmd_struct_init: Entering!
01-01 00:00:01.472     0     0 I [HXTP] himax_mcu_in_cmd_init: Entering!
01-01 00:00:01.472     0     0 E i2c_geni a84000.i2c: i2c error :-107
01-01 00:00:01.472     0     0 I chatty  : uid=0(root) logd identical 1 line
01-01 00:00:01.472     0     0 E i2c_geni a84000.i2c: i2c error :-107
01-01 00:00:01.472     0     0 E [HXTP][ERROR] himax_bus_write: i2c_write_block retry over 3
01-01 00:00:01.472     0     0 E [HXTP][ERROR] himax_mcu_burst_enable: i2c access fail!
01-01 00:00:01.472     0     0 E i2c_geni a84000.i2c: i2c error :-107
01-01 00:00:01.472     0     0 I chatty  : uid=0(root) logd identical 1 line
01-01 00:00:01.472     0     0 E i2c_geni a84000.i2c: i2c error :-107
01-01 00:00:01.472     0     0 E [HXTP][ERROR] himax_bus_write: i2c_write_block retry over 3
01-01 00:00:01.472     0     0 E [HXTP][ERROR] himax_mcu_register_read: i2c access fail!
01-01 00:00:01.472     0     0 I [HXTP] hx83192_chip_detect: Read driver IC ID = 0,0,0
01-01 00:00:01.472     0     0 E i2c_geni a84000.i2c: i2c error :-107
01-01 00:00:01.472     0     0 I chatty  : uid=0(root) logd identical 1 line
01-01 00:00:01.473     0     0 E i2c_geni a84000.i2c: i2c error :-107
01-01 00:00:01.473     0     0 E [HXTP][ERROR] himax_bus_write: i2c_write_block retry over 3
01-01 00:00:01.473     0     0 E [HXTP][ERROR] himax_mcu_burst_enable: i2c access fail!
01-01 00:00:01.473     0     0 E i2c_geni a84000.i2c: i2c error :-107
01-01 00:00:01.473     0     0 I chatty  : uid=0(root) logd identical 1 line
01-01 00:00:01.473     0     0 E i2c_geni a84000.i2c: i2c error :-107
01-01 00:00:01.473     0     0 E [HXTP][ERROR] himax_bus_write: i2c_write_block retry over 3
01-01 00:00:01.473     0     0 E [HXTP][ERROR] himax_mcu_register_read: i2c access fail!
01-01 00:00:01.473     0     0 I [HXTP] hx83192_chip_detect: Read driver IC ID = 0,0,0
01-01 00:00:01.473     0     0 E i2c_geni a84000.i2c: i2c error :-107
01-01 00:00:01.473     0     0 I chatty  : uid=0(root) logd identical 1 line
01-01 00:00:01.473     0     0 E i2c_geni a84000.i2c: i2c error :-107
01-01 00:00:01.473     0     0 E [HXTP][ERROR] himax_bus_write: i2c_write_block retry over 3
01-01 00:00:01.473     0     0 E [HXTP][ERROR] himax_mcu_burst_enable: i2c access fail!
01-01 00:00:01.473     0     0 E i2c_geni a84000.i2c: i2c error :-107
01-01 00:00:01.473     0     0 I chatty  : uid=0(root) logd identical 1 line
01-01 00:00:01.474     0     0 E i2c_geni a84000.i2c: i2c error :-107
01-01 00:00:01.474     0     0 E [HXTP][ERROR] himax_bus_write: i2c_write_block retry over 3
01-01 00:00:01.474     0     0 E [HXTP][ERROR] himax_mcu_register_read: i2c access fail!
01-01 00:00:01.474     0     0 I [HXTP] hx83192_chip_detect: Read driver IC ID = 0,0,0
01-01 00:00:01.474     0     0 E i2c_geni a84000.i2c: i2c error :-107
01-01 00:00:01.474     0     0 I chatty  : uid=0(root) logd identical 1 line
01-01 00:00:01.474     0     0 E i2c_geni a84000.i2c: i2c error :-107
01-01 00:00:01.474     0     0 E [HXTP][ERROR] himax_bus_write: i2c_write_block retry over 3
01-01 00:00:01.474     0     0 E [HXTP][ERROR] himax_mcu_burst_enable: i2c access fail!
01-01 00:00:01.474     0     0 E i2c_geni a84000.i2c: i2c error :-107
01-01 00:00:01.474     0     0 I chatty  : uid=0(root) logd identical 1 line
01-01 00:00:01.474     0     0 E i2c_geni a84000.i2c: i2c error :-107
01-01 00:00:01.474     0     0 E [HXTP][ERROR] himax_bus_write: i2c_write_block retry over 3
01-01 00:00:01.474     0     0 E [HXTP][ERROR] himax_mcu_register_read: i2c access fail!
01-01 00:00:01.474     0     0 I [HXTP] hx83192_chip_detect: Read driver IC ID = 0,0,0
01-01 00:00:01.474     0     0 E i2c_geni a84000.i2c: i2c error :-107
01-01 00:00:01.474     0     0 I chatty  : uid=0(root) logd identical 1 line
01-01 00:00:01.475     0     0 E i2c_geni a84000.i2c: i2c error :-107
01-01 00:00:01.475     0     0 E [HXTP][ERROR] himax_bus_write: i2c_write_block retry over 3
01-01 00:00:01.475     0     0 E [HXTP][ERROR] himax_mcu_burst_enable: i2c access fail!
01-01 00:00:01.475     0     0 E i2c_geni a84000.i2c: i2c error :-107
01-01 00:00:01.475     0     0 I chatty  : uid=0(root) logd identical 1 line
01-01 00:00:01.475     0     0 E i2c_geni a84000.i2c: i2c error :-107
01-01 00:00:01.475     0     0 E [HXTP][ERROR] himax_bus_write: i2c_write_block retry over 3
01-01 00:00:01.475     0     0 E [HXTP][ERROR] himax_mcu_register_read: i2c access fail!
01-01 00:00:01.475     0     0 I [HXTP] hx83192_chip_detect: Read driver IC ID = 0,0,0
01-01 00:00:01.475     0     0 E [HXTP][ERROR] hx83192_chip_detect: Read driver ID register Fail:
01-01 00:00:01.475     0     0 E         : [HXTP][ERROR] Could NOT find Himax Chipset
01-01 00:00:01.475     0     0 E         : [HXTP][ERROR] Please check 1.VCCD,VCCA,VSP,VSN
01-01 00:00:01.475     0     0 E         : [HXTP][ERROR] 2.LCM_RST,TP_RST
01-01 00:00:01.475     0     0 E         : [HXTP][ERROR] 3.Power On Sequence
01-01 00:00:01.475     0     0 I [HXTP] himax_chip_common_init: num=0,chip NOT found! go Next
01-01 00:00:01.475     0     0 E [HXTP][ERROR] himax_chip_common_init: chip detect failed!
01-01 00:00:01.475     0     0 W himax_tp: probe of 9-0048 failed with error -9
01-01 00:00:01.475     0     0 I         : [touch]raydium_ts_probe 1478
01-01 00:00:01.475     0     0 I         : [touch]pdata->x_min=0 pdata->y_min=0 pdata->x_max=1920 pdata->y_max=720
01-01 00:00:01.475     0     0 I         : [touch]pdata->reset_gpio=447
01-01 00:00:01.475     0     0 I         : [touch]pdata->irq_gpio=432
01-01 00:00:01.475     0     0 I         : [touch]pdata->hard_rst_dly=500
01-01 00:00:01.475     0     0 I         : [touch]pdata->soft_rst_dly=500
01-01 00:00:01.475     0     0 I         : [touch]pdata->num_max_touches=10
01-01 00:00:01.475     0     0 I         : [touch]x_max=1919, y_max=719, soft_rst_dly=500, irq_asil_gpio=0, irq_asil=0
01-01 00:00:01.475     0     0 E i2c_geni a84000.i2c: i2c error :-107
01-01 00:00:01.475     0     0 E [touch]raydium_i2c_pda_set_address: I2C retry 1
01-01 00:00:01.477     0     0 E i2c_geni a84000.i2c: i2c error :-107
01-01 00:00:01.477     0     0 E [touch]raydium_i2c_pda_set_address: I2C retry 2
01-01 00:00:01.478     0     0 E i2c_geni a84000.i2c: i2c error :-107
01-01 00:00:01.478     0     0 E [touch]raydium_i2c_pda_set_address: I2C retry 3
01-01 00:00:01.480     0     0 E i2c_geni a84000.i2c: i2c error :-107
01-01 00:00:01.480     0     0 E [touch]raydium_i2c_pda_set_address: I2C retry 4
01-01 00:00:01.482     0     0 E i2c_geni a84000.i2c: i2c error :-107
01-01 00:00:01.482     0     0 E [touch]raydium_i2c_pda_set_address: I2C retry 5
01-01 00:00:01.483     0     0 I         : [touch]set abs prarams x[1919], y[719]
01-01 00:00:01.483     0     0 I input   : raydium_ts as /devices/platform/soc/a84000.i2c/i2c-9/9-0039/input/input1
01-01 00:00:01.483     0     0 I         : [touch]create raydium sysfs attr_group successful
01-01 00:00:01.483     0     0 I [touch]irq_gpio: 432, client irq:432, pdata flags:0
01-01 00:00:01.483     0     0 I [touch]ts->irq: 193
01-01 00:00:01.483     0     0 W genirq  : irq_chip msmgpio did not update eff. affinity mask of irq 193
01-01 00:00:01.483     0     0 I         : [touch]RAD Touch driver ver: 01.06.00.01.00.01.00.00
01-01 00:00:01.636     0     0 E i2c_geni a84000.i2c: i2c error :-107
01-01 00:00:01.636     0     0 E [touch]raydium_i2c_pda_set_address: I2C retry 1
01-01 00:00:01.637     0     0 E i2c_geni a84000.i2c: i2c error :-107
01-01 00:00:01.637     0     0 E [touch]raydium_i2c_pda_set_address: I2C retry 2
01-01 00:00:01.639     0     0 E i2c_geni a84000.i2c: i2c error :-107
01-01 00:00:01.639     0     0 E [touch]raydium_i2c_pda_set_address: I2C retry 3
01-01 00:00:01.641     0     0 E i2c_geni a84000.i2c: i2c error :-107
01-01 00:00:01.641     0     0 E [touch]raydium_i2c_pda_set_address: I2C retry 4
01-01 00:00:01.642     0     0 E i2c_geni a84000.i2c: i2c error :-107
01-01 00:00:01.642     0     0 E [touch]raydium_i2c_pda_set_address: I2C retry 5
01-01 00:00:01.644     0     0 E         : [touch]raydium_fw_version_check 2167 fail, i32_ret=-5
01-01 00:00:01.644     0     0 E i2c_geni a84000.i2c: i2c error :-107
01-01 00:00:01.644     0     0 E [touch]raydium_i2c_pda_set_address: I2C retry 1
01-01 00:00:01.645     0     0 E i2c_geni a84000.i2c: i2c error :-107
01-01 00:00:01.645     0     0 E [touch]raydium_i2c_pda_set_address: I2C retry 2
01-01 00:00:01.647     0     0 E i2c_geni a84000.i2c: i2c error :-107
01-01 00:00:01.647     0     0 E [touch]raydium_i2c_pda_set_address: I2C retry 3
01-01 00:00:01.649     0     0 E i2c_geni a84000.i2c: i2c error :-107
01-01 00:00:01.649     0     0 E [touch]raydium_i2c_pda_set_address: I2C retry 4
01-01 00:00:01.650     0     0 E i2c_geni a84000.i2c: i2c error :-107
01-01 00:00:01.650     0     0 E [touch]raydium_i2c_pda_set_address: I2C retry 5
01-01 00:00:01.786     0     0 I msm-dwc3 a800000.hsusb: DWC3 in low power mode
01-01 00:00:02.176     0     0 E i2c_geni a84000.i2c: i2c error :-107
01-01 00:00:02.176     0     0 E [touch]raydium_i2c_pda_set_address: I2C retry 1
01-01 00:00:02.177     0     0 E i2c_geni a84000.i2c: i2c error :-107
01-01 00:00:02.177     0     0 E [touch]raydium_i2c_pda_set_address: I2C retry 2
01-01 00:00:02.179     0     0 E i2c_geni a84000.i2c: i2c error :-107
01-01 00:00:02.179     0     0 E [touch]raydium_i2c_pda_set_address: I2C retry 3
01-01 00:00:02.181     0     0 E i2c_geni a84000.i2c: i2c error :-107
01-01 00:00:02.181     0     0 E [touch]raydium_i2c_pda_set_address: I2C retry 4
01-01 00:00:02.182     0     0 E i2c_geni a84000.i2c: i2c error :-107
01-01 00:00:02.182     0     0 E [touch]raydium_i2c_pda_set_address: I2C retry 5
01-01 00:00:02.688     0     0 E i2c_geni a84000.i2c: i2c error :-107
01-01 00:00:02.688     0     0 E [touch]raydium_i2c_pda_set_address: I2C retry 1
01-01 00:00:02.689     0     0 E i2c_geni a84000.i2c: i2c error :-107
01-01 00:00:02.689     0     0 E [touch]raydium_i2c_pda_set_address: I2C retry 2
01-01 00:00:02.691     0     0 E i2c_geni a84000.i2c: i2c error :-107
01-01 00:00:02.691     0     0 E [touch]raydium_i2c_pda_set_address: I2C retry 3
01-01 00:00:02.693     0     0 E i2c_geni a84000.i2c: i2c error :-107
01-01 00:00:02.693     0     0 E [touch]raydium_i2c_pda_set_address: I2C retry 4
01-01 00:00:02.694     0     0 E i2c_geni a84000.i2c: i2c error :-107
01-01 00:00:02.694     0     0 E [touch]raydium_i2c_pda_set_address: I2C retry 5
01-01 00:00:03.200     0     0 E i2c_geni a84000.i2c: i2c error :-107
01-01 00:00:03.200     0     0 E [touch]raydium_i2c_pda_set_address: I2C retry 1
01-01 00:00:03.201     0     0 E i2c_geni a84000.i2c: i2c error :-107
01-01 00:00:03.201     0     0 E [touch]raydium_i2c_pda_set_address: I2C retry 2
01-01 00:00:03.203     0     0 E i2c_geni a84000.i2c: i2c error :-107
01-01 00:00:03.203     0     0 E [touch]raydium_i2c_pda_set_address: I2C retry 3
01-01 00:00:03.205     0     0 E i2c_geni a84000.i2c: i2c error :-107
01-01 00:00:03.205     0     0 E [touch]raydium_i2c_pda_set_address: I2C retry 4
01-01 00:00:03.206     0     0 E i2c_geni a84000.i2c: i2c error :-107
01-01 00:00:03.206     0     0 E [touch]raydium_i2c_pda_set_address: I2C retry 5
01-01 00:00:03.712     0     0 E i2c_geni a84000.i2c: i2c error :-107
01-01 00:00:03.712     0     0 E [touch]raydium_i2c_pda_set_address: I2C retry 1
01-01 00:00:03.713     0     0 E i2c_geni a84000.i2c: i2c error :-107
01-01 00:00:03.713     0     0 E [touch]raydium_i2c_pda_set_address: I2C retry 2
01-01 00:00:03.715     0     0 E i2c_geni a84000.i2c: i2c error :-107
01-01 00:00:03.715     0     0 E [touch]raydium_i2c_pda_set_address: I2C retry 3
01-01 00:00:03.717     0     0 E i2c_geni a84000.i2c: i2c error :-107
01-01 00:00:03.717     0     0 E [touch]raydium_i2c_pda_set_address: I2C retry 4
01-01 00:00:03.718     0     0 E i2c_geni a84000.i2c: i2c error :-107
01-01 00:00:03.718     0     0 E [touch]raydium_i2c_pda_set_address: I2C retry 5
01-01 00:00:04.224     0     0 E i2c_geni a84000.i2c: i2c error :-107
01-01 00:00:04.224     0     0 E [touch]raydium_i2c_pda_set_address: I2C retry 1
01-01 00:00:04.225     0     0 E i2c_geni a84000.i2c: i2c error :-107
01-01 00:00:04.225     0     0 E [touch]raydium_i2c_pda_set_address: I2C retry 2
01-01 00:00:04.227     0     0 E i2c_geni a84000.i2c: i2c error :-107
01-01 00:00:04.227     0     0 E [touch]raydium_i2c_pda_set_address: I2C retry 3
01-01 00:00:04.229     0     0 E i2c_geni a84000.i2c: i2c error :-107
01-01 00:00:04.229     0     0 E [touch]raydium_i2c_pda_set_address: I2C retry 4
01-01 00:00:04.230     0     0 E i2c_geni a84000.i2c: i2c error :-107
01-01 00:00:04.230     0     0 E [touch]raydium_i2c_pda_set_address: I2C retry 5
01-01 00:00:04.736     0     0 E i2c_geni a84000.i2c: i2c error :-107
01-01 00:00:04.736     0     0 E [touch]raydium_i2c_pda_set_address: I2C retry 1
01-01 00:00:04.737     0     0 E i2c_geni a84000.i2c: i2c error :-107
01-01 00:00:04.737     0     0 E [touch]raydium_i2c_pda_set_address: I2C retry 2
01-01 00:00:04.739     0     0 E i2c_geni a84000.i2c: i2c error :-107
01-01 00:00:04.739     0     0 E [touch]raydium_i2c_pda_set_address: I2C retry 3
01-01 00:00:04.741     0     0 E i2c_geni a84000.i2c: i2c error :-107
01-01 00:00:04.741     0     0 E [touch]raydium_i2c_pda_set_address: I2C retry 4
01-01 00:00:04.742     0     0 E i2c_geni a84000.i2c: i2c error :-107
01-01 00:00:04.742     0     0 E [touch]raydium_i2c_pda_set_address: I2C retry 5
01-01 00:00:05.248     0     0 E i2c_geni a84000.i2c: i2c error :-107
01-01 00:00:05.248     0     0 E [touch]raydium_i2c_pda_set_address: I2C retry 1
01-01 00:00:05.249     0     0 E i2c_geni a84000.i2c: i2c error :-107
01-01 00:00:05.249     0     0 E [touch]raydium_i2c_pda_set_address: I2C retry 2
01-01 00:00:05.251     0     0 E i2c_geni a84000.i2c: i2c error :-107
01-01 00:00:05.251     0     0 E [touch]raydium_i2c_pda_set_address: I2C retry 3
01-01 00:00:05.253     0     0 E i2c_geni a84000.i2c: i2c error :-107
01-01 00:00:05.253     0     0 E [touch]raydium_i2c_pda_set_address: I2C retry 4
01-01 00:00:05.254     0     0 E i2c_geni a84000.i2c: i2c error :-107
01-01 00:00:05.254     0     0 E [touch]raydium_i2c_pda_set_address: I2C retry 5
01-01 00:00:05.256     0     0 E         : [touch]check_bit_value 118 waiting times=2 addr=50000918 nbit=28 value=1 read_data=0x0
01-01 00:00:05.760     0     0 E i2c_geni a84000.i2c: i2c error :-107
01-01 00:00:05.760     0     0 E [touch]raydium_i2c_pda_set_address: I2C retry 1
01-01 00:00:05.761     0     0 E i2c_geni a84000.i2c: i2c error :-107
01-01 00:00:05.761     0     0 E [touch]raydium_i2c_pda_set_address: I2C retry 2
01-01 00:00:05.763     0     0 E i2c_geni a84000.i2c: i2c error :-107
01-01 00:00:05.763     0     0 E [touch]raydium_i2c_pda_set_address: I2C retry 3
01-01 00:00:05.765     0     0 E i2c_geni a84000.i2c: i2c error :-107
01-01 00:00:05.765     0     0 E [touch]raydium_i2c_pda_set_address: I2C retry 4
01-01 00:00:05.766     0     0 E i2c_geni a84000.i2c: i2c error :-107
01-01 00:00:05.766     0     0 E [touch]raydium_i2c_pda_set_address: I2C retry 5
01-01 00:00:05.768     0     0 E         : [touch]check_bit_value 118 waiting times=1 addr=50000918 nbit=28 value=1 read_data=0x0
01-01 00:00:06.272     0     0 E i2c_geni a84000.i2c: i2c error :-107
01-01 00:00:06.272     0     0 E [touch]raydium_i2c_pda_set_address: I2C retry 1
01-01 00:00:06.273     0     0 E i2c_geni a84000.i2c: i2c error :-107
01-01 00:00:06.273     0     0 E [touch]raydium_i2c_pda_set_address: I2C retry 2
01-01 00:00:06.275     0     0 E i2c_geni a84000.i2c: i2c error :-107
01-01 00:00:06.275     0     0 E [touch]raydium_i2c_pda_set_address: I2C retry 3
01-01 00:00:06.277     0     0 E i2c_geni a84000.i2c: i2c error :-107
01-01 00:00:06.277     0     0 E [touch]raydium_i2c_pda_set_address: I2C retry 4
01-01 00:00:06.278     0     0 E i2c_geni a84000.i2c: i2c error :-107
01-01 00:00:06.278     0     0 E [touch]raydium_i2c_pda_set_address: I2C retry 5
01-01 00:00:06.280     0     0 E         : [touch]check_bit_value 118 waiting times=0 addr=50000918 nbit=28 value=1 read_data=0x0
01-01 00:00:06.784     0     0 E [touch]check_bit_value timeout: addr=50000918 read_data=0x0 retry=0 buf[0~3] = 0 0 0 0 retry=0 nbit=28
01-01 00:00:06.784     0     0 E         : [touch]raydium_fw_version_check 2171, check_bit_value 0x50000918 BIT28 timeout!
01-01 00:00:06.784     0     0 E i2c_geni a84000.i2c: i2c error :-107
01-01 00:00:06.784     0     0 E [touch]raydium_i2c_pda_set_address: I2C retry 1
01-01 00:00:06.785     0     0 E i2c_geni a84000.i2c: i2c error :-107
01-01 00:00:06.785     0     0 E [touch]raydium_i2c_pda_set_address: I2C retry 2
01-01 00:00:06.787     0     0 E i2c_geni a84000.i2c: i2c error :-107
01-01 00:00:06.787     0     0 E [touch]raydium_i2c_pda_set_address: I2C retry 3
01-01 00:00:06.789     0     0 E i2c_geni a84000.i2c: i2c error :-107
01-01 00:00:06.789     0     0 E [touch]raydium_i2c_pda_set_address: I2C retry 4
01-01 00:00:06.790     0     0 E i2c_geni a84000.i2c: i2c error :-107
01-01 00:00:06.790     0     0 E [touch]raydium_i2c_pda_set_address: I2C retry 5
01-01 00:00:06.792     0     0 E         : [touch]raydium_fw_version_check 2176 fail, i32_ret=-5
01-01 00:00:06.792     0     0 E i2c_geni a84000.i2c: i2c error :-107
01-01 00:00:06.792     0     0 E [touch]raydium_i2c_pda_set_address: I2C retry 1
01-01 00:00:06.793     0     0 E i2c_geni a84000.i2c: i2c error :-107
01-01 00:00:06.793     0     0 E [touch]raydium_i2c_pda_set_address: I2C retry 2
01-01 00:00:06.795     0     0 E i2c_geni a84000.i2c: i2c error :-107
01-01 00:00:06.795     0     0 E [touch]raydium_i2c_pda_set_address: I2C retry 3
01-01 00:00:06.797     0     0 E i2c_geni a84000.i2c: i2c error :-107
01-01 00:00:06.797     0     0 E [touch]raydium_i2c_pda_set_address: I2C retry 4
01-01 00:00:06.798     0     0 E i2c_geni a84000.i2c: i2c error :-107
01-01 00:00:06.798     0     0 E [touch]raydium_i2c_pda_set_address: I2C retry 5
01-01 00:00:06.800     0     0 E         : [touch]raydium_fw_version_check 2180 fail, i32_ret=-5
01-01 00:00:06.800     0     0 I [touch]FW ver: 00.00.00.00.00.00.00.00
01-01 00:00:06.800     0     0 E         : [touch]FW check version failed
01-01 00:00:06.800     0     0 I i2c_geni a84000.i2c: I2C probed
01-01 00:00:06.800     0     0 I msm_geni_serial a8c000.qcom,qup_uart: Wakeup byte 0xfd
01-01 00:00:06.800     0     0 I gpiochip0: (3000000.pinctrl): allocate IRQ 194, hwirq 13
01-01 00:00:06.800     0     0 I gpiochip0: (3000000.pinctrl): found parent hwirq 33
01-01 00:00:06.800     0     0 I gpiochip0: (3000000.pinctrl): alloc_irqs_parent for 194 parent hwirq 33
01-01 00:00:06.800     0     0 I msm_geni_serial a8c000.qcom,qup_uart: Serial port0 added.FifoSize 64 is_console0
01-01 00:00:06.801     0     0 I a8c000.qcom,qup_uart: ttyHS0 at MMIO 0xa8c000 (irq = 34, base_baud = 0) is a MSM
01-01 00:00:06.801     0     0 I gpu_gx_gdsc: supplied by pm6155_1_s2_level
01-01 00:00:06.803     0     0 I disp_cc-sm6150 af00000.clock-controller: Registered DISP CC clocks
01-01 00:00:06.803     0     0 E         : minidump-id not found for adsp
01-01 00:00:06.803     0     0 E         : minidump-id not found for cdsp
01-01 00:00:06.804     0     0 E msm_geni_serial 888000.qcom,qup_uart: IRQ index 1 not found
01-01 00:00:06.804     0     0 I msm_geni_serial 888000.qcom,qup_uart: No wakeup IRQ configured
01-01 00:00:06.804     0     0 I msm_geni_serial 888000.qcom,qup_uart: Serial port1 added.FifoSize 64 is_console0
01-01 00:00:06.804     0     0 I 888000.qcom,qup_uart: ttyHS1 at MMIO 0x888000 (irq = 182, base_baud = 0) is a MSM
01-01 00:00:06.805     0     0 I serial0 : tty port ttyHS1 registered
01-01 00:00:06.805     0     0 E msm_geni_serial a80000.qcom,qup_uart: IRQ index 1 not found
01-01 00:00:06.805     0     0 I msm_geni_serial a80000.qcom,qup_uart: No wakeup IRQ configured
01-01 00:00:06.805     0     0 I msm_geni_serial a80000.qcom,qup_uart: Serial port2 added.FifoSize 64 is_console0
01-01 00:00:06.805     0     0 I a80000.qcom,qup_uart: ttyHS2 at MMIO 0xa80000 (irq = 183, base_baud = 0) is a MSM
01-01 00:00:06.807     0     0 E msm_geni_serial 6268c000.qcom,qup_uart: IRQ index 1 not found
01-01 00:00:06.807     0     0 I msm_geni_serial 6268c000.qcom,qup_uart: No wakeup IRQ configured
01-01 00:00:06.807     0     0 I msm_geni_serial 6268c000.qcom,qup_uart: Serial port3 added.FifoSize 64 is_console0
01-01 00:00:06.807     0     0 I 6268c000.qcom,qup_uart: ttyHS3 at MMIO 0x6268c000 (irq = 184, base_baud = 0) is a MSM
01-01 00:00:06.808     0     0 E msm_geni_serial 62690000.qcom,qup_uart: IRQ index 1 not found
01-01 00:00:06.808     0     0 I msm_geni_serial 62690000.qcom,qup_uart: No wakeup IRQ configured
01-01 00:00:06.808     0     0 I msm_geni_serial 62690000.qcom,qup_uart: Serial port4 added.FifoSize 64 is_console0
01-01 00:00:06.808     0     0 I 62690000.qcom,qup_uart: ttyHS4 at MMIO 0x62690000 (irq = 185, base_baud = 0) is a MSM
01-01 00:00:06.809     0     0 I msm_drm ae00000.qcom,mdss_mdp: Adding to iommu group 25
01-01 00:00:06.809     0     0 I mdss_pll_probe: MDSS pll label = MDSS DSI 0 PLL
01-01 00:00:06.809     0     0 E debugfs : Directory 'ae94400.qcom,mdss_dsi_pll' with parent 'regmap' already present!
01-01 00:00:06.809     0     0 I chatty  : uid=0(root) logd identical 1 line
01-01 00:00:06.809     0     0 E debugfs : Directory 'ae94400.qcom,mdss_dsi_pll' with parent 'regmap' already present!
01-01 00:00:06.810     0     0 I dsi_pll_clock_register_14nm: Registered DSI PLL ndx=0 clocks successfully
01-01 00:00:06.810     0     0 I mdss_pll_probe: MDSS pll label = MDSS DP PLL
01-01 00:00:06.811     0     0 I kgsl-3d 5000000.qcom,kgsl-3d0: bound 506d000.qcom,rgmu (ops a6xx_rgmu_component_ops)
01-01 00:00:06.812     0     0 W platform 50a0000.qcom,kgsl-iommu: 50a0000.qcom,kgsl-iommu supply vddcx not found, using dummy regulator
01-01 00:00:06.812     0     0 I platform 50a0000.qcom,kgsl-iommu: gfx3d_user: Adding to iommu group 33
01-01 00:00:06.814     0     0 I platform 50a0000.qcom,kgsl-iommu: gfx3d_secure: Adding to iommu group 34
01-01 00:00:06.817     0     0 E msm-dsi-display: [dsi_display_parse_te_data] invalid vsync source selection
01-01 00:00:06.817     0     0 E dsi-ctrl: [dsi_ctrl_get] Device with of node not found
01-01 00:00:06.817     0     0 E msm-dsi-display: [dsi_display_res_init] failed to get dsi controller, rc=-517
01-01 00:00:06.817     0     0 E msm-dsi-display: [_dsi_display_dev_init] [dsi_maxin_96755_1] failed to initialize resources, rc=-517
01-01 00:00:06.817     0     0 E msm-dsi-display: [dsi_display_init] device init failed, rc=-517
01-01 00:00:06.817     0     0 W drm_dsi_ctrl ae94000.qcom,mdss_dsi_ctrl0: ae94000.qcom,mdss_dsi_ctrl0 supply refgen not found, using dummy regulator
01-01 00:00:06.817     0     0 I dsi-ctrl: [dsi_ctrl_dev_probe] Probe successful for dsi-ctrl-0
01-01 00:00:06.817     0     0 E msm-dsi-display: [dsi_display_parse_te_data] invalid vsync source selection
01-01 00:00:06.817     0     0 W msm-dsi-panel: [dsi_panel_parse_triggers:1131] [ext video mode dsi dummy bridge] fallback to default te-pin-select
01-01 00:00:06.817     0     0 E msm-dsi-panel: [dsi_panel_parse_qsync_caps:1332] [ext video mode dsi dummy bridge] qsync min fps not defined rc:-22
01-01 00:00:06.817     0     0 I msm-dsi-panel: [dsi_panel_parse_misc_features:2062] dsi_panel_parse_misc_features: ulps feature disabled
01-01 00:00:06.817     0     0 I msm-dsi-panel: [dsi_panel_parse_misc_features:2068] dsi_panel_parse_misc_features: ulps during suspend feature disabled
01-01 00:00:06.818     0     0 I [drm:sde_dbg_init:5188] evtlog_status: enable:3, panic:1, dump:2
01-01 00:00:06.818     0     0 I msm-dsi-display: [dsi_display_bind] Successfully bind display panel 'dsi_maxin_96755_1'
01-01 00:00:06.818     0     0 W msm-dsi-display: [dsi_display_register_te_irq] Unable to register for TE IRQ
01-01 00:00:06.818     0     0 I msm_drm ae00000.qcom,mdss_mdp: bound soc:qcom,dsi-display@1 (ops dsi_display_comp_ops)
01-01 00:00:06.818     0     0 I         : [drm] mapped mdp address space @ffffffc014300000
01-01 00:00:06.818     0     0 E msm_drm ae00000.qcom,mdss_mdp: failed to get memory resource: vbif_nrt_phys
01-01 00:00:06.818     0     0 E msm_drm ae00000.qcom,mdss_mdp: failed to get memory resource: sid_phys
01-01 00:00:06.818     0     0 I         : [drm:_sde_kms_get_splash_data:3275] splash mem num_regions:1
01-01 00:00:06.818     0     0 I         : [drm:_sde_kms_get_splash_data:3310] splash mem for disp:1 add:9c000000 size:f00000
01-01 00:00:06.818     0     0 I         : [drm:sde_kms_hw_init:3436] sde hardware revision:0x50030000
01-01 00:00:06.820     0     0 E         : [drm:msm_smmu_new] *ERROR* unable to find domain 1 compat: qcom,smmu_sde_nrt_unsec
01-01 00:00:06.820     0     0 E         : [drm:msm_smmu_new] *ERROR* unable to find domain 3 compat: qcom,smmu_sde_nrt_sec
01-01 00:00:06.821     0     0 E [sde_rsc:is_sde_rsc_available:270]: rsc idx:0 not probed yet or not available
01-01 00:00:06.821     0     0 E         : [drm:reg_dmav1_init_sspp_op_v4] *ERROR* invalid feature map 12 for feature 31
01-01 00:00:06.822     0     0 E         : [drm:reg_dmav1_init_sspp_op_v4] *ERROR* invalid feature map 12 for feature 31
01-01 00:00:06.823     0     0 I         : [drm] Supports vblank timestamp caching Rev 2 (21.10.2013).
01-01 00:00:06.823     0     0 I         : [drm] No driver support for vblank timestamp query.
01-01 00:00:06.824     0     0 I         : [drm] Initialized msm_drm 1.2.0 20130625 for ae00000.qcom,mdss_mdp on minor 0
01-01 00:00:06.824     0     0 I         : [drm] cont_splash feature not enabled
01-01 00:00:06.828     0     0 I core_ctl: Creating CPU group 0
01-01 00:00:06.828     0     0 I core_ctl: Init CPU0 state
01-01 00:00:06.828     0     0 I core_ctl: Init CPU1 state
01-01 00:00:06.828     0     0 I core_ctl: Init CPU2 state
01-01 00:00:06.829     0     0 I core_ctl: Init CPU3 state
01-01 00:00:06.829     0     0 I core_ctl: Init CPU4 state
01-01 00:00:06.829     0     0 I core_ctl: Init CPU5 state
01-01 00:00:06.829     0     0 I core_ctl: Creating CPU group 6
01-01 00:00:06.829     0     0 I core_ctl: Init CPU6 state
01-01 00:00:06.829     0     0 I core_ctl: Init CPU7 state
01-01 00:00:06.829     0     0 I cfg80211: Loading compiled-in X.509 certificates for regulatory database
01-01 00:00:06.829     0     0 I cfg80211: Loaded X.509 cert 'sforshee: 00b28ddf47aef9cea7'
01-01 00:00:06.830     0     0 W platform regulatory.0: Direct firmware load for regulatory.db failed with error -2
01-01 00:00:06.830     0     0 W platform regulatory.0: Falling back to sysfs fallback for: regulatory.db
01-01 00:00:06.830     0     0 I         : ALSA device list:
01-01 00:00:06.830     0     0 I         : No soundcards found.
01-01 00:00:06.832     0     0 I         : Freeing unused kernel memory: 4864K
01-01 00:00:06.840     0     0 I cryptomgr_probe (259): highest shadow stack usage: 168 bytes
01-01 00:00:06.864     0     0 I         : Run /init as init process
01-01 00:00:06.865     0     0 I init    : init first stage started!
01-01 00:00:06.865     0     0 I init    : Unable to open /lib/modules, skipping module loading.
01-01 00:00:06.865     0     0 I init    : [libfs_mgr]dt_fstab: Skip disabled entry for partition vendor
01-01 00:00:06.865     0     0 I init    : [libfs_mgr]ReadFstabFromDt(): failed to read fstab from dt
01-01 00:00:06.865     0     0 I init    : [libfs_mgr]dt_fstab: Skip disabled entry for partition vendor
01-01 00:00:06.865     0     0 I init    : Using Android DT directory /proc/device-tree/firmware/android/
01-01 00:00:06.940     0     0 I init    : [libfs_mgr]superblock s_max_mnt_count:65535,/dev/block/by-name/metadata
01-01 00:00:06.940     0     0 I init    : [libfs_mgr]Filesystem on /dev/block/by-name/metadata was not cleanly shutdown; state flags: 0x1, incompat feature flags: 0x46
01-01 00:00:06.940     0     0 I init    : [libfs_mgr]check_fs(): mount(/dev/block/by-name/metadata,/metadata,ext4)=-1: No such file or directory
01-01 00:00:06.940     0     0 I init    : [libfs_mgr]Not running /system/bin/e2fsck on /dev/block/mmcblk0p71 (executable not in system image)
01-01 00:00:06.950     0     0 I EXT4-fs (mmcblk0p71): recovery complete
01-01 00:00:06.951     0     0 I EXT4-fs (mmcblk0p71): mounted filesystem with ordered data mode. Opts: discard
01-01 00:00:06.963     0     0 I device-mapper: verity: sha1 using implementation "sha1-generic"
01-01 00:00:06.970     0     0 W EXT4-fs (dm-2): mounting with "discard" option, but the device does not support discard
01-01 00:00:06.970     0     0 I EXT4-fs (dm-2): mounted filesystem without journal. Opts: barrier=1,discard
01-01 00:00:06.979     0     0 I device-mapper: verity: sha1 using implementation "sha1-generic"
01-01 00:00:06.989     0     0 W EXT4-fs (dm-3): mounting with "discard" option, but the device does not support discard
01-01 00:00:06.989     0     0 I EXT4-fs (dm-3): mounted filesystem without journal. Opts: barrier=1,discard
01-01 00:00:07.009     0     0 W printk  : init: 16 output lines suppressed due to ratelimiting
01-01 00:00:07.224     0     0 I init    : [libfs_mgr]dt_fstab: Skip disabled entry for partition vendor
01-01 00:00:07.229     0     0 W init    : DM_DEV_STATUS failed for system_ext_a: No such device or address
01-01 00:00:07.229     0     0 E init    : Could not update logical partition
01-01 00:00:07.229     0     0 W init    : DM_DEV_STATUS failed for product_a: No such device or address
01-01 00:00:07.229     0     0 E init    : Could not update logical partition
01-01 00:00:07.229     0     0 I init    : Loading SELinux policy
01-01 00:00:07.286     0     0 I SELinux : policy capability network_peer_controls=1
01-01 00:00:07.286     0     0 I SELinux : policy capability open_perms=1
01-01 00:00:07.286     0     0 I SELinux : policy capability extended_socket_class=1
01-01 00:00:07.286     0     0 I SELinux : policy capability always_check_network=0
01-01 00:00:07.286     0     0 I SELinux : policy capability cgroup_seclabel=0
01-01 00:00:07.286     0     0 I SELinux : policy capability nnp_nosuid_transition=1
01-01 00:00:07.378     0     0 I selinux : SELinux: Loaded policy from /vendor/etc/selinux/precompiled_sepolicy
01-01 00:00:07.378     0     0 I selinux :  
01-01 00:00:07.384     0     0 I selinux : SELinux: Loaded file_contexts
01-01 00:00:07.384     0     0 I selinux :  
01-01 00:00:07.397     0     0 I init    : init second stage started!
01-01 00:00:07.414     0     0 I init    : Using Android DT directory /proc/device-tree/firmware/android/
01-01 00:00:07.419     0     0 W init    : Overriding previous 'ro.' property 'dalvik.vm.heapsize':'36m' with new value '512m'
01-01 00:00:07.419     0     0 W init    : Overriding previous 'ro.' property 'vendor.usb.diag.func.name':'diag' with new value 'ffs'
01-01 00:00:07.421     0     0 W init    : Couldn't load property file '/factory/factory.prop': open() failed: No such file or directory: No such file or directory
01-01 00:00:07.422     0     0 I init    : Setting product property ro.product.brand to 'qti' (from ro.product.product.brand)
01-01 00:00:07.422     0     0 I init    : Setting product property ro.product.device to 'titan_tml_b2' (from ro.product.product.device)
01-01 00:00:07.422     0     0 I init    : Setting product property ro.product.manufacturer to 'QUALCOMM' (from ro.product.product.manufacturer)
01-01 00:00:07.422     0     0 I init    : Setting product property ro.product.model to 'titan_tml_b2 for arm64' (from ro.product.product.model)
01-01 00:00:07.422     0     0 I init    : Setting product property ro.product.name to 'titan_tml_b2' (from ro.product.product.name)
01-01 00:00:07.569     0     0 E cgroup1 : Unknown subsys name 'schedtune'
01-01 00:00:07.617     0     0 I         : linkerconfig (286) used greatest stack depth: 11080 bytes left
01-01 00:00:07.634     0     0 I linkerconfig (286): highest shadow stack usage: 336 bytes
01-01 00:00:07.664     0     0 I ueventd : ueventd started!
01-01 00:00:07.666     0     0 I selinux : SELinux: Loaded file_contexts
01-01 00:00:07.666     0     0 I selinux :  
01-01 00:00:07.666     0     0 I ueventd : Parsing file /system/etc/ueventd.rc...
01-01 00:00:07.667     0     0 I ueventd : Parsing file /vendor/ueventd.rc...
01-01 00:00:07.669     0     0 E ueventd : /vendor/ueventd.rc: 175: /sys/ lines must have 5 entries
01-01 00:00:07.669     0     0 E ueventd : /vendor/ueventd.rc: 435: Invalid section keyword found
01-01 00:00:07.669     0     0 I ueventd : Parsing file /odm/ueventd.rc...
01-01 00:00:07.669     0     0 I ueventd : Unable to read config file '/odm/ueventd.rc': open() failed: No such file or directory
01-01 00:00:07.669     0     0 I ueventd : Parsing file /ueventd.qcom.rc...
01-01 00:00:07.706     0     0 I apexd   : This device does not support updatable APEX. Exiting
01-01 00:00:07.833     0     0 I         : boringssl_self_ (290) used greatest stack depth: 10968 bytes left
01-01 00:00:07.856     0     0 I boringssl_self_ (290): highest shadow stack usage: 344 bytes
01-01 00:00:08.097     0     0 I audio_notifier_reg_service: service SSR_ADSP is in use
01-01 00:00:08.178     0     0 W         : **********************************************************
01-01 00:00:08.178     0     0 W         : **   NOTICE NOTICE NOTICE NOTICE NOTICE NOTICE NOTICE   **
01-01 00:00:08.178     0     0 W         : **                                                      **
01-01 00:00:08.178     0     0 W         : ** trace_printk() being used. Allocating extra memory.  **
01-01 00:00:08.178     0     0 W         : **                                                      **
01-01 00:00:08.178     0     0 W         : ** This means that this is a DEBUG kernel and it is     **
01-01 00:00:08.178     0     0 W         : ** unsafe for production use.                           **
01-01 00:00:08.178     0     0 W         : **                                                      **
01-01 00:00:08.178     0     0 W         : ** If you see this message and you are not debugging    **
01-01 00:00:08.178     0     0 W         : ** the kernel, report this immediately to your vendor!  **
01-01 00:00:08.178     0     0 W         : **                                                      **
01-01 00:00:08.178     0     0 W         : **   NOTICE NOTICE NOTICE NOTICE NOTICE NOTICE NOTICE   **
01-01 00:00:08.178     0     0 W         : **********************************************************
01-01 00:00:08.305     0     0 I msm-dai-q6-tdm soc: qcom,msm-dai-tdm-quat-tx:qcom,msm-dai-q6-tdm-quat-tx-7: msm_dai_q6_tdm_dev_probe: TDM continuous clock enable(1) fs(48000) slots(8) width(32) for port 0x903f
01-01 00:00:08.306     0     0 I msm-dai-q6-tdm soc: qcom,msm-dai-tdm-quin-tx:qcom,msm-dai-q6-tdm-quin-tx-7: msm_dai_q6_tdm_dev_probe: TDM continuous clock enable(1) fs(48000) slots(16) width(32) for port 0x904f
01-01 00:00:08.522     0     0 W fs3ipc_dlkm: loading out-of-tree module taints kernel.
01-01 00:00:08.561     0     0 I fs3ipcuart serial0-0: Enter fs3ipc_uart_probe
01-01 00:00:08.561     0     0 E         : [ IPC:ipc_cdev_init       : 780 ] [ERR] ipcMsgQueueInit: chan 0: NULL clientRxWq
01-01 00:00:08.561     0     0 E         : [ IPC:ipc_cdev_init       : 786 ] [ERR] ipcMsgQueueInit: chan 0: clientHandle=255
01-01 00:00:08.561     0     0 E         : [ IPC:ipc_cdev_init       : 780 ] [ERR] ipcMsgQueueInit: chan 1: NULL clientRxWq
01-01 00:00:08.561     0     0 E         : [ IPC:ipc_cdev_init       : 786 ] [ERR] ipcMsgQueueInit: chan 1: clientHandle=255
01-01 00:00:08.561     0     0 I fs3ipcuart serial0-0: fs3ipc layers initialized
01-01 00:00:08.561     0     0 I fs3ipcuart serial0-0: fs3ipcTx thread created
01-01 00:00:08.561     0     0 I fs3ipcuart serial0-0: Enter tx_thread
01-01 00:00:08.561     0     0 I fs3ipcuart serial0-0: fs3ipcTimer thread created
01-01 00:00:08.561     0     0 I fs3ipcuart serial0-0: Enter timer_thread
01-01 00:00:08.630     0     0 I fs3ipcuart serial0-0: Using baudrate: 1000000
01-01 00:00:08.637     0     0 I init    : wait for '/dev/block/platform/soc/7c4000.sdhci' took 0ms
01-01 00:00:08.652     0     0 I modprobe (304): highest shadow stack usage: 360 bytes
01-01 00:00:08.693     0     0 I e2fsck  : e2fsck 1.45.4 (23-Sep-2019)
01-01 00:00:08.704     0     0 I e2fsck  : /dev/block/bootdevice/by-name/persist: recovering journal
01-01 00:00:08.772     0     0 I e2fsck  : Pass 1: Checking inodes, blocks, and sizes
01-01 00:00:08.780     0     0 I e2fsck  : Pass 2: Checking directory structure
01-01 00:00:08.783     0     0 I e2fsck  : Pass 3: Checking directory connectivity
01-01 00:00:08.783     0     0 I e2fsck  : Pass 4: Checking reference counts
01-01 00:00:08.783     0     0 I e2fsck  : Pass 5: Checking group summary information
01-01 00:00:08.783     0     0 I e2fsck  : Free blocks count wrong (6895, counted=6858).
01-01 00:00:08.783     0     0 I e2fsck  : Fix? yes
01-01 00:00:08.783     0     0 I e2fsck  :  
01-01 00:00:08.787     0     0 W CAM_WARN: CAM-SENSOR: cam_sensor_driver_cmd: 1009 Probe Success,slot:2,slave_addr:0x52
01-01 00:00:08.787     0     0 W CAM_WARN: CAM-SENSOR: cam_sensor_driver_cmd: 1057 powering down 2
01-01 00:00:08.787     0     0 E CAM_ERR : CAM-UTIL: cam_soc_util_regulator_disable: 1297 Invalid NULL parameter
01-01 00:00:08.787     0     0 E CAM_ERR : CAM-SENSOR: cam_sensor_util_power_down: 2078 Reg: cam_vdig disable failed
01-01 00:00:08.787     0     0 E CAM_ERR : CAM-CCI: cam_cci_core_cfg: 2021 cci_ctrl or sd null
01-01 00:00:08.787     0     0 E CAM_ERR : CAM-SENSOR: cam_sensor_cci_i2c_util: 239 Failed rc = -19
01-01 00:00:08.787     0     0 I CAM_INFO: CAM-SENSOR: cam_sensor_driver_cmd: 1067 SENSOR_POWER_DOWN Success 2
01-01 00:00:08.787     0     0 I CAM_INFO: CAM-ISP: ais_ife_csid_force_reset: 1074 Exit (0)
01-01 00:00:08.788     0     0 I chatty  : uid=0(root) logd identical 1 line
01-01 00:00:08.788     0     0 I CAM_INFO: CAM-ISP: ais_ife_csid_force_reset: 1074 Exit (0)
01-01 00:00:08.788     0     0 W CAM_WARN: CAM-SENSOR: cam_sensor_driver_cmd: 1032 powering up 2
01-01 00:00:08.792     0     0 I EXT4-fs (mmcblk0p58): mounted filesystem with ordered data mode. Opts: barrier=1
01-01 00:00:08.800     0     0 I subsys-pil-tz 62400000.qcom,lpass: adsp: loading from 0x0000000095900000 to 0x0000000097700000
01-01 00:00:08.815     0     0 W kgsl-3d 5000000.qcom,kgsl-3d0: Direct firmware load for a630_sqe.fw failed with error -2
01-01 00:00:08.815     0     0 W kgsl-3d 5000000.qcom,kgsl-3d0: Falling back to sysfs fallback for: a630_sqe.fw
01-01 00:00:08.833     0     0 W kgsl-rgmu 506d000.qcom,rgmu: Direct firmware load for a612_rgmu.bin failed with error -2
01-01 00:00:08.833     0     0 W kgsl-rgmu 506d000.qcom,rgmu: Falling back to sysfs fallback for: a612_rgmu.bin
01-01 00:00:08.841     0     0 W subsys-pil-tz soc: qcom,kgsl-hyp: Direct firmware load for a612_zap.mdt failed with error -2
01-01 00:00:08.841     0     0 W subsys-pil-tz soc: qcom,kgsl-hyp: Falling back to sysfs fallback for: a612_zap.mdt
01-01 00:00:08.851     0     0 I subsys-pil-tz soc: qcom,kgsl-hyp: a612_zap: loading from 0x0000000097715000 to 0x0000000097716000
01-01 00:00:08.926     0     0 I subsys-pil-tz 62400000.qcom,lpass: adsp: Brought out of reset
01-01 00:00:08.926     0     0 I         : pil_boot is successful from adsp and waiting for error ready
01-01 00:00:08.927     0     0 W subsys-pil-tz soc: qcom,kgsl-hyp: Direct firmware load for a612_zap.b02 failed with error -2
01-01 00:00:08.927     0     0 W subsys-pil-tz soc: qcom,kgsl-hyp: Falling back to sysfs fallback for: a612_zap.b02
01-01 00:00:08.932     0     0 I subsys-pil-tz soc: qcom,kgsl-hyp: a612_zap: Brought out of reset
01-01 00:00:08.932     0     0 I         : pil_boot is successful from a612_zap and waiting for error ready
01-01 00:00:08.933     0     0 E kgsl-3d0: Couldn't enable per-process pagetables. Default to global pagetables
01-01 00:00:08.936     0     0 W         : [clusterswupdateclient] on early-init creating mount point /mnt/vendor/cluster_swdl
01-01 00:00:08.943     0     0 I         : Subsystem error monitoring/handling services are up fromadsp
01-01 00:00:08.944     0     0 I subsys-pil-tz 62400000.qcom,lpass: adsp: Power/Clock ready interrupt received
01-01 00:00:08.946     0     0 I adsprpc : fastrpc_restart_notifier_cb: adsp subsystem is up
01-01 00:00:08.946     0     0 I apr_adsp_up: Q6 is Up
01-01 00:00:08.947     0     0 I qcom_smd_qrtr_probe: Entered
01-01 00:00:08.947     0     0 I qcom_smd_qrtr_probe: SMD QRTR driver probed
01-01 00:00:08.947     0     0 I msm-audio-ion soc: qcom,msm-audio-apr:qcom,msm-audio-ion: Adding to iommu group 35
01-01 00:00:08.947     0     0 E OF      : /soc/qcom,msm-audio-apr/qcom,q6core-audio/sound-adp-star: could not get #gpio-cells for /soc/qcom,msm-dai-tdm-tert-rx
01-01 00:00:08.947     0     0 E OF      : /soc/qcom,msm-audio-apr/qcom,q6core-audio/sound-adp-star: could not get #gpio-cells for /soc/qcom,msm-dai-tdm-quat-rx
01-01 00:00:08.947     0     0 E OF      : /soc/qcom,msm-audio-apr/qcom,q6core-audio/sound-adp-star: could not get #gpio-cells for /soc/qcom,msm-dai-tdm-quin-rx
01-01 00:00:08.947     0     0 E OF      : /soc/qcom,msm-audio-apr/qcom,q6core-audio/sound-adp-star: could not get #gpio-cells for /soc/qcom,msm-dai-tdm-pri-rx
01-01 00:00:08.949     0     0 I sysmon-qmi: ssctl_new_server: Connection established between QMI handle and adsp's SSCTL service
01-01 00:00:08.952     0     0 I         : Info: adsprpc (4799): kworker/0:2: fastrpc_rpmsg_probe: opened rpmsg channel for adsp
01-01 00:00:08.953     0     0 W CAM_WARN: CAM-CRM: cam_req_mgr_open: 121 Already opened
01-01 00:00:08.954     0     0 I apr_tal_rpmsg soc: adsp.apr_audio_svc.-1.-1: apr_tal_rpmsg_probe: Channel[apr_audio_svc] state[Up]
01-01 00:00:08.990     0     0 I         : init.qti.media. (361) used greatest stack depth: 10832 bytes left
01-01 00:00:09.006     0     0 E         : Error: adsprpc (3901): adsprpcd: fastrpc_get_info_from_dsp: could not obtain dsp information, err val -1
01-01 00:00:09.024     0     0 I         : Registered swp emulation handler
01-01 00:00:09.052     0     0 E OF      : /soc/qcom,msm-audio-apr/qcom,q6core-audio/sound-adp-star: could not get #gpio-cells for /soc/qcom,msm-dai-tdm-tert-rx
01-01 00:00:09.052     0     0 E OF      : /soc/qcom,msm-audio-apr/qcom,q6core-audio/sound-adp-star: could not get #gpio-cells for /soc/qcom,msm-dai-tdm-quat-rx
01-01 00:00:09.052     0     0 E OF      : /soc/qcom,msm-audio-apr/qcom,q6core-audio/sound-adp-star: could not get #gpio-cells for /soc/qcom,msm-dai-tdm-quin-rx
01-01 00:00:09.052     0     0 E OF      : /soc/qcom,msm-audio-apr/qcom,q6core-audio/sound-adp-star: could not get #gpio-cells for /soc/qcom,msm-dai-tdm-pri-rx
01-01 00:00:09.074     0     0 I subsys-pil-tz 8300000.qcom,turing: cdsp: loading from 0x0000000093b00000 to 0x0000000095900000
01-01 00:00:09.098     0     0 I logd.auditd: start
01-01 00:00:09.216     0     0 I CAM_INFO: CAM-CPAS: cam_cpas_hw_start: 1093 AXI client=[3][cci][0] comp[1024], comp_ab[1024], uncomp[1024]
01-01 00:00:09.216     0     0 I CAM_INFO: CAM-SENSOR: cam_sensor_driver_cmd: 1042 SENSOR_POWER_UP Success 2
01-01 00:00:09.217     0     0 E CAM_ERR : CAM-CCI: cam_cci_read: 1534 read_words = 0, exp words = 1
01-01 00:00:09.217     0     0 E CAM_ERR : CAM-CCI: cam_cci_read_bytes: 1889 failed to read rc:-22
01-01 00:00:09.217     0     0 E CAM_ERR : CAM-SENSOR: cam_cci_i2c_read: 42 rc = -22
01-01 00:00:09.217     0     0 E CAM_ERR : CAM-SENSOR: cam_sensor_driver_cmd: 1116 Failed to read 0x53:0x0
01-01 00:00:09.220     0     0 W CAM_WARN: CAM-SENSOR: cam_sensor_driver_cmd: 1057 powering down 2
01-01 00:00:09.221     0     0 I CAM_INFO: CAM-SENSOR: cam_sensor_driver_cmd: 1067 SENSOR_POWER_DOWN Success 2
01-01 00:00:09.233     0     0 I CAM_INFO: CAM-CPAS: cam_cpas_hw_start: 1093 AXI client=[15][icp][0] comp[40000000], comp_ab[40000000], uncomp[40000000]
01-01 00:00:09.233     0     0 I CAM_INFO: CAM-CPAS: cam_cpas_hw_start: 1093 AXI client=[14][bps][0] comp[1024], comp_ab[0], uncomp[1024]
01-01 00:00:09.233     0     0 I CAM_INFO: CAM-CPAS: cam_cpas_hw_start: 1093 AXI client=[10][ipe][0] comp[1024], comp_ab[1024], uncomp[1024]
01-01 00:00:09.233     0     0 W cam-a5 ac00000.qcom,a5: Direct firmware load for CAMERA_ICP.elf failed with error -2
01-01 00:00:09.233     0     0 W cam-a5 ac00000.qcom,a5: Falling back to sysfs fallback for: CAMERA_ICP.elf
01-01 00:00:09.249     0     0 I CAM_INFO: CAM-ICP: cam_icp_mgr_fw_download: 3003 cam_icp_mgr_fw_download succeed
01-01 00:00:09.260     0     0 I CAM_INFO: CAM-ICP: cam_icp_mgr_process_dbg_buf: 2044 FW_DBG:CICP_FW_E : HFI  :QC_IMAGE_VERSION_STRING=CICP.FW.2.1-00012,OEM_IMAGE_VERSION_STRING=CRM,BUILD_TIME: Jun 24 2020 11:21:16,CACHE_ENABLED at icphostinterface.c:636 QC_IMAGE_VERSION_STRING=CICP.FW.2.1-00012 OEM_IMAGE_VERSION_STRING=CRM
01-01 00:00:09.260     0     0 I CAM_INFO: CAM-ICP: cam_icp_mgr_process_dbg_buf: 2044 FW_DBG:CICP_FW_E : HFI  :ELF variant: CACHE-ENABLED:API_V1:USE_CDM_1_1: , API version: 0x1000034 at icphostinterface.c:637 QC_IMAGE_VERSION_STRING=CICP.FW.2.1-00012 OEM_IMAGE_VERSION_STRING=CRM
01-01 00:00:09.262     0     0 W CAM_WARN: CAM-SYNC: cam_sync_open: 941 Already opened
01-01 00:00:09.300     0     0 I msm-dai-q6-tdm soc: qcom,msm-dai-tdm-quat-tx:qcom,msm-dai-q6-tdm-quat-tx-7: msm_dai_q6_dai_tdm_probe: success to enable AFE continuous bclk 0x903f
01-01 00:00:09.300     0     0 E afe_get_cal_topology_id: cal_type 8 not initialized for this port 36927
01-01 00:00:09.301     0     0 E         : send_afe_cal_type cal_block not found!!
01-01 00:00:09.302     0     0 I afe_send_hw_delay: port_id 0x903f rate 48000 delay_usec 0 status 0
01-01 00:00:09.309     0     0 I msm-dai-q6-tdm soc: qcom,msm-dai-tdm-quat-tx:qcom,msm-dai-q6-tdm-quat-tx-7: msm_dai_q6_dai_tdm_probe: open AFE continuous clk port success 0x903f
01-01 00:00:09.311     0     0 I msm-dai-q6-tdm soc: qcom,msm-dai-tdm-quin-tx:qcom,msm-dai-q6-tdm-quin-tx-7: msm_dai_q6_dai_tdm_probe: success to enable AFE continuous bclk 0x904f
01-01 00:00:09.311     0     0 E afe_get_cal_topology_id: cal_type 8 not initialized for this port 36943
01-01 00:00:09.311     0     0 E         : send_afe_cal_type cal_block not found!!
01-01 00:00:09.320     0     0 I afe_send_hw_delay: port_id 0x904f rate 48000 delay_usec 0 status 0
01-01 00:00:09.327     0     0 I msm-dai-q6-tdm soc: qcom,msm-dai-tdm-quin-tx:qcom,msm-dai-q6-tdm-quin-tx-7: msm_dai_q6_dai_tdm_probe: open AFE continuous clk port success 0x904f
01-01 00:00:09.337     0     0 I subsys-pil-tz 8300000.qcom,turing: cdsp: Brought out of reset
01-01 00:00:09.337     0     0 I         : pil_boot is successful from cdsp and waiting for error ready
01-01 00:00:09.345     0     0 I         : Subsystem error monitoring/handling services are up fromcdsp
01-01 00:00:09.347     0     0 I adsprpc : fastrpc_restart_notifier_cb: cdsp subsystem is up
01-01 00:00:09.349     0     0 I subsys-pil-tz 8300000.qcom,turing: cdsp: Power/Clock ready interrupt received
01-01 00:00:09.350     0     0 I qcom_smd_qrtr_probe: Entered
01-01 00:00:09.354     0     0 I qcom_smd_qrtr_probe: SMD QRTR driver probed
01-01 00:00:09.355     0     0 I         : Info: adsprpc (4799): kworker/0:2: fastrpc_rpmsg_probe: opened rpmsg channel for cdsp
01-01 00:00:09.356     0     0 I sysmon-qmi: ssctl_new_server: Connection established between QMI handle and cdsp's SSCTL service
01-01 00:00:09.364     0     0 I init    : wait for '/dev/block/platform/soc/7c4000.sdhci' took 0ms
01-01 00:00:09.378     0     0 I init    : wait for '/dev/qseecom' took 0ms
01-01 00:00:09.387     0     0 I CAM_INFO: CAM-CPAS: cam_cpas_hw_start: 1093 AXI client=[3][cci][0] comp[1024], comp_ab[1024], uncomp[1024]
01-01 00:00:09.388     0     0 I CAM_INFO: CAM-SENSOR: cam_sensor_driver_cmd: 928 Probe success,slot:0,slave_addr:0x90,sensor_id:0x90
01-01 00:00:09.549     0     0 D vdc     : Waited 40ms for vold
01-01 00:00:09.593     0     0 I sa6155-asoc-snd soc: qcom,msm-audio-apr:qcom,q6core-audio:sound-adp-star: Sound card sa6155-adp-star-snd-card registered
01-01 00:00:09.594     0     0 E snd_event_find_clients: client already present dev=ffffff80d5976810
01-01 00:00:09.594     0     0 I sa6155-asoc-snd soc: qcom,msm-audio-apr:qcom,q6core-audio:sound-adp-star: sa6155_ssr_enable: setting snd_card to ONLINE
01-01 00:00:09.728     0     0 D vdc     : Waited 0ms for vold
01-01 00:00:10.006     0     0 W EXT4-fs (dm-4): Ignoring removed nomblk_io_submit option
01-01 00:00:10.259     0     0 I EXT4-fs (dm-4): recovery complete
01-01 00:00:10.259     0     0 I EXT4-fs (dm-4): mounted filesystem with ordered data mode. Opts: errors=remount-ro,nomblk_io_submit
01-01 00:00:10.278     0     0 I e2fsck  : e2fsck 1.45.4 (23-Sep-2019)
01-01 00:00:10.282     0     0 I e2fsck  : Pass 1: Checking inodes, blocks, and sizes
01-01 00:00:10.459     0     0 I e2fsck  : Pass 2: Checking directory structure
01-01 00:00:10.583     0     0 I e2fsck  : Pass 3: Checking directory connectivity
01-01 00:00:10.584     0     0 I e2fsck  : Pass 4: Checking reference counts
01-01 00:00:10.590     0     0 I e2fsck  : Pass 5: Checking group summary information
01-01 00:00:10.614     0     0 I e2fsck  : data: 4645/294912 files (2.3% non-contiguous), 55161/1179648 blocks
01-01 00:00:10.624     0     0 I EXT4-fs (dm-4): mounted filesystem with ordered data mode. Opts: barrier=1,noauto_da_alloc,discard,inlinecrypt
01-01 00:00:10.628     0     0 I EXT4-fs (mmcblk0p31): mounted filesystem with ordered data mode. Opts: barrier=1
01-01 00:00:10.646     0     0 D vdc     : Waited 0ms for vold
01-01 00:00:10.658     0     0 D vdc     : Waited 0ms for vold
01-01 00:00:10.707     0     0 I fscrypt : AES-256-CTS-CBC using implementation "cts-cbc-aes-ce"
01-01 00:00:10.723     0     0 I apexd   : This device does not support updatable APEX. Exiting
01-01 00:00:10.723     0     0 I apexd   : Marking APEXd as activated
01-01 00:00:10.794     0     0 W         : init (pid 1) is setting an IV_INO_LBLK_32 encryption policy.  This should only be used if there are certain hardware limitations.
01-01 00:00:10.814     0     0 D vdc     : Waited 0ms for vold
01-01 00:00:10.888     0     0 I apexd   : This device does not support updatable APEX. Exiting
01-01 00:00:10.888     0     0 I apexd   : Marking APEXd as ready
01-01 00:00:10.927     0     0 I gpiochip1: (c440000.qcom,spmi:qcom,pm6155@0:pinctrl@c000): allocate IRQ 207, hwirq 9
01-01 00:00:10.927     0     0 I gpiochip1: (c440000.qcom,spmi:qcom,pm6155@0:pinctrl@c000): found parent hwirq 201
01-01 00:00:10.927     0     0 I gpiochip1: (c440000.qcom,spmi:qcom,pm6155@0:pinctrl@c000): alloc_irqs_parent for 207 parent hwirq 201
01-01 00:00:10.930     0     0 I msm-dwc3 a800000.hsusb: DWC3 exited from low power mode
01-01 00:00:10.930     0     0 I gpiochip1: (c440000.qcom,spmi:qcom,pm6155@0:pinctrl@c000): allocate IRQ 208, hwirq 8
01-01 00:00:10.930     0     0 I gpiochip1: (c440000.qcom,spmi:qcom,pm6155@0:pinctrl@c000): found parent hwirq 200
01-01 00:00:10.930     0     0 I gpiochip1: (c440000.qcom,spmi:qcom,pm6155@0:pinctrl@c000): alloc_irqs_parent for 208 parent hwirq 200
01-01 00:00:10.932     0     0 I gpiochip0: (3000000.pinctrl): allocate IRQ 209, hwirq 84
01-01 00:00:10.932     0     0 I gpiochip0: (3000000.pinctrl): found parent hwirq 92
01-01 00:00:10.932     0     0 I gpiochip0: (3000000.pinctrl): alloc_irqs_parent for 209 parent hwirq 92
01-01 00:00:10.934     0     0 F PCIe    : TEST: 11
01-01 00:00:10.934     0     0 F msm_pcie_sel_debug_testcase:  
01-01 00:00:10.934     0     0 F PCIe    : attempting to enumerate RC0
01-01 00:00:10.934     0     0 I msm_pcie_enable: PCIe: Assert the reset of endpoint of RC0.
01-01 00:00:10.937     0     0 I msm_pcie_enable: PCIe: RC0: PCIE20_PARF_INT_ALL_MASK: 0x7f80c202
01-01 00:00:10.939     0     0 I pcie_phy_init: PCIe RC0 PHY is ready!
01-01 00:00:10.949     0     0 I msm_pcie_enable: PCIe: Release the reset of endpoint of RC0.
01-01 00:00:10.965     0     0 I msm_pcie_link_train: PCIe RC0 link initialized
01-01 00:00:10.965     0     0 I pci-msm 1c08000.qcom,pcie: host bridge /soc/qcom,pcie@1c08000 ranges:
01-01 00:00:10.965     0     0 I pci-msm 1c08000.qcom,pcie: No bus range found for /soc/qcom,pcie@1c08000, using [bus 00-ff]
01-01 00:00:10.965     0     0 I pci-msm 1c08000.qcom,pcie: IO 0x40200000..0x402fffff -> 0x40200000
01-01 00:00:10.965     0     0 I pci-msm 1c08000.qcom,pcie: MEM 0x40300000..0x5fffffff -> 0x40300000
01-01 00:00:10.965     0     0 I pci-msm 1c08000.qcom,pcie: MSI: qgic controller is present
01-01 00:00:10.966     0     0 I pci-msm 1c08000.qcom,pcie: PCI host bridge to bus 0000:00
01-01 00:00:10.966     0     0 I pci_bus 0000: 00: root bus resource [bus 00-ff]
01-01 00:00:10.966     0     0 I pci_bus 0000: 00: root bus resource [io  0x0000-0xfffff] (bus address [0x40200000-0x402fffff])
01-01 00:00:10.966     0     0 I pci_bus 0000: 00: root bus resource [mem 0x40300000-0x5fffffff]
01-01 00:00:10.966     0     0 I pci 0000: 00:00.0: [17cb:010a] type 01 class 0x060400
01-01 00:00:10.966     0     0 I pci 0000: 00:00.0: reg 0x10: [mem 0x00000000-0x00000fff 64bit]
01-01 00:00:10.966     0     0 I pci 0000: 00:00.0: PME# supported from D0 D3hot D3cold
01-01 00:00:10.970     0     0 I pci 0000: 00:00.0: bridge configuration invalid ([bus 00-00]), reconfiguring
01-01 00:00:10.972     0     0 I pci 0000: 01:00.0: [14e4:4418] type 00 class 0x028000
01-01 00:00:10.972     0     0 I pci 0000: 01:00.0: reg 0x10: [mem 0x00000000-0x00007fff 64bit]
01-01 00:00:10.972     0     0 I pci 0000: 01:00.0: reg 0x18: [mem 0x00000000-0x003fffff 64bit]
01-01 00:00:10.972     0     0 I pci 0000: 01:00.0: supports D1 D2
01-01 00:00:10.972     0     0 I pci 0000: 01:00.0: PME# supported from D0 D1 D2 D3hot D3cold
01-01 00:00:10.988     0     0 I pci_bus 0000: 01: busn_res: [bus 01-ff] end is updated to 01
01-01 00:00:10.988     0     0 I pci 0000: 00:00.0: bridge window [io  0x1000-0x0fff] to [bus 01] add_size 1000
01-01 00:00:10.988     0     0 I pci 0000: 00:00.0: bridge window [mem 0x00100000-0x000fffff 64bit pref] to [bus 01] add_size 200000 add_align 100000
01-01 00:00:10.988     0     0 I pci 0000: 00:00.0: BAR 8: assigned [mem 0x40400000-0x409fffff]
01-01 00:00:10.988     0     0 I pci 0000: 00:00.0: BAR 9: assigned [mem 0x40a00000-0x40bfffff 64bit pref]
01-01 00:00:10.988     0     0 I pci 0000: 00:00.0: BAR 0: assigned [mem 0x40300000-0x40300fff 64bit]
01-01 00:00:10.988     0     0 I pci 0000: 00:00.0: BAR 7: assigned [io  0x1000-0x1fff]
01-01 00:00:10.988     0     0 I pci 0000: 01:00.0: BAR 2: assigned [mem 0x40400000-0x407fffff 64bit]
01-01 00:00:10.988     0     0 I pci 0000: 01:00.0: BAR 0: assigned [mem 0x40800000-0x40807fff 64bit]
01-01 00:00:10.988     0     0 I pci 0000: 00:00.0: PCI bridge to [bus 01]
01-01 00:00:10.988     0     0 I pci 0000: 00:00.0:   bridge window [io  0x1000-0x1fff]
01-01 00:00:10.988     0     0 I pci 0000: 00:00.0:   bridge window [mem 0x40400000-0x409fffff]
01-01 00:00:10.988     0     0 I pci 0000: 00:00.0:   bridge window [mem 0x40a00000-0x40bfffff 64bit pref]
01-01 00:00:10.990     0     0 I pcieport 0000: 00:00.0: Adding to iommu group 36
01-01 00:00:10.990     0     0 I pcieport 0000: 00:00.0: enabling device (0000 -> 0003)
01-01 00:00:10.991     0     0 I pcieport 0000: 00:00.0: PME: Signaling with IRQ 210
01-01 00:00:10.992     0     0 F msm_pcie_sel_debug_testcase: PCIe: RC0 is successfully enumerated
01-01 00:00:10.999     0     0 W init    : Top-level directory needs encryption action, eg mkdir /data/xAF <mode> <uid> <gid> encryption=Require
01-01 00:00:10.999     0     0 I init    : Verified that /data/xAF has the encryption policy 9691639f35c83c29b31ef06db0ebdcbc v2 modes 1/4 flags 0x12
01-01 00:00:11.006     0     0 W         : Started /vendor/bin/link_i2c.sh /sys/devices/platform/soc/88c000.i2c /dev/i2c-acp
01-01 00:00:11.057     0     0 W         : Creating symlink '/dev/i2c-acp' to '/dev/i2c-8'
01-01 00:00:11.117     0     0 I update_verifier: Started with arg 1: nonencrypted
01-01 00:00:11.118     0     0 I update_verifier: Booting slot 0: isSlotMarkedSuccessful=1
01-01 00:00:11.118     0     0 I update_verifier: Leaving update_verifier.
01-01 00:00:11.254     0     0 I cfg80211: failed to load regulatory.db
01-01 00:00:11.268     0     0 I msm-dsi-panel: [dsi_panel_parse_topology:2843] default topology: lm: 1 comp_enc:0 intf: 1
01-01 00:00:11.268     0     0 I msm-dsi-panel: [dsi_panel_parse_partial_update_caps:2936] partial update disabled as the property is not set
01-01 00:00:11.788     0     0 W healthd : No battery devices found
01-01 00:00:11.793     0     0 W healthd : battery none chg=
01-01 00:00:11.976     0     0 E i2c_geni 88c000.i2c: i2c error :-107
01-01 00:00:12.015     0     0 I chatty  : uid=0(root) logd identical 21 lines
01-01 00:00:12.016     0     0 E i2c_geni 88c000.i2c: i2c error :-107
--------- beginning of crash
01-01 00:00:12.059   525   525 F libc    : Fatal signal 11 (SIGSEGV), code 1 (SEGV_MAPERR), fault addr 0x0 in tid 525 (vendor.harman.L), pid 525 (vendor.harman.L)
01-01 00:00:12.106     0     0 E         : Error: adsprpc (3901): adsprpcd: fastrpc_get_info_from_dsp: could not obtain dsp information, err val -1
01-01 00:00:12.121   598   598 F DEBUG   : *** *** *** *** *** *** *** *** *** *** *** *** *** *** *** ***
01-01 00:00:12.121   598   598 F DEBUG   : Build fingerprint: 'qti/titan_tml_b2/titan_tml_b2:11/RQ3A.210605.005/eng.ksong.20210907.134230:userdebug/test-keys'
01-01 00:00:12.121   598   598 F DEBUG   : Revision: '0'
01-01 00:00:12.121   598   598 F DEBUG   : ABI: 'arm64'
01-01 00:00:12.122   598   598 F DEBUG   : Timestamp: 1970-01-01 00:00:12+0000
01-01 00:00:12.122   598   598 F DEBUG   : pid: 525, tid: 525, name: vendor.harman.L  >>> /vendor/bin/hw/vendor.harman.LogManager@1.0-service <<<
01-01 00:00:12.122   598   598 F DEBUG   : uid: 0
01-01 00:00:12.122   598   598 F DEBUG   : signal 11 (SIGSEGV), code 1 (SEGV_MAPERR), fault addr 0x0
01-01 00:00:12.122   598   598 F DEBUG   : Cause: null pointer dereference
01-01 00:00:12.122   598   598 F DEBUG   :     x0  0000000000000000  x1  0000000000000000  x2  0000000000080001  x3  0000000000000000
01-01 00:00:12.122   598   598 F DEBUG   :     x4  0000000000000000  x5  0000000000008000  x6  53736d647543ff6f  x7  7f7f7f7f7f7f7f7f
01-01 00:00:12.122   598   598 F DEBUG   :     x8  0101010101010101  x9  b9d9143ba4abd00a  x10 0000007ff9572148  x11 fffffffffffffffd
01-01 00:00:12.122   598   598 F DEBUG   :     x12 0000007ff95722d0  x13 000000000000008e  x14 0003567dfb66a800  x15 0000000034155555
01-01 00:00:12.122   598   598 F DEBUG   :     x16 000000563eda27e0  x17 0000007dc37d0b30  x18 0000007dc4daa000  x19 0000000000000000
01-01 00:00:12.122   598   598 F DEBUG   :     x20 0000007dc3b3ac50  x21 0000007ff95729e9  x22 b400007cc31bbc08  x23 0000007ff9572a08
01-01 00:00:12.122   598   598 F DEBUG   :     x24 0000000000000000  x25 0000007dc3dea000  x26 0000007ff95729e9  x27 0000007ff95729b9
01-01 00:00:12.122   598   598 F DEBUG   :     x28 0000000000000000  x29 0000007ff95728f0
01-01 00:00:12.122   598   598 F DEBUG   :     lr  000000563ed99048  sp  0000007ff95728f0  pc  0000007dc37d0b40  pst 0000000080000000
01-01 00:00:12.123   598   598 F DEBUG   : backtrace:
01-01 00:00:12.127   598   598 F DEBUG   :       #00 pc 000000000004ab40  /apex/com.android.runtime/lib64/bionic/libc.so (strlen_default+16) (BuildId: 2b7c6e33413ac7278a15dfc3ea383089)
01-01 00:00:12.127   598   598 F DEBUG   :       #01 pc 0000000000009044  /vendor/bin/hw/vendor.harman.LogManager@1.0-service (BuildId: 3e966ab64050b441b920ba0e8960d123)
01-01 00:00:12.127   598   598 F DEBUG   :       #02 pc 0000000000008df0  /vendor/bin/hw/vendor.harman.LogManager@1.0-service (LM::LogManagerImpl::load_plugin_conf(void*, std::__1::basic_string<char, std::__1::char_traits<char>, std::__1::allocator<char> >, std::__1::multimap<std::__1::basic_string<char, std::__1::char_traits<char>, std::__1::allocator<char> >, int, std::__1::less<std::__1::basic_string<char, std::__1::char_traits<char>, std::__1::allocator<char> > >, std::__1::allocator<std::__1::pair<std::__1::basic_string<char, std::__1::char_traits<char>, std::__1::allocator<char> > const, int> > >&)+752) (BuildId: 3e966ab64050b441b920ba0e8960d123)
01-01 00:00:12.127   598   598 F DEBUG   :       #03 pc 00000000000088c0  /vendor/bin/hw/vendor.harman.LogManager@1.0-service (LM::LogManagerImpl::loadplugins()+436) (BuildId: 3e966ab64050b441b920ba0e8960d123)
01-01 00:00:12.127   598   598 F DEBUG   :       #04 pc 0000000000007af8  /vendor/bin/hw/vendor.harman.LogManager@1.0-service (main+1112) (BuildId: 3e966ab64050b441b920ba0e8960d123)
01-01 00:00:12.127   598   598 F DEBUG   :       #05 pc 000000000004988c  /apex/com.android.runtime/lib64/bionic/libc.so (__libc_init+108) (BuildId: 2b7c6e33413ac7278a15dfc3ea383089)
01-01 00:00:12.135     0     0 E rmt_storage: ERR:main: Mmap Failed for rmts (-1)...pausing execution!
01-01 00:00:12.258     0     0 E         : Error: adsprpc (3901): adsprpcd: fastrpc_get_info_from_dsp: could not obtain dsp information, err val -1
01-01 00:00:12.286     0     0 I servloc : service_locator_new_server: Connection established with the Service locator
01-01 00:00:12.286     0     0 I servloc : init_service_locator: Service locator initialized
01-01 00:00:12.287     0     0 I adsprpc : fastrpc_get_service_location_notify: PDR notifier for adsp registered for msm/adsp/audio_pd (audio_pdr_adsprpc)
01-01 00:00:12.287     0     0 I adsprpc : fastrpc_get_service_location_notify: audio_pdr_adsprpc (msm/adsp/audio_pd) PDR service for adsp is uninitialized
01-01 00:00:12.289     0     0 I service-notifier: service_notifier_new_server: Connection established between QMI handle and 74 service
01-01 00:00:12.291     0     0 I adsprpc : fastrpc_pdr_notifier_cb: msm/adsp/audio_pd (audio_pdr_adsprpc) is up on adsp
01-01 00:00:12.316     0     0 E         : Error: adsprpc (1269): adsprpcd: fastrpc_mmap_create: Failed to add CMA to Minidump for tgid: 337, phys: 0xdf800000, size: 2097152
01-01 00:00:12.332     0     0 E         : Error: adsprpc (3901): adsprpcd: fastrpc_get_info_from_dsp: could not obtain dsp information, err val -1
01-01 00:00:12.345     0     0 I         : Mass Storage Function, version: 2009/09/11
01-01 00:00:12.345     0     0 I LUN     : removable file: (no medium)
01-01 00:00:12.357     0     0 E         : Error: adsprpc (3901): adsprpcd: fastrpc_get_info_from_dsp: could not obtain dsp information, err val -1
01-01 00:00:12.369     0     0 I         : file system registered
01-01 00:00:12.381     0     0 I f_cdev_alloc: port_name:at_usb0 (ffffff80b8205c00) portno:(0)
01-01 00:00:12.382     0     0 I f_cdev_alloc: port_name:at_usb1 (ffffff80ac339400) portno:(1)
01-01 00:00:12.384     0     0 I f_cdev_alloc: port_name:at_usb2 (ffffff80ac323000) portno:(2)
01-01 00:00:12.397     0     0 W         : using random self ethernet address
01-01 00:00:12.397     0     0 W         : using random host ethernet address
01-01 00:00:12.413     0     0 W         : using random self ethernet address
01-01 00:00:12.413     0     0 W         : using random host ethernet address
01-01 00:00:12.455     0     0 E         : Error: adsprpc (3901): adsprpcd: fastrpc_get_info_from_dsp: could not obtain dsp information, err val -1
01-01 00:00:12.465     0     0 I init    : starting service 'exec 18 (/vendor/bin/init.qcom.usb.sh)'...
01-01 00:00:12.470     0     0 I init    : processing action (vendor.usb.use_ffs_mtp=1 && boot) from (/vendor/etc/init/hw/init.qcom.usb.rc:111)
01-01 00:00:12.484     0     0 I init    : processing action (boot) from (/vendor/etc/init/hw/init.target.rc:152)
01-01 00:00:12.485     0     0 I init    : Command 'start rmt_storage' action=boot (/vendor/etc/init/hw/init.target.rc:155) took 0ms and failed: service rmt_storage not found
01-01 00:00:12.485     0     0 I init    : Command 'start rfs_access' action=boot (/vendor/etc/init/hw/init.target.rc:156) took 0ms and failed: service rfs_access not found
01-01 00:00:12.537     0     0 I gpiochip0: (3000000.pinctrl): allocate IRQ 211, hwirq 85
01-01 00:00:12.537     0     0 I gpiochip0: (3000000.pinctrl): found parent hwirq 99
01-01 00:00:12.537     0     0 I gpiochip0: (3000000.pinctrl): alloc_irqs_parent for 211 parent hwirq 99
01-01 00:00:12.554     0     0 I msm_vidc: high: 00000001: ....d: Opening video instance: ffffff8090d04000, 1
01-01 00:00:12.558     0     0 I subsys-pil-tz aae0000.qcom,venus: venus: loading from 0x0000000093400000 to 0x0000000093900000
01-01 00:00:12.559     0     0 E         : Error: adsprpc (3901): adsprpcd: fastrpc_get_info_from_dsp: could not obtain dsp information, err val -1
01-01 00:00:12.562     0     0 I init    : processing action (boot) from (/vendor/etc/init/hw/init.target.rc:346)
01-01 00:00:12.571     0     0 I init    : Command 'insmod /vendor/lib/modules/emac_dwc_eqos.ko' action=boot (/vendor/etc/init/hw/init.target.rc:347) took 0ms and failed: open("/vendor/lib/modules/emac_dwc_eqos.ko") failed: No such file or directory
01-01 00:00:12.571     0     0 I init    : processing action (boot) from (/system/etc/init/dumpstate.rc:1)
01-01 00:00:12.572     0     0 I init    : processing action (boot) from (/system/etc/init/gsid.rc:20)
01-01 00:00:12.573     0     0 I init    : starting service 'exec 19 (/system/bin/gsid run-startup-tasks)'...
01-01 00:00:12.585     0     0 I subsys-pil-tz aae0000.qcom,venus: venus: Brought out of reset
01-01 00:00:12.585     0     0 I         : pil_boot is successful from venus and waiting for error ready
01-01 00:00:12.653     0     0 I msm_vidc: high: 00000001: h264d: Closed video instance: ffffff8090d04000
01-01 00:00:12.655     0     0 I msm_vidc: high: 00000001: ....d: Opening video instance: ffffff8090d04000, 1
01-01 00:00:12.677     0     0 I msm_vidc: high: 00000001: h264d: Closed video instance: ffffff8090d04000
01-01 00:00:12.679     0     0 I msm_vidc: high: 00000001: ....d: Opening video instance: ffffff8090d04000, 1
01-01 00:00:12.703     0     0 I msm_vidc: high: 00000001: h264d: Closed video instance: ffffff8090d04000
01-01 00:00:12.706     0     0 I msm_vidc: high: 00000001: ....d: Opening video instance: ffffff8090d04000, 1
01-01 00:00:12.734     0     0 I msm_vidc: high: 00000001: h265d: Closed video instance: ffffff8090d04000
01-01 00:00:12.737     0     0 I msm_vidc: high: 00000001: ....d: Opening video instance: ffffff8090d04000, 1
01-01 00:00:12.763     0     0 I msm_vidc: high: 00000001: h265d: Closed video instance: ffffff8090d04000
01-01 00:00:12.768     0     0 I msm_vidc: high: 00000001: ....d: Opening video instance: ffffff8090d04000, 1
01-01 00:00:12.796     0     0 I msm_vidc: high: 00000001: h265d: Closed video instance: ffffff8090d04000
01-01 00:00:12.800     0     0 I msm_vidc: high: 00000001: ....d: Opening video instance: ffffff8090d04000, 1
01-01 00:00:12.813     0     0 W         : using random self ethernet address
01-01 00:00:12.813     0     0 W         : using random host ethernet address
01-01 00:00:12.815     0     0 I msm_vidc: high: 00000001:  vp8d: Closed video instance: ffffff8090d04000
01-01 00:00:12.818     0     0 I msm_vidc: high: 00000001: ....d: Opening video instance: ffffff8090d04000, 1
01-01 00:00:12.835     0     0 I msm_vidc: high: 00000001:  vp9d: Closed video instance: ffffff8090d04000
01-01 00:00:12.839     0     0 I msm_vidc: high: 00000001: ....d: Opening video instance: ffffff8090d04000, 1
01-01 00:00:12.870     0     0 I msm_vidc: high: 00000001:  vp9d: Closed video instance: ffffff8090d04000
01-01 00:00:12.874     0     0 I msm_vidc: high: 00000001: ....d: Opening video instance: ffffff8090d04000, 1
01-01 00:00:12.885     0     0 I msm_vidc: high: 00000001: mpg2d: Closed video instance: ffffff8090d04000
01-01 00:00:12.889     0     0 I msm_vidc: high: 00000001: ....d: Opening video instance: ffffff8090d04000, 1
01-01 00:00:12.900     0     0 I msm_vidc: high: 00000001: mpg2d: Closed video instance: ffffff8090d04000
01-01 00:00:12.904     0     0 I msm_vidc: high: 00000001: ....e: Opening video instance: ffffff808146c000, 0
01-01 00:00:12.905     0     0 I         : read descriptors
01-01 00:00:12.905     0     0 I         : read strings
01-01 00:00:12.905     0     0 I         : read descriptors
01-01 00:00:12.905     0     0 I         : read strings
01-01 00:00:12.906     0     0 I         : read descriptors
01-01 00:00:12.906     0     0 I         : read strings
01-01 00:00:12.922     0     0 I msm_vidc: high: 00000001: h264e: Closed video instance: ffffff808146c000
01-01 00:00:12.928     0     0 I msm_vidc: high: 00000001: ....e: Opening video instance: ffffff808158c000, 0
01-01 00:00:12.939     0     0 I msm_vidc: high: 00000001: h265e: Closed video instance: ffffff808158c000
01-01 00:00:12.951     0     0 I msm_vidc: high: 00000001: ....e: Opening video instance: ffffff8008f10000, 0
01-01 00:00:12.958     0     0 I msm_vidc: err : 00000001: ....e: msm_vidc_comm_update_ctrl: failed: control name Ltr Count, min 0, max 0, step 0, default_value 0
01-01 00:00:12.958     0     0 I msm_vidc: err : 00000001: ....e: msm_vidc_comm_update_ctrl: failed: control name Video B Frames, min 0, max 0, step 0, default_value 0
01-01 00:00:12.972     0     0 I msm_vidc: high: 00000001:  vp8e: Closed video instance: ffffff8008f10000
01-01 00:00:13.414     0     0 E         : Error: adsprpc (3901): cdsprpcd: fastrpc_get_info_from_dsp: could not obtain dsp information, err val -1
01-01 00:00:13.718     0     0 I dsi-ctrl: [_dsi_ctrl_setup_isr] [DSI_0] IRQ 212 registered
01-01 00:00:13.733     0     0 W         : [drm:programmable_fetch_get_num_lines:225] low vbp+vfp may lead to perf issues in some cases
01-01 00:00:13.733     0     0 I         : max96755 enabled
01-01 00:00:13.865     0     0 I         : cnss-daemon interop issues ap: read_iot_ap_file: No such file /data/vendor/wifi/iotap_ps.bin
01-01 00:00:13.905     0     0 I         : cnss-daemon interop issues ap: read_iot_ap_ps_from_file, read file error
01-01 00:00:13.962     0     0 I         : read descriptors
01-01 00:00:13.962     0     0 I         : read strings
01-01 00:00:13.993     0     0 I         : cnss-daemon Failed to init genl between daemon and platform, continue
01-01 00:00:14.022     0     0 I cnss-daemon wlfw_start: Starting
01-01 00:00:14.059     0     0 I         : cnss-daemon No Modem support for this target number of modems is 0
01-01 00:00:14.068     0     0 I cnss-daemon wlfw_service_request: Start the pthread: 0x0K
01-01 00:00:14.304     0     0 I android_work: sent uevent USB_STATE=CONNECTED
01-01 00:00:14.329     0     0 I configfs-gadget gadget: high-speed config #1: b
01-01 00:00:14.329     0     0 I android_work: sent uevent USB_STATE=CONFIGURED
01-01 00:00:15.535     0     0 I core_get_license_status: cmdrsp_license_result.result = 0x15 for module 0x131ff
01-01 00:00:15.603     0     0 E         : msm_pcm_volume_ctl_get substream not found
01-01 00:00:16.432     0     0 E tdm_param_set_slot_mask: invalid slot map setting
01-01 00:00:16.440     0     0 I afe_get_cal_topology_id: port_id = 0x9030 acdb_id = 122 topology_id = 0x112fc cal_type_index=8 ret=0
01-01 00:00:16.440     0     0 E send_afe_cal_type: No cal sent for cal_index 0, port_id = 0x9030! ret -22
01-01 00:00:16.448     0     0 I afe_send_hw_delay: port_id 0x9030 rate 48000 delay_usec 0 status 0
01-01 00:00:16.778  1109  1109 F libc    : Fatal signal 11 (SIGSEGV), code 1 (SEGV_MAPERR), fault addr 0x0 in tid 1109 (vendor.harman.L), pid 1109 (vendor.harman.L)
01-01 00:00:16.811  1114  1114 F DEBUG   : *** *** *** *** *** *** *** *** *** *** *** *** *** *** *** ***
01-01 00:00:16.811  1114  1114 F DEBUG   : Build fingerprint: 'qti/titan_tml_b2/titan_tml_b2:11/RQ3A.210605.005/eng.ksong.20210907.134230:userdebug/test-keys'
01-01 00:00:16.811  1114  1114 F DEBUG   : Revision: '0'
01-01 00:00:16.811  1114  1114 F DEBUG   : ABI: 'arm64'
01-01 00:00:16.812  1114  1114 F DEBUG   : Timestamp: 1970-01-01 00:00:16+0000
01-01 00:00:16.812  1114  1114 F DEBUG   : pid: 1109, tid: 1109, name: vendor.harman.L  >>> /vendor/bin/hw/vendor.harman.LogManager@1.0-service <<<
01-01 00:00:16.812  1114  1114 F DEBUG   : uid: 0
01-01 00:00:16.812  1114  1114 F DEBUG   : signal 11 (SIGSEGV), code 1 (SEGV_MAPERR), fault addr 0x0
01-01 00:00:16.812  1114  1114 F DEBUG   : Cause: null pointer dereference
01-01 00:00:16.812  1114  1114 F DEBUG   :     x0  0000000000000000  x1  0000000000000000  x2  0000000000080001  x3  0000000000000000
01-01 00:00:16.812  1114  1114 F DEBUG   :     x4  0000000000000000  x5  0000000000000090  x6  fefefefefefefeff  x7  7f7f7f7f7f7f7f7f
01-01 00:00:16.812  1114  1114 F DEBUG   :     x8  0101010101010101  x9  ceed9ba2832f26d5  x10 0000007feb30a198  x11 fffffffffffffffd
01-01 00:00:16.812  1114  1114 F DEBUG   :     x12 0000007feb30a320  x13 000000000000008e  x14 002e40d1f999b800  x15 0000000034155555
01-01 00:00:16.812  1114  1114 F DEBUG   :     x16 00000064f314d7e0  x17 0000007211719b30  x18 0000007212ca8000  x19 0000000000000000
01-01 00:00:16.812  1114  1114 F DEBUG   :     x20 00000072113b9c50  x21 0000007feb30aa39  x22 b4000071112bec38  x23 0000007feb30aa58
01-01 00:00:16.812  1114  1114 F DEBUG   :     x24 0000000000000000  x25 0000007211f02000  x26 0000007feb30aa39  x27 0000007feb30aa09
01-01 00:00:16.812  1114  1114 F DEBUG   :     x28 0000000000000000  x29 0000007feb30a940
01-01 00:00:16.812  1114  1114 F DEBUG   :     lr  00000064f3144048  sp  0000007feb30a940  pc  0000007211719b40  pst 0000000080000000
01-01 00:00:16.813  1114  1114 F DEBUG   : backtrace:
01-01 00:00:16.813  1114  1114 F DEBUG   :       #00 pc 000000000004ab40  /apex/com.android.runtime/lib64/bionic/libc.so (strlen_default+16) (BuildId: 2b7c6e33413ac7278a15dfc3ea383089)
01-01 00:00:16.813  1114  1114 F DEBUG   :       #01 pc 0000000000009044  /vendor/bin/hw/vendor.harman.LogManager@1.0-service (BuildId: 3e966ab64050b441b920ba0e8960d123)
01-01 00:00:16.813  1114  1114 F DEBUG   :       #02 pc 0000000000008df0  /vendor/bin/hw/vendor.harman.LogManager@1.0-service (LM::LogManagerImpl::load_plugin_conf(void*, std::__1::basic_string<char, std::__1::char_traits<char>, std::__1::allocator<char> >, std::__1::multimap<std::__1::basic_string<char, std::__1::char_traits<char>, std::__1::allocator<char> >, int, std::__1::less<std::__1::basic_string<char, std::__1::char_traits<char>, std::__1::allocator<char> > >, std::__1::allocator<std::__1::pair<std::__1::basic_string<char, std::__1::char_traits<char>, std::__1::allocator<char> > const, int> > >&)+752) (BuildId: 3e966ab64050b441b920ba0e8960d123)
01-01 00:00:16.813  1114  1114 F DEBUG   :       #03 pc 00000000000088c0  /vendor/bin/hw/vendor.harman.LogManager@1.0-service (LM::LogManagerImpl::loadplugins()+436) (BuildId: 3e966ab64050b441b920ba0e8960d123)
01-01 00:00:16.813  1114  1114 F DEBUG   :       #04 pc 0000000000007af8  /vendor/bin/hw/vendor.harman.LogManager@1.0-service (main+1112) (BuildId: 3e966ab64050b441b920ba0e8960d123)
01-01 00:00:16.813  1114  1114 F DEBUG   :       #05 pc 000000000004988c  /apex/com.android.runtime/lib64/bionic/libc.so (__libc_init+108) (BuildId: 2b7c6e33413ac7278a15dfc3ea383089)
01-01 00:00:17.076     0     0 I afe_get_cal_topology_id: port_id = 0x9031 acdb_id = 125 topology_id = 0x112fb cal_type_index=8 ret=0
01-01 00:00:17.076     0     0 E send_afe_cal_type: No cal sent for cal_index 1, port_id = 0x9031! ret -22
01-01 00:00:17.085     0     0 I afe_send_hw_delay: port_id 0x9031 rate 48000 delay_usec 0 status 0
01-01 00:00:17.313     0     0 I event_handler: reclaimed all bufs
01-01 00:00:17.324     0     0 E tdm_param_set_slot_mask: invalid slot map setting
01-01 00:00:17.331     0     0 I afe_get_cal_topology_id: port_id = 0x9033 acdb_id = 143 topology_id = 0x112fb cal_type_index=8 ret=0
01-01 00:00:17.331     0     0 E send_afe_cal_type: No cal sent for cal_index 1, port_id = 0x9033! ret -22
01-01 00:00:17.340     0     0 I afe_send_hw_delay: port_id 0x9033 rate 48000 delay_usec 0 status 0
01-01 00:00:17.565     0     0 I event_handler: reclaimed all bufs
01-01 00:00:18.088     0     0 E init    : Control message: Could not find 'android.frameworks.sensorservice@1.0::ISensorManager/default' for ctl.interface_start from pid: 376 (/system/bin/hwservicemanager)
01-01 00:00:18.108     0     0 E init    : Control message: Could not find 'android.frameworks.sensorservice@1.0::ISensorManager/default' for ctl.interface_start from pid: 376 (/system/bin/hwservicemanager)
01-01 00:00:18.743     0     0 I init    : Control message: Processed ctl.start for 'idmap2d' from pid: 1033 (system_server)
01-01 00:00:18.797     0     0 W healthd : battery none chg=
01-01 00:00:19.128     0     0 I init    : processing action (sys.sysctl.extra_free_kbytes=*) from (/system/etc/init/hw/init.rc:990)
01-01 00:00:19.742     0     0 I         : read descriptors
01-01 00:00:19.742     0     0 I         : read strings
01-01 00:00:19.742     0     0 I         : read descriptors
01-01 00:00:19.742     0     0 I         : read strings
01-01 00:00:19.748     0     0 I         : acc_open
01-01 00:00:19.748     0     0 I         : acc_release
01-01 00:00:19.923     0     0 I q1110   : dts init and timing init!
01-01 00:00:20.148     0     0 I q1110   : q1110_dts_init return 0x1000
01-01 00:00:20.148     0     0 I q1110   : read com port control reg = 0x000e!
01-01 00:00:20.149     0     0 I         : qcom-ethqos 20000.qcom,ethernet eth0: PHY [stmmac-0:01] driver [Marvell 88Q111x]
01-01 00:00:20.181     0     0 I         : qcom-ethqos 20000.qcom,ethernet eth0: No Safety Features support found
01-01 00:00:20.181     0     0 I         : qcom-ethqos 20000.qcom,ethernet eth0: IEEE 1588-2008 Advanced Timestamp supported
01-01 00:00:20.182     0     0 I         : qcom-ethqos 20000.qcom,ethernet eth0: registered PTP clock
01-01 00:00:20.182     0     0 I         : qcom-ethqos 20000.qcom,ethernet eth0: configuring for phy/rgmii link mode
01-01 00:00:21.160     0     0 I selinux : SELinux: Skipping restorecon on directory(/data/system_ce/0)
01-01 00:00:21.160     0     0 I selinux :  
01-01 00:00:21.169     0     0 I selinux : SELinux: Skipping restorecon on directory(/data/vendor_ce/0)
01-01 00:00:21.169     0     0 I selinux :  
01-01 00:00:21.181     0     0 I selinux : SELinux: Skipping restorecon on directory(/data/misc_ce/0)
01-01 00:00:21.182     0     0 I selinux :  
01-01 00:00:23.022     0     0 I binder  : undelivered TRANSACTION_COMPLETE
01-01 00:00:23.022     0     0 I binder  : undelivered transaction 24938, process died.
01-01 00:00:23.123     0     0 I init    : processing action (sys.usb.config=adb && sys.usb.configfs=1) from (/vendor/etc/init/hw/init.qcom.usb.rc:1627)
01-01 00:00:23.124     0     0 I init    : processing action (sys.usb.config=adb && sys.usb.configfs=1) from (/system/etc/init/hw/init.usb.configfs.rc:17)
01-01 00:00:23.124     0     0 I init    : starting service 'adbd'...
01-01 00:00:23.125     0     0 I init    : Created socket '/dev/socket/adbd', mode 660, user 1000, group 1000
01-01 00:00:23.157     0     0 I         : read descriptors
01-01 00:00:23.158     0     0 I         : read strings
01-01 00:00:23.159     0     0 I init    : processing action (sys.usb.config=adb && sys.usb.configfs=1 && sys.usb.ffs.ready=1) from (/system/etc/init/hw/init.usb.configfs.rc:20)
01-01 00:00:23.221     0     0 I init    : Command 'write /config/usb_gadget/g1/UDC ${sys.usb.controller}' action=sys.usb.config=adb && sys.usb.configfs=1 && sys.usb.ffs.ready=1 (/system/etc/init/hw/init.usb.configfs.rc:23) took 59ms and succeeded
01-01 00:00:23.424     0     0 I android_work: sent uevent USB_STATE=DISCONNECTED
01-01 00:00:23.469     0     0 I selinux : SELinux: Skipping restorecon on directory(/data/system_ce/10)
01-01 00:00:23.469     0     0 I selinux :  
01-01 00:00:23.473     0     0 I android_work: sent uevent USB_STATE=CONNECTED
01-01 00:00:23.476     0     0 I selinux : SELinux: Skipping restorecon on directory(/data/vendor_ce/10)
01-01 00:00:23.476     0     0 I selinux :  
01-01 00:00:23.502     0     0 I configfs-gadget gadget: high-speed config #1: b
01-01 00:00:23.502     0     0 I android_work: sent uevent USB_STATE=CONFIGURED
01-01 00:00:26.378     0     0 I         : Boot completed
01-01 00:00:26.820     0     0 W audit_log_lost: 875 callbacks suppressed
01-01 00:00:26.821     0     0 W audit   : audit_lost=101 audit_rate_limit=5 audit_backlog_limit=64
01-01 00:00:26.821     0     0 E audit   : rate limit exceeded
01-01 00:00:27.172     0     0 I zram0   : detected capacity change from 0 to 1610612736
01-01 00:00:27.288     0     0 I         : Adding 1572860k swap on /dev/block/zram0.  Priority:32758 extents:1 across:1572860k SS
01-01 00:00:27.833     0     0 W audit   : audit_lost=141 audit_rate_limit=5 audit_backlog_limit=64
01-01 00:00:27.833     0     0 E audit   : rate limit exceeded
01-01 00:00:28.006     0     0 W         : ------------[ cut here ]------------
01-01 00:00:28.006     0     0 W         : Unbalanced enable for IRQ 35
01-01 00:00:28.006     0     0 W         : WARNING: CPU: 1 PID: 3692 at kernel/irq/manage.c:636 enable_irq+0x98/0xf0
01-01 00:00:28.006     0     0 I         : Modules linked in: fs3ipc_dlkm(O) machine_dlkm hdmi_dlkm stub_dlkm swr_dlkm native_dlkm platform_dlkm q6_dlkm adsp_loader_dlkm apr_dlkm q6_notifier_dlkm snd_event_dlkm
01-01 00:00:28.006     0     0 I         : CPU: 1 PID: 3692 Comm: amfmSi479xxHw_1 Tainted: G S      W  O      5.4.61-qgki-debug+ #1
01-01 00:00:28.006     0     0 I Hardware name: HARMAN INTL. SA6155P TITAN-TML-GEN3 (DT)
01-01 00:00:28.006     0     0 I pstate  : 60400085 (nZCv daIf +PAN -UAO)
01-01 00:00:28.006     0     0 I pc      : enable_irq+0x98/0xf0
01-01 00:00:28.006     0     0 I lr      : enable_irq+0x98/0xf0
01-01 00:00:28.006     0     0 I sp      : ffffffc01e1c38e0
01-01 00:00:28.006     0     0 I         : x29: ffffffc01e1c38f0 x28: ffffff80c07a8000
01-01 00:00:28.006     0     0 I         : x27: 0000000000000000 x26: ffffff80d5c96010
01-01 00:00:28.006     0     0 I         : x25: 0000000000000004 x24: 0000000000000000
01-01 00:00:28.006     0     0 I         : x23: ffffffd5b971f5b4 x22: ffffff80d5fca608
01-01 00:00:28.006     0     0 I         : x21: ffffff80b60f4000 x20: 0000000000000023
01-01 00:00:28.006     0     0 I         : x19: ffffff80d63c0800 x18: ffffffc019bdd088
01-01 00:00:28.006     0     0 I         : x17: 000000000000004c x16: 000000000000004c
01-01 00:00:28.006     0     0 I         : x15: 0000000000000004 x14: 000000000000002c
01-01 00:00:28.006     0     0 I         : x13: 0000000000002650 x12: 0000000000000000
01-01 00:00:28.006     0     0 I         : x11: 0000000000000004 x10: 00000000ffffffff
01-01 00:00:28.006     0     0 I         : x9 : 84d04ebacf59a800 x8 : 84d04ebacf59a800
01-01 00:00:28.006     0     0 I         : x7 : 0000000000000000 x6 : ffffffd5baf8cc24
01-01 00:00:28.006     0     0 I         : x5 : ffffffd5baa1a000 x4 : 000000000000000a
01-01 00:00:28.006     0     0 I         : x3 : 0000000000003533 x2 : 0000000000000007
01-01 00:00:28.006     0     0 I         : x1 : 0000000000000006 x0 : 000000000000001c
01-01 00:00:28.006     0     0 I Call trace:  
01-01 00:00:28.006     0     0 I         : enable_irq+0x98/0xf0
01-01 00:00:28.006     0     0 I         : spi_geni_runtime_resume+0x94/0x128
01-01 00:00:28.006     0     0 I         : pm_generic_runtime_resume+0x44/0x80
01-01 00:00:28.006     0     0 I         : __rpm_callback+0x98/0x208
01-01 00:00:28.006     0     0 I         : rpm_resume+0x458/0x6a4
01-01 00:00:28.006     0     0 I         : __pm_runtime_resume+0x60/0xa0
01-01 00:00:28.006     0     0 I         : spi_geni_prepare_transfer_hardware+0x90/0x1dc
01-01 00:00:28.006     0     0 I         : __spi_pump_messages+0x354/0x8c4
01-01 00:00:28.006     0     0 I         : __spi_sync+0x2d4/0x32c
01-01 00:00:28.006     0     0 I         : spi_sync+0x30/0x54
01-01 00:00:28.006     0     0 I         : spidev_read+0x120/0x1b4
01-01 00:00:28.006     0     0 I         : __vfs_read+0x60/0x204
01-01 00:00:28.006     0     0 I         : vfs_read+0xbc/0x15c
01-01 00:00:28.006     0     0 I         : ksys_read+0x78/0xe4
01-01 00:00:28.006     0     0 I         : __arm64_sys_read+0x1c/0x28
01-01 00:00:28.006     0     0 I         : el0_svc_common+0xb4/0x19c
01-01 00:00:28.006     0     0 I         : el0_svc_handler+0x74/0x98
01-01 00:00:28.006     0     0 I         : el0_svc+0x8/0xc
01-01 00:00:28.006     0     0 W         : ---[ end trace ca98f18c7032045c ]---
01-01 00:00:28.007     0     0 I spi_geni 62688000.spi: tx_fifo 16 rx_fifo 16 tx_width 32
01-01 00:00:28.105     0     0 I binder  : undelivered transaction 47082, process died.
01-01 00:00:28.870     0     0 W audit   : audit_lost=170 audit_rate_limit=5 audit_backlog_limit=64
01-01 00:00:28.870     0     0 E audit   : rate limit exceeded
01-01 00:00:29.487     0     0 E tdm_param_set_slot_mask: invalid slot map setting
01-01 00:00:29.494     0     0 I afe_get_cal_topology_id: port_id = 0x9033 acdb_id = 143 topology_id = 0x112fb cal_type_index=8 ret=0
01-01 00:00:29.494     0     0 E send_afe_cal_type: No cal sent for cal_index 1, port_id = 0x9033! ret -22
01-01 00:00:29.502     0     0 I afe_send_hw_delay: port_id 0x9033 rate 48000 delay_usec 0 status 0
01-01 00:00:30.496     0     0 I IRQ 5   : no longer affine to CPU5
01-01 00:00:31.651     0     0 I init    : starting service 'qccsyshalservice'...
01-01 00:00:31.689     0     0 I init    : Service 'qccsyshalservice' (pid 4169) exited with status 1
01-01 00:00:31.689     0     0 I init    : Sending signal 9 to service 'qccsyshalservice' (pid 4169) process group...
01-01 00:00:31.690     0     0 I libprocessgroup: Successfully killed process cgroup uid 1000 pid 4169 in 0ms
01-01 00:00:31.751     0     0 I init    : starting service 'vendor.sensors-hal-1-0'...
01-01 00:00:31.757     0     0 I init    : starting service 'LogManager'...
01-01 00:00:31.774     0     0 I init    : Service 'vendor.sensors-hal-1-0' (pid 4170) exited with status 1
01-01 00:00:31.774     0     0 I init    : Sending signal 9 to service 'vendor.sensors-hal-1-0' (pid 4170) process group...
01-01 00:00:31.775     0     0 I libprocessgroup: Successfully killed process cgroup uid 1000 pid 4170 in 0ms
01-01 00:00:31.787     0     0 W audit   : audit_lost=198 audit_rate_limit=5 audit_backlog_limit=64
01-01 00:00:31.787     0     0 E audit   : rate limit exceeded
01-01 00:00:31.860     0     0 D logd    : logdr: UID=0 GID=1000 PID=4175 n tail=50 logMask=8 pid=4171 start=0ns timeout=0ns
--------- beginning of system
09-07 14:25:16.068   530   602 E NetlinkEvent: NetlinkEvent::FindParam(): Parameter 'PRODUCT' not found
09-07 14:25:16.068   530   602 E NetlinkEvent: NetlinkEvent::FindParam(): Parameter 'DEVNAME' not found
09-07 14:25:16.068   530   602 E NetlinkEvent: NetlinkEvent::FindParam(): Parameter 'INTERFACE' not found
09-07 14:25:16.069   531   595 E NetlinkEvent: NetlinkEvent::FindParam(): Parameter 'dual_role_usb' not found
09-07 14:25:16.069   531   595 E NetlinkEvent: NetlinkEvent::FindParam(): Parameter 'OVER_CURRENT_PORT' not found
09-07 14:25:16.069   531   595 E NetlinkEvent: NetlinkEvent::FindParam(): Parameter 'UNRECOGNIZED_USB_DEVICE_ON_PORT' not found
09-07 14:25:16.069   530   602 E NetlinkEvent: NetlinkEvent::FindParam(): Parameter 'PRODUCT' not found
09-07 14:25:16.069   530   602 E NetlinkEvent: NetlinkEvent::FindParam(): Parameter 'DEVNAME' not found
09-07 14:25:16.069   530   602 E NetlinkEvent: NetlinkEvent::FindParam(): Parameter 'INTERFACE' not found
09-07 14:25:16.069   531   595 E NetlinkEvent: NetlinkEvent::FindParam(): Parameter 'dual_role_usb' not found
09-07 14:25:16.069   531   595 E NetlinkEvent: NetlinkEvent::FindParam(): Parameter 'OVER_CURRENT_PORT' not found
09-07 14:25:16.069   531   595 E NetlinkEvent: NetlinkEvent::FindParam(): Parameter 'UNRECOGNIZED_USB_DEVICE_ON_PORT' not found
09-07 14:25:16.076  1033  1055 I chatty  : uid=1000(system) android.io expire 4 lines
09-07 14:25:16.084  1033  1033 I chatty  : uid=1000 system_server expire 207 lines
09-07 14:25:16.097  1033  1185 I chatty  : uid=1000(system) NetworkWatchlis expire 2 lines
09-07 14:25:16.149  1033  1187 I chatty  : uid=1000(system) StorageManagerS expire 4 lines
09-07 14:25:16.157  1033  1188 I chatty  : uid=1000 system_server expire 4 lines
09-07 14:25:16.178  1033  1190 I chatty  : uid=1000 system_server expire 5 lines
09-07 14:25:16.255  1033  1154 I chatty  : uid=1000 system_server expire 5 lines
09-07 14:25:16.561   473   473 D ZygoteInitTiming_lazy: PreloadClasses took to complete: 720ms
09-07 14:25:16.578   473   473 D ZygoteInitTiming_lazy: CacheNonBootClasspathClassLoaders took to complete: 17ms
09-07 14:25:16.596   473   473 D ZygoteInitTiming_lazy: PreloadResources took to complete: 18ms
09-07 14:25:16.705   512  1224 I KPI_Marker: [21.278565] [HarmanAudioEffect] Entertainment_Audio_Muted
09-07 14:25:16.750  1033  1060 I chatty  : uid=1000 system_server expire 7 lines
09-07 14:25:16.760  1033  1033 I chatty  : uid=1000 system_server expire 241 lines
09-07 14:25:16.761  1033  1180 I chatty  : uid=1000(system) HwBinder:1033_2 expire 1 line
09-07 14:25:16.770  1033  1209 I chatty  : uid=1000(system) ConnectivitySer expire 1 line
09-07 14:25:16.789  1033  1163 I chatty  : uid=1000 system_server expire 7 lines
09-07 14:25:16.858  1033  1054 I chatty  : uid=1000(system) android.ui expire 1 line
09-07 14:25:16.875  1033  1172 I chatty  : uid=1000 system_server expire 4 lines
09-07 14:25:16.876  1033  1033 I chatty  : uid=1000 system_server expire 249 lines
09-07 14:25:16.893  1033  1171 I chatty  : uid=1000 system_server expire 3 lines
09-07 14:25:16.929  1033  1209 I chatty  : uid=1000(system) ConnectivitySer expire 2 lines
09-07 14:25:16.943  1033  1033 I chatty  : uid=1000 system_server expire 243 lines
09-07 14:25:16.959  1033  1100 I chatty  : uid=1000(system) PowerManagerSer expire 2 lines
09-07 14:25:16.959  1033  1090 I chatty  : uid=1000(system) batterystats-wo expire 3 lines
09-07 14:25:16.960  1033  1063 I chatty  : uid=1000(system) android.bg expire 3 lines
09-07 14:25:17.016  1033  1056 I chatty  : uid=1000(system) android.display expire 2 lines
09-07 14:25:17.019  1033  1105 I chatty  : uid=1000(system) PackageManager expire 1 line
09-07 14:25:17.022  1033  1033 I chatty  : uid=1000 system_server expire 171 lines
09-07 14:25:17.026  1033  1176 I chatty  : uid=1000 system_server expire 8 lines
09-07 14:25:17.026  1033  1188 I chatty  : uid=1000 system_server expire 40 lines
09-07 14:25:17.026  1033  1190 I chatty  : uid=1000 system_server expire 8 lines
09-07 14:25:17.026  1033  1154 I chatty  : uid=1000 system_server expire 4 lines
09-07 14:25:17.026  1033  1163 I chatty  : uid=1000 system_server expire 8 lines
09-07 14:25:17.027  1033  1172 I chatty  : uid=1000 system_server expire 4 lines
09-07 14:25:17.027  1033  1060 I chatty  : uid=1000 system_server expire 8 lines
09-07 14:25:17.029  1033  1171 I chatty  : uid=1000 system_server expire 11 lines
09-07 14:25:17.101  1033  1033 I chatty  : uid=1000 system_server expire 213 lines
09-07 14:25:17.103  1033  1176 I chatty  : uid=1000 system_server expire 4 lines
09-07 14:25:17.103  1033  1187 I chatty  : uid=1000(system) StorageManagerS expire 1 line
09-07 14:25:17.105  1033  1231 I chatty  : uid=1000(system) HwBinder:1033_3 expire 2 lines
09-07 14:25:17.106  1033  1053 I chatty  : uid=1000(system) android.fg expire 2 lines
09-07 14:25:17.108  1033  1218 I chatty  : uid=1000(system) AudioService expire 1 line
09-07 14:25:17.192   531   595 E NetlinkEvent: NetlinkEvent::FindParam(): Parameter 'dual_role_usb' not found
09-07 14:25:17.192   530   602 E NetlinkEvent: NetlinkEvent::FindParam(): Parameter 'PRODUCT' not found
09-07 14:25:17.192   530   602 E NetlinkEvent: NetlinkEvent::FindParam(): Parameter 'INTERFACE' not found
09-07 14:25:17.192   531   595 E NetlinkEvent: NetlinkEvent::FindParam(): Parameter 'OVER_CURRENT_PORT' not found
09-07 14:25:17.192   531   595 E NetlinkEvent: NetlinkEvent::FindParam(): Parameter 'UNRECOGNIZED_USB_DEVICE_ON_PORT' not found
09-07 14:25:17.231  1033  1067 I chatty  : uid=1000(system) ActivityManager expire 21 lines
09-07 14:25:17.252  1033  1195 I chatty  : uid=1000(system) NetworkPolicy expire 1 line
09-07 14:25:17.304  1033  1209 I chatty  : uid=1000(system) ConnectivitySer expire 4 lines
09-07 14:25:17.387  1033  1033 I chatty  : uid=1000 system_server expire 173 lines
09-07 14:25:17.389  1033  1063 I chatty  : uid=1000(system) android.bg expire 2 lines
09-07 14:25:17.453  1033  1391 I chatty  : uid=1000 system_server expire 1 line
09-07 14:25:17.464  1033  1055 I chatty  : uid=1000(system) android.io expire 4 lines
09-07 14:25:17.497  1033  1223 I chatty  : uid=1000(system) Binder:1033_3 expire 4 lines
09-07 14:25:17.516  1033  1252 I chatty  : uid=1000(system) Binder:1033_4 expire 1 line
09-07 14:25:17.524   398   398 D vold    : fscrypt_prepare_user_storage for volume null, user 0, serial 0, flags 1
09-07 14:25:17.524   398   398 D vold    : Preparing: /data/system/users/0
09-07 14:25:17.524   398   398 D vold    : Preparing: /data/misc/profiles/cur/0
09-07 14:25:17.524   398   398 D vold    : Preparing: /data/system_de/0
09-07 14:25:17.524   398   398 D vold    : Preparing: /data/misc_de/0
09-07 14:25:17.524   398   398 D vold    : Preparing: /data/vendor_de/0
09-07 14:25:17.524   398   398 D vold    : Preparing: /data/user_de/0
09-07 14:25:17.524   398   398 I vold    : Verified that /data/system_de/0 has the encryption policy 90db83ab511a0ed6dfda38cb085fc41a v2 modes 1/4 flags 0x12
09-07 14:25:17.524   398   398 I vold    : Verified that /data/misc_de/0 has the encryption policy 90db83ab511a0ed6dfda38cb085fc41a v2 modes 1/4 flags 0x12
09-07 14:25:17.524   398   398 I vold    : Verified that /data/vendor_de/0 has the encryption policy 90db83ab511a0ed6dfda38cb085fc41a v2 modes 1/4 flags 0x12
09-07 14:25:17.524   398   398 I vold    : Verified that /data/user_de/0 has the encryption policy 90db83ab511a0ed6dfda38cb085fc41a v2 modes 1/4 flags 0x12
09-07 14:25:17.524   398   398 D vold    : /system/bin/vold_prepare_subdirs
09-07 14:25:17.524   398   398 D vold    :     prepare
09-07 14:25:17.524   398   398 D vold    :     
09-07 14:25:17.524   398   398 D vold    :     0
09-07 14:25:17.524   398   398 D vold    :     1
09-07 14:25:17.687  1326  1326 I ICarImpl: VehicleHal.init
09-07 14:25:17.689  1326  1326 D VehicleHalTiming: VehicleHal.init took to complete: 2ms
09-07 14:25:17.689  1326  1326 I ICarImpl: CarService.initAllServices
09-07 14:25:17.694  1326  1418 I CAR.POWER: doHandlePowerStateChange: newState=WAIT_FOR_VHAL(0)
09-07 14:25:17.694  1326  1418 I CAR.POWER: setCurrentState CpmsState canSleep:false, canPostpone=false, carPowerStateListenerState=1, CpmsState=WAIT_FOR_VHAL(0)
09-07 14:25:17.701  1326  1418 W CAR.POWER: Failed to read wifi_state: java.io.FileNotFoundException: /data/system/car/wifi_state: open failed: ENOENT (No such file or directory)
09-07 14:25:17.711  1326  1418 I CAR.POWER: doHandlePowerStateChange: newState=ON(1)
09-07 14:25:17.711  1326  1418 I CAR.POWER: setCurrentState CpmsState canSleep:false, canPostpone=false, carPowerStateListenerState=6, CpmsState=ON(1)
09-07 14:25:17.711  1326  1418 I CAR.POWER: User switch disallowed while booting
09-07 14:25:17.716  1326  1418 D CAR.POWER: switchUserOnResumeIfNecessary(): allowSwitching=false, mSwitchGuestUserBeforeSleep=true
09-07 14:25:17.735  1326  1326 W ContextImpl: Calling a method in the system process without a qualified user: android.app.ContextImpl.bindService:1748 android.content.ContextWrapper.bindService:756 com.android.car.CarInputService.bindCarInputService:756 com.android.car.CarInputService.init:388 com.android.car.ICarImpl.init:334 
09-07 14:25:17.761  1033  1067 I chatty  : uid=1000(system) ActivityManager expire 2 lines
09-07 14:25:17.795   512  1442 I KPI_Marker: [22.368771] [HarmanAudioEffect] Audio_Volume_Changed
09-07 14:25:17.813   512  1455 I KPI_Marker: [22.386422] [HarmanAudioEffect] Audio_Volume_Changed
09-07 14:25:17.831   512  1457 I KPI_Marker: [22.404699] [HarmanAudioEffect] Audio_Volume_Changed
09-07 14:25:17.846  1033  1493 I chatty  : uid=1000 system_server expire 1 line
09-07 14:25:17.851   512  1458 I KPI_Marker: [22.424295] [HarmanAudioEffect] Audio_Volume_Changed
09-07 14:25:17.851  1354  1354 D SystemUIBootTiming: DependencyInjection took to complete: 1ms
09-07 14:25:17.860  1354  1354 D SystemUIBootTiming: StartServicescom.android.systemui.car.voicerecognition.ConnectedDeviceVoiceRecognitionNotifier took to complete: 2ms
09-07 14:25:17.868   512  1461 I KPI_Marker: [22.441869] [HarmanAudioEffect] Audio_Volume_Changed
09-07 14:25:17.872  1354  1354 D SystemUIBootTiming: StartServicescom.android.systemui.usb.StorageNotification took to complete: 12ms
09-07 14:25:17.887   512  1467 I KPI_Marker: [22.460622] [HarmanAudioEffect] Audio_Volume_Changed
09-07 14:25:17.894  1033  1498 I chatty  : uid=1000 system_server expire 1 line
09-07 14:25:17.894  1354  1354 D SystemUIBootTiming: StartServicescom.android.systemui.power.PowerUI took to complete: 22ms
09-07 14:25:17.898  1354  1354 D SystemUIBootTiming: StartServicescom.android.systemui.media.RingtonePlayer took to complete: 3ms
09-07 14:25:17.900  1354  1354 D SystemUIBootTiming: StartServicescom.android.systemui.biometrics.AuthController took to complete: 2ms
09-07 14:25:17.911   512  1473 I KPI_Marker: [22.483953] [HarmanAudioEffect] Audio_Volume_Changed
09-07 14:25:17.927   512  1480 I KPI_Marker: [22.499935] [HarmanAudioEffect] Audio_Volume_Changed
09-07 14:25:17.959  1033  1432 I chatty  : uid=1000(system) Binder:1033_6 expire 1 line
09-07 14:25:18.109  1033  1064 I chatty  : uid=1000(system) ActivityManager expire 318 lines
09-07 14:25:18.111   398   398 D vold    : fscrypt_unlock_user_key 0 serial=0 token_present=0
09-07 14:25:18.111   398   398 D vold    : IsEmmcStorage(): blk_device = /dev/block/bootdevice/by-name/userdata, real_path=/dev/block/mmcblk0p75
09-07 14:25:18.112   398   398 D vold    : Skipping non-key ..
09-07 14:25:18.112   398   398 D vold    : Skipping non-key .
09-07 14:25:18.112   398   398 D vold    : Trying user CE key /data/misc/vold/user_keys/ce/0/current
09-07 14:25:18.125   398   398 I vold    : List of Keymaster HALs found:
09-07 14:25:18.125   398   398 I vold    : Keymaster HAL #1: Keymaster HAL: 4 from QTI SecurityLevel: TRUSTED_ENVIRONMENT HAL: android.hardware.keymaster@4.1::IKeymasterDevice/default
09-07 14:25:18.125   398   398 I vold    : Using Keymaster HAL: 4 from QTI for encryption.  Security level: TRUSTED_ENVIRONMENT, HAL: android.hardware.keymaster@4.1::IKeymasterDevice/default
09-07 14:25:18.136   398   398 D vold    : Successfully retrieved key
09-07 14:25:18.140  1033  1432 I chatty  : uid=1000(system) Binder:1033_6 expire 3 lines
09-07 14:25:18.143   398   398 I vold    : List of Keymaster HALs found:
09-07 14:25:18.144   398   398 I vold    : Keymaster HAL #1: Keymaster HAL: 4 from QTI SecurityLevel: TRUSTED_ENVIRONMENT HAL: android.hardware.keymaster@4.1::IKeymasterDevice/default
09-07 14:25:18.144   398   398 I vold    : Using Keymaster HAL: 4 from QTI for encryption.  Security level: TRUSTED_ENVIRONMENT, HAL: android.hardware.keymaster@4.1::IKeymasterDevice/default
09-07 14:25:18.152  1033  1064 I chatty  : uid=1000(system) ActivityManager expire 176 lines
09-07 14:25:18.155   398   398 D vold    : Installed fscrypt key with ref 7f7d2934407fdbdda6be0c64ec0a76be to /data
09-07 14:25:18.155   398   398 D vold    : Added fscrypt-provisioning key for 7f7d2934407fdbdda6be0c64ec0a76be to session keyring
09-07 14:25:18.155   398   398 D vold    : Installed ce key for user 0
09-07 14:25:18.157  1033  1033 I chatty  : uid=1000 system_server expire 23 lines
09-07 14:25:18.158   398   398 D vold    : fscrypt_prepare_user_storage for volume null, user 0, serial 0, flags 2
09-07 14:25:18.158   398   398 D vold    : Preparing: /data/system_ce/0
09-07 14:25:18.158   398   398 D vold    : Preparing: /data/misc_ce/0
09-07 14:25:18.159   398   398 D vold    : Preparing: /data/vendor_ce/0
09-07 14:25:18.160   398   398 D vold    : Preparing: /data/media/0
09-07 14:25:18.160   398   398 D vold    : Preparing: /data/data
09-07 14:25:18.160   398   398 I vold    : Verified that /data/system_ce/0 has the encryption policy 7f7d2934407fdbdda6be0c64ec0a76be v2 modes 1/4 flags 0x12
09-07 14:25:18.160   398   398 I vold    : Verified that /data/misc_ce/0 has the encryption policy 7f7d2934407fdbdda6be0c64ec0a76be v2 modes 1/4 flags 0x12
09-07 14:25:18.162   398   398 I vold    : Verified that /data/vendor_ce/0 has the encryption policy 7f7d2934407fdbdda6be0c64ec0a76be v2 modes 1/4 flags 0x12
09-07 14:25:18.163   398   398 I vold    : Verified that /data/media/0 has the encryption policy 7f7d2934407fdbdda6be0c64ec0a76be v2 modes 1/4 flags 0x12
09-07 14:25:18.163   398   398 I vold    : Verified that /data/data has the encryption policy 7f7d2934407fdbdda6be0c64ec0a76be v2 modes 1/4 flags 0x12
09-07 14:25:18.163   398   398 D vold    : Starting restorecon of /data/system_ce/0
09-07 14:25:18.171   398   398 D vold    : Finished restorecon of /data/system_ce/0
09-07 14:25:18.171   398   398 D vold    : Starting restorecon of /data/vendor_ce/0
09-07 14:25:18.180   398   398 D vold    : Finished restorecon of /data/vendor_ce/0
09-07 14:25:18.180   398   398 D vold    : Starting restorecon of /data/misc_ce/0
09-07 14:25:18.186  1033  1067 I chatty  : uid=1000(system) ActivityManager expire 23 lines
09-07 14:25:18.187  1354  1354 D SystemUIBootTiming: StartServicescom.android.systemui.car.navigationbar.CarNavigationBar took to complete: 287ms
09-07 14:25:18.193   398   398 D vold    : Finished restorecon of /data/misc_ce/0
09-07 14:25:18.194   398   398 D vold    : /system/bin/vold_prepare_subdirs
09-07 14:25:18.194   398   398 D vold    :     prepare
09-07 14:25:18.194   398   398 D vold    :     
09-07 14:25:18.194   398   398 D vold    :     0
09-07 14:25:18.194   398   398 D vold    :     2
09-07 14:25:18.195  1354  1354 D SystemUIBootTiming: StartServicescom.android.systemui.theme.ThemeOverlayController took to complete: 6ms
09-07 14:25:18.213  1033  1223 I chatty  : uid=1000(system) Binder:1033_3 expire 4 lines
09-07 14:25:18.227   530   602 E NetlinkEvent: NetlinkEvent::FindParam(): Parameter 'PRODUCT' not found
09-07 14:25:18.227   530   602 E NetlinkEvent: NetlinkEvent::FindParam(): Parameter 'DEVNAME' not found
09-07 14:25:18.227   530   602 E NetlinkEvent: NetlinkEvent::FindParam(): Parameter 'INTERFACE' not found
09-07 14:25:18.227   531   595 E NetlinkEvent: NetlinkEvent::FindParam(): Parameter 'dual_role_usb' not found
09-07 14:25:18.227   531   595 E NetlinkEvent: NetlinkEvent::FindParam(): Parameter 'OVER_CURRENT_PORT' not found
09-07 14:25:18.227   531   595 E NetlinkEvent: NetlinkEvent::FindParam(): Parameter 'UNRECOGNIZED_USB_DEVICE_ON_PORT' not found
09-07 14:25:18.256  1033  1048 I chatty  : uid=1000(system) Binder:1033_2 expire 2 lines
09-07 14:25:18.257  1326  1326 D VehicleHalTiming: CarService.initAllServices took to complete: 568ms
09-07 14:25:18.264  1033  1055 I chatty  : uid=1000(system) android.io expire 5 lines
09-07 14:25:18.266  1033  1053 I chatty  : uid=1000(system) android.fg expire 11 lines
09-07 14:25:18.316  1354  1354 D SystemUIBootTiming: StartServicescom.android.systemui.keyguard.KeyguardViewMediator took to complete: 121ms
09-07 14:25:18.317  1354  1354 D SystemUIBootTiming: StartServicescom.android.systemui.SizeCompatModeActivityController took to complete: 0ms
09-07 14:25:18.317  1354  1354 D SystemUIBootTiming: StartServicescom.android.systemui.car.volume.VolumeUI took to complete: 0ms
09-07 14:25:18.318  1354  1354 D SystemUIBootTiming: StartServicescom.android.systemui.toast.ToastUI took to complete: 0ms
09-07 14:25:18.323  1354  1354 D SystemUIBootTiming: StartServicescom.android.systemui.util.leak.GarbageMonitor$Service took to complete: 6ms
09-07 14:25:18.326  1354  1354 D SystemUIBootTiming: StartServicescom.android.systemui.ScreenDecorations took to complete: 2ms
09-07 14:25:18.337  1354  1354 D SystemUIBootTiming: StartServicescom.android.systemui.util.NotificationChannels took to complete: 7ms
09-07 14:25:18.337  1354  1354 D SystemUIBootTiming: StartServicescom.android.systemui.VendorServices took to complete: 0ms
09-07 14:25:18.459  1033  1629 I chatty  : uid=1000(system) Binder:1033_8 expire 4 lines
09-07 14:25:18.488  1354  1354 D SystemUIBootTiming: StartServicescom.android.systemui.car.window.SystemUIOverlayWindowManager took to complete: 151ms
09-07 14:25:18.491  1354  1354 D SystemUIBootTiming: StartServices took to complete: 633ms
09-07 14:25:18.511  1326  1418 I CAR.POWER: doHandlePowerStateChange: newState=ON(1)
09-07 14:25:18.512  1326  1418 D CAR.POWER: Requested state is already in effect: ON(1)
09-07 14:25:18.575  1033  1252 I chatty  : uid=1000(system) Binder:1033_4 expire 6 lines
09-07 14:25:18.601  1635  1635 I KPI_Marker: [23.174000] [HarmanUsbHandlerManager] Clients Requested For Service Connection Registration are : com.harman.DCSM
09-07 14:25:18.609  1635  1635 I KPI_Marker: [23.182000] [HarmanUsbHandlerManager] Initiating thread to notify listeners
09-07 14:25:18.623  1033  1625 I chatty  : uid=1000(system) Binder:1033_7 expire 2 lines
09-07 14:25:18.739  1683  1683 I KPI_Marker: [23.312000] [iAP2Service] IAP2Service_onCreate
09-07 14:25:18.765  1635  1635 I KPI_Marker: [23.338000] [DCSM] onCreate done
09-07 14:25:18.809  1770  1770 F libc    : Fatal signal 11 (SIGSEGV), code 1 (SEGV_MAPERR), fault addr 0x0 in tid 1770 (vendor.harman.L), pid 1770 (vendor.harman.L)
09-07 14:25:18.829  1708  1708 I KPI_Marker: [23.402000] [AapManager] AAService__onCreate: AAService Created
09-07 14:25:18.832  1683  1683 I KPI_Marker: [23.405000] [HarmanUsbHandlerManager] Clients Requested For Service Connection Registration are : com.harman.connectivity.iap2service
09-07 14:25:18.834  1723  1723 I KPI_Marker: [23.407000] [CarPlay] CpService onCreate: CpService Created
09-07 14:25:18.837  1683  1683 I KPI_Marker: [23.410000] [HarmanUsbHandlerManager] Initiating thread to notify listeners
09-07 14:25:18.858  1826  1826 F DEBUG   : *** *** *** *** *** *** *** *** *** *** *** *** *** *** *** ***
09-07 14:25:18.858  1826  1826 F DEBUG   : Build fingerprint: 'qti/titan_tml_b2/titan_tml_b2:11/RQ3A.210605.005/eng.ksong.20210907.134230:userdebug/test-keys'
09-07 14:25:18.858  1826  1826 F DEBUG   : Revision: '0'
09-07 14:25:18.858  1826  1826 F DEBUG   : ABI: 'arm64'
09-07 14:25:18.859  1826  1826 F DEBUG   : Timestamp: 2021-09-07 14:25:18+0000
09-07 14:25:18.859  1826  1826 F DEBUG   : pid: 1770, tid: 1770, name: vendor.harman.L  >>> /vendor/bin/hw/vendor.harman.LogManager@1.0-service <<<
09-07 14:25:18.859  1826  1826 F DEBUG   : uid: 0
09-07 14:25:18.859  1826  1826 F DEBUG   : signal 11 (SIGSEGV), code 1 (SEGV_MAPERR), fault addr 0x0
09-07 14:25:18.859  1826  1826 F DEBUG   : Cause: null pointer dereference
09-07 14:25:18.859  1826  1826 F DEBUG   :     x0  0000000000000000  x1  0000000000000000  x2  0000000000080001  x3  0000000000000000
09-07 14:25:18.859  1826  1826 F DEBUG   :     x4  0000000000000000  x5  0000000000000090  x6  fefefefefefefeff  x7  7f7f7f7f7f7f7f7f
09-07 14:25:18.859  1826  1826 F DEBUG   :     x8  0101010101010101  x9  212c185435374c29  x10 0000007fe5ebcaa8  x11 fffffffffffffffd
09-07 14:25:18.859  1826  1826 F DEBUG   :     x12 0000007fe5ebcc30  x13 000000000000008e  x14 002fec10feee2c00  x15 0000000034155555
09-07 14:25:18.859  1826  1826 F DEBUG   :     x16 000000593cddf7e0  x17 00000079b7dacb30  x18 00000079b90fe000  x19 0000000000000000
09-07 14:25:18.859  1826  1826 F DEBUG   :     x20 00000079b7c38c50  x21 0000007fe5ebd349  x22 b4000078b776ef58  x23 0000007fe5ebd368
09-07 14:25:18.859  1826  1826 F DEBUG   :     x24 0000000000000000  x25 00000079b83c9000  x26 0000007fe5ebd349  x27 0000007fe5ebd319
09-07 14:25:18.859  1826  1826 F DEBUG   :     x28 0000000000000000  x29 0000007fe5ebd250
09-07 14:25:18.859  1826  1826 F DEBUG   :     lr  000000593cdd6048  sp  0000007fe5ebd250  pc  00000079b7dacb40  pst 0000000080000000
09-07 14:25:18.861  1826  1826 F DEBUG   : backtrace:
09-07 14:25:18.861  1826  1826 F DEBUG   :       #00 pc 000000000004ab40  /apex/com.android.runtime/lib64/bionic/libc.so (strlen_default+16) (BuildId: 2b7c6e33413ac7278a15dfc3ea383089)
09-07 14:25:18.862  1826  1826 F DEBUG   :       #01 pc 0000000000009044  /vendor/bin/hw/vendor.harman.LogManager@1.0-service (BuildId: 3e966ab64050b441b920ba0e8960d123)
09-07 14:25:18.862  1826  1826 F DEBUG   :       #02 pc 0000000000008df0  /vendor/bin/hw/vendor.harman.LogManager@1.0-service (LM::LogManagerImpl::load_plugin_conf(void*, std::__1::basic_string<char, std::__1::char_traits<char>, std::__1::allocator<char> >, std::__1::multimap<std::__1::basic_string<char, std::__1::char_traits<char>, std::__1::allocator<char> >, int, std::__1::less<std::__1::basic_string<char, std::__1::char_traits<char>, std::__1::allocator<char> > >, std::__1::allocator<std::__1::pair<std::__1::basic_string<char, std::__1::char_traits<char>, std::__1::allocator<char> > const, int> > >&)+752) (BuildId: 3e966ab64050b441b920ba0e8960d123)
09-07 14:25:18.862  1826  1826 F DEBUG   :       #03 pc 00000000000088c0  /vendor/bin/hw/vendor.harman.LogManager@1.0-service (LM::LogManagerImpl::loadplugins()+436) (BuildId: 3e966ab64050b441b920ba0e8960d123)
09-07 14:25:18.863  1826  1826 F DEBUG   :       #04 pc 0000000000007af8  /vendor/bin/hw/vendor.harman.LogManager@1.0-service (main+1112) (BuildId: 3e966ab64050b441b920ba0e8960d123)
09-07 14:25:18.863  1826  1826 F DEBUG   :       #05 pc 000000000004988c  /apex/com.android.runtime/lib64/bionic/libc.so (__libc_init+108) (BuildId: 2b7c6e33413ac7278a15dfc3ea383089)
09-07 14:25:18.885   398   398 D vold    : fscrypt_prepare_user_storage for volume null, user 10, serial 10, flags 1
09-07 14:25:18.885   398   398 D vold    : Preparing: /data/system/users/10
09-07 14:25:18.885   398   398 D vold    : Preparing: /data/misc/profiles/cur/10
09-07 14:25:18.885   398   398 D vold    : Preparing: /data/system_de/10
09-07 14:25:18.885   398   398 D vold    : Preparing: /data/misc_de/10
09-07 14:25:18.885   398   398 D vold    : Preparing: /data/vendor_de/10
09-07 14:25:18.885   398   398 D vold    : Preparing: /data/user_de/10
09-07 14:25:18.887   398   398 I vold    : Verified that /data/system_de/10 has the encryption policy 20097cf9b7620050bfe2c7995fb116ad v2 modes 1/4 flags 0x12
09-07 14:25:18.887   398   398 I vold    : Verified that /data/misc_de/10 has the encryption policy 20097cf9b7620050bfe2c7995fb116ad v2 modes 1/4 flags 0x12
09-07 14:25:18.888   398   398 I vold    : Verified that /data/vendor_de/10 has the encryption policy 20097cf9b7620050bfe2c7995fb116ad v2 modes 1/4 flags 0x12
09-07 14:25:18.888   398   398 I vold    : Verified that /data/user_de/10 has the encryption policy 20097cf9b7620050bfe2c7995fb116ad v2 modes 1/4 flags 0x12
09-07 14:25:18.888   398   398 D vold    : /system/bin/vold_prepare_subdirs
09-07 14:25:18.888   398   398 D vold    :     prepare
09-07 14:25:18.888   398   398 D vold    :     
09-07 14:25:18.888   398   398 D vold    :     10
09-07 14:25:18.888   398   398 D vold    :     1
09-07 14:25:18.890  1033  1064 I chatty  : uid=1000(system) ActivityManager expire 211 lines
09-07 14:25:18.890  1033  1055 I chatty  : uid=1000(system) android.io expire 3 lines
09-07 14:25:18.920   398   439 I vold    : onUserStarted: 0
09-07 14:25:18.922  1033  1252 I chatty  : uid=1000(system) Binder:1033_4 expire 1 line
09-07 14:25:18.923  1033  1187 I chatty  : uid=1000(system) StorageManagerS expire 8 lines
09-07 14:25:18.924   398   439 I vold    : Mounting emulated fuse volume
09-07 14:25:18.925  1033  1047 I chatty  : uid=1000(system) Binder:1033_1 expire 2 lines
09-07 14:25:18.927  1033  1209 I chatty  : uid=1000(system) ConnectivitySer expire 3 lines
09-07 14:25:18.932  1033  1825 I chatty  : uid=1000(system) Binder:1033_A expire 2 lines
09-07 14:25:18.936   530   602 E NetlinkEvent: NetlinkEvent::FindParam(): Parameter 'PRODUCT' not found
09-07 14:25:18.936   530   602 E NetlinkEvent: NetlinkEvent::FindParam(): Parameter 'DEVNAME' not found
09-07 14:25:18.936   530   602 E NetlinkEvent: NetlinkEvent::FindParam(): Parameter 'INTERFACE' not found
09-07 14:25:18.936   531   595 E NetlinkEvent: NetlinkEvent::FindParam(): Parameter 'dual_role_usb' not found
09-07 14:25:18.936   531   595 E NetlinkEvent: NetlinkEvent::FindParam(): Parameter 'OVER_CURRENT_PORT' not found
09-07 14:25:18.936   531   595 E NetlinkEvent: NetlinkEvent::FindParam(): Parameter 'UNRECOGNIZED_USB_DEVICE_ON_PORT' not found
09-07 14:25:18.938   398   439 I vold    : Bind mounting /data/media to /mnt/pass_through/0/emulated
09-07 14:25:18.943  1033  1432 I chatty  : uid=1000(system) Binder:1033_6 expire 1 line
09-07 14:25:18.950  1033  1053 I chatty  : uid=1000(system) android.fg expire 3 lines
09-07 14:25:18.951  1033  1234 I chatty  : uid=1000(system) backup expire 3 lines
09-07 14:25:18.957  1033  1067 I chatty  : uid=1000(system) ActivityManager expire 9 lines
09-07 14:25:18.971  1033  1033 I chatty  : uid=1000 system_server expire 5 lines
09-07 14:25:18.974  1033  1270 I chatty  : uid=1000(system) Thread-6 expire 1 line
09-07 14:25:18.991  1033  1063 I chatty  : uid=1000(system) android.bg expire 4 lines
09-07 14:25:19.003  1708  1822 I KPI_Marker: [23.576000] [AapManager] AAManager__ Car Service is Connected
09-07 14:25:19.028  1033  1064 I chatty  : uid=1000(system) ActivityManager expire 155 lines
09-07 14:25:19.029  1033  1209 I chatty  : uid=1000(system) ConnectivitySer expire 2 lines
09-07 14:25:19.032  1708  1708 I KPI_Marker: [23.604000] [HarmanUsbHandlerManager] Clients Requested For Service Connection Registration are : com.harman.connectivity.androidauto.application.internals
09-07 14:25:19.035  1708  1708 I KPI_Marker: [23.607000] [HarmanUsbHandlerManager] Initiating thread to notify listeners
09-07 14:25:19.052  1033  1067 I chatty  : uid=1000(system) ActivityManager expire 70 lines
09-07 14:25:19.052  1033  1234 I chatty  : uid=1000(system) backup expire 6 lines
09-07 14:25:19.074  1033  1432 I chatty  : uid=1000(system) Binder:1033_6 expire 2 lines
09-07 14:25:19.082  1033  1252 I chatty  : uid=1000(system) Binder:1033_4 expire 2 lines
09-07 14:25:19.115  1033  1053 I chatty  : uid=1000(system) android.fg expire 2 lines
09-07 14:25:19.140  1033  1625 I chatty  : uid=1000(system) Binder:1033_7 expire 2 lines
09-07 14:25:19.154  1723  1723 I KPI_Marker: [23.720000] [CarPlay] CpService Car Service is Connected
09-07 14:25:19.155  1723  1813 W ContextImpl: Calling a method in the system process without a qualified user: android.app.ContextImpl.bindService:1748 android.content.ContextWrapper.bindService:756 com.harman.audio.HarmanAudioInitializer.connect:73 com.harman.connectivity.carplay.core.CpAudioFocusHandler.<init>:136 com.harman.connectivity.carplay.core.CpAudioManager.init:86 
09-07 14:25:19.166  1033  1873 I chatty  : uid=1000(system) backup-0 expire 10 lines
09-07 14:25:19.187  1723  1948 I KPI_Marker: [23.760000] [CarPlay] CpService onCarPlayServiceReady
09-07 14:25:19.278  1723  1723 W ContextImpl: Calling a method in the system process without a qualified user: android.app.ContextImpl.bindService:1748 android.content.ContextWrapper.bindService:756 com.harman.connectivity.carplay.telephony.CpTelephonyConnectionService.onCreate:118 android.app.ActivityThread.handleCreateService:4186 android.app.ActivityThread.access$1500:237 
09-07 14:25:19.300  1033  1867 I chatty  : uid=1000 system_server expire 1 line
09-07 14:25:19.319   398   398 E Cryptfs : cryptfs_get_password not valid for file encryption
09-07 14:25:19.345  1033  1057 I chatty  : uid=1000(system) android.anim expire 1 line
09-07 14:25:19.438  1892  1892 W ContextImpl: Calling a method in the system process without a qualified user: android.app.ContextImpl.startService:1669 android.content.ContextWrapper.startService:720 com.qualcomm.qti.qdma.app.ApplicationManager.onCreate:400 android.app.Instrumentation.callApplicationOnCreate:1192 android.app.ActivityThread.handleBindApplication:6719 
09-07 14:25:19.443  1892  1892 W ContextImpl: Calling a method in the system process without a qualified user: android.app.ContextImpl.startService:1669 android.content.ContextWrapper.startService:720 com.qualcomm.qti.qdma.app.ApplicationManager.onCreate:404 android.app.Instrumentation.callApplicationOnCreate:1192 android.app.ActivityThread.handleBindApplication:6719 
09-07 14:25:19.447  1986  1986 W ContextImpl: Calling a method in the system process without a qualified user: android.app.ContextImpl.startService:1669 android.content.ContextWrapper.startService:720 android.support.v4.content.WakefulBroadcastReceiver.startWakefulService:102 com.redbend.app.SmmClient.sendData:46 com.redbend.app.SmmClient.sendEventToSmmService:23 
09-07 14:25:19.456  1986  1986 W ContextImpl: Calling a method in the system process without a qualified user: android.app.ContextImpl.startService:1669 android.content.ContextWrapper.startService:720 android.support.v4.content.WakefulBroadcastReceiver.startWakefulService:102 com.redbend.app.SmmClient.sendData:46 com.redbend.app.SmmClient.sendEventToSmmService:23 
09-07 14:25:19.498  1892  1892 W ContextImpl: Calling a method in the system process without a qualified user: android.app.ContextImpl.startService:1669 android.content.ContextWrapper.startService:720 android.content.ContextWrapper.startService:720 com.qualcomm.qti.qdma.app.BootReceiver.onBootReceived:126 com.qualcomm.qti.innodme.InnoBootReceiver.onReceive:22 
09-07 14:25:19.499  1033  1067 I chatty  : uid=1000(system) ActivityManager expire 8 lines
09-07 14:25:19.505  1986  1986 W ContextImpl: Calling a method in the system process without a qualified user: android.app.ContextImpl.startService:1669 android.content.ContextWrapper.startService:720 com.redbend.app.SmmService.sendIntentEvent:421 com.redbend.client.ClientService.sendEvent:196 com.redbend.app.SmmService.onStartCommand:523 
09-07 14:25:19.513  1033  1942 I chatty  : uid=1000(system) Binder:1033_B expire 2 lines
09-07 14:25:19.519  1986  1986 W ContextImpl: Calling a method in the system process without a qualified user: android.app.ContextImpl.startService:1669 android.content.ContextWrapper.startService:720 com.redbend.app.SmmService.sendIntentEvent:421 com.redbend.client.ClientService.sendEvent:196 com.redbend.app.SmmService.onStartCommand:523 
09-07 14:25:19.529  2098  2098 W ContextImpl: Calling a method in the system process without a qualified user: android.app.ContextImpl.startService:1669 android.content.ContextWrapper.startService:720 com.harman.mediacoreservice.provider.MediaContentProvider.onCreate:67 android.content.ContentProvider.attachInfo:2388 android.content.ContentProvider.attachInfo:2358 
09-07 14:25:19.539  2098  2098 W ContextImpl: Calling a method in the system process without a qualified user: android.app.ContextImpl.startService:1669 android.content.ContextWrapper.startService:720 com.harman.mediacoreservice.provider.MediaContentProvider.onCreate:70 android.content.ContentProvider.attachInfo:2388 android.content.ContentProvider.attachInfo:2358 
09-07 14:25:19.589  1033  1629 I chatty  : uid=1000(system) Binder:1033_8 expire 1 line
09-07 14:25:19.590  1033  1209 I chatty  : uid=1000(system) ConnectivitySer expire 2 lines
09-07 14:25:19.592  1033  1431 I chatty  : uid=1000(system) Binder:1033_5 expire 6 lines
09-07 14:25:19.640  1986  1986 W ContextImpl: Calling a method in the system process without a qualified user: android.app.ContextImpl.startService:1669 android.content.ContextWrapper.startService:720 com.redbend.client.BasicService.onCreate:291 android.app.ActivityThread.handleCreateService:4186 android.app.ActivityThread.access$1500:237 
09-07 14:25:19.681  1892  2231 W ContextImpl: Calling a method in the system process without a qualified user: android.app.ContextImpl.startService:1669 android.content.ContextWrapper.startService:720 com.qualcomm.qti.qdma.util.PeriodicCI.run:482 com.qualcomm.qti.qdma.util.PeriodicCI.start:394 com.qualcomm.qti.qdma.app.ActiveCareService$ProcessSessionRequest.run:766 
09-07 14:25:19.727  1892  2259 W ContextImpl: Calling a method in the system process without a qualified user: android.app.ContextImpl.startService:1669 android.content.ContextWrapper.startService:720 com.qualcomm.qti.qdma.app.ApplicationManager.startQDMATransferService:3920 com.qualcomm.qti.qdma.app.ActiveCareService$ProcessSessionRequest.run:623 java.lang.Thread.run:923 
09-07 14:25:19.734  1033  1825 I chatty  : uid=1000(system) Binder:1033_A expire 2 lines
09-07 14:25:19.750  1033  1965 I chatty  : uid=1000(system) Binder:1033_C expire 1 line
09-07 14:25:19.797  1033  1033 I chatty  : uid=1000 system_server expire 11 lines
09-07 14:25:19.798  1033  1064 I chatty  : uid=1000(system) ActivityManager expire 427 lines
09-07 14:25:19.828  1033  1033 I chatty  : uid=1000 system_server expire 46 lines
09-07 14:25:19.836  1326  1416 D CAR.USER: notify-listener-com.android.car.PerUserCarServiceHelper$Lambda took to complete: 0ms
09-07 14:25:19.836  1326  1416 D CAR.USER: notify-listener-com.android.car.CarMediaService$Lambda took to complete: 0ms
09-07 14:25:19.837  1326  1416 D CAR.USER: notify-listener-com.android.car.CarOccupantZoneService$Lambda took to complete: 0ms
09-07 14:25:19.837  1326  1416 D CAR.USER: notify-listener-com.android.car.pm.VendorServiceController@2703936 took to complete: 0ms
09-07 14:25:19.837  1326  1416 D CAR.USER: notify-listener-com.android.car.CarInputService$Lambda took to complete: 0ms
09-07 14:25:19.838  1326  1416 D CAR.USER: notify-listener-com.android.car.watchdog.CarWatchdogService$Lambda took to complete: 1ms
09-07 14:25:19.838  1326  1416 D CAR.USER: notify-listeners-user-0-event-1 took to complete: 2ms
09-07 14:25:19.838  1326  1416 D CAR.USER: notify-app-listener-uid-10141 took to complete: 0ms
09-07 14:25:19.838  1326  1416 D CAR.USER: notify-app-listeners-user-0-event-1 took to complete: 0ms
09-07 14:25:19.838  1326  1416 D CAR.USER: notify-listener-com.android.car.PerUserCarServiceHelper$Lambda took to complete: 0ms
09-07 14:25:19.838  1326  1416 D CAR.USER: notify-listener-com.android.car.CarMediaService$Lambda took to complete: 0ms
09-07 14:25:19.838  1326  1416 D CAR.USER: notify-listener-com.android.car.CarOccupantZoneService$Lambda took to complete: 0ms
09-07 14:25:19.839  1326  1416 D CAR.USER: notify-listener-com.android.car.pm.VendorServiceController@2703936 took to complete: 1ms
09-07 14:25:19.839  1326  1416 D CAR.USER: notify-listener-com.android.car.CarInputService$Lambda took to complete: 0ms
09-07 14:25:19.839  1326  1416 D CAR.USER: notify-listener-com.android.car.watchdog.CarWatchdogService$Lambda took to complete: 0ms
09-07 14:25:19.839  1326  1416 D CAR.USER: notify-listeners-user-0-event-3 took to complete: 1ms
09-07 14:25:19.840  1326  1416 D CAR.USER: notify-app-listener-uid-10141 took to complete: 0ms
09-07 14:25:19.840  1326  1416 D CAR.USER: notify-app-listeners-user-0-event-3 took to complete: 1ms
09-07 14:25:19.881  1033  1825 I chatty  : uid=1000(system) Binder:1033_A expire 2 lines
09-07 14:25:19.883  1326  1416 D CAR.USER: notify-listener-com.android.car.PerUserCarServiceHelper$Lambda took to complete: 0ms
09-07 14:25:19.883  1326  1416 D CAR.USER: notify-listener-com.android.car.CarMediaService$Lambda took to complete: 0ms
09-07 14:25:19.883  1326  1416 D CAR.USER: notify-listener-com.android.car.CarOccupantZoneService$Lambda took to complete: 0ms
09-07 14:25:19.883  1326  1416 D CAR.USER: notify-listener-com.android.car.pm.VendorServiceController@2703936 took to complete: 0ms
09-07 14:25:19.883  1326  1416 D CAR.USER: notify-listener-com.android.car.CarInputService$Lambda took to complete: 0ms
09-07 14:25:19.883  1326  1416 D CAR.USER: notify-listener-com.android.car.watchdog.CarWatchdogService$Lambda took to complete: 0ms
09-07 14:25:19.883  1326  1416 D CAR.USER: notify-listeners-user-0-event-4 took to complete: 0ms
09-07 14:25:19.884  1326  1416 D CAR.USER: notify-app-listener-uid-10141 took to complete: 0ms
09-07 14:25:19.884  1326  1416 D CAR.USER: notify-app-listeners-user-0-event-4 took to complete: 0ms
09-07 14:25:19.886  1033  1209 I chatty  : uid=1000(system) ConnectivitySer expire 1 line
09-07 14:25:19.895  1033  1067 I chatty  : uid=1000(system) ActivityManager expire 14 lines
09-07 14:25:19.905  1033  1064 I chatty  : uid=1000(system) ActivityManager expire 190 lines
09-07 14:25:19.907  1033  1033 I chatty  : uid=1000 system_server expire 46 lines
09-07 14:25:19.907  1326  1416 D CAR.USER: notify-listener-com.android.car.PerUserCarServiceHelper$Lambda took to complete: 0ms
09-07 14:25:19.907  1326  1416 D CAR.USER: notify-listener-com.android.car.CarMediaService$Lambda took to complete: 0ms
09-07 14:25:19.907  1326  1416 D CAR.USER: notify-listener-com.android.car.CarOccupantZoneService$Lambda took to complete: 0ms
09-07 14:25:19.907  1326  1416 D CAR.USER: notify-listener-com.android.car.pm.VendorServiceController@2703936 took to complete: 0ms
09-07 14:25:19.907  1326  1416 D CAR.USER: notify-listener-com.android.car.CarInputService$Lambda took to complete: 0ms
09-07 14:25:19.910  1326  1416 D CAR.USER: notify-listener-com.android.car.watchdog.CarWatchdogService$Lambda took to complete: 3ms
09-07 14:25:19.910  1326  1416 D CAR.USER: notify-listeners-user-10-event-1 took to complete: 3ms
09-07 14:25:19.911  1326  1416 D CAR.USER: notify-app-listener-uid-10141 took to complete: 0ms
09-07 14:25:19.911  1326  1416 D CAR.USER: notify-app-listeners-user-10-event-1 took to complete: 0ms
09-07 14:25:20.006  1033  1825 I chatty  : uid=1000(system) Binder:1033_A expire 1 line
09-07 14:25:20.020  1033  1056 I chatty  : uid=1000(system) android.display expire 2 lines
09-07 14:25:20.031  1033  1053 I chatty  : uid=1000(system) android.fg expire 1 line
09-07 14:25:20.034   530   602 E NetlinkEvent: NetlinkEvent::FindParam(): Parameter 'PRODUCT' not found
09-07 14:25:20.034   530   602 E NetlinkEvent: NetlinkEvent::FindParam(): Parameter 'DEVNAME' not found
09-07 14:25:20.034   530   602 E NetlinkEvent: NetlinkEvent::FindParam(): Parameter 'INTERFACE' not found
09-07 14:25:20.034   531   595 E NetlinkEvent: NetlinkEvent::FindParam(): Parameter 'dual_role_usb' not found
09-07 14:25:20.034   531   595 E NetlinkEvent: NetlinkEvent::FindParam(): Parameter 'OVER_CURRENT_PORT' not found
09-07 14:25:20.034   531   595 E NetlinkEvent: NetlinkEvent::FindParam(): Parameter 'UNRECOGNIZED_USB_DEVICE_ON_PORT' not found
09-07 14:25:20.035  1033  1055 I chatty  : uid=1000(system) android.io expire 5 lines
09-07 14:25:20.037  1033  1033 I chatty  : uid=1000 system_server expire 32 lines
09-07 14:25:20.038  1033  1064 I chatty  : uid=1000(system) ActivityManager expire 38 lines
09-07 14:25:20.040  1033  1067 I chatty  : uid=1000(system) ActivityManager expire 114 lines
09-07 14:25:20.044  1326  2004 D CAR.USER: onUserSwitching-10 took to complete: 4ms
09-07 14:25:20.067  2140  2223 W ActivityThread: Failed to find provider info for com.android.contacts (user not unlocked)
09-07 14:25:20.070  1033  1942 I chatty  : uid=1000(system) Binder:1033_B expire 2 lines
09-07 14:25:20.074  2140  2223 W ActivityThread: Failed to find provider info for call_log (user not unlocked)
09-07 14:25:20.085  1326  1416 D CAR.USER: notify-listener-com.android.car.PerUserCarServiceHelper$Lambda took to complete: 40ms
09-07 14:25:20.085  1326  1416 D CAR.USER: notify-listener-com.android.car.CarMediaService$Lambda took to complete: 0ms
09-07 14:25:20.086  1326  1416 D CAR.USER: notify-listener-com.android.car.CarOccupantZoneService$Lambda took to complete: 1ms
09-07 14:25:20.087  1326  1416 D CAR.USER: notify-listener-com.android.car.pm.VendorServiceController@2703936 took to complete: 1ms
09-07 14:25:20.093  1326  1416 D CAR.USER: notify-listener-com.android.car.CarInputService$Lambda took to complete: 5ms
09-07 14:25:20.097  1326  1416 D CAR.USER: notify-listener-com.android.car.watchdog.CarWatchdogService$Lambda took to complete: 0ms
09-07 14:25:20.097  1326  1416 D CAR.USER: notify-listeners-user-10-event-2 took to complete: 52ms
09-07 14:25:20.098  1326  1416 D CAR.USER: notify-app-listener-uid-10141 took to complete: 1ms
09-07 14:25:20.098  1326  1416 D CAR.USER: notify-app-listeners-user-10-event-2 took to complete: 1ms
09-07 14:25:20.121   512  2369 I KPI_Marker: [24.693955] [HarmanAudioEffect] Audio_Volume_Changed
09-07 14:25:20.135   512  2385 I KPI_Marker: [24.708666] [HarmanAudioEffect] Audio_Volume_Changed
09-07 14:25:20.155   512  2391 I KPI_Marker: [24.728759] [HarmanAudioEffect] Audio_Volume_Changed
09-07 14:25:20.174   512  2395 I KPI_Marker: [24.747372] [HarmanAudioEffect] Audio_Volume_Changed
09-07 14:25:20.187   512  2397 I KPI_Marker: [24.759989] [HarmanAudioEffect] Audio_Volume_Changed
09-07 14:25:20.218   512  2404 I KPI_Marker: [24.791575] [HarmanAudioEffect] Audio_Volume_Changed
09-07 14:25:20.231   530   602 E NetlinkEvent: NetlinkEvent::FindParam(): Parameter 'PRODUCT' not found
09-07 14:25:20.232   530   602 E NetlinkEvent: NetlinkEvent::FindParam(): Parameter 'DEVNAME' not found
09-07 14:25:20.232   530   602 E NetlinkEvent: NetlinkEvent::FindParam(): Parameter 'INTERFACE' not found
09-07 14:25:20.232   531   595 E NetlinkEvent: NetlinkEvent::FindParam(): Parameter 'dual_role_usb' not found
09-07 14:25:20.232   531   595 E NetlinkEvent: NetlinkEvent::FindParam(): Parameter 'OVER_CURRENT_PORT' not found
09-07 14:25:20.232   531   595 E NetlinkEvent: NetlinkEvent::FindParam(): Parameter 'UNRECOGNIZED_USB_DEVICE_ON_PORT' not found
09-07 14:25:20.233  1033  1053 I chatty  : uid=1000(system) android.fg expire 4 lines
09-07 14:25:20.250   512  2414 I KPI_Marker: [24.822891] [HarmanAudioEffect] Audio_Volume_Changed
09-07 14:25:20.277   512  2421 I KPI_Marker: [24.850775] [HarmanAudioEffect] Audio_Volume_Changed
09-07 14:25:20.325  1033  1629 I chatty  : uid=1000(system) Binder:1033_8 expire 6 lines
09-07 14:25:20.328  1033  1965 I chatty  : uid=1000(system) Binder:1033_C expire 8 lines
09-07 14:25:20.329  1033  1209 I chatty  : uid=1000(system) ConnectivitySer expire 3 lines
09-07 14:25:20.363  1033  1431 I chatty  : uid=1000(system) Binder:1033_5 expire 3 lines
09-07 14:25:20.368   398   439 I vold    : Bind mounting //data/media/0/Android/data on /mnt/user/0/emulated/0/Android/data
09-07 14:25:20.371   398   439 I vold    : Bind mounted //data/media/0/Android/data on /mnt/user/0/emulated/0/Android/data
09-07 14:25:20.371   398   439 I vold    : Bind mounting //data/media/0/Android/obb on /mnt/user/0/emulated/0/Android/obb
09-07 14:25:20.373   398   439 I vold    : Bind mounted //data/media/0/Android/obb on /mnt/user/0/emulated/0/Android/obb
09-07 14:25:20.373   398   439 I vold    : Configuring read_ahead of /mnt/user/0/emulated fuse filesystem to 256kb
09-07 14:25:20.374  1033  1047 I chatty  : uid=1000(system) Binder:1033_1 expire 1 line
09-07 14:25:20.375   398   439 I vold    : Writing 256 to /sys/class/bdi/0:60/read_ahead_kb
09-07 14:25:20.376   398   439 I vold    : Configuring max_ratio of /mnt/user/0/emulated fuse filesystem to 40
09-07 14:25:20.376   398   439 I vold    : Writing 40 to /sys/class/bdi/0:60/max_ratio
09-07 14:25:20.377  1033  1187 I chatty  : uid=1000(system) StorageManagerS expire 7 lines
09-07 14:25:20.382   398   439 D vold    : fscrypt_unlock_user_key 10 serial=10 token_present=0
09-07 14:25:20.382   398   439 D vold    : IsEmmcStorage(): blk_device = /dev/block/bootdevice/by-name/userdata, real_path=/dev/block/mmcblk0p75
09-07 14:25:20.384   398   439 D vold    : Skipping non-key ..
09-07 14:25:20.384   398   439 D vold    : Skipping non-key .
09-07 14:25:20.385   398   439 D vold    : Trying user CE key /data/misc/vold/user_keys/ce/10/current
09-07 14:25:20.404   398   439 I vold    : List of Keymaster HALs found:
09-07 14:25:20.404   398   439 I vold    : Keymaster HAL #1: Keymaster HAL: 4 from QTI SecurityLevel: TRUSTED_ENVIRONMENT HAL: android.hardware.keymaster@4.1::IKeymasterDevice/default
09-07 14:25:20.404   398   439 I vold    : Using Keymaster HAL: 4 from QTI for encryption.  Security level: TRUSTED_ENVIRONMENT, HAL: android.hardware.keymaster@4.1::IKeymasterDevice/default
09-07 14:25:20.415   398   439 D vold    : Successfully retrieved key
09-07 14:25:20.433   398   439 I vold    : List of Keymaster HALs found:
09-07 14:25:20.433   398   439 I vold    : Keymaster HAL #1: Keymaster HAL: 4 from QTI SecurityLevel: TRUSTED_ENVIRONMENT HAL: android.hardware.keymaster@4.1::IKeymasterDevice/default
09-07 14:25:20.433   398   439 I vold    : Using Keymaster HAL: 4 from QTI for encryption.  Security level: TRUSTED_ENVIRONMENT, HAL: android.hardware.keymaster@4.1::IKeymasterDevice/default
09-07 14:25:20.434   531   595 E NetlinkEvent: NetlinkEvent::FindParam(): Parameter 'dual_role_usb' not found
09-07 14:25:20.435   531   595 E NetlinkEvent: NetlinkEvent::FindParam(): Parameter 'OVER_CURRENT_PORT' not found
09-07 14:25:20.435   531   595 E NetlinkEvent: NetlinkEvent::FindParam(): Parameter 'UNRECOGNIZED_USB_DEVICE_ON_PORT' not found
09-07 14:25:20.438   530   602 E NetlinkEvent: NetlinkEvent::FindParam(): Parameter 'PRODUCT' not found
09-07 14:25:20.438   530   602 E NetlinkEvent: NetlinkEvent::FindParam(): Parameter 'DEVNAME' not found
09-07 14:25:20.438   530   602 E NetlinkEvent: NetlinkEvent::FindParam(): Parameter 'INTERFACE' not found
09-07 14:25:20.444   398   439 D vold    : Installed fscrypt key with ref 5608384436a04e0e535d8caa8d64df06 to /data
09-07 14:25:20.444   398   439 D vold    : Added fscrypt-provisioning key for 5608384436a04e0e535d8caa8d64df06 to session keyring
09-07 14:25:20.444   398   439 D vold    : Installed ce key for user 10
09-07 14:25:20.448   398   439 D vold    : fscrypt_prepare_user_storage for volume null, user 10, serial 10, flags 2
09-07 14:25:20.448   398   439 D vold    : Preparing: /data/system_ce/10
09-07 14:25:20.448   398   439 D vold    : Preparing: /data/misc_ce/10
09-07 14:25:20.448   398   439 D vold    : Preparing: /data/vendor_ce/10
09-07 14:25:20.449   398   439 D vold    : Preparing: /data/media/10
09-07 14:25:20.449   398   439 D vold    : Preparing: /data/user/10
09-07 14:25:20.449   398   439 I vold    : Verified that /data/system_ce/10 has the encryption policy 5608384436a04e0e535d8caa8d64df06 v2 modes 1/4 flags 0x12
09-07 14:25:20.450   398   439 I vold    : Verified that /data/misc_ce/10 has the encryption policy 5608384436a04e0e535d8caa8d64df06 v2 modes 1/4 flags 0x12
09-07 14:25:20.451   398   439 I vold    : Verified that /data/vendor_ce/10 has the encryption policy 5608384436a04e0e535d8caa8d64df06 v2 modes 1/4 flags 0x12
09-07 14:25:20.452   398   439 I vold    : Verified that /data/media/10 has the encryption policy 5608384436a04e0e535d8caa8d64df06 v2 modes 1/4 flags 0x12
09-07 14:25:20.452   398   439 I vold    : Verified that /data/user/10 has the encryption policy 5608384436a04e0e535d8caa8d64df06 v2 modes 1/4 flags 0x12
09-07 14:25:20.452   398   439 D vold    : Starting restorecon of /data/system_ce/10
09-07 14:25:20.458  1033  1063 I chatty  : uid=1000(system) android.bg expire 2 lines
09-07 14:25:20.478  1033  1825 I chatty  : uid=1000(system) Binder:1033_A expire 3 lines
09-07 14:25:20.480   398   439 D vold    : Finished restorecon of /data/system_ce/10
09-07 14:25:20.480   398   439 D vold    : Starting restorecon of /data/vendor_ce/10
09-07 14:25:20.483   530   602 E NetlinkEvent: NetlinkEvent::FindParam(): Parameter 'PRODUCT' not found
09-07 14:25:20.484   530   602 E NetlinkEvent: NetlinkEvent::FindParam(): Parameter 'DEVNAME' not found
09-07 14:25:20.484   530   602 E NetlinkEvent: NetlinkEvent::FindParam(): Parameter 'INTERFACE' not found
09-07 14:25:20.484   531   595 E NetlinkEvent: NetlinkEvent::FindParam(): Parameter 'dual_role_usb' not found
09-07 14:25:20.484   531   595 E NetlinkEvent: NetlinkEvent::FindParam(): Parameter 'OVER_CURRENT_PORT' not found
09-07 14:25:20.484   531   595 E NetlinkEvent: NetlinkEvent::FindParam(): Parameter 'UNRECOGNIZED_USB_DEVICE_ON_PORT' not found
09-07 14:25:20.487   398   439 D vold    : Finished restorecon of /data/vendor_ce/10
09-07 14:25:20.487   398   439 D vold    : Starting restorecon of /data/misc_ce/10
09-07 14:25:20.513   530   602 E NetlinkEvent: NetlinkEvent::FindParam(): Parameter 'PRODUCT' not found
09-07 14:25:20.513   530   602 E NetlinkEvent: NetlinkEvent::FindParam(): Parameter 'DEVNAME' not found
09-07 14:25:20.514   531   595 E NetlinkEvent: NetlinkEvent::FindParam(): Parameter 'dual_role_usb' not found
09-07 14:25:20.514   531   595 E NetlinkEvent: NetlinkEvent::FindParam(): Parameter 'OVER_CURRENT_PORT' not found
09-07 14:25:20.514   531   595 E NetlinkEvent: NetlinkEvent::FindParam(): Parameter 'UNRECOGNIZED_USB_DEVICE_ON_PORT' not found
09-07 14:25:20.514   398   439 D vold    : Finished restorecon of /data/misc_ce/10
09-07 14:25:20.514   398   439 D vold    : /system/bin/vold_prepare_subdirs
09-07 14:25:20.514   398   439 D vold    :     prepare
09-07 14:25:20.515   398   439 D vold    :     
09-07 14:25:20.515   398   439 D vold    :     10
09-07 14:25:20.515   530   602 E NetlinkEvent: NetlinkEvent::FindParam(): Parameter 'INTERFACE' not found
09-07 14:25:20.515   398   439 D vold    :     2
09-07 14:25:20.533   512  2624 I KPI_Marker: [25.106615] [HarmanAudioEffect] Audio_Volume_Changed
09-07 14:25:20.535   512  1065 I KPI_Marker: [25.107976] [HarmanAudioControl] Audio_Fade_In
09-07 14:25:20.539  1033  1214 I chatty  : uid=1000(system) onProviders.ECP expire 2 lines
09-07 14:25:20.545  1033  1248 I chatty  : uid=1000(system) SyncManager expire 1 line
09-07 14:25:20.651  1033  1223 I chatty  : uid=1000(system) Binder:1033_3 expire 2 lines
09-07 14:25:20.685  1033  1848 I chatty  : uid=1000(system) LazyTaskWriterT expire 16 lines
09-07 14:25:20.701  1033  1056 I chatty  : uid=1000(system) android.display expire 3 lines
09-07 14:25:20.712   512  2711 I KPI_Marker: [25.285098] [HarmanAudioEffect] Entertainment_Audio_Muted
09-07 14:25:20.718  1033  1625 I chatty  : uid=1000(system) Binder:1033_7 expire 1 line
09-07 14:25:20.913  1033  2767 I chatty  : uid=1000(system) BluetoothRouteM expire 1 line
09-07 14:25:20.951  1033  2772 I chatty  : uid=1000(system) uteStateMachine expire 2 lines
09-07 14:25:20.963  1033  2776 I chatty  : uid=1000(system) CallAudioModeSt expire 1 line
09-07 14:25:21.047  1033  2794 I DropBoxManagerService: add tag=SYSTEM_BOOT isTagEnabled=true flags=0x2
09-07 14:25:21.053  1033  1033 D AutofillManagerService: Restriction did not change for user 0
09-07 14:25:21.054  1033  1848 E TaskPersister: File error accessing recents directory (directory doesn't exist?).
09-07 14:25:21.054  1033  1848 E TaskPersister: File error accessing recents directory (directory doesn't exist?).
09-07 14:25:21.055  1033  1033 D AutofillManagerService: Restriction did not change for user 10
09-07 14:25:21.056  1033  1033 I ExplicitHealthCheckController: Explicit health check service is connected ComponentInfo{android.ext.services/android.ext.services.watchdog.ExplicitHealthCheckServiceImpl}
09-07 14:25:21.056  1033  1033 I ExplicitHealthCheckController: Service initialized, syncing requests
09-07 14:25:21.058  1033  1056 I ActivityTaskManager: START u10 {act=android.intent.action.MAIN cat=[android.intent.category.HOME] flg=0x10000100 cmp=com.samsung.android.automotive.launcher/.homescreen.CarLauncher} from uid 0
09-07 14:25:21.058  1033  2794 I BootReceiver: Copying audit failures to DropBox
09-07 14:25:21.060  1033  2794 I BootReceiver: Checking for fsck errors
09-07 14:25:21.061  1033  2794 I BootReceiver: fs_stat, partition:dsp_a stat:0x3
09-07 14:25:21.066  1033  2794 I BootReceiver: Copying /data/tombstones/tombstone_19 to DropBox (SYSTEM_TOMBSTONE)
09-07 14:25:21.066  1033  1033 V NotificationAssistants: 0 notification assistant service connected: ComponentInfo{android.ext.services/android.ext.services.notification.Assistant}
09-07 14:25:21.067  1033  1033 V NotificationAssistants: 10 notification assistant service connected: ComponentInfo{android.ext.services/android.ext.services.notification.Assistant}
09-07 14:25:21.068  1033  1033 I Telecom : WiredHeadsetManager: ACTION_HEADSET_PLUG event, plugged in: false, : WHC.oADA@AAE
09-07 14:25:21.071  1033  1625 W ActivityTaskManager: Tried to set launchTime (0) < mLastActivityLaunchTime (24024)
09-07 14:25:21.072  2122  2122 W ContextImpl: Calling a method in the system process without a qualified user: android.app.ContextImpl.startService:1669 android.content.ContextWrapper.startService:720 android.content.ContextWrapper.startService:720 com.qualcomm.qti.services.secureui.BootReceiver.onReceive:30 android.app.ActivityThread.handleReceiver:4026 
09-07 14:25:21.073  1033  2794 I DropBoxManagerService: add tag=SYSTEM_TOMBSTONE isTagEnabled=true flags=0x2
09-07 14:25:21.081  1033  1848 E TaskPersister: File error accessing recents directory (directory doesn't exist?).
09-07 14:25:21.081  1033  1848 E TaskPersister: File error accessing recents directory (directory doesn't exist?).
09-07 14:25:21.090  1033  1033 D BluetoothManagerService: Bluetooth Adapter name changed to Titan
09-07 14:25:21.090  1033  1033 D BluetoothManagerService: Stored Bluetooth name: Titan
09-07 14:25:21.090  1033  1033 D PackageWatchdog: Getting all observed packages pending health checks
09-07 14:25:21.090  1033  1033 I PackageWatchdog: Syncing health check requests for packages: {}
09-07 14:25:21.090  1033  1033 D ExplicitHealthCheckController: Getting health check supported packages
09-07 14:25:21.095  1033  2794 I BootReceiver: Copying /data/tombstones/tombstone_18 to DropBox (SYSTEM_TOMBSTONE)
09-07 14:25:21.097  1033  2794 I DropBoxManagerService: add tag=SYSTEM_TOMBSTONE isTagEnabled=true flags=0x2
09-07 14:25:21.098  1033  1431 I ExplicitHealthCheckController: Explicit health check supported packages [PackageConfig{com.android.networkstack, 86400000}]
09-07 14:25:21.098  1033  1431 D PackageWatchdog: Received supported packages [PackageConfig{com.android.networkstack, 86400000}]
09-07 14:25:21.098  1033  1431 D ExplicitHealthCheckController: Getting health check requested packages
09-07 14:25:21.104  1033  1431 I ExplicitHealthCheckController: Explicit health check requested packages []
09-07 14:25:21.104  1033  1431 I ExplicitHealthCheckController: No more health check requests, unbinding...
09-07 14:25:21.107  1033  2748 I ActivityTaskManager: START u10 {act=android.intent.action.MAIN cat=[android.intent.category.HOME] flg=0x10000100 cmp=com.samsung.android.automotive.launcher/.homescreen.CarLauncher} from uid 0
09-07 14:25:21.112  1033  2748 W ActivityTaskManager: Tried to set launchTime (0) < mLastActivityLaunchTime (24062)
09-07 14:25:21.123  1033  1848 E TaskPersister: File error accessing recents directory (directory doesn't exist?).
09-07 14:25:21.123  1033  1848 E TaskPersister: File error accessing recents directory (directory doesn't exist?).
09-07 14:25:21.132  1033  1965 D CompatibilityChangeReporter: Compat change id reported: 124107808; UID 1001; state: ENABLED
09-07 14:25:21.134  1033  1965 D CompatibilityChangeReporter: Compat change id reported: 124107808; UID 1001; state: DISABLED
09-07 14:25:21.135  1033  1825 D CompatibilityChangeReporter: Compat change id reported: 135634846; UID 1000; state: DISABLED
09-07 14:25:21.135  1033  1825 D CompatibilityChangeReporter: Compat change id reported: 135754954; UID 1000; state: ENABLED
09-07 14:25:21.139  1033  1625 I ActivityTaskManager: START u10 {act=android.intent.action.MAIN cat=[android.intent.category.HOME] flg=0x10000100 cmp=com.samsung.android.automotive.launcher/.homescreen.CarLauncher} from uid 0
09-07 14:25:21.147  1033  1625 W ActivityTaskManager: Tried to set launchTime (0) < mLastActivityLaunchTime (24103)
09-07 14:25:21.151  1033  2794 I BootReceiver: Copying /data/tombstones/tombstone_20 to DropBox (SYSTEM_TOMBSTONE)
09-07 14:25:21.153  1033  2794 I DropBoxManagerService: add tag=SYSTEM_TOMBSTONE isTagEnabled=true flags=0x2
09-07 14:25:21.157  1033  1063 D CountryDetector: Using custom country detector class: com.android.server.location.ComprehensiveCountryDetector
09-07 14:25:21.168  1033  1431 I ExplicitHealthCheckController: Explicit health check service is unbound
09-07 14:25:21.168  1033  1848 E TaskPersister: File error accessing recents directory (directory doesn't exist?).
09-07 14:25:21.168  1033  1848 E TaskPersister: File error accessing recents directory (directory doesn't exist?).
09-07 14:25:21.179  1033  1209 D ConnectivityService: NetReassign [no changes]
09-07 14:25:21.187  1033  1055 I DropBoxManagerService: add tag=system_server_strictmode isTagEnabled=true flags=0x2
09-07 14:25:21.193  1033  1965 I ActivityTaskManager: START u10 {act=android.intent.action.MAIN cat=[android.intent.category.HOME] flg=0x10000100 cmp=com.samsung.android.automotive.launcher/.homescreen.CarLauncher} from uid 0
09-07 14:25:21.198  1033  1965 W ActivityTaskManager: Tried to set launchTime (0) < mLastActivityLaunchTime (24140)
09-07 14:25:21.206  1033  2794 D CompatibilityChangeReporter: Compat change id reported: 135634846; UID 10074; state: DISABLED
09-07 14:25:21.206  1033  2794 D CompatibilityChangeReporter: Compat change id reported: 135754954; UID 10074; state: ENABLED
09-07 14:25:21.209  1033  1067 W ActivityManager: Slow operation: 75ms so far, now at startProcess: done updating battery stats
09-07 14:25:21.210  1033  1067 W ActivityManager: Slow operation: 76ms so far, now at startProcess: building log message
09-07 14:25:21.210  1033  1067 I ActivityManager: Start proc 2818:com.harman.vpa/1000 for broadcast {com.harman.vpa/com.harman.vpa.TitanVPAEventReceiver}
09-07 14:25:21.210  1033  1067 W ActivityManager: Slow operation: 76ms so far, now at startProcess: starting to update pids map
09-07 14:25:21.211  1033  1067 W ActivityManager: Slow operation: 77ms so far, now at startProcess: done updating pids map
09-07 14:25:21.212  1033  1848 E TaskPersister: File error accessing recents directory (directory doesn't exist?).
09-07 14:25:21.212  1033  1067 D CompatibilityChangeReporter: Compat change id reported: 143937733; UID 10074; state: ENABLED
09-07 14:25:21.213  1033  1848 E TaskPersister: File error accessing recents directory (directory doesn't exist?).
09-07 14:25:21.227  1033  1033 W Looper  : Drained
09-07 14:25:21.227  1033  1033 D BluetoothManagerService: BluetoothServiceConnection: com.android.bluetooth.btservice.AdapterService
09-07 14:25:21.229  1033  1055 D BluetoothManagerService: MESSAGE_BLUETOOTH_SERVICE_CONNECTED: 1
09-07 14:25:21.231  1033  1055 D BluetoothManagerService: Broadcasting onBluetoothServiceUp() to 9 receivers.
09-07 14:25:21.234  1033  1223 I ActivityTaskManager: START u10 {act=android.intent.action.MAIN cat=[android.intent.category.HOME] flg=0x10000100 cmp=com.samsung.android.automotive.launcher/.homescreen.CarLauncher} from uid 0
09-07 14:25:21.239  1033  1067 I ActivityManager: Start proc 2848:android.process.media/u0a74 for content provider {com.android.providers.downloads/com.android.providers.downloads.DownloadProvider}
09-07 14:25:21.239  1033  1223 W ActivityTaskManager: Tried to set launchTime (0) < mLastActivityLaunchTime (24189)
09-07 14:25:21.247  1033  1055 D BluetoothManagerService: MESSAGE_BLUETOOTH_STATE_CHANGE: OFF > BLE_TURNING_ON
09-07 14:25:21.247  1033  1055 D BluetoothManagerService: Sending BLE State Change: OFF > BLE_TURNING_ON
09-07 14:25:21.253  1033  1067 W ActivityManager: Slow operation: 62ms so far, now at startProcess: done updating pids map
09-07 14:25:21.253  1033  1848 E TaskPersister: File error accessing recents directory (directory doesn't exist?).
09-07 14:25:21.253  1033  1848 E TaskPersister: File error accessing recents directory (directory doesn't exist?).
09-07 14:25:21.286  1033  2748 I ActivityTaskManager: START u10 {act=android.intent.action.MAIN cat=[android.intent.category.HOME] flg=0x10000100 cmp=com.samsung.android.automotive.launcher/.homescreen.CarLauncher} from uid 0
09-07 14:25:21.293  1033  2748 W ActivityTaskManager: Tried to set launchTime (0) < mLastActivityLaunchTime (24233)
09-07 14:25:21.309  1033  1848 E TaskPersister: File error accessing recents directory (directory doesn't exist?).
09-07 14:25:21.309  1033  1848 E TaskPersister: File error accessing recents directory (directory doesn't exist?).
09-07 14:25:21.328  1033  2748 I ActivityTaskManager: START u10 {act=android.intent.action.MAIN cat=[android.intent.category.HOME] flg=0x10000100 cmp=com.samsung.android.automotive.launcher/.homescreen.CarLauncher} from uid 0
09-07 14:25:21.340  1033  2748 W ActivityTaskManager: Tried to set launchTime (0) < mLastActivityLaunchTime (24285)
09-07 14:25:21.359  1033  1848 E TaskPersister: File error accessing recents directory (directory doesn't exist?).
09-07 14:25:21.359  1033  1848 E TaskPersister: File error accessing recents directory (directory doesn't exist?).
09-07 14:25:21.377  1033  1824 I ActivityTaskManager: START u10 {act=android.intent.action.MAIN cat=[android.intent.category.HOME] flg=0x10000100 cmp=com.samsung.android.automotive.launcher/.homescreen.CarLauncher} from uid 0
09-07 14:25:21.383  1033  1824 W ActivityTaskManager: Tried to set launchTime (0) < mLastActivityLaunchTime (24335)
09-07 14:25:21.401  1033  1848 E TaskPersister: File error accessing recents directory (directory doesn't exist?).
09-07 14:25:21.402  1033  1848 E TaskPersister: File error accessing recents directory (directory doesn't exist?).
09-07 14:25:21.412  1033  1209 D ConnectivityService: Got NetworkProvider Messenger for PhoneSwitcherNetworkRequstListener
09-07 14:25:21.426  1033  1056 I ActivityTaskManager: START u10 {act=android.intent.action.MAIN cat=[android.intent.category.HOME] flg=0x10000100 cmp=com.samsung.android.automotive.launcher/.homescreen.CarLauncher} from uid 0
09-07 14:25:21.443  1033  1209 D ConnectivityService: Got NetworkProvider Messenger for TelephonyNetworkFactory[0]
09-07 14:25:21.459  1033  1223 W ActivityTaskManager: Tried to set launchTime (0) < mLastActivityLaunchTime (24378)
09-07 14:25:21.470  1033  1848 E TaskPersister: File error accessing recents directory (directory doesn't exist?).
09-07 14:25:21.471  1033  1848 E TaskPersister: File error accessing recents directory (directory doesn't exist?).
09-07 14:25:21.482  1033  1053 V PackageManager: reconcileAppsData finished 208 packages
09-07 14:25:21.483  1033  1053 I ActivityManager: User 10 state changed from RUNNING_LOCKED to RUNNING_UNLOCKING
09-07 14:25:21.484  1033  1053 D ActivityManager: Unlocking user 10 progress 20
09-07 14:25:21.484  1033  1064 I SystemServerTimingAsync: ssm.UnlockingUser-10
09-07 14:25:21.484  1033  1064 I SystemServiceManager: Calling onUnlockingUser 10
09-07 14:25:21.485  1033  1064 I SystemServerTimingAsync: ssm.onUnlockingUser-10_com.android.server.security.FileIntegrityService
09-07 14:25:21.485  1033  1064 D SystemServerTimingAsync: ssm.onUnlockingUser-10_com.android.server.security.FileIntegrityService took to complete: 0ms
09-07 14:25:21.485  1033  1064 I SystemServerTimingAsync: ssm.onUnlockingUser-10_com.android.server.pm.Installer
09-07 14:25:21.485  1033  1064 D SystemServerTimingAsync: ssm.onUnlockingUser-10_com.android.server.pm.Installer took to complete: 0ms
09-07 14:25:21.485  1033  1064 I SystemServerTimingAsync: ssm.onUnlockingUser-10_com.android.server.os.DeviceIdentifiersPolicyService
09-07 14:25:21.485  1033  1064 D SystemServerTimingAsync: ssm.onUnlockingUser-10_com.android.server.os.DeviceIdentifiersPolicyService took to complete: 0ms
09-07 14:25:21.485  1033  1064 I SystemServerTimingAsync: ssm.onUnlockingUser-10_com.android.server.uri.UriGrantsManagerService$Lifecycle
09-07 14:25:21.485  1033  1064 D SystemServerTimingAsync: ssm.onUnlockingUser-10_com.android.server.uri.UriGrantsManagerService$Lifecycle took to complete: 0ms
09-07 14:25:21.485  1033  1064 I SystemServerTimingAsync: ssm.onUnlockingUser-10_com.android.server.wm.ActivityTaskManagerService$Lifecycle
09-07 14:25:21.485  1033  1053 W Looper  : Slow dispatch took 1038ms android.fg h=android.os.Handler c=com.android.server.am.-$$Lambda$UserController$stQk1028ON105v_u-VMykVjcxLk@57962ab m=0
09-07 14:25:21.485  1033  1053 W Looper  : Slow delivery took 1037ms android.fg h=android.os.Handler c=<recycled PooledLambda@c014d08> m=0
09-07 14:25:21.487  1033  1064 I LaunchParamsPersister: Didn't find launch param folder for user 10
09-07 14:25:21.487  1033  1064 D SystemServerTimingAsync: ssm.onUnlockingUser-10_com.android.server.wm.ActivityTaskManagerService$Lifecycle took to complete: 2ms
09-07 14:25:21.487  1033  1064 I SystemServerTimingAsync: ssm.onUnlockingUser-10_com.android.server.am.ActivityManagerService$Lifecycle
09-07 14:25:21.487  1033  1064 D SystemServerTimingAsync: ssm.onUnlockingUser-10_com.android.server.am.ActivityManagerService$Lifecycle took to complete: 0ms
09-07 14:25:21.487  1033  1064 I SystemServerTimingAsync: ssm.onUnlockingUser-10_com.android.server.pm.DataLoaderManagerService
09-07 14:25:21.487  1033  1064 D SystemServerTimingAsync: ssm.onUnlockingUser-10_com.android.server.pm.DataLoaderManagerService took to complete: 0ms
09-07 14:25:21.487  1033  1064 I SystemServerTimingAsync: ssm.onUnlockingUser-10_com.android.server.power.PowerManagerService
09-07 14:25:21.487  1033  1064 D SystemServerTimingAsync: ssm.onUnlockingUser-10_com.android.server.power.PowerManagerService took to complete: 0ms
09-07 14:25:21.487  1033  1064 I SystemServerTimingAsync: ssm.onUnlockingUser-10_com.android.server.power.ThermalManagerService
09-07 14:25:21.487  1033  1064 D SystemServerTimingAsync: ssm.onUnlockingUser-10_com.android.server.power.ThermalManagerService took to complete: 0ms
09-07 14:25:21.487  1033  1064 I SystemServerTimingAsync: ssm.onUnlockingUser-10_com.android.server.recoverysystem.RecoverySystemService$Lifecycle
09-07 14:25:21.487  1033  1064 D SystemServerTimingAsync: ssm.onUnlockingUser-10_com.android.server.recoverysystem.RecoverySystemService$Lifecycle took to complete: 0ms
09-07 14:25:21.487  1033  1064 I SystemServerTimingAsync: ssm.onUnlockingUser-10_com.android.server.lights.LightsService
09-07 14:25:21.487  1033  1064 D SystemServerTimingAsync: ssm.onUnlockingUser-10_com.android.server.lights.LightsService took to complete: 0ms
09-07 14:25:21.487  1033  1064 I SystemServerTimingAsync: ssm.onUnlockingUser-10_com.android.server.display.DisplayManagerService
09-07 14:25:21.487  1033  1064 D SystemServerTimingAsync: ssm.onUnlockingUser-10_com.android.server.display.DisplayManagerService took to complete: 0ms
09-07 14:25:21.487  1033  1064 I SystemServerTimingAsync: ssm.onUnlockingUser-10_com.android.server.pm.UserManagerService$LifeCycle
09-07 14:25:21.487  1033  1064 D SystemServerTimingAsync: ssm.onUnlockingUser-10_com.android.server.pm.UserManagerService$LifeCycle took to complete: 0ms
09-07 14:25:21.487  1033  1064 I SystemServerTimingAsync: ssm.onUnlockingUser-10_com.android.server.om.OverlayManagerService
09-07 14:25:21.487  1033  1064 D SystemServerTimingAsync: ssm.onUnlockingUser-10_com.android.server.om.OverlayManagerService took to complete: 0ms
09-07 14:25:21.487  1033  1064 I SystemServerTimingAsync: ssm.onUnlockingUser-10_com.android.server.SensorPrivacyService
09-07 14:25:21.487  1033  1064 D SystemServerTimingAsync: ssm.onUnlockingUser-10_com.android.server.SensorPrivacyService took to complete: 0ms
09-07 14:25:21.487  1033  1064 I SystemServerTimingAsync: ssm.onUnlockingUser-10_com.android.server.SystemConfigService
09-07 14:25:21.487  1033  1064 D SystemServerTimingAsync: ssm.onUnlockingUser-10_com.android.server.SystemConfigService took to complete: 0ms
09-07 14:25:21.487  1033  1064 I SystemServerTimingAsync: ssm.onUnlockingUser-10_com.android.server.BatteryService
09-07 14:25:21.487  1033  1064 D SystemServerTimingAsync: ssm.onUnlockingUser-10_com.android.server.BatteryService took to complete: 0ms
09-07 14:25:21.487  1033  1064 I SystemServerTimingAsync: ssm.onUnlockingUser-10_com.android.server.usage.UsageStatsService
09-07 14:25:21.487  1033  1064 D SystemServerTimingAsync: ssm.onUnlockingUser-10_com.android.server.usage.UsageStatsService took to complete: 0ms
09-07 14:25:21.487  1033  1064 I SystemServerTimingAsync: ssm.onUnlockingUser-10_com.android.server.webkit.WebViewUpdateService
09-07 14:25:21.487  1033  1064 D SystemServerTimingAsync: ssm.onUnlockingUser-10_com.android.server.webkit.WebViewUpdateService took to complete: 0ms
09-07 14:25:21.487  1033  1064 I SystemServerTimingAsync: ssm.onUnlockingUser-10_com.android.server.CachedDeviceStateService
09-07 14:25:21.487  1033  1064 D SystemServerTimingAsync: ssm.onUnlockingUser-10_com.android.server.CachedDeviceStateService took to complete: 0ms
09-07 14:25:21.487  1033  1064 I SystemServerTimingAsync: ssm.onUnlockingUser-10_com.android.server.BinderCallsStatsService$LifeCycle
09-07 14:25:21.487  1033  1064 D SystemServerTimingAsync: ssm.onUnlockingUser-10_com.android.server.BinderCallsStatsService$LifeCycle took to complete: 0ms
09-07 14:25:21.487  1033  1064 I SystemServerTimingAsync: ssm.onUnlockingUser-10_com.android.server.LooperStatsService$Lifecycle
09-07 14:25:21.487  1033  1064 D SystemServerTimingAsync: ssm.onUnlockingUser-10_com.android.server.LooperStatsService$Lifecycle took to complete: 0ms
09-07 14:25:21.487  1033  1064 I SystemServerTimingAsync: ssm.onUnlockingUser-10_com.android.server.rollback.RollbackManagerService
09-07 14:25:21.488  1033  1064 D SystemServerTimingAsync: ssm.onUnlockingUser-10_com.android.server.rollback.RollbackManagerService took to complete: 1ms
09-07 14:25:21.488  1033  1064 I SystemServerTimingAsync: ssm.onUnlockingUser-10_com.android.server.os.BugreportManagerService
09-07 14:25:21.488  1033  1064 D SystemServerTimingAsync: ssm.onUnlockingUser-10_com.android.server.os.BugreportManagerService took to complete: 0ms
09-07 14:25:21.488  1033  1064 I SystemServerTimingAsync: ssm.onUnlockingUser-10_com.android.server.gpu.GpuService
09-07 14:25:21.488  1033  1064 D SystemServerTimingAsync: ssm.onUnlockingUser-10_com.android.server.gpu.GpuService took to complete: 0ms
09-07 14:25:21.488  1033  1064 I SystemServerTimingAsync: ssm.onUnlockingUser-10_com.android.server.security.KeyChainSystemService
09-07 14:25:21.488  1033  1064 D SystemServerTimingAsync: ssm.onUnlockingUser-10_com.android.server.security.KeyChainSystemService took to complete: 0ms
09-07 14:25:21.488  1033  1064 I SystemServerTimingAsync: ssm.onUnlockingUser-10_com.android.server.telecom.TelecomLoaderService
09-07 14:25:21.488  1033  1064 D SystemServerTimingAsync: ssm.onUnlockingUser-10_com.android.server.telecom.TelecomLoaderService took to complete: 0ms
09-07 14:25:21.488  1033  1064 I SystemServerTimingAsync: ssm.onUnlockingUser-10_com.android.server.accounts.AccountManagerService$Lifecycle
09-07 14:25:21.488  1033  1064 D SystemServerTimingAsync: ssm.onUnlockingUser-10_com.android.server.accounts.AccountManagerService$Lifecycle took to complete: 0ms
09-07 14:25:21.488  1033  1064 I SystemServerTimingAsync: ssm.onUnlockingUser-10_com.android.server.content.ContentService$Lifecycle
09-07 14:25:21.488  1033  1064 D SystemServerTimingAsync: ssm.onUnlockingUser-10_com.android.server.content.ContentService$Lifecycle took to complete: 0ms
09-07 14:25:21.488  1033  1064 I SystemServerTimingAsync: ssm.onUnlockingUser-10_com.android.server.DropBoxManagerService
09-07 14:25:21.488  1033  1064 D SystemServerTimingAsync: ssm.onUnlockingUser-10_com.android.server.DropBoxManagerService took to complete: 0ms
09-07 14:25:21.488  1033  1064 I SystemServerTimingAsync: ssm.onUnlockingUser-10_com.android.server.AlarmManagerService
09-07 14:25:21.488  1033  1064 D SystemServerTimingAsync: ssm.onUnlockingUser-10_com.android.server.AlarmManagerService took to complete: 0ms
09-07 14:25:21.488  1033  1064 I SystemServerTimingAsync: ssm.onUnlockingUser-10_com.android.server.BluetoothService
09-07 14:25:21.488  1033  1064 D BluetoothManagerService: User 10 unlocked
09-07 14:25:21.488  1033  1064 D SystemServerTimingAsync: ssm.onUnlockingUser-10_com.android.server.BluetoothService took to complete: 0ms
09-07 14:25:21.488  1033  1064 I SystemServerTimingAsync: ssm.onUnlockingUser-10_com.android.server.connectivity.IpConnectivityMetrics
09-07 14:25:21.488  1033  1064 D SystemServerTimingAsync: ssm.onUnlockingUser-10_com.android.server.connectivity.IpConnectivityMetrics took to complete: 0ms
09-07 14:25:21.488  1033  1064 I SystemServerTimingAsync: ssm.onUnlockingUser-10_com.android.server.net.watchlist.NetworkWatchlistService$Lifecycle
09-07 14:25:21.488  1033  1064 D SystemServerTimingAsync: ssm.onUnlockingUser-10_com.android.server.net.watchlist.NetworkWatchlistService$Lifecycle took to complete: 0ms
09-07 14:25:21.488  1033  1064 I SystemServerTimingAsync: ssm.onUnlockingUser-10_com.android.server.PinnerService
09-07 14:25:21.488  1033  1064 D SystemServerTimingAsync: ssm.onUnlockingUser-10_com.android.server.PinnerService took to complete: 0ms
09-07 14:25:21.488  1033  1064 I SystemServerTimingAsync: ssm.onUnlockingUser-10_com.google.android.startop.iorap.IorapForwardingService
09-07 14:25:21.488  1033  1064 D SystemServerTimingAsync: ssm.onUnlockingUser-10_com.google.android.startop.iorap.IorapForwardingService took to complete: 0ms
09-07 14:25:21.488  1033  1064 I SystemServerTimingAsync: ssm.onUnlockingUser-10_com.android.server.integrity.AppIntegrityManagerService
09-07 14:25:21.488  1033  1064 D SystemServerTimingAsync: ssm.onUnlockingUser-10_com.android.server.integrity.AppIntegrityManagerService took to complete: 0ms
09-07 14:25:21.488  1033  1064 I SystemServerTimingAsync: ssm.onUnlockingUser-10_com.android.server.inputmethod.InputMethodManagerService$Lifecycle
09-07 14:25:21.489  1033  1064 D SystemServerTimingAsync: ssm.onUnlockingUser-10_com.android.server.inputmethod.InputMethodManagerService$Lifecycle took to complete: 0ms
09-07 14:25:21.489  1033  1064 I SystemServerTimingAsync: ssm.onUnlockingUser-10_com.android.server.accessibility.AccessibilityManagerService$Lifecycle
09-07 14:25:21.489  1033  1064 D SystemServerTimingAsync: ssm.onUnlockingUser-10_com.android.server.accessibility.AccessibilityManagerService$Lifecycle took to complete: 0ms
09-07 14:25:21.489  1033  1064 I SystemServerTimingAsync: ssm.onUnlockingUser-10_com.android.server.StorageManagerService$Lifecycle
09-07 14:25:21.489  1033  1064 D StorageManagerService: onUnlockUser 10
09-07 14:25:21.489  1033  1064 I StorageSessionController: On user unlock 10
09-07 14:25:21.489   398   439 I vold    : onUserStarted: 10
09-07 14:25:21.489  1033  1055 D BluetoothManagerService: MESSAGE_USER_UNLOCKED
09-07 14:25:21.490  1033  1048 V StorageManagerService: Found primary storage at VolumeInfo{emulated;10}:
09-07 14:25:21.490  1033  1048 V StorageManagerService:     type=EMULATED diskId=null partGuid= mountFlags=0 mountUserId=10 
09-07 14:25:21.490  1033  1048 V StorageManagerService:     state=UNMOUNTED 
09-07 14:25:21.490  1033  1048 V StorageManagerService:     fsType=null fsUuid=null fsLabel=null 
09-07 14:25:21.490  1033  1048 V StorageManagerService:     path=null internalPath=null 
09-07 14:25:21.490  1033  1187 I StorageManagerService: Mounting volume VolumeInfo{emulated;10}:
09-07 14:25:21.490  1033  1187 I StorageManagerService:     type=EMULATED diskId=null partGuid= mountFlags=PRIMARY|VISIBLE 
09-07 14:25:21.490  1033  1187 I StorageManagerService:     mountUserId=10 state=UNMOUNTED 
09-07 14:25:21.490  1033  1187 I StorageManagerService:     fsType=null fsUuid=null fsLabel=null 
09-07 14:25:21.490  1033  1187 I StorageManagerService:     path=null internalPath=null 
09-07 14:25:21.491   398   439 I vold    : Mounting emulated fuse volume
09-07 14:25:21.498  1033  1064 D SystemServerTimingAsync: ssm.onUnlockingUser-10_com.android.server.StorageManagerService$Lifecycle took to complete: 9ms
09-07 14:25:21.498  1033  1064 I SystemServerTimingAsync: ssm.onUnlockingUser-10_com.android.server.usage.StorageStatsService$Lifecycle
09-07 14:25:21.498  1033  1064 D SystemServerTimingAsync: ssm.onUnlockingUser-10_com.android.server.usage.StorageStatsService$Lifecycle took to complete: 0ms
09-07 14:25:21.498  1033  1064 I SystemServerTimingAsync: ssm.onUnlockingUser-10_com.android.server.UiModeManagerService
09-07 14:25:21.498  1033  1064 D SystemServerTimingAsync: ssm.onUnlockingUser-10_com.android.server.UiModeManagerService took to complete: 0ms
09-07 14:25:21.498  1033  1064 I SystemServerTimingAsync: ssm.onUnlockingUser-10_com.android.server.locksettings.LockSettingsService$Lifecycle
09-07 14:25:21.499  1033  1064 D SystemServerTimingAsync: ssm.onUnlockingUser-10_com.android.server.locksettings.LockSettingsService$Lifecycle took to complete: 0ms
09-07 14:25:21.499  1033  1064 I SystemServerTimingAsync: ssm.onUnlockingUser-10_com.android.server.PersistentDataBlockService
09-07 14:25:21.499  1033  1064 D SystemServerTimingAsync: ssm.onUnlockingUser-10_com.android.server.PersistentDataBlockService took to complete: 0ms
09-07 14:25:21.499  1033  1064 I SystemServerTimingAsync: ssm.onUnlockingUser-10_com.android.server.testharness.TestHarnessModeService
09-07 14:25:21.499  1033  1064 D SystemServerTimingAsync: ssm.onUnlockingUser-10_com.android.server.testharness.TestHarnessModeService took to complete: 0ms
09-07 14:25:21.499  1033  1064 I SystemServerTimingAsync: ssm.onUnlockingUser-10_com.android.server.oemlock.OemLockService
09-07 14:25:21.499  1033  1064 D SystemServerTimingAsync: ssm.onUnlockingUser-10_com.android.server.oemlock.OemLockService took to complete: 0ms
09-07 14:25:21.499  1033  1064 I SystemServerTimingAsync: ssm.onUnlockingUser-10_com.android.server.DeviceIdleController
09-07 14:25:21.499  1033  1064 D SystemServerTimingAsync: ssm.onUnlockingUser-10_com.android.server.DeviceIdleController took to complete: 0ms
09-07 14:25:21.499  1033  1064 I SystemServerTimingAsync: ssm.onUnlockingUser-10_com.android.server.devicepolicy.DevicePolicyManagerService$Lifecycle
09-07 14:25:21.499  1033  1064 D SystemServerTimingAsync: ssm.onUnlockingUser-10_com.android.server.devicepolicy.DevicePolicyManagerService$Lifecycle took to complete: 0ms
09-07 14:25:21.499  1033  1064 I SystemServerTimingAsync: ssm.onUnlockingUser-10_com.android.server.textservices.TextServicesManagerService$Lifecycle
09-07 14:25:21.508  1033  2748 I ActivityTaskManager: START u10 {act=android.intent.action.MAIN cat=[android.intent.category.HOME] flg=0x10000100 cmp=com.samsung.android.automotive.launcher/.homescreen.CarLauncher} from uid 0
09-07 14:25:21.509  1033  1064 W TextServicesManagerService: no available spell checker services found
09-07 14:25:21.511  1033  1064 D SystemServerTimingAsync: ssm.onUnlockingUser-10_com.android.server.textservices.TextServicesManagerService$Lifecycle took to complete: 12ms
09-07 14:25:21.511  1033  1064 I SystemServerTimingAsync: ssm.onUnlockingUser-10_com.android.server.NetworkScoreService$Lifecycle
09-07 14:25:21.511   530   602 E NetlinkEvent: NetlinkEvent::FindParam(): Parameter 'PRODUCT' not found
09-07 14:25:21.511  1033  1064 D SystemServerTimingAsync: ssm.onUnlockingUser-10_com.android.server.NetworkScoreService$Lifecycle took to complete: 0ms
09-07 14:25:21.511   530   602 E NetlinkEvent: NetlinkEvent::FindParam(): Parameter 'DEVNAME' not found
09-07 14:25:21.511   530   602 E NetlinkEvent: NetlinkEvent::FindParam(): Parameter 'INTERFACE' not found
09-07 14:25:21.511  1033  1064 I SystemServerTimingAsync: ssm.onUnlockingUser-10_com.android.server.wifi.WifiService
09-07 14:25:21.511   531   595 E NetlinkEvent: NetlinkEvent::FindParam(): Parameter 'dual_role_usb' not found
09-07 14:25:21.511   531   595 E NetlinkEvent: NetlinkEvent::FindParam(): Parameter 'OVER_CURRENT_PORT' not found
09-07 14:25:21.511   531   595 E NetlinkEvent: NetlinkEvent::FindParam(): Parameter 'UNRECOGNIZED_USB_DEVICE_ON_PORT' not found
09-07 14:25:21.512  1033  1064 D SystemServerTimingAsync: ssm.onUnlockingUser-10_com.android.server.wifi.WifiService took to complete: 0ms
09-07 14:25:21.512  1033  1064 I SystemServerTimingAsync: ssm.onUnlockingUser-10_com.android.server.wifi.scanner.WifiScanningService
09-07 14:25:21.512  1033  1064 D SystemServerTimingAsync: ssm.onUnlockingUser-10_com.android.server.wifi.scanner.WifiScanningService took to complete: 0ms
09-07 14:25:21.512  1033  1064 I SystemServerTimingAsync: ssm.onUnlockingUser-10_com.android.server.ethernet.EthernetService
09-07 14:25:21.512  1033  1064 D SystemServerTimingAsync: ssm.onUnlockingUser-10_com.android.server.ethernet.EthernetService took to complete: 0ms
09-07 14:25:21.512  1033  1064 I SystemServerTimingAsync: ssm.onUnlockingUser-10_com.android.server.notification.NotificationManagerService
09-07 14:25:21.512  1033  1064 D SystemServerTimingAsync: ssm.onUnlockingUser-10_com.android.server.notification.NotificationManagerService took to complete: 0ms
09-07 14:25:21.512  1033  1064 I SystemServerTimingAsync: ssm.onUnlockingUser-10_com.android.server.storage.DeviceStorageMonitorService
09-07 14:25:21.512  1033  1064 D SystemServerTimingAsync: ssm.onUnlockingUser-10_com.android.server.storage.DeviceStorageMonitorService took to complete: 0ms
09-07 14:25:21.512  1033  1064 I SystemServerTimingAsync: ssm.onUnlockingUser-10_com.android.server.location.LocationManagerService$Lifecycle
09-07 14:25:21.512  1033  1064 D SystemServerTimingAsync: ssm.onUnlockingUser-10_com.android.server.location.LocationManagerService$Lifecycle took to complete: 0ms
09-07 14:25:21.512  1033  1064 I SystemServerTimingAsync: ssm.onUnlockingUser-10_com.android.server.timedetector.TimeDetectorService$Lifecycle
09-07 14:25:21.512  1033  1064 D SystemServerTimingAsync: ssm.onUnlockingUser-10_com.android.server.timedetector.TimeDetectorService$Lifecycle took to complete: 0ms
09-07 14:25:21.512  1033  1064 I SystemServerTimingAsync: ssm.onUnlockingUser-10_com.android.server.timezonedetector.TimeZoneDetectorService$Lifecycle
09-07 14:25:21.512  1033  1064 D SystemServerTimingAsync: ssm.onUnlockingUser-10_com.android.server.timezonedetector.TimeZoneDetectorService$Lifecycle took to complete: 0ms
09-07 14:25:21.512  1033  1064 I SystemServerTimingAsync: ssm.onUnlockingUser-10_com.android.server.search.SearchManagerService$Lifecycle
09-07 14:25:21.512  1033  1064 D SystemServerTimingAsync: ssm.onUnlockingUser-10_com.android.server.search.SearchManagerService$Lifecycle took to complete: 0ms
09-07 14:25:21.512  1033  1064 I SystemServerTimingAsync: ssm.onUnlockingUser-10_com.android.server.audio.AudioService$Lifecycle
09-07 14:25:21.512  1033  1064 D SystemServerTimingAsync: ssm.onUnlockingUser-10_com.android.server.audio.AudioService$Lifecycle took to complete: 0ms
09-07 14:25:21.512  1033  1064 I SystemServerTimingAsync: ssm.onUnlockingUser-10_com.android.server.soundtrigger_middleware.SoundTriggerMiddlewareService$Lifecycle
09-07 14:25:21.513  1033  1064 D SystemServerTimingAsync: ssm.onUnlockingUser-10_com.android.server.soundtrigger_middleware.SoundTriggerMiddlewareService$Lifecycle took to complete: 0ms
09-07 14:25:21.513  1033  1064 I SystemServerTimingAsync: ssm.onUnlockingUser-10_com.android.server.broadcastradio.BroadcastRadioService
09-07 14:25:21.513  1033  1064 D SystemServerTimingAsync: ssm.onUnlockingUser-10_com.android.server.broadcastradio.BroadcastRadioService took to complete: 0ms
09-07 14:25:21.513  1033  1064 I SystemServerTimingAsync: ssm.onUnlockingUser-10_com.android.server.DockObserver
09-07 14:25:21.513  1033  1064 D SystemServerTimingAsync: ssm.onUnlockingUser-10_com.android.server.DockObserver took to complete: 0ms
09-07 14:25:21.513  1033  1064 I SystemServerTimingAsync: ssm.onUnlockingUser-10_com.android.server.midi.MidiService$Lifecycle
09-07 14:25:21.513   398   439 I vold    : Bind mounting /data/media to /mnt/pass_through/10/emulated
09-07 14:25:21.513  1033  1064 D SystemServerTimingAsync: ssm.onUnlockingUser-10_com.android.server.midi.MidiService$Lifecycle took to complete: 0ms
09-07 14:25:21.513  1033  1064 I SystemServerTimingAsync: ssm.onUnlockingUser-10_com.android.server.adb.AdbService$Lifecycle
09-07 14:25:21.513  1033  1064 D SystemServerTimingAsync: ssm.onUnlockingUser-10_com.android.server.adb.AdbService$Lifecycle took to complete: 0ms
09-07 14:25:21.513  1033  1064 I SystemServerTimingAsync: ssm.onUnlockingUser-10_com.android.server.usb.UsbService$Lifecycle
09-07 14:25:21.513  1033  1064 D SystemServerTimingAsync: ssm.onUnlockingUser-10_com.android.server.usb.UsbService$Lifecycle took to complete: 0ms
09-07 14:25:21.513  1033  1064 I SystemServerTimingAsync: ssm.onUnlockingUser-10_com.android.server.twilight.TwilightService
09-07 14:25:21.513  1033  1064 D SystemServerTimingAsync: ssm.onUnlockingUser-10_com.android.server.twilight.TwilightService took to complete: 0ms
09-07 14:25:21.513  1033  1064 I SystemServerTimingAsync: ssm.onUnlockingUser-10_com.android.server.display.color.ColorDisplayService
09-07 14:25:21.514  1033  1064 D SystemServerTimingAsync: ssm.onUnlockingUser-10_com.android.server.display.color.ColorDisplayService took to complete: 0ms
09-07 14:25:21.514  1033  1064 I SystemServerTimingAsync: ssm.onUnlockingUser-10_com.android.server.job.JobSchedulerService
09-07 14:25:21.514  1033  1064 D SystemServerTimingAsync: ssm.onUnlockingUser-10_com.android.server.job.JobSchedulerService took to complete: 1ms
09-07 14:25:21.514  1033  1187 I StorageSessionController: On volume mount VolumeInfo{emulated;10}:
09-07 14:25:21.514  1033  1187 I StorageSessionController:     type=EMULATED diskId=null partGuid= mountFlags=PRIMARY|VISIBLE 
09-07 14:25:21.514  1033  1187 I StorageSessionController:     mountUserId=10 state=CHECKING 
09-07 14:25:21.514  1033  1187 I StorageSessionController:     fsType=null fsUuid=null fsLabel=null 
09-07 14:25:21.514  1033  1187 I StorageSessionController:     path=/storage/emulated internalPath=/data/media 
09-07 14:25:21.514  1033  1187 I StorageSessionController: Creating connection for user: 10
09-07 14:25:21.514  1033  1187 I StorageSessionController: Creating and starting session with id: emulated;10
09-07 14:25:21.514  1033  1187 I StorageUserConnection: Binding to the ExternalStorageService for user 10
09-07 14:25:21.518  1033  1033 I NotificationHistory: Attempted to unlock gone/disabled user 10
09-07 14:25:21.519  1033  1064 I SystemServerTimingAsync: ssm.onUnlockingUser-10_com.android.server.soundtrigger.SoundTriggerService
09-07 14:25:21.519  1033  1064 D SystemServerTimingAsync: ssm.onUnlockingUser-10_com.android.server.soundtrigger.SoundTriggerService took to complete: 0ms
09-07 14:25:21.519  1033  1064 I SystemServerTimingAsync: ssm.onUnlockingUser-10_com.android.server.trust.TrustManagerService
09-07 14:25:21.522  1033  1064 D SystemServerTimingAsync: ssm.onUnlockingUser-10_com.android.server.trust.TrustManagerService took to complete: 2ms
09-07 14:25:21.522  1033  1064 I SystemServerTimingAsync: ssm.onUnlockingUser-10_com.android.server.backup.BackupManagerService$Lifecycle
09-07 14:25:21.522  1033  1064 D SystemServerTimingAsync: ssm.onUnlockingUser-10_com.android.server.backup.BackupManagerService$Lifecycle took to complete: 0ms
09-07 14:25:21.522  1033  1064 I SystemServerTimingAsync: ssm.onUnlockingUser-10_com.android.server.appwidget.AppWidgetService
09-07 14:25:21.522  1033  1064 D SystemServerTimingAsync: ssm.onUnlockingUser-10_com.android.server.appwidget.AppWidgetService took to complete: 0ms
09-07 14:25:21.522  1033  1064 I SystemServerTimingAsync: ssm.onUnlockingUser-10_com.android.server.role.RoleManagerService
09-07 14:25:21.522  1033  1064 D SystemServerTimingAsync: ssm.onUnlockingUser-10_com.android.server.role.RoleManagerService took to complete: 0ms
09-07 14:25:21.522  1033  1234 I BackupManagerService: Backup not activated for user 10
09-07 14:25:21.522  1033  1064 I SystemServerTimingAsync: ssm.onUnlockingUser-10_com.android.server.voiceinteraction.VoiceInteractionManagerService
09-07 14:25:21.523  1033  1064 W VoiceInteractionManager: no available voice interaction services found for user 10
09-07 14:25:21.523  1033  1064 W VoiceInteractionManager: no available voice recognition services found for user 10
09-07 14:25:21.526  1033  1431 W ActivityTaskManager: Tried to set launchTime (0) < mLastActivityLaunchTime (24452)
09-07 14:25:21.540  1033  1064 D SystemServerTimingAsync: ssm.onUnlockingUser-10_com.android.server.voiceinteraction.VoiceInteractionManagerService took to complete: 18ms
09-07 14:25:21.540  1033  1064 I SystemServerTimingAsync: ssm.onUnlockingUser-10_com.android.server.GestureLauncherService
09-07 14:25:21.540  1033  1064 D SystemServerTimingAsync: ssm.onUnlockingUser-10_com.android.server.GestureLauncherService took to complete: 0ms
09-07 14:25:21.540  1033  1064 I SystemServerTimingAsync: ssm.onUnlockingUser-10_com.android.server.SensorNotificationService
09-07 14:25:21.540  1033  1064 D SystemServerTimingAsync: ssm.onUnlockingUser-10_com.android.server.SensorNotificationService took to complete: 0ms
09-07 14:25:21.540  1033  1064 I SystemServerTimingAsync: ssm.onUnlockingUser-10_com.android.server.emergency.EmergencyAffordanceService
09-07 14:25:21.540  1033  1064 D SystemServerTimingAsync: ssm.onUnlockingUser-10_com.android.server.emergency.EmergencyAffordanceService took to complete: 0ms
09-07 14:25:21.540  1033  1064 I SystemServerTimingAsync: ssm.onUnlockingUser-10_com.android.server.dreams.DreamManagerService
09-07 14:25:21.540  1033  1064 D SystemServerTimingAsync: ssm.onUnlockingUser-10_com.android.server.dreams.DreamManagerService took to complete: 0ms
09-07 14:25:21.540  1033  1064 I SystemServerTimingAsync: ssm.onUnlockingUser-10_com.android.server.blob.BlobStoreManagerService
09-07 14:25:21.540  1033  1064 D SystemServerTimingAsync: ssm.onUnlockingUser-10_com.android.server.blob.BlobStoreManagerService took to complete: 0ms
09-07 14:25:21.540  1033  1064 I SystemServerTimingAsync: ssm.onUnlockingUser-10_com.android.server.print.PrintManagerService
09-07 14:25:21.540  1033  1064 D SystemServerTimingAsync: ssm.onUnlockingUser-10_com.android.server.print.PrintManagerService took to complete: 0ms
09-07 14:25:21.540  1033  1064 I SystemServerTimingAsync: ssm.onUnlockingUser-10_com.android.server.companion.CompanionDeviceManagerService
09-07 14:25:21.540  1033  1064 D SystemServerTimingAsync: ssm.onUnlockingUser-10_com.android.server.companion.CompanionDeviceManagerService took to complete: 0ms
09-07 14:25:21.540  1033  1064 I SystemServerTimingAsync: ssm.onUnlockingUser-10_com.android.server.restrictions.RestrictionsManagerService
09-07 14:25:21.540  1033  1064 D SystemServerTimingAsync: ssm.onUnlockingUser-10_com.android.server.restrictions.RestrictionsManagerService took to complete: 0ms
09-07 14:25:21.540  1033  1064 I SystemServerTimingAsync: ssm.onUnlockingUser-10_com.android.server.media.MediaSessionService
09-07 14:25:21.541  1033  1064 D SystemServerTimingAsync: ssm.onUnlockingUser-10_com.android.server.media.MediaSessionService took to complete: 0ms
09-07 14:25:21.541  1033  1064 I SystemServerTimingAsync: ssm.onUnlockingUser-10_com.android.server.media.MediaResourceMonitorService
09-07 14:25:21.541  1033  1064 D SystemServerTimingAsync: ssm.onUnlockingUser-10_com.android.server.media.MediaResourceMonitorService took to complete: 0ms
09-07 14:25:21.541  1033  1064 I SystemServerTimingAsync: ssm.onUnlockingUser-10_com.android.server.biometrics.BiometricService
09-07 14:25:21.541  1033  1064 D SystemServerTimingAsync: ssm.onUnlockingUser-10_com.android.server.biometrics.BiometricService took to complete: 0ms
09-07 14:25:21.541  1033  1064 I SystemServerTimingAsync: ssm.onUnlockingUser-10_com.android.server.biometrics.AuthService
09-07 14:25:21.541  1033  1064 D SystemServerTimingAsync: ssm.onUnlockingUser-10_com.android.server.biometrics.AuthService took to complete: 0ms
09-07 14:25:21.541  1033  1064 I SystemServerTimingAsync: ssm.onUnlockingUser-10_com.android.server.pm.ShortcutService$Lifecycle
09-07 14:25:21.541  1033  1064 D SystemServerTimingAsync: ssm.onUnlockingUser-10_com.android.server.pm.ShortcutService$Lifecycle took to complete: 0ms
09-07 14:25:21.541  1033  1064 I SystemServerTimingAsync: ssm.onUnlockingUser-10_com.android.server.pm.LauncherAppsService
09-07 14:25:21.541  1033  1064 D SystemServerTimingAsync: ssm.onUnlockingUser-10_com.android.server.pm.LauncherAppsService took to complete: 0ms
09-07 14:25:21.541  1033  1064 I SystemServerTimingAsync: ssm.onUnlockingUser-10_com.android.server.pm.CrossProfileAppsService
09-07 14:25:21.541  1033  1064 D SystemServerTimingAsync: ssm.onUnlockingUser-10_com.android.server.pm.CrossProfileAppsService took to complete: 0ms
09-07 14:25:21.541  1033  1064 I SystemServerTimingAsync: ssm.onUnlockingUser-10_com.android.server.people.PeopleService
09-07 14:25:21.541  1033  1064 D SystemServerTimingAsync: ssm.onUnlockingUser-10_com.android.server.people.PeopleService took to complete: 0ms
09-07 14:25:21.541  1033  1064 I SystemServerTimingAsync: ssm.onUnlockingUser-10_com.android.server.media.projection.MediaProjectionManagerService
09-07 14:25:21.541  1033  1064 D SystemServerTimingAsync: ssm.onUnlockingUser-10_com.android.server.media.projection.MediaProjectionManagerService took to complete: 0ms
09-07 14:25:21.541  1033  1064 I SystemServerTimingAsync: ssm.onUnlockingUser-10_com.android.server.slice.SliceManagerService$Lifecycle
09-07 14:25:21.541  1033  1064 D SystemServerTimingAsync: ssm.onUnlockingUser-10_com.android.server.slice.SliceManagerService$Lifecycle took to complete: 0ms
09-07 14:25:21.541  1033  1064 I SystemServerTimingAsync: ssm.onUnlockingUser-10_com.android.server.stats.StatsCompanion$Lifecycle
09-07 14:25:21.541  1033  1064 D SystemServerTimingAsync: ssm.onUnlockingUser-10_com.android.server.stats.StatsCompanion$Lifecycle took to complete: 0ms
09-07 14:25:21.541  1033  1064 I SystemServerTimingAsync: ssm.onUnlockingUser-10_com.android.server.stats.pull.StatsPullAtomService
09-07 14:25:21.541  1033  1064 D SystemServerTimingAsync: ssm.onUnlockingUser-10_com.android.server.stats.pull.StatsPullAtomService took to complete: 0ms
09-07 14:25:21.541  1033  1064 I SystemServerTimingAsync: ssm.onUnlockingUser-10_com.android.server.incident.IncidentCompanionService
09-07 14:25:21.541  1033  1064 D SystemServerTimingAsync: ssm.onUnlockingUser-10_com.android.server.incident.IncidentCompanionService took to complete: 0ms
09-07 14:25:21.541  1033  1064 I SystemServerTimingAsync: ssm.onUnlockingUser-10_com.android.server.MmsServiceBroker
09-07 14:25:21.541  1033  1064 D SystemServerTimingAsync: ssm.onUnlockingUser-10_com.android.server.MmsServiceBroker took to complete: 0ms
09-07 14:25:21.541  1033  1064 I SystemServerTimingAsync: ssm.onUnlockingUser-10_com.android.server.autofill.AutofillManagerService
09-07 14:25:21.541  1033  1064 D AutofillManagerServiceImpl: Reset component for user 10:
09-07 14:25:21.541  1033  1054 D AutofillUI: destroySaveUiUiThread(): already destroyed
09-07 14:25:21.542  1033  1064 D FieldClassificationStrategy: reset(): service is not bound. Do nothing.
09-07 14:25:21.542  1033  1064 D SystemServerTimingAsync: ssm.onUnlockingUser-10_com.android.server.autofill.AutofillManagerService took to complete: 1ms
09-07 14:25:21.542  1033  1064 I SystemServerTimingAsync: ssm.onUnlockingUser-10_com.android.server.clipboard.ClipboardService
09-07 14:25:21.542  1033  1064 D SystemServerTimingAsync: ssm.onUnlockingUser-10_com.android.server.clipboard.ClipboardService took to complete: 0ms
09-07 14:25:21.542  1033  1064 I SystemServerTimingAsync: ssm.onUnlockingUser-10_com.android.server.appbinding.AppBindingService$Lifecycle
09-07 14:25:21.542  1033  1064 W AppBindingService: [Default SMS app] u10 Target package not found
09-07 14:25:21.542  1033  1064 D SystemServerTimingAsync: ssm.onUnlockingUser-10_com.android.server.appbinding.AppBindingService$Lifecycle took to complete: 0ms
09-07 14:25:21.542  1033  1064 I SystemServerTimingAsync: ssm.onUnlockingUser-10_com.android.server.policy.PermissionPolicyService
09-07 14:25:21.542  1033  1064 D SystemServerTimingAsync: ssm.onUnlockingUser-10_com.android.server.policy.PermissionPolicyService took to complete: 0ms
09-07 14:25:21.542  1033  1064 I SystemServerTimingAsync: ssm.onUnlockingUser-10_com.android.server.pm.StagingManager$Lifecycle
09-07 14:25:21.542  1033  1064 D SystemServerTimingAsync: ssm.onUnlockingUser-10_com.android.server.pm.StagingManager$Lifecycle took to complete: 0ms
09-07 14:25:21.542  1033  1064 I SystemServerTimingAsync: ssm.onUnlockingUser-10_com.android.internal.car.CarServiceHelperService
09-07 14:25:21.542  1033  1064 D CarServiceHelper: onUserUnlocking(10)
09-07 14:25:21.542  1033  1064 I CarServiceHelper: send-lifecycle-3-10
09-07 14:25:21.542  1033  1064 V CarServiceHelper: calling one-way binder transaction with code 2
09-07 14:25:21.542  1033  1064 V CarServiceHelper: finished one-way binder transaction with code 2
09-07 14:25:21.542  1033  1064 D CarServiceHelper: send-lifecycle-3-10 took to complete: 0ms
09-07 14:25:21.542  1033  1064 D SystemServerTimingAsync: ssm.onUnlockingUser-10_com.android.internal.car.CarServiceHelperService took to complete: 0ms
09-07 14:25:21.542  1033  1064 D SystemServerTimingAsync: ssm.UnlockingUser-10 took to complete: 58ms
09-07 14:25:21.543  1033  1064 W ActivityManager: UserLifecycleEvent 5 received without an active userJourneySession.
09-07 14:25:21.543  1033  1064 W ActivityManager: UserLifecycleEvent 6 received without an active userJourneySession.
09-07 14:25:21.543  1033  1064 I ActivityManager: User 10 state changed from RUNNING_UNLOCKING to RUNNING_UNLOCKED
09-07 14:25:21.543  1326  1416 D CAR.USER: notify-listener-com.android.car.PerUserCarServiceHelper$Lambda took to complete: 0ms
09-07 14:25:21.543  1326  1416 D CAR.USER: notify-listener-com.android.car.CarMediaService$Lambda took to complete: 0ms
09-07 14:25:21.544  1326  1416 D CAR.USER: notify-listener-com.android.car.CarOccupantZoneService$Lambda took to complete: 0ms
09-07 14:25:21.544  1326  1416 D CAR.USER: notify-listener-com.android.car.pm.VendorServiceController@2703936 took to complete: 1ms
09-07 14:25:21.544  1326  1416 D CAR.USER: notify-listener-com.android.car.CarInputService$Lambda took to complete: 0ms
09-07 14:25:21.544  1326  1416 D CAR.USER: notify-listener-com.android.car.watchdog.CarWatchdogService$Lambda took to complete: 0ms
09-07 14:25:21.544  1326  1416 D CAR.USER: notify-listeners-user-10-event-3 took to complete: 1ms
09-07 14:25:21.544  1326  1416 D CAR.USER: notify-app-listener-uid-10141 took to complete: 0ms
09-07 14:25:21.544  1326  1416 D CAR.USER: notify-app-listeners-user-10-event-3 took to complete: 0ms
09-07 14:25:21.545  1033  1064 D SystemServerTiming: User10Unlock took to complete: 1098ms
09-07 14:25:21.554   530   602 E NetlinkEvent: NetlinkEvent::FindParam(): Parameter 'PRODUCT' not found
09-07 14:25:21.554   530   602 E NetlinkEvent: NetlinkEvent::FindParam(): Parameter 'DEVNAME' not found
09-07 14:25:21.554   530   602 E NetlinkEvent: NetlinkEvent::FindParam(): Parameter 'INTERFACE' not found
09-07 14:25:21.554   531   595 E NetlinkEvent: NetlinkEvent::FindParam(): Parameter 'dual_role_usb' not found
09-07 14:25:21.554   531   595 E NetlinkEvent: NetlinkEvent::FindParam(): Parameter 'OVER_CURRENT_PORT' not found
09-07 14:25:21.554   531   595 E NetlinkEvent: NetlinkEvent::FindParam(): Parameter 'UNRECOGNIZED_USB_DEVICE_ON_PORT' not found
09-07 14:25:21.557  1033  1848 E TaskPersister: File error accessing recents directory (directory doesn't exist?).
09-07 14:25:21.558  1033  1848 E TaskPersister: File error accessing recents directory (directory doesn't exist?).
09-07 14:25:21.580  1033  1063 I UsageStatsService: User[10] Rollover scheduled @ 2021-09-08 14:25:21(1631111121516)
09-07 14:25:21.595  1033  1187 D CompatibilityChangeReporter: Compat change id reported: 135634846; UID 1010152; state: DISABLED
09-07 14:25:21.595  1033  1187 D CompatibilityChangeReporter: Compat change id reported: 135754954; UID 1010152; state: ENABLED
09-07 14:25:21.596  1033  1187 I StorageUserConnection: Bound to the ExternalStorageService for user 10
09-07 14:25:21.596  1033  1067 D CompatibilityChangeReporter: Compat change id reported: 143937733; UID 1010152; state: ENABLED
09-07 14:25:21.601  1033  1063 I UsageStatsService: User[10] Flushing usage stats to disk
09-07 14:25:21.602  1033  1629 W ActivityManager: Unable to start service Intent { cmp=com.android.car.messenger/.MessengerService } U=10: not found
09-07 14:25:21.604  2482  2900 E ActivityThread: Failed to find provider info for com.android.contacts
09-07 14:25:21.607  1033  1047 I ActivityTaskManager: START u10 {act=android.intent.action.MAIN cat=[android.intent.category.LAUNCHER] flg=0x10000000 pkg=com.samsung.android.automotive.launcher cmp=com.samsung.android.automotive.launcher/.homescreen.HomeScreenActivity} from uid 1010080
09-07 14:25:21.617  1033  1064 I ActivityManager: Posting BOOT_COMPLETED user #10
09-07 14:25:21.621  1033  1629 D CompatibilityChangeReporter: Compat change id reported: 135634846; UID 1001000; state: DISABLED
09-07 14:25:21.621  1033  1629 D CompatibilityChangeReporter: Compat change id reported: 135754954; UID 1001000; state: ENABLED
09-07 14:25:21.625  1033  1067 I Watchdog: Interesting Java process com.android.providers.media.module started. Pid 2901
09-07 14:25:21.625  1033  1067 I ActivityManager: Start proc 2901:com.android.providers.media.module/u10a152 for service {com.android.providers.media.module/com.android.providers.media.fuse.ExternalStorageServiceImpl}
09-07 14:25:21.629  1033  1064 I SystemServerTimingAsync: ssm.UnlockedUser-10
09-07 14:25:21.630  1033  1064 I SystemServiceManager: Calling onUnlockedUser 10
09-07 14:25:21.630  1033  1064 I SystemServerTimingAsync: ssm.onUnlockedUser-10_com.android.server.security.FileIntegrityService
09-07 14:25:21.630  1033  1064 D SystemServerTimingAsync: ssm.onUnlockedUser-10_com.android.server.security.FileIntegrityService took to complete: 0ms
09-07 14:25:21.630  1033  1064 I SystemServerTimingAsync: ssm.onUnlockedUser-10_com.android.server.pm.Installer
09-07 14:25:21.630  1033  1064 D SystemServerTimingAsync: ssm.onUnlockedUser-10_com.android.server.pm.Installer took to complete: 0ms
09-07 14:25:21.630  1033  1064 I SystemServerTimingAsync: ssm.onUnlockedUser-10_com.android.server.os.DeviceIdentifiersPolicyService
09-07 14:25:21.630  1033  1064 D SystemServerTimingAsync: ssm.onUnlockedUser-10_com.android.server.os.DeviceIdentifiersPolicyService took to complete: 0ms
09-07 14:25:21.631  1033  1064 I SystemServerTimingAsync: ssm.onUnlockedUser-10_com.android.server.uri.UriGrantsManagerService$Lifecycle
09-07 14:25:21.631  1033  1064 D SystemServerTimingAsync: ssm.onUnlockedUser-10_com.android.server.uri.UriGrantsManagerService$Lifecycle took to complete: 0ms
09-07 14:25:21.631  1033  1064 I SystemServerTimingAsync: ssm.onUnlockedUser-10_com.android.server.wm.ActivityTaskManagerService$Lifecycle
09-07 14:25:21.631  1033  1064 D SystemServerTimingAsync: ssm.onUnlockedUser-10_com.android.server.wm.ActivityTaskManagerService$Lifecycle took to complete: 0ms
09-07 14:25:21.631  1033  1064 I SystemServerTimingAsync: ssm.onUnlockedUser-10_com.android.server.am.ActivityManagerService$Lifecycle
09-07 14:25:21.631  1033  1064 D SystemServerTimingAsync: ssm.onUnlockedUser-10_com.android.server.am.ActivityManagerService$Lifecycle took to complete: 0ms
09-07 14:25:21.631  1033  1064 I SystemServerTimingAsync: ssm.onUnlockedUser-10_com.android.server.pm.DataLoaderManagerService
09-07 14:25:21.631  1033  1064 D SystemServerTimingAsync: ssm.onUnlockedUser-10_com.android.server.pm.DataLoaderManagerService took to complete: 0ms
09-07 14:25:21.631  1033  1064 I SystemServerTimingAsync: ssm.onUnlockedUser-10_com.android.server.power.PowerManagerService
09-07 14:25:21.631  1033  1064 D SystemServerTimingAsync: ssm.onUnlockedUser-10_com.android.server.power.PowerManagerService took to complete: 0ms
09-07 14:25:21.631  1033  1064 I SystemServerTimingAsync: ssm.onUnlockedUser-10_com.android.server.power.ThermalManagerService
09-07 14:25:21.631  1033  1064 D SystemServerTimingAsync: ssm.onUnlockedUser-10_com.android.server.power.ThermalManagerService took to complete: 0ms
09-07 14:25:21.631  1033  1064 I SystemServerTimingAsync: ssm.onUnlockedUser-10_com.android.server.recoverysystem.RecoverySystemService$Lifecycle
09-07 14:25:21.631  1033  1064 D SystemServerTimingAsync: ssm.onUnlockedUser-10_com.android.server.recoverysystem.RecoverySystemService$Lifecycle took to complete: 0ms
09-07 14:25:21.631  1033  1064 I SystemServerTimingAsync: ssm.onUnlockedUser-10_com.android.server.lights.LightsService
09-07 14:25:21.631  1033  1064 D SystemServerTimingAsync: ssm.onUnlockedUser-10_com.android.server.lights.LightsService took to complete: 0ms
09-07 14:25:21.631  1033  1064 I SystemServerTimingAsync: ssm.onUnlockedUser-10_com.android.server.display.DisplayManagerService
09-07 14:25:21.631  1033  1064 D SystemServerTimingAsync: ssm.onUnlockedUser-10_com.android.server.display.DisplayManagerService took to complete: 0ms
09-07 14:25:21.631  1033  1064 I SystemServerTimingAsync: ssm.onUnlockedUser-10_com.android.server.pm.UserManagerService$LifeCycle
09-07 14:25:21.631  1033  1064 D SystemServerTimingAsync: ssm.onUnlockedUser-10_com.android.server.pm.UserManagerService$LifeCycle took to complete: 0ms
09-07 14:25:21.631  1033  1064 I SystemServerTimingAsync: ssm.onUnlockedUser-10_com.android.server.om.OverlayManagerService
09-07 14:25:21.631  1033  1064 D SystemServerTimingAsync: ssm.onUnlockedUser-10_com.android.server.om.OverlayManagerService took to complete: 0ms
09-07 14:25:21.631  1033  1064 I SystemServerTimingAsync: ssm.onUnlockedUser-10_com.android.server.SensorPrivacyService
09-07 14:25:21.631  1033  1064 D SystemServerTimingAsync: ssm.onUnlockedUser-10_com.android.server.SensorPrivacyService took to complete: 0ms
09-07 14:25:21.631  1033  1064 I SystemServerTimingAsync: ssm.onUnlockedUser-10_com.android.server.SystemConfigService
09-07 14:25:21.631  1033  1064 D SystemServerTimingAsync: ssm.onUnlockedUser-10_com.android.server.SystemConfigService took to complete: 0ms
09-07 14:25:21.631  1033  1064 I SystemServerTimingAsync: ssm.onUnlockedUser-10_com.android.server.BatteryService
09-07 14:25:21.631  1033  1064 D SystemServerTimingAsync: ssm.onUnlockedUser-10_com.android.server.BatteryService took to complete: 0ms
09-07 14:25:21.631  1033  1064 I SystemServerTimingAsync: ssm.onUnlockedUser-10_com.android.server.usage.UsageStatsService
09-07 14:25:21.632  1033  1064 D SystemServerTimingAsync: ssm.onUnlockedUser-10_com.android.server.usage.UsageStatsService took to complete: 0ms
09-07 14:25:21.632  1033  1064 I SystemServerTimingAsync: ssm.onUnlockedUser-10_com.android.server.webkit.WebViewUpdateService
09-07 14:25:21.632  1033  1064 D SystemServerTimingAsync: ssm.onUnlockedUser-10_com.android.server.webkit.WebViewUpdateService took to complete: 0ms
09-07 14:25:21.632  1033  1064 I SystemServerTimingAsync: ssm.onUnlockedUser-10_com.android.server.CachedDeviceStateService
09-07 14:25:21.632  1033  1064 D SystemServerTimingAsync: ssm.onUnlockedUser-10_com.android.server.CachedDeviceStateService took to complete: 0ms
09-07 14:25:21.632  1033  1064 I SystemServerTimingAsync: ssm.onUnlockedUser-10_com.android.server.BinderCallsStatsService$LifeCycle
09-07 14:25:21.632  1033  1064 D SystemServerTimingAsync: ssm.onUnlockedUser-10_com.android.server.BinderCallsStatsService$LifeCycle took to complete: 0ms
09-07 14:25:21.632  1033  1064 I SystemServerTimingAsync: ssm.onUnlockedUser-10_com.android.server.LooperStatsService$Lifecycle
09-07 14:25:21.632  1033  1064 D SystemServerTimingAsync: ssm.onUnlockedUser-10_com.android.server.LooperStatsService$Lifecycle took to complete: 0ms
09-07 14:25:21.632  1033  1064 I SystemServerTimingAsync: ssm.onUnlockedUser-10_com.android.server.rollback.RollbackManagerService
09-07 14:25:21.632  1033  1064 D SystemServerTimingAsync: ssm.onUnlockedUser-10_com.android.server.rollback.RollbackManagerService took to complete: 0ms
09-07 14:25:21.632  1033  1064 I SystemServerTimingAsync: ssm.onUnlockedUser-10_com.android.server.os.BugreportManagerService
09-07 14:25:21.632  1033  1064 D SystemServerTimingAsync: ssm.onUnlockedUser-10_com.android.server.os.BugreportManagerService took to complete: 0ms
09-07 14:25:21.632  1033  1064 I SystemServerTimingAsync: ssm.onUnlockedUser-10_com.android.server.gpu.GpuService
09-07 14:25:21.632  1033  1064 D SystemServerTimingAsync: ssm.onUnlockedUser-10_com.android.server.gpu.GpuService took to complete: 0ms
09-07 14:25:21.632  1033  1064 I SystemServerTimingAsync: ssm.onUnlockedUser-10_com.android.server.security.KeyChainSystemService
09-07 14:25:21.632  1033  1064 D SystemServerTimingAsync: ssm.onUnlockedUser-10_com.android.server.security.KeyChainSystemService took to complete: 0ms
09-07 14:25:21.632  1033  1064 I SystemServerTimingAsync: ssm.onUnlockedUser-10_com.android.server.telecom.TelecomLoaderService
09-07 14:25:21.632  1033  1064 D SystemServerTimingAsync: ssm.onUnlockedUser-10_com.android.server.telecom.TelecomLoaderService took to complete: 0ms
09-07 14:25:21.632  1033  1064 I SystemServerTimingAsync: ssm.onUnlockedUser-10_com.android.server.accounts.AccountManagerService$Lifecycle
09-07 14:25:21.632  1033  1064 D SystemServerTimingAsync: ssm.onUnlockedUser-10_com.android.server.accounts.AccountManagerService$Lifecycle took to complete: 0ms
09-07 14:25:21.632  1033  1064 I SystemServerTimingAsync: ssm.onUnlockedUser-10_com.android.server.content.ContentService$Lifecycle
09-07 14:25:21.632  1033  1064 D SystemServerTimingAsync: ssm.onUnlockedUser-10_com.android.server.content.ContentService$Lifecycle took to complete: 0ms
09-07 14:25:21.632  1033  1064 I SystemServerTimingAsync: ssm.onUnlockedUser-10_com.android.server.DropBoxManagerService
09-07 14:25:21.632  1033  1064 D SystemServerTimingAsync: ssm.onUnlockedUser-10_com.android.server.DropBoxManagerService took to complete: 0ms
09-07 14:25:21.633  1033  1064 I SystemServerTimingAsync: ssm.onUnlockedUser-10_com.android.server.AlarmManagerService
09-07 14:25:21.633  1033  1064 D SystemServerTimingAsync: ssm.onUnlockedUser-10_com.android.server.AlarmManagerService took to complete: 0ms
09-07 14:25:21.633  1033  1064 I SystemServerTimingAsync: ssm.onUnlockedUser-10_com.android.server.BluetoothService
09-07 14:25:21.633  1033  1064 D SystemServerTimingAsync: ssm.onUnlockedUser-10_com.android.server.BluetoothService took to complete: 0ms
09-07 14:25:21.633  1033  1064 I SystemServerTimingAsync: ssm.onUnlockedUser-10_com.android.server.connectivity.IpConnectivityMetrics
09-07 14:25:21.633  1033  1064 D SystemServerTimingAsync: ssm.onUnlockedUser-10_com.android.server.connectivity.IpConnectivityMetrics took to complete: 0ms
09-07 14:25:21.633  1033  1064 I SystemServerTimingAsync: ssm.onUnlockedUser-10_com.android.server.net.watchlist.NetworkWatchlistService$Lifecycle
09-07 14:25:21.633  1033  1064 D SystemServerTimingAsync: ssm.onUnlockedUser-10_com.android.server.net.watchlist.NetworkWatchlistService$Lifecycle took to complete: 0ms
09-07 14:25:21.633  1033  1064 I SystemServerTimingAsync: ssm.onUnlockedUser-10_com.android.server.PinnerService
09-07 14:25:21.633  1033  1064 D SystemServerTimingAsync: ssm.onUnlockedUser-10_com.android.server.PinnerService took to complete: 0ms
09-07 14:25:21.633  1033  1064 I SystemServerTimingAsync: ssm.onUnlockedUser-10_com.google.android.startop.iorap.IorapForwardingService
09-07 14:25:21.633  1033  1064 D SystemServerTimingAsync: ssm.onUnlockedUser-10_com.google.android.startop.iorap.IorapForwardingService took to complete: 0ms
09-07 14:25:21.633  1033  1064 I SystemServerTimingAsync: ssm.onUnlockedUser-10_com.android.server.integrity.AppIntegrityManagerService
09-07 14:25:21.633  1033  1064 D SystemServerTimingAsync: ssm.onUnlockedUser-10_com.android.server.integrity.AppIntegrityManagerService took to complete: 0ms
09-07 14:25:21.633  1033  1064 I SystemServerTimingAsync: ssm.onUnlockedUser-10_com.android.server.inputmethod.InputMethodManagerService$Lifecycle
09-07 14:25:21.633  1033  1064 D SystemServerTimingAsync: ssm.onUnlockedUser-10_com.android.server.inputmethod.InputMethodManagerService$Lifecycle took to complete: 0ms
09-07 14:25:21.633  1033  1064 I SystemServerTimingAsync: ssm.onUnlockedUser-10_com.android.server.accessibility.AccessibilityManagerService$Lifecycle
09-07 14:25:21.633  1033  1064 D SystemServerTimingAsync: ssm.onUnlockedUser-10_com.android.server.accessibility.AccessibilityManagerService$Lifecycle took to complete: 0ms
09-07 14:25:21.633  1033  1064 I SystemServerTimingAsync: ssm.onUnlockedUser-10_com.android.server.StorageManagerService$Lifecycle
09-07 14:25:21.633  1033  1064 D SystemServerTimingAsync: ssm.onUnlockedUser-10_com.android.server.StorageManagerService$Lifecycle took to complete: 0ms
09-07 14:25:21.633  1033  1064 I SystemServerTimingAsync: ssm.onUnlockedUser-10_com.android.server.usage.StorageStatsService$Lifecycle
09-07 14:25:21.633  1033  1064 D SystemServerTimingAsync: ssm.onUnlockedUser-10_com.android.server.usage.StorageStatsService$Lifecycle took to complete: 0ms
09-07 14:25:21.633  1033  1064 I SystemServerTimingAsync: ssm.onUnlockedUser-10_com.android.server.UiModeManagerService
09-07 14:25:21.633  1033  1064 D SystemServerTimingAsync: ssm.onUnlockedUser-10_com.android.server.UiModeManagerService took to complete: 0ms
09-07 14:25:21.633  1033  1064 I SystemServerTimingAsync: ssm.onUnlockedUser-10_com.android.server.locksettings.LockSettingsService$Lifecycle
09-07 14:25:21.633  1033  1064 D SystemServerTimingAsync: ssm.onUnlockedUser-10_com.android.server.locksettings.LockSettingsService$Lifecycle took to complete: 0ms
09-07 14:25:21.633  1033  1064 I SystemServerTimingAsync: ssm.onUnlockedUser-10_com.android.server.PersistentDataBlockService
09-07 14:25:21.633  1033  1064 D SystemServerTimingAsync: ssm.onUnlockedUser-10_com.android.server.PersistentDataBlockService took to complete: 0ms
09-07 14:25:21.633  1033  1064 I SystemServerTimingAsync: ssm.onUnlockedUser-10_com.android.server.testharness.TestHarnessModeService
09-07 14:25:21.634  1033  1064 D SystemServerTimingAsync: ssm.onUnlockedUser-10_com.android.server.testharness.TestHarnessModeService took to complete: 0ms
09-07 14:25:21.634  1033  1064 I SystemServerTimingAsync: ssm.onUnlockedUser-10_com.android.server.oemlock.OemLockService
09-07 14:25:21.634  1033  1064 D SystemServerTimingAsync: ssm.onUnlockedUser-10_com.android.server.oemlock.OemLockService took to complete: 0ms
09-07 14:25:21.634  1033  1064 I SystemServerTimingAsync: ssm.onUnlockedUser-10_com.android.server.DeviceIdleController
09-07 14:25:21.634  1033  1064 D SystemServerTimingAsync: ssm.onUnlockedUser-10_com.android.server.DeviceIdleController took to complete: 0ms
09-07 14:25:21.634  1033  1064 I SystemServerTimingAsync: ssm.onUnlockedUser-10_com.android.server.devicepolicy.DevicePolicyManagerService$Lifecycle
09-07 14:25:21.634  1033  1064 D SystemServerTimingAsync: ssm.onUnlockedUser-10_com.android.server.devicepolicy.DevicePolicyManagerService$Lifecycle took to complete: 0ms
09-07 14:25:21.634  1033  1064 I SystemServerTimingAsync: ssm.onUnlockedUser-10_com.android.server.textservices.TextServicesManagerService$Lifecycle
09-07 14:25:21.634  1033  1064 D SystemServerTimingAsync: ssm.onUnlockedUser-10_com.android.server.textservices.TextServicesManagerService$Lifecycle took to complete: 0ms
09-07 14:25:21.634  1033  1064 I SystemServerTimingAsync: ssm.onUnlockedUser-10_com.android.server.NetworkScoreService$Lifecycle
09-07 14:25:21.634  1033  1064 D SystemServerTimingAsync: ssm.onUnlockedUser-10_com.android.server.NetworkScoreService$Lifecycle took to complete: 0ms
09-07 14:25:21.634  1033  1064 I SystemServerTimingAsync: ssm.onUnlockedUser-10_com.android.server.wifi.WifiService
09-07 14:25:21.634  1033  1064 D SystemServerTimingAsync: ssm.onUnlockedUser-10_com.android.server.wifi.WifiService took to complete: 0ms
09-07 14:25:21.634  1033  1064 I SystemServerTimingAsync: ssm.onUnlockedUser-10_com.android.server.wifi.scanner.WifiScanningService
09-07 14:25:21.634  1033  1064 D SystemServerTimingAsync: ssm.onUnlockedUser-10_com.android.server.wifi.scanner.WifiScanningService took to complete: 0ms
09-07 14:25:21.634  1033  1064 I SystemServerTimingAsync: ssm.onUnlockedUser-10_com.android.server.ethernet.EthernetService
09-07 14:25:21.634  1033  1064 D SystemServerTimingAsync: ssm.onUnlockedUser-10_com.android.server.ethernet.EthernetService took to complete: 0ms
09-07 14:25:21.634  1033  1064 I SystemServerTimingAsync: ssm.onUnlockedUser-10_com.android.server.notification.NotificationManagerService
09-07 14:25:21.634  1033  1064 D SystemServerTimingAsync: ssm.onUnlockedUser-10_com.android.server.notification.NotificationManagerService took to complete: 0ms
09-07 14:25:21.634  1033  1064 I SystemServerTimingAsync: ssm.onUnlockedUser-10_com.android.server.storage.DeviceStorageMonitorService
09-07 14:25:21.634  1033  1064 D SystemServerTimingAsync: ssm.onUnlockedUser-10_com.android.server.storage.DeviceStorageMonitorService took to complete: 0ms
09-07 14:25:21.634  1033  1064 I SystemServerTimingAsync: ssm.onUnlockedUser-10_com.android.server.location.LocationManagerService$Lifecycle
09-07 14:25:21.634  1033  1064 D SystemServerTimingAsync: ssm.onUnlockedUser-10_com.android.server.location.LocationManagerService$Lifecycle took to complete: 0ms
09-07 14:25:21.634  1033  1064 I SystemServerTimingAsync: ssm.onUnlockedUser-10_com.android.server.timedetector.TimeDetectorService$Lifecycle
09-07 14:25:21.634  1033  1064 D SystemServerTimingAsync: ssm.onUnlockedUser-10_com.android.server.timedetector.TimeDetectorService$Lifecycle took to complete: 0ms
09-07 14:25:21.634  1033  1064 I SystemServerTimingAsync: ssm.onUnlockedUser-10_com.android.server.timezonedetector.TimeZoneDetectorService$Lifecycle
09-07 14:25:21.634  1033  1064 D SystemServerTimingAsync: ssm.onUnlockedUser-10_com.android.server.timezonedetector.TimeZoneDetectorService$Lifecycle took to complete: 0ms
09-07 14:25:21.634  1033  1064 I SystemServerTimingAsync: ssm.onUnlockedUser-10_com.android.server.search.SearchManagerService$Lifecycle
09-07 14:25:21.635  1033  1064 D SystemServerTimingAsync: ssm.onUnlockedUser-10_com.android.server.search.SearchManagerService$Lifecycle took to complete: 0ms
09-07 14:25:21.635  1033  1064 I SystemServerTimingAsync: ssm.onUnlockedUser-10_com.android.server.audio.AudioService$Lifecycle
09-07 14:25:21.635  1033  1064 D SystemServerTimingAsync: ssm.onUnlockedUser-10_com.android.server.audio.AudioService$Lifecycle took to complete: 0ms
09-07 14:25:21.635  1033  1064 I SystemServerTimingAsync: ssm.onUnlockedUser-10_com.android.server.soundtrigger_middleware.SoundTriggerMiddlewareService$Lifecycle
09-07 14:25:21.635  1033  1064 D SystemServerTimingAsync: ssm.onUnlockedUser-10_com.android.server.soundtrigger_middleware.SoundTriggerMiddlewareService$Lifecycle took to complete: 0ms
09-07 14:25:21.635  1033  1064 I SystemServerTimingAsync: ssm.onUnlockedUser-10_com.android.server.broadcastradio.BroadcastRadioService
09-07 14:25:21.635  1033  1064 D SystemServerTimingAsync: ssm.onUnlockedUser-10_com.android.server.broadcastradio.BroadcastRadioService took to complete: 0ms
09-07 14:25:21.635  1033  1064 I SystemServerTimingAsync: ssm.onUnlockedUser-10_com.android.server.DockObserver
09-07 14:25:21.635  1033  1064 D SystemServerTimingAsync: ssm.onUnlockedUser-10_com.android.server.DockObserver took to complete: 0ms
09-07 14:25:21.635  1033  1064 I SystemServerTimingAsync: ssm.onUnlockedUser-10_com.android.server.midi.MidiService$Lifecycle
09-07 14:25:21.635  1033  1064 D SystemServerTimingAsync: ssm.onUnlockedUser-10_com.android.server.midi.MidiService$Lifecycle took to complete: 0ms
09-07 14:25:21.635  1033  1064 I SystemServerTimingAsync: ssm.onUnlockedUser-10_com.android.server.adb.AdbService$Lifecycle
09-07 14:25:21.635  1033  1064 D SystemServerTimingAsync: ssm.onUnlockedUser-10_com.android.server.adb.AdbService$Lifecycle took to complete: 0ms
09-07 14:25:21.635  1033  1064 I SystemServerTimingAsync: ssm.onUnlockedUser-10_com.android.server.usb.UsbService$Lifecycle
09-07 14:25:21.635  1033  1064 D SystemServerTimingAsync: ssm.onUnlockedUser-10_com.android.server.usb.UsbService$Lifecycle took to complete: 0ms
09-07 14:25:21.635  1033  1064 I SystemServerTimingAsync: ssm.onUnlockedUser-10_com.android.server.twilight.TwilightService
09-07 14:25:21.635  1033  1064 D SystemServerTimingAsync: ssm.onUnlockedUser-10_com.android.server.twilight.TwilightService took to complete: 0ms
09-07 14:25:21.635  1033  1064 I SystemServerTimingAsync: ssm.onUnlockedUser-10_com.android.server.display.color.ColorDisplayService
09-07 14:25:21.635  1033  1064 D SystemServerTimingAsync: ssm.onUnlockedUser-10_com.android.server.display.color.ColorDisplayService took to complete: 0ms
09-07 14:25:21.635  1033  1064 I SystemServerTimingAsync: ssm.onUnlockedUser-10_com.android.server.job.JobSchedulerService
09-07 14:25:21.635  1033  1064 D SystemServerTimingAsync: ssm.onUnlockedUser-10_com.android.server.job.JobSchedulerService took to complete: 0ms
09-07 14:25:21.635  1033  1064 I SystemServerTimingAsync: ssm.onUnlockedUser-10_com.android.server.soundtrigger.SoundTriggerService
09-07 14:25:21.635  1033  1064 D SystemServerTimingAsync: ssm.onUnlockedUser-10_com.android.server.soundtrigger.SoundTriggerService took to complete: 0ms
09-07 14:25:21.635  1033  1064 I SystemServerTimingAsync: ssm.onUnlockedUser-10_com.android.server.trust.TrustManagerService
09-07 14:25:21.635  1033  1064 D SystemServerTimingAsync: ssm.onUnlockedUser-10_com.android.server.trust.TrustManagerService took to complete: 0ms
09-07 14:25:21.635  1033  1064 I SystemServerTimingAsync: ssm.onUnlockedUser-10_com.android.server.backup.BackupManagerService$Lifecycle
09-07 14:25:21.635  1033  1064 D SystemServerTimingAsync: ssm.onUnlockedUser-10_com.android.server.backup.BackupManagerService$Lifecycle took to complete: 0ms
09-07 14:25:21.635  1033  1064 I SystemServerTimingAsync: ssm.onUnlockedUser-10_com.android.server.appwidget.AppWidgetService
09-07 14:25:21.636  1033  1064 D SystemServerTimingAsync: ssm.onUnlockedUser-10_com.android.server.appwidget.AppWidgetService took to complete: 0ms
09-07 14:25:21.636  1033  1064 I SystemServerTimingAsync: ssm.onUnlockedUser-10_com.android.server.role.RoleManagerService
09-07 14:25:21.636  1033  1064 D SystemServerTimingAsync: ssm.onUnlockedUser-10_com.android.server.role.RoleManagerService took to complete: 0ms
09-07 14:25:21.636  1033  1064 I SystemServerTimingAsync: ssm.onUnlockedUser-10_com.android.server.voiceinteraction.VoiceInteractionManagerService
09-07 14:25:21.636  1033  1064 D SystemServerTimingAsync: ssm.onUnlockedUser-10_com.android.server.voiceinteraction.VoiceInteractionManagerService took to complete: 0ms
09-07 14:25:21.636  1033  1064 I SystemServerTimingAsync: ssm.onUnlockedUser-10_com.android.server.GestureLauncherService
09-07 14:25:21.636  1033  1064 D SystemServerTimingAsync: ssm.onUnlockedUser-10_com.android.server.GestureLauncherService took to complete: 0ms
09-07 14:25:21.636  1033  1064 I SystemServerTimingAsync: ssm.onUnlockedUser-10_com.android.server.SensorNotificationService
09-07 14:25:21.636  1033  1064 D SystemServerTimingAsync: ssm.onUnlockedUser-10_com.android.server.SensorNotificationService took to complete: 0ms
09-07 14:25:21.636  1033  1064 I SystemServerTimingAsync: ssm.onUnlockedUser-10_com.android.server.emergency.EmergencyAffordanceService
09-07 14:25:21.636  1033  1064 D SystemServerTimingAsync: ssm.onUnlockedUser-10_com.android.server.emergency.EmergencyAffordanceService took to complete: 0ms
09-07 14:25:21.636  1033  1064 I SystemServerTimingAsync: ssm.onUnlockedUser-10_com.android.server.dreams.DreamManagerService
09-07 14:25:21.636  1033  1064 D SystemServerTimingAsync: ssm.onUnlockedUser-10_com.android.server.dreams.DreamManagerService took to complete: 0ms
09-07 14:25:21.636  1033  1064 I SystemServerTimingAsync: ssm.onUnlockedUser-10_com.android.server.blob.BlobStoreManagerService
09-07 14:25:21.636  1033  1064 D SystemServerTimingAsync: ssm.onUnlockedUser-10_com.android.server.blob.BlobStoreManagerService took to complete: 0ms
09-07 14:25:21.636  1033  1064 I SystemServerTimingAsync: ssm.onUnlockedUser-10_com.android.server.print.PrintManagerService
09-07 14:25:21.636  1033  1064 D SystemServerTimingAsync: ssm.onUnlockedUser-10_com.android.server.print.PrintManagerService took to complete: 0ms
09-07 14:25:21.636  1033  1064 I SystemServerTimingAsync: ssm.onUnlockedUser-10_com.android.server.companion.CompanionDeviceManagerService
09-07 14:25:21.636  1033  1064 D SystemServerTimingAsync: ssm.onUnlockedUser-10_com.android.server.companion.CompanionDeviceManagerService took to complete: 0ms
09-07 14:25:21.636  1033  1064 I SystemServerTimingAsync: ssm.onUnlockedUser-10_com.android.server.restrictions.RestrictionsManagerService
09-07 14:25:21.636  1033  1064 D SystemServerTimingAsync: ssm.onUnlockedUser-10_com.android.server.restrictions.RestrictionsManagerService took to complete: 0ms
09-07 14:25:21.636  1033  1064 I SystemServerTimingAsync: ssm.onUnlockedUser-10_com.android.server.media.MediaSessionService
09-07 14:25:21.636  1033  1064 D SystemServerTimingAsync: ssm.onUnlockedUser-10_com.android.server.media.MediaSessionService took to complete: 0ms
09-07 14:25:21.636  1033  1064 I SystemServerTimingAsync: ssm.onUnlockedUser-10_com.android.server.media.MediaResourceMonitorService
09-07 14:25:21.636  1033  1064 D SystemServerTimingAsync: ssm.onUnlockedUser-10_com.android.server.media.MediaResourceMonitorService took to complete: 0ms
09-07 14:25:21.636  1033  1064 I SystemServerTimingAsync: ssm.onUnlockedUser-10_com.android.server.biometrics.BiometricService
09-07 14:25:21.636  1033  1064 D SystemServerTimingAsync: ssm.onUnlockedUser-10_com.android.server.biometrics.BiometricService took to complete: 0ms
09-07 14:25:21.637  1033  1064 I SystemServerTimingAsync: ssm.onUnlockedUser-10_com.android.server.biometrics.AuthService
09-07 14:25:21.637  1033  1064 D SystemServerTimingAsync: ssm.onUnlockedUser-10_com.android.server.biometrics.AuthService took to complete: 0ms
09-07 14:25:21.637  1033  1064 I SystemServerTimingAsync: ssm.onUnlockedUser-10_com.android.server.pm.ShortcutService$Lifecycle
09-07 14:25:21.637  1033  1064 D SystemServerTimingAsync: ssm.onUnlockedUser-10_com.android.server.pm.ShortcutService$Lifecycle took to complete: 0ms
09-07 14:25:21.637  1033  1064 I SystemServerTimingAsync: ssm.onUnlockedUser-10_com.android.server.pm.LauncherAppsService
09-07 14:25:21.637  1033  1064 D SystemServerTimingAsync: ssm.onUnlockedUser-10_com.android.server.pm.LauncherAppsService took to complete: 0ms
09-07 14:25:21.637  1033  1064 I SystemServerTimingAsync: ssm.onUnlockedUser-10_com.android.server.pm.CrossProfileAppsService
09-07 14:25:21.637  1033  1064 D SystemServerTimingAsync: ssm.onUnlockedUser-10_com.android.server.pm.CrossProfileAppsService took to complete: 0ms
09-07 14:25:21.637  1033  1064 I SystemServerTimingAsync: ssm.onUnlockedUser-10_com.android.server.people.PeopleService
09-07 14:25:21.637  1033  1064 D SystemServerTimingAsync: ssm.onUnlockedUser-10_com.android.server.people.PeopleService took to complete: 0ms
09-07 14:25:21.637  1033  1064 I SystemServerTimingAsync: ssm.onUnlockedUser-10_com.android.server.media.projection.MediaProjectionManagerService
09-07 14:25:21.637  1033  1064 D SystemServerTimingAsync: ssm.onUnlockedUser-10_com.android.server.media.projection.MediaProjectionManagerService took to complete: 0ms
09-07 14:25:21.637  1033  1064 I SystemServerTimingAsync: ssm.onUnlockedUser-10_com.android.server.slice.SliceManagerService$Lifecycle
09-07 14:25:21.637  1033  1064 D SystemServerTimingAsync: ssm.onUnlockedUser-10_com.android.server.slice.SliceManagerService$Lifecycle took to complete: 0ms
09-07 14:25:21.637  1033  1064 I SystemServerTimingAsync: ssm.onUnlockedUser-10_com.android.server.stats.StatsCompanion$Lifecycle
09-07 14:25:21.637  1033  1064 D SystemServerTimingAsync: ssm.onUnlockedUser-10_com.android.server.stats.StatsCompanion$Lifecycle took to complete: 0ms
09-07 14:25:21.637  1033  1064 I SystemServerTimingAsync: ssm.onUnlockedUser-10_com.android.server.stats.pull.StatsPullAtomService
09-07 14:25:21.637  1033  1064 D SystemServerTimingAsync: ssm.onUnlockedUser-10_com.android.server.stats.pull.StatsPullAtomService took to complete: 0ms
09-07 14:25:21.637  1033  1064 I SystemServerTimingAsync: ssm.onUnlockedUser-10_com.android.server.incident.IncidentCompanionService
09-07 14:25:21.637  1033  1064 D SystemServerTimingAsync: ssm.onUnlockedUser-10_com.android.server.incident.IncidentCompanionService took to complete: 0ms
09-07 14:25:21.637  1033  1064 I SystemServerTimingAsync: ssm.onUnlockedUser-10_com.android.server.MmsServiceBroker
09-07 14:25:21.637  1033  1064 D SystemServerTimingAsync: ssm.onUnlockedUser-10_com.android.server.MmsServiceBroker took to complete: 0ms
09-07 14:25:21.637  1033  1064 I SystemServerTimingAsync: ssm.onUnlockedUser-10_com.android.server.autofill.AutofillManagerService
09-07 14:25:21.637  1033  1064 D SystemServerTimingAsync: ssm.onUnlockedUser-10_com.android.server.autofill.AutofillManagerService took to complete: 0ms
09-07 14:25:21.638  1033  1064 I SystemServerTimingAsync: ssm.onUnlockedUser-10_com.android.server.clipboard.ClipboardService
09-07 14:25:21.638  1033  1064 D SystemServerTimingAsync: ssm.onUnlockedUser-10_com.android.server.clipboard.ClipboardService took to complete: 0ms
09-07 14:25:21.638  1033  1064 I SystemServerTimingAsync: ssm.onUnlockedUser-10_com.android.server.appbinding.AppBindingService$Lifecycle
09-07 14:25:21.638  1033  1064 D SystemServerTimingAsync: ssm.onUnlockedUser-10_com.android.server.appbinding.AppBindingService$Lifecycle took to complete: 0ms
09-07 14:25:21.638  1033  1064 I SystemServerTimingAsync: ssm.onUnlockedUser-10_com.android.server.policy.PermissionPolicyService
09-07 14:25:21.638  1033  1064 D SystemServerTimingAsync: ssm.onUnlockedUser-10_com.android.server.policy.PermissionPolicyService took to complete: 0ms
09-07 14:25:21.638  1033  1064 I SystemServerTimingAsync: ssm.onUnlockedUser-10_com.android.server.pm.StagingManager$Lifecycle
09-07 14:25:21.638  1033  1064 D SystemServerTimingAsync: ssm.onUnlockedUser-10_com.android.server.pm.StagingManager$Lifecycle took to complete: 0ms
09-07 14:25:21.638  1033  1064 I SystemServerTimingAsync: ssm.onUnlockedUser-10_com.android.internal.car.CarServiceHelperService
09-07 14:25:21.638  1033  1064 D CarServiceHelper: onUserUnlocked(10)
09-07 14:25:21.638  1033  1064 I CarServiceHelper: Time to unlock 1st user(10): +8s606ms
09-07 14:25:21.638  1033  1064 V CarServiceHelper: calling one-way binder transaction with code 3
09-07 14:25:21.639  1033  1064 V CarServiceHelper: finished one-way binder transaction with code 3
09-07 14:25:21.639  1033  1064 I CarServiceHelper: send-lifecycle-4-10
09-07 14:25:21.639  1033  1064 V CarServiceHelper: calling one-way binder transaction with code 2
09-07 14:25:21.639  1033  1064 V CarServiceHelper: finished one-way binder transaction with code 2
09-07 14:25:21.639  1033  1064 D CarServiceHelper: send-lifecycle-4-10 took to complete: 0ms
09-07 14:25:21.639  1033  1064 D SystemServerTimingAsync: ssm.onUnlockedUser-10_com.android.internal.car.CarServiceHelperService took to complete: 1ms
09-07 14:25:21.639  1033  1064 D SystemServerTimingAsync: ssm.UnlockedUser-10 took to complete: 9ms
09-07 14:25:21.639  1033  1064 W ActivityManager: UserLifecycleEvent 6 received without an active userJourneySession.
09-07 14:25:21.642  1326  1416 D CAR.USER: notify-listener-com.android.car.PerUserCarServiceHelper$Lambda took to complete: 0ms
09-07 14:25:21.642  1326  1416 D CAR.USER: notify-listener-com.android.car.CarMediaService$Lambda took to complete: 0ms
09-07 14:25:21.642  1326  1416 D CAR.USER: notify-listener-com.android.car.CarOccupantZoneService$Lambda took to complete: 0ms
09-07 14:25:21.643  1326  1416 D CAR.USER: notify-listener-com.android.car.pm.VendorServiceController@2703936 took to complete: 0ms
09-07 14:25:21.643  1326  1416 D CAR.USER: notify-listener-com.android.car.CarInputService$Lambda took to complete: 0ms
09-07 14:25:21.643  1326  1416 D CAR.USER: notify-listener-com.android.car.watchdog.CarWatchdogService$Lambda took to complete: 0ms
09-07 14:25:21.643  1326  1416 D CAR.USER: notify-listeners-user-10-event-4 took to complete: 1ms
09-07 14:25:21.643  1326  1416 D CAR.USER: notify-app-listener-uid-10141 took to complete: 0ms
09-07 14:25:21.643  1326  1416 D CAR.USER: notify-app-listeners-user-10-event-4 took to complete: 0ms
09-07 14:25:21.678  1033  1223 D CompatibilityChangeReporter: Compat change id reported: 135634846; UID 1010065; state: DISABLED
09-07 14:25:21.678  1033  1223 D CompatibilityChangeReporter: Compat change id reported: 135754954; UID 1010065; state: ENABLED
09-07 14:25:21.679  1033  1067 W ActivityManager: Slow operation: 58ms so far, now at startProcess: done updating battery stats
09-07 14:25:21.680  1033  1067 W ActivityManager: Slow operation: 58ms so far, now at startProcess: building log message
09-07 14:25:21.680  1033  1067 I ActivityManager: Start proc 2922:com.harman.usb.handler/u10s1000 for service {com.harman.usb.handler/com.harman.usb.handler.HarmanUsbService}
09-07 14:25:21.680  1033  1067 W ActivityManager: Slow operation: 59ms so far, now at startProcess: starting to update pids map
09-07 14:25:21.680  1033  1067 W ActivityManager: Slow operation: 59ms so far, now at startProcess: done updating pids map
09-07 14:25:21.681  1033  1067 D CompatibilityChangeReporter: Compat change id reported: 143937733; UID 1010065; state: ENABLED
09-07 14:25:21.691  1033  1824 W ActivityTaskManager: Tried to set launchTime (0) < mLastActivityLaunchTime (24517)
09-07 14:25:21.705  1033  1053 W Looper  : Slow dispatch took 169ms android.fg h=com.android.server.DropBoxManagerService$DropBoxManagerBroadcastHandler c=null m=2
09-07 14:25:21.706  2517  2517 I KPI_Marker: [26.279000] [DCHome.HomeScreenActivity] Last_Active_App_Visible
09-07 14:25:21.712  1033  2897 D CompatibilityChangeReporter: Compat change id reported: 135634846; UID 1001000; state: DISABLED
09-07 14:25:21.712  1033  2897 D CompatibilityChangeReporter: Compat change id reported: 135754954; UID 1001000; state: ENABLED
09-07 14:25:21.721  1033  1067 I ActivityManager: Start proc 2942:com.harman.car/u10a65 for service {com.harman.car/com.harman.car.HarmanCarBluetoothPowerModeHandler}
09-07 14:25:21.721  1033  1033 W Looper  : Slow dispatch took 105ms main h=com.android.providers.settings.SettingsProvider$SettingsRegistry$MyHandler c=null m=1
09-07 14:25:21.722  1033  1033 W Looper  : Slow delivery took 204ms main h=com.android.providers.settings.SettingsProvider$SettingsRegistry$MyHandler c=null m=2
09-07 14:25:21.728  1033  1063 D CompatibilityChangeReporter: Compat change id reported: 135634846; UID 1010108; state: DISABLED
09-07 14:25:21.729  1033  1063 D CompatibilityChangeReporter: Compat change id reported: 135754954; UID 1010108; state: ENABLED
09-07 14:25:21.732  1033  1825 D CompatibilityChangeReporter: Compat change id reported: 135634846; UID 1000; state: DISABLED
09-07 14:25:21.732  1033  1825 D CompatibilityChangeReporter: Compat change id reported: 135754954; UID 1000; state: ENABLED
09-07 14:25:21.752  1033  1053 D UsbDeviceManager: push notification:Charging connected device via USB
09-07 14:25:21.753  1033  1053 I ActivityTaskManager: Loading recents for user 10 into memory.
09-07 14:25:21.753  1033  1033 V NotificationAssistants: disabling notification assistant for user 10: ComponentInfo{android.ext.services/android.ext.services.notification.Assistant}
09-07 14:25:21.753  1033  1033 D NotificationListeners: Removing active service ComponentInfo{android.ext.services/android.ext.services.notification.Assistant}
09-07 14:25:21.754  1033  1053 E TaskPersister: restoreTasksForUserLocked: Unable to list files from /data/system_ce/10/recent_tasks
09-07 14:25:21.759  1033  1067 W ActivityManager: Slow operation: 53ms so far, now at startProcess: returned from zygote!
09-07 14:25:21.761  1033  1033 V NotificationAssistants: enabling notification assistant for 10: ComponentInfo{android.ext.services/android.ext.services.notification.Assistant}
09-07 14:25:21.762  1033  1033 V NotificationAssistants: binding: Intent { act=android.service.notification.NotificationAssistantService cmp=android.ext.services/.notification.Assistant (has extras) }
09-07 14:25:21.763  2922  2922 I KPI_Marker: [26.336000] [HarmanUsbHandler] ******Started From CarService onCreate
09-07 14:25:21.775  1033  1067 W ActivityManager: Slow operation: 69ms so far, now at startProcess: done updating battery stats
09-07 14:25:21.775  1033  1067 W ActivityManager: Slow operation: 69ms so far, now at startProcess: building log message
09-07 14:25:21.775  1033  1067 I ActivityManager: Start proc 2969:com.android.keychain/u10s1000 for service {com.android.keychain/com.android.keychain.KeyChainService}
09-07 14:25:21.775  1033  1067 W ActivityManager: Slow operation: 69ms so far, now at startProcess: starting to update pids map
09-07 14:25:21.775  1033  1067 W ActivityManager: Slow operation: 69ms so far, now at startProcess: done updating pids map
09-07 14:25:21.775  1033  1067 D CompatibilityChangeReporter: Compat change id reported: 143937733; UID 1010108; state: ENABLED
09-07 14:25:21.783  1033  1252 D BluetoothManagerService: Trying to bind to profile: 1, while Bluetooth was disabled
09-07 14:25:21.803  1033  1033 V NotificationAssistants: 10 notification assistant service connected: ComponentInfo{android.ext.services/android.ext.services.notification.Assistant}
09-07 14:25:21.809  1033  1067 W ActivityManager: Slow operation: 81ms so far, now at startProcess: returned from zygote!
09-07 14:25:21.811  1033  1067 W ActivityManager: Slow operation: 82ms so far, now at startProcess: done updating battery stats
09-07 14:25:21.811  1033  1067 W ActivityManager: Slow operation: 83ms so far, now at startProcess: building log message
09-07 14:25:21.811  1033  1067 I ActivityManager: Start proc 2997:com.android.printspooler/u10a108 for service {com.android.printspooler/com.android.printspooler.model.PrintSpoolerService}
09-07 14:25:21.811  1033  1067 W ActivityManager: Slow operation: 83ms so far, now at startProcess: starting to update pids map
09-07 14:25:21.812  1033  1067 W ActivityManager: Slow operation: 84ms so far, now at startProcess: done updating pids map
09-07 14:25:21.812  1033  1067 W ActivityManager: Slow operation: 81ms so far, now at startProcess: asking zygote to start proc
09-07 14:25:21.820  1033  2893 I StorageUserConnection: Service: [ComponentInfo{com.android.providers.media.module/com.android.providers.media.fuse.ExternalStorageServiceImpl}] connected. User [10]
09-07 14:25:21.831  1033  1053 I AppWidgetServiceImpl: Processing of handleUserUnlocked u10 took 76 ms
09-07 14:25:21.837  1033  1053 W Looper  : Drained
09-07 14:25:21.840  2644  2644 D SystemUIBootTiming: DependencyInjection took to complete: 1ms
09-07 14:25:21.842  1033  1067 W ActivityManager: Slow operation: 111ms so far, now at startProcess: returned from zygote!
09-07 14:25:21.843  1033  1067 W ActivityManager: Slow operation: 112ms so far, now at startProcess: done updating battery stats
09-07 14:25:21.843  1033  1067 W ActivityManager: Slow operation: 112ms so far, now at startProcess: building log message
09-07 14:25:21.843  1033  1067 I ActivityManager: Start proc 3018:com.qti.diagservices/1000 for broadcast {com.qti.diagservices/com.qti.diagservices.Diag_OnBoot}
09-07 14:25:21.843  1033  1067 W ActivityManager: Slow operation: 112ms so far, now at startProcess: starting to update pids map
09-07 14:25:21.843  1033  1067 W ActivityManager: Slow operation: 112ms so far, now at startProcess: done updating pids map
09-07 14:25:21.843  1033  1067 W ActivityManager: Slow operation: 96ms so far, now at startProcess: asking zygote to start proc
09-07 14:25:21.850  1033  1033 W Looper  : Drained
09-07 14:25:21.871  1033  1067 W ActivityManager: Slow operation: 124ms so far, now at startProcess: returned from zygote!
09-07 14:25:21.872  1033  1067 W ActivityManager: Slow operation: 125ms so far, now at startProcess: done updating battery stats
09-07 14:25:21.872  1033  1067 W ActivityManager: Slow operation: 125ms so far, now at startProcess: building log message
09-07 14:25:21.872  1033  1067 I ActivityManager: Start proc 3033:com.harman.mediamodeservice/u10s1000 for service {com.harman.mediamodeservice/com.harman.mediamodeservice.service.MediaModeService}
09-07 14:25:21.872  1033  1067 W ActivityManager: Slow operation: 125ms so far, now at startProcess: starting to update pids map
09-07 14:25:21.878  1033  1067 W ActivityManager: Slow operation: 131ms so far, now at startProcess: done updating pids map
09-07 14:25:21.881  2644  2644 D SystemUIBootTiming: StartSecondaryServicescom.android.systemui.util.NotificationChannels took to complete: 35ms
09-07 14:25:21.881  2644  2644 D SystemUIBootTiming: StartSecondaryServices took to complete: 36ms
09-07 14:25:21.886  1635  1674 I KPI_Marker: [26.459000] [HarmanUsbHandlerManager] Notifying Client Listeners: com.harman.DCSM
09-07 14:25:21.891  1683  1815 I KPI_Marker: [26.464000] [HarmanUsbHandlerManager] Notifying Client Listeners: com.harman.connectivity.iap2service
09-07 14:25:21.906  1708  1917 I KPI_Marker: [26.478000] [HarmanUsbHandlerManager] Notifying Client Listeners: com.harman.connectivity.androidauto.application.internals
09-07 14:25:21.926  1033  1033 W NotificationHistory: Attempted to add notif for locked/gone/disabled user 0
09-07 14:25:21.978  3018  3018 W ContextImpl: Calling a method in the system process without a qualified user: android.app.ContextImpl.startService:1669 android.content.ContextWrapper.startService:720 android.content.ContextWrapper.startService:720 com.qti.diagservices.Diag_OnBoot.onReceive:40 android.app.ActivityThread.handleReceiver:4026 
09-07 14:25:21.989  1033  1033 D NotificationService: 10|com.samsung.android.automotive.launcher|111|null|1010080: granting content://settings/system/notification_sound
09-07 14:25:21.991  1033  1033 I chatty  : uid=1000 system_server identical 3 lines
09-07 14:25:21.991  1033  1033 D NotificationService: 10|com.samsung.android.automotive.launcher|111|null|1010080: granting content://settings/system/notification_sound
09-07 14:25:21.991  1033  1033 W NotificationHistory: Attempted to add notif for locked/gone/disabled user 10
09-07 14:25:21.993  1033  1033 W NotificationHistory: Attempted to add notif for locked/gone/disabled user 0
09-07 14:25:22.023  1033  1431 D CompatibilityChangeReporter: Compat change id reported: 135634846; UID 10133; state: DISABLED
09-07 14:25:22.024  1033  1431 D CompatibilityChangeReporter: Compat change id reported: 135754954; UID 10133; state: DISABLED
09-07 14:25:22.024  1033  1067 D CompatibilityChangeReporter: Compat change id reported: 143937733; UID 10133; state: DISABLED
09-07 14:25:22.033  1033  1825 D CompatibilityChangeReporter: Compat change id reported: 136219221; UID 1001000; state: ENABLED
09-07 14:25:22.034  1033  1064 W UriGrantsManagerService: For security reasons, the system cannot issue a Uri permission grant to content://settings/system/notification_sound [user 10]; use startActivityAsCaller() instead
09-07 14:25:22.081  1033  1067 W ActivityManager: Slow operation: 59ms so far, now at startProcess: returned from zygote!
09-07 14:25:22.081  1033  1067 W ActivityManager: Slow operation: 59ms so far, now at startProcess: done updating battery stats
09-07 14:25:22.081  1033  1067 W ActivityManager: Slow operation: 59ms so far, now at startProcess: building log message
09-07 14:25:22.081  1033  1067 I ActivityManager: Start proc 3095:com.android.calendar/u0a133 for broadcast {com.android.calendar/com.android.calendar.alerts.AlertReceiver}
09-07 14:25:22.081  1033  1067 W ActivityManager: Slow operation: 59ms so far, now at startProcess: starting to update pids map
09-07 14:25:22.091  1033  1067 W ActivityManager: Slow operation: 69ms so far, now at startProcess: done updating pids map
09-07 14:25:22.155  1033  1252 V WindowManager: Orientation start waiting for draw, mDrawState=DRAW_PENDING in Window{7010712 u0 HeadsUpNotification}, surfaceController Surface(name=HeadsUpNotification)/@0x1a8988a
09-07 14:25:22.157  1033  1033 D BluetoothManagerService: Bluetooth Adapter address changed to 1C:E1:92:8C:01:05
09-07 14:25:22.157  1033  1033 D BluetoothManagerService: Stored Bluetoothaddress: 1C:E1:92:8C:01:05
09-07 14:25:22.159  1033  1033 D BluetoothManagerService: Bluetooth Adapter name changed to Titan
09-07 14:25:22.159  1033  1033 D BluetoothManagerService: Stored Bluetooth name: Titan
09-07 14:25:22.167  3033  3033 I KPI_Marker: [26.740000] [MediaModeService] Last source monitor stopped
09-07 14:25:22.182  1033  1873 D CompatibilityChangeReporter: Compat change id reported: 135634846; UID 1000; state: DISABLED
09-07 14:25:22.183  1033  1873 D CompatibilityChangeReporter: Compat change id reported: 135754954; UID 1000; state: ENABLED
09-07 14:25:22.185  3033  3033 I KPI_Marker: [26.758000] [MediaModeService] Last source restoring:com.harman.radioservice/.service.RadioService
09-07 14:25:22.187  1033  1825 D CompatibilityChangeReporter: Compat change id reported: 135634846; UID 1001000; state: DISABLED
09-07 14:25:22.188  1033  1825 D CompatibilityChangeReporter: Compat change id reported: 135754954; UID 1001000; state: ENABLED
09-07 14:25:22.217  1033  1067 I ActivityManager: Start proc 3145:com.android.localtransport/1000 for service {com.android.localtransport/com.android.localtransport.LocalTransportService}
09-07 14:25:22.220  1033  1053 D AutofillManagerService: Close system dialogs
09-07 14:25:22.222  1033  1055 D BluetoothManagerService: MESSAGE_BLUETOOTH_STATE_CHANGE: BLE_TURNING_ON > BLE_ON
09-07 14:25:22.222  1033  1055 D BluetoothManagerService: Bluetooth is in LE only mode
09-07 14:25:22.222  1033  1055 D BluetoothManagerService: Binding Bluetooth GATT service
09-07 14:25:22.241  1033  1252 D CompatibilityChangeReporter: Compat change id reported: 135634846; UID 10073; state: DISABLED
09-07 14:25:22.241  1033  1252 D CompatibilityChangeReporter: Compat change id reported: 135754954; UID 10073; state: ENABLED
09-07 14:25:22.243   512  3144 I KPI_Marker: [26.816365] [HarmanAudioEffect] Audio_Volume_Changed
09-07 14:25:22.243   512  1065 I KPI_Marker: [26.816677] [HarmanAudioControl] Audio_Fade_In
09-07 14:25:22.247  1033  1033 D NotificationService: 10|com.harman.mediamodeservice|1|null|1001000: granting content://settings/system/notification_sound
09-07 14:25:22.247  1033  1033 W UriGrantsManagerService: For security reasons, the system cannot issue a Uri permission grant to content://settings/system/notification_sound [user 10]; use startActivityAsCaller() instead
09-07 14:25:22.247  1033  1033 D NotificationService: 10|com.harman.mediamodeservice|1|null|1001000: granting content://settings/system/notification_sound
09-07 14:25:22.247  1033  1033 W UriGrantsManagerService: For security reasons, the system cannot issue a Uri permission grant to content://settings/system/notification_sound [user 10]; use startActivityAsCaller() instead
09-07 14:25:22.248  1033  1033 D NotificationService: 10|com.harman.mediamodeservice|1|null|1001000: granting content://settings/system/notification_sound
09-07 14:25:22.248  1033  1033 W UriGrantsManagerService: For security reasons, the system cannot issue a Uri permission grant to content://settings/system/notification_sound [user 10]; use startActivityAsCaller() instead
09-07 14:25:22.248  1033  1033 D NotificationService: 10|com.harman.mediamodeservice|1|null|1001000: granting content://settings/system/notification_sound
09-07 14:25:22.248  1033  1033 W UriGrantsManagerService: For security reasons, the system cannot issue a Uri permission grant to content://settings/system/notification_sound [user 10]; use startActivityAsCaller() instead
09-07 14:25:22.248  1033  1033 D NotificationService: 10|com.harman.mediamodeservice|1|null|1001000: granting content://settings/system/notification_sound
09-07 14:25:22.248  1033  1033 W UriGrantsManagerService: For security reasons, the system cannot issue a Uri permission grant to content://settings/system/notification_sound [user 10]; use startActivityAsCaller() instead
09-07 14:25:22.250  1033  1067 W ActivityManager: Slow operation: 63ms so far, now at startProcess: returned from zygote!
09-07 14:25:22.251  1033  1033 W NotificationHistory: Attempted to add notif for locked/gone/disabled user 10
09-07 14:25:22.254  1033  1055 D BluetoothManagerService: Sending BLE State Change: BLE_TURNING_ON > BLE_ON
09-07 14:25:22.255  1033  1067 W ActivityManager: Slow operation: 68ms so far, now at startProcess: done updating battery stats
09-07 14:25:22.255  1033  1067 W ActivityManager: Slow operation: 68ms so far, now at startProcess: building log message
09-07 14:25:22.255  1033  1067 I ActivityManager: Start proc 3154:com.harman.mediacoreservice/u10s1000 for service {com.harman.mediacoreservice/com.harman.mediacoreservice.harmaniapplayer.HarmanIAPPlayer}
09-07 14:25:22.256  1033  1067 W ActivityManager: Slow operation: 68ms so far, now at startProcess: starting to update pids map
09-07 14:25:22.256  1033  1067 W ActivityManager: Slow operation: 69ms so far, now at startProcess: done updating pids map
09-07 14:25:22.256  1033  1067 W ActivityManager: Slow operation: 56ms so far, now at startProcess: asking zygote to start proc
09-07 14:25:22.261  1033  1033 D BluetoothManagerService: BluetoothServiceConnection: com.android.bluetooth.gatt.GattService
09-07 14:25:22.261  1033  1055 D BluetoothManagerService: MESSAGE_BLUETOOTH_SERVICE_CONNECTED: 2
09-07 14:25:22.261  1033  1055 D BluetoothManagerService: continueFromBleOnState()
09-07 14:25:22.267  1033  1055 D BluetoothManagerService: Persisting Bluetooth Setting: 1
09-07 14:25:22.267  1033  1055 D BluetoothManagerService: MESSAGE_BLUETOOTH_STATE_CHANGE: BLE_ON > TURNING_ON
09-07 14:25:22.268  1033  1055 D BluetoothManagerService: Sending BLE State Change: BLE_ON > TURNING_ON
09-07 14:25:22.294  1033  1825 D CompatibilityChangeReporter: Compat change id reported: 136219221; UID 1001000; state: ENABLED
09-07 14:25:22.308  1033  1067 W ActivityManager: Slow operation: 108ms so far, now at startProcess: returned from zygote!
09-07 14:25:22.309  1033  1067 W ActivityManager: Slow operation: 109ms so far, now at startProcess: done updating battery stats
09-07 14:25:22.309  1033  1067 W ActivityManager: Slow operation: 109ms so far, now at startProcess: building log message
09-07 14:25:22.309  1033  1067 I ActivityManager: Start proc 3191:com.harman.radioservice/u10s1000 for service {com.harman.radioservice/com.harman.radioservice.service.RadioService}
09-07 14:25:22.309  1033  1067 W ActivityManager: Slow operation: 109ms so far, now at startProcess: starting to update pids map
09-07 14:25:22.309  1033  1067 W ActivityManager: Slow operation: 109ms so far, now at startProcess: done updating pids map
09-07 14:25:22.309  1033  1067 W ActivityManager: Slow operation: 70ms so far, now at startProcess: asking zygote to start proc
09-07 14:25:22.309  1033  1067 D CompatibilityChangeReporter: Compat change id reported: 143937733; UID 10073; state: ENABLED
09-07 14:25:22.353  1033  1431 D CompatibilityChangeReporter: Compat change id reported: 136219221; UID 1001000; state: ENABLED
09-07 14:25:22.354  1033  1067 W ActivityManager: Slow operation: 114ms so far, now at startProcess: returned from zygote!
09-07 14:25:22.358  1033  1067 W ActivityManager: Slow operation: 119ms so far, now at startProcess: done updating battery stats
09-07 14:25:22.359  1033  1067 W ActivityManager: Slow operation: 120ms so far, now at startProcess: building log message
09-07 14:25:22.359  1033  1067 I ActivityManager: Start proc 3214:com.android.car.bugreport/u0a73 for broadcast {com.android.car.bugreport/com.android.car.bugreport.StartUpBootReceiver}
09-07 14:25:22.359  1033  1067 W ActivityManager: Slow operation: 120ms so far, now at startProcess: starting to update pids map
09-07 14:25:22.359  1033  1067 W ActivityManager: Slow operation: 120ms so far, now at startProcess: done updating pids map
09-07 14:25:22.387  1033  1033 I TransportClient: LocalTransportService#0: Notifying [TransportManager.registerTransport()] transport = IBackupTransport
09-07 14:25:22.401  1033  1873 D BackupTransportManager: Transport com.android.localtransport/.LocalTransportService registered
09-07 14:25:22.402  1033  1873 D BackupManagerService: [UserID:0] Transport com.android.localtransport/.LocalTransport registered 3260ms after first request (delay = 3000ms)
09-07 14:25:22.402  1033  2897 D CompatibilityChangeReporter: Compat change id reported: 135634846; UID 1010071; state: DISABLED
09-07 14:25:22.403  1033  2897 D CompatibilityChangeReporter: Compat change id reported: 135754954; UID 1010071; state: ENABLED
09-07 14:25:22.403  1033  1067 D CompatibilityChangeReporter: Compat change id reported: 143937733; UID 1010071; state: ENABLED
09-07 14:25:22.426  1033  1067 I ActivityManager: Start proc 3241:android.process.acore/u10a71 for content provider {com.android.providers.contacts/com.android.providers.contacts.CallLogProvider}
09-07 14:25:22.430  1033  1873 I BackupManagerService: [UserID:0] Found stale backup journal, scheduling
09-07 14:25:22.430  1033  1873 I chatty  : uid=1000(system) backup-0 identical 4 lines
09-07 14:25:22.430  1033  1873 I BackupManagerService: [UserID:0] Found stale backup journal, scheduling
09-07 14:25:22.464  1033  1223 W ActivityManager: Receiver with filter android.content.IntentFilter@3577de7 already registered for pid 3154, callerPackage is com.harman.mediacoreservice
09-07 14:25:22.483  3154  3154 I KPI_Marker: [27.056000] [HarmanUsbHandlerManager] Clients Requested For Service Connection Registration are : com.harman.mediacoreservice.sourcemanager
09-07 14:25:22.486  3154  3154 I KPI_Marker: [27.059000] [HarmanUsbHandlerManager] Notifying Client Listeners: com.harman.mediacoreservice.sourcemanager
09-07 14:25:22.506  3154  3154 I KPI_Marker: [27.079000] [MediaCoreService] onCreate
09-07 14:25:22.541  1033  1825 D ConnectivityService: requestNetwork for uid/pid:1001/2482 NetworkRequest [ TRACK_DEFAULT id=20, [ Capabilities: INTERNET&NOT_RESTRICTED&TRUSTED Uid: 1001 AdministratorUids: [] RequestorUid: 1001 RequestorPackageName: com.android.phone] ]
09-07 14:25:22.543  1033  1209 D ConnectivityService: NetReassign [no changes]
09-07 14:25:22.556  1033  1432 D CompatibilityChangeReporter: Compat change id reported: 135634846; UID 1000; state: DISABLED
09-07 14:25:22.556  1033  1432 D CompatibilityChangeReporter: Compat change id reported: 135754954; UID 1000; state: DISABLED
09-07 14:25:22.565  1033  1223 W ActivityManager: Receiver with filter android.content.IntentFilter@2a1c0fc already registered for pid 3154, callerPackage is com.harman.mediacoreservice
09-07 14:25:22.579  1033  1067 I ActivityManager: Start proc 3271:com.android.car.settings/1000 for broadcast {com.android.car.settings/com.android.car.settings.BootCompleteReceiver}
09-07 14:25:22.663  1033  1629 W ActivityManager: Slow operation: 61ms so far, now at attachApplicationLocked: before bindApplication
09-07 14:25:22.663  1033  1629 W ActivityManager: Slow operation: 61ms so far, now at attachApplicationLocked: immediately before bindApplication
09-07 14:25:22.663  1033  1223 I Telecom : PhoneAccountRegistrar: Modify account: [ComponentInfo{com.android.phone/com.android.services.telephony.TelephonyConnectionService}, ***, UserHandle{0}]: TSI.rPA@AAU
09-07 14:25:22.663  1033  1629 W ActivityManager: Slow operation: 61ms so far, now at attachApplicationLocked: immediately after bindApplication
09-07 14:25:22.663  1033  1629 W ActivityManager: Slow operation: 61ms so far, now at attachApplicationLocked: after updateLruProcessLocked
09-07 14:25:22.664  1033  1629 W ActivityManager: Slow operation: 61ms so far, now at attachApplicationLocked: after mServices.attachApplicationLocked
09-07 14:25:22.664  1033  1629 W ActivityManager: Slow operation: 62ms so far, now at attachApplicationLocked: after sendPendingBroadcastsLocked
09-07 14:25:22.665  1033  1223 I Telecom : CallsManager: handlePhoneAccountChanged: phoneAccount=[[X] PhoneAccount: ComponentInfo{com.android.phone/com.android.services.telephony.TelephonyConnectionService}, ***, UserHandle{0} Capabilities: CallProvider MultiUser PlaceEmerg SimSub  Audio Routes: BESW Schemes: tel voicemail  Extras: Bundle[{android.telecom.extra.SUPPORTS_VIDEO_CALLING_FALLBACK=true}] GroupId: ***]: TSI.rPA@AAU
09-07 14:25:22.667  3154  3154 I KPI_Marker: [27.240000] [MediaCoreService] AndroidAuto_Media_Browse_List_Preparing
09-07 14:25:22.668  3154  3154 I KPI_Marker: [27.241000] [MediaCoreService] AndroidAuto_Media_Browse_List_Available
09-07 14:25:22.679  1033  1965 D CountryDetector: The first listener is added
09-07 14:25:22.684  3241  3241 D ActivityThread: Loading provider contacts;com.android.contacts: com.android.providers.contacts.ContactsProvider2
09-07 14:25:22.695  3241  3279 E ActivityThread: Failed to find provider info for call_log
09-07 14:25:22.774  1033  1223 I Telecom : PhoneAccountRegistrar: Modify account: [ComponentInfo{com.android.phone/com.android.services.telephony.TelephonyConnectionService}, ***, UserHandle{0}]: TSI.rPA@AA0
09-07 14:25:22.775  1033  1223 I Telecom : CallsManager: handlePhoneAccountChanged: phoneAccount=[[X] PhoneAccount: ComponentInfo{com.android.phone/com.android.services.telephony.TelephonyConnectionService}, ***, UserHandle{0} Capabilities: CallProvider MultiUser PlaceEmerg SimSub  Audio Routes: BESW Schemes: tel voicemail  Extras: Bundle[{android.telecom.extra.SUPPORTS_VIDEO_CALLING_FALLBACK=true}] GroupId: ***]: TSI.rPA@AA0
09-07 14:25:22.791  1033  1223 I Telecom : PhoneAccountRegistrar: Modify account: [ComponentInfo{com.android.phone/com.android.services.telephony.TelephonyConnectionService}, ***, UserHandle{0}]: TSI.rPA@AA4
09-07 14:25:22.792  1033  1223 I Telecom : CallsManager: handlePhoneAccountChanged: phoneAccount=[[X] PhoneAccount: ComponentInfo{com.android.phone/com.android.services.telephony.TelephonyConnectionService}, ***, UserHandle{0} Capabilities: CallProvider MultiUser PlaceEmerg SimSub  Audio Routes: BESW Schemes: tel voicemail  Extras: Bundle[{android.telecom.extra.SUPPORTS_VIDEO_CALLING_FALLBACK=true}] GroupId: ***]: TSI.rPA@AA4
09-07 14:25:22.819  1033  1055 D BluetoothManagerService: MESSAGE_BLUETOOTH_STATE_CHANGE: TURNING_ON > ON
09-07 14:25:22.820  1033  1055 D BluetoothManagerService: Broadcasting onBluetoothStateChange(true) to 31 receivers.
09-07 14:25:22.820  1033  1055 D BluetoothManagerService: Creating new ProfileServiceConnections object for profile: 1
09-07 14:25:22.821  1033  1055 E BluetoothManagerService: Fail to bind to: Intent { act=android.bluetooth.IBluetoothHeadset }
09-07 14:25:22.821  1033  1055 W BluetoothManagerService: Unable to bind with intent: Intent { act=android.bluetooth.IBluetoothHeadset }
09-07 14:25:22.821  1033  1055 D BluetoothManagerService: Creating new ProfileServiceConnections object for profile: 1
09-07 14:25:22.821  1033  1055 E BluetoothManagerService: Fail to bind to: Intent { act=android.bluetooth.IBluetoothHeadset }
09-07 14:25:22.821  1033  1055 W BluetoothManagerService: Unable to bind with intent: Intent { act=android.bluetooth.IBluetoothHeadset }
09-07 14:25:22.822  1033  1055 D BluetoothManagerService: Creating new ProfileServiceConnections object for profile: 1
09-07 14:25:22.824  1033  1055 E BluetoothManagerService: Fail to bind to: Intent { act=android.bluetooth.IBluetoothHeadset }
09-07 14:25:22.825  1033  1055 W BluetoothManagerService: Unable to bind with intent: Intent { act=android.bluetooth.IBluetoothHeadset }
09-07 14:25:22.826  1033  1055 D BluetoothManagerService: Sending BLE State Change: TURNING_ON > ON
09-07 14:25:22.827  1033  1965 D BluetoothManagerService: Creating new ProfileServiceConnections object for profile: 1
09-07 14:25:22.827  1033  1965 E BluetoothManagerService: Fail to bind to: Intent { act=android.bluetooth.IBluetoothHeadset }
09-07 14:25:22.828  1033  1965 W BluetoothManagerService: Unable to bind with intent: Intent { act=android.bluetooth.IBluetoothHeadset }
09-07 14:25:22.831  1033  1431 I Telecom : PhoneAccountRegistrar: Modify account: [ComponentInfo{com.android.phone/com.android.services.telephony.TelephonyConnectionService}, ***, UserHandle{0}]: TSI.rPA@ABI
09-07 14:25:22.833  1033  1431 I Telecom : CallsManager: handlePhoneAccountChanged: phoneAccount=[[X] PhoneAccount: ComponentInfo{com.android.phone/com.android.services.telephony.TelephonyConnectionService}, ***, UserHandle{0} Capabilities: CallProvider MultiUser PlaceEmerg SimSub  Audio Routes: BESW Schemes: tel voicemail  Extras: Bundle[{android.telecom.extra.SUPPORTS_VIDEO_CALLING_FALLBACK=true}] GroupId: ***]: TSI.rPA@ABI
09-07 14:25:22.840  1033  1033 I Telecom : BluetoothPhoneService: queryPhoneState: BPSI.qPS@ABM
09-07 14:25:22.864   398   439 I vold    : Bind mounting //data/media/10/Android/data on /mnt/user/10/emulated/10/Android/data
09-07 14:25:22.867   398   439 I vold    : Bind mounted //data/media/10/Android/data on /mnt/user/10/emulated/10/Android/data
09-07 14:25:22.867   398   439 I vold    : Bind mounting //data/media/10/Android/obb on /mnt/user/10/emulated/10/Android/obb
09-07 14:25:22.870   398   439 I vold    : Bind mounted //data/media/10/Android/obb on /mnt/user/10/emulated/10/Android/obb
09-07 14:25:22.871   398   439 I vold    : Configuring read_ahead of /mnt/user/10/emulated fuse filesystem to 256kb
09-07 14:25:22.871   398   439 I vold    : Writing 256 to /sys/class/bdi/0:109/read_ahead_kb
09-07 14:25:22.871   398   439 I vold    : Configuring max_ratio of /mnt/user/10/emulated fuse filesystem to 40
09-07 14:25:22.871   398   439 I vold    : Writing 40 to /sys/class/bdi/0:109/max_ratio
09-07 14:25:22.871  1033  1187 I StorageManagerService: Mounted volume VolumeInfo{emulated;10}:
09-07 14:25:22.871  1033  1187 I StorageManagerService:     type=EMULATED diskId=null partGuid= mountFlags=PRIMARY|VISIBLE 
09-07 14:25:22.871  1033  1187 I StorageManagerService:     mountUserId=10 state=MOUNTED 
09-07 14:25:22.871  1033  1187 I StorageManagerService:     fsType=null fsUuid=null fsLabel=null 
09-07 14:25:22.871  1033  1187 I StorageManagerService:     path=/storage/emulated internalPath=/data/media 
09-07 14:25:22.871  1033  1187 I StorageSessionController: Notifying volume state changed for session with id: emulated;10
09-07 14:25:22.900  1033  1187 I chatty  : uid=1000(system) StorageManagerS identical 1 line
09-07 14:25:22.946  1033  1187 I StorageSessionController: Notifying volume state changed for session with id: emulated;10
09-07 14:25:22.997  3271  3271 W ContextImpl: Calling a method in the system process without a qualified user: android.app.ContextImpl.startService:1669 android.content.ContextWrapper.startService:720 android.content.ContextWrapper.startService:720 com.android.car.settings.BootCompleteReceiver.onReceive:68 android.app.ActivityThread.handleReceiver:4026 
09-07 14:25:23.003  3271  3271 W ContextImpl: Calling a method in the system process without a qualified user: android.app.ContextImpl.startService:1669 android.content.ContextWrapper.startService:720 android.content.ContextWrapper.startService:720 com.android.car.settings.BootCompleteReceiver.onReceive:70 android.app.ActivityThread.handleReceiver:4026 
09-07 14:25:23.010  1033  1187 D StorageManagerService: Volume emulated;10 broadcasting mounted to UserHandle{10}
09-07 14:25:23.015  1033  1187 D StorageManagerService: Volume emulated;10 broadcasting mounted to UserHandle{10}
09-07 14:25:23.035  1033  1824 W ShortcutService: Clock rewound
09-07 14:25:23.057  1033  1055 I DropBoxManagerService: add tag=system_app_strictmode isTagEnabled=true flags=0x2
09-07 14:25:23.062  1033  1055 I chatty  : uid=1000(system) android.io identical 1 line
09-07 14:25:23.066  1033  1055 I DropBoxManagerService: add tag=system_app_strictmode isTagEnabled=true flags=0x2
09-07 14:25:23.067  1033  1431 D CompatibilityChangeReporter: Compat change id reported: 135634846; UID 1000; state: DISABLED
09-07 14:25:23.067  1033  1431 D CompatibilityChangeReporter: Compat change id reported: 135754954; UID 1000; state: ENABLED
09-07 14:25:23.091  1033  1067 I ActivityManager: Start proc 3327:com.android.dynsystem/1000 for broadcast {com.android.dynsystem/com.android.dynsystem.BootCompletedReceiver}
09-07 14:25:23.180  1033  1252 D CompatibilityChangeReporter: Compat change id reported: 135634846; UID 10085; state: DISABLED
09-07 14:25:23.180  1033  1252 D CompatibilityChangeReporter: Compat change id reported: 135754954; UID 10085; state: ENABLED
09-07 14:25:23.181  1033  1067 D CompatibilityChangeReporter: Compat change id reported: 143937733; UID 10085; state: ENABLED
09-07 14:25:23.183  1033  1056 I ActivityManagerTiming: FinishBooting
09-07 14:25:23.191  1033  1057 V WindowManager: Orientation start waiting for draw, mDrawState=DRAW_PENDING in Window{728aaa0 u0 SystemUIOverlayWindow}, surfaceController Surface(name=SystemUIOverlayWindow)/@0x419debb
09-07 14:25:23.204  1033  1067 I ActivityManager: Start proc 3348:com.android.managedprovisioning/u0a85 for broadcast {com.android.managedprovisioning/com.android.managedprovisioning.BootReminder}
09-07 14:25:23.266  1033  1056 I WindowManager: ******* TELLING SURFACE FLINGER WE ARE BOOTED!
09-07 14:25:23.268  1033  1056 I ActivityManagerTiming: FinishBooting
09-07 14:25:23.269  1033  1056 I ActivityManager: About to commit checkpoint
09-07 14:25:23.270  1033  1056 I SystemServiceManager: Starting phase 1000
09-07 14:25:23.271  1033  1056 I ActivityManagerTiming: OnBootPhase_1000
09-07 14:25:23.271  1033  1056 I ActivityManagerTiming: OnBootPhase_1000_com.android.server.security.FileIntegrityService
09-07 14:25:23.271  1033  1056 D ActivityManagerTiming: OnBootPhase_1000_com.android.server.security.FileIntegrityService took to complete: 0ms
09-07 14:25:23.271  1033  1056 I ActivityManagerTiming: OnBootPhase_1000_com.android.server.pm.Installer
09-07 14:25:23.271  1033  1056 D ActivityManagerTiming: OnBootPhase_1000_com.android.server.pm.Installer took to complete: 0ms
09-07 14:25:23.271  1033  1056 I ActivityManagerTiming: OnBootPhase_1000_com.android.server.os.DeviceIdentifiersPolicyService
09-07 14:25:23.271  1033  1056 D ActivityManagerTiming: OnBootPhase_1000_com.android.server.os.DeviceIdentifiersPolicyService took to complete: 0ms
09-07 14:25:23.271  1033  1056 I ActivityManagerTiming: OnBootPhase_1000_com.android.server.uri.UriGrantsManagerService$Lifecycle
09-07 14:25:23.271  1033  1056 D ActivityManagerTiming: OnBootPhase_1000_com.android.server.uri.UriGrantsManagerService$Lifecycle took to complete: 0ms
09-07 14:25:23.271  1033  1056 I ActivityManagerTiming: OnBootPhase_1000_com.android.server.wm.ActivityTaskManagerService$Lifecycle
09-07 14:25:23.271  1033  1056 D ActivityManagerTiming: OnBootPhase_1000_com.android.server.wm.ActivityTaskManagerService$Lifecycle took to complete: 0ms
09-07 14:25:23.271  1033  1056 I ActivityManagerTiming: OnBootPhase_1000_com.android.server.am.ActivityManagerService$Lifecycle
09-07 14:25:23.271  1033  1056 D ActivityManagerTiming: OnBootPhase_1000_com.android.server.am.ActivityManagerService$Lifecycle took to complete: 0ms
09-07 14:25:23.271  1033  1056 I ActivityManagerTiming: OnBootPhase_1000_com.android.server.pm.DataLoaderManagerService
09-07 14:25:23.271  1033  1056 D ActivityManagerTiming: OnBootPhase_1000_com.android.server.pm.DataLoaderManagerService took to complete: 0ms
09-07 14:25:23.271  1033  1056 I ActivityManagerTiming: OnBootPhase_1000_com.android.server.power.PowerManagerService
09-07 14:25:23.271  1033  1056 D ActivityManagerTiming: OnBootPhase_1000_com.android.server.power.PowerManagerService took to complete: 0ms
09-07 14:25:23.271  1033  1056 I ActivityManagerTiming: OnBootPhase_1000_com.android.server.power.ThermalManagerService
09-07 14:25:23.271  1033  1056 D ActivityManagerTiming: OnBootPhase_1000_com.android.server.power.ThermalManagerService took to complete: 0ms
09-07 14:25:23.271  1033  1100 V DisplayPowerController: Brightness [0.39763778] reason changing to: 'manual', previous reason: 'override'.
09-07 14:25:23.272  1033  1056 I ActivityManagerTiming: OnBootPhase_1000_com.android.server.recoverysystem.RecoverySystemService$Lifecycle
09-07 14:25:23.272  1033  1056 D ActivityManagerTiming: OnBootPhase_1000_com.android.server.recoverysystem.RecoverySystemService$Lifecycle took to complete: 0ms
09-07 14:25:23.272  1033  1056 I ActivityManagerTiming: OnBootPhase_1000_com.android.server.lights.LightsService
09-07 14:25:23.272  1033  1056 D ActivityManagerTiming: OnBootPhase_1000_com.android.server.lights.LightsService took to complete: 0ms
09-07 14:25:23.272  1033  1056 I ActivityManagerTiming: OnBootPhase_1000_com.android.server.display.DisplayManagerService
09-07 14:25:23.272  1033  1056 D ActivityManagerTiming: OnBootPhase_1000_com.android.server.display.DisplayManagerService took to complete: 0ms
09-07 14:25:23.272  1033  1056 I ActivityManagerTiming: OnBootPhase_1000_com.android.server.pm.UserManagerService$LifeCycle
09-07 14:25:23.272  1033  1056 D ActivityManagerTiming: OnBootPhase_1000_com.android.server.pm.UserManagerService$LifeCycle took to complete: 0ms
09-07 14:25:23.272  1033  1056 I ActivityManagerTiming: OnBootPhase_1000_com.android.server.om.OverlayManagerService
09-07 14:25:23.272  1033  1056 D ActivityManagerTiming: OnBootPhase_1000_com.android.server.om.OverlayManagerService took to complete: 0ms
09-07 14:25:23.272  1033  1056 I ActivityManagerTiming: OnBootPhase_1000_com.android.server.SensorPrivacyService
09-07 14:25:23.272  1033  1056 D ActivityManagerTiming: OnBootPhase_1000_com.android.server.SensorPrivacyService took to complete: 0ms
09-07 14:25:23.272  1033  1056 I ActivityManagerTiming: OnBootPhase_1000_com.android.server.SystemConfigService
09-07 14:25:23.272  1033  1056 D ActivityManagerTiming: OnBootPhase_1000_com.android.server.SystemConfigService took to complete: 0ms
09-07 14:25:23.272  1033  1056 I ActivityManagerTiming: OnBootPhase_1000_com.android.server.BatteryService
09-07 14:25:23.272  1033  1056 D ActivityManagerTiming: OnBootPhase_1000_com.android.server.BatteryService took to complete: 0ms
09-07 14:25:23.272  1033  1056 I ActivityManagerTiming: OnBootPhase_1000_com.android.server.usage.UsageStatsService
09-07 14:25:23.273  1033  1056 D ActivityManagerTiming: OnBootPhase_1000_com.android.server.usage.UsageStatsService took to complete: 1ms
09-07 14:25:23.273  1033  1056 I ActivityManagerTiming: OnBootPhase_1000_com.android.server.webkit.WebViewUpdateService
09-07 14:25:23.273  1033  1056 D ActivityManagerTiming: OnBootPhase_1000_com.android.server.webkit.WebViewUpdateService took to complete: 0ms
09-07 14:25:23.273  1033  1056 I ActivityManagerTiming: OnBootPhase_1000_com.android.server.CachedDeviceStateService
09-07 14:25:23.273  1033  1056 D ActivityManagerTiming: OnBootPhase_1000_com.android.server.CachedDeviceStateService took to complete: 0ms
09-07 14:25:23.273  1033  1056 I ActivityManagerTiming: OnBootPhase_1000_com.android.server.BinderCallsStatsService$LifeCycle
09-07 14:25:23.273  1033  1056 D ActivityManagerTiming: OnBootPhase_1000_com.android.server.BinderCallsStatsService$LifeCycle took to complete: 0ms
09-07 14:25:23.273  1033  1056 I ActivityManagerTiming: OnBootPhase_1000_com.android.server.LooperStatsService$Lifecycle
09-07 14:25:23.273  1033  1056 D ActivityManagerTiming: OnBootPhase_1000_com.android.server.LooperStatsService$Lifecycle took to complete: 0ms
09-07 14:25:23.273  1033  1056 I ActivityManagerTiming: OnBootPhase_1000_com.android.server.rollback.RollbackManagerService
09-07 14:25:23.273  1033  1056 D ActivityManagerTiming: OnBootPhase_1000_com.android.server.rollback.RollbackManagerService took to complete: 0ms
09-07 14:25:23.273  1033  1056 I ActivityManagerTiming: OnBootPhase_1000_com.android.server.os.BugreportManagerService
09-07 14:25:23.273  1033  1056 D ActivityManagerTiming: OnBootPhase_1000_com.android.server.os.BugreportManagerService took to complete: 0ms
09-07 14:25:23.273  1033  1056 I ActivityManagerTiming: OnBootPhase_1000_com.android.server.gpu.GpuService
09-07 14:25:23.273  1033  1056 D ActivityManagerTiming: OnBootPhase_1000_com.android.server.gpu.GpuService took to complete: 0ms
09-07 14:25:23.273  1033  1056 I ActivityManagerTiming: OnBootPhase_1000_com.android.server.security.KeyChainSystemService
09-07 14:25:23.274  1033  1056 D ActivityManagerTiming: OnBootPhase_1000_com.android.server.security.KeyChainSystemService took to complete: 0ms
09-07 14:25:23.274  1033  1056 I ActivityManagerTiming: OnBootPhase_1000_com.android.server.telecom.TelecomLoaderService
09-07 14:25:23.274  1033  1170 D RollbackManager: mRollbackLifetimeDurationInMillis=1209600000
09-07 14:25:23.274  1033  1056 D ActivityManagerTiming: OnBootPhase_1000_com.android.server.telecom.TelecomLoaderService took to complete: 0ms
09-07 14:25:23.274  1033  1056 I ActivityManagerTiming: OnBootPhase_1000_com.android.server.accounts.AccountManagerService$Lifecycle
09-07 14:25:23.274  1033  1056 D ActivityManagerTiming: OnBootPhase_1000_com.android.server.accounts.AccountManagerService$Lifecycle took to complete: 0ms
09-07 14:25:23.274  1033  1056 I ActivityManagerTiming: OnBootPhase_1000_com.android.server.content.ContentService$Lifecycle
09-07 14:25:23.274  1033  1056 D ActivityManagerTiming: OnBootPhase_1000_com.android.server.content.ContentService$Lifecycle took to complete: 0ms
09-07 14:25:23.274  1033  1056 I ActivityManagerTiming: OnBootPhase_1000_com.android.server.DropBoxManagerService
09-07 14:25:23.274  1033  1056 D ActivityManagerTiming: OnBootPhase_1000_com.android.server.DropBoxManagerService took to complete: 0ms
09-07 14:25:23.274  1033  1056 I ActivityManagerTiming: OnBootPhase_1000_com.android.server.AlarmManagerService
09-07 14:25:23.274  1033  1056 D ActivityManagerTiming: OnBootPhase_1000_com.android.server.AlarmManagerService took to complete: 0ms
09-07 14:25:23.274  1033  1056 I ActivityManagerTiming: OnBootPhase_1000_com.android.server.BluetoothService
09-07 14:25:23.274  1033  1056 D ActivityManagerTiming: OnBootPhase_1000_com.android.server.BluetoothService took to complete: 0ms
09-07 14:25:23.274  1033  1056 I ActivityManagerTiming: OnBootPhase_1000_com.android.server.connectivity.IpConnectivityMetrics
09-07 14:25:23.274  1033  1056 D ActivityManagerTiming: OnBootPhase_1000_com.android.server.connectivity.IpConnectivityMetrics took to complete: 0ms
09-07 14:25:23.274  1033  1056 I ActivityManagerTiming: OnBootPhase_1000_com.android.server.net.watchlist.NetworkWatchlistService$Lifecycle
09-07 14:25:23.274  1033  1056 D ActivityManagerTiming: OnBootPhase_1000_com.android.server.net.watchlist.NetworkWatchlistService$Lifecycle took to complete: 0ms
09-07 14:25:23.274  1033  1056 I ActivityManagerTiming: OnBootPhase_1000_com.android.server.PinnerService
09-07 14:25:23.274  1033  1056 D ActivityManagerTiming: OnBootPhase_1000_com.android.server.PinnerService took to complete: 0ms
09-07 14:25:23.274  1033  1056 I ActivityManagerTiming: OnBootPhase_1000_com.google.android.startop.iorap.IorapForwardingService
09-07 14:25:23.274  1033  1056 D ActivityManagerTiming: OnBootPhase_1000_com.google.android.startop.iorap.IorapForwardingService took to complete: 0ms
09-07 14:25:23.274  1033  1056 I ActivityManagerTiming: OnBootPhase_1000_com.android.server.integrity.AppIntegrityManagerService
09-07 14:25:23.274  1033  1056 D ActivityManagerTiming: OnBootPhase_1000_com.android.server.integrity.AppIntegrityManagerService took to complete: 0ms
09-07 14:25:23.274  1033  1056 I ActivityManagerTiming: OnBootPhase_1000_com.android.server.inputmethod.InputMethodManagerService$Lifecycle
09-07 14:25:23.274  1033  1056 D ActivityManagerTiming: OnBootPhase_1000_com.android.server.inputmethod.InputMethodManagerService$Lifecycle took to complete: 0ms
09-07 14:25:23.274  1033  1056 I ActivityManagerTiming: OnBootPhase_1000_com.android.server.accessibility.AccessibilityManagerService$Lifecycle
09-07 14:25:23.274  1033  1056 D ActivityManagerTiming: OnBootPhase_1000_com.android.server.accessibility.AccessibilityManagerService$Lifecycle took to complete: 0ms
09-07 14:25:23.274  1033  1056 I ActivityManagerTiming: OnBootPhase_1000_com.android.server.StorageManagerService$Lifecycle
09-07 14:25:23.274  1033  1187 D StorageManagerService: Thinking about init, mBootCompleted=true, mDaemonConnected=true
09-07 14:25:23.274  1033  1056 D StorageManagerService: FUSE flags. Settings: true. Default: true
09-07 14:25:23.274  1033  1187 D StorageManagerService: Thinking about reset, mBootCompleted=true, mDaemonConnected=true
09-07 14:25:23.274  1033  1187 I StorageSessionController: Started resetting external storage service...
09-07 14:25:23.274  1033  1187 I StorageSessionController: Unmounting emulated;0
09-07 14:25:23.275   398   439 I vold    : Killing all processes referencing /storage/emulated/0
09-07 14:25:23.275  1033  1056 D ActivityManagerTiming: OnBootPhase_1000_com.android.server.StorageManagerService$Lifecycle took to complete: 0ms
09-07 14:25:23.275  1033  1056 I ActivityManagerTiming: OnBootPhase_1000_com.android.server.usage.StorageStatsService$Lifecycle
09-07 14:25:23.275  1033  1056 D ActivityManagerTiming: OnBootPhase_1000_com.android.server.usage.StorageStatsService$Lifecycle took to complete: 0ms
09-07 14:25:23.275  1033  1056 I ActivityManagerTiming: OnBootPhase_1000_com.android.server.UiModeManagerService
09-07 14:25:23.275  1033  1056 D ActivityManagerTiming: OnBootPhase_1000_com.android.server.UiModeManagerService took to complete: 0ms
09-07 14:25:23.275  1033  1056 I ActivityManagerTiming: OnBootPhase_1000_com.android.server.locksettings.LockSettingsService$Lifecycle
09-07 14:25:23.275  1033  1056 D ActivityManagerTiming: OnBootPhase_1000_com.android.server.locksettings.LockSettingsService$Lifecycle took to complete: 0ms
09-07 14:25:23.275  1033  1056 I ActivityManagerTiming: OnBootPhase_1000_com.android.server.PersistentDataBlockService
09-07 14:25:23.275  1033  1056 D ActivityManagerTiming: OnBootPhase_1000_com.android.server.PersistentDataBlockService took to complete: 0ms
09-07 14:25:23.275  1033  1056 I ActivityManagerTiming: OnBootPhase_1000_com.android.server.testharness.TestHarnessModeService
09-07 14:25:23.275  1033  1056 D TestHarnessModeService: Completing Test Harness Mode setup.
09-07 14:25:23.280  1033  1063 D AppStandbyController: Loading headless system app cache. appIdleEnabled=false
09-07 14:25:23.310  1033  1056 D ActivityManagerTiming: OnBootPhase_1000_com.android.server.testharness.TestHarnessModeService took to complete: 35ms
09-07 14:25:23.310  1033  1056 I ActivityManagerTiming: OnBootPhase_1000_com.android.server.oemlock.OemLockService
09-07 14:25:23.310  1033  1056 D ActivityManagerTiming: OnBootPhase_1000_com.android.server.oemlock.OemLockService took to complete: 0ms
09-07 14:25:23.310  1033  1056 I ActivityManagerTiming: OnBootPhase_1000_com.android.server.DeviceIdleController
09-07 14:25:23.310  1033  1056 D ActivityManagerTiming: OnBootPhase_1000_com.android.server.DeviceIdleController took to complete: 0ms
09-07 14:25:23.310  1033  1056 I ActivityManagerTiming: OnBootPhase_1000_com.android.server.devicepolicy.DevicePolicyManagerService$Lifecycle
09-07 14:25:23.311  1033  1056 D ActivityManagerTiming: OnBootPhase_1000_com.android.server.devicepolicy.DevicePolicyManagerService$Lifecycle took to complete: 0ms
09-07 14:25:23.311  1033  1056 I ActivityManagerTiming: OnBootPhase_1000_com.android.server.textservices.TextServicesManagerService$Lifecycle
09-07 14:25:23.311  1033  1056 D ActivityManagerTiming: OnBootPhase_1000_com.android.server.textservices.TextServicesManagerService$Lifecycle took to complete: 0ms
09-07 14:25:23.311  1033  1056 I ActivityManagerTiming: OnBootPhase_1000_com.android.server.NetworkScoreService$Lifecycle
09-07 14:25:23.311  1033  1056 D ActivityManagerTiming: OnBootPhase_1000_com.android.server.NetworkScoreService$Lifecycle took to complete: 0ms
09-07 14:25:23.311  1033  1056 I ActivityManagerTiming: OnBootPhase_1000_com.android.server.wifi.WifiService
09-07 14:25:23.311  1033  1056 D ActivityManagerTiming: OnBootPhase_1000_com.android.server.wifi.WifiService took to complete: 0ms
09-07 14:25:23.311  1033  1056 I ActivityManagerTiming: OnBootPhase_1000_com.android.server.wifi.scanner.WifiScanningService
09-07 14:25:23.311  1033  1056 D ActivityManagerTiming: OnBootPhase_1000_com.android.server.wifi.scanner.WifiScanningService took to complete: 0ms
09-07 14:25:23.311  1033  1056 I ActivityManagerTiming: OnBootPhase_1000_com.android.server.ethernet.EthernetService
09-07 14:25:23.311  1033  1056 D ActivityManagerTiming: OnBootPhase_1000_com.android.server.ethernet.EthernetService took to complete: 0ms
09-07 14:25:23.311  1033  1056 I ActivityManagerTiming: OnBootPhase_1000_com.android.server.notification.NotificationManagerService
09-07 14:25:23.311  1033  1056 D ActivityManagerTiming: OnBootPhase_1000_com.android.server.notification.NotificationManagerService took to complete: 0ms
09-07 14:25:23.311  1033  1056 I ActivityManagerTiming: OnBootPhase_1000_com.android.server.storage.DeviceStorageMonitorService
09-07 14:25:23.311  1033  1056 D ActivityManagerTiming: OnBootPhase_1000_com.android.server.storage.DeviceStorageMonitorService took to complete: 0ms
09-07 14:25:23.311  1033  1056 I ActivityManagerTiming: OnBootPhase_1000_com.android.server.location.LocationManagerService$Lifecycle
09-07 14:25:23.311  1033  1056 D ActivityManagerTiming: OnBootPhase_1000_com.android.server.location.LocationManagerService$Lifecycle took to complete: 0ms
09-07 14:25:23.311  1033  1056 I ActivityManagerTiming: OnBootPhase_1000_com.android.server.timedetector.TimeDetectorService$Lifecycle
09-07 14:25:23.311  1033  1056 D ActivityManagerTiming: OnBootPhase_1000_com.android.server.timedetector.TimeDetectorService$Lifecycle took to complete: 0ms
09-07 14:25:23.311  1033  1056 I ActivityManagerTiming: OnBootPhase_1000_com.android.server.timezonedetector.TimeZoneDetectorService$Lifecycle
09-07 14:25:23.311  1033  1056 D ActivityManagerTiming: OnBootPhase_1000_com.android.server.timezonedetector.TimeZoneDetectorService$Lifecycle took to complete: 0ms
09-07 14:25:23.311  1033  1056 I ActivityManagerTiming: OnBootPhase_1000_com.android.server.search.SearchManagerService$Lifecycle
09-07 14:25:23.311  1033  1056 D ActivityManagerTiming: OnBootPhase_1000_com.android.server.search.SearchManagerService$Lifecycle took to complete: 0ms
09-07 14:25:23.311  1033  1056 I ActivityManagerTiming: OnBootPhase_1000_com.android.server.audio.AudioService$Lifecycle
09-07 14:25:23.311  1033  1056 D ActivityManagerTiming: OnBootPhase_1000_com.android.server.audio.AudioService$Lifecycle took to complete: 0ms
09-07 14:25:23.311  1033  1056 I ActivityManagerTiming: OnBootPhase_1000_com.android.server.soundtrigger_middleware.SoundTriggerMiddlewareService$Lifecycle
09-07 14:25:23.312  1033  1056 D ActivityManagerTiming: OnBootPhase_1000_com.android.server.soundtrigger_middleware.SoundTriggerMiddlewareService$Lifecycle took to complete: 0ms
09-07 14:25:23.312  1033  1056 I ActivityManagerTiming: OnBootPhase_1000_com.android.server.broadcastradio.BroadcastRadioService
09-07 14:25:23.312  1033  1056 D ActivityManagerTiming: OnBootPhase_1000_com.android.server.broadcastradio.BroadcastRadioService took to complete: 0ms
09-07 14:25:23.312  1033  1056 I ActivityManagerTiming: OnBootPhase_1000_com.android.server.DockObserver
09-07 14:25:23.312  1033  1056 D ActivityManagerTiming: OnBootPhase_1000_com.android.server.DockObserver took to complete: 0ms
09-07 14:25:23.312  1033  1056 I ActivityManagerTiming: OnBootPhase_1000_com.android.server.midi.MidiService$Lifecycle
09-07 14:25:23.312  1033  1056 D ActivityManagerTiming: OnBootPhase_1000_com.android.server.midi.MidiService$Lifecycle took to complete: 0ms
09-07 14:25:23.312  1033  1056 I ActivityManagerTiming: OnBootPhase_1000_com.android.server.adb.AdbService$Lifecycle
09-07 14:25:23.312  1033  1056 D ActivityManagerTiming: OnBootPhase_1000_com.android.server.adb.AdbService$Lifecycle took to complete: 0ms
09-07 14:25:23.312  1033  1056 I ActivityManagerTiming: OnBootPhase_1000_com.android.server.usb.UsbService$Lifecycle
09-07 14:25:23.312  1033  1056 D ActivityManagerTiming: OnBootPhase_1000_com.android.server.usb.UsbService$Lifecycle took to complete: 0ms
09-07 14:25:23.312  1033  1056 I ActivityManagerTiming: OnBootPhase_1000_com.android.server.twilight.TwilightService
09-07 14:25:23.313  1033  1056 D ActivityManagerTiming: OnBootPhase_1000_com.android.server.twilight.TwilightService took to complete: 1ms
09-07 14:25:23.313  1033  1056 I ActivityManagerTiming: OnBootPhase_1000_com.android.server.display.color.ColorDisplayService
09-07 14:25:23.313  1033  1056 D ActivityManagerTiming: OnBootPhase_1000_com.android.server.display.color.ColorDisplayService took to complete: 0ms
09-07 14:25:23.313  1033  1056 I ActivityManagerTiming: OnBootPhase_1000_com.android.server.job.JobSchedulerService
09-07 14:25:23.313  1033  1056 D ActivityManagerTiming: OnBootPhase_1000_com.android.server.job.JobSchedulerService took to complete: 0ms
09-07 14:25:23.313  1033  1056 I ActivityManagerTiming: OnBootPhase_1000_com.android.server.soundtrigger.SoundTriggerService
09-07 14:25:23.313  1033  1056 D SoundTriggerService: onBootPhase: 1000 : false
09-07 14:25:23.313  1033  1056 D ActivityManagerTiming: OnBootPhase_1000_com.android.server.soundtrigger.SoundTriggerService took to complete: 0ms
09-07 14:25:23.314  1033  1056 I ActivityManagerTiming: OnBootPhase_1000_com.android.server.trust.TrustManagerService
09-07 14:25:23.314  1033  1056 D ActivityManagerTiming: OnBootPhase_1000_com.android.server.trust.TrustManagerService took to complete: 1ms
09-07 14:25:23.314  1033  1056 I ActivityManagerTiming: OnBootPhase_1000_com.android.server.backup.BackupManagerService$Lifecycle
09-07 14:25:23.314  1033  1056 D ActivityManagerTiming: OnBootPhase_1000_com.android.server.backup.BackupManagerService$Lifecycle took to complete: 0ms
09-07 14:25:23.314  1033  1056 I ActivityManagerTiming: OnBootPhase_1000_com.android.server.appwidget.AppWidgetService
09-07 14:25:23.314  1033  1056 D ActivityManagerTiming: OnBootPhase_1000_com.android.server.appwidget.AppWidgetService took to complete: 0ms
09-07 14:25:23.314  1033  1056 I ActivityManagerTiming: OnBootPhase_1000_com.android.server.role.RoleManagerService
09-07 14:25:23.314  1033  1056 D ActivityManagerTiming: OnBootPhase_1000_com.android.server.role.RoleManagerService took to complete: 0ms
09-07 14:25:23.314  1033  1056 I ActivityManagerTiming: OnBootPhase_1000_com.android.server.voiceinteraction.VoiceInteractionManagerService
09-07 14:25:23.314  1033  1056 D ActivityManagerTiming: OnBootPhase_1000_com.android.server.voiceinteraction.VoiceInteractionManagerService took to complete: 0ms
09-07 14:25:23.314  1033  1056 I ActivityManagerTiming: OnBootPhase_1000_com.android.server.GestureLauncherService
09-07 14:25:23.314  1033  1056 D ActivityManagerTiming: OnBootPhase_1000_com.android.server.GestureLauncherService took to complete: 0ms
09-07 14:25:23.314  1033  1056 I ActivityManagerTiming: OnBootPhase_1000_com.android.server.SensorNotificationService
09-07 14:25:23.321  1033  1056 D ActivityManagerTiming: OnBootPhase_1000_com.android.server.SensorNotificationService took to complete: 7ms
09-07 14:25:23.321  1033  1056 I ActivityManagerTiming: OnBootPhase_1000_com.android.server.emergency.EmergencyAffordanceService
09-07 14:25:23.321  1033  1056 D ActivityManagerTiming: OnBootPhase_1000_com.android.server.emergency.EmergencyAffordanceService took to complete: 0ms
09-07 14:25:23.321  1033  1056 I ActivityManagerTiming: OnBootPhase_1000_com.android.server.dreams.DreamManagerService
09-07 14:25:23.321  1033  1056 D ActivityManagerTiming: OnBootPhase_1000_com.android.server.dreams.DreamManagerService took to complete: 0ms
09-07 14:25:23.321  1033  1056 I ActivityManagerTiming: OnBootPhase_1000_com.android.server.blob.BlobStoreManagerService
09-07 14:25:23.323  1033  1223 D CompatibilityChangeReporter: Compat change id reported: 135634846; UID 1010074; state: DISABLED
09-07 14:25:23.325  1033  1223 D CompatibilityChangeReporter: Compat change id reported: 135754954; UID 1010074; state: ENABLED
09-07 14:25:23.325  1033  1067 D CompatibilityChangeReporter: Compat change id reported: 143937733; UID 1010074; state: ENABLED
09-07 14:25:23.327  1033  1056 D ActivityManagerTiming: OnBootPhase_1000_com.android.server.blob.BlobStoreManagerService took to complete: 6ms
09-07 14:25:23.327  1033  1056 I ActivityManagerTiming: OnBootPhase_1000_com.android.server.print.PrintManagerService
09-07 14:25:23.327  1033  1056 D ActivityManagerTiming: OnBootPhase_1000_com.android.server.print.PrintManagerService took to complete: 0ms
09-07 14:25:23.327  1033  1056 I ActivityManagerTiming: OnBootPhase_1000_com.android.server.companion.CompanionDeviceManagerService
09-07 14:25:23.327  1033  1056 D ActivityManagerTiming: OnBootPhase_1000_com.android.server.companion.CompanionDeviceManagerService took to complete: 0ms
09-07 14:25:23.327  1033  1056 I ActivityManagerTiming: OnBootPhase_1000_com.android.server.restrictions.RestrictionsManagerService
09-07 14:25:23.327  1033  1056 D ActivityManagerTiming: OnBootPhase_1000_com.android.server.restrictions.RestrictionsManagerService took to complete: 0ms
09-07 14:25:23.327  1033  1056 I ActivityManagerTiming: OnBootPhase_1000_com.android.server.media.MediaSessionService
09-07 14:25:23.327  1033  1056 D ActivityManagerTiming: OnBootPhase_1000_com.android.server.media.MediaSessionService took to complete: 0ms
09-07 14:25:23.327  1033  1056 I ActivityManagerTiming: OnBootPhase_1000_com.android.server.media.MediaResourceMonitorService
09-07 14:25:23.327  1033  1056 D ActivityManagerTiming: OnBootPhase_1000_com.android.server.media.MediaResourceMonitorService took to complete: 0ms
09-07 14:25:23.327  1033  1056 I ActivityManagerTiming: OnBootPhase_1000_com.android.server.biometrics.BiometricService
09-07 14:25:23.327  1033  1056 D ActivityManagerTiming: OnBootPhase_1000_com.android.server.biometrics.BiometricService took to complete: 0ms
09-07 14:25:23.327  1033  1056 I ActivityManagerTiming: OnBootPhase_1000_com.android.server.biometrics.AuthService
09-07 14:25:23.327  1033  1056 D ActivityManagerTiming: OnBootPhase_1000_com.android.server.biometrics.AuthService took to complete: 0ms
09-07 14:25:23.327  1033  1056 I ActivityManagerTiming: OnBootPhase_1000_com.android.server.pm.ShortcutService$Lifecycle
09-07 14:25:23.327  1033  1056 D ActivityManagerTiming: OnBootPhase_1000_com.android.server.pm.ShortcutService$Lifecycle took to complete: 0ms
09-07 14:25:23.327  1033  1056 I ActivityManagerTiming: OnBootPhase_1000_com.android.server.pm.LauncherAppsService
09-07 14:25:23.327  1033  1056 D ActivityManagerTiming: OnBootPhase_1000_com.android.server.pm.LauncherAppsService took to complete: 0ms
09-07 14:25:23.327  1033  1056 I ActivityManagerTiming: OnBootPhase_1000_com.android.server.pm.CrossProfileAppsService
09-07 14:25:23.328  1033  1056 D ActivityManagerTiming: OnBootPhase_1000_com.android.server.pm.CrossProfileAppsService took to complete: 0ms
09-07 14:25:23.328  1033  1056 I ActivityManagerTiming: OnBootPhase_1000_com.android.server.people.PeopleService
09-07 14:25:23.328  1033  1056 D ActivityManagerTiming: OnBootPhase_1000_com.android.server.people.PeopleService took to complete: 0ms
09-07 14:25:23.328  1033  1056 I ActivityManagerTiming: OnBootPhase_1000_com.android.server.media.projection.MediaProjectionManagerService
09-07 14:25:23.328  1033  1056 D ActivityManagerTiming: OnBootPhase_1000_com.android.server.media.projection.MediaProjectionManagerService took to complete: 0ms
09-07 14:25:23.328  1033  1056 I ActivityManagerTiming: OnBootPhase_1000_com.android.server.slice.SliceManagerService$Lifecycle
09-07 14:25:23.328  1033  1056 D ActivityManagerTiming: OnBootPhase_1000_com.android.server.slice.SliceManagerService$Lifecycle took to complete: 0ms
09-07 14:25:23.328  1033  1056 I ActivityManagerTiming: OnBootPhase_1000_com.android.server.stats.StatsCompanion$Lifecycle
09-07 14:25:23.328  1033  1056 D ActivityManagerTiming: OnBootPhase_1000_com.android.server.stats.StatsCompanion$Lifecycle took to complete: 0ms
09-07 14:25:23.328  1033  1056 I ActivityManagerTiming: OnBootPhase_1000_com.android.server.stats.pull.StatsPullAtomService
09-07 14:25:23.328  1033  1056 D ActivityManagerTiming: OnBootPhase_1000_com.android.server.stats.pull.StatsPullAtomService took to complete: 0ms
09-07 14:25:23.328  1033  1056 I ActivityManagerTiming: OnBootPhase_1000_com.android.server.incident.IncidentCompanionService
09-07 14:25:23.328  1033  1056 D ActivityManagerTiming: OnBootPhase_1000_com.android.server.incident.IncidentCompanionService took to complete: 0ms
09-07 14:25:23.328  1033  1056 I ActivityManagerTiming: OnBootPhase_1000_com.android.server.MmsServiceBroker
09-07 14:25:23.328  1033  1056 D ActivityManagerTiming: OnBootPhase_1000_com.android.server.MmsServiceBroker took to complete: 0ms
09-07 14:25:23.328  1033  1056 I ActivityManagerTiming: OnBootPhase_1000_com.android.server.autofill.AutofillManagerService
09-07 14:25:23.328  1033  1056 D ActivityManagerTiming: OnBootPhase_1000_com.android.server.autofill.AutofillManagerService took to complete: 0ms
09-07 14:25:23.328  1033  1056 I ActivityManagerTiming: OnBootPhase_1000_com.android.server.clipboard.ClipboardService
09-07 14:25:23.328  1033  1056 D ActivityManagerTiming: OnBootPhase_1000_com.android.server.clipboard.ClipboardService took to complete: 0ms
09-07 14:25:23.328  1033  1056 I ActivityManagerTiming: OnBootPhase_1000_com.android.server.appbinding.AppBindingService$Lifecycle
09-07 14:25:23.328  1033  1056 D ActivityManagerTiming: OnBootPhase_1000_com.android.server.appbinding.AppBindingService$Lifecycle took to complete: 0ms
09-07 14:25:23.328  1033  1056 I ActivityManagerTiming: OnBootPhase_1000_com.android.server.policy.PermissionPolicyService
09-07 14:25:23.328  1033  1056 D ActivityManagerTiming: OnBootPhase_1000_com.android.server.policy.PermissionPolicyService took to complete: 0ms
09-07 14:25:23.328  1033  1056 I ActivityManagerTiming: OnBootPhase_1000_com.android.server.pm.StagingManager$Lifecycle
09-07 14:25:23.328  1033  1056 D ActivityManagerTiming: OnBootPhase_1000_com.android.server.pm.StagingManager$Lifecycle took to complete: 0ms
09-07 14:25:23.328  1033  1056 I ActivityManagerTiming: OnBootPhase_1000_com.android.internal.car.CarServiceHelperService
09-07 14:25:23.328  1033  1056 D CarServiceHelper: onBootPhase:1000
09-07 14:25:23.328  1033  1056 I CarServiceHelper: onBootPhase.completed
09-07 14:25:23.328  1033  1056 D CarServiceHelper: managePreCreatedUsers(): OEM asked for 0 guests and 0 users
09-07 14:25:23.328  1033  1056 D CarServiceHelper: preCreateUsers: total users size is 2
09-07 14:25:23.328  1033  1056 D CarServiceHelper: managePreCreatedUsers(): system already has 0 pre-created guests,0 pre-created users, and these invalid users: {} extra pre-created users: []
09-07 14:25:23.329  1033  1056 D CarServiceHelper: managePreCreatedUsers(): everything in sync
09-07 14:25:23.333  1033  1252 D CompatibilityChangeReporter: Compat change id reported: 135634846; UID 1010099; state: DISABLED
09-07 14:25:23.333  1033  1056 D CarServiceHelper: onBootPhase.completed took to complete: 5ms
09-07 14:25:23.333  1033  1056 D ActivityManagerTiming: OnBootPhase_1000_com.android.internal.car.CarServiceHelperService took to complete: 5ms
09-07 14:25:23.333  1033  1056 D ActivityManagerTiming: OnBootPhase_1000 took to complete: 62ms
09-07 14:25:23.333  1033  1056 D ActivityManagerTiming: TotalBootTime took to complete: 10301ms
09-07 14:25:23.334  1033  1056 D SystemServerInitThreadPool: Shutdown requested
09-07 14:25:23.334  1033  1056 I SystemServerTiming: WaitInitThreadPoolShutdown
09-07 14:25:23.334  1033  1252 D CompatibilityChangeReporter: Compat change id reported: 135754954; UID 1010099; state: DISABLED
09-07 14:25:23.337  1033  1056 D SystemServerInitThreadPool: Shutdown successful
09-07 14:25:23.337  1033  1056 D SystemServerTiming: WaitInitThreadPoolShutdown took to complete: 3ms
09-07 14:25:23.341  1033  1056 D ActivityManager: sendBootCompleted(): skipping on non-current system user
09-07 14:25:23.342  1033  1056 W ActivityManager: Expected user 10 in state BOOTING but was in state RUNNING_UNLOCKED
09-07 14:25:23.342  1033  1056 W ActivityManager: UserLifecycleEvent 5 received without an active userJourneySession.
09-07 14:25:23.342  1033  1056 E UserspaceRebootLogger: Userspace reboot is not supported.
09-07 14:25:23.349  1033  1625 D CompatibilityChangeReporter: Compat change id reported: 135634846; UID 10122; state: DISABLED
09-07 14:25:23.350  1033  1625 D CompatibilityChangeReporter: Compat change id reported: 135754954; UID 10122; state: ENABLED
09-07 14:25:23.353  1033  1056 D ActivityManagerTiming: FinishBooting took to complete: 85ms
09-07 14:25:23.355  1033  1209 D ConnectivityService: Got NetworkProvider Messenger for WifiNetworkFactory
09-07 14:25:23.355  1033  1209 D ConnectivityService: Got NetworkProvider Messenger for UntrustedWifiNetworkFactory
09-07 14:25:23.357  1033  1055 I DropBoxManagerService: add tag=system_server_strictmode isTagEnabled=true flags=0x2
09-07 14:25:23.359  1033  1056 D ColorDisplayService: setUp: currentUser=10
09-07 14:25:23.361  1033  1056 D ColorDisplayService: onNightDisplayAutoModeChanged: autoMode=0
09-07 14:25:23.362  1033  1056 I ColorDisplayService: Turning off night display
09-07 14:25:23.364  1033  1067 I ActivityManager: Start proc 3379:android.process.media/u10a74 for broadcast {com.android.mtp/com.android.mtp.MtpReceiver}
09-07 14:25:23.365  1033  1067 D CompatibilityChangeReporter: Compat change id reported: 143937733; UID 1010099; state: DISABLED
09-07 14:25:23.368  1033  1055 I DropBoxManagerService: add tag=system_server_strictmode isTagEnabled=true flags=0x2
09-07 14:25:23.373  1033  1055 I chatty  : uid=1000(system) android.io identical 1 line
09-07 14:25:23.377  1033  1055 I DropBoxManagerService: add tag=system_server_strictmode isTagEnabled=true flags=0x2
09-07 14:25:23.391  1033  1067 W ActivityManager: Slow operation: 58ms so far, now at startProcess: returned from zygote!
09-07 14:25:23.391  1033  1067 W ActivityManager: Slow operation: 58ms so far, now at startProcess: done updating battery stats
09-07 14:25:23.391  1033  1067 W ActivityManager: Slow operation: 58ms so far, now at startProcess: building log message
09-07 14:25:23.391  1033  1067 I ActivityManager: Start proc 3394:com.android.inputmethod.latin/u10a99 for service {com.android.inputmethod.latin/com.android.inputmethod.latin.CarLatinIME}
09-07 14:25:23.391  1033  1067 W ActivityManager: Slow operation: 58ms so far, now at startProcess: starting to update pids map
09-07 14:25:23.392  1033  1067 W ActivityManager: Slow operation: 59ms so far, now at startProcess: done updating pids map
09-07 14:25:23.392  1033  1067 D CompatibilityChangeReporter: Compat change id reported: 143937733; UID 10122; state: ENABLED
09-07 14:25:23.413  1033  1067 W ActivityManager: Slow operation: 65ms so far, now at startProcess: returned from zygote!
09-07 14:25:23.414  1033  1067 W ActivityManager: Slow operation: 65ms so far, now at startProcess: done updating battery stats
09-07 14:25:23.414  1033  1067 W ActivityManager: Slow operation: 66ms so far, now at startProcess: building log message
09-07 14:25:23.414  1033  1067 I ActivityManager: Start proc 3409:com.android.onetimeinitializer/u0a122 for broadcast {com.android.onetimeinitializer/com.android.onetimeinitializer.OneTimeInitializerReceiver}
09-07 14:25:23.414  1033  1067 W ActivityManager: Slow operation: 66ms so far, now at startProcess: starting to update pids map
09-07 14:25:23.415  1033  1067 W ActivityManager: Slow operation: 67ms so far, now at startProcess: done updating pids map
09-07 14:25:23.495  1033  1625 D CompatibilityChangeReporter: Compat change id reported: 135634846; UID 10079; state: DISABLED
09-07 14:25:23.495  1033  1625 D CompatibilityChangeReporter: Compat change id reported: 135754954; UID 10079; state: ENABLED
09-07 14:25:23.496  1033  1067 D CompatibilityChangeReporter: Compat change id reported: 143937733; UID 10079; state: ENABLED
09-07 14:25:23.520  1033  1067 I ActivityManager: Start proc 3456:com.android.packageinstaller/u0a79 for broadcast {com.android.packageinstaller/com.android.packageinstaller.TemporaryFileManager}
09-07 14:25:23.555  1033  1033 W NotificationHistory: Attempted to add notif for locked/gone/disabled user 0
09-07 14:25:23.599  1033  1223 W ActivityTaskManager: Current config: {1.0 ?mcc?mnc [en_US] ldltr sw720dp w1920dp h644dp 160dpi xlrg long land car night finger -keyb/v/h -nav/h winConfig={ mBounds=Rect(0, 0 - 1920, 720) mAppBounds=Rect(96, 0 - 2016, 720) mWindowingMode=fullscreen mDisplayWindowingMode=fullscreen mActivityType=undefined mAlwaysOnTop=undefined mRotation=ROTATION_0} s.8} unchanged for IME proc com.android.inputmethod.latin
09-07 14:25:23.600  1033  1223 W ActivityTaskManager: Current config: {1.0 ?mcc?mnc [en_US] ldltr sw720dp w1920dp h644dp 160dpi xlrg long land car night finger -keyb/v/h -nav/h winConfig={ mBounds=Rect(0, 0 - 1920, 720) mAppBounds=Rect(96, 0 - 2016, 720) mWindowingMode=fullscreen mDisplayWindowingMode=fullscreen mActivityType=undefined mAlwaysOnTop=undefined mRotation=ROTATION_0} s.8} unchanged for IME proc com.android.inputmethod.latin
09-07 14:25:23.662  1033  1431 D CompatibilityChangeReporter: Compat change id reported: 135634846; UID 10149; state: DISABLED
09-07 14:25:23.662  1033  1431 D CompatibilityChangeReporter: Compat change id reported: 135754954; UID 10149; state: DISABLED
09-07 14:25:23.662  1033  1067 D CompatibilityChangeReporter: Compat change id reported: 143937733; UID 10149; state: DISABLED
09-07 14:25:23.683  1033  1067 I ActivityManager: Start proc 3484:com.android.permissioncontroller/u0a149 for broadcast {com.android.permissioncontroller/com.android.permissioncontroller.permission.service.LocationAccessCheck$SetupPeriodicBackgroundLocationAccessCheck}
09-07 14:25:23.838  3508  3508 F libc    : Fatal signal 11 (SIGSEGV), code 1 (SEGV_MAPERR), fault addr 0x0 in tid 3508 (vendor.harman.L), pid 3508 (vendor.harman.L)
09-07 14:25:23.882  3518  3518 F DEBUG   : *** *** *** *** *** *** *** *** *** *** *** *** *** *** *** ***
09-07 14:25:23.882  3518  3518 F DEBUG   : Build fingerprint: 'qti/titan_tml_b2/titan_tml_b2:11/RQ3A.210605.005/eng.ksong.20210907.134230:userdebug/test-keys'
09-07 14:25:23.882  3518  3518 F DEBUG   : Revision: '0'
09-07 14:25:23.882  3518  3518 F DEBUG   : ABI: 'arm64'
09-07 14:25:23.883  3518  3518 F DEBUG   : Timestamp: 2021-09-07 14:25:23+0000
09-07 14:25:23.883  3518  3518 F DEBUG   : pid: 3508, tid: 3508, name: vendor.harman.L  >>> /vendor/bin/hw/vendor.harman.LogManager@1.0-service <<<
09-07 14:25:23.883  3518  3518 F DEBUG   : uid: 0
09-07 14:25:23.883  3518  3518 F DEBUG   : signal 11 (SIGSEGV), code 1 (SEGV_MAPERR), fault addr 0x0
09-07 14:25:23.883  3518  3518 F DEBUG   : Cause: null pointer dereference
09-07 14:25:23.883  3518  3518 F DEBUG   :     x0  0000000000000000  x1  0000000000000000  x2  0000000000080001  x3  0000000000000000
09-07 14:25:23.883  3518  3518 F DEBUG   :     x4  0000000000000000  x5  0000000000000090  x6  fefefefefefefeff  x7  7f7f7f7f7f7f7f7f
09-07 14:25:23.883  3518  3518 F DEBUG   :     x8  0101010101010101  x9  d856bd9ee9738702  x10 0000007ffa37cf88  x11 fffffffffffffffd
09-07 14:25:23.883  3518  3518 F DEBUG   :     x12 0000007ffa37d110  x13 000000000000008e  x14 0031d458fd02c400  x15 0000000034155555
09-07 14:25:23.883  3518  3518 F DEBUG   :     x16 0000005b2d9f37e0  x17 000000766c353b30  x18 000000766def4000  x19 0000000000000000
09-07 14:25:23.883  3518  3518 F DEBUG   :     x20 000000766c4b3c50  x21 0000007ffa37d829  x22 b40000756c27cf28  x23 0000007ffa37d848
09-07 14:25:23.883  3518  3518 F DEBUG   :     x24 0000000000000000  x25 000000766ceca000  x26 0000007ffa37d829  x27 0000007ffa37d7f9
09-07 14:25:23.883  3518  3518 F DEBUG   :     x28 0000000000000000  x29 0000007ffa37d730
09-07 14:25:23.883  3518  3518 F DEBUG   :     lr  0000005b2d9ea048  sp  0000007ffa37d730  pc  000000766c353b40  pst 0000000080000000
09-07 14:25:23.889  3518  3518 F DEBUG   : backtrace:
09-07 14:25:23.892  3518  3518 F DEBUG   :       #00 pc 000000000004ab40  /apex/com.android.runtime/lib64/bionic/libc.so (strlen_default+16) (BuildId: 2b7c6e33413ac7278a15dfc3ea383089)
09-07 14:25:23.893  3518  3518 F DEBUG   :       #01 pc 0000000000009044  /vendor/bin/hw/vendor.harman.LogManager@1.0-service (BuildId: 3e966ab64050b441b920ba0e8960d123)
09-07 14:25:23.893  3518  3518 F DEBUG   :       #02 pc 0000000000008df0  /vendor/bin/hw/vendor.harman.LogManager@1.0-service (LM::LogManagerImpl::load_plugin_conf(void*, std::__1::basic_string<char, std::__1::char_traits<char>, std::__1::allocator<char> >, std::__1::multimap<std::__1::basic_string<char, std::__1::char_traits<char>, std::__1::allocator<char> >, int, std::__1::less<std::__1::basic_string<char, std::__1::char_traits<char>, std::__1::allocator<char> > >, std::__1::allocator<std::__1::pair<std::__1::basic_string<char, std::__1::char_traits<char>, std::__1::allocator<char> > const, int> > >&)+752) (BuildId: 3e966ab64050b441b920ba0e8960d123)
09-07 14:25:23.893  3518  3518 F DEBUG   :       #03 pc 00000000000088c0  /vendor/bin/hw/vendor.harman.LogManager@1.0-service (LM::LogManagerImpl::loadplugins()+436) (BuildId: 3e966ab64050b441b920ba0e8960d123)
09-07 14:25:23.893  3518  3518 F DEBUG   :       #04 pc 0000000000007af8  /vendor/bin/hw/vendor.harman.LogManager@1.0-service (main+1112) (BuildId: 3e966ab64050b441b920ba0e8960d123)
09-07 14:25:23.896  3518  3518 F DEBUG   :       #05 pc 000000000004988c  /apex/com.android.runtime/lib64/bionic/libc.so (__libc_init+108) (BuildId: 2b7c6e33413ac7278a15dfc3ea383089)
09-07 14:25:23.951  2067  2067 W ContextImpl: Calling a method in the system process without a qualified user: android.app.ContextImpl.startService:1669 android.content.ContextWrapper.startService:720 android.content.ContextWrapper.startService:720 com.android.server.usbgeneric.BootCompleteReceiver.onReceive:17 android.app.ActivityThread.handleReceiver:4026 
09-07 14:25:23.955  1033  1625 D CompatibilityChangeReporter: Compat change id reported: 135634846; UID 2000; state: DISABLED
09-07 14:25:23.955  1033  1625 D CompatibilityChangeReporter: Compat change id reported: 135754954; UID 2000; state: ENABLED
09-07 14:25:23.969  1033  1209 D ConnectivityService: Got NetworkProvider Messenger for Usb
09-07 14:25:23.977  1033  1067 I ActivityManager: Start proc 3529:com.android.shell/2000 for broadcast {com.android.shell/com.android.shell.HeapDumpReceiver}
09-07 14:25:24.058  1033  1270 W NativeCrashListener: Couldn't find ProcessRecord for pid 3508
09-07 14:25:24.062  1033  1095 I BootReceiver: Copying /data/tombstones/tombstone_21 to DropBox (SYSTEM_TOMBSTONE)
09-07 14:25:24.064  1033  1095 I DropBoxManagerService: add tag=SYSTEM_TOMBSTONE isTagEnabled=true flags=0x2
09-07 14:25:24.065  1033  1625 D CompatibilityChangeReporter: Compat change id reported: 135634846; UID 10116; state: DISABLED
09-07 14:25:24.065  1033  1625 D CompatibilityChangeReporter: Compat change id reported: 135754954; UID 10116; state: DISABLED
09-07 14:25:24.066  1033  1067 D CompatibilityChangeReporter: Compat change id reported: 143937733; UID 10116; state: DISABLED
09-07 14:25:24.066  1033  1625 I ActivityManager: Killing 1872:com.harman.connectivity.androidauto/u10s1000 (adj 985): empty #17
09-07 14:25:24.089  1033  1067 I ActivityManager: Start proc 3558:com.android.traceur/u0a116 for broadcast {com.android.traceur/com.android.traceur.Receiver}
09-07 14:25:24.175   530   602 E NetlinkEvent: NetlinkEvent::FindParam(): Parameter 'PRODUCT' not found
09-07 14:25:24.175   530   602 E NetlinkEvent: NetlinkEvent::FindParam(): Parameter 'DEVNAME' not found
09-07 14:25:24.175   530   602 E NetlinkEvent: NetlinkEvent::FindParam(): Parameter 'INTERFACE' not found
09-07 14:25:24.175   531   595 E NetlinkEvent: NetlinkEvent::FindParam(): Parameter 'dual_role_usb' not found
09-07 14:25:24.175   531   595 E NetlinkEvent: NetlinkEvent::FindParam(): Parameter 'OVER_CURRENT_PORT' not found
09-07 14:25:24.175   531   595 E NetlinkEvent: NetlinkEvent::FindParam(): Parameter 'UNRECOGNIZED_USB_DEVICE_ON_PORT' not found
09-07 14:25:24.183   531   595 E NetlinkEvent: NetlinkEvent::FindParam(): Parameter 'dual_role_usb' not found
09-07 14:25:24.183   531   595 E NetlinkEvent: NetlinkEvent::FindParam(): Parameter 'OVER_CURRENT_PORT' not found
09-07 14:25:24.183   531   595 E NetlinkEvent: NetlinkEvent::FindParam(): Parameter 'UNRECOGNIZED_USB_DEVICE_ON_PORT' not found
09-07 14:25:24.183   530   602 E NetlinkEvent: NetlinkEvent::FindParam(): Parameter 'PRODUCT' not found
09-07 14:25:24.183   530   602 E NetlinkEvent: NetlinkEvent::FindParam(): Parameter 'DEVNAME' not found
09-07 14:25:24.183   530   602 E NetlinkEvent: NetlinkEvent::FindParam(): Parameter 'INTERFACE' not found
09-07 14:25:24.212   398   439 I vold    : Unmounting /mnt/user/0/emulated/0/Android/data
09-07 14:25:24.215   398   439 I vold    : Unmounted /mnt/user/0/emulated/0/Android/data
09-07 14:25:24.215   398   439 I vold    : Unmounting /mnt/user/0/emulated/0/Android/obb
09-07 14:25:24.222   398   439 I vold    : Unmounted /mnt/user/0/emulated/0/Android/obb
09-07 14:25:24.222   398   439 I vold    : Unmounting pass_through_path /mnt/pass_through/0/emulated
09-07 14:25:24.226   398   439 I vold    : Unmounting fuse path /mnt/user/0/emulated
09-07 14:25:24.231   530   602 E NetlinkEvent: NetlinkEvent::FindParam(): Parameter 'PRODUCT' not found
09-07 14:25:24.231   530   602 E NetlinkEvent: NetlinkEvent::FindParam(): Parameter 'DEVNAME' not found
09-07 14:25:24.231   530   602 E NetlinkEvent: NetlinkEvent::FindParam(): Parameter 'INTERFACE' not found
09-07 14:25:24.231   531   595 E NetlinkEvent: NetlinkEvent::FindParam(): Parameter 'dual_role_usb' not found
09-07 14:25:24.231   531   595 E NetlinkEvent: NetlinkEvent::FindParam(): Parameter 'OVER_CURRENT_PORT' not found
09-07 14:25:24.231   531   595 E NetlinkEvent: NetlinkEvent::FindParam(): Parameter 'UNRECOGNIZED_USB_DEVICE_ON_PORT' not found
09-07 14:25:24.231  1033  1187 I StorageSessionController: Unmounted emulated;0
09-07 14:25:24.232  1033  1187 I StorageSessionController: Exiting emulated;0
09-07 14:25:24.232  1033  1187 I StorageUserConnection: Waiting for session end [SessionId: emulated;0. UpperPath: /storage/emulated. LowerPath: /data/media] ...
09-07 14:25:24.234  1033  1187 I StorageSessionController: Exited emulated;0
09-07 14:25:24.234  1033  1187 I StorageUserConnection: Closing connection for user 0
09-07 14:25:24.239  1033  1187 I StorageSessionController: Unmounting emulated;10
09-07 14:25:24.240   398   439 I vold    : Killing all processes referencing /storage/emulated/10
09-07 14:25:24.249  1033  1625 I ActivityManager: Killing 2188:com.qualcomm.qti.smq/u0a118 (adj 975): empty #17
09-07 14:25:24.271  1033  1431 I ActivityManager: Killing 2265:com.qualcomm.qti.qmmi/1000 (adj 985): empty #17
09-07 14:25:24.276  2508  2508 W ContextImpl: Calling a method in the system process without a qualified user: android.app.ContextImpl.startService:1669 android.content.ContextWrapper.startService:720 android.content.ContextWrapper.startService:720 com.harman.audio.service.AudioModeReceiver.onReceive:23 android.app.ActivityThread.handleReceiver:4026 
09-07 14:25:24.298  1033  1223 D CompatibilityChangeReporter: Compat change id reported: 135634846; UID 1000; state: DISABLED
09-07 14:25:24.298  1033  1223 D CompatibilityChangeReporter: Compat change id reported: 135754954; UID 1000; state: ENABLED
09-07 14:25:24.319  1033  1067 I ActivityManager: Start proc 3596:com.harman.discretedatamanager/1000 for broadcast {com.harman.discretedatamanager/com.harman.discretedatamanager.DDSMBroadcastReceiver}
09-07 14:25:24.395  1033  1824 D CompatibilityChangeReporter: Compat change id reported: 135634846; UID 1000; state: DISABLED
09-07 14:25:24.395  1033  1824 D CompatibilityChangeReporter: Compat change id reported: 135754954; UID 1000; state: ENABLED
09-07 14:25:24.413  1033  1067 I ActivityManager: Start proc 3623:com.harman.mediamodeservice/1000 for broadcast {com.harman.mediamodeservice/com.harman.mediamodeservice.BootCompletedBroadcastReceiver}
09-07 14:25:24.500  1033  1824 I ActivityManager: Killing 2677:com.android.keychain/1000 (adj 985): empty #17
09-07 14:25:24.506  1033  1223 D CompatibilityChangeReporter: Compat change id reported: 135634846; UID 10143; state: DISABLED
09-07 14:25:24.506  1033  1223 D CompatibilityChangeReporter: Compat change id reported: 135754954; UID 10143; state: ENABLED
09-07 14:25:24.506  1033  1067 D CompatibilityChangeReporter: Compat change id reported: 143937733; UID 10143; state: ENABLED
09-07 14:25:24.539  1033  1067 I ActivityManager: Start proc 3653:com.qualcomm.qct.dlt/u0a143 for broadcast {com.qualcomm.qct.dlt/com.qualcomm.qct.dlt.proximity.ProximityBroadcastReceiver}
09-07 14:25:24.786  1986  3683 W ContextImpl: Calling a method in the system process without a qualified user: android.app.ContextImpl.startService:1669 android.content.ContextWrapper.startService:720 com.redbend.app.EventIntentService.recvEvent:138 com.redbend.client.BasicService.recvEvent:212 <bottom of call stack> 
09-07 14:25:24.856  1986  3683 I chatty  : uid=1000(system) Thread-5 identical 1 line
09-07 14:25:24.860  1986  3683 W ContextImpl: Calling a method in the system process without a qualified user: android.app.ContextImpl.startService:1669 android.content.ContextWrapper.startService:720 com.redbend.app.EventIntentService.recvEvent:138 com.redbend.client.BasicService.recvEvent:212 <bottom of call stack> 
09-07 14:25:24.861   398   439 W vold    : Failed to open /proc/2677/fd: No such file or directory
09-07 14:25:24.882   531   595 E NetlinkEvent: NetlinkEvent::FindParam(): Parameter 'dual_role_usb' not found
09-07 14:25:24.882   530   602 E NetlinkEvent: NetlinkEvent::FindParam(): Parameter 'PRODUCT' not found
09-07 14:25:24.882   531   595 E NetlinkEvent: NetlinkEvent::FindParam(): Parameter 'OVER_CURRENT_PORT' not found
09-07 14:25:24.882   530   602 E NetlinkEvent: NetlinkEvent::FindParam(): Parameter 'DEVNAME' not found
09-07 14:25:24.882   531   595 E NetlinkEvent: NetlinkEvent::FindParam(): Parameter 'UNRECOGNIZED_USB_DEVICE_ON_PORT' not found
09-07 14:25:24.882   530   602 E NetlinkEvent: NetlinkEvent::FindParam(): Parameter 'INTERFACE' not found
09-07 14:25:24.994   398   439 W vold    : Failed to open /proc/3405/fd: No such file or directory
09-07 14:25:25.041   398   439 W vold    : Failed to open /proc/3693/fd: No such file or directory
09-07 14:25:25.041   398   439 I vold    : Unmounting /mnt/user/10/emulated/10/Android/data
09-07 14:25:25.042   398   439 I vold    : Unmounted /mnt/user/10/emulated/10/Android/data
09-07 14:25:25.042   398   439 I vold    : Unmounting /mnt/user/10/emulated/10/Android/obb
09-07 14:25:25.043   398   439 I vold    : Unmounted /mnt/user/10/emulated/10/Android/obb
09-07 14:25:25.043   398   439 I vold    : Unmounting pass_through_path /mnt/pass_through/10/emulated
09-07 14:25:25.044   398   439 I vold    : Unmounting fuse path /mnt/user/10/emulated
09-07 14:25:25.046   530   602 E NetlinkEvent: NetlinkEvent::FindParam(): Parameter 'PRODUCT' not found
09-07 14:25:25.046   530   602 E NetlinkEvent: NetlinkEvent::FindParam(): Parameter 'DEVNAME' not found
09-07 14:25:25.046   530   602 E NetlinkEvent: NetlinkEvent::FindParam(): Parameter 'INTERFACE' not found
09-07 14:25:25.046   531   595 E NetlinkEvent: NetlinkEvent::FindParam(): Parameter 'dual_role_usb' not found
09-07 14:25:25.046   531   595 E NetlinkEvent: NetlinkEvent::FindParam(): Parameter 'OVER_CURRENT_PORT' not found
09-07 14:25:25.046   531   595 E NetlinkEvent: NetlinkEvent::FindParam(): Parameter 'UNRECOGNIZED_USB_DEVICE_ON_PORT' not found
09-07 14:25:25.047   398   412 E vold    : Failed to find mounted volume for /storage/emulated/0/Android/data/com.qualcomm.qct.dlt/files/
09-07 14:25:25.047  1033  1187 I StorageSessionController: Unmounted emulated;10
09-07 14:25:25.047  1033  1187 I StorageSessionController: Exiting emulated;10
09-07 14:25:25.047  1033  1187 I StorageUserConnection: Waiting for session end [SessionId: emulated;10. UpperPath: /storage/emulated. LowerPath: /data/media] ...
09-07 14:25:25.048  1033  1187 I StorageSessionController: Exited emulated;10
09-07 14:25:25.048  1033  1187 I StorageUserConnection: Closing connection for user 10
09-07 14:25:25.050  1033  1187 I StorageSessionController: Finished resetting external storage service
09-07 14:25:25.051  1033  1187 I StorageManagerService: Resetting vold...
09-07 14:25:25.051  1033  1187 I StorageManagerService: Reset vold
09-07 14:25:25.052   398   412 I vold    : onUserAdded: 0
09-07 14:25:25.052   398   412 I vold    : onUserAdded: 10
09-07 14:25:25.052   398   412 I vold    : onUserStarted: 0
09-07 14:25:25.053  1033  1047 V StorageManagerService: Found primary storage at VolumeInfo{emulated;0}:
09-07 14:25:25.053  1033  1047 V StorageManagerService:     type=EMULATED diskId=null partGuid= mountFlags=0 mountUserId=0 
09-07 14:25:25.053  1033  1047 V StorageManagerService:     state=UNMOUNTED 
09-07 14:25:25.053  1033  1047 V StorageManagerService:     fsType=null fsUuid=null fsLabel=null 
09-07 14:25:25.053  1033  1047 V StorageManagerService:     path=null internalPath=null 
09-07 14:25:25.053   398   412 I vold    : onUserStarted: 10
09-07 14:25:25.054  1033  1824 I ActivityManager: Killing 2818:com.harman.vpa/1000 (adj 975): empty #17
09-07 14:25:25.055  1033  1047 V StorageManagerService: Found primary storage at VolumeInfo{emulated;10}:
09-07 14:25:25.055  1033  1047 V StorageManagerService:     type=EMULATED diskId=null partGuid= mountFlags=0 mountUserId=10 
09-07 14:25:25.055  1033  1047 V StorageManagerService:     state=UNMOUNTED 
09-07 14:25:25.055  1033  1047 V StorageManagerService:     fsType=null fsUuid=null fsLabel=null 
09-07 14:25:25.055  1033  1047 V StorageManagerService:     path=null internalPath=null 
09-07 14:25:25.057  1033  1187 I StorageManagerService: Mounting volume VolumeInfo{emulated;0}:
09-07 14:25:25.057  1033  1187 I StorageManagerService:     type=EMULATED diskId=null partGuid= mountFlags=PRIMARY|VISIBLE 
09-07 14:25:25.057  1033  1187 I StorageManagerService:     mountUserId=0 state=UNMOUNTED 
09-07 14:25:25.057  1033  1187 I StorageManagerService:     fsType=null fsUuid=null fsLabel=null 
09-07 14:25:25.057  1033  1187 I StorageManagerService:     path=null internalPath=null 
09-07 14:25:25.057   398   412 I vold    : Mounting emulated fuse volume
09-07 14:25:25.059  3653  3653 E AndroidRuntime: FATAL EXCEPTION: main
09-07 14:25:25.059  3653  3653 E AndroidRuntime: Process: com.qualcomm.qct.dlt, PID: 3653
09-07 14:25:25.059  3653  3653 E AndroidRuntime: java.lang.RuntimeException: Unable to create application com.qualcomm.qct.dlt.DLTApplication: java.lang.NullPointerException: Attempt to invoke virtual method 'java.lang.String java.io.File.getAbsolutePath()' on a null object reference
09-07 14:25:25.059  3653  3653 E AndroidRuntime: 	at android.app.ActivityThread.handleBindApplication(ActivityThread.java:6724)
09-07 14:25:25.059  3653  3653 E AndroidRuntime: 	at android.app.ActivityThread.access$1300(ActivityThread.java:237)
09-07 14:25:25.059  3653  3653 E AndroidRuntime: 	at android.app.ActivityThread$H.handleMessage(ActivityThread.java:1913)
09-07 14:25:25.059  3653  3653 E AndroidRuntime: 	at android.os.Handler.dispatchMessage(Handler.java:106)
09-07 14:25:25.059  3653  3653 E AndroidRuntime: 	at android.os.Looper.loop(Looper.java:223)
09-07 14:25:25.059  3653  3653 E AndroidRuntime: 	at android.app.ActivityThread.main(ActivityThread.java:7664)
09-07 14:25:25.059  3653  3653 E AndroidRuntime: 	at java.lang.reflect.Method.invoke(Native Method)
09-07 14:25:25.059  3653  3653 E AndroidRuntime: 	at com.android.internal.os.RuntimeInit$MethodAndArgsCaller.run(RuntimeInit.java:592)
09-07 14:25:25.059  3653  3653 E AndroidRuntime: 	at com.android.internal.os.ZygoteInit.main(ZygoteInit.java:947)
09-07 14:25:25.059  3653  3653 E AndroidRuntime: Caused by: java.lang.NullPointerException: Attempt to invoke virtual method 'java.lang.String java.io.File.getAbsolutePath()' on a null object reference
09-07 14:25:25.059  3653  3653 E AndroidRuntime: 	at com.qualcomm.qct.dlt.DLTApplication.getBestExternalSDCardDirectory(DLTApplication.java:1026)
09-07 14:25:25.059  3653  3653 E AndroidRuntime: 	at com.qualcomm.qct.dlt.DLTApplication.onCreate(DLTApplication.java:731)
09-07 14:25:25.059  3653  3653 E AndroidRuntime: 	at android.app.Instrumentation.callApplicationOnCreate(Instrumentation.java:1192)
09-07 14:25:25.059  3653  3653 E AndroidRuntime: 	at android.app.ActivityThread.handleBindApplication(ActivityThread.java:6719)
09-07 14:25:25.059  3653  3653 E AndroidRuntime: 	... 8 more
09-07 14:25:25.060   530   602 E NetlinkEvent: NetlinkEvent::FindParam(): Parameter 'PRODUCT' not found
09-07 14:25:25.060   530   602 E NetlinkEvent: NetlinkEvent::FindParam(): Parameter 'DEVNAME' not found
09-07 14:25:25.060   530   602 E NetlinkEvent: NetlinkEvent::FindParam(): Parameter 'INTERFACE' not found
09-07 14:25:25.060   531   595 E NetlinkEvent: NetlinkEvent::FindParam(): Parameter 'dual_role_usb' not found
09-07 14:25:25.060   531   595 E NetlinkEvent: NetlinkEvent::FindParam(): Parameter 'OVER_CURRENT_PORT' not found
09-07 14:25:25.060   531   595 E NetlinkEvent: NetlinkEvent::FindParam(): Parameter 'UNRECOGNIZED_USB_DEVICE_ON_PORT' not found
09-07 14:25:25.062   398   412 I vold    : Bind mounting /data/media to /mnt/pass_through/0/emulated
09-07 14:25:25.063  1033  1187 I StorageSessionController: On volume mount VolumeInfo{emulated;0}:
09-07 14:25:25.063  1033  1187 I StorageSessionController:     type=EMULATED diskId=null partGuid= mountFlags=PRIMARY|VISIBLE 
09-07 14:25:25.063  1033  1187 I StorageSessionController:     mountUserId=0 state=CHECKING 
09-07 14:25:25.063  1033  1187 I StorageSessionController:     fsType=null fsUuid=null fsLabel=null 
09-07 14:25:25.063  1033  1187 I StorageSessionController:     path=/storage/emulated internalPath=/data/media 
09-07 14:25:25.063  1033  1187 I StorageSessionController: Creating connection for user: 0
09-07 14:25:25.077  1033  3697 I DropBoxManagerService: add tag=system_app_crash isTagEnabled=true flags=0x2
09-07 14:25:25.077  1033  1187 I StorageSessionController: Creating and starting session with id: emulated;0
09-07 14:25:25.077  1033  1187 I StorageUserConnection: Binding to the ExternalStorageService for user 0
09-07 14:25:25.080  1033  1054 W ActivityManager: Skipping crash dialog of ProcessRecord{45b5d 3653:com.qualcomm.qct.dlt/u0a143}: background
09-07 14:25:25.083  1033  1187 I StorageUserConnection: Bound to the ExternalStorageService for user 0
09-07 14:25:25.092  1033  3696 I StorageUserConnection: Service: [ComponentInfo{com.android.providers.media.module/com.android.providers.media.fuse.ExternalStorageServiceImpl}] connected. User [0]
09-07 14:25:25.105  1033  1824 D CompatibilityChangeReporter: Compat change id reported: 135634846; UID 10119; state: DISABLED
09-07 14:25:25.106  1033  1067 D CompatibilityChangeReporter: Compat change id reported: 143937733; UID 10119; state: DISABLED
09-07 14:25:25.116  1033  1625 I ActivityManager: Process com.qualcomm.qct.dlt (pid 3653) has died: cch+5 CEM 
09-07 14:25:25.121  1033  1067 I ActivityManager: Start proc 3702:com.qualcomm.qti.qms.service.connectionsecurity/u0a119 for broadcast {com.qualcomm.qti.qms.service.connectionsecurity/com.qualcomm.qti.qms.service.connectionsecurity.ConnSecBroadcastReceiver}
09-07 14:25:25.219   537   711 I KPI_Marker: [29.792091] [PlatformTunerApp]  PlatformTunerApp_Ready. 
09-07 14:25:25.222  1033  1514 V BcRadio2Srv: onRegistration(android.hardware.broadcastradio@2.0::IBroadcastRadio, default, false)
09-07 14:25:25.229  1033  1514 V BcRadio2Srv: loaded broadcast radio module 0: default (HAL 2.0)
09-07 14:25:25.262  1033  1625 D CompatibilityChangeReporter: Compat change id reported: 135634846; UID 10120; state: DISABLED
09-07 14:25:25.262  1033  1067 D CompatibilityChangeReporter: Compat change id reported: 143937733; UID 10120; state: DISABLED
09-07 14:25:25.285  1033  1067 I ActivityManager: Start proc 3724:com.qualcomm.qti.qms.service.telemetry/u0a120 for broadcast {com.qualcomm.qti.qms.service.telemetry/com.qualcomm.qti.qms.service.telemetry.SystemEventReceiver}
09-07 14:25:25.372  1033  1625 D CompatibilityChangeReporter: Compat change id reported: 135634846; UID 10118; state: DISABLED
09-07 14:25:25.373  1033  1625 D CompatibilityChangeReporter: Compat change id reported: 135754954; UID 10118; state: ENABLED
09-07 14:25:25.374  1033  1067 D CompatibilityChangeReporter: Compat change id reported: 143937733; UID 10118; state: ENABLED
09-07 14:25:25.376  1033  1625 I ActivityManager: Killing 2969:com.android.keychain/u10s1000 (adj 985): empty #17
09-07 14:25:25.388  1033  1067 I ActivityManager: Start proc 3745:com.qualcomm.qti.smq/u0a118 for broadcast {com.qualcomm.qti.smq/com.qualcomm.qti.smq.receiver.BootReceiver}
09-07 14:25:25.465  1033  1625 D CompatibilityChangeReporter: Compat change id reported: 135634846; UID 10080; state: DISABLED
09-07 14:25:25.466  1033  1625 D CompatibilityChangeReporter: Compat change id reported: 135754954; UID 10080; state: ENABLED
09-07 14:25:25.466  1033  1067 D CompatibilityChangeReporter: Compat change id reported: 143937733; UID 10080; state: ENABLED
09-07 14:25:25.468  1033  1625 I ActivityManager: Killing 3095:com.android.calendar/u0a133 (adj 985): empty #17
09-07 14:25:25.493  1033  1067 I ActivityManager: Start proc 3768:com.samsung.android.automotive.launcher/u0a80 for broadcast {com.samsung.android.automotive.launcher/com.samsung.android.automotive.launcher.homescreen.currentactivity.ConnectivityReceiver}
09-07 14:25:25.503  1033  1252 I ActivityManager: Killing 3145:com.android.localtransport/1000 (adj 985): empty #17
09-07 14:25:25.579  1033  1252 D CompatibilityChangeReporter: Compat change id reported: 135634846; UID 1000; state: DISABLED
09-07 14:25:25.579  1033  1252 D CompatibilityChangeReporter: Compat change id reported: 135754954; UID 1000; state: ENABLED
09-07 14:25:25.587  1033  1252 W ActivityManager: Foreground service started from background can not have location/camera/microphone access: service com.samsung.android.automotive.launcher/.homescreen.currentactivity.CurrentActivityService
09-07 14:25:25.621  1033  1067 I ActivityManager: Start proc 3794:com.samsung.android.automotive.phone/1000 for broadcast {com.samsung.android.automotive.phone/com.samsung.android.automotive.phone.receiver.PhoneReceiver}
09-07 14:25:25.795  1033  1033 D NotificationService: 0|com.samsung.android.automotive.launcher|111|null|10080: granting content://settings/system/notification_sound
09-07 14:25:25.796  1033  1033 I chatty  : uid=1000 system_server identical 2 lines
09-07 14:25:25.796  1033  1033 D NotificationService: 0|com.samsung.android.automotive.launcher|111|null|10080: granting content://settings/system/notification_sound
09-07 14:25:25.798  1033  1033 W NotificationHistory: Attempted to add notif for locked/gone/disabled user 0
09-07 14:25:25.816  3794  3794 W ContextImpl: Calling a method in the system process without a qualified user: android.app.ContextImpl.startService:1669 android.content.ContextWrapper.startService:720 android.content.ContextWrapper.startService:720 com.samsung.android.automotive.phone.receiver.PhoneReceiver.onReceive:19 android.app.ActivityThread.handleReceiver:4026 
09-07 14:25:25.825  1033  1252 I ActivityManager: Finished processing BOOT_COMPLETED for u0
09-07 14:25:25.831  1033  1033 D CompatibilityChangeReporter: Compat change id reported: 135634846; UID 1010128; state: DISABLED
09-07 14:25:25.832  1033  1033 D CompatibilityChangeReporter: Compat change id reported: 135754954; UID 1010128; state: DISABLED
09-07 14:25:25.833  1033  1067 D CompatibilityChangeReporter: Compat change id reported: 143937733; UID 1010128; state: DISABLED
09-07 14:25:25.861  1033  1067 I ActivityManager: Start proc 3817:com.android.deskclock/u10a128 for broadcast {com.android.deskclock/com.android.deskclock.AlarmInitReceiver}
09-07 14:25:25.864  3794  3794 W ContextImpl: Calling a method in the system process without a qualified user: android.app.ContextImpl.bindService:1748 android.content.ContextWrapper.bindService:756 android.speech.tts.TextToSpeech.connectToEngine:848 android.speech.tts.TextToSpeech.initTts:818 android.speech.tts.TextToSpeech.<init>:771 
09-07 14:25:25.868  1033  1047 D CompatibilityChangeReporter: Compat change id reported: 135634846; UID 1000; state: DISABLED
09-07 14:25:25.869  1033  1047 D CompatibilityChangeReporter: Compat change id reported: 135754954; UID 1000; state: ENABLED
09-07 14:25:25.884  1033  1067 I ActivityManager: Start proc 3829:com.harman.vpa/1000 for service {com.harman.vpa/com.harman.vpa.assistant.core.impl.tts.TtsServiceImpl}
09-07 14:25:26.045  1033  1625 D CompatibilityChangeReporter: Compat change id reported: 135634846; UID 1001000; state: DISABLED
09-07 14:25:26.046  1033  1625 D CompatibilityChangeReporter: Compat change id reported: 135754954; UID 1001000; state: ENABLED
09-07 14:25:26.051  1033  1625 I ActivityManager: Killing 3214:com.android.car.bugreport/u0a73 (adj 985): empty #17
09-07 14:25:26.064  1033  1067 I ActivityManager: Start proc 3868:com.harman.DCSM/u10s1000 for broadcast {com.harman.DCSM/com.harman.DCSM.DCSMReceiver}
09-07 14:25:26.094   398   412 I vold    : Bind mounting //data/media/0/Android/data on /mnt/user/0/emulated/0/Android/data
09-07 14:25:26.098   398   412 I vold    : Bind mounted //data/media/0/Android/data on /mnt/user/0/emulated/0/Android/data
09-07 14:25:26.098   398   412 I vold    : Bind mounting //data/media/0/Android/obb on /mnt/user/0/emulated/0/Android/obb
09-07 14:25:26.109   398   412 I vold    : Bind mounted //data/media/0/Android/obb on /mnt/user/0/emulated/0/Android/obb
09-07 14:25:26.109   398   412 I vold    : Configuring read_ahead of /mnt/user/0/emulated fuse filesystem to 256kb
09-07 14:25:26.111   398   412 I vold    : Writing 256 to /sys/class/bdi/0:72/read_ahead_kb
09-07 14:25:26.111   398   412 I vold    : Configuring max_ratio of /mnt/user/0/emulated fuse filesystem to 40
09-07 14:25:26.111   398   412 I vold    : Writing 40 to /sys/class/bdi/0:72/max_ratio
09-07 14:25:26.112  1033  1187 I StorageManagerService: Mounted volume VolumeInfo{emulated;0}:
09-07 14:25:26.112  1033  1187 I StorageManagerService:     type=EMULATED diskId=null partGuid= mountFlags=PRIMARY|VISIBLE 
09-07 14:25:26.112  1033  1187 I StorageManagerService:     mountUserId=0 state=MOUNTED 
09-07 14:25:26.112  1033  1187 I StorageManagerService:     fsType=null fsUuid=null fsLabel=null 
09-07 14:25:26.112  1033  1187 I StorageManagerService:     path=/storage/emulated internalPath=/data/media 
09-07 14:25:26.113  1033  1187 I StorageSessionController: Notifying volume state changed for session with id: emulated;0
09-07 14:25:26.125  1033  1187 I StorageManagerService: Mounting volume VolumeInfo{emulated;10}:
09-07 14:25:26.125  1033  1187 I StorageManagerService:     type=EMULATED diskId=null partGuid= mountFlags=PRIMARY|VISIBLE 
09-07 14:25:26.125  1033  1187 I StorageManagerService:     mountUserId=10 state=UNMOUNTED 
09-07 14:25:26.125  1033  1187 I StorageManagerService:     fsType=null fsUuid=null fsLabel=null 
09-07 14:25:26.125  1033  1187 I StorageManagerService:     path=null internalPath=null 
09-07 14:25:26.126   398   412 I vold    : Mounting emulated fuse volume
09-07 14:25:26.141   530   602 E NetlinkEvent: NetlinkEvent::FindParam(): Parameter 'PRODUCT' not found
09-07 14:25:26.141   530   602 E NetlinkEvent: NetlinkEvent::FindParam(): Parameter 'DEVNAME' not found
09-07 14:25:26.141   530   602 E NetlinkEvent: NetlinkEvent::FindParam(): Parameter 'INTERFACE' not found
09-07 14:25:26.142   531   595 E NetlinkEvent: NetlinkEvent::FindParam(): Parameter 'dual_role_usb' not found
09-07 14:25:26.142   531   595 E NetlinkEvent: NetlinkEvent::FindParam(): Parameter 'OVER_CURRENT_PORT' not found
09-07 14:25:26.142   531   595 E NetlinkEvent: NetlinkEvent::FindParam(): Parameter 'UNRECOGNIZED_USB_DEVICE_ON_PORT' not found
09-07 14:25:26.151   398   412 I vold    : Bind mounting /data/media to /mnt/pass_through/10/emulated
09-07 14:25:26.152  1033  1187 I StorageSessionController: On volume mount VolumeInfo{emulated;10}:
09-07 14:25:26.152  1033  1187 I StorageSessionController:     type=EMULATED diskId=null partGuid= mountFlags=PRIMARY|VISIBLE 
09-07 14:25:26.152  1033  1187 I StorageSessionController:     mountUserId=10 state=CHECKING 
09-07 14:25:26.152  1033  1187 I StorageSessionController:     fsType=null fsUuid=null fsLabel=null 
09-07 14:25:26.152  1033  1187 I StorageSessionController:     path=/storage/emulated internalPath=/data/media 
09-07 14:25:26.152  1033  1187 I StorageSessionController: Creating connection for user: 10
09-07 14:25:26.152  1033  1047 D CompatibilityChangeReporter: Compat change id reported: 135634846; UID 1001001; state: DISABLED
09-07 14:25:26.152  1033  1187 I StorageSessionController: Creating and starting session with id: emulated;10
09-07 14:25:26.152  1033  1187 I StorageUserConnection: Binding to the ExternalStorageService for user 10
09-07 14:25:26.153  1033  1047 D CompatibilityChangeReporter: Compat change id reported: 135754954; UID 1001001; state: DISABLED
09-07 14:25:26.153  1033  1047 D CompatibilityChangeReporter: Compat change id reported: 136219221; UID 1001000; state: ENABLED
09-07 14:25:26.154  1033  1047 I ActivityManager: Killing 1535:com.android.deskclock/u0a128 (adj 985): empty #17
09-07 14:25:26.157  1033  1187 I StorageUserConnection: Bound to the ExternalStorageService for user 10
09-07 14:25:26.170  1033  3893 I StorageUserConnection: Service: [ComponentInfo{com.android.providers.media.module/com.android.providers.media.fuse.ExternalStorageServiceImpl}] connected. User [10]
09-07 14:25:26.171  3829  3866 W ContextImpl: Calling a method in the system process without a qualified user: android.app.ContextImpl.sendBroadcast:1111 android.content.ContextWrapper.sendBroadcast:468 android.speech.tts.TextToSpeechService$SynthThread.broadcastTtsQueueProcessingCompleted:454 android.speech.tts.TextToSpeechService$SynthThread.queueIdle:446 android.os.MessageQueue.next:404 
09-07 14:25:26.171  1033  1067 I ActivityManager: Start proc 3894:com.qualcomm.qcrilmsgtunnel/u10s1001 for broadcast {com.qualcomm.qcrilmsgtunnel/com.qualcomm.qcrilmsgtunnel.QcrilMsgTunnelAutoboot}
09-07 14:25:26.260  1033  1048 D CompatibilityChangeReporter: Compat change id reported: 135634846; UID 1010142; state: DISABLED
09-07 14:25:26.261  1033  1048 D CompatibilityChangeReporter: Compat change id reported: 135754954; UID 1010142; state: ENABLED
09-07 14:25:26.261  1033  1067 D CompatibilityChangeReporter: Compat change id reported: 143937733; UID 1010142; state: ENABLED
09-07 14:25:26.276  1033  1067 I ActivityManager: Start proc 3921:com.qualcomm.qti.qccauthmgr/u10a142 for broadcast {com.qualcomm.qti.qccauthmgr/com.qualcomm.qti.qccauthmgr.receiver.BootReceiver}
09-07 14:25:26.361  1033  1825 D CompatibilityChangeReporter: Compat change id reported: 135634846; UID 1001000; state: DISABLED
09-07 14:25:26.362  1033  1825 D CompatibilityChangeReporter: Compat change id reported: 135754954; UID 1001000; state: ENABLED
09-07 14:25:26.365  1033  1825 I ActivityManager: Killing 3327:com.android.dynsystem/1000 (adj 985): empty #17
09-07 14:25:26.378  1033  1067 I ActivityManager: Start proc 3942:com.qualcomm.qti.qdma/u10s1000 for broadcast {com.qualcomm.qti.qdma/com.qualcomm.qti.qdma.app.BootReceiver}
09-07 14:25:26.380  1033  1056 D ColorDisplayService: NightDisplayTintController Animation cancelled: false to matrix: 
09-07 14:25:26.380  1033  1056 D ColorDisplayService:        1.000000 0.000000 0.000000 0.000000 0.000000 1.000000 0.000000 0.000000 0.000000 0.000000 1.000000 0.000000 0.000000 0.000000 0.000000 1.000000 min matrix coefficients: 
09-07 14:25:26.380  1033  1056 D ColorDisplayService:        1.000000 0.000000 0.000000 0.000000 0.000000 1.000000 0.000000 0.000000 0.000000 0.000000 1.000000 0.000000 0.000000 0.000000 0.000000 1.000000 max matrix coefficients: 
09-07 14:25:26.380  1033  1056 D ColorDisplayService:        1.000000 0.000000 0.000000 0.000000 0.000000 1.000000 0.000000 0.000000 0.000000 0.000000 1.000000 0.000000 0.000000 0.000000 0.000000 1.000000
09-07 14:25:26.477  3191  3191 I KPI_Marker: [31.050000] [RadioService] AM/FM_HD_Tuner_HMI_Functional
09-07 14:25:26.480  3033  3033 I KPI_Marker: [31.053000] [MediaModeService] Common:Request prepare
09-07 14:25:26.481  3033  3033 I KPI_Marker: [31.054000] [MediaModeService] Common:Request play
09-07 14:25:26.490  3191  3191 I KPI_Marker: [31.062000] [RadioService] AM/FM/HD Audio_Playback_Started
09-07 14:25:26.547  1033  2748 D CompatibilityChangeReporter: Compat change id reported: 136219221; UID 1001000; state: ENABLED
09-07 14:25:26.557  3033  3033 I KPI_Marker: [31.130000] [MediaModeService] REQUESTING:Play request applied
09-07 14:25:26.558  3033  3033 I KPI_Marker: [31.131000] [MediaModeService] Last source connected:com.harman.radioservice/.service.RadioService
09-07 14:25:26.692  1033  2748 D CompatibilityChangeReporter: Compat change id reported: 135634846; UID 1010118; state: DISABLED
09-07 14:25:26.692  1033  2748 D CompatibilityChangeReporter: Compat change id reported: 135754954; UID 1010118; state: ENABLED
09-07 14:25:26.694  1033  1067 D CompatibilityChangeReporter: Compat change id reported: 143937733; UID 1010118; state: ENABLED
09-07 14:25:26.714  1033  1067 I ActivityManager: Start proc 3978:com.qualcomm.qti.smq/u10a118 for broadcast {com.qualcomm.qti.smq/com.qualcomm.qti.smq.receiver.BootReceiver}
09-07 14:25:26.765  1033  1431 D ConnectivityService: requestNetwork for uid/pid:1001000/3942 NetworkRequest [ TRACK_DEFAULT id=21, [ Capabilities: INTERNET&NOT_RESTRICTED&TRUSTED Uid: 1001000 AdministratorUids: [] RequestorUid: 1001000 RequestorPackageName: com.qualcomm.qti.qdma] ]
09-07 14:25:26.766  1033  1209 D ConnectivityService: NetReassign [no changes]
09-07 14:25:26.785  1033  2748 D CompatibilityChangeReporter: Compat change id reported: 135634846; UID 1010117; state: DISABLED
09-07 14:25:26.785  1033  2748 D CompatibilityChangeReporter: Compat change id reported: 135754954; UID 1010117; state: DISABLED
09-07 14:25:26.786  1033  1067 D CompatibilityChangeReporter: Compat change id reported: 143937733; UID 1010117; state: DISABLED
09-07 14:25:26.800  1033  1067 I ActivityManager: Start proc 4004:.qtidataservices/u10a117 for broadcast {vendor.qti.hardware.cacert.server/vendor.qti.hardware.cacert.server.CACertReceiver}
09-07 14:25:26.916  1033  1048 D ConnectivityService: requestNetwork for uid/pid:1001000/3942 NetworkRequest [ TRACK_DEFAULT id=22, [ Capabilities: INTERNET&NOT_RESTRICTED&TRUSTED Uid: 1001000 AdministratorUids: [] RequestorUid: 1001000 RequestorPackageName: com.qualcomm.qti.qdma] ]
09-07 14:25:26.917  1033  1209 D ConnectivityService: NetReassign [no changes]
09-07 14:25:26.968  1033  1431 D CompatibilityChangeReporter: Compat change id reported: 135634846; UID 1010087; state: DISABLED
09-07 14:25:26.970  1033  1431 D CompatibilityChangeReporter: Compat change id reported: 135754954; UID 1010087; state: DISABLED
09-07 14:25:26.971  1033  1067 D CompatibilityChangeReporter: Compat change id reported: 143937733; UID 1010087; state: DISABLED
09-07 14:25:26.978  1033  1431 D CompatibilityChangeReporter: Compat change id reported: 149924527; UID 10152; state: ENABLED
09-07 14:25:26.981  1033  1048 D CompatibilityChangeReporter: Compat change id reported: 132649864; UID 10152; state: DISABLED
09-07 14:25:26.985  1033  1067 I ActivityManager: Start proc 4036:com.samsung.android.automotive.navigation/u10a87 for broadcast {com.samsung.android.automotive.navigation/com.samsung.android.automotive.navigation.widget.TurnByTurnWidget}
09-07 14:25:27.174   398   412 I vold    : Bind mounting //data/media/10/Android/data on /mnt/user/10/emulated/10/Android/data
09-07 14:25:27.178   398   412 I vold    : Bind mounted //data/media/10/Android/data on /mnt/user/10/emulated/10/Android/data
09-07 14:25:27.178   398   412 I vold    : Bind mounting //data/media/10/Android/obb on /mnt/user/10/emulated/10/Android/obb
09-07 14:25:27.179   398   412 I vold    : Bind mounted //data/media/10/Android/obb on /mnt/user/10/emulated/10/Android/obb
09-07 14:25:27.179   398   412 I vold    : Configuring read_ahead of /mnt/user/10/emulated fuse filesystem to 256kb
09-07 14:25:27.180   398   412 I vold    : Writing 256 to /sys/class/bdi/0:122/read_ahead_kb
09-07 14:25:27.180   398   412 I vold    : Configuring max_ratio of /mnt/user/10/emulated fuse filesystem to 40
09-07 14:25:27.180   398   412 I vold    : Writing 40 to /sys/class/bdi/0:122/max_ratio
09-07 14:25:27.181  1033  1187 I StorageManagerService: Mounted volume VolumeInfo{emulated;10}:
09-07 14:25:27.181  1033  1187 I StorageManagerService:     type=EMULATED diskId=null partGuid= mountFlags=PRIMARY|VISIBLE 
09-07 14:25:27.181  1033  1187 I StorageManagerService:     mountUserId=10 state=MOUNTED 
09-07 14:25:27.181  1033  1187 I StorageManagerService:     fsType=null fsUuid=null fsLabel=null 
09-07 14:25:27.181  1033  1187 I StorageManagerService:     path=/storage/emulated internalPath=/data/media 
09-07 14:25:27.181  1033  1187 I StorageSessionController: Notifying volume state changed for session with id: emulated;10
09-07 14:25:27.199  1033  1187 I StorageSessionController: Notifying volume state changed for session with id: emulated;0
09-07 14:25:27.215  1033  1187 I StorageSessionController: Notifying volume state changed for session with id: emulated;0
09-07 14:25:27.249  1033  1187 I StorageSessionController: Notifying volume state changed for session with id: emulated;10
09-07 14:25:27.269  1033  1187 I StorageSessionController: Notifying volume state changed for session with id: emulated;10
09-07 14:25:27.292  1033  1187 D StorageManagerService: Volume emulated;0 broadcasting mounted to UserHandle{0}
09-07 14:25:27.294  1033  1187 D StorageManagerService: Volume emulated;0 broadcasting mounted to UserHandle{0}
09-07 14:25:27.296  1033  1187 D StorageManagerService: Volume emulated;10 broadcasting mounted to UserHandle{10}
09-07 14:25:27.299  1033  1187 D StorageManagerService: Volume emulated;10 broadcasting mounted to UserHandle{10}
09-07 14:25:27.349  1033  1824 I ActivityManager: Killing 3348:com.android.managedprovisioning/u0a85 (adj 985): empty #17
09-07 14:25:27.545  1033  1209 D ConnectivityService: releasing NetworkRequest [ TRACK_DEFAULT id=20, [ Capabilities: INTERNET&NOT_RESTRICTED&TRUSTED Uid: 1001 AdministratorUids: [] RequestorUid: 1001 RequestorPackageName: com.android.phone] ] (release request)
09-07 14:25:27.685  1033  1824 D CompatibilityChangeReporter: Compat change id reported: 135634846; UID 1001000; state: DISABLED
09-07 14:25:27.685  1033  1824 D CompatibilityChangeReporter: Compat change id reported: 135754954; UID 1001000; state: ENABLED
09-07 14:25:27.701  1033  1067 I ActivityManager: Start proc 4065:com.harman.vpa/u10s1000 for service {com.harman.vpa/com.harman.vpa.assistant.core.impl.tts.TtsServiceImpl}
09-07 14:25:27.717  1033  1965 D CompatibilityChangeReporter: Compat change id reported: 135754954; UID 1001000; state: DISABLED
09-07 14:25:27.720  1033  1965 I ActivityManager: Killing 3379:android.process.media/u10a74 (adj 985): empty #17
09-07 14:25:27.760  1033  1965 D CompatibilityChangeReporter: Compat change id reported: 136219221; UID 1001000; state: ENABLED
09-07 14:25:27.773  1033  1067 W ActivityManager: Slow operation: 60ms so far, now at startProcess: returned from zygote!
09-07 14:25:27.773  1033  1067 W ActivityManager: Slow operation: 60ms so far, now at startProcess: done updating battery stats
09-07 14:25:27.774  1033  1067 W ActivityManager: Slow operation: 60ms so far, now at startProcess: building log message
09-07 14:25:27.774  1033  1067 I ActivityManager: Start proc 4086:com.qualcomm.qti.qmmi/u10s1000 for broadcast {com.qualcomm.qti.qmmi/com.qualcomm.qti.qmmi.framework.QmmiReceiver}
09-07 14:25:27.774  1033  1067 W ActivityManager: Slow operation: 61ms so far, now at startProcess: starting to update pids map
09-07 14:25:27.774  1033  1067 W ActivityManager: Slow operation: 61ms so far, now at startProcess: done updating pids map
09-07 14:25:27.877  1033  1824 D CompatibilityChangeReporter: Compat change id reported: 136219221; UID 1001000; state: ENABLED
09-07 14:25:27.879  1033  1824 I ActivityManager: Killing 3409:com.android.onetimeinitializer/u0a122 (adj 985): empty #17
09-07 14:25:27.901  1033  1824 W ActivityManager: Unbind failed: could not find connection for android.os.BinderProxy@eb51f5e
09-07 14:25:27.904  1033  1048 I ActivityManager: Killing 3456:com.android.packageinstaller/u0a79 (adj 975): empty #17
09-07 14:25:27.919  1033  1047 D CompatibilityChangeReporter: Compat change id reported: 135634846; UID 1001000; state: DISABLED
09-07 14:25:27.920  1033  1047 D CompatibilityChangeReporter: Compat change id reported: 135754954; UID 1001000; state: DISABLED
09-07 14:25:27.956  1033  1067 I ActivityManager: Start proc 4113:com.qualcomm.qti.services.secureui:sui_service/u10s1000 for broadcast {com.qualcomm.qti.services.secureui/com.qualcomm.qti.services.secureui.BootReceiver}
09-07 14:25:28.064  1033  1047 D CompatibilityChangeReporter: Compat change id reported: 135634846; UID 1010136; state: DISABLED
09-07 14:25:28.065  1033  1047 D CompatibilityChangeReporter: Compat change id reported: 135754954; UID 1010136; state: DISABLED
09-07 14:25:28.066  1033  1067 D CompatibilityChangeReporter: Compat change id reported: 143937733; UID 1010136; state: DISABLED
09-07 14:25:28.067  1033  1047 D CompatibilityChangeReporter: Compat change id reported: 136219221; UID 1001000; state: ENABLED
09-07 14:25:28.098  1033  1067 I ActivityManager: Start proc 4140:com.qualcomm.qti.services.systemhelper:systemhelper_service/u10a136 for broadcast {com.qualcomm.qti.services.systemhelper/com.qualcomm.qti.services.systemhelper.BootReceiver}
09-07 14:25:28.211   530   602 E NetlinkEvent: NetlinkEvent::FindParam(): Parameter 'PRODUCT' not found
09-07 14:25:28.211   530   602 E NetlinkEvent: NetlinkEvent::FindParam(): Parameter 'DEVNAME' not found
09-07 14:25:28.211   530   602 E NetlinkEvent: NetlinkEvent::FindParam(): Parameter 'INTERFACE' not found
09-07 14:25:28.211   531   595 E NetlinkEvent: NetlinkEvent::FindParam(): Parameter 'dual_role_usb' not found
09-07 14:25:28.211   531   595 E NetlinkEvent: NetlinkEvent::FindParam(): Parameter 'OVER_CURRENT_PORT' not found
09-07 14:25:28.211   531   595 E NetlinkEvent: NetlinkEvent::FindParam(): Parameter 'UNRECOGNIZED_USB_DEVICE_ON_PORT' not found
09-07 14:25:28.802  4171  4171 F libc    : Fatal signal 11 (SIGSEGV), code 1 (SEGV_MAPERR), fault addr 0x0 in tid 4171 (vendor.harman.L), pid 4171 (vendor.harman.L)
09-07 14:25:28.835  4175  4175 F DEBUG   : *** *** *** *** *** *** *** *** *** *** *** *** *** *** *** ***
09-07 14:25:28.835  4175  4175 F DEBUG   : Build fingerprint: 'qti/titan_tml_b2/titan_tml_b2:11/RQ3A.210605.005/eng.ksong.20210907.134230:userdebug/test-keys'
09-07 14:25:28.836  4175  4175 F DEBUG   : Revision: '0'
09-07 14:25:28.836  4175  4175 F DEBUG   : ABI: 'arm64'
09-07 14:25:28.837  4175  4175 F DEBUG   : Timestamp: 2021-09-07 14:25:28+0000
09-07 14:25:28.837  4175  4175 F DEBUG   : pid: 4171, tid: 4171, name: vendor.harman.L  >>> /vendor/bin/hw/vendor.harman.LogManager@1.0-service <<<
09-07 14:25:28.837  4175  4175 F DEBUG   : uid: 0
09-07 14:25:28.837  4175  4175 F DEBUG   : signal 11 (SIGSEGV), code 1 (SEGV_MAPERR), fault addr 0x0
09-07 14:25:28.837  4175  4175 F DEBUG   : Cause: null pointer dereference
09-07 14:25:28.837  4175  4175 F DEBUG   :     x0  0000000000000000  x1  0000000000000000  x2  0000000000080001  x3  0000000000000000
09-07 14:25:28.837  4175  4175 F DEBUG   :     x4  0000000000000000  x5  0000000000000090  x6  fefefefefefefeff  x7  7f7f7f7f7f7f7f7f
09-07 14:25:28.837  4175  4175 F DEBUG   :     x8  0101010101010101  x9  85aaa3f0842f147e  x10 0000007fc9268298  x11 fffffffffffffffd
09-07 14:25:28.837  4175  4175 F DEBUG   :     x12 0000007fc9268420  x13 000000000000008e  x14 002faf07fb1e0000  x15 0000000034155555
09-07 14:25:28.838  4175  4175 F DEBUG   :     x16 00000056ebe347e0  x17 0000007032b4cb30  x18 0000007033620000  x19 0000000000000000
09-07 14:25:28.838  4175  4175 F DEBUG   :     x20 000000703256ec50  x21 0000007fc9268b39  x22 b400006f323345c8  x23 0000007fc9268b58
09-07 14:25:28.838  4175  4175 F DEBUG   :     x24 0000000000000000  x25 0000007032fa0000  x26 0000007fc9268b39  x27 0000007fc9268b09
09-07 14:25:28.838  4175  4175 F DEBUG   :     x28 0000000000000000  x29 0000007fc9268a40
09-07 14:25:28.838  4175  4175 F DEBUG   :     lr  00000056ebe2b048  sp  0000007fc9268a40  pc  0000007032b4cb40  pst 0000000080000000
09-07 14:25:28.842  4175  4175 F DEBUG   : backtrace:
09-07 14:25:28.842  4175  4175 F DEBUG   :       #00 pc 000000000004ab40  /apex/com.android.runtime/lib64/bionic/libc.so (strlen_default+16) (BuildId: 2b7c6e33413ac7278a15dfc3ea383089)
09-07 14:25:28.842  4175  4175 F DEBUG   :       #01 pc 0000000000009044  /vendor/bin/hw/vendor.harman.LogManager@1.0-service (BuildId: 3e966ab64050b441b920ba0e8960d123)
09-07 14:25:28.843  4175  4175 F DEBUG   :       #02 pc 0000000000008df0  /vendor/bin/hw/vendor.harman.LogManager@1.0-service (LM::LogManagerImpl::load_plugin_conf(void*, std::__1::basic_string<char, std::__1::char_traits<char>, std::__1::allocator<char> >, std::__1::multimap<std::__1::basic_string<char, std::__1::char_traits<char>, std::__1::allocator<char> >, int, std::__1::less<std::__1::basic_string<char, std::__1::char_traits<char>, std::__1::allocator<char> > >, std::__1::allocator<std::__1::pair<std::__1::basic_string<char, std::__1::char_traits<char>, std::__1::allocator<char> > const, int> > >&)+752) (BuildId: 3e966ab64050b441b920ba0e8960d123)
09-07 14:25:28.843  4175  4175 F DEBUG   :       #03 pc 00000000000088c0  /vendor/bin/hw/vendor.harman.LogManager@1.0-service (LM::LogManagerImpl::loadplugins()+436) (BuildId: 3e966ab64050b441b920ba0e8960d123)
09-07 14:25:28.843  4175  4175 F DEBUG   :       #04 pc 0000000000007af8  /vendor/bin/hw/vendor.harman.LogManager@1.0-service (main+1112) (BuildId: 3e966ab64050b441b920ba0e8960d123)
09-07 14:25:28.843  4175  4175 F DEBUG   :       #05 pc 000000000004988c  /apex/com.android.runtime/lib64/bionic/libc.so (__libc_init+108) (BuildId: 2b7c6e33413ac7278a15dfc3ea383089)
01-01 00:00:31.867     0     0 D logd    : logdr: UID=0 GID=1000 PID=4175 n tail=50 logMask=1 pid=4171 start=0ns timeout=0ns
01-01 00:00:31.902     0     0 I init    : Untracked pid 4175 exited with status 0
01-01 00:00:33.503     0     0 W audit   : audit_lost=233 audit_rate_limit=5 audit_backlog_limit=64
01-01 00:00:33.503     0     0 E audit   : rate limit exceeded
01-01 00:00:35.008     0     0 W audit   : audit_lost=239 audit_rate_limit=5 audit_backlog_limit=64
01-01 00:00:35.008     0     0 E audit   : rate limit exceeded
01-01 00:00:36.657     0     0 I init    : starting service 'qccsyshalservice'...
01-01 00:00:36.696     0     0 I init    : Service 'qccsyshalservice' (pid 4215) exited with status 1
01-01 00:00:36.696     0     0 I init    : Sending signal 9 to service 'qccsyshalservice' (pid 4215) process group...
01-01 00:00:36.696     0     0 I libprocessgroup: Successfully killed process cgroup uid 1000 pid 4215 in 0ms
01-01 00:00:36.756     0     0 I init    : starting service 'vendor.sensors-hal-1-0'...
01-01 00:00:36.763     0     0 I init    : starting service 'LogManager'...
01-01 00:00:36.794     0     0 I init    : Service 'vendor.sensors-hal-1-0' (pid 4216) exited with status 1
01-01 00:00:36.794     0     0 I init    : Sending signal 9 to service 'vendor.sensors-hal-1-0' (pid 4216) process group...
01-01 00:00:36.794     0     0 I libprocessgroup: Successfully killed process cgroup uid 1000 pid 4216 in 0ms
01-01 00:00:36.798     0     0 W audit   : audit_lost=242 audit_rate_limit=5 audit_backlog_limit=64
01-01 00:00:36.798     0     0 E audit   : rate limit exceeded
01-01 00:00:36.878     0     0 D logd    : logdr: UID=0 GID=1000 PID=4221 n tail=50 logMask=8 pid=4217 start=0ns timeout=0ns
09-07 14:25:28.894  1033  1064 I DropBoxManagerService: add tag=system_server_wtf isTagEnabled=true flags=0x2
09-07 14:25:28.909  1033  1270 W NativeCrashListener: Couldn't find ProcessRecord for pid 4171
09-07 14:25:28.921  1033  1095 I BootReceiver: Copying /data/tombstones/tombstone_22 to DropBox (SYSTEM_TOMBSTONE)
09-07 14:25:28.923  1033  1095 I DropBoxManagerService: add tag=SYSTEM_TOMBSTONE isTagEnabled=true flags=0x2
09-07 14:25:28.996  1986  3683 W ContextImpl: Calling a method in the system process without a qualified user: android.app.ContextImpl.startService:1669 android.content.ContextWrapper.startService:720 com.redbend.app.EventIntentService.recvEvent:138 com.redbend.client.BasicService.recvEvent:212 <bottom of call stack> 
09-07 14:25:29.174  1033  1033 I Telecom : DefaultDialerCache: Refreshing default dialer for user 0: now null: DDC.oR@ABY
09-07 14:25:29.174  1033  1033 I Telecom : DefaultDialerCache: Refreshing default dialer for user 10: now com.samsung.android.automotive.phone: DDC.oR@ABY
09-07 14:25:29.177  1033  1033 I Telecom : DefaultDialerCache: Refreshing default dialer for user 0: now null: DDC.oR@ABc
09-07 14:25:29.177  1033  1033 I Telecom : DefaultDialerCache: Refreshing default dialer for user 10: now com.samsung.android.automotive.phone: DDC.oR@ABc
09-07 14:25:29.221  1033  1063 W VoiceInteractionManager: no available voice interaction services found for user 10
09-07 14:25:29.238  1033  1063 W VoiceInteractionManager: no available voice interaction services found for user 10
09-07 14:25:29.958  1033  1048 W OverlayManager: service 'idmap' died
09-07 14:25:30.011  1033  1064 I DropBoxManagerService: add tag=system_server_wtf isTagEnabled=true flags=0x2
09-07 14:25:31.070  1033  1064 I DropBoxManagerService: add tag=system_server_wtf isTagEnabled=true flags=0x2
09-07 14:25:31.085  1033  1209 D ConnectivityService: NetReassign [no changes]
09-07 14:25:31.094  1033  1064 W UriGrantsManagerService: For security reasons, the system cannot issue a Uri permission grant to content://settings/system/notification_sound [user 10]; use startActivityAsCaller() instead
09-07 14:25:31.153  1033  1824 I BroadcastQueue: Delay finish: com.harman.car/.BluetoothBootReceiver
09-07 14:25:31.298  1033  1033 D NotificationService: 10|com.harman.vpa|4065|null|1001000: granting content://settings/system/notification_sound
09-07 14:25:31.298  1033  1033 W UriGrantsManagerService: For security reasons, the system cannot issue a Uri permission grant to content://settings/system/notification_sound [user 10]; use startActivityAsCaller() instead
09-07 14:25:31.298  1033  1033 D NotificationService: 10|com.harman.vpa|4065|null|1001000: granting content://settings/system/notification_sound
09-07 14:25:31.299  1033  1033 W UriGrantsManagerService: For security reasons, the system cannot issue a Uri permission grant to content://settings/system/notification_sound [user 10]; use startActivityAsCaller() instead
09-07 14:25:31.299  1033  1033 D NotificationService: 10|com.harman.vpa|4065|null|1001000: granting content://settings/system/notification_sound
09-07 14:25:31.299  1033  1033 W UriGrantsManagerService: For security reasons, the system cannot issue a Uri permission grant to content://settings/system/notification_sound [user 10]; use startActivityAsCaller() instead
09-07 14:25:31.299  1033  1033 D NotificationService: 10|com.harman.vpa|4065|null|1001000: granting content://settings/system/notification_sound
09-07 14:25:31.299  1033  1033 W UriGrantsManagerService: For security reasons, the system cannot issue a Uri permission grant to content://settings/system/notification_sound [user 10]; use startActivityAsCaller() instead
09-07 14:25:31.299  1033  1033 D NotificationService: 10|com.harman.vpa|4065|null|1001000: granting content://settings/system/notification_sound
09-07 14:25:31.300  1033  1033 W UriGrantsManagerService: For security reasons, the system cannot issue a Uri permission grant to content://settings/system/notification_sound [user 10]; use startActivityAsCaller() instead
09-07 14:25:31.307  1033  1033 W NotificationHistory: Attempted to add notif for locked/gone/disabled user 10
09-07 14:25:31.539   530   602 E NetlinkEvent: NetlinkEvent::FindParam(): Parameter 'PRODUCT' not found
09-07 14:25:31.539   530   602 E NetlinkEvent: NetlinkEvent::FindParam(): Parameter 'DEVNAME' not found
09-07 14:25:31.539   530   602 E NetlinkEvent: NetlinkEvent::FindParam(): Parameter 'INTERFACE' not found
09-07 14:25:31.539   531   595 E NetlinkEvent: NetlinkEvent::FindParam(): Parameter 'dual_role_usb' not found
09-07 14:25:31.540   531   595 E NetlinkEvent: NetlinkEvent::FindParam(): Parameter 'OVER_CURRENT_PORT' not found
09-07 14:25:31.540   531   595 E NetlinkEvent: NetlinkEvent::FindParam(): Parameter 'UNRECOGNIZED_USB_DEVICE_ON_PORT' not found
09-07 14:25:33.710  1033  1064 I ActivityManager: Waited long enough for: ServiceRecord{beb39ac u0 com.qualcomm.qcrilmsgtunnel/.QcrilMsgTunnelService}
09-07 14:25:33.813  4217  4217 F libc    : Fatal signal 11 (SIGSEGV), code 1 (SEGV_MAPERR), fault addr 0x0 in tid 4217 (vendor.harman.L), pid 4217 (vendor.harman.L)
09-07 14:25:33.856  4221  4221 F DEBUG   : *** *** *** *** *** *** *** *** *** *** *** *** *** *** *** ***
09-07 14:25:33.856  4221  4221 F DEBUG   : Build fingerprint: 'qti/titan_tml_b2/titan_tml_b2:11/RQ3A.210605.005/eng.ksong.20210907.134230:userdebug/test-keys'
09-07 14:25:33.856  4221  4221 F DEBUG   : Revision: '0'
09-07 14:25:33.857  4221  4221 F DEBUG   : ABI: 'arm64'
09-07 14:25:33.858  4221  4221 F DEBUG   : Timestamp: 2021-09-07 14:25:33+0000
09-07 14:25:33.858  4221  4221 F DEBUG   : pid: 4217, tid: 4217, name: vendor.harman.L  >>> /vendor/bin/hw/vendor.harman.LogManager@1.0-service <<<
09-07 14:25:33.858  4221  4221 F DEBUG   : uid: 0
09-07 14:25:33.858  4221  4221 F DEBUG   : signal 11 (SIGSEGV), code 1 (SEGV_MAPERR), fault addr 0x0
09-07 14:25:33.858  4221  4221 F DEBUG   : Cause: null pointer dereference
09-07 14:25:33.858  4221  4221 F DEBUG   :     x0  0000000000000000  x1  0000000000000000  x2  0000000000080001  x3  0000000000000000
09-07 14:25:33.858  4221  4221 F DEBUG   :     x4  0000000000000000  x5  0000000000000090  x6  fefefefefefefeff  x7  7f7f7f7f7f7f7f7f
09-07 14:25:33.858  4221  4221 F DEBUG   :     x8  0101010101010101  x9  e32fd12ca1623aea  x10 0000007fceb2a2a8  x11 fffffffffffffffd
09-07 14:25:33.859  4221  4221 F DEBUG   :     x12 0000007fceb2a430  x13 000000000000008e  x14 00302919f934f000  x15 0000000034155555
09-07 14:25:33.859  4221  4221 F DEBUG   :     x16 0000005aaf40d7e0  x17 0000007558d24b30  x18 00000075598d0000  x19 0000000000000000
09-07 14:25:33.859  4221  4221 F DEBUG   :     x20 0000007558f3ac50  x21 0000007fceb2ab49  x22 b400007458a70598  x23 0000007fceb2ab68
09-07 14:25:33.859  4221  4221 F DEBUG   :     x24 0000000000000000  x25 00000075596ca000  x26 0000007fceb2ab49  x27 0000007fceb2ab19
09-07 14:25:33.859  4221  4221 F DEBUG   :     x28 0000000000000000  x29 0000007fceb2aa50
09-07 14:25:33.859  4221  4221 F DEBUG   :     lr  0000005aaf404048  sp  0000007fceb2aa50  pc  0000007558d24b40  pst 0000000080000000
09-07 14:25:33.863  4221  4221 F DEBUG   : backtrace:
09-07 14:25:33.863  4221  4221 F DEBUG   :       #00 pc 000000000004ab40  /apex/com.android.runtime/lib64/bionic/libc.so (strlen_default+16) (BuildId: 2b7c6e33413ac7278a15dfc3ea383089)
09-07 14:25:33.863  4221  4221 F DEBUG   :       #01 pc 0000000000009044  /vendor/bin/hw/vendor.harman.LogManager@1.0-service (BuildId: 3e966ab64050b441b920ba0e8960d123)
09-07 14:25:33.863  4221  4221 F DEBUG   :       #02 pc 0000000000008df0  /vendor/bin/hw/vendor.harman.LogManager@1.0-service (LM::LogManagerImpl::load_plugin_conf(void*, std::__1::basic_string<char, std::__1::char_traits<char>, std::__1::allocator<char> >, std::__1::multimap<std::__1::basic_string<char, std::__1::char_traits<char>, std::__1::allocator<char> >, int, std::__1::less<std::__1::basic_string<char, std::__1::char_traits<char>, std::__1::allocator<char> > >, std::__1::allocator<std::__1::pair<std::__1::basic_string<char, std::__1::char_traits<char>, std::__1::allocator<char> > const, int> > >&)+752) (BuildId: 3e966ab64050b441b920ba0e8960d123)
09-07 14:25:33.864  4221  4221 F DEBUG   :       #03 pc 00000000000088c0  /vendor/bin/hw/vendor.harman.LogManager@1.0-service (LM::LogManagerImpl::loadplugins()+436) (BuildId: 3e966ab64050b441b920ba0e8960d123)
09-07 14:25:33.864  4221  4221 F DEBUG   :       #04 pc 0000000000007af8  /vendor/bin/hw/vendor.harman.LogManager@1.0-service (main+1112) (BuildId: 3e966ab64050b441b920ba0e8960d123)
09-07 14:25:33.864  4221  4221 F DEBUG   :       #05 pc 000000000004988c  /apex/com.android.runtime/lib64/bionic/libc.so (__libc_init+108) (BuildId: 2b7c6e33413ac7278a15dfc3ea383089)
01-01 00:00:36.886     0     0 D logd    : logdr: UID=0 GID=1000 PID=4221 n tail=50 logMask=1 pid=4217 start=0ns timeout=0ns
01-01 00:00:36.905     0     0 D logd    : logdr: UID=0 GID=1000 PID=4221 n tail=0 logMask=8 pid=4217 start=0ns timeout=0ns
01-01 00:00:36.912     0     0 D logd    : logdr: UID=0 GID=1000 PID=4221 n tail=0 logMask=1 pid=4217 start=0ns timeout=0ns
01-01 00:00:36.922     0     0 I init    : Untracked pid 4221 exited with status 0
01-01 00:00:37.856     0     0 I ufs_phy_gdsc: disabling
01-01 00:00:37.856     0     0 I hlos1_vote_aggre_noc_mmu_audio_tbu_gdsc: disabling
01-01 00:00:37.856     0     0 I hlos1_vote_aggre_noc_mmu_tbu1_gdsc: disabling
01-01 00:00:37.857     0     0 I hlos1_vote_aggre_noc_mmu_tbu2_gdsc: disabling
01-01 00:00:37.857     0     0 I hlos1_vote_aggre_noc_mmu_pcie_tbu_gdsc: disabling
01-01 00:00:37.875     0     0 W audit   : audit_lost=262 audit_rate_limit=5 audit_backlog_limit=64
01-01 00:00:37.875     0     0 E audit   : rate limit exceeded
01-01 00:00:41.663     0     0 I init    : starting service 'qccsyshalservice'...
01-01 00:00:41.693     0     0 I init    : Service 'qccsyshalservice' (pid 4232) exited with status 1
01-01 00:00:41.693     0     0 I init    : Sending signal 9 to service 'qccsyshalservice' (pid 4232) process group...
01-01 00:00:41.693     0     0 I libprocessgroup: Successfully killed process cgroup uid 1000 pid 4232 in 0ms
01-01 00:00:41.761     0     0 I init    : starting service 'vendor.sensors-hal-1-0'...
01-01 00:00:41.767     0     0 I init    : starting service 'LogManager'...
01-01 00:00:41.790     0     0 I init    : Service 'vendor.sensors-hal-1-0' (pid 4233) exited with status 1
01-01 00:00:41.790     0     0 I init    : Sending signal 9 to service 'vendor.sensors-hal-1-0' (pid 4233) process group...
01-01 00:00:41.790     0     0 I libprocessgroup: Successfully killed process cgroup uid 1000 pid 4233 in 0ms
01-01 00:00:41.805     0     0 W audit   : audit_lost=266 audit_rate_limit=5 audit_backlog_limit=64
01-01 00:00:41.805     0     0 E audit   : rate limit exceeded
01-01 00:00:41.871     0     0 D logd    : logdr: UID=0 GID=1000 PID=4238 n tail=50 logMask=8 pid=4234 start=0ns timeout=0ns
09-07 14:25:33.930  1033  1270 W NativeCrashListener: Couldn't find ProcessRecord for pid 4217
09-07 14:25:33.938  1033  1095 I BootReceiver: Copying /data/tombstones/tombstone_23 to DropBox (SYSTEM_TOMBSTONE)
09-07 14:25:33.940  1033  1095 I DropBoxManagerService: add tag=SYSTEM_TOMBSTONE isTagEnabled=true flags=0x2
09-07 14:25:34.868   530   602 E NetlinkEvent: NetlinkEvent::FindParam(): Parameter 'PRODUCT' not found
09-07 14:25:34.868   530   602 E NetlinkEvent: NetlinkEvent::FindParam(): Parameter 'DEVNAME' not found
09-07 14:25:34.868   530   602 E NetlinkEvent: NetlinkEvent::FindParam(): Parameter 'INTERFACE' not found
09-07 14:25:34.868   531   595 E NetlinkEvent: NetlinkEvent::FindParam(): Parameter 'dual_role_usb' not found
09-07 14:25:34.868   531   595 E NetlinkEvent: NetlinkEvent::FindParam(): Parameter 'OVER_CURRENT_PORT' not found
09-07 14:25:34.868   531   595 E NetlinkEvent: NetlinkEvent::FindParam(): Parameter 'UNRECOGNIZED_USB_DEVICE_ON_PORT' not found
09-07 14:25:36.986  1033  1064 I ActivityManager: Waited long enough for: ServiceRecord{4cc53fa u0 com.qti.diagservices/.QTIDiagServices}
09-07 14:25:38.003  1033  1064 I ActivityManager: Waited long enough for: ServiceRecord{b6d1323 u0 com.android.car.settings/.projection.PrjListenService}
09-07 14:25:38.195   530   602 E NetlinkEvent: NetlinkEvent::FindParam(): Parameter 'PRODUCT' not found
09-07 14:25:38.195   530   602 E NetlinkEvent: NetlinkEvent::FindParam(): Parameter 'DEVNAME' not found
09-07 14:25:38.195   530   602 E NetlinkEvent: NetlinkEvent::FindParam(): Parameter 'INTERFACE' not found
09-07 14:25:38.195   531   595 E NetlinkEvent: NetlinkEvent::FindParam(): Parameter 'dual_role_usb' not found
09-07 14:25:38.195   531   595 E NetlinkEvent: NetlinkEvent::FindParam(): Parameter 'OVER_CURRENT_PORT' not found
09-07 14:25:38.195   531   595 E NetlinkEvent: NetlinkEvent::FindParam(): Parameter 'UNRECOGNIZED_USB_DEVICE_ON_PORT' not found
09-07 14:25:38.820  4234  4234 F libc    : Fatal signal 11 (SIGSEGV), code 1 (SEGV_MAPERR), fault addr 0x0 in tid 4234 (vendor.harman.L), pid 4234 (vendor.harman.L)
09-07 14:25:38.852  4238  4238 F DEBUG   : *** *** *** *** *** *** *** *** *** *** *** *** *** *** *** ***
09-07 14:25:38.853  4238  4238 F DEBUG   : Build fingerprint: 'qti/titan_tml_b2/titan_tml_b2:11/RQ3A.210605.005/eng.ksong.20210907.134230:userdebug/test-keys'
09-07 14:25:38.853  4238  4238 F DEBUG   : Revision: '0'
09-07 14:25:38.853  4238  4238 F DEBUG   : ABI: 'arm64'
09-07 14:25:38.854  4238  4238 F DEBUG   : Timestamp: 2021-09-07 14:25:38+0000
09-07 14:25:38.854  4238  4238 F DEBUG   : pid: 4234, tid: 4234, name: vendor.harman.L  >>> /vendor/bin/hw/vendor.harman.LogManager@1.0-service <<<
09-07 14:25:38.854  4238  4238 F DEBUG   : uid: 0
09-07 14:25:38.854  4238  4238 F DEBUG   : signal 11 (SIGSEGV), code 1 (SEGV_MAPERR), fault addr 0x0
09-07 14:25:38.854  4238  4238 F DEBUG   : Cause: null pointer dereference
09-07 14:25:38.855  4238  4238 F DEBUG   :     x0  0000000000000000  x1  0000000000000000  x2  0000000000080001  x3  0000000000000000
09-07 14:25:38.855  4238  4238 F DEBUG   :     x4  0000000000000000  x5  0000000000000090  x6  fefefefefefefeff  x7  7f7f7f7f7f7f7f7f
09-07 14:25:38.855  4238  4238 F DEBUG   :     x8  0101010101010101  x9  8dfb2abcbaef21f7  x10 0000007ff4dc4918  x11 fffffffffffffffd
09-07 14:25:38.855  4238  4238 F DEBUG   :     x12 0000007ff4dc4aa0  x13 000000000000008e  x14 0030a32bf74be000  x15 0000000034155555
09-07 14:25:38.855  4238  4238 F DEBUG   :     x16 00000059722977e0  x17 00000073f1dd2b30  x18 00000073f2ada000  x19 0000000000000000
09-07 14:25:38.855  4238  4238 F DEBUG   :     x20 00000073f1933c50  x21 0000007ff4dc51b9  x22 b4000072f15e1248  x23 0000007ff4dc51d8
09-07 14:25:38.855  4238  4238 F DEBUG   :     x24 0000000000000000  x25 00000073f21f9000  x26 0000007ff4dc51b9  x27 0000007ff4dc5189
09-07 14:25:38.855  4238  4238 F DEBUG   :     x28 0000000000000000  x29 0000007ff4dc50c0
09-07 14:25:38.855  4238  4238 F DEBUG   :     lr  000000597228e048  sp  0000007ff4dc50c0  pc  00000073f1dd2b40  pst 0000000080000000
09-07 14:25:38.859  4238  4238 F DEBUG   : backtrace:
09-07 14:25:38.859  4238  4238 F DEBUG   :       #00 pc 000000000004ab40  /apex/com.android.runtime/lib64/bionic/libc.so (strlen_default+16) (BuildId: 2b7c6e33413ac7278a15dfc3ea383089)
09-07 14:25:38.860  4238  4238 F DEBUG   :       #01 pc 0000000000009044  /vendor/bin/hw/vendor.harman.LogManager@1.0-service (BuildId: 3e966ab64050b441b920ba0e8960d123)
09-07 14:25:38.860  4238  4238 F DEBUG   :       #02 pc 0000000000008df0  /vendor/bin/hw/vendor.harman.LogManager@1.0-service (LM::LogManagerImpl::load_plugin_conf(void*, std::__1::basic_string<char, std::__1::char_traits<char>, std::__1::allocator<char> >, std::__1::multimap<std::__1::basic_string<char, std::__1::char_traits<char>, std::__1::allocator<char> >, int, std::__1::less<std::__1::basic_string<char, std::__1::char_traits<char>, std::__1::allocator<char> > >, std::__1::allocator<std::__1::pair<std::__1::basic_string<char, std::__1::char_traits<char>, std::__1::allocator<char> > const, int> > >&)+752) (BuildId: 3e966ab64050b441b920ba0e8960d123)
09-07 14:25:38.860  4238  4238 F DEBUG   :       #03 pc 00000000000088c0  /vendor/bin/hw/vendor.harman.LogManager@1.0-service (LM::LogManagerImpl::loadplugins()+436) (BuildId: 3e966ab64050b441b920ba0e8960d123)
09-07 14:25:38.860  4238  4238 F DEBUG   :       #04 pc 0000000000007af8  /vendor/bin/hw/vendor.harman.LogManager@1.0-service (main+1112) (BuildId: 3e966ab64050b441b920ba0e8960d123)
09-07 14:25:38.860  4238  4238 F DEBUG   :       #05 pc 000000000004988c  /apex/com.android.runtime/lib64/bionic/libc.so (__libc_init+108) (BuildId: 2b7c6e33413ac7278a15dfc3ea383089)
01-01 00:00:41.878     0     0 D logd    : logdr: UID=0 GID=1000 PID=4238 n tail=50 logMask=1 pid=4234 start=0ns timeout=0ns
01-01 00:00:41.898     0     0 D logd    : logdr: UID=0 GID=1000 PID=4238 n tail=0 logMask=8 pid=4234 start=0ns timeout=0ns
01-01 00:00:41.914     0     0 I init    : Untracked pid 4238 exited with status 0
01-01 00:00:42.869     0     0 W audit   : audit_lost=286 audit_rate_limit=5 audit_backlog_limit=64
01-01 00:00:42.869     0     0 E audit   : rate limit exceeded
01-01 00:00:44.747     0     0 W audit   : audit_lost=290 audit_rate_limit=5 audit_backlog_limit=64
01-01 00:00:44.747     0     0 E audit   : rate limit exceeded
01-01 00:00:46.357     0     0 W audit   : audit_lost=302 audit_rate_limit=5 audit_backlog_limit=64
01-01 00:00:46.357     0     0 E audit   : rate limit exceeded
01-01 00:00:46.673     0     0 I init    : starting service 'qccsyshalservice'...
01-01 00:00:46.713     0     0 I init    : Service 'qccsyshalservice' (pid 4626) exited with status 1
01-01 00:00:46.713     0     0 I init    : Sending signal 9 to service 'qccsyshalservice' (pid 4626) process group...
01-01 00:00:46.714     0     0 I libprocessgroup: Successfully killed process cgroup uid 1000 pid 4626 in 0ms
01-01 00:00:46.766     0     0 I init    : starting service 'vendor.sensors-hal-1-0'...
01-01 00:00:46.775     0     0 I init    : starting service 'LogManager'...
01-01 00:00:46.821     0     0 I init    : Service 'vendor.sensors-hal-1-0' (pid 4643) exited with status 1
01-01 00:00:46.821     0     0 I init    : Sending signal 9 to service 'vendor.sensors-hal-1-0' (pid 4643) process group...
01-01 00:00:46.821     0     0 I libprocessgroup: Successfully killed process cgroup uid 1000 pid 4643 in 0ms
09-07 14:25:38.922  1033  1270 W NativeCrashListener: Couldn't find ProcessRecord for pid 4234
09-07 14:25:38.930  1033  1095 I BootReceiver: Copying /data/tombstones/tombstone_24 to DropBox (SYSTEM_TOMBSTONE)
09-07 14:25:38.932  1033  1095 I DropBoxManagerService: add tag=SYSTEM_TOMBSTONE isTagEnabled=true flags=0x2
09-07 14:25:39.395  1033  1064 I ActivityManager: Waited long enough for: ServiceRecord{2582e6c u0 com.harman.discretedatamanager/.DiscreteDataServiceManager}
09-07 14:25:40.822  1033  1064 I ActivityManager: Waited long enough for: ServiceRecord{f1107c0 u0 com.samsung.android.automotive.phone/.service.PhoneService}
09-07 14:25:41.523   530   602 E NetlinkEvent: NetlinkEvent::FindParam(): Parameter 'PRODUCT' not found
09-07 14:25:41.523   530   602 E NetlinkEvent: NetlinkEvent::FindParam(): Parameter 'DEVNAME' not found
09-07 14:25:41.523   530   602 E NetlinkEvent: NetlinkEvent::FindParam(): Parameter 'INTERFACE' not found
09-07 14:25:41.524   531   595 E NetlinkEvent: NetlinkEvent::FindParam(): Parameter 'dual_role_usb' not found
09-07 14:25:41.524   531   595 E NetlinkEvent: NetlinkEvent::FindParam(): Parameter 'OVER_CURRENT_PORT' not found
09-07 14:25:41.524   531   595 E NetlinkEvent: NetlinkEvent::FindParam(): Parameter 'UNRECOGNIZED_USB_DEVICE_ON_PORT' not found
09-07 14:25:41.615  1033  1064 I ActivityManager: Waited long enough for: ServiceRecord{ecb8e00 u10 com.qualcomm.qti.qdma/.uploader.UploaderService}
09-07 14:25:41.616  1033  1064 I BroadcastQueue: Resuming delayed broadcast
09-07 14:25:41.618  1033  1064 D CompatibilityChangeReporter: Compat change id reported: 135634846; UID 1001000; state: DISABLED
09-07 14:25:41.618  1033  1064 D CompatibilityChangeReporter: Compat change id reported: 135754954; UID 1001000; state: ENABLED
09-07 14:25:41.618  1033  1064 I ActivityManager: Waited long enough for: ServiceRecord{4c5547e u10 com.qualcomm.qti.qdma/.job.QDMAJobService}
09-07 14:25:41.633  1033  1067 I ActivityManager: Start proc 4249:com.qti.diagservices/u10s1000 for broadcast {com.qti.diagservices/com.qti.diagservices.Diag_OnBoot}
09-07 14:25:41.689  1033  1064 I ActivityManager: Waited long enough for: ServiceRecord{25f59d7 u10 com.qualcomm.qti.qdma/.app.ActiveCareService}
09-07 14:25:41.705  1033  1033 I Telecom : DefaultDialerCache: Refreshing default dialer for user 0: now null: DDC.oR@ABk
09-07 14:25:41.705  1033  1048 D CompatibilityChangeReporter: Compat change id reported: 136219221; UID 1001000; state: ENABLED
09-07 14:25:41.705  1033  1033 I Telecom : DefaultDialerCache: Refreshing default dialer for user 10: now com.samsung.android.automotive.phone: DDC.oR@ABk
09-07 14:25:41.711  1033  1033 I Telecom : MissedCallNotifierImpl: reloadAfterBootComplete: user=0: TSBCR.oR@ABo
09-07 14:25:41.713  1033  1033 I Telecom : MissedCallNotifierImpl: reloadAfterBootComplete: user=10: TSBCR.oR@ABo
09-07 14:25:41.714  1033  4271 E ActivityThread: Failed to find provider info for call_log
09-07 14:25:41.716  1033  1033 D CompatibilityChangeReporter: Compat change id reported: 135634846; UID 1010133; state: DISABLED
09-07 14:25:41.717  1033  1033 D CompatibilityChangeReporter: Compat change id reported: 135754954; UID 1010133; state: DISABLED
09-07 14:25:41.718  1033  1067 D CompatibilityChangeReporter: Compat change id reported: 143937733; UID 1010133; state: DISABLED
09-07 14:25:41.757  1033  1067 I ActivityManager: Start proc 4274:com.android.calendar/u10a133 for broadcast {com.android.calendar/com.android.calendar.alerts.AlertReceiver}
09-07 14:25:41.857  1033  1048 D CompatibilityChangeReporter: Compat change id reported: 135634846; UID 1010073; state: DISABLED
09-07 14:25:41.857  1033  1048 D CompatibilityChangeReporter: Compat change id reported: 135754954; UID 1010073; state: ENABLED
09-07 14:25:41.858  1033  1067 D CompatibilityChangeReporter: Compat change id reported: 143937733; UID 1010073; state: ENABLED
09-07 14:25:41.860  1033  1048 I ActivityManager: Killing 3484:com.android.permissioncontroller/u0a149 (adj 985): empty #17
09-07 14:25:41.874  1033  1064 I ActivityManager: Waited long enough for: ServiceRecord{cf9beaf u10 vendor.qti.hardware.cacert.server/.CACertService}
09-07 14:25:41.875  1033  1067 I ActivityManager: Start proc 4298:com.android.car.bugreport/u10a73 for broadcast {com.android.car.bugreport/com.android.car.bugreport.StartUpBootReceiver}
09-07 14:25:41.902  1033  1064 I ActivityManager: Waited long enough for: ServiceRecord{79bd966 u10 com.qualcomm.qti.qdma/.transfer.QDMATransferService}
09-07 14:25:41.953  1033  1824 D CompatibilityChangeReporter: Compat change id reported: 135634846; UID 1010064; state: DISABLED
09-07 14:25:41.954  1033  1824 D CompatibilityChangeReporter: Compat change id reported: 135754954; UID 1010064; state: DISABLED
09-07 14:25:41.955  1033  1067 D CompatibilityChangeReporter: Compat change id reported: 143937733; UID 1010064; state: DISABLED
09-07 14:25:41.958  1033  1824 I ActivityManager: Killing 3529:com.android.shell/2000 (adj 985): empty #17
09-07 14:25:41.977  1033  1067 I ActivityManager: Start proc 4319:com.android.car.hvac/u10a64 for broadcast {com.android.car.hvac/com.android.car.hvac.BootCompleteReceiver}
09-07 14:25:42.059  1033  1047 D CompatibilityChangeReporter: Compat change id reported: 135634846; UID 1001000; state: DISABLED
09-07 14:25:42.059  1033  1047 D CompatibilityChangeReporter: Compat change id reported: 135754954; UID 1001000; state: DISABLED
09-07 14:25:42.063  1033  1047 I ActivityManager: Killing 3558:com.android.traceur/u0a116 (adj 985): empty #17
09-07 14:25:42.065  1033  1047 I ActivityManager: Killing 2688:com.android.providers.calendar/u0a62 (adj 985): empty #18
09-07 14:25:42.087  1033  1067 I ActivityManager: Start proc 4341:com.android.car.settings/u10s1000 for broadcast {com.android.car.settings/com.android.car.settings.BootCompleteReceiver}
09-07 14:25:42.236  1033  1252 D CompatibilityChangeReporter: Compat change id reported: 136219221; UID 1001000; state: ENABLED
09-07 14:25:42.247  1033  1252 W ShortcutService: Clock rewound
09-07 14:25:42.271  1033  1252 D CompatibilityChangeReporter: Compat change id reported: 135634846; UID 1001000; state: DISABLED
09-07 14:25:42.271  1033  1252 D CompatibilityChangeReporter: Compat change id reported: 135754954; UID 1001000; state: ENABLED
09-07 14:25:42.295  1033  1067 I ActivityManager: Start proc 4366:com.android.dynsystem/u10s1000 for broadcast {com.android.dynsystem/com.android.dynsystem.BootCompletedReceiver}
09-07 14:25:42.368  1033  1431 D CompatibilityChangeReporter: Compat change id reported: 135634846; UID 1010085; state: DISABLED
09-07 14:25:42.368  1033  1431 D CompatibilityChangeReporter: Compat change id reported: 135754954; UID 1010085; state: ENABLED
09-07 14:25:42.369  1033  1067 D CompatibilityChangeReporter: Compat change id reported: 143937733; UID 1010085; state: ENABLED
09-07 14:25:42.370  1033  1431 D CompatibilityChangeReporter: Compat change id reported: 136219221; UID 1001000; state: ENABLED
09-07 14:25:42.372  1033  1431 I ActivityManager: Killing 3623:com.harman.mediamodeservice/1000 (adj 985): empty #17
09-07 14:25:42.389  1033  1067 I ActivityManager: Start proc 4390:com.android.managedprovisioning/u10a85 for broadcast {com.android.managedprovisioning/com.android.managedprovisioning.BootReminder}
09-07 14:25:42.497  1033  1252 D CompatibilityChangeReporter: Compat change id reported: 135634846; UID 1010074; state: DISABLED
09-07 14:25:42.497  1033  1252 D CompatibilityChangeReporter: Compat change id reported: 135754954; UID 1010074; state: ENABLED
09-07 14:25:42.498  1033  1067 D CompatibilityChangeReporter: Compat change id reported: 143937733; UID 1010074; state: ENABLED
09-07 14:25:42.500  1033  1252 I ActivityManager: Killing 1773:com.qualcomm.qti.qccauthmgr/u0a142 (adj 985): empty #17
09-07 14:25:42.515  1033  1067 I ActivityManager: Start proc 4412:android.process.media/u10a74 for broadcast {com.android.mtp/com.android.mtp.MtpReceiver}
09-07 14:25:42.676  1033  2748 D CompatibilityChangeReporter: Compat change id reported: 135634846; UID 1010122; state: DISABLED
09-07 14:25:42.676  1033  2748 D CompatibilityChangeReporter: Compat change id reported: 135754954; UID 1010122; state: ENABLED
09-07 14:25:42.677  1033  1067 D CompatibilityChangeReporter: Compat change id reported: 143937733; UID 1010122; state: ENABLED
09-07 14:25:42.681  1033  2748 I ActivityManager: Killing 3702:com.qualcomm.qti.qms.service.connectionsecurity/u0a119 (adj 985): empty #17
09-07 14:25:42.706  1033  1067 I ActivityManager: Start proc 4433:com.android.onetimeinitializer/u10a122 for broadcast {com.android.onetimeinitializer/com.android.onetimeinitializer.OneTimeInitializerReceiver}
09-07 14:25:42.786  1033  1431 D CompatibilityChangeReporter: Compat change id reported: 135634846; UID 1010079; state: DISABLED
09-07 14:25:42.787  1033  1431 D CompatibilityChangeReporter: Compat change id reported: 135754954; UID 1010079; state: ENABLED
09-07 14:25:42.787  1033  1067 D CompatibilityChangeReporter: Compat change id reported: 143937733; UID 1010079; state: ENABLED
09-07 14:25:42.790  1033  1431 I ActivityManager: Killing 3745:com.qualcomm.qti.smq/u0a118 (adj 985): empty #17
09-07 14:25:42.792  1033  1431 I ActivityManager: Killing 3724:com.qualcomm.qti.qms.service.telemetry/u0a120 (adj 985): empty #18
09-07 14:25:42.817  1033  1067 I ActivityManager: Start proc 4456:com.android.packageinstaller/u10a79 for broadcast {com.android.packageinstaller/com.android.packageinstaller.TemporaryFileManager}
09-07 14:25:42.897  1033  1431 D CompatibilityChangeReporter: Compat change id reported: 135634846; UID 1010149; state: DISABLED
09-07 14:25:42.898  1033  1431 D CompatibilityChangeReporter: Compat change id reported: 135754954; UID 1010149; state: DISABLED
09-07 14:25:42.899  1033  1067 D CompatibilityChangeReporter: Compat change id reported: 143937733; UID 1010149; state: DISABLED
09-07 14:25:42.901  1033  1431 I ActivityManager: Killing 2172:com.android.printspooler/u0a108 (adj 985): empty #17
09-07 14:25:42.922  1033  1067 I ActivityManager: Start proc 4479:com.android.permissioncontroller/u10a149 for broadcast {com.android.permissioncontroller/com.android.permissioncontroller.permission.service.LocationAccessCheck$SetupPeriodicBackgroundLocationAccessCheck}
09-07 14:25:43.060  1033  1064 I ActivityManager: Waited long enough for: ServiceRecord{194c4a4 u10 com.qualcomm.qti.services.secureui/.SecureUIService}
09-07 14:25:43.065  1033  2748 D CompatibilityChangeReporter: Compat change id reported: 135634846; UID 1010062; state: DISABLED
09-07 14:25:43.066  1033  2748 D CompatibilityChangeReporter: Compat change id reported: 135754954; UID 1010062; state: ENABLED
09-07 14:25:43.067  1033  1067 D CompatibilityChangeReporter: Compat change id reported: 143937733; UID 1010062; state: ENABLED
09-07 14:25:43.068  1033  2748 I ActivityManager: Killing 3868:com.harman.DCSM/u10s1000 (adj 985): empty #17
09-07 14:25:43.095  1033  1067 I ActivityManager: Start proc 4501:com.android.providers.calendar/u10a62 for broadcast {com.android.providers.calendar/com.android.providers.calendar.CalendarReceiver}
09-07 14:25:43.182  1033  1064 I ActivityManager: Waited long enough for: ServiceRecord{25334b1 u10 com.qualcomm.qti.services.systemhelper/.SysHelperService}
09-07 14:25:43.243  1033  1252 I ActivityManager: Killing 3894:com.qualcomm.qcrilmsgtunnel/u10s1001 (adj 985): empty #17
09-07 14:25:43.254  1033  1431 D CompatibilityChangeReporter: Compat change id reported: 135634846; UID 1001000; state: DISABLED
09-07 14:25:43.254  1033  1431 D CompatibilityChangeReporter: Compat change id reported: 135754954; UID 1001000; state: ENABLED
09-07 14:25:43.272  1033  1067 I ActivityManager: Start proc 4526:com.android.server.usbgeneric/u10s1000 for broadcast {com.android.server.usbgeneric/com.android.server.usbgeneric.BootCompleteReceiver}
09-07 14:25:43.347  1033  1431 D CompatibilityChangeReporter: Compat change id reported: 135634846; UID 1002000; state: DISABLED
09-07 14:25:43.347  1033  1431 D CompatibilityChangeReporter: Compat change id reported: 135754954; UID 1002000; state: ENABLED
09-07 14:25:43.349  1033  1431 D CompatibilityChangeReporter: Compat change id reported: 136219221; UID 1001000; state: ENABLED
09-07 14:25:43.364  1033  1067 I ActivityManager: Start proc 4549:com.android.shell/u10s2000 for broadcast {com.android.shell/com.android.shell.HeapDumpReceiver}
09-07 14:25:43.364  1033  1209 D ConnectivityService: Got NetworkProvider Messenger for Usb
09-07 14:25:43.460  1033  1252 D CompatibilityChangeReporter: Compat change id reported: 135634846; UID 1001000; state: DISABLED
09-07 14:25:43.460  1033  1252 D CompatibilityChangeReporter: Compat change id reported: 135754954; UID 1001000; state: ENABLED
09-07 14:25:43.463  1033  1252 I ActivityManager: Killing 3978:com.qualcomm.qti.smq/u10a118 (adj 985): empty #17
09-07 14:25:43.477  1033  1067 I ActivityManager: Start proc 4574:com.harman.DCSM/u10s1000 for broadcast {com.harman.DCSM/com.harman.DCSM.DCSMReceiver}
09-07 14:25:43.558  1033  1252 D CompatibilityChangeReporter: Compat change id reported: 135634846; UID 1001000; state: DISABLED
09-07 14:25:43.559  1033  1252 D CompatibilityChangeReporter: Compat change id reported: 135754954; UID 1001000; state: ENABLED
09-07 14:25:43.560  1033  1252 D CompatibilityChangeReporter: Compat change id reported: 136219221; UID 1001000; state: ENABLED
09-07 14:25:43.563  1033  1252 I ActivityManager: Killing 2848:android.process.media/u0a74 (adj 985): empty #17
09-07 14:25:43.575  1033  1067 I ActivityManager: Start proc 4596:com.harman.audio.service/u10s1000 for broadcast {com.harman.audio.service/com.harman.audio.service.AudioModeReceiver}
09-07 14:25:43.642  1033  2897 D CompatibilityChangeReporter: Compat change id reported: 135634846; UID 1001000; state: DISABLED
09-07 14:25:43.643  1033  2897 D CompatibilityChangeReporter: Compat change id reported: 135754954; UID 1001000; state: ENABLED
09-07 14:25:43.645  1033  2897 D CompatibilityChangeReporter: Compat change id reported: 136219221; UID 1001000; state: ENABLED
09-07 14:25:43.671  1033  1067 I ActivityManager: Start proc 4620:com.harman.connectivity.androidauto/u10s1000 for broadcast {com.harman.connectivity.androidauto/com.harman.connectivity.androidauto.application.internals.BootReceiver}
09-07 14:25:43.748  1033  2748 D CompatibilityChangeReporter: Compat change id reported: 136219221; UID 1001000; state: ENABLED
09-07 14:25:43.750  1033  2748 I ActivityManager: Killing 2997:com.android.printspooler/u10a108 (adj 985): empty #17
09-07 14:25:43.760  1033  2897 D CompatibilityChangeReporter: Compat change id reported: 135634846; UID 1001000; state: DISABLED
09-07 14:25:43.760  1033  2897 D CompatibilityChangeReporter: Compat change id reported: 135754954; UID 1001000; state: ENABLED
09-07 14:25:43.788  1033  1067 I ActivityManager: Start proc 4644:com.harman.discretedatamanager/u10s1000 for broadcast {com.harman.discretedatamanager/com.harman.discretedatamanager.DDSMBroadcastReceiver}
09-07 14:25:43.832  4650  4650 F libc    : Fatal signal 11 (SIGSEGV), code 1 (SEGV_MAPERR), fault addr 0x0 in tid 4650 (vendor.harman.L), pid 4650 (vendor.harman.L)
09-07 14:25:43.852  1033  2748 D CompatibilityChangeReporter: Compat change id reported: 136219221; UID 1001000; state: ENABLED
09-07 14:25:43.855  1033  2748 I ActivityManager: Killing 4036:com.samsung.android.automotive.navigation/u10a87 (adj 985): empty #17
09-07 14:25:43.863  1033  2897 D CompatibilityChangeReporter: Compat change id reported: 135634846; UID 1010106; state: DISABLED
09-07 14:25:43.864  1033  2897 D CompatibilityChangeReporter: Compat change id reported: 135754954; UID 1010106; state: ENABLED
09-07 14:25:43.865  1033  1067 D CompatibilityChangeReporter: Compat change id reported: 143937733; UID 1010106; state: ENABLED
09-07 14:25:43.873  4670  4670 F DEBUG   : *** *** *** *** *** *** *** *** *** *** *** *** *** *** *** ***
09-07 14:25:43.874  4670  4670 F DEBUG   : Build fingerprint: 'qti/titan_tml_b2/titan_tml_b2:11/RQ3A.210605.005/eng.ksong.20210907.134230:userdebug/test-keys'
09-07 14:25:43.874  4670  4670 F DEBUG   : Revision: '0'
09-07 14:25:43.874  4670  4670 F DEBUG   : ABI: 'arm64'
09-07 14:25:43.875  4670  4670 F DEBUG   : Timestamp: 2021-09-07 14:25:43+0000
09-07 14:25:43.876  4670  4670 F DEBUG   : pid: 4650, tid: 4650, name: vendor.harman.L  >>> /vendor/bin/hw/vendor.harman.LogManager@1.0-service <<<
09-07 14:25:43.876  4670  4670 F DEBUG   : uid: 0
09-07 14:25:43.876  4670  4670 F DEBUG   : signal 11 (SIGSEGV), code 1 (SEGV_MAPERR), fault addr 0x0
09-07 14:25:43.876  4670  4670 F DEBUG   : Cause: null pointer dereference
09-07 14:25:43.876  4670  4670 F DEBUG   :     x0  0000000000000000  x1  0000000000000000  x2  0000000000080001  x3  0000000000000000
09-07 14:25:43.876  4670  4670 F DEBUG   :     x4  0000000000000000  x5  0000000000000090  x6  fefefefefefefeff  x7  7f7f7f7f7f7f7f7f
09-07 14:25:43.876  4670  4670 F DEBUG   :     x8  0101010101010101  x9  c2738e816c316256  x10 0000007fd9227438  x11 fffffffffffffffd
09-07 14:25:43.876  4670  4670 F DEBUG   :     x12 0000007fd92275c0  x13 000000000000008e  x14 00315a46f5626c00  x15 0000000034155555
09-07 14:25:43.876  4670  4670 F DEBUG   :     x16 00000057d90377e0  x17 00000072898acb30  x18 000000728b480000  x19 0000000000000000
09-07 14:25:43.876  4670  4670 F DEBUG   :     x20 0000007289db8c50  x21 0000007fd9227cd9  x22 b4000071897ce2a8  x23 0000007fd9227cf8
09-07 14:25:43.877  4670  4670 F DEBUG   :     x24 0000000000000000  x25 000000728a3f4000  x26 0000007fd9227cd9  x27 0000007fd9227ca9
09-07 14:25:43.877  4670  4670 F DEBUG   :     x28 0000000000000000  x29 0000007fd9227be0
09-07 14:25:43.877  4670  4670 F DEBUG   :     lr  00000057d902e048  sp  0000007fd9227be0  pc  00000072898acb40  pst 0000000080000000
09-07 14:25:43.879  1033  1067 I ActivityManager: Start proc 4673:com.harman.server.wifi/u10a106 for broadcast {com.harman.server.wifi/com.harman.server.wifi.BootCompleteReceiver}
09-07 14:25:43.881  4670  4670 F DEBUG   : backtrace:
09-07 14:25:43.881  4670  4670 F DEBUG   :       #00 pc 000000000004ab40  /apex/com.android.runtime/lib64/bionic/libc.so (strlen_default+16) (BuildId: 2b7c6e33413ac7278a15dfc3ea383089)
09-07 14:25:43.881  4670  4670 F DEBUG   :       #01 pc 0000000000009044  /vendor/bin/hw/vendor.harman.LogManager@1.0-service (BuildId: 3e966ab64050b441b920ba0e8960d123)
09-07 14:25:43.882  4670  4670 F DEBUG   :       #02 pc 0000000000008df0  /vendor/bin/hw/vendor.harman.LogManager@1.0-service (LM::LogManagerImpl::load_plugin_conf(void*, std::__1::basic_string<char, std::__1::char_traits<char>, std::__1::allocator<char> >, std::__1::multimap<std::__1::basic_string<char, std::__1::char_traits<char>, std::__1::allocator<char> >, int, std::__1::less<std::__1::basic_string<char, std::__1::char_traits<char>, std::__1::allocator<char> > >, std::__1::allocator<std::__1::pair<std::__1::basic_string<char, std::__1::char_traits<char>, std::__1::allocator<char> > const, int> > >&)+752) (BuildId: 3e966ab64050b441b920ba0e8960d123)
09-07 14:25:43.882  4670  4670 F DEBUG   :       #03 pc 00000000000088c0  /vendor/bin/hw/vendor.harman.LogManager@1.0-service (LM::LogManagerImpl::loadplugins()+436) (BuildId: 3e966ab64050b441b920ba0e8960d123)
09-07 14:25:43.882  4670  4670 F DEBUG   :       #04 pc 0000000000007af8  /vendor/bin/hw/vendor.harman.LogManager@1.0-service (main+1112) (BuildId: 3e966ab64050b441b920ba0e8960d123)
09-07 14:25:43.882  4670  4670 F DEBUG   :       #05 pc 000000000004988c  /apex/com.android.runtime/lib64/bionic/libc.so (__libc_init+108) (BuildId: 2b7c6e33413ac7278a15dfc3ea383089)
01-01 00:00:46.901     0     0 D logd    : logdr: UID=0 GID=1000 PID=4670 n tail=50 logMask=8 pid=4650 start=0ns timeout=0ns
01-01 00:00:46.922     0     0 D logd    : logdr: UID=0 GID=1000 PID=4670 n tail=50 logMask=1 pid=4650 start=0ns timeout=0ns
01-01 00:00:46.941     0     0 D logd    : logdr: UID=0 GID=1000 PID=4670 n tail=0 logMask=8 pid=4650 start=0ns timeout=0ns
01-01 00:00:46.949     0     0 D logd    : logdr: UID=0 GID=1000 PID=4670 n tail=0 logMask=1 pid=4650 start=0ns timeout=0ns
01-01 00:00:46.959     0     0 I init    : Untracked pid 4670 exited with status 0
01-01 00:00:47.459     0     0 W audit   : audit_lost=337 audit_rate_limit=5 audit_backlog_limit=64
01-01 00:00:47.459     0     0 E audit   : rate limit exceeded
01-01 00:00:48.513     0     0 W audit   : audit_lost=371 audit_rate_limit=5 audit_backlog_limit=64
01-01 00:00:48.513     0     0 E audit   : rate limit exceeded
01-01 00:00:51.681     0     0 I init    : starting service 'qccsyshalservice'...
01-01 00:00:51.719     0     0 I init    : Service 'qccsyshalservice' (pid 4889) exited with status 1
01-01 00:00:51.720     0     0 I init    : Sending signal 9 to service 'qccsyshalservice' (pid 4889) process group...
01-01 00:00:51.720     0     0 I libprocessgroup: Successfully killed process cgroup uid 1000 pid 4889 in 0ms
01-01 00:00:51.771     0     0 I init    : starting service 'vendor.sensors-hal-1-0'...
01-01 00:00:51.780     0     0 I init    : starting service 'LogManager'...
01-01 00:00:51.805     0     0 I init    : Service 'vendor.sensors-hal-1-0' (pid 4890) exited with status 1
01-01 00:00:51.805     0     0 I init    : Sending signal 9 to service 'vendor.sensors-hal-1-0' (pid 4890) process group...
01-01 00:00:51.805     0     0 I libprocessgroup: Successfully killed process cgroup uid 1000 pid 4890 in 0ms
01-01 00:00:51.820     0     0 W audit   : audit_lost=378 audit_rate_limit=5 audit_backlog_limit=64
01-01 00:00:51.820     0     0 E audit   : rate limit exceeded
01-01 00:00:51.890     0     0 D logd    : logdr: UID=0 GID=1000 PID=4895 n tail=50 logMask=8 pid=4891 start=0ns timeout=0ns
09-07 14:25:43.967  1033  1270 W NativeCrashListener: Couldn't find ProcessRecord for pid 4650
09-07 14:25:43.975  1033  1095 I BootReceiver: Copying /data/tombstones/tombstone_25 to DropBox (SYSTEM_TOMBSTONE)
09-07 14:25:43.977  1033  1095 I DropBoxManagerService: add tag=SYSTEM_TOMBSTONE isTagEnabled=true flags=0x2
09-07 14:25:43.992  1033  2748 D CompatibilityChangeReporter: Compat change id reported: 135634846; UID 1010143; state: DISABLED
09-07 14:25:43.992  1033  2748 D CompatibilityChangeReporter: Compat change id reported: 135754954; UID 1010143; state: ENABLED
09-07 14:25:43.993  1033  1067 D CompatibilityChangeReporter: Compat change id reported: 143937733; UID 1010143; state: ENABLED
09-07 14:25:43.995  1033  2748 I ActivityManager: Killing 4086:com.qualcomm.qti.qmmi/u10s1000 (adj 985): empty #17
09-07 14:25:44.011  1033  1067 I ActivityManager: Start proc 4700:com.qualcomm.qct.dlt/u10a143 for broadcast {com.qualcomm.qct.dlt/com.qualcomm.qct.dlt.proximity.ProximityBroadcastReceiver}
09-07 14:25:44.459  1033  2897 I ActivityManager: Killing 4274:com.android.calendar/u10a133 (adj 985): empty #17
09-07 14:25:44.475  1033  1965 D CompatibilityChangeReporter: Compat change id reported: 135634846; UID 1010119; state: DISABLED
09-07 14:25:44.476  1033  1067 D CompatibilityChangeReporter: Compat change id reported: 143937733; UID 1010119; state: DISABLED
09-07 14:25:44.499  1033  1067 I ActivityManager: Start proc 4722:com.qualcomm.qti.qms.service.connectionsecurity/u10a119 for broadcast {com.qualcomm.qti.qms.service.connectionsecurity/com.qualcomm.qti.qms.service.connectionsecurity.ConnSecBroadcastReceiver}
09-07 14:25:44.579  1033  1965 D CompatibilityChangeReporter: Compat change id reported: 135634846; UID 1010120; state: DISABLED
09-07 14:25:44.580  1033  1067 D CompatibilityChangeReporter: Compat change id reported: 143937733; UID 1010120; state: DISABLED
09-07 14:25:44.582  1033  1965 I ActivityManager: Killing 4298:com.android.car.bugreport/u10a73 (adj 985): empty #17
09-07 14:25:44.601  1033  1067 I ActivityManager: Start proc 4744:com.qualcomm.qti.qms.service.telemetry/u10a120 for broadcast {com.qualcomm.qti.qms.service.telemetry/com.qualcomm.qti.qms.service.telemetry.SystemEventReceiver}
09-07 14:25:44.672  1033  2748 D CompatibilityChangeReporter: Compat change id reported: 135634846; UID 1010118; state: DISABLED
09-07 14:25:44.672  1033  2748 D CompatibilityChangeReporter: Compat change id reported: 135754954; UID 1010118; state: ENABLED
09-07 14:25:44.673  1033  1067 D CompatibilityChangeReporter: Compat change id reported: 143937733; UID 1010118; state: ENABLED
09-07 14:25:44.675  1033  2748 I ActivityManager: Killing 4319:com.android.car.hvac/u10a64 (adj 985): empty #17
09-07 14:25:44.696  1033  1067 I ActivityManager: Start proc 4766:com.qualcomm.qti.smq/u10a118 for broadcast {com.qualcomm.qti.smq/com.qualcomm.qti.smq.receiver.BootReceiver}
09-07 14:25:44.769  1033  2748 I ActivityManager: Killing 3817:com.android.deskclock/u10a128 (adj 985): empty #17
09-07 14:25:44.775  1033  2748 D CompatibilityChangeReporter: Compat change id reported: 135634846; UID 1001000; state: DISABLED
09-07 14:25:44.776  1033  2748 D CompatibilityChangeReporter: Compat change id reported: 135754954; UID 1001000; state: ENABLED
09-07 14:25:44.809  1033  1067 I ActivityManager: Start proc 4787:com.samsung.android.automotive.phone/u10s1000 for broadcast {com.samsung.android.automotive.phone/com.samsung.android.automotive.phone.receiver.PhoneReceiver}
09-07 14:25:44.893  1033  1965 D CompatibilityChangeReporter: Compat change id reported: 136219221; UID 1001000; state: ENABLED
09-07 14:25:44.895  1033  1824 I ActivityManager: Finished processing BOOT_COMPLETED for u10
09-07 14:25:44.959  1033  1223 D CompatibilityChangeReporter: Compat change id reported: 135634846; UID 1010083; state: DISABLED
09-07 14:25:44.959  1033  1223 D CompatibilityChangeReporter: Compat change id reported: 135754954; UID 1010083; state: ENABLED
09-07 14:25:44.960  1033  1067 D CompatibilityChangeReporter: Compat change id reported: 143937733; UID 1010083; state: ENABLED
09-07 14:25:44.983  1033  1067 I ActivityManager: Start proc 4813:com.android.externalstorage/u10a83 for broadcast {com.android.externalstorage/com.android.externalstorage.MountReceiver}
09-07 14:25:44.987  1033  1223 D CompatibilityChangeReporter: Compat change id reported: 149924527; UID 1010152; state: ENABLED
09-07 14:25:44.989  1033  1223 D CompatibilityChangeReporter: Compat change id reported: 132649864; UID 1010152; state: DISABLED
09-07 14:25:45.090  1033  1825 D CompatibilityChangeReporter: Compat change id reported: 135634846; UID 10074; state: DISABLED
09-07 14:25:45.091  1033  1825 D CompatibilityChangeReporter: Compat change id reported: 135754954; UID 10074; state: ENABLED
09-07 14:25:45.091  1033  1067 D CompatibilityChangeReporter: Compat change id reported: 143937733; UID 10074; state: ENABLED
09-07 14:25:45.092  1033  1825 I ActivityManager: Killing 4366:com.android.dynsystem/u10s1000 (adj 985): empty #17
09-07 14:25:45.107  1033  1067 I ActivityManager: Start proc 4834:android.process.media/u0a74 for broadcast {com.android.providers.downloads/com.android.providers.downloads.DownloadReceiver}
09-07 14:25:45.277  1033  1223 I ActivityManager: Killing 4390:com.android.managedprovisioning/u10a85 (adj 985): empty #17
09-07 14:25:45.388  1033  1965 D CompatibilityChangeReporter: Compat change id reported: 135634846; UID 10062; state: DISABLED
09-07 14:25:45.389  1033  1965 D CompatibilityChangeReporter: Compat change id reported: 135754954; UID 10062; state: ENABLED
09-07 14:25:45.389  1033  1067 D CompatibilityChangeReporter: Compat change id reported: 143937733; UID 10062; state: ENABLED
09-07 14:25:45.414  1033  1067 I ActivityManager: Start proc 4856:com.android.providers.calendar/u0a62 for broadcast {com.android.providers.calendar/com.android.providers.calendar.CalendarProviderBroadcastReceiver}
09-07 14:25:45.571  1033  1825 I ActivityManager: Killing 4433:com.android.onetimeinitializer/u10a122 (adj 985): empty #17
09-07 14:25:46.148  1033  1064 I ActivityManager: Waited long enough for: ServiceRecord{287feb7 u10 com.harman.car/.BluetoothDtcNotificationService}
09-07 14:25:48.255  1033  1965 I ActivityManager: Killing 4456:com.android.packageinstaller/u10a79 (adj 985): empty #17
09-07 14:25:48.835  4891  4891 F libc    : Fatal signal 11 (SIGSEGV), code 1 (SEGV_MAPERR), fault addr 0x0 in tid 4891 (vendor.harman.L), pid 4891 (vendor.harman.L)
09-07 14:25:48.867  4895  4895 F DEBUG   : *** *** *** *** *** *** *** *** *** *** *** *** *** *** *** ***
09-07 14:25:48.867  4895  4895 F DEBUG   : Build fingerprint: 'qti/titan_tml_b2/titan_tml_b2:11/RQ3A.210605.005/eng.ksong.20210907.134230:userdebug/test-keys'
09-07 14:25:48.867  4895  4895 F DEBUG   : Revision: '0'
09-07 14:25:48.867  4895  4895 F DEBUG   : ABI: 'arm64'
09-07 14:25:48.868  4895  4895 F DEBUG   : Timestamp: 2021-09-07 14:25:48+0000
09-07 14:25:48.868  4895  4895 F DEBUG   : pid: 4891, tid: 4891, name: vendor.harman.L  >>> /vendor/bin/hw/vendor.harman.LogManager@1.0-service <<<
09-07 14:25:48.869  4895  4895 F DEBUG   : uid: 0
09-07 14:25:48.869  4895  4895 F DEBUG   : signal 11 (SIGSEGV), code 1 (SEGV_MAPERR), fault addr 0x0
09-07 14:25:48.869  4895  4895 F DEBUG   : Cause: null pointer dereference
09-07 14:25:48.869  4895  4895 F DEBUG   :     x0  0000000000000000  x1  0000000000000000  x2  0000000000080001  x3  0000000000000000
09-07 14:25:48.869  4895  4895 F DEBUG   :     x4  0000000000000000  x5  0000000000000090  x6  fefefefefefefeff  x7  7f7f7f7f7f7f7f7f
09-07 14:25:48.869  4895  4895 F DEBUG   :     x8  0101010101010101  x9  0ad547248ef909fa  x10 0000007fe99a1878  x11 fffffffffffffffd
09-07 14:25:48.869  4895  4895 F DEBUG   :     x12 0000007fe99a1a00  x13 000000000000008e  x14 0031974ff379c000  x15 0000000034155555
09-07 14:25:48.869  4895  4895 F DEBUG   :     x16 00000056713ac7e0  x17 00000071b1957b30  x18 00000071b269c000  x19 0000000000000000
09-07 14:25:48.869  4895  4895 F DEBUG   :     x20 00000071b1278c50  x21 0000007fe99a2119  x22 b4000070b1142c38  x23 0000007fe99a2138
09-07 14:25:48.869  4895  4895 F DEBUG   :     x24 0000000000000000  x25 00000071b1d70000  x26 0000007fe99a2119  x27 0000007fe99a20e9
09-07 14:25:48.870  4895  4895 F DEBUG   :     x28 0000000000000000  x29 0000007fe99a2020
09-07 14:25:48.870  4895  4895 F DEBUG   :     lr  00000056713a3048  sp  0000007fe99a2020  pc  00000071b1957b40  pst 0000000080000000
09-07 14:25:48.873  4895  4895 F DEBUG   : backtrace:
09-07 14:25:48.874  4895  4895 F DEBUG   :       #00 pc 000000000004ab40  /apex/com.android.runtime/lib64/bionic/libc.so (strlen_default+16) (BuildId: 2b7c6e33413ac7278a15dfc3ea383089)
09-07 14:25:48.874  4895  4895 F DEBUG   :       #01 pc 0000000000009044  /vendor/bin/hw/vendor.harman.LogManager@1.0-service (BuildId: 3e966ab64050b441b920ba0e8960d123)
09-07 14:25:48.874  4895  4895 F DEBUG   :       #02 pc 0000000000008df0  /vendor/bin/hw/vendor.harman.LogManager@1.0-service (LM::LogManagerImpl::load_plugin_conf(void*, std::__1::basic_string<char, std::__1::char_traits<char>, std::__1::allocator<char> >, std::__1::multimap<std::__1::basic_string<char, std::__1::char_traits<char>, std::__1::allocator<char> >, int, std::__1::less<std::__1::basic_string<char, std::__1::char_traits<char>, std::__1::allocator<char> > >, std::__1::allocator<std::__1::pair<std::__1::basic_string<char, std::__1::char_traits<char>, std::__1::allocator<char> > const, int> > >&)+752) (BuildId: 3e966ab64050b441b920ba0e8960d123)
09-07 14:25:48.874  4895  4895 F DEBUG   :       #03 pc 00000000000088c0  /vendor/bin/hw/vendor.harman.LogManager@1.0-service (LM::LogManagerImpl::loadplugins()+436) (BuildId: 3e966ab64050b441b920ba0e8960d123)
09-07 14:25:48.875  4895  4895 F DEBUG   :       #04 pc 0000000000007af8  /vendor/bin/hw/vendor.harman.LogManager@1.0-service (main+1112) (BuildId: 3e966ab64050b441b920ba0e8960d123)
09-07 14:25:48.875  4895  4895 F DEBUG   :       #05 pc 000000000004988c  /apex/com.android.runtime/lib64/bionic/libc.so (__libc_init+108) (BuildId: 2b7c6e33413ac7278a15dfc3ea383089)
01-01 00:00:51.897     0     0 D logd    : logdr: UID=0 GID=1000 PID=4895 n tail=50 logMask=1 pid=4891 start=0ns timeout=0ns
01-01 00:00:51.916     0     0 D logd    : logdr: UID=0 GID=1000 PID=4895 n tail=0 logMask=8 pid=4891 start=0ns timeout=0ns
01-01 00:00:51.923     0     0 D logd    : logdr: UID=0 GID=1000 PID=4895 n tail=0 logMask=1 pid=4891 start=0ns timeout=0ns
01-01 00:00:51.932     0     0 I init    : Untracked pid 4895 exited with status 0
01-01 00:00:52.884     0     0 I         : read descriptors
01-01 00:00:52.884     0     0 I         : read strings
01-01 00:00:53.163     0     0 I android_work: sent uevent USB_STATE=DISCONNECTED
01-01 00:00:53.210     0     0 I android_work: sent uevent USB_STATE=CONNECTED
01-01 00:00:53.245     0     0 I configfs-gadget gadget: high-speed config #1: b
01-01 00:00:53.246     0     0 I android_work: sent uevent USB_STATE=CONFIGURED
01-01 00:00:53.677     0     0 W audit   : audit_lost=405 audit_rate_limit=5 audit_backlog_limit=64
01-01 00:00:53.677     0     0 E audit   : rate limit exceeded
01-01 00:00:56.690     0     0 I init    : starting service 'qccsyshalservice'...
01-01 00:00:56.729     0     0 I init    : Service 'qccsyshalservice' (pid 4918) exited with status 1
01-01 00:00:56.729     0     0 I init    : Sending signal 9 to service 'qccsyshalservice' (pid 4918) process group...
01-01 00:00:56.730     0     0 I libprocessgroup: Successfully killed process cgroup uid 1000 pid 4918 in 0ms
01-01 00:00:56.776     0     0 I init    : starting service 'vendor.sensors-hal-1-0'...
01-01 00:00:56.785     0     0 I init    : starting service 'LogManager'...
01-01 00:00:56.812     0     0 I init    : Service 'vendor.sensors-hal-1-0' (pid 4919) exited with status 1
01-01 00:00:56.812     0     0 I init    : Sending signal 9 to service 'vendor.sensors-hal-1-0' (pid 4919) process group...
01-01 00:00:56.812     0     0 I libprocessgroup: Successfully killed process cgroup uid 1000 pid 4919 in 0ms
01-01 00:00:56.817     0     0 W audit   : audit_lost=409 audit_rate_limit=5 audit_backlog_limit=64
01-01 00:00:56.817     0     0 E audit   : rate limit exceeded
01-01 00:00:56.894     0     0 D logd    : logdr: UID=0 GID=1000 PID=4924 n tail=50 logMask=8 pid=4920 start=0ns timeout=0ns
09-07 14:25:48.940  1033  1270 W NativeCrashListener: Couldn't find ProcessRecord for pid 4891
09-07 14:25:48.948  1033  1095 I BootReceiver: Copying /data/tombstones/tombstone_26 to DropBox (SYSTEM_TOMBSTONE)
09-07 14:25:48.950  1033  1095 I DropBoxManagerService: add tag=SYSTEM_TOMBSTONE isTagEnabled=true flags=0x2
09-07 14:25:49.836  1033  3373 W AdbDebuggingManager: Read failed with count -1
09-07 14:25:49.852   530   602 E NetlinkEvent: NetlinkEvent::FindParam(): Parameter 'PRODUCT' not found
09-07 14:25:49.852   530   602 E NetlinkEvent: NetlinkEvent::FindParam(): Parameter 'DEVNAME' not found
09-07 14:25:49.852   530   602 E NetlinkEvent: NetlinkEvent::FindParam(): Parameter 'INTERFACE' not found
09-07 14:25:49.853   531   595 E NetlinkEvent: NetlinkEvent::FindParam(): Parameter 'dual_role_usb' not found
09-07 14:25:49.853   531   595 E NetlinkEvent: NetlinkEvent::FindParam(): Parameter 'OVER_CURRENT_PORT' not found
09-07 14:25:49.853   531   595 E NetlinkEvent: NetlinkEvent::FindParam(): Parameter 'UNRECOGNIZED_USB_DEVICE_ON_PORT' not found
09-07 14:25:49.969   530   602 E NetlinkEvent: NetlinkEvent::FindParam(): Parameter 'PRODUCT' not found
09-07 14:25:49.969   530   602 E NetlinkEvent: NetlinkEvent::FindParam(): Parameter 'DEVNAME' not found
09-07 14:25:49.969   530   602 E NetlinkEvent: NetlinkEvent::FindParam(): Parameter 'INTERFACE' not found
09-07 14:25:49.970   531   595 E NetlinkEvent: NetlinkEvent::FindParam(): Parameter 'dual_role_usb' not found
09-07 14:25:49.970   531   595 E NetlinkEvent: NetlinkEvent::FindParam(): Parameter 'OVER_CURRENT_PORT' not found
09-07 14:25:49.970   531   595 E NetlinkEvent: NetlinkEvent::FindParam(): Parameter 'UNRECOGNIZED_USB_DEVICE_ON_PORT' not found
09-07 14:25:50.176   530   602 E NetlinkEvent: NetlinkEvent::FindParam(): Parameter 'PRODUCT' not found
09-07 14:25:50.177   530   602 E NetlinkEvent: NetlinkEvent::FindParam(): Parameter 'DEVNAME' not found
09-07 14:25:50.177   530   602 E NetlinkEvent: NetlinkEvent::FindParam(): Parameter 'INTERFACE' not found
09-07 14:25:50.178   531   595 E NetlinkEvent: NetlinkEvent::FindParam(): Parameter 'dual_role_usb' not found
09-07 14:25:50.178   531   595 E NetlinkEvent: NetlinkEvent::FindParam(): Parameter 'OVER_CURRENT_PORT' not found
09-07 14:25:50.178   531   595 E NetlinkEvent: NetlinkEvent::FindParam(): Parameter 'UNRECOGNIZED_USB_DEVICE_ON_PORT' not found
09-07 14:25:50.220   530   602 E NetlinkEvent: NetlinkEvent::FindParam(): Parameter 'PRODUCT' not found
09-07 14:25:50.220   531   595 E NetlinkEvent: NetlinkEvent::FindParam(): Parameter 'dual_role_usb' not found
09-07 14:25:50.221   531   595 E NetlinkEvent: NetlinkEvent::FindParam(): Parameter 'OVER_CURRENT_PORT' not found
09-07 14:25:50.221   530   602 E NetlinkEvent: NetlinkEvent::FindParam(): Parameter 'DEVNAME' not found
09-07 14:25:50.221   531   595 E NetlinkEvent: NetlinkEvent::FindParam(): Parameter 'UNRECOGNIZED_USB_DEVICE_ON_PORT' not found
09-07 14:25:50.221   530   602 E NetlinkEvent: NetlinkEvent::FindParam(): Parameter 'INTERFACE' not found
09-07 14:25:50.257   530   602 E NetlinkEvent: NetlinkEvent::FindParam(): Parameter 'PRODUCT' not found
09-07 14:25:50.257   530   602 E NetlinkEvent: NetlinkEvent::FindParam(): Parameter 'DEVNAME' not found
09-07 14:25:50.257   530   602 E NetlinkEvent: NetlinkEvent::FindParam(): Parameter 'INTERFACE' not found
09-07 14:25:50.257   531   595 E NetlinkEvent: NetlinkEvent::FindParam(): Parameter 'dual_role_usb' not found
09-07 14:25:50.257   531   595 E NetlinkEvent: NetlinkEvent::FindParam(): Parameter 'OVER_CURRENT_PORT' not found
09-07 14:25:50.257   531   595 E NetlinkEvent: NetlinkEvent::FindParam(): Parameter 'UNRECOGNIZED_USB_DEVICE_ON_PORT' not found
09-07 14:25:53.832  4920  4920 F libc    : Fatal signal 11 (SIGSEGV), code 1 (SEGV_MAPERR), fault addr 0x0 in tid 4920 (vendor.harman.L), pid 4920 (vendor.harman.L)
09-07 14:25:53.873  4924  4924 F DEBUG   : *** *** *** *** *** *** *** *** *** *** *** *** *** *** *** ***
09-07 14:25:53.873  4924  4924 F DEBUG   : Build fingerprint: 'qti/titan_tml_b2/titan_tml_b2:11/RQ3A.210605.005/eng.ksong.20210907.134230:userdebug/test-keys'
09-07 14:25:53.873  4924  4924 F DEBUG   : Revision: '0'
09-07 14:25:53.873  4924  4924 F DEBUG   : ABI: 'arm64'
09-07 14:25:53.875  4924  4924 F DEBUG   : Timestamp: 2021-09-07 14:25:53+0000
09-07 14:25:53.875  4924  4924 F DEBUG   : pid: 4920, tid: 4920, name: vendor.harman.L  >>> /vendor/bin/hw/vendor.harman.LogManager@1.0-service <<<
09-07 14:25:53.875  4924  4924 F DEBUG   : uid: 0
09-07 14:25:53.875  4924  4924 F DEBUG   : signal 11 (SIGSEGV), code 1 (SEGV_MAPERR), fault addr 0x0
09-07 14:25:53.875  4924  4924 F DEBUG   : Cause: null pointer dereference
09-07 14:25:53.876  4924  4924 F DEBUG   :     x0  0000000000000000  x1  0000000000000000  x2  0000000000080001  x3  0000000000000000
09-07 14:25:53.876  4924  4924 F DEBUG   :     x4  0000000000000000  x5  0000000000000090  x6  fefefefefefefeff  x7  7f7f7f7f7f7f7f7f
09-07 14:25:53.876  4924  4924 F DEBUG   :     x8  0101010101010101  x9  0840d610e146144d  x10 0000007fc9142d38  x11 fffffffffffffffd
09-07 14:25:53.876  4924  4924 F DEBUG   :     x12 0000007fc9142ec0  x13 000000000000008e  x14 00315a46f191dc00  x15 0000000034155555
09-07 14:25:53.876  4924  4924 F DEBUG   :     x16 0000005a6c31b7e0  x17 000000776a22cb30  x18 000000776b362000  x19 0000000000000000
09-07 14:25:53.876  4924  4924 F DEBUG   :     x20 000000776a3b5c50  x21 0000007fc91435d9  x22 b400007669e5cbd8  x23 0000007fc91435f8
09-07 14:25:53.876  4924  4924 F DEBUG   :     x24 0000000000000000  x25 000000776aa67000  x26 0000007fc91435d9  x27 0000007fc91435a9
09-07 14:25:53.876  4924  4924 F DEBUG   :     x28 0000000000000000  x29 0000007fc91434e0
09-07 14:25:53.876  4924  4924 F DEBUG   :     lr  0000005a6c312048  sp  0000007fc91434e0  pc  000000776a22cb40  pst 0000000080000000
09-07 14:25:53.881  4924  4924 F DEBUG   : backtrace:
09-07 14:25:53.881  4924  4924 F DEBUG   :       #00 pc 000000000004ab40  /apex/com.android.runtime/lib64/bionic/libc.so (strlen_default+16) (BuildId: 2b7c6e33413ac7278a15dfc3ea383089)
09-07 14:25:53.881  4924  4924 F DEBUG   :       #01 pc 0000000000009044  /vendor/bin/hw/vendor.harman.LogManager@1.0-service (BuildId: 3e966ab64050b441b920ba0e8960d123)
09-07 14:25:53.881  4924  4924 F DEBUG   :       #02 pc 0000000000008df0  /vendor/bin/hw/vendor.harman.LogManager@1.0-service (LM::LogManagerImpl::load_plugin_conf(void*, std::__1::basic_string<char, std::__1::char_traits<char>, std::__1::allocator<char> >, std::__1::multimap<std::__1::basic_string<char, std::__1::char_traits<char>, std::__1::allocator<char> >, int, std::__1::less<std::__1::basic_string<char, std::__1::char_traits<char>, std::__1::allocator<char> > >, std::__1::allocator<std::__1::pair<std::__1::basic_string<char, std::__1::char_traits<char>, std::__1::allocator<char> > const, int> > >&)+752) (BuildId: 3e966ab64050b441b920ba0e8960d123)
09-07 14:25:53.881  4924  4924 F DEBUG   :       #03 pc 00000000000088c0  /vendor/bin/hw/vendor.harman.LogManager@1.0-service (LM::LogManagerImpl::loadplugins()+436) (BuildId: 3e966ab64050b441b920ba0e8960d123)
09-07 14:25:53.882  4924  4924 F DEBUG   :       #04 pc 0000000000007af8  /vendor/bin/hw/vendor.harman.LogManager@1.0-service (main+1112) (BuildId: 3e966ab64050b441b920ba0e8960d123)
09-07 14:25:53.882  4924  4924 F DEBUG   :       #05 pc 000000000004988c  /apex/com.android.runtime/lib64/bionic/libc.so (__libc_init+108) (BuildId: 2b7c6e33413ac7278a15dfc3ea383089)
01-01 00:00:56.901     0     0 D logd    : logdr: UID=0 GID=1000 PID=4924 n tail=50 logMask=1 pid=4920 start=0ns timeout=0ns
01-01 00:00:56.920     0     0 D logd    : logdr: UID=0 GID=1000 PID=4924 n tail=0 logMask=8 pid=4920 start=0ns timeout=0ns
01-01 00:00:56.928     0     0 D logd    : logdr: UID=0 GID=1000 PID=4924 n tail=0 logMask=1 pid=4920 start=0ns timeout=0ns
01-01 00:00:56.938     0     0 I init    : Untracked pid 4924 exited with status 0
01-01 00:01:01.700     0     0 I init    : starting service 'qccsyshalservice'...
01-01 00:01:01.737     0     0 I init    : Service 'qccsyshalservice' (pid 4935) exited with status 1
01-01 00:01:01.737     0     0 I init    : Sending signal 9 to service 'qccsyshalservice' (pid 4935) process group...
01-01 00:01:01.738     0     0 I libprocessgroup: Successfully killed process cgroup uid 1000 pid 4935 in 0ms
01-01 00:01:01.781     0     0 I init    : starting service 'vendor.sensors-hal-1-0'...
01-01 00:01:01.789     0     0 I init    : starting service 'LogManager'...
01-01 00:01:01.818     0     0 I init    : Service 'vendor.sensors-hal-1-0' (pid 4936) exited with status 1
01-01 00:01:01.818     0     0 I init    : Sending signal 9 to service 'vendor.sensors-hal-1-0' (pid 4936) process group...
01-01 00:01:01.820     0     0 I libprocessgroup: Successfully killed process cgroup uid 1000 pid 4936 in 1ms
01-01 00:01:01.823     0     0 W audit   : audit_lost=427 audit_rate_limit=5 audit_backlog_limit=64
01-01 00:01:01.823     0     0 E audit   : rate limit exceeded
01-01 00:01:01.902     0     0 D logd    : logdr: UID=0 GID=1000 PID=4941 n tail=50 logMask=8 pid=4937 start=0ns timeout=0ns
09-07 14:25:53.946  1033  1270 W NativeCrashListener: Couldn't find ProcessRecord for pid 4920
09-07 14:25:53.955  1033  1095 I BootReceiver: Copying /data/tombstones/tombstone_27 to DropBox (SYSTEM_TOMBSTONE)
09-07 14:25:53.957  1033  1095 I DropBoxManagerService: add tag=SYSTEM_TOMBSTONE isTagEnabled=true flags=0x2
09-07 14:25:56.709  1033  1064 I ActivityManager: Waited long enough for: ServiceRecord{c7b2497 u10 com.qti.diagservices/.QTIDiagServices}
09-07 14:25:57.231  1033  1064 I ActivityManager: Waited long enough for: ServiceRecord{f11e3b0 u10 com.android.car.settings/.projection.PrjListenService}
09-07 14:25:58.343  1033  1064 I ActivityManager: Waited long enough for: ServiceRecord{e8b7260 u10 com.android.server.usbgeneric/.UsbGenericService}
09-07 14:25:58.639  1033  1064 I ActivityManager: Waited long enough for: ServiceRecord{30e52fd u10 com.harman.audio.service/.AudioModeService}
09-07 14:25:58.838  4937  4937 F libc    : Fatal signal 11 (SIGSEGV), code 1 (SEGV_MAPERR), fault addr 0x0 in tid 4937 (vendor.harman.L), pid 4937 (vendor.harman.L)
09-07 14:25:58.880  4941  4941 F DEBUG   : *** *** *** *** *** *** *** *** *** *** *** *** *** *** *** ***
09-07 14:25:58.880  4941  4941 F DEBUG   : Build fingerprint: 'qti/titan_tml_b2/titan_tml_b2:11/RQ3A.210605.005/eng.ksong.20210907.134230:userdebug/test-keys'
09-07 14:25:58.880  4941  4941 F DEBUG   : Revision: '0'
09-07 14:25:58.881  4941  4941 F DEBUG   : ABI: 'arm64'
09-07 14:25:58.881  4941  4941 F DEBUG   : Timestamp: 2021-09-07 14:25:58+0000
09-07 14:25:58.882  4941  4941 F DEBUG   : pid: 4937, tid: 4937, name: vendor.harman.L  >>> /vendor/bin/hw/vendor.harman.LogManager@1.0-service <<<
09-07 14:25:58.882  4941  4941 F DEBUG   : uid: 0
09-07 14:25:58.882  4941  4941 F DEBUG   : signal 11 (SIGSEGV), code 1 (SEGV_MAPERR), fault addr 0x0
09-07 14:25:58.882  4941  4941 F DEBUG   : Cause: null pointer dereference
09-07 14:25:58.882  4941  4941 F DEBUG   :     x0  0000000000000000  x1  0000000000000000  x2  0000000000080001  x3  0000000000000000
09-07 14:25:58.882  4941  4941 F DEBUG   :     x4  0000000000000000  x5  0000000000000090  x6  fefefefefefefeff  x7  7f7f7f7f7f7f7f7f
09-07 14:25:58.882  4941  4941 F DEBUG   :     x8  0101010101010101  x9  cfc66b8ebcc55b16  x10 0000007fc3d95dd8  x11 fffffffffffffffd
09-07 14:25:58.882  4941  4941 F DEBUG   :     x12 0000007fc3d95f60  x13 000000000000008e  x14 0031d458efa8cc00  x15 0000000034155555
09-07 14:25:58.883  4941  4941 F DEBUG   :     x16 0000005a0dd657e0  x17 00000076c2a27b30  x18 00000076c3546000  x19 0000000000000000
09-07 14:25:58.883  4941  4941 F DEBUG   :     x20 00000076c262dc50  x21 0000007fc3d96679  x22 b4000075c24a8888  x23 0000007fc3d96698
09-07 14:25:58.883  4941  4941 F DEBUG   :     x24 0000000000000000  x25 00000076c310a000  x26 0000007fc3d96679  x27 0000007fc3d96649
09-07 14:25:58.883  4941  4941 F DEBUG   :     x28 0000000000000000  x29 0000007fc3d96580
09-07 14:25:58.883  4941  4941 F DEBUG   :     lr  0000005a0dd5c048  sp  0000007fc3d96580  pc  00000076c2a27b40  pst 0000000080000000
09-07 14:25:58.887  4941  4941 F DEBUG   : backtrace:
09-07 14:25:58.887  4941  4941 F DEBUG   :       #00 pc 000000000004ab40  /apex/com.android.runtime/lib64/bionic/libc.so (strlen_default+16) (BuildId: 2b7c6e33413ac7278a15dfc3ea383089)
09-07 14:25:58.887  4941  4941 F DEBUG   :       #01 pc 0000000000009044  /vendor/bin/hw/vendor.harman.LogManager@1.0-service (BuildId: 3e966ab64050b441b920ba0e8960d123)
09-07 14:25:58.887  4941  4941 F DEBUG   :       #02 pc 0000000000008df0  /vendor/bin/hw/vendor.harman.LogManager@1.0-service (LM::LogManagerImpl::load_plugin_conf(void*, std::__1::basic_string<char, std::__1::char_traits<char>, std::__1::allocator<char> >, std::__1::multimap<std::__1::basic_string<char, std::__1::char_traits<char>, std::__1::allocator<char> >, int, std::__1::less<std::__1::basic_string<char, std::__1::char_traits<char>, std::__1::allocator<char> > >, std::__1::allocator<std::__1::pair<std::__1::basic_string<char, std::__1::char_traits<char>, std::__1::allocator<char> > const, int> > >&)+752) (BuildId: 3e966ab64050b441b920ba0e8960d123)
09-07 14:25:58.887  4941  4941 F DEBUG   :       #03 pc 00000000000088c0  /vendor/bin/hw/vendor.harman.LogManager@1.0-service (LM::LogManagerImpl::loadplugins()+436) (BuildId: 3e966ab64050b441b920ba0e8960d123)
09-07 14:25:58.887  4941  4941 F DEBUG   :       #04 pc 0000000000007af8  /vendor/bin/hw/vendor.harman.LogManager@1.0-service (main+1112) (BuildId: 3e966ab64050b441b920ba0e8960d123)
09-07 14:25:58.888  4941  4941 F DEBUG   :       #05 pc 000000000004988c  /apex/com.android.runtime/lib64/bionic/libc.so (__libc_init+108) (BuildId: 2b7c6e33413ac7278a15dfc3ea383089)
01-01 00:01:01.910     0     0 D logd    : logdr: UID=0 GID=1000 PID=4941 n tail=50 logMask=1 pid=4937 start=0ns timeout=0ns
01-01 00:01:01.928     0     0 D logd    : logdr: UID=0 GID=1000 PID=4941 n tail=0 logMask=8 pid=4937 start=0ns timeout=0ns
01-01 00:01:01.936     0     0 D logd    : logdr: UID=0 GID=1000 PID=4941 n tail=0 logMask=1 pid=4937 start=0ns timeout=0ns
01-01 00:01:01.946     0     0 I init    : Untracked pid 4941 exited with status 0
01-01 00:01:03.506     0     0 W audit   : audit_lost=449 audit_rate_limit=5 audit_backlog_limit=64
01-01 00:01:03.507     0     0 E audit   : rate limit exceeded
01-01 00:01:06.709     0     0 I init    : starting service 'qccsyshalservice'...
01-01 00:01:06.761     0     0 I init    : Service 'qccsyshalservice' (pid 4992) exited with status 1
01-01 00:01:06.761     0     0 I init    : Sending signal 9 to service 'qccsyshalservice' (pid 4992) process group...
01-01 00:01:06.761     0     0 I libprocessgroup: Successfully killed process cgroup uid 1000 pid 4992 in 0ms
01-01 00:01:06.785     0     0 I init    : starting service 'vendor.sensors-hal-1-0'...
01-01 00:01:06.794     0     0 I init    : starting service 'LogManager'...
01-01 00:01:06.829     0     0 W audit   : audit_lost=450 audit_rate_limit=5 audit_backlog_limit=64
01-01 00:01:06.829     0     0 E audit   : rate limit exceeded
01-01 00:01:06.829     0     0 I init    : Service 'vendor.sensors-hal-1-0' (pid 5004) exited with status 1
01-01 00:01:06.833     0     0 I init    : Sending signal 9 to service 'vendor.sensors-hal-1-0' (pid 5004) process group...
01-01 00:01:06.834     0     0 I libprocessgroup: Successfully killed process cgroup uid 1000 pid 5004 in 0ms
01-01 00:01:06.910     0     0 D logd    : logdr: UID=0 GID=1000 PID=5014 n tail=50 logMask=8 pid=5005 start=0ns timeout=0ns
09-07 14:25:58.954  1033  1270 W NativeCrashListener: Couldn't find ProcessRecord for pid 4937
09-07 14:25:58.962  1033  1095 I BootReceiver: Copying /data/tombstones/tombstone_28 to DropBox (SYSTEM_TOMBSTONE)
09-07 14:25:58.964  1033  1095 I DropBoxManagerService: add tag=SYSTEM_TOMBSTONE isTagEnabled=true flags=0x2
09-07 14:25:59.892  1033  1064 I ActivityManager: Waited long enough for: ServiceRecord{b0ae461 u10 com.samsung.android.automotive.phone/.service.PhoneService}
09-07 14:26:03.844  5005  5005 F libc    : Fatal signal 11 (SIGSEGV), code 1 (SEGV_MAPERR), fault addr 0x0 in tid 5005 (vendor.harman.L), pid 5005 (vendor.harman.L)
09-07 14:26:03.888  5014  5014 F DEBUG   : *** *** *** *** *** *** *** *** *** *** *** *** *** *** *** ***
09-07 14:26:03.888  5014  5014 F DEBUG   : Build fingerprint: 'qti/titan_tml_b2/titan_tml_b2:11/RQ3A.210605.005/eng.ksong.20210907.134230:userdebug/test-keys'
09-07 14:26:03.888  5014  5014 F DEBUG   : Revision: '0'
09-07 14:26:03.888  5014  5014 F DEBUG   : ABI: 'arm64'
09-07 14:26:03.889  5014  5014 F DEBUG   : Timestamp: 2021-09-07 14:26:03+0000
09-07 14:26:03.889  5014  5014 F DEBUG   : pid: 5005, tid: 5005, name: vendor.harman.L  >>> /vendor/bin/hw/vendor.harman.LogManager@1.0-service <<<
09-07 14:26:03.889  5014  5014 F DEBUG   : uid: 0
09-07 14:26:03.889  5014  5014 F DEBUG   : signal 11 (SIGSEGV), code 1 (SEGV_MAPERR), fault addr 0x0
09-07 14:26:03.890  5014  5014 F DEBUG   : Cause: null pointer dereference
09-07 14:26:03.890  5014  5014 F DEBUG   :     x0  0000000000000000  x1  0000000000000000  x2  0000000000080001  x3  0000000000000000
09-07 14:26:03.890  5014  5014 F DEBUG   :     x4  0000000000000000  x5  0000000000000090  x6  fefefefefefefeff  x7  7f7f7f7f7f7f7f7f
09-07 14:26:03.891  5014  5014 F DEBUG   :     x8  0101010101010101  x9  7bec467233a57c71  x10 0000007fd971c888  x11 fffffffffffffffd
09-07 14:26:03.891  5014  5014 F DEBUG   :     x12 0000007fd971ca10  x13 000000000000008e  x14 00321161edc02000  x15 0000000034155555
09-07 14:26:03.891  5014  5014 F DEBUG   :     x16 0000005bc25ff7e0  x17 00000077fab21b30  x18 00000077fb5d4000  x19 0000000000000000
09-07 14:26:03.891  5014  5014 F DEBUG   :     x20 00000077fa8fac50  x21 0000007fd971d129  x22 b4000076fa34bc38  x23 0000007fd971d148
09-07 14:26:03.891  5014  5014 F DEBUG   :     x24 0000000000000000  x25 00000077faf39000  x26 0000007fd971d129  x27 0000007fd971d0f9
09-07 14:26:03.891  5014  5014 F DEBUG   :     x28 0000000000000000  x29 0000007fd971d030
09-07 14:26:03.891  5014  5014 F DEBUG   :     lr  0000005bc25f6048  sp  0000007fd971d030  pc  00000077fab21b40  pst 0000000080000000
09-07 14:26:03.895  5014  5014 F DEBUG   : backtrace:
09-07 14:26:03.895  5014  5014 F DEBUG   :       #00 pc 000000000004ab40  /apex/com.android.runtime/lib64/bionic/libc.so (strlen_default+16) (BuildId: 2b7c6e33413ac7278a15dfc3ea383089)
09-07 14:26:03.895  5014  5014 F DEBUG   :       #01 pc 0000000000009044  /vendor/bin/hw/vendor.harman.LogManager@1.0-service (BuildId: 3e966ab64050b441b920ba0e8960d123)
09-07 14:26:03.896  5014  5014 F DEBUG   :       #02 pc 0000000000008df0  /vendor/bin/hw/vendor.harman.LogManager@1.0-service (LM::LogManagerImpl::load_plugin_conf(void*, std::__1::basic_string<char, std::__1::char_traits<char>, std::__1::allocator<char> >, std::__1::multimap<std::__1::basic_string<char, std::__1::char_traits<char>, std::__1::allocator<char> >, int, std::__1::less<std::__1::basic_string<char, std::__1::char_traits<char>, std::__1::allocator<char> > >, std::__1::allocator<std::__1::pair<std::__1::basic_string<char, std::__1::char_traits<char>, std::__1::allocator<char> > const, int> > >&)+752) (BuildId: 3e966ab64050b441b920ba0e8960d123)
09-07 14:26:03.896  5014  5014 F DEBUG   :       #03 pc 00000000000088c0  /vendor/bin/hw/vendor.harman.LogManager@1.0-service (LM::LogManagerImpl::loadplugins()+436) (BuildId: 3e966ab64050b441b920ba0e8960d123)
09-07 14:26:03.896  5014  5014 F DEBUG   :       #04 pc 0000000000007af8  /vendor/bin/hw/vendor.harman.LogManager@1.0-service (main+1112) (BuildId: 3e966ab64050b441b920ba0e8960d123)
09-07 14:26:03.896  5014  5014 F DEBUG   :       #05 pc 000000000004988c  /apex/com.android.runtime/lib64/bionic/libc.so (__libc_init+108) (BuildId: 2b7c6e33413ac7278a15dfc3ea383089)
01-01 00:01:06.919     0     0 D logd    : logdr: UID=0 GID=1000 PID=5014 n tail=50 logMask=1 pid=5005 start=0ns timeout=0ns
01-01 00:01:06.938     0     0 D logd    : logdr: UID=0 GID=1000 PID=5014 n tail=0 logMask=8 pid=5005 start=0ns timeout=0ns
01-01 00:01:06.945     0     0 D logd    : logdr: UID=0 GID=1000 PID=5014 n tail=0 logMask=1 pid=5005 start=0ns timeout=0ns
01-01 00:01:06.957     0     0 I init    : Service 'LogManager' (pid 5005) received signal 11
01-01 00:01:07.904     0     0 I IRQ 5   : no longer affine to CPU4
01-01 00:01:11.720     0     0 I init    : starting service 'qccsyshalservice'...
01-01 00:01:11.755     0     0 I init    : Service 'qccsyshalservice' (pid 5378) exited with status 1
01-01 00:01:11.755     0     0 I init    : Sending signal 9 to service 'qccsyshalservice' (pid 5378) process group...
01-01 00:01:11.755     0     0 I libprocessgroup: Successfully killed process cgroup uid 1000 pid 5378 in 0ms
01-01 00:01:11.791     0     0 I init    : starting service 'vendor.sensors-hal-1-0'...
01-01 00:01:11.806     0     0 I init    : starting service 'LogManager'...
01-01 00:01:11.822     0     0 I init    : Service 'vendor.sensors-hal-1-0' (pid 5379) exited with status 1
01-01 00:01:11.822     0     0 I init    : Sending signal 9 to service 'vendor.sensors-hal-1-0' (pid 5379) process group...
01-01 00:01:11.822     0     0 I libprocessgroup: Successfully killed process cgroup uid 1000 pid 5379 in 0ms
01-01 00:01:11.840     0     0 W audit   : audit_lost=469 audit_rate_limit=5 audit_backlog_limit=64
01-01 00:01:11.840     0     0 E audit   : rate limit exceeded
01-01 00:01:11.917     0     0 D logd    : logdr: UID=0 GID=1000 PID=5384 n tail=50 logMask=8 pid=5380 start=0ns timeout=0ns
09-07 14:26:03.964  1033  1270 W NativeCrashListener: Couldn't find ProcessRecord for pid 5005
09-07 14:26:03.973  1033  1095 I BootReceiver: Copying /data/tombstones/tombstone_29 to DropBox (SYSTEM_TOMBSTONE)
09-07 14:26:03.975  1033  1095 I DropBoxManagerService: add tag=SYSTEM_TOMBSTONE isTagEnabled=true flags=0x2
09-07 14:26:08.855  5380  5380 F libc    : Fatal signal 11 (SIGSEGV), code 1 (SEGV_MAPERR), fault addr 0x0 in tid 5380 (vendor.harman.L), pid 5380 (vendor.harman.L)
09-07 14:26:08.896  5384  5384 F DEBUG   : *** *** *** *** *** *** *** *** *** *** *** *** *** *** *** ***
09-07 14:26:08.897  5384  5384 F DEBUG   : Build fingerprint: 'qti/titan_tml_b2/titan_tml_b2:11/RQ3A.210605.005/eng.ksong.20210907.134230:userdebug/test-keys'
09-07 14:26:08.897  5384  5384 F DEBUG   : Revision: '0'
09-07 14:26:08.897  5384  5384 F DEBUG   : ABI: 'arm64'
09-07 14:26:08.898  5384  5384 F DEBUG   : Timestamp: 2021-09-07 14:26:08+0000
09-07 14:26:08.898  5384  5384 F DEBUG   : pid: 5380, tid: 5380, name: vendor.harman.L  >>> /vendor/bin/hw/vendor.harman.LogManager@1.0-service <<<
09-07 14:26:08.898  5384  5384 F DEBUG   : uid: 0
09-07 14:26:08.898  5384  5384 F DEBUG   : signal 11 (SIGSEGV), code 1 (SEGV_MAPERR), fault addr 0x0
09-07 14:26:08.898  5384  5384 F DEBUG   : Cause: null pointer dereference
09-07 14:26:08.898  5384  5384 F DEBUG   :     x0  0000000000000000  x1  0000000000000000  x2  0000000000080001  x3  0000000000000000
09-07 14:26:08.899  5384  5384 F DEBUG   :     x4  0000000000000000  x5  0000000000000090  x6  fefefefefefefeff  x7  7f7f7f7f7f7f7f7f
09-07 14:26:08.899  5384  5384 F DEBUG   :     x8  0101010101010101  x9  e086d6723b6a05bd  x10 0000007fd1ea9cf8  x11 fffffffffffffffd
09-07 14:26:08.899  5384  5384 F DEBUG   :     x12 0000007fd1ea9e80  x13 000000000000008e  x14 0032c87cebd6ac00  x15 0000000034155555
09-07 14:26:08.899  5384  5384 F DEBUG   :     x16 000000616b3847e0  x17 00000072e7be5b30  x18 00000072e8a58000  x19 0000000000000000
09-07 14:26:08.899  5384  5384 F DEBUG   :     x20 00000072e78bac50  x21 0000007fd1eaa599  x22 b4000071e7366598  x23 0000007fd1eaa5b8
09-07 14:26:08.899  5384  5384 F DEBUG   :     x24 0000000000000000  x25 00000072e7fc6000  x26 0000007fd1eaa599  x27 0000007fd1eaa569
09-07 14:26:08.899  5384  5384 F DEBUG   :     x28 0000000000000000  x29 0000007fd1eaa4a0
09-07 14:26:08.899  5384  5384 F DEBUG   :     lr  000000616b37b048  sp  0000007fd1eaa4a0  pc  00000072e7be5b40  pst 0000000080000000
09-07 14:26:08.903  5384  5384 F DEBUG   : backtrace:
09-07 14:26:08.903  5384  5384 F DEBUG   :       #00 pc 000000000004ab40  /apex/com.android.runtime/lib64/bionic/libc.so (strlen_default+16) (BuildId: 2b7c6e33413ac7278a15dfc3ea383089)
09-07 14:26:08.903  5384  5384 F DEBUG   :       #01 pc 0000000000009044  /vendor/bin/hw/vendor.harman.LogManager@1.0-service (BuildId: 3e966ab64050b441b920ba0e8960d123)
09-07 14:26:08.903  5384  5384 F DEBUG   :       #02 pc 0000000000008df0  /vendor/bin/hw/vendor.harman.LogManager@1.0-service (LM::LogManagerImpl::load_plugin_conf(void*, std::__1::basic_string<char, std::__1::char_traits<char>, std::__1::allocator<char> >, std::__1::multimap<std::__1::basic_string<char, std::__1::char_traits<char>, std::__1::allocator<char> >, int, std::__1::less<std::__1::basic_string<char, std::__1::char_traits<char>, std::__1::allocator<char> > >, std::__1::allocator<std::__1::pair<std::__1::basic_string<char, std::__1::char_traits<char>, std::__1::allocator<char> > const, int> > >&)+752) (BuildId: 3e966ab64050b441b920ba0e8960d123)
09-07 14:26:08.903  5384  5384 F DEBUG   :       #03 pc 00000000000088c0  /vendor/bin/hw/vendor.harman.LogManager@1.0-service (LM::LogManagerImpl::loadplugins()+436) (BuildId: 3e966ab64050b441b920ba0e8960d123)
09-07 14:26:08.904  5384  5384 F DEBUG   :       #04 pc 0000000000007af8  /vendor/bin/hw/vendor.harman.LogManager@1.0-service (main+1112) (BuildId: 3e966ab64050b441b920ba0e8960d123)
09-07 14:26:08.904  5384  5384 F DEBUG   :       #05 pc 000000000004988c  /apex/com.android.runtime/lib64/bionic/libc.so (__libc_init+108) (BuildId: 2b7c6e33413ac7278a15dfc3ea383089)
01-01 00:01:11.925     0     0 D logd    : logdr: UID=0 GID=1000 PID=5384 n tail=50 logMask=1 pid=5380 start=0ns timeout=0ns
01-01 00:01:11.944     0     0 D logd    : logdr: UID=0 GID=1000 PID=5384 n tail=0 logMask=8 pid=5380 start=0ns timeout=0ns
01-01 00:01:11.953     0     0 D logd    : logdr: UID=0 GID=1000 PID=5384 n tail=0 logMask=1 pid=5380 start=0ns timeout=0ns
01-01 00:01:11.963     0     0 I init    : Untracked pid 5384 exited with status 0
01-01 00:01:13.628     0     0 W audit   : audit_lost=490 audit_rate_limit=5 audit_backlog_limit=64
01-01 00:01:13.628     0     0 E audit   : rate limit exceeded
01-01 00:01:16.730     0     0 I init    : starting service 'qccsyshalservice'...
01-01 00:01:16.762     0     0 I init    : Service 'qccsyshalservice' (pid 5840) exited with status 1
01-01 00:01:16.763     0     0 I init    : Sending signal 9 to service 'qccsyshalservice' (pid 5840) process group...
01-01 00:01:16.763     0     0 I libprocessgroup: Successfully killed process cgroup uid 1000 pid 5840 in 0ms
01-01 00:01:16.797     0     0 I init    : starting service 'vendor.sensors-hal-1-0'...
01-01 00:01:16.811     0     0 I init    : starting service 'LogManager'...
01-01 00:01:16.829     0     0 I init    : Service 'vendor.sensors-hal-1-0' (pid 5844) exited with status 1
01-01 00:01:16.829     0     0 I init    : Sending signal 9 to service 'vendor.sensors-hal-1-0' (pid 5844) process group...
01-01 00:01:16.830     0     0 I libprocessgroup: Successfully killed process cgroup uid 1000 pid 5844 in 0ms
01-01 00:01:16.842     0     0 W audit   : audit_lost=496 audit_rate_limit=5 audit_backlog_limit=64
01-01 00:01:16.842     0     0 E audit   : rate limit exceeded
09-07 14:26:08.971  1033  1270 W NativeCrashListener: Couldn't find ProcessRecord for pid 5380
09-07 14:26:08.979  1033  1095 I BootReceiver: Copying /data/tombstones/tombstone_30 to DropBox (SYSTEM_TOMBSTONE)
09-07 14:26:08.981  1033  1095 I DropBoxManagerService: add tag=SYSTEM_TOMBSTONE isTagEnabled=true flags=0x2
09-07 14:26:09.143  1033  1223 I ActivityTaskManager: START u10 {act=android.intent.action.VIEW flg=0x14000000 cmp=com.samsung.android.automotive.launcher/.homescreen.apps.AppsActivity (has extras)} from uid 10141
09-07 14:26:09.170  1033  1223 W ActivityTaskManager: Tried to set launchTime (0) < mLastActivityLaunchTime (24681)
09-07 14:26:09.189  1033  1056 I ActivityManager: Killing 3241:android.process.acore/u10a71 (adj 985): empty #17
09-07 14:26:09.231  1033  2748 D CountryDetector: No listener is left
09-07 14:26:11.989  1033  2748 I ActivityTaskManager: START u10 {act=android.intent.action.MAIN cat=[android.intent.category.LAUNCHER] flg=0x10000000 cmp=com.android.car.settings/.common.CarSettingActivity} from uid 1010080
09-07 14:26:12.056  1033  1056 D CompatibilityChangeReporter: Compat change id reported: 136219221; UID 1010080; state: ENABLED
09-07 14:26:12.339  1033  2748 D CompatibilityChangeReporter: Compat change id reported: 136274596; UID 1001000; state: DISABLED
09-07 14:26:12.421  1033  1209 D ConnectivityService: NetReassign [no changes]
09-07 14:26:13.862  5845  5845 F libc    : Fatal signal 11 (SIGSEGV), code 1 (SEGV_MAPERR), fault addr 0x0 in tid 5845 (vendor.harman.L), pid 5845 (vendor.harman.L)
09-07 14:26:13.903  5852  5852 F DEBUG   : *** *** *** *** *** *** *** *** *** *** *** *** *** *** *** ***
09-07 14:26:13.904  5852  5852 F DEBUG   : Build fingerprint: 'qti/titan_tml_b2/titan_tml_b2:11/RQ3A.210605.005/eng.ksong.20210907.134230:userdebug/test-keys'
09-07 14:26:13.904  5852  5852 F DEBUG   : Revision: '0'
09-07 14:26:13.904  5852  5852 F DEBUG   : ABI: 'arm64'
09-07 14:26:13.905  5852  5852 F DEBUG   : Timestamp: 2021-09-07 14:26:13+0000
09-07 14:26:13.905  5852  5852 F DEBUG   : pid: 5845, tid: 5845, name: vendor.harman.L  >>> /vendor/bin/hw/vendor.harman.LogManager@1.0-service <<<
09-07 14:26:13.905  5852  5852 F DEBUG   : uid: 0
09-07 14:26:13.905  5852  5852 F DEBUG   : signal 11 (SIGSEGV), code 1 (SEGV_MAPERR), fault addr 0x0
09-07 14:26:13.905  5852  5852 F DEBUG   : Cause: null pointer dereference
09-07 14:26:13.905  5852  5852 F DEBUG   :     x0  0000000000000000  x1  0000000000000000  x2  0000000000080001  x3  0000000000000000
09-07 14:26:13.905  5852  5852 F DEBUG   :     x4  0000000000000000  x5  0000000000000090  x6  fefefefefefefeff  x7  7f7f7f7f7f7f7f7f
09-07 14:26:13.905  5852  5852 F DEBUG   :     x8  0101010101010101  x9  8886ac41dbc92f1c  x10 0000007ff02025d8  x11 fffffffffffffffd
09-07 14:26:13.905  5852  5852 F DEBUG   :     x12 0000007ff0202760  x13 000000000000008e  x14 00330585e9ee0000  x15 0000000034155555
09-07 14:26:13.906  5852  5852 F DEBUG   :     x16 0000005ea541f7e0  x17 0000007cebe90b30  x18 0000007ced182000  x19 0000000000000000
09-07 14:26:13.907  5852  5852 F DEBUG   :     x20 0000007cebd34c50  x21 0000007ff0202e79  x22 b400007beb643598  x23 0000007ff0202e98
09-07 14:26:13.907  5852  5852 F DEBUG   :     x24 0000000000000000  x25 0000007cec268000  x26 0000007ff0202e79  x27 0000007ff0202e49
09-07 14:26:13.907  5852  5852 F DEBUG   :     x28 0000000000000000  x29 0000007ff0202d80
09-07 14:26:13.907  5852  5852 F DEBUG   :     lr  0000005ea5416048  sp  0000007ff0202d80  pc  0000007cebe90b40  pst 0000000080000000
09-07 14:26:13.908  5852  5852 F DEBUG   : backtrace:
09-07 14:26:13.908  5852  5852 F DEBUG   :       #00 pc 000000000004ab40  /apex/com.android.runtime/lib64/bionic/libc.so (strlen_default+16) (BuildId: 2b7c6e33413ac7278a15dfc3ea383089)
09-07 14:26:13.908  5852  5852 F DEBUG   :       #01 pc 0000000000009044  /vendor/bin/hw/vendor.harman.LogManager@1.0-service (BuildId: 3e966ab64050b441b920ba0e8960d123)
09-07 14:26:13.908  5852  5852 F DEBUG   :       #02 pc 0000000000008df0  /vendor/bin/hw/vendor.harman.LogManager@1.0-service (LM::LogManagerImpl::load_plugin_conf(void*, std::__1::basic_string<char, std::__1::char_traits<char>, std::__1::allocator<char> >, std::__1::multimap<std::__1::basic_string<char, std::__1::char_traits<char>, std::__1::allocator<char> >, int, std::__1::less<std::__1::basic_string<char, std::__1::char_traits<char>, std::__1::allocator<char> > >, std::__1::allocator<std::__1::pair<std::__1::basic_string<char, std::__1::char_traits<char>, std::__1::allocator<char> > const, int> > >&)+752) (BuildId: 3e966ab64050b441b920ba0e8960d123)
09-07 14:26:13.908  5852  5852 F DEBUG   :       #03 pc 00000000000088c0  /vendor/bin/hw/vendor.harman.LogManager@1.0-service (LM::LogManagerImpl::loadplugins()+436) (BuildId: 3e966ab64050b441b920ba0e8960d123)
09-07 14:26:13.908  5852  5852 F DEBUG   :       #04 pc 0000000000007af8  /vendor/bin/hw/vendor.harman.LogManager@1.0-service (main+1112) (BuildId: 3e966ab64050b441b920ba0e8960d123)
09-07 14:26:13.909  5852  5852 F DEBUG   :       #05 pc 000000000004988c  /apex/com.android.runtime/lib64/bionic/libc.so (__libc_init+108) (BuildId: 2b7c6e33413ac7278a15dfc3ea383089)
01-01 00:01:16.923     0     0 D logd    : logdr: UID=0 GID=1000 PID=5852 n tail=50 logMask=1 pid=5845 start=0ns timeout=0ns
01-01 00:01:16.942     0     0 D logd    : logdr: UID=0 GID=1000 PID=5852 n tail=0 logMask=8 pid=5845 start=0ns timeout=0ns
01-01 00:01:16.950     0     0 D logd    : logdr: UID=0 GID=1000 PID=5852 n tail=0 logMask=1 pid=5845 start=0ns timeout=0ns
01-01 00:01:16.963     0     0 I init    : Service 'LogManager' (pid 5845) received signal 11
01-01 00:01:17.923     0     0 W audit   : audit_lost=517 audit_rate_limit=5 audit_backlog_limit=64
01-01 00:01:17.923     0     0 E audit   : rate limit exceeded
01-01 00:01:21.736     0     0 I init    : starting service 'qccsyshalservice'...
01-01 00:01:21.774     0     0 I init    : Service 'qccsyshalservice' (pid 6445) exited with status 1
01-01 00:01:21.775     0     0 I init    : Sending signal 9 to service 'qccsyshalservice' (pid 6445) process group...
01-01 00:01:21.775     0     0 I libprocessgroup: Successfully killed process cgroup uid 1000 pid 6445 in 0ms
01-01 00:01:21.804     0     0 I init    : starting service 'vendor.sensors-hal-1-0'...
01-01 00:01:21.815     0     0 I init    : starting service 'LogManager'...
01-01 00:01:21.832     0     0 I init    : Service 'vendor.sensors-hal-1-0' (pid 6458) exited with status 1
01-01 00:01:21.832     0     0 I init    : Sending signal 9 to service 'vendor.sensors-hal-1-0' (pid 6458) process group...
01-01 00:01:21.832     0     0 I libprocessgroup: Successfully killed process cgroup uid 1000 pid 6458 in 0ms
01-01 00:01:21.857     0     0 W audit   : audit_lost=519 audit_rate_limit=5 audit_backlog_limit=64
01-01 00:01:21.857     0     0 E audit   : rate limit exceeded
09-07 14:26:13.968  1033  1270 W NativeCrashListener: Couldn't find ProcessRecord for pid 5845
09-07 14:26:13.976  1033  1095 I BootReceiver: Copying /data/tombstones/tombstone_31 to DropBox (SYSTEM_TOMBSTONE)
09-07 14:26:13.979  1033  1095 I DropBoxManagerService: add tag=SYSTEM_TOMBSTONE isTagEnabled=true flags=0x2
09-07 14:26:14.295  1033  1055 I DropBoxManagerService: add tag=system_app_strictmode isTagEnabled=true flags=0x2
09-07 14:26:14.310  1033  1055 I chatty  : uid=1000(system) android.io identical 1 line
09-07 14:26:14.319  1033  1055 I DropBoxManagerService: add tag=system_app_strictmode isTagEnabled=true flags=0x2
09-07 14:26:15.055  1033  1848 E TaskPersister: File error accessing recents directory (directory doesn't exist?).
09-07 14:26:15.056  1033  1848 I chatty  : uid=1000(system) LazyTaskWriterT identical 1 line
09-07 14:26:15.057  1033  1848 E TaskPersister: File error accessing recents directory (directory doesn't exist?).
09-07 14:26:15.804  1033  1055 I DropBoxManagerService: add tag=system_app_strictmode isTagEnabled=true flags=0x2
09-07 14:26:15.816  1033  1055 I DropBoxManagerService: add tag=system_app_strictmode isTagEnabled=true flags=0x2
09-07 14:26:16.981  1033  1053 D CompatibilityChangeReporter: Compat change id reported: 135634846; UID 10149; state: DISABLED
09-07 14:26:16.982  1033  1053 D CompatibilityChangeReporter: Compat change id reported: 135754954; UID 10149; state: DISABLED
09-07 14:26:16.983  1033  1067 D CompatibilityChangeReporter: Compat change id reported: 143937733; UID 10149; state: DISABLED
09-07 14:26:17.019  1033  1067 I ActivityManager: Start proc 6114:com.android.permissioncontroller/u0a149 for service {com.android.permissioncontroller/com.android.permissioncontroller.permission.service.PermissionControllerServiceImpl}
09-07 14:26:17.848  1033  1055 I DropBoxManagerService: add tag=system_app_strictmode isTagEnabled=true flags=0x2
09-07 14:26:18.872  6462  6462 F libc    : Fatal signal 11 (SIGSEGV), code 1 (SEGV_MAPERR), fault addr 0x0 in tid 6462 (vendor.harman.L), pid 6462 (vendor.harman.L)
09-07 14:26:18.901  6475  6475 F DEBUG   : *** *** *** *** *** *** *** *** *** *** *** *** *** *** *** ***
09-07 14:26:18.902  6475  6475 F DEBUG   : Build fingerprint: 'qti/titan_tml_b2/titan_tml_b2:11/RQ3A.210605.005/eng.ksong.20210907.134230:userdebug/test-keys'
09-07 14:26:18.902  6475  6475 F DEBUG   : Revision: '0'
09-07 14:26:18.902  6475  6475 F DEBUG   : ABI: 'arm64'
09-07 14:26:18.903  6475  6475 F DEBUG   : Timestamp: 2021-09-07 14:26:18+0000
09-07 14:26:18.903  6475  6475 F DEBUG   : pid: 6462, tid: 6462, name: vendor.harman.L  >>> /vendor/bin/hw/vendor.harman.LogManager@1.0-service <<<
09-07 14:26:18.903  6475  6475 F DEBUG   : uid: 0
09-07 14:26:18.903  6475  6475 F DEBUG   : signal 11 (SIGSEGV), code 1 (SEGV_MAPERR), fault addr 0x0
09-07 14:26:18.903  6475  6475 F DEBUG   : Cause: null pointer dereference
09-07 14:26:18.903  6475  6475 F DEBUG   :     x0  0000000000000000  x1  0000000000000000  x2  0000000000080001  x3  0000000000000000
09-07 14:26:18.904  6475  6475 F DEBUG   :     x4  0000000000000000  x5  0000000000000090  x6  fefefefefefefeff  x7  7f7f7f7f7f7f7f7f
09-07 14:26:18.904  6475  6475 F DEBUG   :     x8  0101010101010101  x9  94ea06fd03ef369a  x10 0000007fd1f59a68  x11 fffffffffffffffd
09-07 14:26:18.904  6475  6475 F DEBUG   :     x12 0000007fd1f59bf0  x13 000000000000008e  x14 0033bca0e8048c00  x15 0000000034155555
09-07 14:26:18.904  6475  6475 F DEBUG   :     x16 00000055f50a07e0  x17 000000726d513b30  x18 000000726e576000  x19 0000000000000000
09-07 14:26:18.904  6475  6475 F DEBUG   :     x20 000000726d6b7c50  x21 0000007fd1f5a309  x22 b40000716d3d0888  x23 0000007fd1f5a328
09-07 14:26:18.904  6475  6475 F DEBUG   :     x24 0000000000000000  x25 000000726dfb9000  x26 0000007fd1f5a309  x27 0000007fd1f5a2d9
09-07 14:26:18.904  6475  6475 F DEBUG   :     x28 0000000000000000  x29 0000007fd1f5a210
09-07 14:26:18.904  6475  6475 F DEBUG   :     lr  00000055f5097048  sp  0000007fd1f5a210  pc  000000726d513b40  pst 0000000080000000
09-07 14:26:18.908  6475  6475 F DEBUG   : backtrace:
09-07 14:26:18.908  6475  6475 F DEBUG   :       #00 pc 000000000004ab40  /apex/com.android.runtime/lib64/bionic/libc.so (strlen_default+16) (BuildId: 2b7c6e33413ac7278a15dfc3ea383089)
09-07 14:26:18.908  6475  6475 F DEBUG   :       #01 pc 0000000000009044  /vendor/bin/hw/vendor.harman.LogManager@1.0-service (BuildId: 3e966ab64050b441b920ba0e8960d123)
09-07 14:26:18.909  6475  6475 F DEBUG   :       #02 pc 0000000000008df0  /vendor/bin/hw/vendor.harman.LogManager@1.0-service (LM::LogManagerImpl::load_plugin_conf(void*, std::__1::basic_string<char, std::__1::char_traits<char>, std::__1::allocator<char> >, std::__1::multimap<std::__1::basic_string<char, std::__1::char_traits<char>, std::__1::allocator<char> >, int, std::__1::less<std::__1::basic_string<char, std::__1::char_traits<char>, std::__1::allocator<char> > >, std::__1::allocator<std::__1::pair<std::__1::basic_string<char, std::__1::char_traits<char>, std::__1::allocator<char> > const, int> > >&)+752) (BuildId: 3e966ab64050b441b920ba0e8960d123)
09-07 14:26:18.909  6475  6475 F DEBUG   :       #03 pc 00000000000088c0  /vendor/bin/hw/vendor.harman.LogManager@1.0-service (LM::LogManagerImpl::loadplugins()+436) (BuildId: 3e966ab64050b441b920ba0e8960d123)
09-07 14:26:18.909  6475  6475 F DEBUG   :       #04 pc 0000000000007af8  /vendor/bin/hw/vendor.harman.LogManager@1.0-service (main+1112) (BuildId: 3e966ab64050b441b920ba0e8960d123)
09-07 14:26:18.909  6475  6475 F DEBUG   :       #05 pc 000000000004988c  /apex/com.android.runtime/lib64/bionic/libc.so (__libc_init+108) (BuildId: 2b7c6e33413ac7278a15dfc3ea383089)
01-01 00:01:21.929     0     0 D logd    : logdr: UID=0 GID=1000 PID=6475 n tail=50 logMask=1 pid=6462 start=0ns timeout=0ns
01-01 00:01:21.949     0     0 D logd    : logdr: UID=0 GID=1000 PID=6475 n tail=0 logMask=8 pid=6462 start=0ns timeout=0ns
01-01 00:01:21.957     0     0 D logd    : logdr: UID=0 GID=1000 PID=6475 n tail=0 logMask=1 pid=6462 start=0ns timeout=0ns
01-01 00:01:21.970     0     0 I init    : Untracked pid 6475 exited with status 0
01-01 00:01:24.640     0     0 I IRQ 5   : no longer affine to CPU5
01-01 00:01:24.992     0     0 I IRQ 5   : no longer affine to CPU4
01-01 00:01:25.584     0     0 I IRQ 5   : no longer affine to CPU5
01-01 00:01:26.746     0     0 I init    : starting service 'qccsyshalservice'...
01-01 00:01:26.780     0     0 I init    : Service 'qccsyshalservice' (pid 7219) exited with status 1
01-01 00:01:26.780     0     0 I init    : Sending signal 9 to service 'qccsyshalservice' (pid 7219) process group...
01-01 00:01:26.781     0     0 I libprocessgroup: Successfully killed process cgroup uid 1000 pid 7219 in 0ms
01-01 00:01:26.814     0     0 I init    : starting service 'vendor.sensors-hal-1-0'...
01-01 00:01:26.823     0     0 I init    : starting service 'LogManager'...
01-01 00:01:26.836     0     0 I init    : Service 'vendor.sensors-hal-1-0' (pid 7232) exited with status 1
01-01 00:01:26.836     0     0 I init    : Sending signal 9 to service 'vendor.sensors-hal-1-0' (pid 7232) process group...
01-01 00:01:26.836     0     0 I libprocessgroup: Successfully killed process cgroup uid 1000 pid 7232 in 0ms
01-01 00:01:26.863     0     0 W audit   : audit_lost=547 audit_rate_limit=5 audit_backlog_limit=64
01-01 00:01:26.863     0     0 E audit   : rate limit exceeded
01-01 00:01:26.948     0     0 D logd    : logdr: UID=0 GID=1000 PID=7249 n tail=50 logMask=8 pid=7233 start=0ns timeout=0ns
09-07 14:26:18.199  1033  1055 I chatty  : uid=1000(system) android.io identical 11 lines
09-07 14:26:18.206  1033  1055 I DropBoxManagerService: add tag=system_app_strictmode isTagEnabled=true flags=0x2
09-07 14:26:18.977  1033  1270 W NativeCrashListener: Couldn't find ProcessRecord for pid 6462
09-07 14:26:18.987  1033  1095 I BootReceiver: Copying /data/tombstones/tombstone_32 to DropBox (SYSTEM_TOMBSTONE)
09-07 14:26:18.989  1033  1095 I DropBoxManagerService: add tag=SYSTEM_TOMBSTONE isTagEnabled=true flags=0x2
09-07 14:26:23.879  7233  7233 F libc    : Fatal signal 11 (SIGSEGV), code 1 (SEGV_MAPERR), fault addr 0x0 in tid 7233 (vendor.harman.L), pid 7233 (vendor.harman.L)
09-07 14:26:23.921  7249  7249 F DEBUG   : *** *** *** *** *** *** *** *** *** *** *** *** *** *** *** ***
09-07 14:26:23.921  7249  7249 F DEBUG   : Build fingerprint: 'qti/titan_tml_b2/titan_tml_b2:11/RQ3A.210605.005/eng.ksong.20210907.134230:userdebug/test-keys'
09-07 14:26:23.921  7249  7249 F DEBUG   : Revision: '0'
09-07 14:26:23.921  7249  7249 F DEBUG   : ABI: 'arm64'
09-07 14:26:23.923  7249  7249 F DEBUG   : Timestamp: 2021-09-07 14:26:23+0000
09-07 14:26:23.923  7249  7249 F DEBUG   : pid: 7233, tid: 7233, name: vendor.harman.L  >>> /vendor/bin/hw/vendor.harman.LogManager@1.0-service <<<
09-07 14:26:23.923  7249  7249 F DEBUG   : uid: 0
09-07 14:26:23.923  7249  7249 F DEBUG   : signal 11 (SIGSEGV), code 1 (SEGV_MAPERR), fault addr 0x0
09-07 14:26:23.923  7249  7249 F DEBUG   : Cause: null pointer dereference
09-07 14:26:23.923  7249  7249 F DEBUG   :     x0  0000000000000000  x1  0000000000000000  x2  0000000000080001  x3  0000000000000000
09-07 14:26:23.923  7249  7249 F DEBUG   :     x4  0000000000000000  x5  0000000000000090  x6  fefefefefefefeff  x7  7f7f7f7f7f7f7f7f
09-07 14:26:23.923  7249  7249 F DEBUG   :     x8  0101010101010101  x9  68d3e52f49c1e768  x10 0000007fc0a328d8  x11 fffffffffffffffd
09-07 14:26:23.923  7249  7249 F DEBUG   :     x12 0000007fc0a32a60  x13 000000000000008e  x14 003436b2e61b7c00  x15 0000000034155555
09-07 14:26:23.924  7249  7249 F DEBUG   :     x16 0000005831b9f7e0  x17 0000007758b4db30  x18 0000007759950000  x19 0000000000000000
09-07 14:26:23.924  7249  7249 F DEBUG   :     x20 00000077589f0c50  x21 0000007fc0a33179  x22 b400007658270248  x23 0000007fc0a33198
09-07 14:26:23.924  7249  7249 F DEBUG   :     x24 0000000000000000  x25 0000007758eae000  x26 0000007fc0a33179  x27 0000007fc0a33149
09-07 14:26:23.924  7249  7249 F DEBUG   :     x28 0000000000000000  x29 0000007fc0a33080
09-07 14:26:23.924  7249  7249 F DEBUG   :     lr  0000005831b96048  sp  0000007fc0a33080  pc  0000007758b4db40  pst 0000000080000000
09-07 14:26:23.928  7249  7249 F DEBUG   : backtrace:
09-07 14:26:23.928  7249  7249 F DEBUG   :       #00 pc 000000000004ab40  /apex/com.android.runtime/lib64/bionic/libc.so (strlen_default+16) (BuildId: 2b7c6e33413ac7278a15dfc3ea383089)
09-07 14:26:23.928  7249  7249 F DEBUG   :       #01 pc 0000000000009044  /vendor/bin/hw/vendor.harman.LogManager@1.0-service (BuildId: 3e966ab64050b441b920ba0e8960d123)
09-07 14:26:23.928  7249  7249 F DEBUG   :       #02 pc 0000000000008df0  /vendor/bin/hw/vendor.harman.LogManager@1.0-service (LM::LogManagerImpl::load_plugin_conf(void*, std::__1::basic_string<char, std::__1::char_traits<char>, std::__1::allocator<char> >, std::__1::multimap<std::__1::basic_string<char, std::__1::char_traits<char>, std::__1::allocator<char> >, int, std::__1::less<std::__1::basic_string<char, std::__1::char_traits<char>, std::__1::allocator<char> > >, std::__1::allocator<std::__1::pair<std::__1::basic_string<char, std::__1::char_traits<char>, std::__1::allocator<char> > const, int> > >&)+752) (BuildId: 3e966ab64050b441b920ba0e8960d123)
09-07 14:26:23.928  7249  7249 F DEBUG   :       #03 pc 00000000000088c0  /vendor/bin/hw/vendor.harman.LogManager@1.0-service (LM::LogManagerImpl::loadplugins()+436) (BuildId: 3e966ab64050b441b920ba0e8960d123)
09-07 14:26:23.928  7249  7249 F DEBUG   :       #04 pc 0000000000007af8  /vendor/bin/hw/vendor.harman.LogManager@1.0-service (main+1112) (BuildId: 3e966ab64050b441b920ba0e8960d123)
09-07 14:26:23.928  7249  7249 F DEBUG   :       #05 pc 000000000004988c  /apex/com.android.runtime/lib64/bionic/libc.so (__libc_init+108) (BuildId: 2b7c6e33413ac7278a15dfc3ea383089)
01-01 00:01:26.956     0     0 D logd    : logdr: UID=0 GID=1000 PID=7249 n tail=50 logMask=1 pid=7233 start=0ns timeout=0ns
01-01 00:01:26.977     0     0 D logd    : logdr: UID=0 GID=1000 PID=7249 n tail=0 logMask=8 pid=7233 start=0ns timeout=0ns
01-01 00:01:26.984     0     0 D logd    : logdr: UID=0 GID=1000 PID=7249 n tail=0 logMask=1 pid=7233 start=0ns timeout=0ns
01-01 00:01:26.997     0     0 I init    : Untracked pid 7249 exited with status 0
01-01 00:01:28.977     0     0 I IRQ 5   : no longer affine to CPU4
01-01 00:01:29.536     0     0 I IRQ 5   : no longer affine to CPU5
01-01 00:01:29.856     0     0 I IRQ 5   : no longer affine to CPU5
01-01 00:01:31.753     0     0 I init    : starting service 'qccsyshalservice'...
01-01 00:01:31.775     0     0 I init    : Service 'qccsyshalservice' (pid 7939) exited with status 1
01-01 00:01:31.775     0     0 I init    : Sending signal 9 to service 'qccsyshalservice' (pid 7939) process group...
01-01 00:01:31.775     0     0 I libprocessgroup: Successfully killed process cgroup uid 1000 pid 7939 in 0ms
01-01 00:01:31.819     0     0 I init    : starting service 'vendor.sensors-hal-1-0'...
01-01 00:01:31.828     0     0 I init    : starting service 'LogManager'...
01-01 00:01:31.853     0     0 I init    : Service 'vendor.sensors-hal-1-0' (pid 7940) exited with status 1
01-01 00:01:31.853     0     0 I init    : Sending signal 9 to service 'vendor.sensors-hal-1-0' (pid 7940) process group...
01-01 00:01:31.853     0     0 I libprocessgroup: Successfully killed process cgroup uid 1000 pid 7940 in 0ms
01-01 00:01:31.868     0     0 W audit   : audit_lost=566 audit_rate_limit=5 audit_backlog_limit=64
01-01 00:01:31.868     0     0 E audit   : rate limit exceeded
01-01 00:01:31.968     0     0 D logd    : logdr: UID=0 GID=1000 PID=7954 n tail=0 logMask=8 pid=7941 start=0ns timeout=0ns
09-07 14:26:24.005  1033  1270 W NativeCrashListener: Couldn't find ProcessRecord for pid 7233
09-07 14:26:24.013  1033  1095 I BootReceiver: Copying /data/tombstones/tombstone_33 to DropBox (SYSTEM_TOMBSTONE)
09-07 14:26:24.016  1033  1095 I DropBoxManagerService: add tag=SYSTEM_TOMBSTONE isTagEnabled=true flags=0x2
09-07 14:26:28.883  7941  7941 F libc    : Fatal signal 11 (SIGSEGV), code 1 (SEGV_MAPERR), fault addr 0x0 in tid 7941 (vendor.harman.L), pid 7941 (vendor.harman.L)
09-07 14:26:28.919  7954  7954 F DEBUG   : *** *** *** *** *** *** *** *** *** *** *** *** *** *** *** ***
09-07 14:26:28.919  7954  7954 F DEBUG   : Build fingerprint: 'qti/titan_tml_b2/titan_tml_b2:11/RQ3A.210605.005/eng.ksong.20210907.134230:userdebug/test-keys'
09-07 14:26:28.920  7954  7954 F DEBUG   : Revision: '0'
09-07 14:26:28.920  7954  7954 F DEBUG   : ABI: 'arm64'
09-07 14:26:28.921  7954  7954 F DEBUG   : Timestamp: 2021-09-07 14:26:28+0000
09-07 14:26:28.921  7954  7954 F DEBUG   : pid: 7941, tid: 7941, name: vendor.harman.L  >>> /vendor/bin/hw/vendor.harman.LogManager@1.0-service <<<
09-07 14:26:28.921  7954  7954 F DEBUG   : uid: 0
09-07 14:26:28.921  7954  7954 F DEBUG   : signal 11 (SIGSEGV), code 1 (SEGV_MAPERR), fault addr 0x0
09-07 14:26:28.922  7954  7954 F DEBUG   : Cause: null pointer dereference
09-07 14:26:28.922  7954  7954 F DEBUG   :     x0  0000000000000000  x1  0000000000000000  x2  0000000000080001  x3  0000000000000000
09-07 14:26:28.922  7954  7954 F DEBUG   :     x4  0000000000000000  x5  0000000000000090  x6  fefefefefefefeff  x7  7f7f7f7f7f7f7f7f
09-07 14:26:28.922  7954  7954 F DEBUG   :     x8  0101010101010101  x9  9f2b625b3627c0a3  x10 0000007ff2de5278  x11 fffffffffffffffd
09-07 14:26:28.922  7954  7954 F DEBUG   :     x12 0000007ff2de5400  x13 000000000000008e  x14 003473bbe432d000  x15 0000000034155555
09-07 14:26:28.923  7954  7954 F DEBUG   :     x16 0000005b946467e0  x17 0000007499f66b30  x18 000000749abae000  x19 0000000000000000
09-07 14:26:28.923  7954  7954 F DEBUG   :     x20 0000007499bafc50  x21 0000007ff2de5b19  x22 b400007399907248  x23 0000007ff2de5b38
09-07 14:26:28.923  7954  7954 F DEBUG   :     x24 0000000000000000  x25 000000749a550000  x26 0000007ff2de5b19  x27 0000007ff2de5ae9
09-07 14:26:28.923  7954  7954 F DEBUG   :     x28 0000000000000000  x29 0000007ff2de5a20
09-07 14:26:28.923  7954  7954 F DEBUG   :     lr  0000005b9463d048  sp  0000007ff2de5a20  pc  0000007499f66b40  pst 0000000080000000
09-07 14:26:28.927  7954  7954 F DEBUG   : backtrace:
09-07 14:26:28.928  7954  7954 F DEBUG   :       #00 pc 000000000004ab40  /apex/com.android.runtime/lib64/bionic/libc.so (strlen_default+16) (BuildId: 2b7c6e33413ac7278a15dfc3ea383089)
09-07 14:26:28.928  7954  7954 F DEBUG   :       #01 pc 0000000000009044  /vendor/bin/hw/vendor.harman.LogManager@1.0-service (BuildId: 3e966ab64050b441b920ba0e8960d123)
09-07 14:26:28.928  7954  7954 F DEBUG   :       #02 pc 0000000000008df0  /vendor/bin/hw/vendor.harman.LogManager@1.0-service (LM::LogManagerImpl::load_plugin_conf(void*, std::__1::basic_string<char, std::__1::char_traits<char>, std::__1::allocator<char> >, std::__1::multimap<std::__1::basic_string<char, std::__1::char_traits<char>, std::__1::allocator<char> >, int, std::__1::less<std::__1::basic_string<char, std::__1::char_traits<char>, std::__1::allocator<char> > >, std::__1::allocator<std::__1::pair<std::__1::basic_string<char, std::__1::char_traits<char>, std::__1::allocator<char> > const, int> > >&)+752) (BuildId: 3e966ab64050b441b920ba0e8960d123)
09-07 14:26:28.929  7954  7954 F DEBUG   :       #03 pc 00000000000088c0  /vendor/bin/hw/vendor.harman.LogManager@1.0-service (LM::LogManagerImpl::loadplugins()+436) (BuildId: 3e966ab64050b441b920ba0e8960d123)
09-07 14:26:28.929  7954  7954 F DEBUG   :       #04 pc 0000000000007af8  /vendor/bin/hw/vendor.harman.LogManager@1.0-service (main+1112) (BuildId: 3e966ab64050b441b920ba0e8960d123)
09-07 14:26:28.929  7954  7954 F DEBUG   :       #05 pc 000000000004988c  /apex/com.android.runtime/lib64/bionic/libc.so (__libc_init+108) (BuildId: 2b7c6e33413ac7278a15dfc3ea383089)
01-01 00:01:31.975     0     0 D logd    : logdr: UID=0 GID=1000 PID=7954 n tail=0 logMask=1 pid=7941 start=0ns timeout=0ns
01-01 00:01:31.987     0     0 I init    : Service 'LogManager' (pid 7941) received signal 11
01-01 00:01:32.288     0     0 I IRQ 5   : no longer affine to CPU5
01-01 00:01:36.128     0     0 I IRQ 5   : no longer affine to CPU4
01-01 00:01:36.416     0     0 I IRQ 5   : no longer affine to CPU4
01-01 00:01:36.762     0     0 I init    : starting service 'qccsyshalservice'...
01-01 00:01:36.797     0     0 I init    : Service 'qccsyshalservice' (pid 8686) exited with status 1
01-01 00:01:36.797     0     0 I init    : Sending signal 9 to service 'qccsyshalservice' (pid 8686) process group...
01-01 00:01:36.797     0     0 I libprocessgroup: Successfully killed process cgroup uid 1000 pid 8686 in 0ms
01-01 00:01:36.825     0     0 I init    : starting service 'vendor.sensors-hal-1-0'...
01-01 00:01:36.832     0     0 I init    : starting service 'LogManager'...
01-01 00:01:36.858     0     0 I init    : Service 'vendor.sensors-hal-1-0' (pid 8696) exited with status 1
01-01 00:01:36.858     0     0 I init    : Sending signal 9 to service 'vendor.sensors-hal-1-0' (pid 8696) process group...
01-01 00:01:36.859     0     0 I libprocessgroup: Successfully killed process cgroup uid 1000 pid 8696 in 0ms
01-01 00:01:36.869     0     0 W audit   : audit_lost=583 audit_rate_limit=5 audit_backlog_limit=64
01-01 00:01:36.869     0     0 E audit   : rate limit exceeded
09-07 14:26:28.993  1033  1270 W NativeCrashListener: Couldn't find ProcessRecord for pid 7941
09-07 14:26:29.008  1033  1095 I BootReceiver: Copying /data/tombstones/tombstone_34 to DropBox (SYSTEM_TOMBSTONE)
09-07 14:26:29.010  1033  1095 I DropBoxManagerService: add tag=SYSTEM_TOMBSTONE isTagEnabled=true flags=0x2
09-07 14:26:33.885  8700  8700 F libc    : Fatal signal 11 (SIGSEGV), code 1 (SEGV_MAPERR), fault addr 0x0 in tid 8700 (vendor.harman.L), pid 8700 (vendor.harman.L)
09-07 14:26:33.913  8713  8713 F DEBUG   : *** *** *** *** *** *** *** *** *** *** *** *** *** *** *** ***
09-07 14:26:33.913  8713  8713 F DEBUG   : Build fingerprint: 'qti/titan_tml_b2/titan_tml_b2:11/RQ3A.210605.005/eng.ksong.20210907.134230:userdebug/test-keys'
09-07 14:26:33.913  8713  8713 F DEBUG   : Revision: '0'
09-07 14:26:33.914  8713  8713 F DEBUG   : ABI: 'arm64'
09-07 14:26:33.915  8713  8713 F DEBUG   : Timestamp: 2021-09-07 14:26:33+0000
09-07 14:26:33.916  8713  8713 F DEBUG   : pid: 8700, tid: 8700, name: vendor.harman.L  >>> /vendor/bin/hw/vendor.harman.LogManager@1.0-service <<<
09-07 14:26:33.916  8713  8713 F DEBUG   : uid: 0
09-07 14:26:33.916  8713  8713 F DEBUG   : signal 11 (SIGSEGV), code 1 (SEGV_MAPERR), fault addr 0x0
09-07 14:26:33.916  8713  8713 F DEBUG   : Cause: null pointer dereference
09-07 14:26:33.916  8713  8713 F DEBUG   :     x0  0000000000000000  x1  0000000000000000  x2  0000000000080001  x3  0000000000000000
09-07 14:26:33.916  8713  8713 F DEBUG   :     x4  0000000000000000  x5  0000000000000090  x6  fefefefefefefeff  x7  7f7f7f7f7f7f7f7f
09-07 14:26:33.917  8713  8713 F DEBUG   :     x8  0101010101010101  x9  796a2df8bfc48c8b  x10 0000007fd0520418  x11 fffffffffffffffd
09-07 14:26:33.917  8713  8713 F DEBUG   :     x12 0000007fd05205a0  x13 000000000000008e  x14 003473bbe24a8800  x15 0000000034155555
09-07 14:26:33.917  8713  8713 F DEBUG   :     x16 0000005aa800d7e0  x17 0000007e09a28b30  x18 0000007e0aafe000  x19 0000000000000000
09-07 14:26:33.917  8713  8713 F DEBUG   :     x20 0000007e09878c50  x21 0000007fd0520cb9  x22 b400007d0946f5c8  x23 0000007fd0520cd8
09-07 14:26:33.917  8713  8713 F DEBUG   :     x24 0000000000000000  x25 0000007e0a0a8000  x26 0000007fd0520cb9  x27 0000007fd0520c89
09-07 14:26:33.917  8713  8713 F DEBUG   :     x28 0000000000000000  x29 0000007fd0520bc0
09-07 14:26:33.917  8713  8713 F DEBUG   :     lr  0000005aa8004048  sp  0000007fd0520bc0  pc  0000007e09a28b40  pst 0000000080000000
09-07 14:26:33.921  8713  8713 F DEBUG   : backtrace:
09-07 14:26:33.931  8713  8713 F DEBUG   :       #00 pc 000000000004ab40  /apex/com.android.runtime/lib64/bionic/libc.so (strlen_default+16) (BuildId: 2b7c6e33413ac7278a15dfc3ea383089)
09-07 14:26:33.931  8713  8713 F DEBUG   :       #01 pc 0000000000009044  /vendor/bin/hw/vendor.harman.LogManager@1.0-service (BuildId: 3e966ab64050b441b920ba0e8960d123)
09-07 14:26:33.931  8713  8713 F DEBUG   :       #02 pc 0000000000008df0  /vendor/bin/hw/vendor.harman.LogManager@1.0-service (LM::LogManagerImpl::load_plugin_conf(void*, std::__1::basic_string<char, std::__1::char_traits<char>, std::__1::allocator<char> >, std::__1::multimap<std::__1::basic_string<char, std::__1::char_traits<char>, std::__1::allocator<char> >, int, std::__1::less<std::__1::basic_string<char, std::__1::char_traits<char>, std::__1::allocator<char> > >, std::__1::allocator<std::__1::pair<std::__1::basic_string<char, std::__1::char_traits<char>, std::__1::allocator<char> > const, int> > >&)+752) (BuildId: 3e966ab64050b441b920ba0e8960d123)
09-07 14:26:33.931  8713  8713 F DEBUG   :       #03 pc 00000000000088c0  /vendor/bin/hw/vendor.harman.LogManager@1.0-service (LM::LogManagerImpl::loadplugins()+436) (BuildId: 3e966ab64050b441b920ba0e8960d123)
09-07 14:26:33.931  8713  8713 F DEBUG   :       #04 pc 0000000000007af8  /vendor/bin/hw/vendor.harman.LogManager@1.0-service (main+1112) (BuildId: 3e966ab64050b441b920ba0e8960d123)
09-07 14:26:33.931  8713  8713 F DEBUG   :       #05 pc 000000000004988c  /apex/com.android.runtime/lib64/bionic/libc.so (__libc_init+108) (BuildId: 2b7c6e33413ac7278a15dfc3ea383089)
01-01 00:01:36.978     0     0 D logd    : logdr: UID=0 GID=1000 PID=8713 n tail=0 logMask=1 pid=8700 start=0ns timeout=0ns
01-01 00:01:36.989     0     0 I init    : Untracked pid 8713 exited with status 0
01-01 00:01:38.368     0     0 I IRQ 5   : no longer affine to CPU5
01-01 00:01:39.120     0     0 I IRQ 5   : no longer affine to CPU4
01-01 00:01:41.771     0     0 I init    : starting service 'qccsyshalservice'...
01-01 00:01:41.808     0     0 I init    : Service 'qccsyshalservice' (pid 9473) exited with status 1
01-01 00:01:41.808     0     0 I init    : Sending signal 9 to service 'qccsyshalservice' (pid 9473) process group...
01-01 00:01:41.809     0     0 I libprocessgroup: Successfully killed process cgroup uid 1000 pid 9473 in 0ms
01-01 00:01:41.830     0     0 I init    : starting service 'vendor.sensors-hal-1-0'...
01-01 00:01:41.839     0     0 I init    : starting service 'LogManager'...
01-01 00:01:41.885     0     0 I init    : Service 'vendor.sensors-hal-1-0' (pid 9480) exited with status 1
01-01 00:01:41.885     0     0 I init    : Sending signal 9 to service 'vendor.sensors-hal-1-0' (pid 9480) process group...
01-01 00:01:41.886     0     0 I libprocessgroup: Successfully killed process cgroup uid 1000 pid 9480 in 0ms
01-01 00:01:41.892     0     0 W audit   : audit_lost=608 audit_rate_limit=5 audit_backlog_limit=64
01-01 00:01:41.892     0     0 E audit   : rate limit exceeded
09-07 14:26:33.996  1033  1270 W NativeCrashListener: Couldn't find ProcessRecord for pid 8700
09-07 14:26:34.005  1033  1095 I BootReceiver: Copying /data/tombstones/tombstone_35 to DropBox (SYSTEM_TOMBSTONE)
09-07 14:26:34.008  1033  1095 I DropBoxManagerService: add tag=SYSTEM_TOMBSTONE isTagEnabled=true flags=0x2
09-07 14:26:38.590  1033  2897 I ActivityManager: Killing 4479:com.android.permissioncontroller/u10a149 (adj 985): empty #17
09-07 14:26:38.599  1033  1223 I ActivityTaskManager: START u10 {act=android.bluetooth.device.action.PAIRING_REQUEST cmp=com.android.car.settings/.bluetooth.BluetoothPairingDialog (has extras)} from uid 1001000
09-07 14:26:38.601  1033  1223 W ActivityTaskManager: startActivity called from non-Activity context; forcing Intent.FLAG_ACTIVITY_NEW_TASK for: Intent { act=android.bluetooth.device.action.PAIRING_REQUEST flg=0x800000 cmp=com.android.car.settings/.bluetooth.BluetoothPairingDialog (has extras) }
09-07 14:26:38.636  1033  2897 W ActivityTaskManager: Tried to set launchTime (0) < mLastActivityLaunchTime (75004)
09-07 14:26:38.907  9481  9481 F libc    : Fatal signal 11 (SIGSEGV), code 1 (SEGV_MAPERR), fault addr 0x0 in tid 9481 (vendor.harman.L), pid 9481 (vendor.harman.L)
09-07 14:26:38.949  9492  9492 F DEBUG   : *** *** *** *** *** *** *** *** *** *** *** *** *** *** *** ***
09-07 14:26:38.949  9492  9492 F DEBUG   : Build fingerprint: 'qti/titan_tml_b2/titan_tml_b2:11/RQ3A.210605.005/eng.ksong.20210907.134230:userdebug/test-keys'
09-07 14:26:38.951  9492  9492 F DEBUG   : Revision: '0'
09-07 14:26:38.951  9492  9492 F DEBUG   : ABI: 'arm64'
09-07 14:26:38.954  9492  9492 F DEBUG   : Timestamp: 2021-09-07 14:26:38+0000
09-07 14:26:38.954  9492  9492 F DEBUG   : pid: 9481, tid: 9481, name: vendor.harman.L  >>> /vendor/bin/hw/vendor.harman.LogManager@1.0-service <<<
09-07 14:26:38.954  9492  9492 F DEBUG   : uid: 0
09-07 14:26:38.955  9492  9492 F DEBUG   : signal 11 (SIGSEGV), code 1 (SEGV_MAPERR), fault addr 0x0
09-07 14:26:38.955  9492  9492 F DEBUG   : Cause: null pointer dereference
09-07 14:26:38.955  9492  9492 F DEBUG   :     x0  0000000000000000  x1  0000000000000000  x2  0000000000080001  x3  0000000000000000
09-07 14:26:38.955  9492  9492 F DEBUG   :     x4  0000000000000000  x5  0000000000000090  x6  fefefefefefefeff  x7  7f7f7f7f7f7f7f7f
09-07 14:26:38.956  9492  9492 F DEBUG   :     x8  0101010101010101  x9  7337a220f24c9450  x10 0000007fe1b80278  x11 fffffffffffffffd
09-07 14:26:38.956  9492  9492 F DEBUG   :     x12 0000007fe1b80400  x13 000000000000008e  x14 0035e1f1e05fe800  x15 0000000034155555
09-07 14:26:38.956  9492  9492 F DEBUG   :     x16 0000005621f9e7e0  x17 0000006feae9fb30  x18 0000006fec3f0000  x19 0000000000000000
09-07 14:26:38.956  9492  9492 F DEBUG   :     x20 0000006feb1f3c50  x21 0000007fe1b80b19  x22 b400006eeaa1f568  x23 0000007fe1b80b38
09-07 14:26:38.957  9492  9492 F DEBUG   :     x24 0000000000000000  x25 0000006feb66d000  x26 0000007fe1b80b19  x27 0000007fe1b80ae9
09-07 14:26:38.957  9492  9492 F DEBUG   :     x28 0000000000000000  x29 0000007fe1b80a20
09-07 14:26:38.957  9492  9492 F DEBUG   :     lr  0000005621f95048  sp  0000007fe1b80a20  pc  0000006feae9fb40  pst 0000000080000000
09-07 14:26:38.963  9492  9492 F DEBUG   : backtrace:
09-07 14:26:38.963  9492  9492 F DEBUG   :       #00 pc 000000000004ab40  /apex/com.android.runtime/lib64/bionic/libc.so (strlen_default+16) (BuildId: 2b7c6e33413ac7278a15dfc3ea383089)
09-07 14:26:38.964  9492  9492 F DEBUG   :       #01 pc 0000000000009044  /vendor/bin/hw/vendor.harman.LogManager@1.0-service (BuildId: 3e966ab64050b441b920ba0e8960d123)
09-07 14:26:38.964  9492  9492 F DEBUG   :       #02 pc 0000000000008df0  /vendor/bin/hw/vendor.harman.LogManager@1.0-service (LM::LogManagerImpl::load_plugin_conf(void*, std::__1::basic_string<char, std::__1::char_traits<char>, std::__1::allocator<char> >, std::__1::multimap<std::__1::basic_string<char, std::__1::char_traits<char>, std::__1::allocator<char> >, int, std::__1::less<std::__1::basic_string<char, std::__1::char_traits<char>, std::__1::allocator<char> > >, std::__1::allocator<std::__1::pair<std::__1::basic_string<char, std::__1::char_traits<char>, std::__1::allocator<char> > const, int> > >&)+752) (BuildId: 3e966ab64050b441b920ba0e8960d123)
09-07 14:26:38.964  9492  9492 F DEBUG   :       #03 pc 00000000000088c0  /vendor/bin/hw/vendor.harman.LogManager@1.0-service (LM::LogManagerImpl::loadplugins()+436) (BuildId: 3e966ab64050b441b920ba0e8960d123)
09-07 14:26:38.964  9492  9492 F DEBUG   :       #04 pc 0000000000007af8  /vendor/bin/hw/vendor.harman.LogManager@1.0-service (main+1112) (BuildId: 3e966ab64050b441b920ba0e8960d123)
09-07 14:26:38.964  9492  9492 F DEBUG   :       #05 pc 000000000004988c  /apex/com.android.runtime/lib64/bionic/libc.so (__libc_init+108) (BuildId: 2b7c6e33413ac7278a15dfc3ea383089)
01-01 00:01:41.983     0     0 D logd    : logdr: UID=0 GID=1000 PID=9492 n tail=50 logMask=1 pid=9481 start=0ns timeout=0ns
01-01 00:01:42.009     0     0 D logd    : logdr: UID=0 GID=1000 PID=9492 n tail=0 logMask=8 pid=9481 start=0ns timeout=0ns
01-01 00:01:42.016     0     0 D logd    : logdr: UID=0 GID=1000 PID=9492 n tail=0 logMask=1 pid=9481 start=0ns timeout=0ns
01-01 00:01:42.026     0     0 I init    : Untracked pid 9492 exited with status 0
01-01 00:01:45.648     0     0 I IRQ 5   : no longer affine to CPU5
01-01 00:01:46.416     0     0 I IRQ 5   : no longer affine to CPU5
01-01 00:01:46.781     0     0 I init    : starting service 'qccsyshalservice'...
01-01 00:01:46.805     0     0 I init    : Service 'qccsyshalservice' (pid 10248) exited with status 1
01-01 00:01:46.805     0     0 I init    : Sending signal 9 to service 'qccsyshalservice' (pid 10248) process group...
01-01 00:01:46.805     0     0 I libprocessgroup: Successfully killed process cgroup uid 1000 pid 10248 in 0ms
01-01 00:01:46.835     0     0 I init    : starting service 'vendor.sensors-hal-1-0'...
01-01 00:01:46.845     0     0 I init    : starting service 'LogManager'...
01-01 00:01:46.860     0     0 I init    : Service 'vendor.sensors-hal-1-0' (pid 10258) exited with status 1
01-01 00:01:46.860     0     0 I init    : Sending signal 9 to service 'vendor.sensors-hal-1-0' (pid 10258) process group...
01-01 00:01:46.860     0     0 I libprocessgroup: Successfully killed process cgroup uid 1000 pid 10258 in 0ms
01-01 00:01:46.878     0     0 W audit   : audit_lost=636 audit_rate_limit=5 audit_backlog_limit=64
01-01 00:01:46.878     0     0 E audit   : rate limit exceeded
01-01 00:01:46.979     0     0 I init    : Service 'LogManager' (pid 10262) received signal 11
01-01 00:01:47.776     0     0 I IRQ 5   : no longer affine to CPU5
01-01 00:01:48.128     0     0 I IRQ 5   : no longer affine to CPU5
01-01 00:01:48.514     0     0 W audit   : audit_lost=654 audit_rate_limit=5 audit_backlog_limit=64
01-01 00:01:48.514     0     0 E audit   : rate limit exceeded
01-01 00:01:51.208     0     0 I binder  : undelivered transaction 142206, process died.
01-01 00:01:51.208     0     0 I binder  : undelivered TRANSACTION_COMPLETE
01-01 00:01:51.208     0     0 I binder  : undelivered transaction 142162, process died.
01-01 00:01:51.209     0     0 I binder  : undelivered transaction 142223, process died.
01-01 00:01:51.496     0     0 I binder  : 1033:1033 transaction failed 29189/-22, size 92-0 line 3139
01-01 00:01:51.788     0     0 I init    : starting service 'qccsyshalservice'...
01-01 00:01:51.835     0     0 W audit   : audit_lost=655 audit_rate_limit=5 audit_backlog_limit=64
01-01 00:01:51.835     0     0 E audit   : rate limit exceeded
01-01 00:01:51.837     0     0 I init    : Service 'qccsyshalservice' (pid 11037) exited with status 1
01-01 00:01:51.839     0     0 I init    : Sending signal 9 to service 'qccsyshalservice' (pid 11037) process group...
01-01 00:01:51.839     0     0 I libprocessgroup: Successfully killed process cgroup uid 1000 pid 11037 in 0ms
01-01 00:01:51.842     0     0 I init    : starting service 'vendor.sensors-hal-1-0'...
01-01 00:01:51.850     0     0 I init    : starting service 'LogManager'...
01-01 00:01:51.884     0     0 I init    : Service 'vendor.sensors-hal-1-0' (pid 11038) exited with status 1
01-01 00:01:51.884     0     0 I init    : Sending signal 9 to service 'vendor.sensors-hal-1-0' (pid 11038) process group...
01-01 00:01:51.885     0     0 I libprocessgroup: Successfully killed process cgroup uid 1000 pid 11038 in 0ms
01-01 00:01:52.042     0     0 I init    : Untracked pid 11049 exited with status 0
01-01 00:01:53.186     0     0 W audit   : audit_lost=686 audit_rate_limit=5 audit_backlog_limit=64
01-01 00:01:53.186     0     0 E audit   : rate limit exceeded
01-01 00:01:54.016     0     0 I IRQ 5   : no longer affine to CPU4
01-01 00:01:56.793     0     0 I init    : starting service 'qccsyshalservice'...
01-01 00:01:56.828     0     0 I init    : Service 'qccsyshalservice' (pid 11676) exited with status 1
01-01 00:01:56.828     0     0 I init    : Sending signal 9 to service 'qccsyshalservice' (pid 11676) process group...
01-01 00:01:56.829     0     0 I libprocessgroup: Successfully killed process cgroup uid 1000 pid 11676 in 0ms
01-01 00:01:56.847     0     0 I init    : starting service 'vendor.sensors-hal-1-0'...
01-01 00:01:56.855     0     0 I init    : starting service 'LogManager'...
01-01 00:01:56.878     0     0 I init    : Service 'vendor.sensors-hal-1-0' (pid 11677) exited with status 1
01-01 00:01:56.878     0     0 I init    : Sending signal 9 to service 'vendor.sensors-hal-1-0' (pid 11677) process group...
01-01 00:01:56.878     0     0 I libprocessgroup: Successfully killed process cgroup uid 1000 pid 11677 in 0ms
01-01 00:01:56.909     0     0 W audit   : audit_lost=688 audit_rate_limit=5 audit_backlog_limit=64
01-01 00:01:56.909     0     0 E audit   : rate limit exceeded
01-01 00:01:57.334     0     0 I init    : Service 'LogManager' (pid 11678) received signal 11
01-01 00:01:57.744     0     0 I         : ------------[ cut here ]------------
01-01 00:01:57.745     0     0 W         : WARNING: CPU: 0 PID: 382 at techpack/audio/asoc/msm-pcm-q6-v2.c:660 msm_pcm_trigger+0x12c/0x1a4 [platform_dlkm]
01-01 00:01:57.745     0     0 I         : Modules linked in: fs3ipc_dlkm(O) machine_dlkm hdmi_dlkm stub_dlkm swr_dlkm native_dlkm platform_dlkm q6_dlkm adsp_loader_dlkm apr_dlkm q6_notifier_dlkm snd_event_dlkm
01-01 00:01:57.745     0     0 I         : CPU: 0 PID: 382 Comm: logd.writer Tainted: G S      W  O      5.4.61-qgki-debug+ #1
01-01 00:01:57.745     0     0 I Hardware name: HARMAN INTL. SA6155P TITAN-TML-GEN3 (DT)
01-01 00:01:57.745     0     0 I pstate  : 40400085 (nZcv daIf +PAN -UAO)
01-01 00:01:57.746     0     0 I pc      : msm_pcm_trigger+0x12c/0x1a4 [platform_dlkm]
01-01 00:01:57.746     0     0 I lr      : snd_soc_component_trigger+0x48/0x94
01-01 00:01:57.746     0     0 I sp      : ffffffc0100034d0
01-01 00:01:57.746     0     0 I         : x29: ffffffc0100034d0 x28: ffffffd5ba2f3a64
01-01 00:01:57.746     0     0 I         : x27: ffffffd5b9701404 x26: 0000000000000180
01-01 00:01:57.746     0     0 I         : x25: 0000000000000000 x24: ffffff80afa8bed8
01-01 00:01:57.746     0     0 I         : x23: ffffff80b4954e88 x22: ffffff80afa8b800
01-01 00:01:57.746     0     0 I         : x21: ffffff80b455cb80 x20: ffffff8084e7b700
01-01 00:01:57.746     0     0 I         : x19: ffffff8084e7b748 x18: ffffffc010005110
01-01 00:01:57.746     0     0 I         : x17: 0000000000000000 x16: ffffffd5b9712190
01-01 00:01:57.746     0     0 I         : x15: ffffffd5ba33d65f x14: 6c2038343a657a69
01-01 00:01:57.746     0     0 I         : x13: 735f6b6e75686320 x12: 0000000000000480
01-01 00:01:57.746     0     0 I         : x11: 000000000000001b x10: 000000000000ffff
01-01 00:01:57.746     0     0 I         : x9 : 0000000000000028 x8 : 0000000000000008
01-01 00:01:57.746     0     0 I         : x7 : 0000000088c810e8 x6 : ffffff80b2b643e8
01-01 00:01:57.746     0     0 I         : x5 : 0000000002010000 x4 : 0000000000010d99
01-01 00:01:57.746     0     0 I         : x3 : 0000000000010d99 x2 : 0000000000000000
01-01 00:01:57.746     0     0 I         : x1 : 0000000000000000 x0 : 00000000ffffffea
01-01 00:01:57.746     0     0 I Call trace:  
01-01 00:01:57.747     0     0 I         : msm_pcm_trigger+0x12c/0x1a4 [platform_dlkm]
01-01 00:01:57.747     0     0 I         : snd_soc_component_trigger+0x48/0x94
01-01 00:01:57.747     0     0 I         : soc_pcm_trigger+0x80/0x114
01-01 00:01:57.747     0     0 I         : dpcm_fe_dai_do_trigger+0x208/0x2ec
01-01 00:01:57.747     0     0 I         : dpcm_fe_dai_trigger+0x40/0x4c
01-01 00:01:57.747     0     0 I         : snd_pcm_do_stop+0x68/0xa0
01-01 00:01:57.747     0     0 I         : snd_pcm_action_single.llvm.14044699514215701616+0x70/0x168
01-01 00:01:57.747     0     0 I         : snd_pcm_stop+0x80/0xb4
01-01 00:01:57.747     0     0 I         : __snd_pcm_xrun+0x8c/0xb8
01-01 00:01:57.747     0     0 I         : snd_pcm_update_state+0xe4/0x120
01-01 00:01:57.747     0     0 I         : snd_pcm_update_hw_ptr0.llvm.11195819440534071900+0x344/0x3c8
01-01 00:01:57.747     0     0 I         : snd_pcm_period_elapsed+0x58/0xa0
01-01 00:01:57.748     0     0 I         : event_handler+0xd8/0x8b0 [platform_dlkm]
01-01 00:01:57.748     0     0 I         : q6asm_callback+0x684/0x1094 [q6_dlkm]
01-01 00:01:57.748     0     0 I         : apr_cb_func+0x7a8/0x9c0 [apr_dlkm]
01-01 00:01:57.748     0     0 I         : apr_tal_rpmsg_callback+0xc0/0xf8 [apr_dlkm]
01-01 00:01:57.748     0     0 I         : qcom_glink_rx_data+0x220/0x534
01-01 00:01:57.748     0     0 I         : qcom_glink_native_intr+0x8c/0x464
01-01 00:01:57.748     0     0 I         : __handle_irq_event_percpu+0x164/0x358
01-01 00:01:57.748     0     0 I         : handle_irq_event+0x60/0xd8
01-01 00:01:57.748     0     0 I         : handle_fasteoi_irq+0x128/0x32c
01-01 00:01:57.748     0     0 I         : __handle_domain_irq+0xa0/0x100
01-01 00:01:57.748     0     0 I         : gic_handle_irq+0xcc/0x168
01-01 00:01:57.748     0     0 I         : el1_irq+0x104/0x200
01-01 00:01:57.748     0     0 I         : cmpxchg_double_slab+0xf8/0x21c
01-01 00:01:57.748     0     0 I         : __slab_free+0xa4/0x368
01-01 00:01:57.748     0     0 I         : kmem_cache_free+0x338/0x458
01-01 00:01:57.748     0     0 I         : file_free_rcu+0x64/0x90
01-01 00:01:57.748     0     0 I         : rcu_do_batch+0x19c/0x37c
01-01 00:01:57.748     0     0 I         : rcu_core+0x2b4/0x4fc
01-01 00:01:57.748     0     0 I         : rcu_core_si+0x10/0x1c
01-01 00:01:57.748     0     0 I         : __do_softirq+0x1e8/0x44c
01-01 00:01:57.748     0     0 I         : irq_exit+0xbc/0xc0
01-01 00:01:57.748     0     0 I         : __handle_domain_irq+0xa8/0x100
01-01 00:01:57.748     0     0 I         : gic_handle_irq+0xcc/0x168
01-01 00:01:57.748     0     0 I         : el0_irq_naked+0x60/0x6c
01-01 00:01:57.748     0     0 W         : ---[ end trace ca98f18c7032045d ]---
01-01 00:01:58.894     0     0 W audit   : audit_lost=712 audit_rate_limit=5 audit_backlog_limit=64
01-01 00:01:58.894     0     0 E audit   : rate limit exceeded
01-01 00:02:00.080     0     0 I IRQ 5   : no longer affine to CPU4
01-01 00:02:00.398     0     0 I binder  : release 1326:1326 transaction 158281 out, still active
01-01 00:02:00.398     0     0 I binder  : undelivered TRANSACTION_COMPLETE
01-01 00:02:00.402     0     0 I binder  : 3154:3154 transaction failed 29189/-22, size 100-8 line 3139
01-01 00:02:00.403     0     0 I binder  : 1755:1755 transaction failed 29189/-22, size 120-8 line 3139
01-01 00:02:00.404     0     0 I binder  : 3033:3033 transaction failed 29189/-22, size 100-8 line 3139
01-01 00:02:00.406     0     0 I binder  : 3033:3033 transaction failed 29189/-22, size 104-0 line 3139
01-01 00:02:00.409     0     0 I binder  : 10939:10939 transaction failed 29189/-22, size 100-8 line 3139
01-01 00:02:00.469     0     0 I binder  : undelivered transaction 163880, process died.
01-01 00:02:00.469     0     0 I binder  : undelivered transaction 163881, process died.
01-01 00:02:00.469     0     0 I binder  : undelivered transaction 163879, process died.
01-01 00:02:00.470     0     0 I binder  : release 1558:1586 transaction 158281 in, still active
01-01 00:02:00.470     0     0 I binder  : send failed reply for transaction 158281, target dead
01-01 00:02:00.470     0     0 I binder  : undelivered transaction 163862, process died.
01-01 00:02:00.470     0     0 I binder  : undelivered transaction 163875, process died.
01-01 00:02:00.470     0     0 I binder  : undelivered transaction 163876, process died.
01-01 00:02:00.470     0     0 I binder  : undelivered transaction 163878, process died.
01-01 00:02:00.476     0     0 I binder  : undelivered transaction 163857, process died.
01-01 00:02:00.476     0     0 I binder  : undelivered transaction 163870, process died.
01-01 00:02:00.476     0     0 I binder  : undelivered transaction 163871, process died.
01-01 00:02:00.501     0     0 I binder_alloc: 4065: binder_alloc_buf, no vma
01-01 00:02:00.501     0     0 I binder  : 1033:12017 transaction failed 29189/-3, size 84-0 line 3310
01-01 00:02:00.891     0     0 W audit   : audit_lost=713 audit_rate_limit=5 audit_backlog_limit=64
01-01 00:02:00.891     0     0 E audit   : rate limit exceeded
01-01 00:02:00.961     0     0 I IRQ 5   : no longer affine to CPU5
01-01 00:02:01.329     0     0 I event_handler: reclaimed all bufs
01-01 00:02:01.383     0     0 E tdm_param_set_slot_mask: invalid slot map setting
01-01 00:02:01.390     0     0 I afe_get_cal_topology_id: port_id = 0x9033 acdb_id = 143 topology_id = 0x112fb cal_type_index=8 ret=0
01-01 00:02:01.391     0     0 E send_afe_cal_type: No cal sent for cal_index 1, port_id = 0x9033! ret -22
01-01 00:02:01.399     0     0 I afe_send_hw_delay: port_id 0x9033 rate 48000 delay_usec 0 status 0
01-01 00:02:01.495     0     0 I event_handler: reclaimed all bufs
01-01 00:02:01.564     0     0 E tdm_param_set_slot_mask: invalid slot map setting
01-01 00:02:01.571     0     0 I afe_get_cal_topology_id: port_id = 0x9033 acdb_id = 143 topology_id = 0x112fb cal_type_index=8 ret=0
01-01 00:02:01.571     0     0 E send_afe_cal_type: No cal sent for cal_index 1, port_id = 0x9033! ret -22
01-01 00:02:01.579     0     0 I afe_send_hw_delay: port_id 0x9033 rate 48000 delay_usec 0 status 0
01-01 00:02:01.798     0     0 I init    : starting service 'qccsyshalservice'...
01-01 00:02:01.838     0     0 I init    : Service 'qccsyshalservice' (pid 12237) exited with status 1
01-01 00:02:01.838     0     0 I init    : Sending signal 9 to service 'qccsyshalservice' (pid 12237) process group...
01-01 00:02:01.838     0     0 I libprocessgroup: Successfully killed process cgroup uid 1000 pid 12237 in 0ms
01-01 00:02:01.851     0     0 I init    : starting service 'vendor.sensors-hal-1-0'...
01-01 00:02:01.860     0     0 I init    : starting service 'LogManager'...
01-01 00:02:01.910     0     0 I init    : Service 'vendor.sensors-hal-1-0' (pid 12238) exited with status 1
01-01 00:02:01.910     0     0 I init    : Sending signal 9 to service 'vendor.sensors-hal-1-0' (pid 12238) process group...
01-01 00:02:01.910     0     0 I libprocessgroup: Successfully killed process cgroup uid 1000 pid 12238 in 0ms
01-01 00:02:01.912     0     0 W audit   : audit_lost=721 audit_rate_limit=5 audit_backlog_limit=64
01-01 00:02:01.912     0     0 E audit   : rate limit exceeded
01-01 00:02:02.043     0     0 I init    : processing action (boot.car_service_created=1) from (/system/etc/init/com.android.car.procfsinspector.rc:7)
01-01 00:02:02.927     0     0 W audit   : audit_lost=767 audit_rate_limit=5 audit_backlog_limit=64
01-01 00:02:02.927     0     0 E audit   : rate limit exceeded
01-01 00:02:03.552     0     0 I IRQ 5   : no longer affine to CPU5
01-01 00:02:06.602     0     0 W audit   : audit_lost=777 audit_rate_limit=5 audit_backlog_limit=64
01-01 00:02:06.602     0     0 E audit   : rate limit exceeded
01-01 00:02:06.805     0     0 I init    : starting service 'qccsyshalservice'...
01-01 00:02:06.841     0     0 I init    : Service 'qccsyshalservice' (pid 12545) exited with status 1
01-01 00:02:06.841     0     0 I init    : Sending signal 9 to service 'qccsyshalservice' (pid 12545) process group...
01-01 00:02:06.842     0     0 I libprocessgroup: Successfully killed process cgroup uid 1000 pid 12545 in 0ms
01-01 00:02:06.856     0     0 I init    : starting service 'vendor.sensors-hal-1-0'...
01-01 00:02:06.865     0     0 I init    : starting service 'LogManager'...
01-01 00:02:06.895     0     0 I init    : Service 'vendor.sensors-hal-1-0' (pid 12546) exited with status 1
01-01 00:02:06.896     0     0 I init    : Sending signal 9 to service 'vendor.sensors-hal-1-0' (pid 12546) process group...
01-01 00:02:06.896     0     0 I libprocessgroup: Successfully killed process cgroup uid 1000 pid 12546 in 0ms
01-01 00:02:07.013     0     0 I init    : Service 'LogManager' (pid 12547) received signal 11
01-01 00:02:11.813     0     0 I init    : starting service 'qccsyshalservice'...
01-01 00:02:11.853     0     0 I init    : Service 'qccsyshalservice' (pid 12562) exited with status 1
01-01 00:02:11.853     0     0 I init    : Sending signal 9 to service 'qccsyshalservice' (pid 12562) process group...
01-01 00:02:11.854     0     0 I libprocessgroup: Successfully killed process cgroup uid 1000 pid 12562 in 0ms
01-01 00:02:11.861     0     0 I init    : starting service 'vendor.sensors-hal-1-0'...
01-01 00:02:11.870     0     0 I init    : starting service 'LogManager'...
01-01 00:02:11.898     0     0 W audit   : audit_lost=810 audit_rate_limit=5 audit_backlog_limit=64
01-01 00:02:11.898     0     0 E audit   : rate limit exceeded
01-01 00:02:11.908     0     0 I init    : Service 'vendor.sensors-hal-1-0' (pid 12563) exited with status 1
01-01 00:02:11.908     0     0 I init    : Sending signal 9 to service 'vendor.sensors-hal-1-0' (pid 12563) process group...
01-01 00:02:11.908     0     0 I libprocessgroup: Successfully killed process cgroup uid 1000 pid 12563 in 0ms
01-01 00:02:11.971     0     0 D logd    : logdr: UID=0 GID=1000 PID=12568 n tail=50 logMask=8 pid=12564 start=0ns timeout=0ns
09-07 14:26:39.033  1033  1270 W NativeCrashListener: Couldn't find ProcessRecord for pid 9481
09-07 14:26:39.042  1033  1095 I BootReceiver: Copying /data/tombstones/tombstone_36 to DropBox (SYSTEM_TOMBSTONE)
09-07 14:26:39.046  1033  1095 I DropBoxManagerService: add tag=SYSTEM_TOMBSTONE isTagEnabled=true flags=0x2
09-07 14:26:43.893 10262 10262 F libc    : Fatal signal 11 (SIGSEGV), code 1 (SEGV_MAPERR), fault addr 0x0 in tid 10262 (vendor.harman.L), pid 10262 (vendor.harman.L)
09-07 14:26:43.920 10272 10272 F DEBUG   : *** *** *** *** *** *** *** *** *** *** *** *** *** *** *** ***
09-07 14:26:43.921 10272 10272 F DEBUG   : Build fingerprint: 'qti/titan_tml_b2/titan_tml_b2:11/RQ3A.210605.005/eng.ksong.20210907.134230:userdebug/test-keys'
09-07 14:26:43.921 10272 10272 F DEBUG   : Revision: '0'
09-07 14:26:43.921 10272 10272 F DEBUG   : ABI: 'arm64'
09-07 14:26:43.922 10272 10272 F DEBUG   : Timestamp: 2021-09-07 14:26:43+0000
09-07 14:26:43.922 10272 10272 F DEBUG   : pid: 10262, tid: 10262, name: vendor.harman.L  >>> /vendor/bin/hw/vendor.harman.LogManager@1.0-service <<<
09-07 14:26:43.922 10272 10272 F DEBUG   : uid: 0
09-07 14:26:43.922 10272 10272 F DEBUG   : signal 11 (SIGSEGV), code 1 (SEGV_MAPERR), fault addr 0x0
09-07 14:26:43.922 10272 10272 F DEBUG   : Cause: null pointer dereference
09-07 14:26:43.922 10272 10272 F DEBUG   :     x0  0000000000000000  x1  0000000000000000  x2  0000000000080001  x3  0000000000000000
09-07 14:26:43.922 10272 10272 F DEBUG   :     x4  0000000000000000  x5  0000000000000090  x6  fefefefefefefeff  x7  7f7f7f7f7f7f7f7f
09-07 14:26:43.922 10272 10272 F DEBUG   :     x8  0101010101010101  x9  4c688e69fd487b81  x10 0000007fdf790e78  x11 fffffffffffffffd
09-07 14:26:43.922 10272 10272 F DEBUG   :     x12 0000007fdf791000  x13 000000000000008e  x14 0034edcdde793000  x15 0000000034155555
09-07 14:26:43.923 10272 10272 F DEBUG   :     x16 00000063a4b617e0  x17 0000007ed38a1b30  x18 0000007ed3e98000  x19 0000000000000000
09-07 14:26:43.923 10272 10272 F DEBUG   :     x20 0000007ed313cc50  x21 0000007fdf791719  x22 b400007dd3039218  x23 0000007fdf791738
09-07 14:26:43.923 10272 10272 F DEBUG   :     x24 0000000000000000  x25 0000007ed3c76000  x26 0000007fdf791719  x27 0000007fdf7916e9
09-07 14:26:43.923 10272 10272 F DEBUG   :     x28 0000000000000000  x29 0000007fdf791620
09-07 14:26:43.923 10272 10272 F DEBUG   :     lr  00000063a4b58048  sp  0000007fdf791620  pc  0000007ed38a1b40  pst 0000000080000000
09-07 14:26:43.924 10272 10272 F DEBUG   : backtrace:
09-07 14:26:43.924 10272 10272 F DEBUG   :       #00 pc 000000000004ab40  /apex/com.android.runtime/lib64/bionic/libc.so (strlen_default+16) (BuildId: 2b7c6e33413ac7278a15dfc3ea383089)
09-07 14:26:43.924 10272 10272 F DEBUG   :       #01 pc 0000000000009044  /vendor/bin/hw/vendor.harman.LogManager@1.0-service (BuildId: 3e966ab64050b441b920ba0e8960d123)
09-07 14:26:43.924 10272 10272 F DEBUG   :       #02 pc 0000000000008df0  /vendor/bin/hw/vendor.harman.LogManager@1.0-service (LM::LogManagerImpl::load_plugin_conf(void*, std::__1::basic_string<char, std::__1::char_traits<char>, std::__1::allocator<char> >, std::__1::multimap<std::__1::basic_string<char, std::__1::char_traits<char>, std::__1::allocator<char> >, int, std::__1::less<std::__1::basic_string<char, std::__1::char_traits<char>, std::__1::allocator<char> > >, std::__1::allocator<std::__1::pair<std::__1::basic_string<char, std::__1::char_traits<char>, std::__1::allocator<char> > const, int> > >&)+752) (BuildId: 3e966ab64050b441b920ba0e8960d123)
09-07 14:26:43.924 10272 10272 F DEBUG   :       #03 pc 00000000000088c0  /vendor/bin/hw/vendor.harman.LogManager@1.0-service (LM::LogManagerImpl::loadplugins()+436) (BuildId: 3e966ab64050b441b920ba0e8960d123)
09-07 14:26:43.924 10272 10272 F DEBUG   :       #04 pc 0000000000007af8  /vendor/bin/hw/vendor.harman.LogManager@1.0-service (main+1112) (BuildId: 3e966ab64050b441b920ba0e8960d123)
09-07 14:26:43.925 10272 10272 F DEBUG   :       #05 pc 000000000004988c  /apex/com.android.runtime/lib64/bionic/libc.so (__libc_init+108) (BuildId: 2b7c6e33413ac7278a15dfc3ea383089)
09-07 14:26:43.986  1033  1270 W NativeCrashListener: Couldn't find ProcessRecord for pid 10262
09-07 14:26:43.990  1033  1095 I BootReceiver: Copying /data/tombstones/tombstone_37 to DropBox (SYSTEM_TOMBSTONE)
09-07 14:26:43.991  1033  1095 I DropBoxManagerService: add tag=SYSTEM_TOMBSTONE isTagEnabled=true flags=0x2
--------- beginning of main
09-07 14:26:44.931   536   536 I vendor.harman.p: type=1400 audit(0.0:1926): avc: denied { write open } for path="/data/vendor/pathologyArchive/2/PROCCRASH_PF_1631024804.lz4" dev="dm-4" ino=49383 scontext=u:r:pathologyd:s0 tcontext=u:object_r:vendor_data_file:s0 tclass=file permissive=1
09-07 14:26:45.472   538   618 W ipcLib  : ipcLib: in ipc_lib. DV1 read called
09-07 14:26:45.519   536   536 I vendor.harman.p: type=1400 audit(0.0:1927): avc: denied { read } for name="2" dev="dm-4" ino=49241 scontext=u:r:pathologyd:s0 tcontext=u:object_r:vendor_data_file:s0 tclass=dir permissive=1
09-07 14:26:46.265  4341  4341 D BluetoothPairingController: Pairing dialog accepted
09-07 14:26:46.270   528   528 I bt_vendor: set_wake_state
09-07 14:26:46.282   582   870 D PermissionCache: checking android.permission.READ_FRAME_BUFFER for uid=1000 => granted (377 us)
09-07 14:26:46.320  4341  5637 D OpenGLRenderer: endAllActiveAnimators on 0x7dfafe4ad0 (RippleDrawable) with handle 0x7d1af909d0
09-07 14:26:46.338  1033 10610 I chatty  : uid=1000(system) RenderThread expire 4 lines
09-07 14:26:46.386  2584  2790 I chatty  : uid=1001002(com.android.bluetooth) BT Service Call expire 26 lines
09-07 14:26:46.423  2584  3085 I chatty  : uid=1001002(com.android.bluetooth) bt_main_thread expire 14 lines
09-07 14:26:46.457  1326  1351 I CAR.AM  : onTaskStackChanged
09-07 14:26:46.468  1326  1417 I CAR.AM  : Updating top task to: TaskInfoContainer [topActivity=ComponentInfo{com.android.car.settings/com.android.car.settings.common.CarSettingActivity}, taskId=1000021, stackId=1000021, userId=10, displayId=0, position=2
09-07 14:26:46.468  1326  1417 I CAR.AM  : Notifying about top task: TaskInfoContainer [topActivity=ComponentInfo{com.android.car.settings/com.android.car.settings.common.CarSettingActivity}, taskId=1000021, stackId=1000021, userId=10, displayId=0, position=2
09-07 14:26:46.472   538   618 W ipcLib  : ipcLib: in ipc_lib. DV1 read called
09-07 14:26:46.519  4341  4341 D LocalBluetoothProfileManager: Current Profiles[]
09-07 14:26:46.519  4341  4341 D LocalBluetoothProfileManager: New Profiles[HEADSET_CLIENT, A2DPSink, MAP Client, PbapClient]
09-07 14:26:46.519  2584  2863 I chatty  : uid=1001002(com.android.bluetooth) BondStateMachin expire 1 line
09-07 14:26:46.521  4341  4341 E CachedBluetoothDevice: updating profiles for SKN的MI 9, A8:9C:ED:AC:1F:73
09-07 14:26:46.522  4341  4341 V CachedBluetoothDevice: Class: 5a020c
09-07 14:26:46.522  4341  4341 V CachedBluetoothDevice: UUID:
09-07 14:26:46.522  4341  4341 V CachedBluetoothDevice:   0000110a-0000-1000-8000-00805f9b34fb
09-07 14:26:46.522  4341  4341 V CachedBluetoothDevice:   00001105-0000-1000-8000-00805f9b34fb
09-07 14:26:46.522  4341  4341 V CachedBluetoothDevice:   00001115-0000-1000-8000-00805f9b34fb
09-07 14:26:46.523  4341  4341 V CachedBluetoothDevice:   00001116-0000-1000-8000-00805f9b34fb
09-07 14:26:46.523  4341  4341 V CachedBluetoothDevice:   0000112f-0000-1000-8000-00805f9b34fb
09-07 14:26:46.523  1558  3314 D BluetoothHeadsetClient: setPriority(A8:9C:ED:AC:1F:73, 100)
09-07 14:26:46.523  4341  4341 V CachedBluetoothDevice:   00001112-0000-1000-8000-00805f9b34fb
09-07 14:26:46.523  4341  4341 V CachedBluetoothDevice:   0000111f-0000-1000-8000-00805f9b34fb
09-07 14:26:46.523  4341  4341 V CachedBluetoothDevice:   00001132-0000-1000-8000-00805f9b34fb
09-07 14:26:46.523  4341  4341 V CachedBluetoothDevice:   00000000-0000-1000-8000-00805f9b34fb
09-07 14:26:46.523  4341  4341 V CachedBluetoothDevice:   00000000-0000-1000-8000-00805f9b34fb
09-07 14:26:46.523  1558  3314 D BluetoothHeadsetClient: setConnectionPolicy(A8:9C:ED:AC:1F:73, 100)
09-07 14:26:46.523  4341  4341 V CachedBluetoothDevice:   98b97136-36a2-11ea-8467-484d7e99a198
09-07 14:26:46.523  2584  2615 I chatty  : uid=1001002(com.android.bluetooth) Binder:2584_3 expire 5 lines
09-07 14:26:46.526  4341  4341 D CachedBluetoothDevice: onUuidChanged: Time since last connect=109516
09-07 14:26:46.529  2584  3223 I chatty  : uid=1001002(com.android.bluetooth) eadsetClient.SM expire 2 lines
09-07 14:26:46.529  2584  2615 I chatty  : uid=1001002(com.android.bluetooth) Binder:2584_3 expire 2 lines
09-07 14:26:46.531  4341  4341 D MapClientProfile: isProfileReady(): true
09-07 14:26:46.532  1558  1594 D BluetoothA2dpSink: setPriority(A8:9C:ED:AC:1F:73, 100)
09-07 14:26:46.532  1558  1594 D BluetoothA2dpSink: setConnectionPolicy(A8:9C:ED:AC:1F:73, 100)
09-07 14:26:46.533  2584  2609 I chatty  : uid=1001002(com.android.bluetooth) Binder:2584_1 expire 5 lines
09-07 14:26:46.541  2584  3223 I chatty  : uid=1001002(com.android.bluetooth) eadsetClient.SM expire 2 lines
09-07 14:26:46.544  2584  2609 I chatty  : uid=1001002(com.android.bluetooth) Binder:2584_1 expire 1 line
09-07 14:26:46.545  2584 10647 I chatty  : uid=1001002(com.android.bluetooth) A2DPSinkStateMa expire 2 lines
09-07 14:26:46.547  2584  2790 I chatty  : uid=1001002(com.android.bluetooth) BT Service Call expire 14 lines
09-07 14:26:46.553  2584 10647 I chatty  : uid=1001002(com.android.bluetooth) A2DPSinkStateMa expire 2 lines
09-07 14:26:46.553  2584  2584 I chatty  : uid=1001002(com.android.bluetooth) expire 2 lines
09-07 14:26:46.553  1033  1064 W BroadcastQueue: Background execution not allowed: receiving Intent { act=android.bluetooth.headsetclient.profile.action.CONNECTION_STATE_CHANGED flg=0x10 (has extras) } to com.android.car.settings/.bluetooth.BluetoothAGEventsReceiver
09-07 14:26:46.557  2584  2612 I chatty  : uid=1001002(com.android.bluetooth) Binder:2584_2 expire 2 lines
09-07 14:26:46.557  2584  3085 I chatty  : uid=1001002(com.android.bluetooth) bt_main_thread expire 1 line
09-07 14:26:46.558  2584  2612 I chatty  : uid=1001002(com.android.bluetooth) Binder:2584_2 expire 2 lines
09-07 14:26:46.561  2584  2584 I chatty  : uid=1001002(com.android.bluetooth) expire 1 line
09-07 14:26:46.565  2584  2615 I chatty  : uid=1001002(com.android.bluetooth) Binder:2584_3 expire 2 lines
09-07 14:26:46.566  2584  3085 I chatty  : uid=1001002(com.android.bluetooth) bt_main_thread expire 1 line
09-07 14:26:46.569  2584  2615 I chatty  : uid=1001002(com.android.bluetooth) Binder:2584_3 expire 6 lines
09-07 14:26:46.571  2584  2790 I chatty  : uid=1001002(com.android.bluetooth) BT Service Call expire 2 lines
09-07 14:26:46.572  1354  1427 I chatty  : uid=10141(com.android.systemui) expire 12 lines
09-07 14:26:46.575  2584  3085 I chatty  : uid=1001002(com.android.bluetooth) bt_main_thread expire 2 lines
09-07 14:26:46.584  2584  3316 I chatty  : uid=1001002(com.android.bluetooth) Binder:2584_5 expire 2 lines
09-07 14:26:46.585  2584 10652 I chatty  : uid=1001002(com.android.bluetooth) PbapClientState expire 2 lines
09-07 14:26:46.585  2584  2615 I chatty  : uid=1001002(com.android.bluetooth) Binder:2584_3 expire 7 lines
09-07 14:26:46.591  2584 10647 I chatty  : uid=1001002(com.android.bluetooth) A2DPSinkStateMa expire 3 lines
09-07 14:26:46.594  2584  2584 I chatty  : uid=1001002(com.android.bluetooth) expire 1 line
09-07 14:26:46.600  2584 10652 I chatty  : uid=1001002(com.android.bluetooth) PbapClientState expire 2 lines
09-07 14:26:46.601  4341  4341 D CachedBluetoothDevice: onProfileStateChanged: profile HEADSET_CLIENT, device=A8:9C:ED:AC:1F:73, newProfileState 1
09-07 14:26:46.603  2584  2584 I chatty  : uid=1001002(com.android.bluetooth) expire 1 line
09-07 14:26:46.604  2584 10652 I chatty  : uid=1001002(com.android.bluetooth) PbapClientState expire 2 lines
09-07 14:26:46.605  2584  2790 I chatty  : uid=1001002(com.android.bluetooth) BT Service Call expire 2 lines
09-07 14:26:46.618  2584 10645 I chatty  : uid=1001002(com.android.bluetooth) Binder:2584_6 expire 4 lines
09-07 14:26:46.636  2584 10666 I chatty  : uid=1001002(com.android.bluetooth) MceStateMachine expire 3 lines
09-07 14:26:46.657  4341  4341 D CachedBluetoothDevice: onProfileStateChanged: profile A2DPSink, device=A8:9C:ED:AC:1F:73, newProfileState 1
09-07 14:26:46.665   532   569 W ipcLib  : ipcLib: in ipc_lib. DV1 read called
09-07 14:26:46.665   532   568 I VPS     : VPS:IOCStatusInfo.VoltageStatus->0 
09-07 14:26:46.665   532   568 I VPS     : VPS:IOCStatusInfo.IOCStatusCmd->a6 
09-07 14:26:46.665   532   568 I VPS     : VPS:IOCStatusInfo.WakeUpReason->0 
09-07 14:26:46.666   532   568 I VPS     : VPS:IOCStatusInfo.DerivedIgnitionStatus->0 
09-07 14:26:46.666   532   568 I VPS     : VPS:IOCStatusInfo.PowerModeState->4 
09-07 14:26:46.666   532   568 I VPS     : VPS:IOCStatusInfo.SOCShutdownRequest->0 
09-07 14:26:46.666   532   568 I VPS     : VPS:IOCStatusInfo.AntiTheftState->0 
09-07 14:26:46.666   532   568 I VPS     : VPS:IOCStatusInfo.BatteryConnect->0 
09-07 14:26:46.666  2584  2584 I chatty  : uid=1001002(com.android.bluetooth) expire 1 line
09-07 14:26:46.692  2584  2609 I chatty  : uid=1001002(com.android.bluetooth) Binder:2584_1 expire 7 lines
09-07 14:26:46.698  2584 10647 I chatty  : uid=1001002(com.android.bluetooth) A2DPSinkStateMa expire 1 line
09-07 14:26:46.698  2584  2609 I chatty  : uid=1001002(com.android.bluetooth) Binder:2584_1 expire 11 lines
09-07 14:26:46.723  4341  4341 D CachedBluetoothDevice: onProfileStateChanged: profile PbapClient, device=A8:9C:ED:AC:1F:73, newProfileState 1
09-07 14:26:46.735  4341  4341 D CachedBluetoothDevice: onProfileStateChanged: profile MAP Client, device=A8:9C:ED:AC:1F:73, newProfileState 1
09-07 14:26:46.762  2584  3085 I chatty  : uid=1001002(com.android.bluetooth) bt_main_thread expire 8 lines
09-07 14:26:47.187  2584  2790 I chatty  : uid=1001002(com.android.bluetooth) BT Service Call expire 1 line
09-07 14:26:47.192  4341  4341 D BluetoothEventManager: DeviceFoundHandler found existing CachedBluetoothDevice:6C:D7:1F:01:69:3E
09-07 14:26:47.257  2584  3085 I chatty  : uid=1001002(com.android.bluetooth) bt_main_thread expire 3 lines
09-07 14:26:47.296  2584  2790 I chatty  : uid=1001002(com.android.bluetooth) BT Service Call expire 7 lines
09-07 14:26:47.304  2584 10662 I chatty  : uid=1001002(com.android.bluetooth) PBAP PCE handle expire 1 line
09-07 14:26:47.473   538   618 W ipcLib  : ipcLib: in ipc_lib. DV1 read called
09-07 14:26:47.570  2584  3085 I chatty  : uid=1001002(com.android.bluetooth) bt_main_thread expire 13 lines
09-07 14:26:47.635  4341  4341 D BluetoothEventManager: DeviceFoundHandler created new CachedBluetoothDevice: 7E:06:15:FF:E0:C3
09-07 14:26:47.842  2584  2790 I chatty  : uid=1001002(com.android.bluetooth) BT Service Call expire 3 lines
09-07 14:26:47.958  4341  5637 D OpenGLRenderer: endAllActiveAnimators on 0x7dfafe75f0 (RippleDrawable) with handle 0x7d1af82f30
09-07 14:26:47.985  2584  2609 I chatty  : uid=1001002(com.android.bluetooth) Binder:2584_1 expire 1 line
09-07 14:26:47.988  4341  4341 D LocalBluetoothManager: setting foreground activity to null
09-07 14:26:47.989  2584 10652 I chatty  : uid=1001002(com.android.bluetooth) PbapClientState expire 3 lines
09-07 14:26:47.998  2584  3085 I chatty  : uid=1001002(com.android.bluetooth) bt_main_thread expire 1 line
09-07 14:26:48.001  2584  2790 I chatty  : uid=1001002(com.android.bluetooth) BT Service Call expire 2 lines
09-07 14:26:48.004  2584  2790 D SdpManager: UUID: [0, 0, 17, 50, 0, 0, 16, 0, -128, 0, 0, -128, 95, -101, 52, -5]
09-07 14:26:48.004  2584  2790 D SdpManager: UUID in parcel: 00001132-0000-1000-8000-00805f9b34fb
09-07 14:26:48.006  2584  2584 D AdapterProperties: PROFILE_CONNECTION_STATE_CHANGE: profile=17, device=A8:9C:ED:AC:1F:73, 1 -> 2
09-07 14:26:48.008  2584  2790 D SdpManager: startSearch(): nextInst = null mSearchInProgress = false - search busy or queue empty.
09-07 14:26:48.008  2584  2584 D AdapterProperties: ADAPTER_CONNECTION_STATE_CHANGE: A8:9C:ED:AC:1F:73: 1 -> 2
09-07 14:26:48.015  4341  4341 D LocalBluetoothManager: setting foreground activity to non-null context
09-07 14:26:48.021  2584 10896 W BluetoothAdapter: getBluetoothService() called with no BluetoothManagerCallback
09-07 14:26:48.033  2584  2790 D BluetoothHeadsetClientServiceJni: callsetup_cb bdaddr a8:9c:ed:ac:1f:73
09-07 14:26:48.036  2584  3085 W bt_btif : bta_dm_pm_ssr: conn_srvc id:26, app_id:1
09-07 14:26:48.036  2584  3085 W bt_btif : bta_dm_pm_ssr: conn_srvc id:27, app_id:1
09-07 14:26:48.036  2584  3085 W bt_btif : bta_dm_pm_ssr ssr:2, lat:1200
09-07 14:26:48.042  2584  3085 I bt_stack: [INFO:btsnoop.cc(289)] whitelist_l2c_channel: Whitelisting l2cap channel. conn_handle=11 cid=0x004d:0x004d
09-07 14:26:48.048  2584  2790 D BluetoothHeadsetClientServiceJni: connection_state_cb: state 3 peer_feat 871 chld_feat 43
09-07 14:26:48.049  2584  2790 I bt_btif_queue: queue_int_advance: removing connection request: address=a8:9c:ed:ac:1f:73 UUID=111E busy=true
09-07 14:26:48.049  2584  2790 I bt_btif_queue: btif_queue_connect_next: executing connection request: address=a8:9c:ed:ac:1f:73 UUID=110B busy=false
09-07 14:26:48.050  2584  3085 I btif_av : BtifAvPeer *BtifAvSink::FindOrCreatePeer(const RawAddress &, tBTA_AV_HNDL): Create peer: peer_address=a8:9c:ed:ac:1f:73 bta_handle=0x41 peer_id=0
09-07 14:26:48.050  2584  3085 W bt_btif : btif_av_get_peer_sep: No active peer found
09-07 14:26:48.050  2584  3085 I bt_btif_a2dp: btif_a2dp_on_idle: ## ON A2DP IDLE ## peer_sep = 1
09-07 14:26:48.050  2584  3085 W bt_btif : btif_av_get_peer_sep: No active peer found
09-07 14:26:48.050  2584  3085 I bt_btif_a2dp_source: btif_a2dp_source_on_idle: state=STATE_OFF
09-07 14:26:48.050  2584  3085 I bt_bta_av: BTA_AvOpen: peer a8:9c:ed:ac:1f:73 bta_handle:0x41 use_rc=true sec_mask=0x12 uuid=0x110b
09-07 14:26:48.050  2584  3085 I btif_av : btif_report_connection_state: peer_address=a8:9c:ed:ac:1f:73 state=1
09-07 14:26:48.050  2584  3085 W bt_btif : bta_av_ssm_execute: peer 00:00:00:00:00:00 AV event(0x41)=0x1209(API_OPEN) state=0(INIT) -> 2(OPENING) p_scb=0xb400007deaf332b8
09-07 14:26:48.050  2584  2790 I BluetoothA2dpSinkServiceJni: bta2dp_connection_state_callback
09-07 14:26:48.051  2584  3085 I bt_bta_av: bta_av_save_addr: reset flags old_addr=00:00:00:00:00:00 new_addr=a8:9c:ed:ac:1f:73
09-07 14:26:48.051  2584  3085 W bt_bta_av: OnConnected: Failed to read cached peer AVDTP version for a8:9c:ed:ac:1f:73
09-07 14:26:48.051  2584  3085 I a2dp_api: A2DP_FindService: peer: a8:9c:ed:ac:1f:73 UUID: 0x110a
09-07 14:26:48.053  4341  4341 D CachedBluetoothDevice: onProfileStateChanged: profile PbapClient, device=A8:9C:ED:AC:1F:73, newProfileState 2
09-07 14:26:48.061  2584  3085 I bt_stack: [INFO:btsnoop.cc(289)] whitelist_l2c_channel: Whitelisting l2cap channel. conn_handle=11 cid=0x004e:0x004e
09-07 14:26:48.073  1033  2897 I chatty  : uid=1000(system) Binder:1033_E expire 9 lines
09-07 14:26:48.073  1033  1064 W BroadcastQueue: Background execution not allowed: receiving Intent { act=android.bluetooth.headsetclient.profile.action.CONNECTION_STATE_CHANGED flg=0x10 (has extras) } to com.android.car.settings/.bluetooth.BluetoothAGEventsReceiver
09-07 14:26:48.076  4065  4065 I Harman-Multi-VPA: [SpeechImpl]Device DeviceType : PHONE, DeviceId : A8:9C:ED:AC:1F:73, InternalId : 0, UniqueId : 7b99aabc-021d-4756-94aa-521d0332d440 does not exist in the list
09-07 14:26:48.076  4787  4787 D BluetoothHeadsetClient: getCurrentCalls()
09-07 14:26:48.076  4065  4065 I Harman-Multi-VPA: [SpeechImpl]Device DeviceType : PHONE, DeviceId : A8:9C:ED:AC:1F:73, InternalId : 1, UniqueId : 7b99aabc-021d-4756-94aa-521d0332d440 does not exist in the list
09-07 14:26:48.076  2584  2584 D AdapterProperties: PROFILE_CONNECTION_STATE_CHANGE: profile=16, device=A8:9C:ED:AC:1F:73, 1 -> 2
09-07 14:26:48.080  1033  1064 I DropBoxManagerService: add tag=system_server_wtf isTagEnabled=true flags=0x2
09-07 14:26:48.082  2584  3085 I bt_stack: [INFO:btsnoop.cc(323)] clear_l2cap_whitelist: Clearing whitelist from l2cap channel. conn_handle=11 cid=77:77
09-07 14:26:48.083  2584  2584 D HfpClientConnService: onReceive Intent { act=android.bluetooth.headsetclient.profile.action.CONNECTION_STATE_CHANGED flg=0x10 (has extras) }
09-07 14:26:48.083  2584  2584 D HfpClientConnService: Established connection with A8:9C:ED:AC:1F:73
09-07 14:26:48.084  2584  2584 D HfpClientConnService: Creating block for device A8:9C:ED:AC:1F:73
09-07 14:26:48.085  4787  4787 D BluetoothHeadsetClient: getCurrentCalls()
09-07 14:26:48.088  4787  4787 D BluetoothHeadsetClient: getCurrentCalls()
09-07 14:26:48.089  4065  4197 I Harman-Multi-VPA: [ARB]CSysCallArbEventCommon::processEvent()
09-07 14:26:48.090  2584  2584 D HfpClientConnService: phoneaccount: [[ ] PhoneAccount: ComponentInfo{com.android.bluetooth/com.android.bluetooth.hfpclient.connserv.HfpClientConnectionService}, ***, UserHandle{10} Capabilities: CallProvider  Audio Routes: BESW Schemes: tel  Extras: null GroupId: ***]
09-07 14:26:48.093  4341  4341 D CachedBluetoothDevice: onProfileStateChanged: profile HEADSET_CLIENT, device=A8:9C:ED:AC:1F:73, newProfileState 2
09-07 14:26:48.098  4065  4197 I Harman-Multi-VPA: [ExtVPA]CExtVPAEventsQueue::sendEvent()
09-07 14:26:48.100  2584  3085 W bt_sdp  : process_service_search_attr_rsp
09-07 14:26:48.105  1354  1354 I chatty  : uid=10141(com.android.systemui) expire 6 lines
09-07 14:26:48.107  4065  4196 I Harman-Multi-VPA: [ExtVPA]CSysCallEventsQueue::isExtVPAEventUnhandled()
09-07 14:26:48.108  4065  4196 I Harman-Multi-VPA: [ExtVPA]CSysCallEventsQueue::setExtVPAEventUnhandledStatus()
09-07 14:26:48.108  4065  4192 I Harman-Multi-VPA: [ExtVPA]CExtVPAEventsQueue::run()
09-07 14:26:48.108  1033  2748 I Telecom : PhoneAccountRegistrar: New phone account registered: [[ ] PhoneAccount: ComponentInfo{com.android.bluetooth/com.android.bluetooth.hfpclient.connserv.HfpClientConnectionService}, ***, UserHandle{10} Capabilities: CallProvider  Audio Routes: BESW Schemes: tel  Extras: null GroupId: ***]: TSI.rPA@AB8
09-07 14:26:48.108  4065  4192 I Harman-Multi-VPA: [ExtVPA]CExtVPAEventsQueue::getEvent()
09-07 14:26:48.108  4065  4192 I Harman-Multi-VPA: [ExtVPA]CGSysCallDispatcherBase::sendPhoneConnectionStatus()
09-07 14:26:48.108  4065  4192 I Harman-Multi-VPA: [ExtVPA]IPACoreInterface::sendPhoneConnectionStatus()
09-07 14:26:48.111  2584  3085 I bt_stack: [INFO:btsnoop.cc(323)] clear_l2cap_whitelist: Clearing whitelist from l2cap channel. conn_handle=11 cid=78:78
09-07 14:26:48.112  2584  3085 I a2dp_api: a2dp_sdp_cback: status: 0
09-07 14:26:48.112  2584  3085 D bt_bta_av: SetAvdtpVersion: AVDTP version for a8:9c:ed:ac:1f:73 set to 0x103
09-07 14:26:48.112  2584  3085 W bt_avp  : AVDT_ConnectReq: address=a8:9c:ed:ac:1f:73 channel_index=0 sec_mask=0x12
09-07 14:26:48.113  2584  3085 W bt_avp  : AVDT_ConnectReq: address=a8:9c:ed:ac:1f:73 result=0
09-07 14:26:48.116  1354  1354 E AndroidRuntime: FATAL EXCEPTION: main
09-07 14:26:48.116  1354  1354 E AndroidRuntime: Process: com.android.systemui, PID: 1354
09-07 14:26:48.116  1354  1354 E AndroidRuntime: java.lang.RuntimeException: Error receiving broadcast Intent { act=android.bluetooth.headsetclient.profile.action.CONNECTION_STATE_CHANGED flg=0x10 (has extras) } in com.android.systemui.car.bluetooth.ConnectedDeviceSignalController@f8e40f6
09-07 14:26:48.116  1354  1354 E AndroidRuntime: 	at android.app.LoadedApk$ReceiverDispatcher$Args.lambda$getRunnable$0$LoadedApk$ReceiverDispatcher$Args(LoadedApk.java:1590)
09-07 14:26:48.116  1354  1354 E AndroidRuntime: 	at android.app.-$$Lambda$LoadedApk$ReceiverDispatcher$Args$_BumDX2UKsnxLVrE6UJsJZkotuA.run(Unknown Source:2)
09-07 14:26:48.116  1354  1354 E AndroidRuntime: 	at android.os.Handler.handleCallback(Handler.java:938)
09-07 14:26:48.116  1354  1354 E AndroidRuntime: 	at android.os.Handler.dispatchMessage(Handler.java:99)
09-07 14:26:48.116  1354  1354 E AndroidRuntime: 	at android.os.Looper.loop(Looper.java:223)
09-07 14:26:48.116  1354  1354 E AndroidRuntime: 	at android.app.ActivityThread.main(ActivityThread.java:7664)
09-07 14:26:48.116  1354  1354 E AndroidRuntime: 	at java.lang.reflect.Method.invoke(Native Method)
09-07 14:26:48.116  1354  1354 E AndroidRuntime: 	at com.android.internal.os.RuntimeInit$MethodAndArgsCaller.run(RuntimeInit.java:592)
09-07 14:26:48.116  1354  1354 E AndroidRuntime: 	at com.android.internal.os.ZygoteInit.main(ZygoteInit.java:947)
09-07 14:26:48.116  1354  1354 E AndroidRuntime: Caused by: java.lang.ArrayIndexOutOfBoundsException: length=5; index=5
09-07 14:26:48.116  1354  1354 E AndroidRuntime: 	at com.android.systemui.car.bluetooth.ConnectedDeviceSignalController.setNetworkSignalIcon(ConnectedDeviceSignalController.java:299)
09-07 14:26:48.116  1354  1354 E AndroidRuntime: 	at com.android.systemui.car.bluetooth.ConnectedDeviceSignalController.updateViewVisibility(ConnectedDeviceSignalController.java:349)
09-07 14:26:48.116  1354  1354 E AndroidRuntime: 	at com.android.systemui.car.bluetooth.ConnectedDeviceSignalController.onReceive(ConnectedDeviceSignalController.java:236)
09-07 14:26:48.116  1354  1354 E AndroidRuntime: 	at android.app.LoadedApk$ReceiverDispatcher$Args.lambda$getRunnable$0$LoadedApk$ReceiverDispatcher$Args(LoadedApk.java:1580)
09-07 14:26:48.116  1354  1354 E AndroidRuntime: 	... 8 more
09-07 14:26:48.118  1033  2748 I Telecom : CallsManager: Sending phone-account ComponentInfo{com.android.bluetooth/com.android.bluetooth.hfpclient.connserv.HfpClientConnectionService}, ***, UserHandle{10} registered intent as user: TSI.rPA@AB8
09-07 14:26:48.124  1033  1064 W BroadcastQueue: Background execution not allowed: receiving Intent { act=android.bluetooth.headsetclient.profile.action.AG_EVENT flg=0x10 (has extras) } to com.android.car.settings/.bluetooth.BluetoothAGEventsReceiver
09-07 14:26:48.124  2584  3085 I bt_stack: [INFO:btsnoop.cc(289)] whitelist_l2c_channel: Whitelisting l2cap channel. conn_handle=11 cid=0x004f:0x004f
09-07 14:26:48.125  1033  2748 I Telecom : CallsManager: Sending phone-account registered intent to default dialer: TSI.rPA@AB8
09-07 14:26:48.128  2584  3085 I bt_bta_av: bta_av_conn_cback: conn_cback bd_addr: a8:9c:ed:ac:1f:73
09-07 14:26:48.129  2584  3085 I bt_bta_av: bta_av_sig_chg: AVDT_CONNECT_IND_EVT: peer a8:9c:ed:ac:1f:73 selected lcb_index 0
09-07 14:26:48.129  2584  3085 E bt_btif : bta_av_rc_create: ACP handle exist for shdl:0
09-07 14:26:48.137  1033  1064 I DropBoxManagerService: add tag=system_server_wtf isTagEnabled=true flags=0x2
09-07 14:26:48.140  1033  1625 I chatty  : uid=1000(system) Binder:1033_7 expire 1 line
09-07 14:26:48.146  1033  1054 W ActivityManager: Skipping crash dialog of ProcessRecord{6cf6f22 1354:com.android.systemui/u0a141}: background
09-07 14:26:48.147  1033  1063 I PackageWatchdog: Updated health check state for package com.android.systemui: INACTIVE -> INACTIVE
09-07 14:26:48.175  1033  1625 I Telecom : PhoneAccountRegistrar: Phone account ComponentInfo{com.android.bluetooth/com.android.bluetooth.hfpclient.connserv.HfpClientConnectionService}, ***, UserHandle{10} enabled.: TSI.ePA@ACA
09-07 14:26:48.176  1033 10912 I DropBoxManagerService: add tag=system_app_crash isTagEnabled=true flags=0x2
09-07 14:26:48.189  1033  1625 I Telecom : PhoneAccountRegistrar: setUserSelectedOutgoingPhoneAccount: ComponentInfo{com.android.bluetooth/com.android.bluetooth.hfpclient.connserv.HfpClientConnectionService}, ***, UserHandle{10}: TSI.sUSOPA@ACE
09-07 14:26:48.189  1033  1625 I Telecom : PhoneAccountRegistrar: setUserSelectedOutgoingPhoneAccount: ComponentInfo{com.android.bluetooth/com.android.bluetooth.hfpclient.connserv.HfpClientConnectionService}, ***, UserHandle{10} is not a sub: TSI.sUSOPA@ACE
09-07 14:26:48.195  1033  1064 I DropBoxManagerService: add tag=system_server_wtf isTagEnabled=true flags=0x2
09-07 14:26:48.196  2584  2584 D BluetoothHeadsetClient: getCurrentCalls()
09-07 14:26:48.204  1033  1064 I DropBoxManagerService: add tag=system_server_wtf isTagEnabled=true flags=0x2
09-07 14:26:48.209  1033  1055 I DropBoxManagerService: add tag=system_app_strictmode isTagEnabled=true flags=0x2
09-07 14:26:48.213  1033  1064 W BroadcastQueue: Background execution not allowed: receiving Intent { act=android.bluetooth.headsetclient.profile.action.AG_EVENT flg=0x10 (has extras) } to com.android.car.settings/.bluetooth.BluetoothAGEventsReceiver
09-07 14:26:48.215  1033  1064 I DropBoxManagerService: add tag=system_server_wtf isTagEnabled=true flags=0x2
09-07 14:26:48.218  1033  1177 I chatty  : uid=1000(system) InputDispatcher expire 4 lines
09-07 14:26:48.220  1033  1223 I ActivityManager: Process com.android.systemui (pid 1354) has died: pers PER 
09-07 14:26:48.220  1326  8604 I chatty  : uid=1000(system) com.android.car expire 16 lines
09-07 14:26:48.221  1326  8605 I chatty  : uid=1000(system) com.android.car expire 1 line
09-07 14:26:48.221  1033  1825 D NotificationListeners: Removing active service ComponentInfo{com.android.systemui/com.android.car.notification.CarNotificationListener}
09-07 14:26:48.221  1033  2897 I WindowManager: WIN DEATH: Window{7010712 u0 HeadsUpNotification}
09-07 14:26:48.221  1326  1350 I CAR.POWER: binderDied android.os.BinderProxy@b5f9e55
09-07 14:26:48.222   911  3124 D BufferPoolAccessor2.0: bufferpool2 0xb400007205c6c218 : 0(0 size) total buffers - 0(0 size) used buffers - 5/7 (recycle/alloc) - 2/6 (fetch/transfer)
09-07 14:26:48.222   911  1626 D BufferPoolAccessor2.0: bufferpool2 0xb400007205c69878 : 0(0 size) total buffers - 0(0 size) used buffers - 15/17 (recycle/alloc) - 2/16 (fetch/transfer)
09-07 14:26:48.222   911  3124 D BufferPoolAccessor2.0: Destruction - bufferpool2 0xb400007205c6c218 cached: 0/0M, 0/0% in use; allocs: 7, 71% recycled; transfers: 6, 67% unfetched
09-07 14:26:48.222   911  3124 D BufferPoolAccessor2.0: bufferpool2 0xb400007205c66348 : 0(0 size) total buffers - 0(0 size) used buffers - 13/16 (recycle/alloc) - 3/15 (fetch/transfer)
09-07 14:26:48.222   538   538 I automotive.vehicle@2.0-impl: SubscriptionManager::addOrUpdateSubscription, callback: 0xb400007c1fd474f0
09-07 14:26:48.222   911  3124 D BufferPoolAccessor2.0: Destruction - bufferpool2 0xb400007205c66348 cached: 0/0M, 0/0% in use; allocs: 16, 81% recycled; transfers: 15, 80% unfetched
09-07 14:26:48.222   911  3124 D BufferPoolAccessor2.0: Destruction - bufferpool2 0xb400007205c69878 cached: 0/0M, 0/0% in use; allocs: 17, 88% recycled; transfers: 16, 88% unfetched
09-07 14:26:48.222   538   538 I automotive.vehicle@2.0-impl: SubscriptionManager::addOrUpdateSubscription, prop: 0x1140050d
09-07 14:26:48.222   538   538 I automotive.vehicle@2.0-impl: addOrUpdateSubscription opts.propId: 0x1140050d
09-07 14:26:48.223  1033  2748 I WindowManager: WIN DEATH: Window{4fde383 u0 LeftCarNavigationBar}
09-07 14:26:48.224   538   538 I automotive.vehicle@2.0-impl: SubscriptionManager::addOrUpdateSubscription, callback: 0xb400007c1fd474f0
09-07 14:26:48.224   538   538 I automotive.vehicle@2.0-impl: SubscriptionManager::addOrUpdateSubscription, prop: 0x13200504
09-07 14:26:48.224   538   538 I automotive.vehicle@2.0-impl: addOrUpdateSubscription opts.propId: 0x13200504
09-07 14:26:48.226  1033  2897 D ConnectivityService: ConnectivityService NetworkRequestInfo binderDied(NetworkRequest [ LISTEN id=9, [ Transports: WIFI Capabilities: NOT_VPN AdministratorUids: [] RequestorUid: 10141 RequestorPackageName: com.android.systemui] ], android.os.BinderProxy@ecc8682)
09-07 14:26:48.226  1033  2748 W WindowManager: Failed to deliver inset state change w=Window{71dbe0b u0 TopCarNavigationBar}
09-07 14:26:48.226  1033  2748 W WindowManager: android.os.DeadObjectException
09-07 14:26:48.226  1033  2748 W WindowManager: 	at android.os.BinderProxy.transactNative(Native Method)
09-07 14:26:48.226  1033  2748 W WindowManager: 	at android.os.BinderProxy.transact(BinderProxy.java:550)
09-07 14:26:48.226  1033  2748 W WindowManager: 	at android.view.IWindow$Stub$Proxy.insetsChanged(IWindow.java:739)
09-07 14:26:48.226  1033  2748 W WindowManager: 	at com.android.server.wm.WindowState.notifyInsetsChanged(WindowState.java:3663)
09-07 14:26:48.226  1033  2748 W WindowManager: 	at com.android.server.wm.InsetsStateController.lambda$new$0(InsetsStateController.java:78)
09-07 14:26:48.226  1033  2748 W WindowManager: 	at com.android.server.wm.-$$Lambda$InsetsStateController$sIYEJIR4ztgffCLMi5Z1RvdxyYs.accept(Unknown Source:2)
09-07 14:26:48.226  1033  2748 W WindowManager: 	at com.android.server.wm.WindowContainer$ForAllWindowsConsumerWrapper.apply(WindowContainer.java:1984)
09-07 14:26:48.226  1033  2748 W WindowManager: 	at com.android.server.wm.WindowContainer$ForAllWindowsConsumerWrapper.apply(WindowContainer.java:1974)
09-07 14:26:48.226  1033  2748 W WindowManager: 	at com.android.server.wm.WindowState.applyInOrderWithImeWindows(WindowState.java:4651)
09-07 14:26:48.226  1033  2748 W WindowManager: 	at com.android.server.wm.WindowState.forAllWindows(WindowState.java:4550)
09-07 14:26:48.226  1033  2748 W WindowManager: 	at com.android.server.wm.WindowContainer.forAllWindows(WindowContainer.java:1302)
09-07 14:26:48.226  1033  2748 W WindowManager: 	at com.android.server.wm.WindowContainer.forAllWindows(WindowContainer.java:1302)
09-07 14:26:48.226  1033  2748 W WindowManager: 	at com.android.server.wm.WindowContainer.forAllWindows(WindowContainer.java:1302)
09-07 14:26:48.226  1033  2748 W WindowManager: 	at com.android.server.wm.WindowContainer.forAllWindows(WindowContainer.java:1302)
09-07 14:26:48.226  1033  2748 W WindowManager: 	at com.android.server.wm.WindowContainer.forAllWindows(WindowContainer.java:1302)
09-07 14:26:48.226  1033  2748 W WindowManager: 	at com.android.server.wm.WindowContainer.forAllWindows(WindowContainer.java:1319)
09-07 14:26:48.226  1033  2748 W WindowManager: 	at com.android.server.wm.DisplayContent.notifyInsetsChanged(DisplayContent.java:1694)
09-07 14:26:48.226  1033  2748 W WindowManager: 	at com.android.server.wm.InsetsStateController.notifyInsetsChanged(InsetsStateController.java:480)
09-07 14:26:48.226  1033  2748 W WindowManager: 	at com.android.server.wm.InsetsStateController.onPostLayout(InsetsStateController.java:281)
09-07 14:26:48.226  1033  2748 W WindowManager: 	at com.android.server.wm.DisplayContent.applySurfaceChangesTransaction(DisplayContent.java:3996)
09-07 14:26:48.226  1033  2748 W WindowManager: 	at com.android.server.wm.RootWindowContainer.applySurfaceChangesTransaction(RootWindowContainer.java:1070)
09-07 14:26:48.226  1033  2748 W WindowManager: 	at com.android.server.wm.RootWindowContainer.performSurfacePlacementNoTrace(RootWindowContainer.java:850)
09-07 14:26:48.226  1033  2748 W WindowManager: 	at com.android.server.wm.RootWindowContainer.performSurfacePlacement(RootWindowContainer.java:807)
09-07 14:26:48.226  1033  2748 W WindowManager: 	at com.android.server.wm.WindowSurfacePlacer.performSurfacePlacementLoop(WindowSurfacePlacer.java:178)
09-07 14:26:48.226  1033  2748 W WindowManager: 	at com.android.server.wm.WindowSurfacePlacer.performSurfacePlacement(WindowSurfacePlacer.java:127)
09-07 14:26:48.226  1033  2748 W WindowManager: 	at com.android.server.wm.WindowSurfacePlacer.performSurfacePlacement(WindowSurfacePlacer.java:116)
09-07 14:26:48.226  1033  2748 W WindowManager: 	at com.android.server.wm.WindowManagerService.postWindowRemoveCleanupLocked(WindowManagerService.java:1972)
09-07 14:26:48.226  1033  2748 W WindowManager: 	at com.android.server.wm.WindowState.removeImmediately(WindowState.java:2208)
09-07 14:26:48.226  1033  2748 W WindowManager: 	at com.android.server.wm.WindowState.removeIfPossible(WindowState.java:2327)
09-07 14:26:48.226  1033  2748 W WindowManager: 	at com.android.server.wm.WindowState.access$300(WindowState.java:254)
09-07 14:26:48.226  1033  2748 W WindowManager: 	at com.android.server.wm.WindowState$DeathRecipient.binderDied(WindowState.java:2825)
09-07 14:26:48.226  1033  2748 W WindowManager: 	at android.os.IBinder$DeathRecipient.binderDied(IBinder.java:305)
09-07 14:26:48.226  1033  2748 W WindowManager: 	at android.os.BinderProxy.sendDeathNotice(BinderProxy.java:664)
09-07 14:26:48.226  1033  2897 D ConnectivityService: ConnectivityService NetworkRequestInfo binderDied(NetworkRequest [ LISTEN id=12, [ AdministratorUids: [] RequestorUid: 10141 RequestorPackageName: com.android.systemui] ], android.os.BinderProxy@ed75d0)
09-07 14:26:48.226  1033  1432 D ConnectivityService: ConnectivityService NetworkRequestInfo binderDied(NetworkRequest [ TRACK_DEFAULT id=10, [ Capabilities: INTERNET&NOT_RESTRICTED&TRUSTED Uid: 10141 AdministratorUids: [] RequestorUid: 10141 RequestorPackageName: com.android.systemui] ], android.os.BinderProxy@de0b9c9)
09-07 14:26:48.227   538   538 I automotive.vehicle@2.0-impl: SubscriptionManager::addOrUpdateSubscription, callback: 0xb400007c1fd474f0
09-07 14:26:48.227  1033  1055 I DropBoxManagerService: add tag=system_app_strictmode isTagEnabled=true flags=0x2
09-07 14:26:48.227   538   538 I automotive.vehicle@2.0-impl: SubscriptionManager::addOrUpdateSubscription, prop: 0x15200506
09-07 14:26:48.227   538   538 I automotive.vehicle@2.0-impl: addOrUpdateSubscription opts.propId: 0x15200506
09-07 14:26:48.227  1033  1048 D ConnectivityService: ConnectivityService NetworkRequestInfo binderDied(NetworkRequest [ TRACK_DEFAULT id=11, [ Capabilities: INTERNET&NOT_RESTRICTED&TRUSTED Uid: 10141 AdministratorUids: [] RequestorUid: 10141 RequestorPackageName: com.android.systemui] ], android.os.BinderProxy@89d1193)
09-07 14:26:48.228  1033  2748 W WindowManager: Failed to report 'resized' to Window{71dbe0b u0 TopCarNavigationBar} due to android.os.DeadObjectException
09-07 14:26:48.228   538   538 I automotive.vehicle@2.0-impl: SubscriptionManager::addOrUpdateSubscription, callback: 0xb400007c1fd474f0
09-07 14:26:48.228   538   538 I automotive.vehicle@2.0-impl: SubscriptionManager::addOrUpdateSubscription, prop: 0x15200509
09-07 14:26:48.228   538   538 I automotive.vehicle@2.0-impl: addOrUpdateSubscription opts.propId: 0x15200509
09-07 14:26:48.228  1033  1209 D ConnectivityService: releasing NetworkRequest [ TRACK_DEFAULT id=10, [ Capabilities: INTERNET&NOT_RESTRICTED&TRUSTED Uid: 10141 AdministratorUids: [] RequestorUid: 10141 RequestorPackageName: com.android.systemui] ] (release request)
09-07 14:26:48.228  1033  1629 I WindowManager: WIN DEATH: Window{71dbe0b u0 TopCarNavigationBar}
09-07 14:26:48.228  1033  1204 I chatty  : uid=1000(system) AsyncChannelHan expire 1 line
09-07 14:26:48.229  1033  1629 I chatty  : uid=1000(system) Binder:1033_8 expire 4 lines
09-07 14:26:48.229   538   538 I automotive.vehicle@2.0-impl: SubscriptionManager::addOrUpdateSubscription, callback: 0xb400007c1fd474f0
09-07 14:26:48.229   538   538 I automotive.vehicle@2.0-impl: SubscriptionManager::addOrUpdateSubscription, prop: 0x15200510
09-07 14:26:48.229   538   538 I automotive.vehicle@2.0-impl: addOrUpdateSubscription opts.propId: 0x15200510
09-07 14:26:48.229  1033  1047 I chatty  : uid=1000(system) Binder:1033_1 expire 1 line
09-07 14:26:48.230   472   472 I Zygote  : Process 1354 exited due to signal 9 (Killed)
09-07 14:26:48.232  1033  1209 D ConnectivityService: releasing NetworkRequest [ TRACK_DEFAULT id=11, [ Capabilities: INTERNET&NOT_RESTRICTED&TRUSTED Uid: 10141 AdministratorUids: [] RequestorUid: 10141 RequestorPackageName: com.android.systemui] ] (release request)
09-07 14:26:48.236  1033  1942 I WindowManager: WIN DEATH: Window{728aaa0 u0 SystemUIOverlayWindow}
09-07 14:26:48.236  1033  1942 I chatty  : uid=1000(system) Binder:1033_B expire 4 lines
09-07 14:26:48.236   538   538 I automotive.vehicle@2.0-impl: SubscriptionManager::addOrUpdateSubscription, callback: 0xb400007c1fd474f0
09-07 14:26:48.236   538   538 I automotive.vehicle@2.0-impl: SubscriptionManager::addOrUpdateSubscription, prop: 0x15400501
09-07 14:26:48.236   538   538 I automotive.vehicle@2.0-impl: addOrUpdateSubscription opts.propId: 0x15400501
09-07 14:26:48.239   538   538 I automotive.vehicle@2.0-impl: SubscriptionManager::addOrUpdateSubscription, callback: 0xb400007c1fd474f0
09-07 14:26:48.239   538   538 I automotive.vehicle@2.0-impl: SubscriptionManager::addOrUpdateSubscription, prop: 0x15600503
09-07 14:26:48.239   538   538 I automotive.vehicle@2.0-impl: addOrUpdateSubscription opts.propId: 0x15600503
09-07 14:26:48.241  1033  1054 D ActivityTaskManager: Top Process State changed to PROCESS_STATE_TOP_SLEEPING
09-07 14:26:48.243  1033  1055 I DropBoxManagerService: add tag=system_app_strictmode isTagEnabled=true flags=0x2
09-07 14:26:48.248  2644  2644 V KeyguardUpdateMonitor: onSubscriptionInfoChanged()
09-07 14:26:48.253  2482  2482 D Telephony: isEmergencyPreferredAccount: subId=-1, activeData=-1
09-07 14:26:48.253  2482  2482 D Telephony: isEmergencyPreferredAccount: Device does not require preference.
09-07 14:26:48.254  2482  2482 D Telephony: isEmergencyPreferredAccount: subId=-1, activeData=-1
09-07 14:26:48.257  2644  2644 V KeyguardUpdateMonitor: onSubscriptionInfoChanged()
09-07 14:26:48.258  1033  1223 W ActivityManager: Scheduling restart of crashed service com.android.systemui/.SystemUIService in 0ms for persistent
09-07 14:26:48.259  1033  1223 W ActivityManager: Scheduling restart of crashed service com.android.systemui/.keyguard.KeyguardService in 0ms for persistent
09-07 14:26:48.260  1033  1223 W ActivityManager: Scheduling restart of crashed service com.android.systemui/.dump.SystemUIAuxiliaryDumpService in 0ms for persistent
09-07 14:26:48.262  2482  2482 D Telephony: isEmergencyPreferredAccount: Device does not require preference.
09-07 14:26:48.265  1033  1223 W ActivityManager: Re-adding persistent process ProcessRecord{6cf6f22 1354:com.android.systemui/u0a141}
09-07 14:26:48.267  1033  1223 D CompatibilityChangeReporter: Compat change id reported: 135634846; UID 10141; state: DISABLED
09-07 14:26:48.268  1033  1223 D CompatibilityChangeReporter: Compat change id reported: 135754954; UID 10141; state: ENABLED
09-07 14:26:48.269  1033  1067 D CompatibilityChangeReporter: Compat change id reported: 143937733; UID 10141; state: ENABLED
09-07 14:26:48.274  1033  1064 W BroadcastQueue: Background execution not allowed: receiving Intent { act=android.bluetooth.headsetclient.profile.action.AG_EVENT flg=0x10 (has extras) } to com.android.car.settings/.bluetooth.BluetoothAGEventsReceiver
09-07 14:26:48.281  1033  1056 W ActivityManager: setHasOverlayUi called on unknown pid: 1354
09-07 14:26:48.282  1033  1064 W BroadcastQueue: Background execution not allowed: receiving Intent { act=android.bluetooth.headsetclient.profile.action.AG_EVENT flg=0x10 (has extras) } to com.android.car.settings/.bluetooth.BluetoothAGEventsReceiver
09-07 14:26:48.283  1033  1064 I chatty  : uid=1000(system) ActivityManager identical 1 line
09-07 14:26:48.283  1033  1064 W BroadcastQueue: Background execution not allowed: receiving Intent { act=android.bluetooth.headsetclient.profile.action.AG_EVENT flg=0x10 (has extras) } to com.android.car.settings/.bluetooth.BluetoothAGEventsReceiver
09-07 14:26:48.291  1033  1064 D CompatibilityChangeReporter: Compat change id reported: 135634846; UID 1010071; state: DISABLED
09-07 14:26:48.292  1033  1064 D CompatibilityChangeReporter: Compat change id reported: 135754954; UID 1010071; state: ENABLED
09-07 14:26:48.307   472   472 D Zygote  : Forked child process 10939
09-07 14:26:48.311 10939 10939 I main    : type=1400 audit(0.0:1929): avc: denied { write } for name="tasks" dev="tmpfs" ino=32410 scontext=u:r:zygote:s0 tcontext=u:object_r:device:s0 tclass=file permissive=1
09-07 14:26:48.311 10939 10939 I main    : type=1400 audit(0.0:1930): avc: denied { open } for path="/dev/stune/foreground/tasks" dev="tmpfs" ino=32410 scontext=u:r:zygote:s0 tcontext=u:object_r:device:s0 tclass=file permissive=1
09-07 14:26:48.313  1033  1067 I ActivityManager: Start proc 10939:com.android.systemui/u0a141 for restart com.android.systemui
09-07 14:26:48.313  1033  1067 D CompatibilityChangeReporter: Compat change id reported: 143937733; UID 1010071; state: ENABLED
09-07 14:26:48.316 10939 10939 I Zygote  : seccomp disabled by setenforce 0
09-07 14:26:48.328   472   472 D Zygote  : Forked child process 10948
09-07 14:26:48.330  1033  1067 I ActivityManager: Start proc 10948:android.process.acore/u10a71 for broadcast {com.android.providers.contacts/com.android.providers.contacts.PhoneAccountRegistrationReceiver}
09-07 14:26:48.337 10948 10948 I Zygote  : seccomp disabled by setenforce 0
09-07 14:26:48.347  4909  4914 I adbd    : jdwp connection from 10939
09-07 14:26:48.365  4909  4914 I adbd    : jdwp connection from 10948
09-07 14:26:48.367 10939 10939 I chatty  : uid=10141(com.android.systemui) expire 6 lines
09-07 14:26:48.397  1326  1417 I chatty  : uid=1000(system) com.android.car expire 2 lines
09-07 14:26:48.402 10948 10948 I d.process.acor: The ClassLoaderContext is a special shared library.
09-07 14:26:48.422 10939 10939 I CarUiInstaller: CarUiInstaller started for com.android.systemui
09-07 14:26:48.423  4341  4341 D LocalBluetoothManager: setting foreground activity to null
09-07 14:26:48.426 10948 10948 D NetworkSecurityConfig: No Network Security Config specified, using platform default
09-07 14:26:48.427 10948 10948 D NetworkSecurityConfig: No Network Security Config specified, using platform default
09-07 14:26:48.439 10948 10948 I d.process.acor: The ClassLoaderContext is a special shared library.
09-07 14:26:48.472 10948 10948 I d.process.acor: The ClassLoaderContext is a special shared library.
09-07 14:26:48.473   538   618 W ipcLib  : ipcLib: in ipc_lib. DV1 read called
09-07 14:26:48.485 10948 10948 I ContactsPerf: VoicemailContentProvider.onCreate start
09-07 14:26:48.493  2584  3085 E bt_btm  : btm_acl_role_changed: peer a8:9c:ed:ac:1f:73 tBTM_SEC_DEV:0xdaf58bc8 rs_disc_pending=0
09-07 14:26:48.494  2584  3085 I bt_bta_dm: handle_role_change: peer a8:9c:ed:ac:1f:73 info:0x10 new_role:0x1 dev count:1 hci_status=0
09-07 14:26:48.494  2584  3085 W bt_btif : bta_dm_check_av:0
09-07 14:26:48.494  2584  2790 W bt_btif : btif_dm_upstreams_evt: unhandled event (14)
09-07 14:26:48.497 10948 10948 I ContactsPerf: VoicemailContentProvider.onCreate finish
09-07 14:26:48.503 10939 10974 D TelephonyRegistryManager: onSubscriptionsChangedListener callback received.
09-07 14:26:48.507  1033  1033 D TrustManagerService: Removing dead TrustListener.
09-07 14:26:48.510  2584  3223 W HeadsetClientStateMachine: Unhandled AT OK StackEvent {type:EVENT_TYPE_CMD_RESULT, value1:0, value2:0, value3:0, value4:0, string: "null", device:A8:9C:ED:AC:1F:73}
09-07 14:26:48.512 10948 11006 E ActivityThread: Failed to find provider info for call_log
09-07 14:26:48.518  2584  3223 W HeadsetClientStateMachine: Unhandled AT OK StackEvent {type:EVENT_TYPE_CMD_RESULT, value1:0, value2:0, value3:0, value4:0, string: "null", device:A8:9C:ED:AC:1F:73}
09-07 14:26:48.519  2584 10666 D BluetoothAdapterService: getAdapterService() - returning com.android.bluetooth.btservice.AdapterService@7fb51f1
09-07 14:26:48.519  2584 10666 V BluetoothDatabase: getProfileConnectionPolicy: A8:9C:ED:AC:1F:73, profile=18, connectionPolicy = 100
09-07 14:26:48.521  1033  1825 D CountryDetector: The first listener is added
09-07 14:26:48.522 10948 10948 I ContactsDatabaseHelper: updateUseStrictPhoneNumberComparison: US
09-07 14:26:48.523 10939 10939 D CompatibilityChangeReporter: Compat change id reported: 147600208; UID 10141; state: ENABLED
09-07 14:26:48.523  2584  2584 D AdapterProperties: PROFILE_CONNECTION_STATE_CHANGE: profile=18, device=A8:9C:ED:AC:1F:73, 1 -> 2
09-07 14:26:48.525  4341  4341 D CachedBluetoothDevice: onProfileStateChanged: profile MAP Client, device=A8:9C:ED:AC:1F:73, newProfileState 2
09-07 14:26:48.530  2584  3085 D bt_bta_av: bta_av_getcap_results: sep_idx=5 avdt_handle=1 bta_handle=0x41
09-07 14:26:48.530  2584  3085 I bt_btif_a2dp_sink: btif_a2dp_sink_update_decoder
09-07 14:26:48.531  2584  3213 I bt_btif_a2dp_sink: btif_a2dp_sink_decoder_update_event
09-07 14:26:48.531  2584  3085 I btif_av : btif_av_report_sink_audio_config_state: Peer a8:9c:ed:ac:1f:73 : sample_rate=44100 channel_count=2
09-07 14:26:48.531  2584  3213 I bt_btif_avrcp_audio_track: BtifAvrcpAudioTrackCreate Track.cpp: btCreateTrack freq 44100 bps 16 channel 2 
09-07 14:26:48.531  2584  3213 I AAudio  : AAudioStreamBuilder_openStream() called ----------------------------------------
09-07 14:26:48.531  2584  3213 I AudioStreamBuilder: rate   =  44100, channels  = 2, format   = 5, sharing = SH, dir = OUTPUT
09-07 14:26:48.531  2584  3213 I AudioStreamBuilder: device =      0, sessionId = 0, perfMode = 12, callback: OFF with frames = 0
09-07 14:26:48.531  2584  3213 I AudioStreamBuilder: usage  =      0, contentType = 0, inputPreset = 0, allowedCapturePolicy = 0
09-07 14:26:48.531  2584  3213 I AudioStreamBuilder: privacy sensitive = false
09-07 14:26:48.531  2584  3213 D AudioStreamBuilder: build() MMAP not used because sessionId specified.
09-07 14:26:48.531  2584  2790 I BluetoothA2dpSinkServiceJni: bta2dp_audio_config_callback
09-07 14:26:48.534  2584  3213 D droid.bluetoot: PlayerBase::PlayerBase()
09-07 14:26:48.535  2584  3213 D AudioStreamTrack: open(), request notificationFrames = 0, frameCount = 0
09-07 14:26:48.535  2584  3213 W AudioTrack: createTrack_l(0): AUDIO_OUTPUT_FLAG_FAST denied by client, not shared buffer and transfer = TRANSFER_SYNC
09-07 14:26:48.538 10948 10948 D ActivityThread: Loading provider contacts;com.android.contacts: com.android.providers.contacts.ContactsProvider2
09-07 14:26:48.538   576  2800 I chatty  : uid=1041(audioserver) Binder:576_6 expire 2 lines
09-07 14:26:48.545  2584  3223 W HeadsetClientStateMachine: Unhandled AT OK StackEvent {type:EVENT_TYPE_CMD_RESULT, value1:0, value2:0, value3:0, value4:0, string: "null", device:A8:9C:ED:AC:1F:73}
09-07 14:26:48.545 10939 10939 D MediaResumeListener: loaded resume components []
09-07 14:26:48.549  2584  3213 D AAudioStream: setState(s#1) from 0 to 2
09-07 14:26:48.550  2584  3213 W AudioStreamTrack: open() flags changed from 0x00000004 to 0x00000000
09-07 14:26:48.550  2584  3213 W AudioStreamTrack: open() perfMode changed from 12 to 10
09-07 14:26:48.553  2584  3213 I AAudio  : AAudioStreamBuilder_openStream() returns 0 = AAUDIO_OK for s#1 ----------------
09-07 14:26:48.553  1033  1825 I chatty  : uid=1000(system) Binder:1033_A expire 7 lines
09-07 14:26:48.553  1033  1965 I chatty  : uid=1000(system) Binder:1033_C expire 17 lines
09-07 14:26:48.557  2584  3223 W HeadsetClientStateMachine: Unhandled AT OK StackEvent {type:EVENT_TYPE_CMD_RESULT, value1:0, value2:0, value3:0, value4:0, string: "null", device:A8:9C:ED:AC:1F:73}
09-07 14:26:48.564  2584 10896 E ObexHelper: Remote sent an OBEX packet with incorrect header length = 3
09-07 14:26:48.567  2584  3085 I bt_stack: [INFO:btsnoop.cc(289)] whitelist_l2c_channel: Whitelisting l2cap channel. conn_handle=11 cid=0x0050:0x0050
09-07 14:26:48.568   512  3971 I chatty  : uid=1041(audioserver) Binder:512_2 expire 303 lines
09-07 14:26:48.570 10939 10939 W AlarmManager: Unrecognized alarm listener com.android.systemui.keyguard.-$$Lambda$KeyguardSliceProvider$IhzByd8TsqFuOrSyuGurVskyPLo@9f39308
09-07 14:26:48.573  2584  3085 W bt_btif : bta_av_ssm_execute: peer a8:9c:ed:ac:1f:73 AV event(0x41)=0x121a(STR_OPEN_OK) state=2(OPENING) -> 3(OPEN) p_scb=0xb400007deaf332b8
09-07 14:26:48.573  2584  3085 I bt_bta_av: bta_av_conn_chg: p_lcb_rc->addr: 00:00:00:00:00:00 conn_chg.peer_addr: a8:9c:ed:ac:1f:73
09-07 14:26:48.573  2584  3085 W bt_btif : bta_dm_rm_cback:0, status:0
09-07 14:26:48.573  2584  3085 W bt_btif : new conn_srvc id:18, app_id:0
09-07 14:26:48.573  2584  3085 W bt_btif : bta_dm_pm_ssr: conn_srvc id:26, app_id:1
09-07 14:26:48.573  2584  3085 W bt_btif : bta_dm_pm_ssr: conn_srvc id:27, app_id:1
09-07 14:26:48.573  2584  3085 W bt_btif : bta_dm_pm_ssr: conn_srvc id:18, app_id:0
09-07 14:26:48.573  2584  3085 W bt_btif : bta_dm_pm_ssr ssr:2, lat:1200
09-07 14:26:48.574  2584  3085 I bt_bta_av: bta_av_chk_start: peer a8:9c:ed:ac:1f:73 channel:64 bta_av_cb.audio_open_cnt:1 role:0x0 features:0x925b start:false
09-07 14:26:48.574  2584  3085 I btif_av : virtual bool BtifAvStateMachine::StateOpening::ProcessEvent(uint32_t, void *): Peer a8:9c:ed:ac:1f:73 : event=BTA_AV_OPEN_EVT(0x2) flags=0x0(None) status=0(SUCCESS) edr=0x3
09-07 14:26:48.574  2584  3085 I btif_av : btif_report_connection_state: peer_address=a8:9c:ed:ac:1f:73 state=2
09-07 14:26:48.574  2584  2790 I BluetoothA2dpSinkServiceJni: bta2dp_connection_state_callback
09-07 14:26:48.576  2584  2790 I bt_btif_queue: queue_int_advance: removing connection request: address=a8:9c:ed:ac:1f:73 UUID=110B busy=true
09-07 14:26:48.576  2584 10647 D BluetoothAdapterService: getAdapterService() - returning com.android.bluetooth.btservice.AdapterService@7fb51f1
09-07 14:26:48.576  2584 10647 V BluetoothDatabase: getProfileConnectionPolicy: A8:9C:ED:AC:1F:73, profile=11, connectionPolicy = 100
09-07 14:26:48.580  2584 10647 D BluetoothAdapterService: getAdapterService() - returning com.android.bluetooth.btservice.AdapterService@7fb51f1
09-07 14:26:48.581  2584 10647 V BluetoothDatabase: getProfileConnectionPolicy: A8:9C:ED:AC:1F:73, profile=11, connectionPolicy = 100
09-07 14:26:48.583  2584  3085 I bt_stack: [INFO:btsnoop.cc(289)] whitelist_l2c_channel: Whitelisting l2cap channel. conn_handle=11 cid=0x0051:0x0051
09-07 14:26:48.585  2584 10896 E ObexHelper: Remote sent an OBEX packet with incorrect header length = 3
09-07 14:26:48.593  4341  4341 D CachedBluetoothDevice: onProfileStateChanged: profile A2DPSink, device=A8:9C:ED:AC:1F:73, newProfileState 2
09-07 14:26:48.594  2584  2584 D AdapterProperties: PROFILE_CONNECTION_STATE_CHANGE: profile=11, device=A8:9C:ED:AC:1F:73, 1 -> 2
09-07 14:26:48.599  2584  3085 W bt_btif : bta_dm_pm_ssr: conn_srvc id:26, app_id:1
09-07 14:26:48.600  2584  3085 W bt_btif : bta_dm_pm_ssr: conn_srvc id:27, app_id:1
09-07 14:26:48.600  2584  3085 W bt_btif : bta_dm_pm_ssr: conn_srvc id:18, app_id:0
09-07 14:26:48.600  2584  3085 W bt_btif : bta_dm_pm_ssr ssr:2, lat:1200
09-07 14:26:48.601  2584  3312 D ObexServerSockets0: Accepted socket connection from: ServerSocket: Type: TYPE_L2CAP Channel: 4097
09-07 14:26:48.602  2584  3312 D ObexServerSockets0: onConnect() socket: android.bluetooth.BluetoothSocket@ea3e831
09-07 14:26:48.603 10939 10939 V SystemUIService: SystemUIApplication created.
09-07 14:26:48.603 10939 10939 D SystemUIBootTiming: DependencyInjection took to complete: 0ms
09-07 14:26:48.604  2584  3312 D ObexServerSockets0: Accepting socket connection...
09-07 14:26:48.608 10939 10939 V SystemUIService: Starting SystemUI services for user 0.
09-07 14:26:48.609  2584  3085 W bt_sdp  : process_service_search_attr_rsp
09-07 14:26:48.609 10939 10939 D SystemUIBootTiming: StartServicescom.android.systemui.car.voicerecognition.ConnectedDeviceVoiceRecognitionNotifier took to complete: 1ms
09-07 14:26:48.611  2584 11020 W Obex ServerSession: Requested MaxObexPacketSize 8087 is larger than the max size supported by the transport: 8085 Reducing to this size.
09-07 14:26:48.614 10939 10939 D StorageNotification: Notifying about private volume: VolumeInfo{private}:
09-07 14:26:48.614 10939 10939 D StorageNotification:     type=PRIVATE diskId=null partGuid=null mountFlags=0 mountUserId=-10000 
09-07 14:26:48.614 10939 10939 D StorageNotification:     state=MOUNTED 
09-07 14:26:48.614 10939 10939 D StorageNotification:     fsType=null fsUuid=null fsLabel=null 
09-07 14:26:48.614 10939 10939 D StorageNotification:     path=/data internalPath=null 
09-07 14:26:48.615  2584  3085 I bt_stack: [INFO:btsnoop.cc(323)] clear_l2cap_whitelist: Clearing whitelist from l2cap channel. conn_handle=11 cid=81:81
09-07 14:26:48.616 10939 10939 D SystemUIBootTiming: StartServicescom.android.systemui.usb.StorageNotification took to complete: 5ms
09-07 14:26:48.622  2584  3085 I bt_stack: [INFO:btsnoop.cc(289)] whitelist_l2c_channel: Whitelisting l2cap channel. conn_handle=11 cid=0x0053:0x0053
09-07 14:26:48.627  2584  3085 I bt_bta_av: bta_av_rc_opened: allow incoming AVRCP connections:1
09-07 14:26:48.627  2584  3085 E bt_btif : bta_av_rc_opened: rcb[1] shdl:1 lidx:1/0
09-07 14:26:48.628  2584  2790 I BluetoothAvrcpControllerJni: btavrcp_connection_state_callback: conn state: rc: 1 br: 0
09-07 14:26:48.629 10939 10939 D SystemUIBootTiming: StartServicescom.android.systemui.power.PowerUI took to complete: 13ms
09-07 14:26:48.631 10939 10939 I ndroid.systemui: type=1400 audit(0.0:1931): avc: denied { open } for path="/dev/__properties__/u:object_r:vendor_default_prop:s0" dev="tmpfs" ino=26659 scontext=u:r:platform_app:s0:c512,c768 tcontext=u:object_r:vendor_default_prop:s0 tclass=file permissive=1 app=com.android.systemui
09-07 14:26:48.631 10939 10939 I ndroid.systemui: type=1400 audit(0.0:1932): avc: denied { getattr } for path="/dev/__properties__/u:object_r:vendor_default_prop:s0" dev="tmpfs" ino=26659 scontext=u:r:platform_app:s0:c512,c768 tcontext=u:object_r:vendor_default_prop:s0 tclass=file permissive=1 app=com.android.systemui
09-07 14:26:48.631 10939 10939 I ndroid.systemui: type=1400 audit(0.0:1933): avc: denied { map } for path="/dev/__properties__/u:object_r:vendor_default_prop:s0" dev="tmpfs" ino=26659 scontext=u:r:platform_app:s0:c512,c768 tcontext=u:object_r:vendor_default_prop:s0 tclass=file permissive=1 app=com.android.systemui
09-07 14:26:48.631 10939 10939 D SystemUIBootTiming: StartServicescom.android.systemui.media.RingtonePlayer took to complete: 2ms
09-07 14:26:48.632 10948 11019 D ContactsDatabaseHelper: WAL enabled for contacts2.db: true
09-07 14:26:48.634 10939 10939 D SystemUIBootTiming: StartServicescom.android.systemui.biometrics.AuthController took to complete: 2ms
09-07 14:26:48.636  2584  2790 V BluetoothAvrcpControllerJni: btavrcp_get_rcfeatures_callback
09-07 14:26:48.648  2584 11023 I BluetoothA2dpSinkServiceJni: setActiveDeviceNative: sBluetoothA2dpInterface: 0x7c90ece190
09-07 14:26:48.649  2584  3085 I bt_stack: [INFO:btsnoop.cc(289)] whitelist_l2c_channel: Whitelisting l2cap channel. conn_handle=11 cid=0x0055:0x0054
09-07 14:26:48.649 10939 10939 D NavigationModeController: getCurrentUserContext: contextUser=0 currentUser=10
09-07 14:26:48.649  2584  2790 E BluetoothAvrcpControllerJni: btavrcp_get_rcpsm_callback -> psm received of 4129
09-07 14:26:48.649  2584  2584 D AdapterProperties: PROFILE_CONNECTION_STATE_CHANGE: profile=12, device=A8:9C:ED:AC:1F:73, 0 -> 1
09-07 14:26:48.649  2584  3085 I bt_stack: [INFO:btsnoop.cc(289)] whitelist_l2c_channel: Whitelisting l2cap channel. conn_handle=11 cid=0x0054:0x0055
09-07 14:26:48.649  2584  3085 I bt_stack: [INFO:btif_av.cc(602)] bool BtifAvSink::SetActivePeer(const RawAddress &, std::promise<void>): peer: a8:9c:ed:ac:1f:73
09-07 14:26:48.650 10939 10939 D NavigationModeController: getCurrentInteractionMode: mode=0 contextUser=10
09-07 14:26:48.650 10939 10939 E NavigationModeController: updateCurrentInteractionMode: mode=0
09-07 14:26:48.650 10939 10939 D NavigationModeController:   contextUser=10
09-07 14:26:48.650 10939 10939 D NavigationModeController:   assetPaths=
09-07 14:26:48.650  2584 11023 D BluetoothMediaBrowserService: notifyChanged PlaybackStatePlaybackState {state=0, position=-1, buffered position=0, speed=1.0, updated=111640, actions=16439, error code=0, error message=null, custom actions=[], active item id=-1}
09-07 14:26:48.650 10939 10939 D NavigationModeController:     /system/framework/framework-res.apk
09-07 14:26:48.651 10939 10939 D NavigationModeController:     /system/system_ext/priv-app/CarSystemUITAI/CarSystemUITAI.apk
09-07 14:26:48.651 10939 10939 D NavigationModeController: getCurrentInteractionMode: mode=0 contextUser=10
09-07 14:26:48.652  3033  3033 I MediaModeService: BluetoothMediaBrowserService:onPlaybackStateChanged:0
09-07 14:26:48.657  2584  2584 D AdapterProperties: PROFILE_CONNECTION_STATE_CHANGE: profile=12, device=A8:9C:ED:AC:1F:73, 1 -> 2
09-07 14:26:48.661  2584  3085 I bt_bta_av: bta_av_rc_browse_opened: peer_addr: a8:9c:ed:ac:1f:73 rc_handle:1
09-07 14:26:48.661  2584  2790 I BluetoothAvrcpControllerJni: btavrcp_connection_state_callback: conn state: rc: 1 br: 1
09-07 14:26:48.663  2584 11030 W BluetoothAdapter: getBluetoothService() called with no BluetoothManagerCallback
09-07 14:26:48.664  2584 11023 W AvrcpControllerStateMachine: Unhandled message in state com.android.bluetooth.avrcpcontroller.AvrcpControllerStateMachine$Connected@c988c08msg.what=1
09-07 14:26:48.668  3033  3033 I MediaModeService: isAutoplayEnabled local_setting:false
09-07 14:26:48.674  2584  2790 I BluetoothAvrcpControllerJni: btavrcp_play_status_changed_callback
09-07 14:26:48.676  2584 11023 D BluetoothMediaBrowserService: notifyChanged PlaybackStatePlaybackState {state=1, position=111664, buffered position=0, speed=0.0, updated=111665, actions=16439, error code=0, error message=null, custom actions=[], active item id=-1}
09-07 14:26:48.677  2584  3085 I bt_stack: [INFO:btsnoop.cc(323)] clear_l2cap_whitelist: Clearing whitelist from l2cap channel. conn_handle=11 cid=85:84
09-07 14:26:48.678  3033  3033 I MediaModeService: BluetoothMediaBrowserService:onPlaybackStateChanged:1
09-07 14:26:48.681  2584  2790 I BluetoothAvrcpControllerJni: btavrcp_play_status_changed_callback
09-07 14:26:48.682  2584  2790 I BluetoothAvrcpControllerJni: btavrcp_play_position_changed_callback
09-07 14:26:48.682  2584 11023 D BluetoothMediaBrowserService: notifyChanged PlaybackStatePlaybackState {state=1, position=111664, buffered position=0, speed=0.0, updated=111672, actions=16439, error code=0, error message=null, custom actions=[], active item id=-1}
09-07 14:26:48.683  2584 11023 D BluetoothMediaBrowserService: notifyChanged PlaybackStatePlaybackState {state=1, position=0, buffered position=0, speed=0.0, updated=111673, actions=16439, error code=0, error message=null, custom actions=[], active item id=-1}
09-07 14:26:48.683  3033  3033 I MediaModeService: BluetoothMediaBrowserService:onPlaybackStateChanged:1
09-07 14:26:48.684  3033  3033 I MediaModeService: BluetoothMediaBrowserService:onPlaybackStateChanged:1
09-07 14:26:48.685  2584  3085 W bt_btif : bta_dm_pm_ssr: conn_srvc id:26, app_id:1
09-07 14:26:48.685  2584  3085 W bt_btif : bta_dm_pm_ssr: conn_srvc id:27, app_id:1
09-07 14:26:48.686  2584  3085 W bt_btif : bta_dm_pm_ssr: conn_srvc id:18, app_id:0
09-07 14:26:48.686  2584  3085 W bt_btif : bta_dm_pm_ssr ssr:2, lat:1200
09-07 14:26:48.687  2584  2790 I BluetoothAvrcpControllerJni: btavrcp_register_notification_absvol_callback
09-07 14:26:48.687  2584 11023 I BluetoothAvrcpControllerJni: sendRegisterAbsVolRspNative: sBluetoothAvrcpInterface: 0x7c90ece7b8
09-07 14:26:48.689  2584  2790 I BluetoothAvrcpControllerJni: btavrcp_play_position_changed_callback
09-07 14:26:48.690  2584 11023 D BluetoothMediaBrowserService: notifyChanged PlaybackStatePlaybackState {state=1, position=0, buffered position=0, speed=0.0, updated=111680, actions=16439, error code=0, error message=null, custom actions=[], active item id=-1}
09-07 14:26:48.691  3033  3033 I MediaModeService: BluetoothMediaBrowserService:onPlaybackStateChanged:1
09-07 14:26:48.696  1033  1431 I StatusBarManagerService: registerStatusBar bar=com.android.internal.statusbar.IStatusBar$Stub$Proxy@c987270
09-07 14:26:48.697  2584  2790 I BluetoothAvrcpControllerJni: btavrcp_set_abs_vol_cmd_callback
09-07 14:26:48.698  2584 11023 I BluetoothAvrcpControllerJni: sendAbsVolRspNative: sBluetoothAvrcpInterface: 0x7c90ece7b8
09-07 14:26:48.702  2584  2790 I BluetoothAvrcpControllerJni: btavrcp_available_player_changed_callback
09-07 14:26:48.710  2584  2790 I BluetoothAvrcpControllerJni: btavrcp_addressed_player_changed_callback status 1
09-07 14:26:48.716  2584  2790 I BluetoothAvrcpControllerJni: btavrcp_now_playing_content_changed_callback
09-07 14:26:48.717  2584 11023 I BluetoothAvrcpControllerJni: getNumItems: sBluetoothAvrcpInterface: 0x7c90ece7b8
09-07 14:26:48.718  2584 11023 V BluetoothAvrcpControllerJni: getNowPlayingListNative: sBluetoothAvrcpInterface: 0x7c90ece7b8
09-07 14:26:48.746 10939 10939 D HvacController: initComponent: 49:358614275
09-07 14:26:48.746 10939 10939 D HvacController: initComponent: 68:358614275
09-07 14:26:48.765   532   569 W ipcLib  : ipcLib: in ipc_lib. DV1 read called
09-07 14:26:48.765   532   568 I VPS     : VPS:IOCStatusInfo.VoltageStatus->0 
09-07 14:26:48.765   532   568 I VPS     : VPS:IOCStatusInfo.IOCStatusCmd->a6 
09-07 14:26:48.766   532   568 I VPS     : VPS:IOCStatusInfo.WakeUpReason->0 
09-07 14:26:48.766   532   568 I VPS     : VPS:IOCStatusInfo.DerivedIgnitionStatus->0 
09-07 14:26:48.766   532   568 I VPS     : VPS:IOCStatusInfo.PowerModeState->4 
09-07 14:26:48.766   532   568 I VPS     : VPS:IOCStatusInfo.SOCShutdownRequest->0 
09-07 14:26:48.766   532   568 I VPS     : VPS:IOCStatusInfo.AntiTheftState->0 
09-07 14:26:48.766   532   568 I VPS     : VPS:IOCStatusInfo.BatteryConnect->0 
09-07 14:26:48.768 10948 11019 I ContactLocale: AddressBook Labels [[en_US]]: […, A, B, C, D, E, F, G, H, I, J, K, L, M, N, O, P, Q, R, S, T, U, V, W, X, Y, Z, Α, Β, Γ, Δ, Ε, Ζ, Η, Θ, Ι, Κ, Λ, Μ, Ν, Ξ, Ο, Π, Ρ, Σ, Τ, Υ, Φ, Χ, Ψ, Ω, …, А, Б, В, Г, Д, Ђ, Е, Є, Ж, З, И, І, Й, Ј, К, Л, Љ, М, Н, Њ, О, П, Р, С, Т, Ћ, У, Ф, Х, Ц, Ч, Џ, Ш, Щ, Ю, Я, …, א, ב, ג, ד, ה, ו, ז, ח, ט, י, כ, ל, מ, נ, ס, ע, פ, צ, ק, ר, ש, ת, …, ا, ب, ت, ث, ج, ح, خ, د, ذ, ر, ز, س, ش, ص, ض, ط, ظ, ع, غ, ف, ق, ك, ل, م, ن, ه, و, ي, …, ก, ข, ฃ, ค, ฅ, ฆ, ง, จ, ฉ, ช, ซ, ฌ, ญ, ฎ, ฏ, ฐ, ฑ, ฒ, ณ, ด, ต, ถ, ท, ธ, น, บ, ป, ผ, ฝ, พ, ฟ, ภ, ม, ย, ร, ฤ, ล, ฦ, ว, ศ, ษ, ส, ห, ฬ, อ, ฮ, …, ㄱ, ㄴ, ㄷ, ㄹ, ㅁ, ㅂ, ㅅ, ㅇ, ㅈ, ㅊ, ㅋ, ㅌ, ㅍ, ㅎ, …, あ, か, さ, た, な, は, ま, や, ら, わ, #, …]
09-07 14:26:48.773  2584  3085 W bt_avp  : avrc_pars_browse_rsp: invalid parameter length 1: must be at least 2
09-07 14:26:48.773  2584  3085 E bt_btif : handle_get_metadata_attr_response: Error in get element attr procedure: 0
09-07 14:26:48.775  2584  2790 I BluetoothAvrcpControllerJni: btavrcp_get_num_items_callback count 1
09-07 14:26:48.776  2584  2790 D AvrcpControllerService: handleNumberofItems(device=A8:9C:ED:AC:1F:73, count=1status =4)
09-07 14:26:48.776  2584 11023 D BluetoothMediaBrowserService: notifyAvailableTotalNumItems numItems = 1
09-07 14:26:48.779  2584  2790 V BluetoothAvrcpControllerJni: btavrcp_get_folder_items_callback count 1
09-07 14:26:48.779  2584  2790 V BluetoothAvrcpControllerJni: btavrcp_get_folder_items_callback item type 3
09-07 14:26:48.780  2584  2790 I BluetoothAvrcpControllerJni: btavrcp_now_playing_content_changed_callback
09-07 14:26:48.784  2584 11023 I BluetoothAvrcpControllerJni: getNumItems: sBluetoothAvrcpInterface: 0x7c90ece7b8
09-07 14:26:48.785  2584 11023 V BluetoothAvrcpControllerJni: getNowPlayingListNative: sBluetoothAvrcpInterface: 0x7c90ece7b8
09-07 14:26:48.785  1033  1629 W BroadcastQueue: Background execution not allowed: receiving Intent { act=android.bluetooth.headsetclient.profile.action.AG_EVENT flg=0x10 (has extras) } to com.android.car.settings/.bluetooth.BluetoothAGEventsReceiver
09-07 14:26:48.789  1033  1064 W BroadcastQueue: Background execution not allowed: receiving Intent { act=android.bluetooth.headsetclient.profile.action.AG_EVENT flg=0x10 (has extras) } to com.android.car.settings/.bluetooth.BluetoothAGEventsReceiver
09-07 14:26:48.795  2584  2790 I BluetoothAvrcpControllerJni: btavrcp_get_num_items_callback count 1
09-07 14:26:48.796  2584  2790 D AvrcpControllerService: handleNumberofItems(device=A8:9C:ED:AC:1F:73, count=1status =4)
09-07 14:26:48.797  2584 11023 D BluetoothMediaBrowserService: notifyAvailableTotalNumItems numItems = 1
09-07 14:26:48.799 10939 10939 D BluetoothHeadsetClient: Binding service...
09-07 14:26:48.800  2584  2790 V BluetoothAvrcpControllerJni: btavrcp_get_folder_items_callback count 1
09-07 14:26:48.800  2584  2790 V BluetoothAvrcpControllerJni: btavrcp_get_folder_items_callback item type 3
09-07 14:26:48.811 10939 10939 D CarVPAController: create VPAManager
09-07 14:26:48.812 10939 10939 D CarVPAController: mVPAManager current user = 10
09-07 14:26:48.812 10939 10939 V Harman-VPA-client-lib: connect()
09-07 14:26:48.814  1326  1350 I chatty  : uid=1000(system) com.android.car expire 14 lines
09-07 14:26:48.814 10939 10939 D Harman-VPA-client-lib: isBindRequestAcceptedBySystem :: true
09-07 14:26:48.816 10939 10939 D CarNavigationBar: mCarVPAController create mCarVPAController
09-07 14:26:48.816 10939 10939 D CarNavigationView: setVRButtonVisibility : 0
09-07 14:26:48.816 10939 10939 D CarVRController: alexa off and bluetooth disconnected
09-07 14:26:48.816 10939 10939 D CarNavigationView: setVRViewEnabled : false
09-07 14:26:48.816 10939 10939 D CarVPAController: carNavigationBarView is null
09-07 14:26:48.821 10939 10939 D CarVPAController: ActivityManager.getCurrentUser() : 10
09-07 14:26:48.824 10939 10939 D CarNavigationView: selectedVpa : alexa, visibility : 4
09-07 14:26:48.824 10939 10939 D CarNavigationView: selectedVpa : white_label, visibility : 4
09-07 14:26:48.825 10939 10939 D CarNavigationView: setVRButtonVisibility : 4
09-07 14:26:48.825 10939 10939 D CarNavigationView: selectedVpa : white_label, visibility : 0
09-07 14:26:48.827 10939 11028 D HvacController: initComponent: 68:358614275
09-07 14:26:48.827 10939 10939 D LocalBluetoothProfileManager: LocalBluetoothProfileManager construction complete
09-07 14:26:48.828 10939 10939 D LocalBluetoothProfileManager: Adding local A2DP SINK profile
09-07 14:26:48.828 10948 11019 D ContactsDatabaseHelper: WAL enabled for profile.db: false
09-07 14:26:48.830 10939 10939 D BluetoothA2dpSink: Binding service...
09-07 14:26:48.832 10939 10939 D LocalBluetoothProfileManager: Adding local HfpClient profile
09-07 14:26:48.833 10939 10939 D BluetoothHeadsetClient: Binding service...
09-07 14:26:48.836 10939 10939 D LocalBluetoothProfileManager: Adding local MAP CLIENT profile
09-07 14:26:48.836 10939 11028 D HvacController: initComponent: 49:358614275
09-07 14:26:48.837 10939 10939 D BluetoothMapClient: Binding service...
09-07 14:26:48.839 10939 10939 D LocalBluetoothProfileManager: Adding local PBAP Client profile
09-07 14:26:48.841 10939 10939 D BluetoothPbapClient: Binding service...
09-07 14:26:48.844 11037 11037 I qccsyshalservice: Start with system binder
09-07 14:26:48.844 11037 11037 I qccsyshalservice: Registering qccsyshal service...
09-07 14:26:48.845   376   376 I chatty  : uid=1000(system) hwservicemanage expire 6 lines
09-07 14:26:48.846 11037 11037 E HidlServiceManagement: Service vendor.qti.hardware.qccsyshal@1.0::IQccsyshal/qccsyshal must be in VINTF manifest in order to register/get.
09-07 14:26:48.846 11037 11037 E qccsyshalservice: [ERROR] registerAsService() failed with status: -2147483648
09-07 14:26:48.852 10939 10939 D LocalBluetoothProfileManager: Current Profiles[]
09-07 14:26:48.852 10939 10939 D LocalBluetoothProfileManager: New Profiles[HEADSET_CLIENT, A2DPSink, MAP Client, PbapClient]
09-07 14:26:48.854 10939 10939 E CachedBluetoothDevice: updating profiles for SKN的MI 9, A8:9C:ED:AC:1F:73
09-07 14:26:48.855 10939 10939 V CachedBluetoothDevice: Class: 5a020c
09-07 14:26:48.855 10939 10939 V CachedBluetoothDevice: UUID:
09-07 14:26:48.855 10939 10939 V CachedBluetoothDevice:   0000110a-0000-1000-8000-00805f9b34fb
09-07 14:26:48.855 10939 10939 V CachedBluetoothDevice:   00001105-0000-1000-8000-00805f9b34fb
09-07 14:26:48.855 10939 10939 V CachedBluetoothDevice:   00001115-0000-1000-8000-00805f9b34fb
09-07 14:26:48.855 10939 10939 V CachedBluetoothDevice:   00001116-0000-1000-8000-00805f9b34fb
09-07 14:26:48.855 10939 10939 V CachedBluetoothDevice:   0000112f-0000-1000-8000-00805f9b34fb
09-07 14:26:48.855 10939 10939 V CachedBluetoothDevice:   00001112-0000-1000-8000-00805f9b34fb
09-07 14:26:48.855 10939 10939 V CachedBluetoothDevice:   0000111f-0000-1000-8000-00805f9b34fb
09-07 14:26:48.855 10939 10939 V CachedBluetoothDevice:   00001132-0000-1000-8000-00805f9b34fb
09-07 14:26:48.855 10939 10939 V CachedBluetoothDevice:   00000000-0000-1000-8000-00805f9b34fb
09-07 14:26:48.855 10939 10939 V CachedBluetoothDevice:   00000000-0000-1000-8000-00805f9b34fb
09-07 14:26:48.855 10939 10939 V CachedBluetoothDevice:   98b97136-36a2-11ea-8467-484d7e99a198
09-07 14:26:48.860  1033  1965 W ActivityManager: Receiver with filter android.content.IntentFilter@2a79b71 already registered for pid 10939, callerPackage is com.android.systemui
09-07 14:26:48.863 10939 10939 D BluetoothHeadsetClient: Binding service...
09-07 14:26:48.866 10939 10939 D SystemUIBootTiming: StartServicescom.android.systemui.car.navigationbar.CarNavigationBar took to complete: 232ms
09-07 14:26:48.871 10939 10939 D SystemUIBootTiming: StartServicescom.android.systemui.theme.ThemeOverlayController took to complete: 4ms
09-07 14:26:48.872  1033  1431 I chatty  : uid=1000(system) Binder:1033_5 expire 1 line
09-07 14:26:48.878 10948 11019 I ContactsProvider: Accounts changed
09-07 14:26:48.879 10948 11014 I ContactsProvider: Accounts changed
09-07 14:26:48.891 11038 11038 E android.hardware.sensors@1.0-service: Couldn't load sensors module (Unknown error -2147483648)
09-07 14:26:48.891 11038 11038 D RefBase : RefBase: Explicit destruction, weak count = 0 (in 0xb400007457da3528)
09-07 14:26:48.891 11038 11038 W RefBase : CallStack::getCurrentInternal not linked, returning null
09-07 14:26:48.891 11038 11038 W RefBase : CallStack::logStackInternal not linked
09-07 14:26:48.893 11038 11038 E LegacySupport: Could not get passthrough implementation for android.hardware.sensors@1.0::ISensors/default.
09-07 14:26:48.895 11041 11041 D LOGMANAGER: LOGMANAGER HAL service init() start
09-07 14:26:48.895 11041 11041 D LOGMANAGER: Logmanager configured rpcthreadpool
09-07 14:26:48.897 11041 11041 I HidlServiceManagement: Registered vendor.harman.hardware.LogManager@1.0::ILogManager/default
09-07 14:26:48.897 11041 11041 D LOGMANAGER: Logmanager HAL Service is registered and ready
09-07 14:26:48.897 11041 11041 I LOGMANAGER: ThreadPoolWrapper::initThreadPool
09-07 14:26:48.897 11041 11041 I LOGMANAGER: ThreadPoolWrapper : exit
09-07 14:26:48.897 11041 11041 D LOGMANAGER: Logmanager threadpoolwrapper created
09-07 14:26:48.898 11041 11041 D LOGMANAGER: User argument is -c
09-07 14:26:48.898 11041 11046 I LOGMANAGER: ThreadPoolWrapper:  enter the joinRpcThreadpool()
09-07 14:26:48.898 11041 11041 I LOGMANAGER: LogmanagerConfig is configured under config file
09-07 14:26:48.898 11041 11041 I LOGMANAGER: LoggingLevel is : 4
09-07 14:26:48.898 11041 11041 I LOGMANAGER: LogEnableState is : 0
09-07 14:26:48.898 11041 11041 I LOGMANAGER: OutputPluginConfiguration PluginType : LOGWRITTER
09-07 14:26:48.898 11041 11041 I LOGMANAGER: LM_OutputConfiguration : 1
09-07 14:26:48.898 11041 11041 I LOGMANAGER: LM_OfflineTraceDirectory : /data/cache
09-07 14:26:48.898 11041 11041 I LOGMANAGER: LM_OfflineTraceFILESize : 1000000
09-07 14:26:48.898 11041 11041 I LOGMANAGER: LM_OfflineTotalFILESSize : 20000000
09-07 14:26:48.898 11041 11041 I LOGMANAGER: LM_FileNameTimeStampBased : 0
09-07 14:26:48.898 11041 11041 I LOGMANAGER: Got IOC plugin
09-07 14:26:48.898 11041 11041 I LOGMANAGER: IOCIPCChannelNumber :6
09-07 14:26:48.898 11041 11041 I LOGMANAGER: keyseq: HOME + VOLUMEDOWN  for domain is AudioDump
09-07 14:26:48.898 11041 11041 I LOGMANAGER: keyseq: HOME + VOLUMEUP  for domain is HCIDump
09-07 14:26:48.898 11041 11041 I LOGMANAGER: Domains parsing is done
09-07 14:26:48.899 10948 11019 I ContactsProvider: Accounts changed
09-07 14:26:48.900 11041 11041 E LOGMANAGER: Failed to load plugin /vendor/lib64/libIOCDLogReader.so with error code dlopen failed: library "/vendor/lib64/libIOCDLogReader.so" not found 
09-07 14:26:48.900 11041 11041 F libc    : Fatal signal 11 (SIGSEGV), code 1 (SEGV_MAPERR), fault addr 0x0 in tid 11041 (vendor.harman.L), pid 11041 (vendor.harman.L)
09-07 14:26:48.904 10939 10939 I FalsingManager: xdpi, ydpi: 60.96, 40.64
09-07 14:26:48.904 10939 10939 I FalsingManager: width, height: 1920, 720
09-07 14:26:48.907 10939 10939 D NavigationModeController: getCurrentInteractionMode: mode=0 contextUser=10
09-07 14:26:48.926 10948 11019 I ContactDirectoryManager: deleted 0 stale rows which don't have any relevant directory
09-07 14:26:48.927 10939 10939 V MediaRouter: Selecting route: RouteInfo{ name=Phone, description=null, status=null, category=RouteCategory{ name=System types=ROUTE_TYPE_LIVE_AUDIO ROUTE_TYPE_LIVE_VIDEO  groupable=false }, supportedTypes=ROUTE_TYPE_LIVE_AUDIO ROUTE_TYPE_LIVE_VIDEO , presentationDisplay=null }
09-07 14:26:48.927 10948 11019 I ContactDirectoryManager: Discovered 0 contact directories in 4ms
09-07 14:26:48.930  1033  1063 E ActivityThread: Failed to find provider info for com.android.contacts
09-07 14:26:48.931  1033  1063 W ContactsQueryHelper: Cursor is null when querying contact.
09-07 14:26:48.932 10948 11014 I ContactDirectoryManager: deleted 0 stale rows which don't have any relevant directory
09-07 14:26:48.933 10948 11014 I ContactDirectoryManager: Discovered 0 contact directories in 6ms
09-07 14:26:48.935  1033  1063 E ActivityThread: Failed to find provider info for com.android.contacts
09-07 14:26:48.935  1033  1063 W ContactsQueryHelper: Cursor is null when querying contact.
09-07 14:26:48.945 11049 11049 I crash_dump64: obtaining output fd from tombstoned, type: kDebuggerdTombstone
09-07 14:26:48.946   463   463 I tombstoned: received crash request for pid 11041
09-07 14:26:48.947 11049 11049 I crash_dump64: performing dump of process 11041 (target tid = 11041)
09-07 14:26:48.949 10939 11028 D KeyguardViewMediator: updateActivityLockScreenState(true, false)
09-07 14:26:48.950 11049 11049 F DEBUG   : *** *** *** *** *** *** *** *** *** *** *** *** *** *** *** ***
09-07 14:26:48.950 11049 11049 F DEBUG   : Build fingerprint: 'qti/titan_tml_b2/titan_tml_b2:11/RQ3A.210605.005/eng.ksong.20210907.134230:userdebug/test-keys'
09-07 14:26:48.951 11049 11049 F DEBUG   : Revision: '0'
09-07 14:26:48.951 11049 11049 F DEBUG   : ABI: 'arm64'
09-07 14:26:48.951  2584 10662 I PbapClientConnHandler:  profile version 258 supported features 543
09-07 14:26:48.952 11049 11049 F DEBUG   : Timestamp: 2021-09-07 14:26:48+0000
09-07 14:26:48.952 11049 11049 F DEBUG   : pid: 11041, tid: 11041, name: vendor.harman.L  >>> /vendor/bin/hw/vendor.harman.LogManager@1.0-service <<<
09-07 14:26:48.952 11049 11049 F DEBUG   : uid: 0
09-07 14:26:48.952 11049 11049 F DEBUG   : signal 11 (SIGSEGV), code 1 (SEGV_MAPERR), fault addr 0x0
09-07 14:26:48.953 11049 11049 F DEBUG   : Cause: null pointer dereference
09-07 14:26:48.953 11049 11049 F DEBUG   :     x0  0000000000000000  x1  0000000000000000  x2  0000000000080001  x3  0000000000000000
09-07 14:26:48.953 11049 11049 F DEBUG   :     x4  0000000000000000  x5  0000000000000090  x6  fefefefefefefeff  x7  7f7f7f7f7f7f7f7f
09-07 14:26:48.953 11049 11049 F DEBUG   :     x8  0101010101010101  x9  f750bb6e6dbec391  x10 0000007ff0ba03c8  x11 fffffffffffffffd
09-07 14:26:48.953 11049 11049 F DEBUG   :     x12 0000007ff0ba0550  x13 000000000000008e  x14 003567dfdc902000  x15 0000000034155555
09-07 14:26:48.953 11049 11049 F DEBUG   :     x16 0000005ddcd497e0  x17 0000007e11457b30  x18 0000007e125c0000  x19 0000000000000000
09-07 14:26:48.953 10939 10939 D SystemUIBootTiming: StartServicescom.android.systemui.keyguard.KeyguardViewMediator took to complete: 82ms
09-07 14:26:48.953 11049 11049 F DEBUG   :     x20 0000007e11232c50  x21 0000007ff0ba0c69  x22 b400007d10cd4c08  x23 0000007ff0ba0c88
09-07 14:26:48.953 11049 11049 F DEBUG   :     x24 0000000000000000  x25 0000007e118dd000  x26 0000007ff0ba0c69  x27 0000007ff0ba0c39
09-07 14:26:48.953 11049 11049 F DEBUG   :     x28 0000000000000000  x29 0000007ff0ba0b70
09-07 14:26:48.954 11049 11049 F DEBUG   :     lr  0000005ddcd40048  sp  0000007ff0ba0b70  pc  0000007e11457b40  pst 0000000080000000
09-07 14:26:48.956 10939 10939 D KeyguardViewMediator: adjustStatusBarLocked: mShowing=true mOccluded=false isSecure=false force=false --> flags=0x1200000
09-07 14:26:48.957 10939 10939 D SystemUIBootTiming: StartServicescom.android.systemui.SizeCompatModeActivityController took to complete: 0ms
09-07 14:26:48.957 11049 11049 F DEBUG   : backtrace:
09-07 14:26:48.958 11049 11049 F DEBUG   :       #00 pc 000000000004ab40  /apex/com.android.runtime/lib64/bionic/libc.so (strlen_default+16) (BuildId: 2b7c6e33413ac7278a15dfc3ea383089)
09-07 14:26:48.958 11049 11049 F DEBUG   :       #01 pc 0000000000009044  /vendor/bin/hw/vendor.harman.LogManager@1.0-service (BuildId: 3e966ab64050b441b920ba0e8960d123)
09-07 14:26:48.958 11049 11049 F DEBUG   :       #02 pc 0000000000008df0  /vendor/bin/hw/vendor.harman.LogManager@1.0-service (LM::LogManagerImpl::load_plugin_conf(void*, std::__1::basic_string<char, std::__1::char_traits<char>, std::__1::allocator<char> >, std::__1::multimap<std::__1::basic_string<char, std::__1::char_traits<char>, std::__1::allocator<char> >, int, std::__1::less<std::__1::basic_string<char, std::__1::char_traits<char>, std::__1::allocator<char> > >, std::__1::allocator<std::__1::pair<std::__1::basic_string<char, std::__1::char_traits<char>, std::__1::allocator<char> > const, int> > >&)+752) (BuildId: 3e966ab64050b441b920ba0e8960d123)
09-07 14:26:48.958 11049 11049 F DEBUG   :       #03 pc 00000000000088c0  /vendor/bin/hw/vendor.harman.LogManager@1.0-service (LM::LogManagerImpl::loadplugins()+436) (BuildId: 3e966ab64050b441b920ba0e8960d123)
09-07 14:26:48.959 11049 11049 F DEBUG   :       #04 pc 0000000000007af8  /vendor/bin/hw/vendor.harman.LogManager@1.0-service (main+1112) (BuildId: 3e966ab64050b441b920ba0e8960d123)
09-07 14:26:48.959 10939 10939 D VolumeUI: Registering mVolumeChangeCallback.
09-07 14:26:48.959 11049 11049 F DEBUG   :       #05 pc 000000000004988c  /apex/com.android.runtime/lib64/bionic/libc.so (__libc_init+108) (BuildId: 2b7c6e33413ac7278a15dfc3ea383089)
09-07 14:26:48.960 10939 10939 D SystemUIBootTiming: StartServicescom.android.systemui.car.volume.VolumeUI took to complete: 3ms
09-07 14:26:48.960 10939 10939 D SystemUIBootTiming: StartServicescom.android.systemui.toast.ToastUI took to complete: 0ms
09-07 14:26:48.962 10939 10939 D SystemUIBootTiming: StartServicescom.android.systemui.util.leak.GarbageMonitor$Service took to complete: 1ms
09-07 14:26:48.963 10939 10939 D SystemUIBootTiming: StartServicescom.android.systemui.ScreenDecorations took to complete: 1ms
09-07 14:26:48.963   890  1256 E Utils   : did not find channel-count and/or sample-rate
09-07 14:26:48.964   890  4883 E Utils   : did not find channel-count and/or sample-rate
09-07 14:26:48.966 10939 10939 D SystemUIBootTiming: StartServicescom.android.systemui.util.NotificationChannels took to complete: 3ms
09-07 14:26:48.966 10939 10939 D SystemUIBootTiming: StartServicescom.android.systemui.VendorServices took to complete: 0ms
09-07 14:26:48.976 10939 11056 D CCodec  : allocate(c2.android.vorbis.decoder)
09-07 14:26:48.976 10939 11057 D CCodec  : allocate(c2.android.vorbis.decoder)
09-07 14:26:48.981 10939 11056 I Codec2Client: Available Codec2 services: "default" "software"
09-07 14:26:48.990 10939 11056 I CCodec  : setting up 'default' as default (vendor) store
09-07 14:26:48.991 10939 11057 I CCodec  : setting up 'default' as default (vendor) store
09-07 14:26:48.993  1033  1965 D NotificationService: 0|com.samsung.android.automotive.launcher|111|null|10080: granting content://settings/system/notification_sound
09-07 14:26:48.993  1033  1965 D NotificationService: 10|com.samsung.android.automotive.launcher|111|null|1010080: granting content://settings/system/notification_sound
09-07 14:26:48.994  1033  1965 D NotificationService: 10|com.harman.vpa|4065|null|1001000: granting content://settings/system/notification_sound
09-07 14:26:48.994  1033  1965 W UriGrantsManagerService: For security reasons, the system cannot issue a Uri permission grant to content://settings/system/notification_sound [user 10]; use startActivityAsCaller() instead
09-07 14:26:48.994  1033  1965 D NotificationService: 10|com.harman.mediamodeservice|1|null|1001000: granting content://settings/system/notification_sound
09-07 14:26:48.994  1033  1965 W UriGrantsManagerService: For security reasons, the system cannot issue a Uri permission grant to content://settings/system/notification_sound [user 10]; use startActivityAsCaller() instead
09-07 14:26:48.995 10939 10939 D OverlayViewGlobalStateController: Registering content mediator: com.android.systemui.car.notification.TopNotificationPanelViewMediator
09-07 14:26:48.996 10939 10939 D PowerManagerHelper: Car Service connected
09-07 14:26:49.000   532   569 I VPS     : VPS:VehiclePlatformSOCHeartBeatHandler IVI HeartBeat sent successfully SOCHeartBeatInfo.SOCStatus->2
09-07 14:26:49.000   532   569 W ipcLib  : ipcLib: in ipc_lib. DV1 write called
09-07 14:26:49.001   911  3124 V C2Store : in init
09-07 14:26:49.001   911  3124 V C2Store : loading dll
09-07 14:26:49.001 10939 10939 D OverlayViewGlobalStateController: Registering content mediator: com.android.systemui.car.keyguard.CarKeyguardViewMediator
09-07 14:26:49.001   532   569 W ipcLib  : ipcLib: in ipc_lib. DV1 read called
09-07 14:26:49.002 10939 10939 D OverlayViewGlobalStateController: Registering content mediator: com.android.systemui.car.userswitcher.FullscreenUserSwitcherViewMediator
09-07 14:26:49.003 10939 10939 I FullscreenUserSwitcherViewMediator: Boot user id override found for initial user, user id: -1
09-07 14:26:49.004 10939 10939 I FullscreenUserSwitcherViewMediator: Last active user loaded for initial user: 10
09-07 14:26:49.004 10939 10939 D FullscreenUserSwitcherViewMediator: getPreferredUser : 
09-07 14:26:49.004 10939 10939 D OverlayViewGlobalStateController: mHighestZOrder: null
09-07 14:26:49.004 10939 10939 D OverlayViewGlobalStateController: mZOrderVisibleSortedMap.size(): 0
09-07 14:26:49.004 10939 10939 D OverlayViewGlobalStateController: mZOrderVisibleSortedMap: {}
09-07 14:26:49.004 10939 10939 D OverlayViewGlobalStateController: mZOrderMap.size(): 0
09-07 14:26:49.004 10939 10939 D OverlayViewGlobalStateController: mZOrderMap: {}
09-07 14:26:49.005 10939 10939 D OverlayViewGlobalStateController: mIsOccluded: false
09-07 14:26:49.005 10939 10939 D OverlayViewGlobalStateController: mViewsHiddenForOcclusion: []
09-07 14:26:49.005 10939 10939 D OverlayViewGlobalStateController: mViewsHiddenForOcclusion.size(): 0
09-07 14:26:49.007 10939 11057 I CCodec  : Created component [c2.android.vorbis.decoder]
09-07 14:26:49.008 10939 11056 I CCodec  : Created component [c2.android.vorbis.decoder]
09-07 14:26:49.008 10939 11057 D CCodecConfig: read media type: audio/vorbis
09-07 14:26:49.008 10939 11056 D CCodecConfig: read media type: audio/vorbis
09-07 14:26:49.014 10939 11057 D ReflectedParamUpdater: extent() != 1 for single value type: algo.buffers.max-count.values
09-07 14:26:49.017 10939 11056 D ReflectedParamUpdater: extent() != 1 for single value type: algo.buffers.max-count.values
09-07 14:26:49.018 10939 11057 D ReflectedParamUpdater: extent() != 1 for single value type: output.subscribed-indices.values
09-07 14:26:49.019 10939 11057 D ReflectedParamUpdater: extent() != 1 for single value type: input.buffers.allocator-ids.values
09-07 14:26:49.019 10939 11057 D ReflectedParamUpdater: extent() != 1 for single value type: output.buffers.allocator-ids.values
09-07 14:26:49.019 10939 11056 D ReflectedParamUpdater: extent() != 1 for single value type: output.subscribed-indices.values
09-07 14:26:49.019 10939 11057 D ReflectedParamUpdater: extent() != 1 for single value type: algo.buffers.allocator-ids.values
09-07 14:26:49.019 10939 11057 D ReflectedParamUpdater: extent() != 1 for single value type: output.buffers.pool-ids.values
09-07 14:26:49.019 10939 11057 D ReflectedParamUpdater: extent() != 1 for single value type: algo.buffers.pool-ids.values
09-07 14:26:49.019 10939 11056 D ReflectedParamUpdater: extent() != 1 for single value type: input.buffers.allocator-ids.values
09-07 14:26:49.020 10939 11056 D ReflectedParamUpdater: extent() != 1 for single value type: output.buffers.allocator-ids.values
09-07 14:26:49.021 10939 11056 D ReflectedParamUpdater: extent() != 1 for single value type: algo.buffers.allocator-ids.values
09-07 14:26:49.021 10939 11056 D ReflectedParamUpdater: extent() != 1 for single value type: output.buffers.pool-ids.values
09-07 14:26:49.023 10939 11056 D ReflectedParamUpdater: extent() != 1 for single value type: algo.buffers.pool-ids.values
09-07 14:26:49.026 10939 11057 I CCodecConfig: query failed after returning 7 values (BAD_INDEX)
09-07 14:26:49.026 10939 11056 I CCodecConfig: query failed after returning 7 values (BAD_INDEX)
09-07 14:26:49.026 10939 11057 D CCodecConfig: c2 config diff is Dict {
09-07 14:26:49.026 10939 11057 D CCodecConfig:   c2::u32 coded.bitrate.value = 64000
09-07 14:26:49.026 10939 11057 D CCodecConfig:   c2::u32 input.buffers.max-size.value = 32768
09-07 14:26:49.026 10939 11057 D CCodecConfig:   c2::u32 input.delay.value = 0
09-07 14:26:49.026 10939 11057 D CCodecConfig:   string input.media-type.value = "audio/vorbis"
09-07 14:26:49.026 10939 11057 D CCodecConfig:   string output.media-type.value = "audio/raw"
09-07 14:26:49.026 10939 11057 D CCodecConfig:   c2::u32 raw.channel-count.value = 1
09-07 14:26:49.026 10939 11057 D CCodecConfig:   c2::u32 raw.sample-rate.value = 48000
09-07 14:26:49.026 10939 11057 D CCodecConfig: }
09-07 14:26:49.027 10939 11056 D CCodecConfig: c2 config diff is Dict {
09-07 14:26:49.027 10939 11056 D CCodecConfig:   c2::u32 coded.bitrate.value = 64000
09-07 14:26:49.027 10939 11056 D CCodecConfig:   c2::u32 input.buffers.max-size.value = 32768
09-07 14:26:49.027 10939 11056 D CCodecConfig:   c2::u32 input.delay.value = 0
09-07 14:26:49.027 10939 11056 D CCodecConfig:   string input.media-type.value = "audio/vorbis"
09-07 14:26:49.027 10939 11056 D CCodecConfig:   string output.media-type.value = "audio/raw"
09-07 14:26:49.027 10939 11056 D CCodecConfig:   c2::u32 raw.channel-count.value = 1
09-07 14:26:49.027 10939 11056 D CCodecConfig:   c2::u32 raw.sample-rate.value = 48000
09-07 14:26:49.027 10939 11056 D CCodecConfig: }
09-07 14:26:49.027 10939 11057 D CCodec  : [c2.android.vorbis.decoder] buffers are bound to CCodec for this session
09-07 14:26:49.027 10939 11056 D CCodec  : [c2.android.vorbis.decoder] buffers are bound to CCodec for this session
09-07 14:26:49.027 10939 11057 D CCodecConfig: no c2 equivalents for durationUs
09-07 14:26:49.027 10939 11057 D CCodecConfig: no c2 equivalents for track-id
09-07 14:26:49.027 10939 11057 D CCodecConfig: no c2 equivalents for csd-1
09-07 14:26:49.027 10939 11057 D CCodecConfig: no c2 equivalents for channel-mask
09-07 14:26:49.027 10939 11057 D CCodecConfig: no c2 equivalents for flags
09-07 14:26:49.028 10939 11057 D CCodecConfig: c2 config diff is   c2::u32 raw.channel-count.value = 2
09-07 14:26:49.028 10939 11057 D CCodecConfig:   c2::u32 raw.sample-rate.value = 44100
09-07 14:26:49.029 10939 11057 W Codec2Client: query -- param skipped: index = 1107298332.
09-07 14:26:49.029 10939 11057 D CCodec  : setup formats input: AMessage(what = 0x00000000) = {
09-07 14:26:49.029 10939 11057 D CCodec  :   int32_t channel-count = 2
09-07 14:26:49.029 10939 11057 D CCodec  :   int32_t max-input-size = 32768
09-07 14:26:49.029 10939 11057 D CCodec  :   string mime = "audio/vorbis"
09-07 14:26:49.029 10939 11057 D CCodec  :   int32_t sample-rate = 44100
09-07 14:26:49.029 10939 11057 D CCodec  : } and output: AMessage(what = 0x00000000) = {
09-07 14:26:49.029 10939 11057 D CCodec  :   int32_t channel-count = 2
09-07 14:26:49.029 10939 11057 D CCodec  :   string mime = "audio/raw"
09-07 14:26:49.029 10939 11057 D CCodec  :   int32_t sample-rate = 44100
09-07 14:26:49.029 10939 11057 D CCodec  :   int32_t channel-mask = 3
09-07 14:26:49.029 10939 11057 D CCodec  : }
09-07 14:26:49.029 10939 11056 D CCodecConfig: no c2 equivalents for durationUs
09-07 14:26:49.029 10939 11056 D CCodecConfig: no c2 equivalents for track-id
09-07 14:26:49.030 10939 11057 W Codec2Client: query -- param skipped: index = 1342179345.
09-07 14:26:49.030 10939 11056 D CCodecConfig: no c2 equivalents for csd-1
09-07 14:26:49.030 10939 11057 W Codec2Client: query -- param skipped: index = 2415921170.
09-07 14:26:49.030 10939 11056 D CCodecConfig: no c2 equivalents for channel-mask
09-07 14:26:49.030 10939 11056 D CCodecConfig: no c2 equivalents for flags
09-07 14:26:49.031 10939 11056 D CCodecConfig: c2 config diff is   c2::u32 raw.channel-count.value = 2
09-07 14:26:49.031 10939 11056 D CCodecConfig:   c2::u32 raw.sample-rate.value = 44100
09-07 14:26:49.031 10939 11057 E FMQ     : grantorIdx must be less than 3
09-07 14:26:49.032 10939 11056 W Codec2Client: query -- param skipped: index = 1107298332.
09-07 14:26:49.032 10939 11057 E FMQ     : grantorIdx must be less than 3
09-07 14:26:49.032 10939 11056 D CCodec  : setup formats input: AMessage(what = 0x00000000) = {
09-07 14:26:49.032 10939 11056 D CCodec  :   int32_t channel-count = 2
09-07 14:26:49.032 10939 11056 D CCodec  :   int32_t max-input-size = 32768
09-07 14:26:49.032 10939 11056 D CCodec  :   string mime = "audio/vorbis"
09-07 14:26:49.032 10939 11056 D CCodec  :   int32_t sample-rate = 44100
09-07 14:26:49.032 10939 11056 D CCodec  : } and output: AMessage(what = 0x00000000) = {
09-07 14:26:49.032 10939 11056 D CCodec  :   int32_t channel-count = 2
09-07 14:26:49.032 10939 11056 D CCodec  :   string mime = "audio/raw"
09-07 14:26:49.032 10939 11056 D CCodec  :   int32_t sample-rate = 44100
09-07 14:26:49.032 10939 11056 D CCodec  :   int32_t channel-mask = 3
09-07 14:26:49.032 10939 11056 D CCodec  : }
09-07 14:26:49.032 10939 11057 D CCodecBufferChannel: [c2.android.vorbis.decoder#887] Created input block pool with allocatorID 16 => poolID 17 - OK (0)
09-07 14:26:49.033   911  4982 E FMQ     : grantorIdx must be less than 3
09-07 14:26:49.033   911  4982 E FMQ     : grantorIdx must be less than 3
09-07 14:26:49.033 10939 11057 I CCodecBufferChannel: [c2.android.vorbis.decoder#887] Created output block pool with allocatorID 16 => poolID 29 - OK
09-07 14:26:49.034 10939 11057 D CCodecBufferChannel: [c2.android.vorbis.decoder#887] Configured output block pool ids 29 => OK
09-07 14:26:49.034 10939 11057 E ion     : ioctl c0044901 failed with code -1: Inappropriate ioctl for device
09-07 14:26:49.035   911 11067 D SimpleC2Component: Using output block pool with poolID 29 => got 29 - 0
09-07 14:26:49.036 10939 11057 E FMQ     : grantorIdx must be less than 3
09-07 14:26:49.036   911  1630 E FMQ     : grantorIdx must be less than 3
09-07 14:26:49.038 10939 11056 W Codec2Client: query -- param skipped: index = 1342179345.
09-07 14:26:49.038 10939 11056 W Codec2Client: query -- param skipped: index = 2415921170.
09-07 14:26:49.039 10939 11056 E FMQ     : grantorIdx must be less than 3
09-07 14:26:49.039 10939 11056 E FMQ     : grantorIdx must be less than 3
09-07 14:26:49.039 10939 11056 D CCodecBufferChannel: [c2.android.vorbis.decoder#885] Created input block pool with allocatorID 16 => poolID 18 - OK (0)
09-07 14:26:49.040   911  4982 E FMQ     : grantorIdx must be less than 3
09-07 14:26:49.040   911  4982 E FMQ     : grantorIdx must be less than 3
09-07 14:26:49.041 10939 11056 I CCodecBufferChannel: [c2.android.vorbis.decoder#885] Created output block pool with allocatorID 16 => poolID 30 - OK
09-07 14:26:49.041 10939 11056 D CCodecBufferChannel: [c2.android.vorbis.decoder#885] Configured output block pool ids 30 => OK
09-07 14:26:49.046 10939 10939 D OverlayViewGlobalStateController: Content shown: com.android.systemui.car.userswitcher.FullScreenUserSwitcherViewController
09-07 14:26:49.049  1033  1270 W NativeCrashListener: Couldn't find ProcessRecord for pid 11041
09-07 14:26:49.050 11049 11049 E crash_dump64: AM data write failed: Broken pipe
09-07 14:26:49.051   463   463 E tombstoned: Tombstone written to: /data/tombstones/tombstone_38
09-07 14:26:49.053  1033  1095 I BootReceiver: Copying /data/tombstones/tombstone_38 to DropBox (SYSTEM_TOMBSTONE)
09-07 14:26:49.054  1033  1095 I DropBoxManagerService: add tag=SYSTEM_TOMBSTONE isTagEnabled=true flags=0x2
09-07 14:26:49.065 10939 10939 D OverlayViewGlobalStateController: mHighestZOrder: com.android.systemui.car.userswitcher.FullScreenUserSwitcherViewController@8f43402
09-07 14:26:49.065 10939 10939 D OverlayViewGlobalStateController: mZOrderVisibleSortedMap.size(): 1
09-07 14:26:49.065 10939 10939 D OverlayViewGlobalStateController: mZOrderVisibleSortedMap: {2=com.android.systemui.car.userswitcher.FullScreenUserSwitcherViewController@8f43402}
09-07 14:26:49.065 10939 10939 D OverlayViewGlobalStateController: mZOrderMap.size(): 1
09-07 14:26:49.065 10939 10939 D OverlayViewGlobalStateController: mZOrderMap: {com.android.systemui.car.userswitcher.FullScreenUserSwitcherViewController@8f43402=2}
09-07 14:26:49.065 10939 10939 D OverlayViewGlobalStateController: mIsOccluded: false
09-07 14:26:49.065 10939 10939 D OverlayViewGlobalStateController: mViewsHiddenForOcclusion: []
09-07 14:26:49.065 10939 10939 D OverlayViewGlobalStateController: mViewsHiddenForOcclusion.size(): 0
09-07 14:26:49.065   911 11068 D SimpleC2Component: Using output block pool with poolID 30 => got 30 - 0
09-07 14:26:49.066 10939 10939 D OverlayViewGlobalStateController: Registering content mediator: com.android.systemui.car.userswitcher.UserSwitchTransitionViewMediator
09-07 14:26:49.066   911 11067 E FMQ     : grantorIdx must be less than 3
09-07 14:26:49.067 10939 11056 E FMQ     : grantorIdx must be less than 3
09-07 14:26:49.067 10939 11065 E FMQ     : grantorIdx must be less than 3
09-07 14:26:49.067   911  4982 E FMQ     : grantorIdx must be less than 3
09-07 14:26:49.069 10939 11057 D CCodecBuffers: [c2.android.vorbis.decoder#887:Output[N]] popFromStashAndRegister: output format changed to AMessage(what = 0x00000000) = {
09-07 14:26:49.069 10939 11057 D CCodecBuffers:   int32_t channel-count = 2
09-07 14:26:49.069 10939 11057 D CCodecBuffers:   string mime = "audio/raw"
09-07 14:26:49.069 10939 11057 D CCodecBuffers:   int32_t sample-rate = 44100
09-07 14:26:49.069 10939 11057 D CCodecBuffers:   int32_t channel-mask = 3
09-07 14:26:49.069 10939 11057 D CCodecBuffers: }
09-07 14:26:49.069 10939 10939 D SystemUIBootTiming: StartServicescom.android.systemui.car.window.SystemUIOverlayWindowManager took to complete: 103ms
09-07 14:26:49.070 10939 10939 D SystemUIBootTiming: StartServices took to complete: 462ms
09-07 14:26:49.082 10939 10973 D KeyguardViewMediator: onStartedWakingUp, seq = 1
09-07 14:26:49.082 10939 10973 D KeyguardViewMediator: notifyStartedWakingUp
09-07 14:26:49.083 10939 10973 D KeyguardViewMediator: notifyScreenOn
09-07 14:26:49.083 10939 10973 D KeyguardViewMediator: notifyScreenTurnedOn
09-07 14:26:49.085 10939 10973 D KeyguardViewMediator: adjustStatusBarLocked: mShowing=true mOccluded=false isSecure=false force=false --> flags=0x1200000
09-07 14:26:49.086   911 11068 E FMQ     : grantorIdx must be less than 3
09-07 14:26:49.087 10939 10939 W KeyguardUpdateMonitor: invalid subId in handleServiceStateChange()
09-07 14:26:49.087 10939 11065 E FMQ     : grantorIdx must be less than 3
09-07 14:26:49.089 10939 11056 D CCodecBuffers: [c2.android.vorbis.decoder#885:Output[N]] popFromStashAndRegister: output format changed to AMessage(what = 0x00000000) = {
09-07 14:26:49.089 10939 11056 D CCodecBuffers:   int32_t channel-count = 2
09-07 14:26:49.089 10939 11056 D CCodecBuffers:   string mime = "audio/raw"
09-07 14:26:49.089 10939 11056 D CCodecBuffers:   int32_t sample-rate = 44100
09-07 14:26:49.089 10939 11056 D CCodecBuffers:   int32_t channel-mask = 3
09-07 14:26:49.089 10939 11056 D CCodecBuffers: }
09-07 14:26:49.110 10939 11057 D CCodecBufferChannel: [c2.android.vorbis.decoder#887] MediaCodec discarded an unknown buffer
09-07 14:26:49.110 10939 11057 D CCodecBufferChannel: [c2.android.vorbis.decoder#887] MediaCodec discarded an unknown buffer
09-07 14:26:49.112 10939 11057 I hw-BpHwBinder: onLastStrongRef automatically unlinking death recipients
09-07 14:26:49.115 10939 11056 D CCodecBufferChannel: [c2.android.vorbis.decoder#885] MediaCodec discarded an unknown buffer
09-07 14:26:49.115 10939 11056 D CCodecBufferChannel: [c2.android.vorbis.decoder#885] MediaCodec discarded an unknown buffer
09-07 14:26:49.117 10939 11056 I hw-BpHwBinder: onLastStrongRef automatically unlinking death recipients
09-07 14:26:49.117   911  1630 I hw-BpHwBinder: onLastStrongRef automatically unlinking death recipients
09-07 14:26:49.119   911  1630 V C2Store : in ~ComponentModule
09-07 14:26:49.119   911  1630 V C2Store : unloading dll
09-07 14:26:49.131   890  4858 E Utils   : did not find channel-count and/or sample-rate
09-07 14:26:49.138 10939 11029 I AdrenoGLES-0: QUALCOMM build                   : 9201590, I35781d6962
09-07 14:26:49.138 10939 11029 I AdrenoGLES-0: Build Date                       : 04/26/21
09-07 14:26:49.138 10939 11029 I AdrenoGLES-0: OpenGL ES Shader Compiler Version: EV031.35.01.00
09-07 14:26:49.138 10939 11029 I AdrenoGLES-0: Local Branch                     : 
09-07 14:26:49.138 10939 11029 I AdrenoGLES-0: Remote Branch                    : 
09-07 14:26:49.138 10939 11029 I AdrenoGLES-0: Remote Branch                    : 
09-07 14:26:49.138 10939 11029 I AdrenoGLES-0: Reconstruct Branch               : 
09-07 14:26:49.138 10939 11029 I AdrenoGLES-0: Build Config                     : S P 10.0.7 AArch64
09-07 14:26:49.138 10939 11029 I AdrenoGLES-0: Driver Path                      : /vendor/lib64/egl/libGLESv2_adreno.so
09-07 14:26:49.139 10939 11078 D CCodec  : allocate(c2.android.vorbis.decoder)
09-07 14:26:49.143 10939 11078 I CCodec  : setting up 'default' as default (vendor) store
09-07 14:26:49.144   911  1630 V C2Store : in init
09-07 14:26:49.144   911  1630 V C2Store : loading dll
09-07 14:26:49.150 10939 11078 I CCodec  : Created component [c2.android.vorbis.decoder]
09-07 14:26:49.151 10939 11078 D CCodecConfig: read media type: audio/vorbis
09-07 14:26:49.152 10939 11029 I AdrenoGLES-0: PFP: 0x016ee192, ME: 0x00000000
09-07 14:26:49.155 10939 11078 D ReflectedParamUpdater: extent() != 1 for single value type: algo.buffers.max-count.values
09-07 14:26:49.156 10939 11078 D ReflectedParamUpdater: extent() != 1 for single value type: output.subscribed-indices.values
09-07 14:26:49.156 10939 11078 D ReflectedParamUpdater: extent() != 1 for single value type: input.buffers.allocator-ids.values
09-07 14:26:49.156 10939 11078 D ReflectedParamUpdater: extent() != 1 for single value type: output.buffers.allocator-ids.values
09-07 14:26:49.157 10939 11078 D ReflectedParamUpdater: extent() != 1 for single value type: algo.buffers.allocator-ids.values
09-07 14:26:49.157 10939 11078 D ReflectedParamUpdater: extent() != 1 for single value type: output.buffers.pool-ids.values
09-07 14:26:49.157 10939 11078 D ReflectedParamUpdater: extent() != 1 for single value type: algo.buffers.pool-ids.values
09-07 14:26:49.158 10939 11078 I CCodecConfig: query failed after returning 7 values (BAD_INDEX)
09-07 14:26:49.158 10939 11078 D CCodecConfig: c2 config diff is Dict {
09-07 14:26:49.158 10939 11078 D CCodecConfig:   c2::u32 coded.bitrate.value = 64000
09-07 14:26:49.158 10939 11078 D CCodecConfig:   c2::u32 input.buffers.max-size.value = 32768
09-07 14:26:49.158 10939 11078 D CCodecConfig:   c2::u32 input.delay.value = 0
09-07 14:26:49.158 10939 11078 D CCodecConfig:   string input.media-type.value = "audio/vorbis"
09-07 14:26:49.158 10939 11078 D CCodecConfig:   string output.media-type.value = "audio/raw"
09-07 14:26:49.158 10939 11078 D CCodecConfig:   c2::u32 raw.channel-count.value = 1
09-07 14:26:49.158 10939 11078 D CCodecConfig:   c2::u32 raw.sample-rate.value = 48000
09-07 14:26:49.158 10939 11078 D CCodecConfig: }
09-07 14:26:49.159 10939 11078 D CCodec  : [c2.android.vorbis.decoder] buffers are bound to CCodec for this session
09-07 14:26:49.159 10939 11078 D CCodecConfig: no c2 equivalents for durationUs
09-07 14:26:49.159 10939 11078 D CCodecConfig: no c2 equivalents for track-id
09-07 14:26:49.159 10939 11078 D CCodecConfig: no c2 equivalents for csd-1
09-07 14:26:49.159 10939 11078 D CCodecConfig: no c2 equivalents for channel-mask
09-07 14:26:49.159 10939 11078 D CCodecConfig: no c2 equivalents for flags
09-07 14:26:49.160 10939 11078 D CCodecConfig: c2 config diff is   c2::u32 raw.channel-count.value = 2
09-07 14:26:49.161 10939 11078 W Codec2Client: query -- param skipped: index = 1107298332.
09-07 14:26:49.161 10939 11078 D CCodec  : setup formats input: AMessage(what = 0x00000000) = {
09-07 14:26:49.161 10939 11078 D CCodec  :   int32_t channel-count = 2
09-07 14:26:49.161 10939 11078 D CCodec  :   int32_t max-input-size = 32768
09-07 14:26:49.161 10939 11078 D CCodec  :   string mime = "audio/vorbis"
09-07 14:26:49.161 10939 11078 D CCodec  :   int32_t sample-rate = 48000
09-07 14:26:49.161 10939 11078 D CCodec  : } and output: AMessage(what = 0x00000000) = {
09-07 14:26:49.161 10939 11078 D CCodec  :   int32_t channel-count = 2
09-07 14:26:49.161 10939 11078 D CCodec  :   string mime = "audio/raw"
09-07 14:26:49.161 10939 11078 D CCodec  :   int32_t sample-rate = 48000
09-07 14:26:49.161 10939 11078 D CCodec  :   int32_t channel-mask = 3
09-07 14:26:49.161 10939 11078 D CCodec  : }
09-07 14:26:49.162 10939 11078 W Codec2Client: query -- param skipped: index = 1342179345.
09-07 14:26:49.163 10939 11078 W Codec2Client: query -- param skipped: index = 2415921170.
09-07 14:26:49.163 10939 11078 E FMQ     : grantorIdx must be less than 3
09-07 14:26:49.164 10939 11078 E FMQ     : grantorIdx must be less than 3
09-07 14:26:49.164 10939 11078 D CCodecBufferChannel: [c2.android.vorbis.decoder#490] Created input block pool with allocatorID 16 => poolID 19 - OK (0)
09-07 14:26:49.164   911  1630 E FMQ     : grantorIdx must be less than 3
09-07 14:26:49.164   911  1630 E FMQ     : grantorIdx must be less than 3
09-07 14:26:49.165 10939 11078 I CCodecBufferChannel: [c2.android.vorbis.decoder#490] Created output block pool with allocatorID 16 => poolID 31 - OK
09-07 14:26:49.165 10939 11078 D CCodecBufferChannel: [c2.android.vorbis.decoder#490] Configured output block pool ids 31 => OK
09-07 14:26:49.167   911 11079 D SimpleC2Component: Using output block pool with poolID 31 => got 31 - 0
09-07 14:26:49.167 10939 11078 E FMQ     : grantorIdx must be less than 3
09-07 14:26:49.167   911  1630 E FMQ     : grantorIdx must be less than 3
09-07 14:26:49.175   911 11079 E FMQ     : grantorIdx must be less than 3
09-07 14:26:49.176 10939 11065 E FMQ     : grantorIdx must be less than 3
09-07 14:26:49.189 10939 11078 D CCodecBuffers: [c2.android.vorbis.decoder#490:Output[N]] popFromStashAndRegister: output format changed to AMessage(what = 0x00000000) = {
09-07 14:26:49.189 10939 11078 D CCodecBuffers:   int32_t channel-count = 2
09-07 14:26:49.189 10939 11078 D CCodecBuffers:   string mime = "audio/raw"
09-07 14:26:49.189 10939 11078 D CCodecBuffers:   int32_t sample-rate = 48000
09-07 14:26:49.189 10939 11078 D CCodecBuffers:   int32_t channel-mask = 3
09-07 14:26:49.189 10939 11078 D CCodecBuffers: }
09-07 14:26:49.196 10939 11078 D CCodecBufferChannel: [c2.android.vorbis.decoder#490] MediaCodec discarded an unknown buffer
09-07 14:26:49.196 10939 11078 D CCodecBufferChannel: [c2.android.vorbis.decoder#490] MediaCodec discarded an unknown buffer
09-07 14:26:49.198 10939 11083 I hw-BpHwBinder: onLastStrongRef automatically unlinking death recipients
09-07 14:26:49.198   911  1630 I hw-BpHwBinder: onLastStrongRef automatically unlinking death recipients
09-07 14:26:49.200   911  1630 V C2Store : in ~ComponentModule
09-07 14:26:49.200   911  1630 V C2Store : unloading dll
09-07 14:26:49.255 10939 10939 D CarNavigationBar: restartNavBarsIfNecessary current user = 10
09-07 14:26:49.256 10939 10939 D CarNavigationBar: currentUserSetup = true
09-07 14:26:49.256 10939 10939 D CarNavigationBar: currentUserSetupInProgress = false
09-07 14:26:49.257 10939 10939 D CarNavigationBar: restartNavBarsIfNecessary current user = 10
09-07 14:26:49.257 10939 10939 D CarNavigationBar: currentUserSetup = true
09-07 14:26:49.257 10939 10939 D CarNavigationBar: currentUserSetupInProgress = false
09-07 14:26:49.257 10939 10939 D CarNavigationView: ProjectionReceiver: onReceive(): Intent received is:android.media.MASTER_MUTE_CHANGED_ACTION
09-07 14:26:49.257 10939 10939 D CarNavigationView: Received master volume changed action, muted: false
09-07 14:26:49.257 10939 10939 D CarNavigationView: ProjectionReceiver: onReceive(): Intent received is:android.media.MASTER_MUTE_CHANGED_ACTION
09-07 14:26:49.257 10939 10939 D CarNavigationView: Received master volume changed action, muted: false
09-07 14:26:49.265 10939 10939 I TetheringManager: registerTetheringEventCallback:com.android.systemui
09-07 14:26:49.269 10939 10939 I TetheringManager: registerTetheringEventCallback caller:com.android.systemui
09-07 14:26:49.293  1033  1209 D ConnectivityService: NetReassign [no changes]
09-07 14:26:49.294  1033  1223 D ConnectivityService: requestNetwork for uid/pid:10141/10939 NetworkRequest [ TRACK_DEFAULT id=26, [ Capabilities: INTERNET&NOT_RESTRICTED&TRUSTED Uid: 10141 AdministratorUids: [] RequestorUid: 10141 RequestorPackageName: com.android.systemui] ]
09-07 14:26:49.295 10939 10939 V WifiManager: registerTrafficStateCallback: callback=com.android.systemui.statusbar.policy.WifiSignalController$WifiTrafficStateCallback@e018199, executor=android.os.HandlerExecutor@4f2851
09-07 14:26:49.295  1033  1209 D ConnectivityService: NetReassign [no changes]
09-07 14:26:49.296  4526  4548 D Usb     : got request NetworkRequest [ TRACK_DEFAULT id=26, [ Capabilities: INTERNET&NOT_RESTRICTED&TRUSTED Uid: 10141 AdministratorUids: [] RequestorUid: 10141 RequestorPackageName: com.android.systemui] ] with score 0 and providerId 0
09-07 14:26:49.296  2067  3528 D Usb     : got request NetworkRequest [ TRACK_DEFAULT id=26, [ Capabilities: INTERNET&NOT_RESTRICTED&TRUSTED Uid: 10141 AdministratorUids: [] RequestorUid: 10141 RequestorPackageName: com.android.systemui] ] with score 0 and providerId 0
09-07 14:26:49.298  2482  2482 D PhoneSwitcherNetworkRequstListener: got request NetworkRequest [ TRACK_DEFAULT id=26, [ Capabilities: INTERNET&NOT_RESTRICTED&TRUSTED Uid: 10141 AdministratorUids: [] RequestorUid: 10141 RequestorPackageName: com.android.systemui] ] with score 0 and providerId 0
09-07 14:26:49.298  1033  1241 I chatty  : uid=1000(system) EthernetService expire 2 lines
09-07 14:26:49.300  1033  1223 D ConnectivityService: requestNetwork for uid/pid:10141/10939 NetworkRequest [ TRACK_DEFAULT id=27, [ Capabilities: INTERNET&NOT_RESTRICTED&TRUSTED Uid: 10141 AdministratorUids: [] RequestorUid: 10141 RequestorPackageName: com.android.systemui] ]
09-07 14:26:49.300  1033  1209 D ConnectivityService: NetReassign [no changes]
09-07 14:26:49.301  4526  4548 D Usb     : got request NetworkRequest [ TRACK_DEFAULT id=27, [ Capabilities: INTERNET&NOT_RESTRICTED&TRUSTED Uid: 10141 AdministratorUids: [] RequestorUid: 10141 RequestorPackageName: com.android.systemui] ] with score 0 and providerId 0
09-07 14:26:49.301  2067  3528 D Usb     : got request NetworkRequest [ TRACK_DEFAULT id=27, [ Capabilities: INTERNET&NOT_RESTRICTED&TRUSTED Uid: 10141 AdministratorUids: [] RequestorUid: 10141 RequestorPackageName: com.android.systemui] ] with score 0 and providerId 0
09-07 14:26:49.302 10939 10974 D TelephonyRegistryManager: onSubscriptionsChangedListener callback received.
09-07 14:26:49.304  2644  2644 V KeyguardUpdateMonitor: onSubscriptionInfoChanged()
09-07 14:26:49.306  2482  2482 D PhoneSwitcherNetworkRequstListener: got request NetworkRequest [ TRACK_DEFAULT id=27, [ Capabilities: INTERNET&NOT_RESTRICTED&TRUSTED Uid: 10141 AdministratorUids: [] RequestorUid: 10141 RequestorPackageName: com.android.systemui] ] with score 0 and providerId 0
09-07 14:26:49.306  2482  2482 D Telephony: isEmergencyPreferredAccount: subId=-1, activeData=-1
09-07 14:26:49.306  2482  2482 D Telephony: isEmergencyPreferredAccount: Device does not require preference.
09-07 14:26:49.313  2644  2644 V KeyguardUpdateMonitor: onSubscriptionInfoChanged()
09-07 14:26:49.314  2482  2482 D Telephony: isEmergencyPreferredAccount: subId=-1, activeData=-1
09-07 14:26:49.314  2482  2482 D Telephony: isEmergencyPreferredAccount: Device does not require preference.
09-07 14:26:49.367 10939 10939 V WifiManager: registerSoftApCallback: callback=com.android.systemui.statusbar.policy.HotspotControllerImpl@c1950fb, executor=android.os.HandlerExecutor@a962518
09-07 14:26:49.374  1033  1209 D ConnectivityService: NetReassign [no changes]
09-07 14:26:49.376 10939 10939 D BluetoothHeadsetClient: Proxy object connected
09-07 14:26:49.379 10939 10939 D CarVPAController: VPAManager onServiceConnected
09-07 14:26:49.380 10939 10939 D BluetoothA2dpSink: Proxy object connected
09-07 14:26:49.381  2584  2609 D A2dpSinkService: GetDevicesDone
09-07 14:26:49.381 10939 10939 D CachedBluetoothDevice: onProfileStateChanged: profile A2DPSink, device=A8:9C:ED:AC:1F:73, newProfileState 2
09-07 14:26:49.382 10939 10939 D HvacController: onChangeEvent: 49:358614275:0.0
09-07 14:26:49.382 10939 10939 D HvacController: onChangeEvent: 68:358614275:0.0
09-07 14:26:49.382 10939 10939 D BluetoothHeadsetClient: Proxy object connected
09-07 14:26:49.383 10939 10939 D CachedBluetoothDevice: onProfileStateChanged: profile HEADSET_CLIENT, device=A8:9C:ED:AC:1F:73, newProfileState 2
09-07 14:26:49.383 10939 10939 D BluetoothMapClient: Proxy object connected
09-07 14:26:49.384 10939 10939 D CachedBluetoothDevice: onProfileStateChanged: profile MAP Client, device=A8:9C:ED:AC:1F:73, newProfileState 2
09-07 14:26:49.386 10939 10939 D BluetoothPbapClient: Proxy object connected
09-07 14:26:49.387 10939 10939 D CachedBluetoothDevice: onProfileStateChanged: profile PbapClient, device=A8:9C:ED:AC:1F:73, newProfileState 2
09-07 14:26:49.387 10939 10939 D BluetoothHeadsetClient: Proxy object connected
09-07 14:26:49.390 10939 10939 D CarNavigationView: ProjectionReceiver: onReceive(): Intent received is:android.media.MASTER_MUTE_CHANGED_ACTION
09-07 14:26:49.390 10939 10939 D CarNavigationView: Received master volume changed action, muted: false
09-07 14:26:49.390 10939 10939 V KeyguardUpdateMonitor: onSubscriptionInfoChanged()
09-07 14:26:49.392 10939 10939 D KeyguardViewMediator: onSystemReady
09-07 14:26:49.392 10939 10939 D KeyguardViewMediator: doKeyguard: showing the lock screen
09-07 14:26:49.393 10939 10939 D KeyguardViewMediator: showLocked
09-07 14:26:49.395 10939 10939 D KeyguardViewMediator: adjustStatusBarLocked: mShowing=true mOccluded=false isSecure=false force=false --> flags=0x1200000
09-07 14:26:49.396 10939 10939 D KeyguardViewMediator: handleNotifyWakingUp
09-07 14:26:49.397 10939 10939 D KeyguardViewMediator: handleNotifyScreenTurningOn
09-07 14:26:49.399 10939 10939 D KeyguardViewMediator: handleNotifyScreenTurnedOn
09-07 14:26:49.405  1033  1848 E TaskPersister: File error accessing recents directory (directory doesn't exist?).
09-07 14:26:49.406  1033  1848 I chatty  : uid=1000(system) LazyTaskWriterT identical 1 line
09-07 14:26:49.406  1033  1848 E TaskPersister: File error accessing recents directory (directory doesn't exist?).
09-07 14:26:49.417 10939 10939 D KeyguardViewMediator: handleShow
09-07 14:26:49.418 10939 10939 D OverlayViewGlobalStateController: mHighestZOrder: com.android.systemui.car.userswitcher.FullScreenUserSwitcherViewController@8f43402
09-07 14:26:49.418 10939 10939 D OverlayViewGlobalStateController: mZOrderVisibleSortedMap.size(): 1
09-07 14:26:49.418 10939 10939 D OverlayViewGlobalStateController: mZOrderVisibleSortedMap: {2=com.android.systemui.car.userswitcher.FullScreenUserSwitcherViewController@8f43402}
09-07 14:26:49.418 10939 10939 D OverlayViewGlobalStateController: mZOrderMap.size(): 1
09-07 14:26:49.418 10939 10939 D OverlayViewGlobalStateController: mZOrderMap: {com.android.systemui.car.userswitcher.FullScreenUserSwitcherViewController@8f43402=2}
09-07 14:26:49.419 10939 10939 D OverlayViewGlobalStateController: mIsOccluded: false
09-07 14:26:49.419 10939 10939 D OverlayViewGlobalStateController: mViewsHiddenForOcclusion: []
09-07 14:26:49.419 10939 10939 D OverlayViewGlobalStateController: mViewsHiddenForOcclusion.size(): 0
09-07 14:26:49.423   345   345 I Binder:345_2: type=1400 audit(0.0:1958): avc: denied { call } for scontext=u:r:carwatchdogd:s0 tcontext=u:r:hal_audio_default:s0 tclass=binder permissive=1
09-07 14:26:49.431   512   512 I chatty  : uid=1041(audioserver) Binder:512_2 expire 12 lines
09-07 14:26:49.440 10939 10939 D InterruptionStateProvider: heads up is disabled
09-07 14:26:49.473   538   618 W ipcLib  : ipcLib: in ipc_lib. DV1 read called
09-07 14:26:49.500 10939 10939 D NavigationModeController: getCurrentInteractionMode: mode=0 contextUser=10
09-07 14:26:49.504 10939 10939 V OverviewProxyService: Cannot attempt connection, is enabled false
09-07 14:26:49.504 10939 10939 D NavigationModeController: getCurrentInteractionMode: mode=0 contextUser=10
09-07 14:26:49.506 10939 10939 I vol.Events: writeEvent collection_started
09-07 14:26:49.536 10939 10939 D OverlayViewGlobalStateController: Content shown: com.android.systemui.car.keyguard.CarKeyguardViewController
09-07 14:26:49.536 10939 10939 D OverlayViewGlobalStateController: mHighestZOrder: com.android.systemui.car.userswitcher.FullScreenUserSwitcherViewController@8f43402
09-07 14:26:49.536 10939 10939 D OverlayViewGlobalStateController: mZOrderVisibleSortedMap.size(): 2
09-07 14:26:49.536 10939 10939 D OverlayViewGlobalStateController: mZOrderVisibleSortedMap: {1=com.android.systemui.car.keyguard.CarKeyguardViewController@e107eab, 2=com.android.systemui.car.userswitcher.FullScreenUserSwitcherViewController@8f43402}
09-07 14:26:49.536 10939 10939 D OverlayViewGlobalStateController: mZOrderMap.size(): 2
09-07 14:26:49.536 10939 10939 D OverlayViewGlobalStateController: mZOrderMap: {com.android.systemui.car.userswitcher.FullScreenUserSwitcherViewController@8f43402=2, com.android.systemui.car.keyguard.CarKeyguardViewController@e107eab=1}
09-07 14:26:49.536 10939 10939 D OverlayViewGlobalStateController: mIsOccluded: false
09-07 14:26:49.536 10939 10939 D OverlayViewGlobalStateController: mViewsHiddenForOcclusion: []
09-07 14:26:49.536 10939 10939 D OverlayViewGlobalStateController: mViewsHiddenForOcclusion.size(): 0
09-07 14:26:49.547   536   536 I vendor.harman.p: type=1400 audit(0.0:1959): avc: denied { search } for name="tombstones" dev="dm-4" ino=90113 scontext=u:r:pathologyd:s0 tcontext=u:object_r:tombstone_data_file:s0 tclass=dir permissive=1
09-07 14:26:49.547   536   536 I vendor.harman.p: type=1400 audit(0.0:1960): avc: denied { read } for name="tombstone_38" dev="dm-4" ino=90152 scontext=u:r:pathologyd:s0 tcontext=u:object_r:tombstone_data_file:s0 tclass=file permissive=1
09-07 14:26:49.547   536   536 I vendor.harman.p: type=1400 audit(0.0:1961): avc: denied { open } for path="/data/tombstones/tombstone_38" dev="dm-4" ino=90152 scontext=u:r:pathologyd:s0 tcontext=u:object_r:tombstone_data_file:s0 tclass=file permissive=1
09-07 14:26:49.547   536   536 I vendor.harman.p: type=1400 audit(0.0:1962): avc: denied { getattr } for path="/data/tombstones/tombstone_38" dev="dm-4" ino=90152 scontext=u:r:pathologyd:s0 tcontext=u:object_r:tombstone_data_file:s0 tclass=file permissive=1
09-07 14:26:49.551 10939 10939 D KeyguardViewMediator: keyguardDone
09-07 14:26:49.551 10939 10939 D KeyguardViewMediator: tryKeyguardDone: pending - false, animRan - false animRunning - false
09-07 14:26:49.552 10939 10939 D KeyguardViewMediator: tryKeyguardDone: starting pre-hide animation
09-07 14:26:49.552 10939 10939 E KeyguardViewMediator: mHideAnimationFinishedRunnable#run
09-07 14:26:49.552 10939 10939 D KeyguardViewMediator: tryKeyguardDone: pending - false, animRan - true animRunning - false
09-07 14:26:49.552 10939 10939 D KeyguardViewMediator: handleKeyguardDone
09-07 14:26:49.552 10939 10939 D KeyguardViewMediator: handleHide
09-07 14:26:49.552 10939 10939 D KeyguardViewMediator: keyguardGoingAway
09-07 14:26:49.552   536   612 E pathology: [ProcessCrashHandler:: parseTombstoneFileName]string not found
09-07 14:26:49.553   536   612 I chatty  : uid=0(root) vendor.harman.p identical 13 lines
09-07 14:26:49.554 10939 10939 D KeyguardUpdateMonitor: onKeyguardVisibilityChanged(true)
09-07 14:26:49.557  1033  1223 D ActivityTaskManager: Top Process State changed to PROCESS_STATE_TOP
09-07 14:26:49.557 10939 10939 D KeyguardUpdateMonitor: onKeyguardVisibilityChanged(true)
09-07 14:26:49.559 10939 10939 D KeyguardViewMediator: adjustStatusBarLocked: mShowing=true mOccluded=false isSecure=false force=false --> flags=0x1200000
09-07 14:26:49.591  4341  4341 D LocalBluetoothManager: setting foreground activity to non-null context
09-07 14:26:49.605 10939 10939 V KeyguardUpdateMonitor: onSubscriptionInfoChanged()
09-07 14:26:49.607  2584 10662 W vCard   : Property name unsupported by vCard 2.1: N
09-07 14:26:49.632 10939 10939 V KeyguardUpdateMonitor: onSubscriptionInfoChanged()
09-07 14:26:49.689 10939 10939 D KeyguardViewMediator: handleStartKeyguardExitAnimation startTime=112625 fadeoutDuration=300
09-07 14:26:49.693 10939 10939 D KeyguardViewMediator: adjustStatusBarLocked: mShowing=false mOccluded=false isSecure=false force=false --> flags=0x0
09-07 14:26:49.697 10939 10939 D OverlayViewGlobalStateController: mHighestZOrder: com.android.systemui.car.userswitcher.FullScreenUserSwitcherViewController@8f43402
09-07 14:26:49.697 10939 10939 D OverlayViewGlobalStateController: mZOrderVisibleSortedMap.size(): 2
09-07 14:26:49.697 10939 10939 D OverlayViewGlobalStateController: mZOrderVisibleSortedMap: {1=com.android.systemui.car.keyguard.CarKeyguardViewController@e107eab, 2=com.android.systemui.car.userswitcher.FullScreenUserSwitcherViewController@8f43402}
09-07 14:26:49.697 10939 10939 D OverlayViewGlobalStateController: mZOrderMap.size(): 2
09-07 14:26:49.698 10939 10939 D OverlayViewGlobalStateController: mZOrderMap: {com.android.systemui.car.userswitcher.FullScreenUserSwitcherViewController@8f43402=2, com.android.systemui.car.keyguard.CarKeyguardViewController@e107eab=1}
09-07 14:26:49.698 10939 10939 D OverlayViewGlobalStateController: mIsOccluded: false
09-07 14:26:49.699  2584 11023 W AvrcpControllerStateMachine: Unhandled message in state com.android.bluetooth.avrcpcontroller.AvrcpControllerStateMachine$Connected@c988c08msg.what=102
09-07 14:26:49.703 10939 10939 D OverlayViewGlobalStateController: mViewsHiddenForOcclusion: []
09-07 14:26:49.704 10939 10939 D OverlayViewGlobalStateController: mViewsHiddenForOcclusion.size(): 0
09-07 14:26:49.704 10939 10939 D OverlayViewGlobalStateController: Content hidden: com.android.systemui.car.keyguard.CarKeyguardViewController
09-07 14:26:49.704 10939 10939 D OverlayViewGlobalStateController: mHighestZOrder: com.android.systemui.car.userswitcher.FullScreenUserSwitcherViewController@8f43402
09-07 14:26:49.704 10939 10939 D OverlayViewGlobalStateController: mZOrderVisibleSortedMap.size(): 1
09-07 14:26:49.705 10939 10939 D OverlayViewGlobalStateController: mZOrderVisibleSortedMap: {2=com.android.systemui.car.userswitcher.FullScreenUserSwitcherViewController@8f43402}
09-07 14:26:49.705 10939 10939 D OverlayViewGlobalStateController: mZOrderMap.size(): 2
09-07 14:26:49.705 10939 10939 D OverlayViewGlobalStateController: mZOrderMap: {com.android.systemui.car.userswitcher.FullScreenUserSwitcherViewController@8f43402=2, com.android.systemui.car.keyguard.CarKeyguardViewController@e107eab=1}
09-07 14:26:49.705 10939 10939 D OverlayViewGlobalStateController: mIsOccluded: false
09-07 14:26:49.705 10939 10939 D OverlayViewGlobalStateController: mViewsHiddenForOcclusion: []
09-07 14:26:49.705 10939 10939 D OverlayViewGlobalStateController: mViewsHiddenForOcclusion.size(): 0
09-07 14:26:49.705 10939 10939 D KeyguardUpdateMonitor: onKeyguardVisibilityChanged(false)
09-07 14:26:49.717   576  1081 I chatty  : uid=1041(audioserver) Binder:576_2 expire 1 line
09-07 14:26:49.722 10939 11028 D AudioTrack: createTrack_l(0): AUDIO_OUTPUT_FLAG_FAST denied by server; frameCount 0 -> 8329
09-07 14:26:49.727 10939 10939 D KeyguardViewMediator: adjustStatusBarLocked: mShowing=false mOccluded=false isSecure=false force=false --> flags=0x0
09-07 14:26:49.734   512  2610 I chatty  : uid=1041(audioserver) writer expire 15 lines
09-07 14:26:49.736   512  1065 I chatty  : uid=1041(audioserver) audio@6.0-harma expire 65 lines
09-07 14:26:49.737   512   725 I chatty  : uid=1041(audioserver) audio@6.0-harma expire 539 lines
09-07 14:26:49.738   393  1492 I chatty  : uid=1000(system) Binder:393_2 expire 124 lines
09-07 14:26:49.740 10939 11028 D KeyguardViewMediator: updateActivityLockScreenState(false, false)
09-07 14:26:49.752 10939 10939 D KeyguardViewMediator: keyguardGone
09-07 14:26:49.762   512 11138 I chatty  : uid=1041(audioserver) Binder:512_2 expire 2 lines
09-07 14:26:49.764   512  1068 I chatty  : uid=1041(audioserver) audio@6.0-harma expire 61 lines
09-07 14:26:49.790   512 11148 I chatty  : uid=1041(audioserver) Binder:512_2 expire 2 lines
09-07 14:26:49.790   512 11148 I KPI_Marker: [114.363723] [HarmanAudioEffect] Audio_Volume_Changed
09-07 14:26:49.793   512  1065 I KPI_Marker: [114.366192] [HarmanAudioControl] Audio_Fade_In
09-07 14:26:49.794   512  1066 I chatty  : uid=1041(audioserver) audio@6.0-harma expire 6 lines
09-07 14:26:49.802  4113  4113 E SUI_svcsock: svc_sock_send_message(suisvc): invalid remote socket suilst
09-07 14:26:49.834   512 11155 I chatty  : uid=1041(audioserver) Binder:512_2 expire 2 lines
09-07 14:26:49.877  4341  4355 I id.car.setting: Background concurrent copying GC freed 24269(1447KB) AllocSpace objects, 4(208KB) LOS objects, 49% free, 4834KB/9668KB, paused 81us total 109.489ms
09-07 14:26:50.136   576  1077 I chatty  : uid=1041(audioserver) ApmOutput expire 2 lines
09-07 14:26:50.136  1033  1223 I chatty  : uid=1000(system) Binder:1033_3 expire 4 lines
09-07 14:26:50.197   911  4981 D BufferPoolAccessor2.0: bufferpool2 0xb400007205c6d498 : 2(1048576 size) total buffers - 1(524288 size) used buffers - 1937/1942 (recycle/alloc) - 13/1941 (fetch/transfer)
09-07 14:26:50.472   538   618 W ipcLib  : ipcLib: in ipc_lib. DV1 read called
09-07 14:26:50.675   536   536 I chatty  : uid=0(root) vendor.harman.p expire 4 lines
09-07 14:26:50.865   532   569 W ipcLib  : ipcLib: in ipc_lib. DV1 read called
09-07 14:26:50.865   532   568 I VPS     : VPS:IOCStatusInfo.VoltageStatus->0 
09-07 14:26:50.865   532   568 I VPS     : VPS:IOCStatusInfo.IOCStatusCmd->a6 
09-07 14:26:50.866   532   568 I VPS     : VPS:IOCStatusInfo.WakeUpReason->0 
09-07 14:26:50.866   532   568 I VPS     : VPS:IOCStatusInfo.DerivedIgnitionStatus->0 
09-07 14:26:50.866   532   568 I VPS     : VPS:IOCStatusInfo.PowerModeState->4 
09-07 14:26:50.866   532   568 I VPS     : VPS:IOCStatusInfo.SOCShutdownRequest->0 
09-07 14:26:50.866   532   568 I VPS     : VPS:IOCStatusInfo.AntiTheftState->0 
09-07 14:26:50.866   532   568 I VPS     : VPS:IOCStatusInfo.BatteryConnect->0 
09-07 14:26:51.321   345   345 I BpBinder: onLastStrongRef automatically unlinking death recipients: <uncached descriptor>
09-07 14:26:51.323  1033 11300 D CarServiceHelper: Dumping and killing process(pid: 1326)
09-07 14:26:51.334  1033 11300 I chatty  : uid=1000 system_server expire 52 lines
09-07 14:26:51.367  1033 11300 I ActivityManager: dumpStackTraces pids=null nativepids=[1326, 512, 528, 561, 516, 517, 535, 903, 519, 423, 538, 911, 398, 470, 471, 576, 582, 868, 878, 890, 891, 893, 903, 911, 2584]
09-07 14:26:51.371  1033 11300 I ActivityManager: Dumping to /data/anr/anr_2021-09-07-14-26-51-367
09-07 14:26:51.371  1033 11300 I ActivityManager: Collecting stacks for native pid 1326
09-07 14:26:51.375   463   463 I tombstoned: registered intercept for pid 1326 and type kDebuggerdNativeBacktrace
09-07 14:26:51.375  1326  1326 I chatty  : uid=1000(system) com.android.car expire 1 line
09-07 14:26:51.468 11321 11321 I crash_dump64: obtaining output fd from tombstoned, type: kDebuggerdNativeBacktrace
09-07 14:26:51.469   463   463 I tombstoned: received crash request for pid 1326
09-07 14:26:51.469   463   463 I tombstoned: found intercept fd 512 for pid 1326 and type kDebuggerdNativeBacktrace
09-07 14:26:51.469 11321 11321 I crash_dump64: performing dump of process 1326 (target tid = 1326)
09-07 14:26:51.473   538   618 W ipcLib  : ipcLib: in ipc_lib. DV1 read called
09-07 14:26:52.071   512  1085 I chatty  : uid=1041(audioserver) HwBinder:512_5 expire 6 lines
09-07 14:26:52.076   512 11441 I chatty  : uid=1041(audioserver) Binder:512_2 expire 2 lines
09-07 14:26:52.115  1033 11300 I ActivityManager: Collecting stacks for native pid 512
09-07 14:26:52.122   463   463 I tombstoned: registered intercept for pid 512 and type kDebuggerdNativeBacktrace
09-07 14:26:52.198 11460 11460 I chatty  : uid=1041(audioserver) crash_dump64 expire 2 lines
09-07 14:26:52.199   463   463 I tombstoned: received crash request for pid 512
09-07 14:26:52.199   463   463 I tombstoned: found intercept fd 512 for pid 512 and type kDebuggerdNativeBacktrace
09-07 14:26:52.311  1033 11300 I ActivityManager: Collecting stacks for native pid 528
09-07 14:26:52.313   463   463 I tombstoned: registered intercept for pid 528 and type kDebuggerdNativeBacktrace
09-07 14:26:52.314   528   528 I libc    : Requested dump for tid 528 (bluetooth@2.0-s)
09-07 14:26:52.387 11507 11507 I crash_dump64: obtaining output fd from tombstoned, type: kDebuggerdNativeBacktrace
09-07 14:26:52.387   463   463 I tombstoned: received crash request for pid 528
09-07 14:26:52.388   463   463 I tombstoned: found intercept fd 512 for pid 528 and type kDebuggerdNativeBacktrace
09-07 14:26:52.388 11507 11507 I crash_dump64: performing dump of process 528 (target tid = 528)
09-07 14:26:52.420  1033 11300 I ActivityManager: Collecting stacks for native pid 561
09-07 14:26:52.423   463   463 I tombstoned: registered intercept for pid 561 and type kDebuggerdNativeBacktrace
09-07 14:26:52.424   463   463 I tombstoned: received crash request for pid 561
09-07 14:26:52.424   463   463 I tombstoned: found intercept fd 512 for pid 561 and type kDebuggerdNativeBacktrace
09-07 14:26:52.473   538   618 W ipcLib  : ipcLib: in ipc_lib. DV1 read called
09-07 14:26:52.628  4341  4341 D LocalBluetoothProfileManager: Current Profiles[HEADSET_CLIENT, A2DPSink, MAP Client, PbapClient]
09-07 14:26:52.629  4341  4341 D LocalBluetoothProfileManager: New Profiles[HEADSET_CLIENT, A2DPSink, MAP Client, PbapClient]
09-07 14:26:52.633  4341  4341 E CachedBluetoothDevice: updating profiles for SKN的MI 9, A8:9C:ED:AC:1F:73
09-07 14:26:52.635  4341  4341 V CachedBluetoothDevice: Class: 5a020c
09-07 14:26:52.635  4341  4341 V CachedBluetoothDevice: UUID:
09-07 14:26:52.635  4341  4341 V CachedBluetoothDevice:   0000110a-0000-1000-8000-00805f9b34fb
09-07 14:26:52.636  4341  4341 V CachedBluetoothDevice:   00001105-0000-1000-8000-00805f9b34fb
09-07 14:26:52.636  4341  4341 V CachedBluetoothDevice:   00001115-0000-1000-8000-00805f9b34fb
09-07 14:26:52.636  4341  4341 V CachedBluetoothDevice:   00001116-0000-1000-8000-00805f9b34fb
09-07 14:26:52.636  4341  4341 V CachedBluetoothDevice:   0000112f-0000-1000-8000-00805f9b34fb
09-07 14:26:52.636  4341  4341 V CachedBluetoothDevice:   00001112-0000-1000-8000-00805f9b34fb
09-07 14:26:52.636  4341  4341 V CachedBluetoothDevice:   0000111f-0000-1000-8000-00805f9b34fb
09-07 14:26:52.636  4341  4341 V CachedBluetoothDevice:   00001132-0000-1000-8000-00805f9b34fb
09-07 14:26:52.636  4341  4341 V CachedBluetoothDevice:   00000000-0000-1000-8000-00805f9b34fb
09-07 14:26:52.636  4341  4341 V CachedBluetoothDevice:   00000000-0000-1000-8000-00805f9b34fb
09-07 14:26:52.636  4341  4341 V CachedBluetoothDevice:   98b97136-36a2-11ea-8467-484d7e99a198
09-07 14:26:52.638  4341  4341 D CachedBluetoothDevice: onUuidChanged: Time since last connect=6070
09-07 14:26:52.639 10939 11001 D LocalBluetoothProfileManager: Current Profiles[HEADSET_CLIENT, A2DPSink, MAP Client, PbapClient]
09-07 14:26:52.639 10939 11001 D LocalBluetoothProfileManager: New Profiles[HEADSET_CLIENT, A2DPSink, MAP Client, PbapClient]
09-07 14:26:52.650 10939 11001 E CachedBluetoothDevice: updating profiles for SKN的MI 9, A8:9C:ED:AC:1F:73
09-07 14:26:52.651 10939 11001 V CachedBluetoothDevice: Class: 5a020c
09-07 14:26:52.651 10939 11001 V CachedBluetoothDevice: UUID:
09-07 14:26:52.651 10939 11001 V CachedBluetoothDevice:   0000110a-0000-1000-8000-00805f9b34fb
09-07 14:26:52.651 10939 11001 V CachedBluetoothDevice:   00001105-0000-1000-8000-00805f9b34fb
09-07 14:26:52.651 10939 11001 V CachedBluetoothDevice:   00001115-0000-1000-8000-00805f9b34fb
09-07 14:26:52.651 10939 11001 V CachedBluetoothDevice:   00001116-0000-1000-8000-00805f9b34fb
09-07 14:26:52.651 10939 11001 V CachedBluetoothDevice:   0000112f-0000-1000-8000-00805f9b34fb
09-07 14:26:52.651 10939 11001 V CachedBluetoothDevice:   00001112-0000-1000-8000-00805f9b34fb
09-07 14:26:52.651 10939 11001 V CachedBluetoothDevice:   0000111f-0000-1000-8000-00805f9b34fb
09-07 14:26:52.652 10939 11001 V CachedBluetoothDevice:   00001132-0000-1000-8000-00805f9b34fb
09-07 14:26:52.652 10939 11001 V CachedBluetoothDevice:   00000000-0000-1000-8000-00805f9b34fb
09-07 14:26:52.652 10939 11001 V CachedBluetoothDevice:   00000000-0000-1000-8000-00805f9b34fb
09-07 14:26:52.652 10939 11001 V CachedBluetoothDevice:   98b97136-36a2-11ea-8467-484d7e99a198
09-07 14:26:52.653 10939 11001 D CachedBluetoothDevice: onUuidChanged: Time since last connect=115643
09-07 14:26:52.653  1033 11300 I ActivityManager: Collecting stacks for native pid 516
09-07 14:26:52.656   463   463 I tombstoned: registered intercept for pid 516 and type kDebuggerdNativeBacktrace
09-07 14:26:52.656   516   516 I libc    : Requested dump for tid 516 (composer@2.4-se)
09-07 14:26:52.717 11522 11522 I crash_dump64: obtaining output fd from tombstoned, type: kDebuggerdNativeBacktrace
09-07 14:26:52.718   463   463 I tombstoned: received crash request for pid 516
09-07 14:26:52.718   463   463 I tombstoned: found intercept fd 512 for pid 516 and type kDebuggerdNativeBacktrace
09-07 14:26:52.719 11522 11522 I crash_dump64: performing dump of process 516 (target tid = 516)
09-07 14:26:52.809  1033 11300 I ActivityManager: Collecting stacks for native pid 517
09-07 14:26:52.812   463   463 I tombstoned: registered intercept for pid 517 and type kDebuggerdNativeBacktrace
09-07 14:26:52.813   517   517 I libc    : Requested dump for tid 517 (health@2.1-serv)
09-07 14:26:52.840 11551 11551 I crash_dump64: obtaining output fd from tombstoned, type: kDebuggerdNativeBacktrace
09-07 14:26:52.841   463   463 I tombstoned: received crash request for pid 517
09-07 14:26:52.841   463   463 I tombstoned: found intercept fd 512 for pid 517 and type kDebuggerdNativeBacktrace
09-07 14:26:52.842 11551 11551 I crash_dump64: performing dump of process 517 (target tid = 517)
09-07 14:26:52.856  1033 11300 I ActivityManager: Collecting stacks for native pid 535
09-07 14:26:52.859   463   463 I tombstoned: registered intercept for pid 535 and type kDebuggerdNativeBacktrace
09-07 14:26:52.859   535   535 I libc    : Requested dump for tid 535 (vendor.harman.n)
09-07 14:26:52.873  1033  1063 E ActivityThread: Failed to find provider info for com.android.contacts
09-07 14:26:52.873  1033  1063 W ContactsQueryHelper: Cursor is null when querying contact.
09-07 14:26:52.885  1033  1063 E ActivityThread: Failed to find provider info for com.android.contacts
09-07 14:26:52.885  1033  1063 W ContactsQueryHelper: Cursor is null when querying contact.
09-07 14:26:52.893 10939 10939 D OverlayViewGlobalStateController: mHighestZOrder: com.android.systemui.car.userswitcher.FullScreenUserSwitcherViewController@8f43402
09-07 14:26:52.893 10939 10939 D OverlayViewGlobalStateController: mZOrderVisibleSortedMap.size(): 1
09-07 14:26:52.894 10939 10939 D OverlayViewGlobalStateController: mZOrderVisibleSortedMap: {2=com.android.systemui.car.userswitcher.FullScreenUserSwitcherViewController@8f43402}
09-07 14:26:52.894 10939 10939 D OverlayViewGlobalStateController: mZOrderMap.size(): 2
09-07 14:26:52.894 10939 10939 D OverlayViewGlobalStateController: mZOrderMap: {com.android.systemui.car.userswitcher.FullScreenUserSwitcherViewController@8f43402=2, com.android.systemui.car.keyguard.CarKeyguardViewController@e107eab=1}
09-07 14:26:52.894 10939 10939 D OverlayViewGlobalStateController: mIsOccluded: false
09-07 14:26:52.894 10939 10939 D OverlayViewGlobalStateController: mViewsHiddenForOcclusion: []
09-07 14:26:52.894 10939 10939 D OverlayViewGlobalStateController: mViewsHiddenForOcclusion.size(): 0
09-07 14:26:52.897 10939 10939 D OverlayViewGlobalStateController: Content hidden: com.android.systemui.car.userswitcher.FullScreenUserSwitcherViewController
09-07 14:26:52.897 10939 10939 D OverlayViewGlobalStateController: mHighestZOrder: null
09-07 14:26:52.897 10939 10939 D OverlayViewGlobalStateController: mZOrderVisibleSortedMap.size(): 0
09-07 14:26:52.897 10939 10939 D OverlayViewGlobalStateController: mZOrderVisibleSortedMap: {}
09-07 14:26:52.897 10939 10939 D OverlayViewGlobalStateController: mZOrderMap.size(): 2
09-07 14:26:52.897 10939 10939 D OverlayViewGlobalStateController: mZOrderMap: {com.android.systemui.car.userswitcher.FullScreenUserSwitcherViewController@8f43402=2, com.android.systemui.car.keyguard.CarKeyguardViewController@e107eab=1}
09-07 14:26:52.897 10939 10939 D OverlayViewGlobalStateController: mIsOccluded: false
09-07 14:26:52.897 10939 10939 D OverlayViewGlobalStateController: mViewsHiddenForOcclusion: []
09-07 14:26:52.897 10939 10939 D OverlayViewGlobalStateController: mViewsHiddenForOcclusion.size(): 0
09-07 14:26:52.899 11565 11565 I crash_dump64: obtaining output fd from tombstoned, type: kDebuggerdNativeBacktrace
09-07 14:26:52.901   463   463 I tombstoned: received crash request for pid 535
09-07 14:26:52.901   463   463 I tombstoned: found intercept fd 512 for pid 535 and type kDebuggerdNativeBacktrace
09-07 14:26:52.902 11565 11565 I crash_dump64: performing dump of process 535 (target tid = 535)
09-07 14:26:52.965   532   569 W ipcLib  : ipcLib: in ipc_lib. DV1 read called
09-07 14:26:52.965   532   568 I VPS     : VPS:IOCStatusInfo.VoltageStatus->0 
09-07 14:26:52.965   532   568 I VPS     : VPS:IOCStatusInfo.IOCStatusCmd->a6 
09-07 14:26:52.965   532   568 I VPS     : VPS:IOCStatusInfo.WakeUpReason->0 
09-07 14:26:52.965   532   568 I VPS     : VPS:IOCStatusInfo.DerivedIgnitionStatus->0 
09-07 14:26:52.965   532   568 I VPS     : VPS:IOCStatusInfo.PowerModeState->4 
09-07 14:26:52.965   532   568 I VPS     : VPS:IOCStatusInfo.SOCShutdownRequest->0 
09-07 14:26:52.965   532   568 I VPS     : VPS:IOCStatusInfo.AntiTheftState->0 
09-07 14:26:52.965   532   568 I VPS     : VPS:IOCStatusInfo.BatteryConnect->0 
09-07 14:26:52.982  1033 11300 I ActivityManager: Collecting stacks for native pid 903
09-07 14:26:52.985   463   463 I tombstoned: registered intercept for pid 903 and type kDebuggerdNativeBacktrace
09-07 14:26:52.993   463   463 I tombstoned: received crash request for pid 903
09-07 14:26:52.993   463   463 I tombstoned: found intercept fd 512 for pid 903 and type kDebuggerdNativeBacktrace
09-07 14:26:53.381  1033 11300 I ActivityManager: Collecting stacks for native pid 519
09-07 14:26:53.384   463   463 I tombstoned: registered intercept for pid 519 and type kDebuggerdNativeBacktrace
09-07 14:26:53.385   519   519 I libc    : Requested dump for tid 519 (neuralnetworks@)
09-07 14:26:53.416 10939 10965 I ndroid.systemu: WaitForGcToComplete blocked RunEmptyCheckpoint on ProfileSaver for 6.674ms
09-07 14:26:53.439 11651 11651 I crash_dump64: obtaining output fd from tombstoned, type: kDebuggerdNativeBacktrace
09-07 14:26:53.439   463   463 I tombstoned: received crash request for pid 519
09-07 14:26:53.440   463   463 I tombstoned: found intercept fd 512 for pid 519 and type kDebuggerdNativeBacktrace
09-07 14:26:53.440 11651 11651 I crash_dump64: performing dump of process 519 (target tid = 519)
09-07 14:26:53.473   538   618 W ipcLib  : ipcLib: in ipc_lib. DV1 read called
09-07 14:26:53.489  1033 11300 I ActivityManager: Collecting stacks for native pid 423
09-07 14:26:53.491   463   463 I tombstoned: registered intercept for pid 423 and type kDebuggerdNativeBacktrace
09-07 14:26:53.492   423   423 I libc    : Requested dump for tid 423 (suspend@1.0-ser)
09-07 14:26:53.531 11659 11659 I crash_dump64: obtaining output fd from tombstoned, type: kDebuggerdNativeBacktrace
09-07 14:26:53.532   463   463 I tombstoned: received crash request for pid 423
09-07 14:26:53.532   463   463 I tombstoned: found intercept fd 512 for pid 423 and type kDebuggerdNativeBacktrace
09-07 14:26:53.533 11659 11659 I crash_dump64: performing dump of process 423 (target tid = 423)
09-07 14:26:53.555   911  1386 D BufferPoolAccessor2.0: evictor expired: 3, evicted: 0
09-07 14:26:53.559  1033  1033 I chatty  : uid=1000 system_server expire 39 lines
09-07 14:26:53.559  1033 11300 I ActivityManager: Collecting stacks for native pid 538
09-07 14:26:53.562   463   463 I tombstoned: registered intercept for pid 538 and type kDebuggerdNativeBacktrace
09-07 14:26:53.562   538   538 I libc    : Requested dump for tid 538 (vendor.harman.v)
09-07 14:26:53.607 11664 11664 I crash_dump64: obtaining output fd from tombstoned, type: kDebuggerdNativeBacktrace
09-07 14:26:53.608   463   463 I tombstoned: received crash request for pid 538
09-07 14:26:53.608   463   463 I tombstoned: found intercept fd 512 for pid 538 and type kDebuggerdNativeBacktrace
09-07 14:26:53.609 11664 11664 I crash_dump64: performing dump of process 538 (target tid = 538)
09-07 14:26:53.664  1033 11300 I ActivityManager: Collecting stacks for native pid 911
09-07 14:26:53.669   463   463 I tombstoned: registered intercept for pid 911 and type kDebuggerdNativeBacktrace
09-07 14:26:53.671   463   463 I tombstoned: received crash request for pid 911
09-07 14:26:53.671   463   463 I tombstoned: found intercept fd 512 for pid 911 and type kDebuggerdNativeBacktrace
09-07 14:26:53.834 11676 11676 I qccsyshalservice: Start with system binder
09-07 14:26:53.835 11676 11676 I qccsyshalservice: Registering qccsyshal service...
09-07 14:26:53.837 11676 11676 E HidlServiceManagement: Service vendor.qti.hardware.qccsyshal@1.0::IQccsyshal/qccsyshal must be in VINTF manifest in order to register/get.
09-07 14:26:53.837 11676 11676 E qccsyshalservice: [ERROR] registerAsService() failed with status: -2147483648
09-07 14:26:53.886 11677 11677 E android.hardware.sensors@1.0-service: Couldn't load sensors module (Unknown error -2147483648)
09-07 14:26:53.886 11677 11677 D RefBase : RefBase: Explicit destruction, weak count = 0 (in 0xb400006e9f8725c8)
09-07 14:26:53.886 11677 11677 W RefBase : CallStack::getCurrentInternal not linked, returning null
09-07 14:26:53.886 11677 11677 W RefBase : CallStack::logStackInternal not linked
09-07 14:26:53.887 11677 11677 E LegacySupport: Could not get passthrough implementation for android.hardware.sensors@1.0::ISensors/default.
09-07 14:26:53.907 11678 11678 I chatty  : uid=0(root) /vendor/bin/hw/vendor.harman.LogManager@1.0-service expire 15 lines
09-07 14:26:53.918 11678 11682 I chatty  : uid=0(root) /vendor/bin/hw/vendor.harman.LogManager@1.0-service expire 1 line
09-07 14:26:53.919 11678 11678 I chatty  : uid=0(root) /vendor/bin/hw/vendor.harman.LogManager@1.0-service expire 13 lines
09-07 14:26:53.926 11678 11678 F libc    : Fatal signal 11 (SIGSEGV), code 1 (SEGV_MAPERR), fault addr 0x0 in tid 11678 (vendor.harman.L), pid 11678 (vendor.harman.L)
09-07 14:26:53.964 11685 11685 I chatty  : uid=0(root) crash_dump64 expire 2 lines
09-07 14:26:53.965   463   463 I tombstoned: received crash request for pid 11678
09-07 14:26:53.965   463   463 I tombstoned: enqueueing crash request for pid 11678
09-07 14:26:54.000   532   569 I VPS     : VPS:VehiclePlatformSOCHeartBeatHandler IVI HeartBeat sent successfully SOCHeartBeatInfo.SOCStatus->2
09-07 14:26:54.000   532   569 W ipcLib  : ipcLib: in ipc_lib. DV1 write called
09-07 14:26:54.002   532   569 W ipcLib  : ipcLib: in ipc_lib. DV1 read called
09-07 14:26:54.035 10939 11064 D BufferPoolAccessor2.0: bufferpool2 0xb400007ddaf4f7e8 : 0(0 size) total buffers - 0(0 size) used buffers - 2/7 (recycle/alloc) - 6/38 (fetch/transfer)
09-07 14:26:54.036 10939 11064 D BufferPoolAccessor2.0: evictor expired: 1, evicted: 1
09-07 14:26:54.258 11685 11685 F DEBUG   : *** *** *** *** *** *** *** *** *** *** *** *** *** *** *** ***
09-07 14:26:54.258 11685 11685 F DEBUG   : Build fingerprint: 'qti/titan_tml_b2/titan_tml_b2:11/RQ3A.210605.005/eng.ksong.20210907.134230:userdebug/test-keys'
09-07 14:26:54.258 11685 11685 F DEBUG   : Revision: '0'
09-07 14:26:54.259 11685 11685 F DEBUG   : ABI: 'arm64'
09-07 14:26:54.260 11685 11685 F DEBUG   : Timestamp: 2021-09-07 14:26:54+0000
09-07 14:26:54.260 11685 11685 F DEBUG   : pid: 11678, tid: 11678, name: vendor.harman.L  >>> /vendor/bin/hw/vendor.harman.LogManager@1.0-service <<<
09-07 14:26:54.260 11685 11685 F DEBUG   : uid: 0
09-07 14:26:54.260 11685 11685 F DEBUG   : signal 11 (SIGSEGV), code 1 (SEGV_MAPERR), fault addr 0x0
09-07 14:26:54.260 11685 11685 F DEBUG   : Cause: null pointer dereference
09-07 14:26:54.260 11685 11685 F DEBUG   :     x0  0000000000000000  x1  0000000000000000  x2  0000000000080001  x3  0000000000000000
09-07 14:26:54.260 11685 11685 F DEBUG   :     x4  0000000000000000  x5  0000000000000090  x6  fefefefefefefeff  x7  7f7f7f7f7f7f7f7f
09-07 14:26:54.260 11685 11685 F DEBUG   :     x8  0101010101010101  x9  edb0bfd0bf3bb888  x10 0000007fc5941238  x11 fffffffffffffffd
09-07 14:26:54.260  1033 11300 I ActivityManager: Collecting stacks for native pid 398
09-07 14:26:54.260 11685 11685 F DEBUG   :     x12 0000007fc59413c0  x13 000000000000008e  x14 0037131edaa51c00  x15 0000000034155555
09-07 14:26:54.261 11685 11685 F DEBUG   :     x16 00000063821d17e0  x17 0000007b5b3a9b30  x18 0000007b5bd9a000  x19 0000000000000000
09-07 14:26:54.261 11685 11685 F DEBUG   :     x20 0000007b5b331c50  x21 0000007fc5941ad9  x22 b400007a5aeb4218  x23 0000007fc5941af8
09-07 14:26:54.261 11685 11685 F DEBUG   :     x24 0000000000000000  x25 0000007b5ba99000  x26 0000007fc5941ad9  x27 0000007fc5941aa9
09-07 14:26:54.261 11685 11685 F DEBUG   :     x28 0000000000000000  x29 0000007fc59419e0
09-07 14:26:54.261 11685 11685 F DEBUG   :     lr  00000063821c8048  sp  0000007fc59419e0  pc  0000007b5b3a9b40  pst 0000000080000000
09-07 14:26:54.263   463   463 I tombstoned: registered intercept for pid 398 and type kDebuggerdNativeBacktrace
09-07 14:26:54.263   398   398 I chatty  : uid=0(root) Binder:398_2 expire 1 line
09-07 14:26:54.265 11685 11685 F DEBUG   : backtrace:
09-07 14:26:54.265 11685 11685 F DEBUG   :       #00 pc 000000000004ab40  /apex/com.android.runtime/lib64/bionic/libc.so (strlen_default+16) (BuildId: 2b7c6e33413ac7278a15dfc3ea383089)
09-07 14:26:54.265 11685 11685 F DEBUG   :       #01 pc 0000000000009044  /vendor/bin/hw/vendor.harman.LogManager@1.0-service (BuildId: 3e966ab64050b441b920ba0e8960d123)
09-07 14:26:54.266 11685 11685 F DEBUG   :       #02 pc 0000000000008df0  /vendor/bin/hw/vendor.harman.LogManager@1.0-service (LM::LogManagerImpl::load_plugin_conf(void*, std::__1::basic_string<char, std::__1::char_traits<char>, std::__1::allocator<char> >, std::__1::multimap<std::__1::basic_string<char, std::__1::char_traits<char>, std::__1::allocator<char> >, int, std::__1::less<std::__1::basic_string<char, std::__1::char_traits<char>, std::__1::allocator<char> > >, std::__1::allocator<std::__1::pair<std::__1::basic_string<char, std::__1::char_traits<char>, std::__1::allocator<char> > const, int> > >&)+752) (BuildId: 3e966ab64050b441b920ba0e8960d123)
09-07 14:26:54.266 11685 11685 F DEBUG   :       #03 pc 00000000000088c0  /vendor/bin/hw/vendor.harman.LogManager@1.0-service (LM::LogManagerImpl::loadplugins()+436) (BuildId: 3e966ab64050b441b920ba0e8960d123)
09-07 14:26:54.266 11685 11685 F DEBUG   :       #04 pc 0000000000007af8  /vendor/bin/hw/vendor.harman.LogManager@1.0-service (main+1112) (BuildId: 3e966ab64050b441b920ba0e8960d123)
09-07 14:26:54.266 11685 11685 F DEBUG   :       #05 pc 000000000004988c  /apex/com.android.runtime/lib64/bionic/libc.so (__libc_init+108) (BuildId: 2b7c6e33413ac7278a15dfc3ea383089)
09-07 14:26:54.290 11699 11699 I chatty  : uid=0(root) crash_dump64 expire 1 line
09-07 14:26:54.291   463   463 I tombstoned: received crash request for pid 398
09-07 14:26:54.292   463   463 I tombstoned: enqueueing crash request for pid 398
09-07 14:26:54.330  1033  1063 E ActivityThread: Failed to find provider info for com.android.contacts
09-07 14:26:54.330  1033  1063 W ContactsQueryHelper: Cursor is null when querying contact.
09-07 14:26:54.338  1033  1270 W NativeCrashListener: Couldn't find ProcessRecord for pid 11678
09-07 14:26:54.339 11685 11685 I chatty  : uid=0(root) crash_dump64 expire 1 line
09-07 14:26:54.341   463   463 E tombstoned: Tombstone written to: /data/tombstones/tombstone_39
09-07 14:26:54.341   463   463 I tombstoned: found intercept fd 512 for pid 398 and type kDebuggerdNativeBacktrace
09-07 14:26:54.342 11699 11699 I chatty  : uid=0(root) crash_dump64 expire 1 line
09-07 14:26:54.343  1033  1095 I BootReceiver: Copying /data/tombstones/tombstone_39 to DropBox (SYSTEM_TOMBSTONE)
09-07 14:26:54.344  1033  1095 I DropBoxManagerService: add tag=SYSTEM_TOMBSTONE isTagEnabled=true flags=0x2
09-07 14:26:54.348  1033  1063 E ActivityThread: Failed to find provider info for com.android.contacts
09-07 14:26:54.349  1033  1063 W ContactsQueryHelper: Cursor is null when querying contact.
09-07 14:26:54.389  1033 11300 I ActivityManager: Collecting stacks for native pid 470
09-07 14:26:54.392   463   463 I tombstoned: registered intercept for pid 470 and type kDebuggerdNativeBacktrace
09-07 14:26:54.393   470   470 I libc    : Requested dump for tid 470 (Binder:470_2)
09-07 14:26:54.440 11714 11714 I crash_dump64: obtaining output fd from tombstoned, type: kDebuggerdNativeBacktrace
09-07 14:26:54.441   463   463 I tombstoned: received crash request for pid 470
09-07 14:26:54.441   463   463 I tombstoned: found intercept fd 512 for pid 470 and type kDebuggerdNativeBacktrace
09-07 14:26:54.442 11714 11714 I crash_dump64: performing dump of process 470 (target tid = 470)
09-07 14:26:54.473   538   618 W ipcLib  : ipcLib: in ipc_lib. DV1 read called
09-07 14:26:54.525  1033 11300 I ActivityManager: Collecting stacks for native pid 471
09-07 14:26:54.528   463   463 I tombstoned: registered intercept for pid 471 and type kDebuggerdNativeBacktrace
09-07 14:26:54.529   471   471 I chatty  : uid=0(root) Binder:471_4 expire 1 line
09-07 14:26:54.570 11720 11720 I chatty  : uid=0(root) crash_dump64 expire 2 lines
09-07 14:26:54.571   463   463 I tombstoned: received crash request for pid 471
09-07 14:26:54.571   463   463 I tombstoned: found intercept fd 512 for pid 471 and type kDebuggerdNativeBacktrace
09-07 14:26:54.622  1558  1586 E CarBluetoothUserService: Timeout while waiting for proxies, Connected: 4/5
09-07 14:26:54.623  1558  1586 E CarBluetoothUserService: Cannot get (5) PAN profile priority. Proxy Unavailable
09-07 14:26:54.653  1033 11300 I ActivityManager: Collecting stacks for native pid 576
09-07 14:26:54.657   463   463 I tombstoned: registered intercept for pid 576 and type kDebuggerdNativeBacktrace
09-07 14:26:54.658   576   576 I chatty  : uid=1041(audioserver) /system/bin/audioserver expire 22 lines
09-07 14:26:54.735   537   722 I TunerCommon: CTunerTimer::startTimer: altMsecTimeout = 15000
09-07 14:26:54.735   537   711 W TunerCommon: EventThd::run:deliverEvent: OK
09-07 14:26:54.748 11732 11732 I chatty  : uid=1041(audioserver) crash_dump64 expire 2 lines
09-07 14:26:54.749   512  3972 I chatty  : uid=1041(audioserver) writer expire 3 lines
09-07 14:26:54.750   463   463 I tombstoned: received crash request for pid 576
09-07 14:26:54.750   463   463 I tombstoned: found intercept fd 512 for pid 576 and type kDebuggerdNativeBacktrace
09-07 14:26:54.770   576  1092 I chatty  : uid=1041(audioserver) AudioOut_D expire 2 lines
09-07 14:26:54.836   911  1386 D BufferPoolAccessor2.0: bufferpool2 0xb400007205c66c88 : 0(0 size) total buffers - 0(0 size) used buffers - 13/17 (recycle/alloc) - 4/16 (fetch/transfer)
09-07 14:26:54.836   911  1386 D BufferPoolAccessor2.0: bufferpool2 0xb400007205c62e18 : 0(0 size) total buffers - 0(0 size) used buffers - 14/16 (recycle/alloc) - 2/15 (fetch/transfer)
09-07 14:26:54.837   911  1386 D BufferPoolAccessor2.0: bufferpool2 0xb400007205c69878 : 0(0 size) total buffers - 0(0 size) used buffers - 4/7 (recycle/alloc) - 3/6 (fetch/transfer)
09-07 14:26:54.837   911  1386 D BufferPoolAccessor2.0: evictor expired: 3, evicted: 3
09-07 14:26:54.841   536   612 I chatty  : uid=0(root) vendor.harman.p expire 2 lines
09-07 14:26:54.868  1033 11300 I ActivityManager: Collecting stacks for native pid 582
09-07 14:26:54.873   463   463 I tombstoned: registered intercept for pid 582 and type kDebuggerdNativeBacktrace
09-07 14:26:54.874   582   582 I libc    : Requested dump for tid 582 (surfaceflinger)
09-07 14:26:54.974 11772 11772 I crash_dump64: obtaining output fd from tombstoned, type: kDebuggerdNativeBacktrace
09-07 14:26:54.975   463   463 I tombstoned: received crash request for pid 582
09-07 14:26:54.976   463   463 I tombstoned: found intercept fd 512 for pid 582 and type kDebuggerdNativeBacktrace
09-07 14:26:54.976 11772 11772 I crash_dump64: performing dump of process 582 (target tid = 582)
09-07 14:26:55.036 10939 11064 D BufferPoolAccessor2.0: bufferpool2 0xb400007ddaf5bc78 : 0(0 size) total buffers - 0(0 size) used buffers - 1/7 (recycle/alloc) - 6/18 (fetch/transfer)
09-07 14:26:55.037 10939 11064 D BufferPoolAccessor2.0: bufferpool2 0xb400007ddaf52628 : 0(0 size) total buffers - 0(0 size) used buffers - 1/7 (recycle/alloc) - 6/36 (fetch/transfer)
09-07 14:26:55.037 10939 11064 D BufferPoolAccessor2.0: evictor expired: 2, evicted: 2
09-07 14:26:55.065   532   569 W ipcLib  : ipcLib: in ipc_lib. DV1 read called
09-07 14:26:55.066   532   568 I VPS     : VPS:IOCStatusInfo.VoltageStatus->0 
09-07 14:26:55.066   532   568 I VPS     : VPS:IOCStatusInfo.IOCStatusCmd->a6 
09-07 14:26:55.066   532   568 I VPS     : VPS:IOCStatusInfo.WakeUpReason->0 
09-07 14:26:55.066   532   568 I VPS     : VPS:IOCStatusInfo.DerivedIgnitionStatus->0 
09-07 14:26:55.066   532   568 I VPS     : VPS:IOCStatusInfo.PowerModeState->4 
09-07 14:26:55.066   532   568 I VPS     : VPS:IOCStatusInfo.SOCShutdownRequest->0 
09-07 14:26:55.066   532   568 I VPS     : VPS:IOCStatusInfo.AntiTheftState->0 
09-07 14:26:55.066   532   568 I VPS     : VPS:IOCStatusInfo.BatteryConnect->0 
09-07 14:26:55.116  1033 11300 I ActivityManager: Collecting stacks for native pid 868
09-07 14:26:55.119   463   463 I tombstoned: registered intercept for pid 868 and type kDebuggerdNativeBacktrace
09-07 14:26:55.120   868   868 I libc    : Requested dump for tid 868 (cameraserver)
09-07 14:26:55.186 11796 11796 I crash_dump32: obtaining output fd from tombstoned, type: kDebuggerdNativeBacktrace
09-07 14:26:55.186   463   463 I tombstoned: received crash request for pid 868
09-07 14:26:55.187   463   463 I tombstoned: found intercept fd 512 for pid 868 and type kDebuggerdNativeBacktrace
09-07 14:26:55.188 11796 11796 I crash_dump32: performing dump of process 868 (target tid = 868)
09-07 14:26:55.300  1033 11300 I ActivityManager: Collecting stacks for native pid 878
09-07 14:26:55.303   463   463 I tombstoned: registered intercept for pid 878 and type kDebuggerdNativeBacktrace
09-07 14:26:55.304   878   878 I libc    : Requested dump for tid 878 (drmserver)
09-07 14:26:55.320   911  4981 D BufferPoolAccessor2.0: bufferpool2 0xb400007205c6d498 : 2(1048576 size) total buffers - 1(524288 size) used buffers - 2102/2107 (recycle/alloc) - 15/2107 (fetch/transfer)
09-07 14:26:55.352 11812 11812 I crash_dump32: obtaining output fd from tombstoned, type: kDebuggerdNativeBacktrace
09-07 14:26:55.353   463   463 I tombstoned: received crash request for pid 878
09-07 14:26:55.353   463   463 I tombstoned: found intercept fd 512 for pid 878 and type kDebuggerdNativeBacktrace
09-07 14:26:55.354 11812 11812 I crash_dump32: performing dump of process 878 (target tid = 878)
09-07 14:26:55.367   536   536 I chatty  : uid=0(root) vendor.harman.p expire 5 lines
09-07 14:26:55.426  1033 11300 I ActivityManager: Collecting stacks for native pid 890
09-07 14:26:55.430   463   463 I tombstoned: registered intercept for pid 890 and type kDebuggerdNativeBacktrace
09-07 14:26:55.433   463   463 I tombstoned: received crash request for pid 890
09-07 14:26:55.433   463   463 I tombstoned: found intercept fd 512 for pid 890 and type kDebuggerdNativeBacktrace
09-07 14:26:55.473   538   618 W ipcLib  : ipcLib: in ipc_lib. DV1 read called
09-07 14:26:55.672  1033 11300 I ActivityManager: Collecting stacks for native pid 891
09-07 14:26:55.675   463   463 I tombstoned: registered intercept for pid 891 and type kDebuggerdNativeBacktrace
09-07 14:26:55.675   891   891 I libc    : Requested dump for tid 891 (mediametrics)
09-07 14:26:55.726 11884 11884 I crash_dump64: obtaining output fd from tombstoned, type: kDebuggerdNativeBacktrace
09-07 14:26:55.727   463   463 I tombstoned: received crash request for pid 891
09-07 14:26:55.727   463   463 I tombstoned: found intercept fd 512 for pid 891 and type kDebuggerdNativeBacktrace
09-07 14:26:55.728 11884 11884 I crash_dump64: performing dump of process 891 (target tid = 891)
09-07 14:26:55.735  1033  1063 E ActivityThread: Failed to find provider info for com.android.contacts
09-07 14:26:55.735  1033  1063 W ContactsQueryHelper: Cursor is null when querying contact.
09-07 14:26:55.748  1033  1063 E ActivityThread: Failed to find provider info for com.android.contacts
09-07 14:26:55.748  1033  1063 W ContactsQueryHelper: Cursor is null when querying contact.
09-07 14:26:55.768  1033 11300 I ActivityManager: Collecting stacks for native pid 893
09-07 14:26:55.772   463   463 I tombstoned: registered intercept for pid 893 and type kDebuggerdNativeBacktrace
09-07 14:26:55.773   893   893 I libc    : Requested dump for tid 893 (mediaserver)
09-07 14:26:55.828 11893 11893 I crash_dump32: obtaining output fd from tombstoned, type: kDebuggerdNativeBacktrace
09-07 14:26:55.829   463   463 I tombstoned: received crash request for pid 893
09-07 14:26:55.829   463   463 I tombstoned: found intercept fd 512 for pid 893 and type kDebuggerdNativeBacktrace
09-07 14:26:55.830 11893 11893 I crash_dump32: performing dump of process 893 (target tid = 893)
09-07 14:26:55.913  1033 11300 I ActivityManager: Collecting stacks for native pid 903
09-07 14:26:55.916   463   463 I tombstoned: registered intercept for pid 903 and type kDebuggerdNativeBacktrace
09-07 14:26:55.918   463   463 I tombstoned: received crash request for pid 903
09-07 14:26:55.918   463   463 I tombstoned: found intercept fd 512 for pid 903 and type kDebuggerdNativeBacktrace
09-07 14:26:56.178  1033 11300 I ActivityManager: Collecting stacks for native pid 911
09-07 14:26:56.181   463   463 I tombstoned: registered intercept for pid 911 and type kDebuggerdNativeBacktrace
09-07 14:26:56.182   463   463 I tombstoned: received crash request for pid 911
09-07 14:26:56.182   463   463 I tombstoned: found intercept fd 512 for pid 911 and type kDebuggerdNativeBacktrace
09-07 14:26:56.473   538   618 W ipcLib  : ipcLib: in ipc_lib. DV1 read called
09-07 14:26:56.487   911   911 E libc    : failed to send trace signal to 11906: No such process
09-07 14:26:56.487   911   911 E libc    : thread 11906 is already outputting to fd 37?
09-07 14:26:56.487   911   911 E libc    : thread 11906 is already outputting to fd 37?
09-07 14:26:56.494  1033 11300 I ActivityManager: Collecting stacks for native pid 2584
09-07 14:26:56.501   463   463 I tombstoned: registered intercept for pid 2584 and type kDebuggerdNativeBacktrace
09-07 14:26:56.502  2584  2584 I libc    : Requested dump for tid 2584 (droid.bluetooth)
09-07 14:26:56.618 11920 11920 I crash_dump64: obtaining output fd from tombstoned, type: kDebuggerdNativeBacktrace
09-07 14:26:56.619   463   463 I tombstoned: received crash request for pid 2584
09-07 14:26:56.619   463   463 I tombstoned: found intercept fd 512 for pid 2584 and type kDebuggerdNativeBacktrace
09-07 14:26:56.620 11920 11920 I crash_dump64: performing dump of process 2584 (target tid = 2584)
09-07 14:26:56.756  4341  5637 D OpenGLRenderer: endAllActiveAnimators on 0x7dfafd7330 (RippleDrawable) with handle 0x7d1af88870
09-07 14:26:57.055  1033  1063 E ActivityThread: Failed to find provider info for com.android.contacts
09-07 14:26:57.055  1033  1063 W ContactsQueryHelper: Cursor is null when querying contact.
09-07 14:26:57.068  1033  1063 E ActivityThread: Failed to find provider info for com.android.contacts
09-07 14:26:57.068  1033  1063 W ContactsQueryHelper: Cursor is null when querying contact.
09-07 14:26:57.166   532   569 W ipcLib  : ipcLib: in ipc_lib. DV1 read called
09-07 14:26:57.166   532   568 I VPS     : VPS:IOCStatusInfo.VoltageStatus->0 
09-07 14:26:57.166   532   568 I VPS     : VPS:IOCStatusInfo.IOCStatusCmd->a6 
09-07 14:26:57.166   532   568 I VPS     : VPS:IOCStatusInfo.WakeUpReason->0 
09-07 14:26:57.166   532   568 I VPS     : VPS:IOCStatusInfo.DerivedIgnitionStatus->0 
09-07 14:26:57.166   532   568 I VPS     : VPS:IOCStatusInfo.PowerModeState->4 
09-07 14:26:57.167   532   568 I VPS     : VPS:IOCStatusInfo.SOCShutdownRequest->0 
09-07 14:26:57.167   532   568 I VPS     : VPS:IOCStatusInfo.AntiTheftState->0 
09-07 14:26:57.167   532   568 I VPS     : VPS:IOCStatusInfo.BatteryConnect->0 
09-07 14:26:57.375  1033 11300 I ActivityManager: Done dumping
09-07 14:26:57.375  1033 11300 D CarServiceHelper: Dumping process took 6009ms
09-07 14:26:57.377  1033 11300 W CarServiceHelper: carwatchdog killed com.android.car (pid: 1326)
09-07 14:26:57.377   345   387 I carwatchdogd: Process(pid: 1326) has been dumped and killed
09-07 14:26:57.409   538   538 I automotive.vehicle@2.0-impl: onCallbackDead, cookie: 0xb400007befd45cf0
09-07 14:26:57.409   538   538 I automotive.vehicle@2.0-impl: getSubscribedProperties propId: 0x11200407, propId: 0x11200407
09-07 14:26:57.409   538   538 I automotive.vehicle@2.0-impl: getSubscribedProperties propId: 0x11400400, propId: 0x11400400
09-07 14:26:57.409   538   538 I automotive.vehicle@2.0-impl: getSubscribedProperties propId: 0x1140050d, propId: 0x1140050d
09-07 14:26:57.409   538   538 I automotive.vehicle@2.0-impl: getSubscribedProperties propId: 0x1140050e, propId: 0x1140050e
09-07 14:26:57.409   538   538 I automotive.vehicle@2.0-impl: getSubscribedProperties propId: 0x11400a03, propId: 0x11400a03
09-07 14:26:57.409   538   538 I automotive.vehicle@2.0-impl: getSubscribedProperties propId: 0x11410a00, propId: 0x11410a00
09-07 14:26:57.409   538   538 I automotive.vehicle@2.0-impl: getSubscribedProperties propId: 0x11410a10, propId: 0x11410a10
09-07 14:26:57.409   538   538 I automotive.vehicle@2.0-impl: getSubscribedProperties propId: 0x11600207, propId: 0x11600207
09-07 14:26:57.409   538   538 I automotive.vehicle@2.0-impl: getSubscribedProperties propId: 0x13200504, propId: 0x13200504
09-07 14:26:57.409   538   538 I automotive.vehicle@2.0-impl: getSubscribedProperties propId: 0x15200505, propId: 0x15200505
09-07 14:26:57.410   538   538 I automotive.vehicle@2.0-impl: getSubscribedProperties propId: 0x15200506, propId: 0x15200506
09-07 14:26:57.410   538   538 I automotive.vehicle@2.0-impl: getSubscribedProperties propId: 0x15200508, propId: 0x15200508
09-07 14:26:57.410   470   474 E IPCThreadState: attemptIncStrongHandle(69): Not supported
09-07 14:26:57.410   538   538 I automotive.vehicle@2.0-impl: getSubscribedProperties propId: 0x15200509, propId: 0x15200509
09-07 14:26:57.410   538   538 I automotive.vehicle@2.0-impl: getSubscribedProperties propId: 0x1520050a, propId: 0x1520050a
09-07 14:26:57.410   538   538 I automotive.vehicle@2.0-impl: getSubscribedProperties propId: 0x15200510, propId: 0x15200510
09-07 14:26:57.410   538   538 I automotive.vehicle@2.0-impl: getSubscribedProperties propId: 0x15400500, propId: 0x15400500
09-07 14:26:57.410   538   538 I automotive.vehicle@2.0-impl: getSubscribedProperties propId: 0x15400501, propId: 0x15400501
09-07 14:26:57.410   538   538 I automotive.vehicle@2.0-impl: getSubscribedProperties propId: 0x1540050b, propId: 0x1540050b
09-07 14:26:57.410   538   538 I automotive.vehicle@2.0-impl: getSubscribedProperties propId: 0x15600502, propId: 0x15600502
09-07 14:26:57.410   538   538 I automotive.vehicle@2.0-impl: getSubscribedProperties propId: 0x15600503, propId: 0x15600503
09-07 14:26:57.411  2517  2517 W CarUxRestrictionsUtil: Car service disconnected, assuming fully restricted uxr
09-07 14:26:57.412  3154  3154 W CAR.L   : Car service has crashed
09-07 14:26:57.412  3154  3154 W CAR.L   : android.os.DeadObjectException
09-07 14:26:57.412  3154  3154 W CAR.L   : 	at android.os.BinderProxy.transactNative(Native Method)
09-07 14:26:57.412  3154  3154 W CAR.L   : 	at android.os.BinderProxy.transact(BinderProxy.java:550)
09-07 14:26:57.412  3154  3154 W CAR.L   : 	at android.car.media.ICarAudio$Stub$Proxy.unregisterVolumeCallback(ICarAudio.java:834)
09-07 14:26:57.412  3154  3154 W CAR.L   : 	at android.car.media.CarAudioManager.unregisterVolumeCallback(CarAudioManager.java:650)
09-07 14:26:57.412  3154  3154 W CAR.L   : 	at android.car.media.CarAudioManager.onCarDisconnected(CarAudioManager.java:599)
09-07 14:26:57.412  3154  3154 W CAR.L   : 	at android.car.Car.tearDownCarManagersLocked(Car.java:1821)
09-07 14:26:57.412  3154  3154 W CAR.L   : 	at android.car.Car.handleCarDisconnectLocked(Car.java:1342)
09-07 14:26:57.412  3154  3154 W CAR.L   : 	at android.car.Car.access$800(Car.java:95)
09-07 14:26:57.412  3154  3154 W CAR.L   : 	at android.car.Car$3.onServiceDisconnected(Car.java:959)
09-07 14:26:57.412  3154  3154 W CAR.L   : 	at android.app.LoadedApk$ServiceDispatcher.doDeath(LoadedApk.java:1997)
09-07 14:26:57.412  3154  3154 W CAR.L   : 	at android.app.LoadedApk$ServiceDispatcher$RunConnection.run(LoadedApk.java:2012)
09-07 14:26:57.412  3154  3154 W CAR.L   : 	at android.os.Handler.handleCallback(Handler.java:938)
09-07 14:26:57.412  3154  3154 W CAR.L   : 	at android.os.Handler.dispatchMessage(Handler.java:99)
09-07 14:26:57.412  3154  3154 W CAR.L   : 	at android.os.Looper.loop(Looper.java:223)
09-07 14:26:57.412  3154  3154 W CAR.L   : 	at android.app.ActivityThread.main(ActivityThread.java:7664)
09-07 14:26:57.412  3154  3154 W CAR.L   : 	at java.lang.reflect.Method.invoke(Native Method)
09-07 14:26:57.412  3154  3154 W CAR.L   : 	at com.android.internal.os.RuntimeInit$MethodAndArgsCaller.run(RuntimeInit.java:592)
09-07 14:26:57.412  3154  3154 W CAR.L   : 	at com.android.internal.os.ZygoteInit.main(ZygoteInit.java:947)
09-07 14:26:57.412  1755  1755 D WifiS2RHandler: Car Service is disconnected
09-07 14:26:57.412  3154  3154 I MediaCoreService: CarWatchDogMonitor__onServiceDisconnected
09-07 14:26:57.413  1755  1755 D WifiS2RHandler: Unregistering Car power service
09-07 14:26:57.413  1683  1683 I iAP2Service: IAPCarManager  Car Service is Connected: false
09-07 14:26:57.413  2922  2922 W CAR.L   : **Car service has crashed. Client(com.harman.usb.handler,HarmanUsbService) is not handling it. Client should use Car.createCar(..., CarServiceLifecycleListener, ...) to handle it properly. Check pritned callstack to check where other version of Car.createCar() was called. Killing the client process**
09-07 14:26:57.413  2922  2922 W CAR.L   : java.lang.RuntimeException
09-07 14:26:57.413  2922  2922 W CAR.L   : 	at android.car.Car.<init>(Car.java:1287)
09-07 14:26:57.413  2922  2922 W CAR.L   : 	at android.car.Car.createCar(Car.java:1079)
09-07 14:26:57.413  2922  2922 W CAR.L   : 	at android.car.Car.createCar(Car.java:1051)
09-07 14:26:57.413  2922  2922 W CAR.L   : 	at com.harman.usb.handler.AdbConfigManager.<init>(AdbConfigManager.java:64)
09-07 14:26:57.413  2922  2922 W CAR.L   : 	at com.harman.usb.handler.HarmanUsbService.onCreate(HarmanUsbService.java:167)
09-07 14:26:57.413  2922  2922 W CAR.L   : 	at android.app.ActivityThread.handleCreateService(ActivityThread.java:4186)
09-07 14:26:57.413  2922  2922 W CAR.L   : 	at android.app.ActivityThread.access$1500(ActivityThread.java:237)
09-07 14:26:57.413  2922  2922 W CAR.L   : 	at android.app.ActivityThread$H.handleMessage(ActivityThread.java:1932)
09-07 14:26:57.413  2922  2922 W CAR.L   : 	at android.os.Handler.dispatchMessage(Handler.java:106)
09-07 14:26:57.413  2922  2922 W CAR.L   : 	at android.os.Looper.loop(Looper.java:223)
09-07 14:26:57.413  2922  2922 W CAR.L   : 	at android.app.ActivityThread.main(ActivityThread.java:7664)
09-07 14:26:57.413  2922  2922 W CAR.L   : 	at java.lang.reflect.Method.invoke(Native Method)
09-07 14:26:57.413  2922  2922 W CAR.L   : 	at com.android.internal.os.RuntimeInit$MethodAndArgsCaller.run(RuntimeInit.java:592)
09-07 14:26:57.413  2922  2922 W CAR.L   : 	at com.android.internal.os.ZygoteInit.main(ZygoteInit.java:947)
09-07 14:26:57.413  3394  3394 E CarLatinIME: CarService: onServiceDisconnedted ComponentInfo{com.android.car/com.android.car.CarService}
09-07 14:26:57.413  2922  2922 I Process : Sending signal. PID: 2922 SIG: 9
09-07 14:26:57.413  1755  1755 W CAR.L   : Car service has crashed
09-07 14:26:57.413  1755  1755 W CAR.L   : android.os.DeadObjectException
09-07 14:26:57.413  1755  1755 W CAR.L   : 	at android.os.BinderProxy.transactNative(Native Method)
09-07 14:26:57.413  1755  1755 W CAR.L   : 	at android.os.BinderProxy.transact(BinderProxy.java:550)
09-07 14:26:57.413  1755  1755 W CAR.L   : 	at android.car.hardware.power.ICarPower$Stub$Proxy.unregisterListener(ICarPower.java:183)
09-07 14:26:57.413  1755  1755 W CAR.L   : 	at android.car.hardware.power.CarPowerManager.clearListener(CarPowerManager.java:291)
09-07 14:26:57.413  1755  1755 W CAR.L   : 	at com.harman.server.wifi.WifiS2RHandler.unregisterCarService(WifiS2RHandler.java:184)
09-07 14:26:57.413  1755  1755 W CAR.L   : 	at com.harman.server.wifi.WifiS2RHandler$1.onServiceDisconnected(WifiS2RHandler.java:156)
09-07 14:26:57.413  1755  1755 W CAR.L   : 	at android.car.Car$3.onServiceDisconnected(Car.java:964)
09-07 14:26:57.413  1755  1755 W CAR.L   : 	at android.app.LoadedApk$ServiceDispatcher.doDeath(LoadedApk.java:1997)
09-07 14:26:57.413  1755  1755 W CAR.L   : 	at android.app.LoadedApk$ServiceDispatcher$RunConnection.run(LoadedApk.java:2012)
09-07 14:26:57.413  1755  1755 W CAR.L   : 	at android.os.Handler.handleCallback(Handler.java:938)
09-07 14:26:57.413  1755  1755 W CAR.L   : 	at android.os.Handler.dispatchMessage(Handler.java:99)
09-07 14:26:57.413  1755  1755 W CAR.L   : 	at android.os.Looper.loop(Looper.java:223)
09-07 14:26:57.413  1755  1755 W CAR.L   : 	at android.app.ActivityThread.main(ActivityThread.java:7664)
09-07 14:26:57.413  1755  1755 W CAR.L   : 	at java.lang.reflect.Method.invoke(Native Method)
09-07 14:26:57.413  1755  1755 W CAR.L   : 	at com.android.internal.os.RuntimeInit$MethodAndArgsCaller.run(RuntimeInit.java:592)
09-07 14:26:57.413  1755  1755 W CAR.L   : 	at com.android.internal.os.ZygoteInit.main(ZygoteInit.java:947)
09-07 14:26:57.413  2584  2584 D CarProxy: Car is disconnected!!!
09-07 14:26:57.413  2360  2360 W CAR.L   : **Car service has crashed. Client(com.harman.car,BluetoothDtcNotificationService) is not handling it. Client should use Car.createCar(..., CarServiceLifecycleListener, ...) to handle it properly. Check pritned callstack to check where other version of Car.createCar() was called. Killing the client process**
09-07 14:26:57.413  2360  2360 W CAR.L   : java.lang.RuntimeException
09-07 14:26:57.413  2360  2360 W CAR.L   : 	at android.car.Car.<init>(Car.java:1287)
09-07 14:26:57.413  2360  2360 W CAR.L   : 	at android.car.Car.createCar(Car.java:1079)
09-07 14:26:57.413  2360  2360 W CAR.L   : 	at com.harman.car.HarmanCarWatchdogClient.<init>(HarmanCarWatchdogClient.java:95)
09-07 14:26:57.413  2360  2360 W CAR.L   : 	at com.harman.car.HarmanCarWatchdogClient.getInstance(HarmanCarWatchdogClient.java:84)
09-07 14:26:57.413  2360  2360 W CAR.L   : 	at com.harman.car.BluetoothDtcNotificationService.onCreate(BluetoothDtcNotificationService.java:68)
09-07 14:26:57.413  2360  2360 W CAR.L   : 	at android.app.ActivityThread.handleCreateService(ActivityThread.java:4186)
09-07 14:26:57.413  2360  2360 W CAR.L   : 	at android.app.ActivityThread.access$1500(ActivityThread.java:237)
09-07 14:26:57.413  2360  2360 W CAR.L   : 	at android.app.ActivityThread$H.handleMessage(ActivityThread.java:1932)
09-07 14:26:57.413  2360  2360 W CAR.L   : 	at android.os.Handler.dispatchMessage(Handler.java:106)
09-07 14:26:57.413  2360  2360 W CAR.L   : 	at android.os.Looper.loop(Looper.java:223)
09-07 14:26:57.413  2360  2360 W CAR.L   : 	at android.app.ActivityThread.main(ActivityThread.java:7664)
09-07 14:26:57.413  2360  2360 W CAR.L   : 	at java.lang.reflect.Method.invoke(Native Method)
09-07 14:26:57.413  2360  2360 W CAR.L   : 	at com.android.internal.os.RuntimeInit$MethodAndArgsCaller.run(RuntimeInit.java:592)
09-07 14:26:57.413  2360  2360 W CAR.L   : 	at com.android.internal.os.ZygoteInit.main(ZygoteInit.java:947)
09-07 14:26:57.413  1572  1572 W CAR.L   : **Car service has crashed. Client(com.android.experimentalcar,ExperimentalCarService) is not handling it. Client should use Car.createCar(..., CarServiceLifecycleListener, ...) to handle it properly. Check pritned callstack to check where other version of Car.createCar() was called. Killing the client process**
09-07 14:26:57.413  1572  1572 W CAR.L   : java.lang.RuntimeException
09-07 14:26:57.413  1572  1572 W CAR.L   : 	at android.car.Car.<init>(Car.java:1287)
09-07 14:26:57.413  1572  1572 W CAR.L   : 	at android.car.Car.createCar(Car.java:1079)
09-07 14:26:57.413  1572  1572 W CAR.L   : 	at android.car.Car.createCar(Car.java:1051)
09-07 14:26:57.413  1572  1572 W CAR.L   : 	at com.android.experimentalcar.ExperimentalCarService.onCreate(ExperimentalCarService.java:39)
09-07 14:26:57.413  1572  1572 W CAR.L   : 	at android.app.ActivityThread.handleCreateService(ActivityThread.java:4186)
09-07 14:26:57.413  1572  1572 W CAR.L   : 	at android.app.ActivityThread.access$1500(ActivityThread.java:237)
09-07 14:26:57.413  1572  1572 W CAR.L   : 	at android.app.ActivityThread$H.handleMessage(ActivityThread.java:1932)
09-07 14:26:57.413  1572  1572 W CAR.L   : 	at android.os.Handler.dispatchMessage(Handler.java:106)
09-07 14:26:57.413  1572  1572 W CAR.L   : 	at android.os.Looper.loop(Looper.java:223)
09-07 14:26:57.413  1572  1572 W CAR.L   : 	at android.app.ActivityThread.main(ActivityThread.java:7664)
09-07 14:26:57.413  1572  1572 W CAR.L   : 	at java.lang.reflect.Method.invoke(Native Method)
09-07 14:26:57.413  1572  1572 W CAR.L   : 	at com.android.internal.os.RuntimeInit$MethodAndArgsCaller.run(RuntimeInit.java:592)
09-07 14:26:57.413  1572  1572 W CAR.L   : 	at com.android.internal.os.ZygoteInit.main(ZygoteInit.java:947)
09-07 14:26:57.413  2360  2360 I Process : Sending signal. PID: 2360 SIG: 9
09-07 14:26:57.414  1572  1572 I Process : Sending signal. PID: 1572 SIG: 9
09-07 14:26:57.415   472   472 I chatty  : uid=0(root) main expire 2 lines
09-07 14:26:57.415  3033  3033 W CAR.L   : Car service has crashed
09-07 14:26:57.415  3033  3033 W CAR.L   : android.os.DeadObjectException
09-07 14:26:57.415  3033  3033 W CAR.L   : 	at android.os.BinderProxy.transactNative(Native Method)
09-07 14:26:57.415  3033  3033 W CAR.L   : 	at android.os.BinderProxy.transact(BinderProxy.java:550)
09-07 14:26:57.415  3033  3033 W CAR.L   : 	at android.car.media.ICarAudio$Stub$Proxy.unregisterVolumeCallback(ICarAudio.java:834)
09-07 14:26:57.415  3033  3033 W CAR.L   : 	at android.car.media.CarAudioManager.unregisterVolumeCallback(CarAudioManager.java:650)
09-07 14:26:57.415  3033  3033 W CAR.L   : 	at android.car.media.CarAudioManager.onCarDisconnected(CarAudioManager.java:599)
09-07 14:26:57.415  3033  3033 W CAR.L   : 	at android.car.Car.tearDownCarManagersLocked(Car.java:1821)
09-07 14:26:57.415  3033  3033 W CAR.L   : 	at android.car.Car.handleCarDisconnectLocked(Car.java:1342)
09-07 14:26:57.415  3033  3033 W CAR.L   : 	at android.car.Car.access$800(Car.java:95)
09-07 14:26:57.415  3033  3033 W CAR.L   : 	at android.car.Car$3.onServiceDisconnected(Car.java:959)
09-07 14:26:57.415  3033  3033 W CAR.L   : 	at android.app.LoadedApk$ServiceDispatcher.doDeath(LoadedApk.java:1997)
09-07 14:26:57.415  3033  3033 W CAR.L   : 	at android.app.LoadedApk$ServiceDispatcher$RunConnection.run(LoadedApk.java:2012)
09-07 14:26:57.415  3033  3033 W CAR.L   : 	at android.os.Handler.handleCallback(Handler.java:938)
09-07 14:26:57.415  3033  3033 W CAR.L   : 	at android.os.Handler.dispatchMessage(Handler.java:99)
09-07 14:26:57.415  3033  3033 W CAR.L   : 	at android.os.Looper.loop(Looper.java:223)
09-07 14:26:57.415  3033  3033 W CAR.L   : 	at android.app.ActivityThread.main(ActivityThread.java:7664)
09-07 14:26:57.415  3033  3033 W CAR.L   : 	at java.lang.reflect.Method.invoke(Native Method)
09-07 14:26:57.415  3033  3033 W CAR.L   : 	at com.android.internal.os.RuntimeInit$MethodAndArgsCaller.run(RuntimeInit.java:592)
09-07 14:26:57.415  3033  3033 W CAR.L   : 	at com.android.internal.os.ZygoteInit.main(ZygoteInit.java:947)
09-07 14:26:57.416  2942  2942 W CAR.L   : **Car service has crashed. Client(com.harman.car,BluetoothDtcNotificationService) is not handling it. Client should use Car.createCar(..., CarServiceLifecycleListener, ...) to handle it properly. Check pritned callstack to check where other version of Car.createCar() was called. Killing the client process**
09-07 14:26:57.416  2942  2942 W CAR.L   : java.lang.RuntimeException
09-07 14:26:57.416  2942  2942 W CAR.L   : 	at android.car.Car.<init>(Car.java:1287)
09-07 14:26:57.416  2942  2942 W CAR.L   : 	at android.car.Car.createCar(Car.java:1079)
09-07 14:26:57.416  2942  2942 W CAR.L   : 	at com.harman.car.HarmanCarWatchdogClient.<init>(HarmanCarWatchdogClient.java:95)
09-07 14:26:57.416  2942  2942 W CAR.L   : 	at com.harman.car.HarmanCarWatchdogClient.getInstance(HarmanCarWatchdogClient.java:84)
09-07 14:26:57.416  2942  2942 W CAR.L   : 	at com.harman.car.BluetoothDtcNotificationService.onCreate(BluetoothDtcNotificationService.java:68)
09-07 14:26:57.416  2942  2942 W CAR.L   : 	at android.app.ActivityThread.handleCreateService(ActivityThread.java:4186)
09-07 14:26:57.416  2942  2942 W CAR.L   : 	at android.app.ActivityThread.access$1500(ActivityThread.java:237)
09-07 14:26:57.416  2942  2942 W CAR.L   : 	at android.app.ActivityThread$H.handleMessage(ActivityThread.java:1932)
09-07 14:26:57.416  2942  2942 W CAR.L   : 	at android.os.Handler.dispatchMessage(Handler.java:106)
09-07 14:26:57.416  2942  2942 W CAR.L   : 	at android.os.Looper.loop(Looper.java:223)
09-07 14:26:57.416  2942  2942 W CAR.L   : 	at android.app.ActivityThread.main(ActivityThread.java:7664)
09-07 14:26:57.416  2942  2942 W CAR.L   : 	at java.lang.reflect.Method.invoke(Native Method)
09-07 14:26:57.416  2942  2942 W CAR.L   : 	at com.android.internal.os.RuntimeInit$MethodAndArgsCaller.run(RuntimeInit.java:592)
09-07 14:26:57.416  2942  2942 W CAR.L   : 	at com.android.internal.os.ZygoteInit.main(ZygoteInit.java:947)
09-07 14:26:57.416  2942  2942 I Process : Sending signal. PID: 2942 SIG: 9
09-07 14:26:57.416  1033  1625 I ActivityManager: Process com.android.car (pid 1326) has died: pers PER 
09-07 14:26:57.416  3033  3033 I MediaModeService: Car is disconnected
09-07 14:26:57.418  4341  4341 W CarUxRestrictionsUtil: Car service disconnected, assuming fully restricted uxr
09-07 14:26:57.418  1033  1625 I ActivityManager: Killing 2922:com.harman.usb.handler/u10s1000 (adj 999): empty #17
09-07 14:26:57.418  1033  1625 I ActivityManager: Killing 1558:com.android.car/u10s1000 (adj 999): empty #18
09-07 14:26:57.419   536   536 I chatty  : uid=0(root) vendor.harman.p expire 1 line
09-07 14:26:57.419  3033  3033 W CAR.L   : Car service has crashed
09-07 14:26:57.419  3033  3033 W CAR.L   : android.os.DeadObjectException
09-07 14:26:57.419  3033  3033 W CAR.L   : 	at android.os.BinderProxy.transactNative(Native Method)
09-07 14:26:57.419  3033  3033 W CAR.L   : 	at android.os.BinderProxy.transact(BinderProxy.java:550)
09-07 14:26:57.419  3033  3033 W CAR.L   : 	at android.car.media.ICarMedia$Stub$Proxy.unregisterMediaSourceListener(ICarMedia.java:276)
09-07 14:26:57.419  3033  3033 W CAR.L   : 	at android.car.media.CarMediaManager.removeMediaSourceListener(CarMediaManager.java:149)
09-07 14:26:57.419  3033  3033 W CAR.L   : 	at com.harman.mediamodeservice.lastmediasource.LastMediaSourceManager.removeMediaSourceListener(LastMediaSourceManager.java:268)
09-07 14:26:57.419  3033  3033 W CAR.L   : 	at com.harman.mediamodeservice.lastmediasource.LastMediaSourceManager.access$1500(LastMediaSourceManager.java:28)
09-07 14:26:57.419  3033  3033 W CAR.L   : 	at com.harman.mediamodeservice.lastmediasource.LastMediaSourceManager$10.onServiceDisconnected(LastMediaSourceManager.java:254)
09-07 14:26:57.419  3033  3033 W CAR.L   : 	at com.harman.mediamodeservice.carserviceproxy.CarServiceProxy$2.onServiceDisconnected(CarServiceProxy.java:130)
09-07 14:26:57.419  3033  3033 W CAR.L   : 	at android.car.Car$3.onServiceDisconnected(Car.java:964)
09-07 14:26:57.419  3033  3033 W CAR.L   : 	at android.app.LoadedApk$ServiceDispatcher.doDeath(LoadedApk.java:1997)
09-07 14:26:57.419  3033  3033 W CAR.L   : 	at android.app.LoadedApk$ServiceDispatcher$RunConnection.run(LoadedApk.java:2012)
09-07 14:26:57.419  3033  3033 W CAR.L   : 	at android.os.Handler.handleCallback(Handler.java:938)
09-07 14:26:57.419  3033  3033 W CAR.L   : 	at android.os.Handler.dispatchMessage(Handler.java:99)
09-07 14:26:57.419  3033  3033 W CAR.L   : 	at android.os.Looper.loop(Looper.java:223)
09-07 14:26:57.419  3033  3033 W CAR.L   : 	at android.app.ActivityThread.main(ActivityThread.java:7664)
09-07 14:26:57.419  3033  3033 W CAR.L   : 	at java.lang.reflect.Method.invoke(Native Method)
09-07 14:26:57.419  3033  3033 W CAR.L   : 	at com.android.internal.os.RuntimeInit$MethodAndArgsCaller.run(RuntimeInit.java:592)
09-07 14:26:57.419  3033  3033 W CAR.L   : 	at com.android.internal.os.ZygoteInit.main(ZygoteInit.java:947)
09-07 14:26:57.419  1033  1625 I ActivityManager: Killing 2317:android.car.cluster/u0a63 (adj 999): empty #19
09-07 14:26:57.420 10939 10939 W CAR.L   : Car service has crashed
09-07 14:26:57.420 10939 10939 W CAR.L   : android.os.DeadObjectException
09-07 14:26:57.420 10939 10939 W CAR.L   : 	at android.os.BinderProxy.transactNative(Native Method)
09-07 14:26:57.420 10939 10939 W CAR.L   : 	at android.os.BinderProxy.transact(BinderProxy.java:550)
09-07 14:26:57.420 10939 10939 W CAR.L   : 	at android.car.media.ICarAudio$Stub$Proxy.unregisterVolumeCallback(ICarAudio.java:834)
09-07 14:26:57.420 10939 10939 W CAR.L   : 	at android.car.media.CarAudioManager.unregisterVolumeCallback(CarAudioManager.java:650)
09-07 14:26:57.420 10939 10939 W CAR.L   : 	at android.car.media.CarAudioManager.onCarDisconnected(CarAudioManager.java:599)
09-07 14:26:57.420 10939 10939 W CAR.L   : 	at android.car.Car.tearDownCarManagersLocked(Car.java:1821)
09-07 14:26:57.420 10939 10939 W CAR.L   : 	at android.car.Car.handleCarDisconnectLocked(Car.java:1342)
09-07 14:26:57.420 10939 10939 W CAR.L   : 	at android.car.Car.access$800(Car.java:95)
09-07 14:26:57.420 10939 10939 W CAR.L   : 	at android.car.Car$3.onServiceDisconnected(Car.java:959)
09-07 14:26:57.420 10939 10939 W CAR.L   : 	at android.app.LoadedApk$ServiceDispatcher.doDeath(LoadedApk.java:1997)
09-07 14:26:57.420 10939 10939 W CAR.L   : 	at android.app.LoadedApk$ServiceDispatcher$RunConnection.run(LoadedApk.java:2012)
09-07 14:26:57.420 10939 10939 W CAR.L   : 	at android.os.Handler.handleCallback(Handler.java:938)
09-07 14:26:57.420 10939 10939 W CAR.L   : 	at android.os.Handler.dispatchMessage(Handler.java:99)
09-07 14:26:57.420 10939 10939 W CAR.L   : 	at android.os.Looper.loop(Looper.java:223)
09-07 14:26:57.420 10939 10939 W CAR.L   : 	at android.app.ActivityThread.main(ActivityThread.java:7664)
09-07 14:26:57.420 10939 10939 W CAR.L   : 	at java.lang.reflect.Method.invoke(Native Method)
09-07 14:26:57.420 10939 10939 W CAR.L   : 	at com.android.internal.os.RuntimeInit$MethodAndArgsCaller.run(RuntimeInit.java:592)
09-07 14:26:57.420 10939 10939 W CAR.L   : 	at com.android.internal.os.ZygoteInit.main(ZygoteInit.java:947)
09-07 14:26:57.425  4065  4065 W CAR.L   : **Car service has crashed. Client(null) is not handling it. Client should use Car.createCar(..., CarServiceLifecycleListener, ...) to handle it properly. Check pritned callstack to check where other version of Car.createCar() was called. Killing the client process**
09-07 14:26:57.425  4065  4065 W CAR.L   : java.lang.RuntimeException
09-07 14:26:57.425  4065  4065 W CAR.L   : 	at android.car.Car.<init>(Car.java:1287)
09-07 14:26:57.425  4065  4065 W CAR.L   : 	at android.car.Car.createCar(Car.java:1079)
09-07 14:26:57.425  4065  4065 W CAR.L   : 	at android.car.Car.createCar(Car.java:1051)
09-07 14:26:57.425  4065  4065 W CAR.L   : 	at com.harman.vpa.speechimpl.VPACommonImpl.lambda$connectToCarService$0(VPACommonImpl.java:104)
09-07 14:26:57.425  4065  4065 W CAR.L   : 	at com.harman.vpa.speechimpl.-$$Lambda$VPACommonImpl$IbWVjAkkX8hNOVGjhN1tneqIKIY.run(Unknown Source:2)
09-07 14:26:57.425  4065  4065 W CAR.L   : 	at java.util.concurrent.Executors$RunnableAdapter.call(Executors.java:462)
09-07 14:26:57.425  4065  4065 W CAR.L   : 	at java.util.concurrent.FutureTask.run(FutureTask.java:266)
09-07 14:26:57.425  4065  4065 W CAR.L   : 	at java.util.concurrent.ThreadPoolExecutor.runWorker(ThreadPoolExecutor.java:1167)
09-07 14:26:57.425  4065  4065 W CAR.L   : 	at java.util.concurrent.ThreadPoolExecutor$Worker.run(ThreadPoolExecutor.java:641)
09-07 14:26:57.425  4065  4065 W CAR.L   : 	at java.lang.Thread.run(Thread.java:923)
09-07 14:26:57.425  4065  4065 I Process : Sending signal. PID: 4065 SIG: 9
09-07 14:26:57.426  1033  1625 W ActivityManager: Scheduling restart of crashed service com.android.car/.CarService in 0ms for persistent
09-07 14:26:57.427  1033  1625 W ActivityManager: Re-adding persistent process ProcessRecord{4ab80e6 1326:com.android.car/1000}
09-07 14:26:57.427  1033  1625 D CompatibilityChangeReporter: Compat change id reported: 135634846; UID 1000; state: DISABLED
09-07 14:26:57.428  1033  1625 D CompatibilityChangeReporter: Compat change id reported: 135754954; UID 1000; state: ENABLED
09-07 14:26:57.473   538   618 W ipcLib  : ipcLib: in ipc_lib. DV1 read called
09-07 14:26:57.478  1033  1067 W ActivityManager: Slow operation: 51ms so far, now at startProcess: returned from zygote!
09-07 14:26:57.478  1033  1067 W ActivityManager: Slow operation: 51ms so far, now at startProcess: done updating battery stats
09-07 14:26:57.478  1033  1067 W ActivityManager: Slow operation: 51ms so far, now at startProcess: building log message
09-07 14:26:57.479  1033  1067 I ActivityManager: Start proc 12011:com.android.car/1000 for restart com.android.car
09-07 14:26:57.479  1033  1067 W ActivityManager: Slow operation: 51ms so far, now at startProcess: starting to update pids map
09-07 14:26:57.479  1033  1067 W ActivityManager: Slow operation: 52ms so far, now at startProcess: done updating pids map
09-07 14:26:57.481   472   472 I chatty  : uid=0(root) main expire 4 lines
09-07 14:26:57.487 12011 12011 I chatty  : uid=1000(system) com.android.car expire 117 lines
09-07 14:26:57.487   532   532 W VPS     : serviceDied:client died 1149960688
09-07 14:26:57.488   472 12012 I chatty  : uid=0(root) main expire 1 line
09-07 14:26:57.490 12011 12011 I chatty  : uid=0(root) com.android.car expire 1 line
09-07 14:26:57.491  1033  1625 I ActivityManager: Process com.harman.car (pid 2360) has died: pers PER 
09-07 14:26:57.493  1033  1625 W ActivityManager: Scheduling restart of crashed service com.harman.car/.BluetoothDtcNotificationService in 0ms for persistent
09-07 14:26:57.494  1033  1625 W ActivityManager: Re-adding persistent process ProcessRecord{df77948 2360:com.harman.car/u0a65}
09-07 14:26:57.497  1033  1625 D CompatibilityChangeReporter: Compat change id reported: 135634846; UID 10065; state: DISABLED
09-07 14:26:57.498  1033  1625 D CompatibilityChangeReporter: Compat change id reported: 135754954; UID 10065; state: ENABLED
09-07 14:26:57.499  1033  1067 D CompatibilityChangeReporter: Compat change id reported: 143937733; UID 10065; state: ENABLED
09-07 14:26:57.502  1033 12017 I ActivityManager: Process com.android.experimentalcar (pid 1572) has died: fg  SVC 
09-07 14:26:57.504  1033  1033 I ActivityManager: dumpStackTraces pids=null nativepids=[512, 528, 561, 516, 517, 535, 903, 519, 423, 538, 911, 398, 470, 471, 576, 582, 868, 878, 890, 891, 893, 903, 911, 2584]
09-07 14:26:57.505  1033  1033 I ActivityManager: Dumping to /data/anr/anr_2021-09-07-14-26-57-504
09-07 14:26:57.506  1033  1033 I ActivityManager: Collecting stacks for pid 1033
09-07 14:26:57.509  1708 12002 I KPI_Marker: [122.082000] [HarmanUsbHandlerManager] Notifying Service Died Client Listeners: com.harman.connectivity.androidauto.application.internals
09-07 14:26:57.509  3154  3190 I KPI_Marker: [122.082000] [HarmanUsbHandlerManager] Notifying Service Died Client Listeners: com.harman.mediacoreservice.sourcemanager
09-07 14:26:57.509  1635 12009 I KPI_Marker: [122.082000] [HarmanUsbHandlerManager] Notifying Service Died Client Listeners: com.harman.DCSM
09-07 14:26:57.509  1683  1715 I KPI_Marker: [122.082000] [HarmanUsbHandlerManager] Notifying Service Died Client Listeners: com.harman.connectivity.iap2service
09-07 14:26:57.512   512  1084 I chatty  : uid=1041(audioserver) HwBinder:512_4 expire 6 lines
09-07 14:26:57.518   463   463 I tombstoned: registered intercept for pid 1033 and type kDebuggerdJavaBacktrace
09-07 14:26:57.519  1033  1039 I chatty  : uid=1000(system) Signal Catcher expire 5 lines
09-07 14:26:57.520  1033  1629 D ConnectivityService: ConnectivityService NetworkRequestInfo binderDied(NetworkRequest [ LISTEN id=23, [ Transports: CELLULAR|WIFI|BLUETOOTH|ETHERNET|VPN|WIFI_AWARE|LOWPAN Capabilities: NOT_RESTRICTED&TRUSTED&NOT_VPN&FOREGROUND Uid: 1001000 AdministratorUids: [] RequestorUid: 1001000 RequestorPackageName: com.harman.vpa] ], android.os.BinderProxy@b545f4d)
09-07 14:26:57.523  4787  4787 I TextToSpeech: Asked to disconnect from ComponentInfo{com.harman.vpa/com.harman.vpa.assistant.core.impl.tts.TtsServiceImpl}
09-07 14:26:57.524 10939 10939 D CarVPAController: VPAManager onServiceDisconnected
09-07 14:26:57.527 12039 12039 I chatty  : uid=0(root) com.harman.car expire 1 line
09-07 14:26:57.527   472   472 I chatty  : uid=0(root) main expire 3 lines
09-07 14:26:57.531 12039 12039 I chatty  : uid=0(root) com.harman.car expire 2 lines
09-07 14:26:57.542  1033  1431 I ActivityManager: Process com.harman.car (pid 2942) has died: svc SVC 
09-07 14:26:57.545  1033  1431 W ActivityManager: Scheduling restart of crashed service com.harman.car/.HarmanCarBluetoothPowerModeHandler in 0ms for persistent
09-07 14:26:57.547  1033  1431 W ActivityManager: Scheduling restart of crashed service com.harman.car/.BluetoothDtcNotificationService in 0ms for persistent
09-07 14:26:57.547  4909  4914 I chatty  : uid=0(root) jdwp control expire 2 lines
09-07 14:26:57.555  1033  1064 D CompatibilityChangeReporter: Compat change id reported: 135634846; UID 1010065; state: DISABLED
09-07 14:26:57.555  1033  1064 D CompatibilityChangeReporter: Compat change id reported: 135754954; UID 1010065; state: ENABLED
09-07 14:26:57.560  1033 11998 I ActivityManager: Process com.harman.vpa (pid 4065) has died: vis FGS 
09-07 14:26:57.565  1033 11998 W ActivityManager: Scheduling restart of crashed service com.harman.vpa/.TitanVPAService in 1000ms for start-requested
09-07 14:26:57.566  1033 11998 W ActivityManager: Scheduling restart of crashed service com.harman.vpa/.assistant.core.impl.tts.TtsServiceImpl in 10999ms for connection
09-07 14:26:57.578  1033  1067 W ActivityManager: Slow operation: 82ms so far, now at startProcess: done updating battery stats
09-07 14:26:57.578  1033  1067 W ActivityManager: Slow operation: 83ms so far, now at startProcess: building log message
09-07 14:26:57.579  1033  1067 I ActivityManager: Start proc 12039:com.harman.car/u0a65 for restart com.harman.car
09-07 14:26:57.579  1033  1067 W ActivityManager: Slow operation: 84ms so far, now at startProcess: starting to update pids map
09-07 14:26:57.580  1033  1067 W ActivityManager: Slow operation: 85ms so far, now at startProcess: done updating pids map
09-07 14:26:57.582  1033  1067 D CompatibilityChangeReporter: Compat change id reported: 143937733; UID 1010065; state: ENABLED
09-07 14:26:57.612 12039 12039 I com.harman.car: The ClassLoaderContext is a special shared library.
09-07 14:26:57.613   472   472 I chatty  : uid=0(root) main expire 1 line
09-07 14:26:57.617  1033  1067 W ActivityManager: Slow operation: 64ms so far, now at startProcess: returned from zygote!
09-07 14:26:57.618  1033  1067 W ActivityManager: Slow operation: 65ms so far, now at startProcess: done updating battery stats
09-07 14:26:57.618  1033  1067 W ActivityManager: Slow operation: 65ms so far, now at startProcess: building log message
09-07 14:26:57.618  1033  1067 I ActivityManager: Start proc 12067:com.harman.car/u10a65 for service {com.harman.car/com.harman.car.HarmanCarBluetoothPowerModeHandler}
09-07 14:26:57.618  1033  1067 W ActivityManager: Slow operation: 65ms so far, now at startProcess: starting to update pids map
09-07 14:26:57.619  1033  1067 W ActivityManager: Slow operation: 65ms so far, now at startProcess: done updating pids map
09-07 14:26:57.626 12067 12067 I chatty  : uid=0(root) com.harman.car expire 1 line
09-07 14:26:57.628 12039 12039 D NetworkSecurityConfig: No Network Security Config specified, using platform default
09-07 14:26:57.643  4909  4914 I chatty  : uid=0(root) jdwp control expire 2 lines
09-07 14:26:57.644 12039 12039 D NetworkSecurityConfig: No Network Security Config specified, using platform default
09-07 14:26:57.737  1033  1184 I chatty  : uid=1000(system) hidl_ssvc_poll expire 1 line
09-07 14:26:57.832 12067 12067 I com.harman.car: The ClassLoaderContext is a special shared library.
09-07 14:26:57.852 12067 12067 D NetworkSecurityConfig: No Network Security Config specified, using platform default
09-07 14:26:57.853 12067 12067 D NetworkSecurityConfig: No Network Security Config specified, using platform default
09-07 14:26:57.869 12067 12067 D BluetoothHeadsetClient: Binding service...
09-07 14:26:57.872   538   538 I automotive.vehicle@2.0-impl: getAllPropConfigs called
09-07 14:26:57.875 12067 12067 D BluetoothPbapClient: Binding service...
09-07 14:26:57.881 12067 12067 D BluetoothA2dpSink: Binding service...
09-07 14:26:57.887 12067 12067 D BluetoothMapClient: Binding service...
09-07 14:26:57.893 12067 12067 D BluetoothPan: Binding service...
09-07 14:26:57.903   528  2892 I bt_vendor: set_wake_state
09-07 14:26:57.905 12067 12067 I android_os_HwBinder: HwBinder: Starting thread pool for getting: vendor.harman.hardware.vps@2.0::IVps/default
09-07 14:26:57.909 12067 12067 I CarBTPowerModeHandler: registering PM_BT Callback status 0
09-07 14:26:57.910 12067 12067 D CarBTPowerModeHandler: onStartCommand intent=null
09-07 14:26:57.920  3033  3033 I MediaModeService: connect Car again
09-07 14:26:57.995   463   463 I tombstoned: received crash request for pid 1033
09-07 14:26:57.995   463   463 I tombstoned: found intercept fd 512 for pid 1033 and type kDebuggerdJavaBacktrace
09-07 14:26:58.007  1033  1033 I ActivityManager: Collecting stacks for native pid 512
09-07 14:26:58.009   463   463 I tombstoned: registered intercept for pid 512 and type kDebuggerdNativeBacktrace
09-07 14:26:58.009  1635  1635 I KPI_Marker: [122.582000] [HarmanUsbHandlerManager] Clients Requested For Service Connection Registration are : com.harman.DCSM
09-07 14:26:58.009  1708  1708 I KPI_Marker: [122.582000] [HarmanUsbHandlerManager] Clients Requested For Service Connection Registration are : com.harman.connectivity.androidauto.application.internals
09-07 14:26:58.011  1683  1683 I KPI_Marker: [122.584000] [HarmanUsbHandlerManager] Clients Requested For Service Connection Registration are : com.harman.connectivity.iap2service
09-07 14:26:58.013  1708  1708 I KPI_Marker: [122.585000] [HarmanUsbHandlerManager] Initiating thread to notify listeners
09-07 14:26:58.015  1635  1635 I KPI_Marker: [122.588000] [HarmanUsbHandlerManager] Initiating thread to notify listeners
09-07 14:26:58.018  1683  1683 I KPI_Marker: [122.590000] [HarmanUsbHandlerManager] Initiating thread to notify listeners
09-07 14:26:58.061 12011 12011 I ICarImpl: VehicleHal.init
09-07 14:26:58.062   538   538 I automotive.vehicle@2.0-impl: SubscriptionManager::addOrUpdateSubscription, callback: 0xb400007c1fd469b0
09-07 14:26:58.062   538   538 I automotive.vehicle@2.0-impl: Creating new client and linking to death recipient, cookie: 0xb400007befd45cf0
09-07 14:26:58.062   538   538 I automotive.vehicle@2.0-impl: SubscriptionManager::addOrUpdateSubscription, prop: 0x11410a00
09-07 14:26:58.062   538   538 I automotive.vehicle@2.0-impl: addOrUpdateSubscription opts.propId: 0x11410a00
09-07 14:26:58.062   538   538 I automotive.vehicle@2.0-impl: SubscriptionManager::addOrUpdateSubscription, callback: 0xb400007c1fd474f0
09-07 14:26:58.062   538   538 I automotive.vehicle@2.0-impl: SubscriptionManager::addOrUpdateSubscription, prop: 0x11400a03
09-07 14:26:58.062   538   538 I automotive.vehicle@2.0-impl: addOrUpdateSubscription opts.propId: 0x11400a03
09-07 14:26:58.064 12011 12011 D VehicleHalTiming: VehicleHal.init took to complete: 3ms
09-07 14:26:58.064 12011 12011 I ICarImpl: CarService.initAllServices
09-07 14:26:58.070 12011 12111 I CAR.POWER: doHandlePowerStateChange: newState=WAIT_FOR_VHAL(0)
09-07 14:26:58.070 12011 12111 I CAR.POWER: setCurrentState CpmsState canSleep:false, canPostpone=false, carPowerStateListenerState=1, CpmsState=WAIT_FOR_VHAL(0)
09-07 14:26:58.072 12011 12111 I chatty  : uid=1000(system) CarPowerManagem expire 5 lines
09-07 14:26:58.074   532   532 I VPS     : VPS:VehicleSetData  -> propId:289409539
09-07 14:26:58.074 12128 12128 I chatty  : uid=1041(audioserver) crash_dump64 expire 2 lines
09-07 14:26:58.075   532   532 I VPS     : VPS:VehicleSetData  -> propId:289475073
09-07 14:26:58.075   463   463 I tombstoned: received crash request for pid 512
09-07 14:26:58.075   532   532 I VPS     : VPS: Got BOOT_COMPLETE from AOSP...
09-07 14:26:58.075   463   463 I tombstoned: found intercept fd 512 for pid 512 and type kDebuggerdNativeBacktrace
09-07 14:26:58.079 12011 12111 W CAR.POWER: Failed to read wifi_state: java.io.FileNotFoundException: /data/system/car/wifi_state: open failed: ENOENT (No such file or directory)
09-07 14:26:58.088   537   537 W TunerCommon: TunerPMImpl::setPowerMode: Current Power Mode = ePOWER_NORMAL, New Power Mode = ePOWER_RESUME
09-07 14:26:58.089   537   537 W TunerCommon: TunerPMImpl::setPowerMode: ignore RESUME when current mode isn't SUSPEND
09-07 14:26:58.089   535   646 I NAVD    : CLifecycleProxy:onPowerModeChange
09-07 14:26:58.090 12011 12104 I chatty  : uid=1000(system) VehicleHal expire 1 line
09-07 14:26:58.091 12011 12111 I CAR.POWER: doHandlePowerStateChange: newState=ON(1)
09-07 14:26:58.091 12011 12111 I CAR.POWER: setCurrentState CpmsState canSleep:false, canPostpone=false, carPowerStateListenerState=6, CpmsState=ON(1)
09-07 14:26:58.091 12011 12111 I CAR.POWER: User switch disallowed while booting
09-07 14:26:58.096   538   619 I automotive.vehicle@2.0-impl: SubscriptionManager::addOrUpdateSubscription, callback: 0xb400007c1fd474f0
09-07 14:26:58.096   538   619 I automotive.vehicle@2.0-impl: SubscriptionManager::addOrUpdateSubscription, prop: 0x11600207
09-07 14:26:58.096   538   619 I automotive.vehicle@2.0-impl: addOrUpdateSubscription opts.propId: 0x11600207
09-07 14:26:58.100   538   619 I automotive.vehicle@2.0-impl: SubscriptionManager::addOrUpdateSubscription, callback: 0xb400007c1fd474f0
09-07 14:26:58.100   538   619 I automotive.vehicle@2.0-impl: SubscriptionManager::addOrUpdateSubscription, prop: 0x11410a10
09-07 14:26:58.100   538   619 I automotive.vehicle@2.0-impl: addOrUpdateSubscription opts.propId: 0x11410a10
09-07 14:26:58.101  1033  1178 I chatty  : uid=1000(system) InputReader expire 1 line
09-07 14:26:58.101 12011 12011 W ContextImpl: Calling a method in the system process without a qualified user: android.app.ContextImpl.bindService:1748 android.content.ContextWrapper.bindService:756 com.android.car.CarInputService.bindCarInputService:756 com.android.car.CarInputService.init:388 com.android.car.ICarImpl.init:334 
09-07 14:26:58.104   532   532 I VPS     : VPS:VehicleSetData  -> propId:289475073
09-07 14:26:58.105 12011 12119 I chatty  : uid=1000(system) CarPackageManag expire 10 lines
09-07 14:26:58.105 12011 12111 D CAR.POWER: switchUserOnResumeIfNecessary(): allowSwitching=false, mSwitchGuestUserBeforeSleep=true
09-07 14:26:58.116  1033 12029 W ActivityManager: Unable to start service Intent { cmp=com.android.car.messenger/.MessengerService } U=10: not found
09-07 14:26:58.120  1033 12029 D CompatibilityChangeReporter: Compat change id reported: 135634846; UID 1001000; state: DISABLED
09-07 14:26:58.120  1033 12029 D CompatibilityChangeReporter: Compat change id reported: 135754954; UID 1001000; state: ENABLED
09-07 14:26:58.146   472   472 I chatty  : uid=0(root) main expire 1 line
09-07 14:26:58.147   512  3590 I chatty  : uid=1041(audioserver) HwBinder:512_9 expire 16 lines
09-07 14:26:58.148  1033  1067 I ActivityManager: Start proc 12137:com.harman.usb.handler/u10s1000 for service {com.harman.usb.handler/com.harman.usb.handler.HarmanUsbService}
09-07 14:26:58.154 12137 12137 I chatty  : uid=0(root) com.harman.usb.handler expire 1 line
09-07 14:26:58.177   512 12143 I chatty  : uid=1041(audioserver) Binder:512_2 expire 2 lines
09-07 14:26:58.177   512 12143 I KPI_Marker: [122.750451] [HarmanAudioEffect] Audio_Volume_Changed
09-07 14:26:58.180  1033 12021 I chatty  : uid=1000(system) Binder:1033_12 expire 1 line
09-07 14:26:58.182   576  1159 I chatty  : uid=1041(audioserver) Binder:576_3 expire 11 lines
09-07 14:26:58.198   393   399 I chatty  : uid=1000(system) Binder:393_1 expire 285 lines
09-07 14:26:58.201   512 12147 I chatty  : uid=1041(audioserver) Binder:512_2 expire 2 lines
09-07 14:26:58.201   512 12147 I KPI_Marker: [122.774215] [HarmanAudioEffect] Audio_Volume_Changed
09-07 14:26:58.201 12137 12137 I man.usb.handle: The ClassLoaderContext is a special shared library.
09-07 14:26:58.212 12137 12137 I man.usb.handle: The ClassLoaderContext is a special shared library.
09-07 14:26:58.216   512 12148 I chatty  : uid=1041(audioserver) Binder:512_2 expire 2 lines
09-07 14:26:58.217   512 12148 I KPI_Marker: [122.789955] [HarmanAudioEffect] Audio_Volume_Changed
09-07 14:26:58.218  1033  1033 I ActivityManager: Collecting stacks for native pid 528
09-07 14:26:58.221   463   463 I tombstoned: registered intercept for pid 528 and type kDebuggerdNativeBacktrace
09-07 14:26:58.222   528   528 I libc    : Requested dump for tid 528 (bluetooth@2.0-s)
09-07 14:26:58.224 12137 12137 D NetworkSecurityConfig: No Network Security Config specified, using platform default
09-07 14:26:58.224 12137 12137 D NetworkSecurityConfig: No Network Security Config specified, using platform default
09-07 14:26:58.227 12137 12137 I KPI_Marker: [122.800000] [HarmanUsbHandler] ******Started From CarService onCreate
09-07 14:26:58.230   512 12149 I chatty  : uid=1041(audioserver) Binder:512_2 expire 2 lines
09-07 14:26:58.230   512 12149 I KPI_Marker: [122.803694] [HarmanAudioEffect] Audio_Volume_Changed
09-07 14:26:58.232 12137 12137 I android_os_HwBinder: HwBinder: Starting thread pool for getting: vendor.harman.hardware.usb@1.0::IUsbExt/default
09-07 14:26:58.233   531   531 I HarmanUsbHal: getHubInfoHelper: not required to get other port information
09-07 14:26:58.233   531   531 I HarmanUsbHal: getHubInfoHelper: not required to get other port information
09-07 14:26:58.242   512 12155 I chatty  : uid=1041(audioserver) Binder:512_2 expire 2 lines
09-07 14:26:58.242   512 12155 I KPI_Marker: [122.815802] [HarmanAudioEffect] Audio_Volume_Changed
09-07 14:26:58.258 12176 12176 I crash_dump64: obtaining output fd from tombstoned, type: kDebuggerdNativeBacktrace
09-07 14:26:58.259   463   463 I tombstoned: received crash request for pid 528
09-07 14:26:58.259   463   463 I tombstoned: found intercept fd 512 for pid 528 and type kDebuggerdNativeBacktrace
09-07 14:26:58.260 12176 12176 I crash_dump64: performing dump of process 528 (target tid = 528)
09-07 14:26:58.265   512 12156 I chatty  : uid=1041(audioserver) Binder:512_2 expire 2 lines
09-07 14:26:58.265   512 12156 I KPI_Marker: [122.838793] [HarmanAudioEffect] Audio_Volume_Changed
09-07 14:26:58.266   512   725 D acdb_loader_proxy: acdb_loader_get_audio_cal_v2: provided datalen(272)
09-07 14:26:58.267   512   725 D acdb_loader_proxy: acdb_loader_get_audio_cal_v2: returned datalen(272)
09-07 14:26:58.267   512   725 I HarmanAudioControl: hacs Set Loudness gain, value is: 2.000000, SubblockID is: 0, offset is: 24 in setLoudness() ADSPPluginImp.cpp:2444
09-07 14:26:58.267   512   725 V acdb-loader-wrapper: 479:acdb_loader_set_audio_cal_v2
09-07 14:26:58.267   512   725 D acdb_loader_proxy: acdb_loader_set_audio_cal_v2: datalen(272)
09-07 14:26:58.268   512  3971 D HarmanHAL: StreamIn::getCapturePositionImpl
09-07 14:26:58.268   512   725 V acdb-loader-wrapper: 494:acdb_loader_get_audio_cal_v2
09-07 14:26:58.268   512   725 D acdb_loader_proxy: acdb_loader_get_audio_cal_v2: provided datalen(272)
09-07 14:26:58.270   512   725 D acdb_loader_proxy: acdb_loader_get_audio_cal_v2: returned datalen(272)
09-07 14:26:58.270   512   725 I HarmanAudioControl: hacs Set Loudness gain, value is: 11.000000, SubblockID is: 1, offset is: 4 in setLoudness() ADSPPluginImp.cpp:2444
09-07 14:26:58.270   512   725 V acdb-loader-wrapper: 479:acdb_loader_set_audio_cal_v2
09-07 14:26:58.270   512   725 D acdb_loader_proxy: acdb_loader_set_audio_cal_v2: datalen(272)
09-07 14:26:58.271   512   725 V acdb-loader-wrapper: 494:acdb_loader_get_audio_cal_v2
09-07 14:26:58.271   512   725 D acdb_loader_proxy: acdb_loader_get_audio_cal_v2: provided datalen(272)
09-07 14:26:58.271   512   725 D acdb_loader_proxy: acdb_loader_get_audio_cal_v2: returned datalen(272)
09-07 14:26:58.271   512   725 I HarmanAudioControl: hacs Set Loudness gain, value is: 2.000000, SubblockID is: 1, offset is: 24 in setLoudness() ADSPPluginImp.cpp:2444
09-07 14:26:58.271   512   725 V acdb-loader-wrapper: 479:acdb_loader_set_audio_cal_v2
09-07 14:26:58.272   512   725 D acdb_loader_proxy: acdb_loader_set_audio_cal_v2: datalen(272)
09-07 14:26:58.272   512   725 V acdb-loader-wrapper: 494:acdb_loader_get_audio_cal_v2
09-07 14:26:58.272   512   725 D acdb_loader_proxy: acdb_loader_get_audio_cal_v2: provided datalen(272)
09-07 14:26:58.273   512   725 D acdb_loader_proxy: acdb_loader_get_audio_cal_v2: returned datalen(272)
09-07 14:26:58.273   512   725 V acdb-loader-wrapper: 479:acdb_loader_set_audio_cal_v2
09-07 14:26:58.273   512   725 D acdb_loader_proxy: acdb_loader_set_audio_cal_v2: datalen(272)
09-07 14:26:58.275   512   725 V acdb-loader-wrapper: 494:acdb_loader_get_audio_cal_v2
09-07 14:26:58.275   512   725 D acdb_loader_proxy: acdb_loader_get_audio_cal_v2: provided datalen(272)
09-07 14:26:58.276   512   725 D acdb_loader_proxy: acdb_loader_get_audio_cal_v2: returned datalen(272)
09-07 14:26:58.276   512   725 I HarmanAudioControl: hacs zoneId: 0, volumeParam.streamType: 5, volumeParam.gain: -24.000000, boost: 0x4bd31410, size: 2, time:500.000000 in setVolume() ADSPPluginImp.cpp:451
09-07 14:26:58.276   512   725 I HarmanAudioControl: hacs zoneId: 0, streamType: 5, lastGain: -24.000000, curGain: -24.000000, time: 500.000000 in setVolumeRampTime() ADSPPluginImp.cpp:409
09-07 14:26:58.276   512   725 W HarmanAudioControl: hacs The current gain value is the same as the last gain value, diff gain(0.000000), skip set Ramptime in calRampTimeRate() ADSPPluginImp.cpp:2757
09-07 14:26:58.276   512 12158 I HarmanAudioControl: hacs funcname(setVolume) sessionValue(50) reply with result(0) in operator()() PluginManager.h:383
09-07 14:26:58.276   512   725 I HarmanAudioControl: hacs Set Loudness gain, value is: 11.000000, SubblockID is: 0, offset is: 4 in setLoudness() ADSPPluginImp.cpp:2444
09-07 14:26:58.276   512   725 V acdb-loader-wrapper: 479:acdb_loader_set_audio_cal_v2
09-07 14:26:58.276   512 12158 I HarmanHal: PluginInterface::handlePluginReply session found sessionId 50 result 0
09-07 14:26:58.276   512   725 D acdb_loader_proxy: acdb_loader_set_audio_cal_v2: datalen(272)
09-07 14:26:58.276   512 12158 I KPI_Marker: [122.849400] [HarmanAudioEffect] Audio_Volume_Changed
09-07 14:26:58.277   512   725 V acdb-loader-wrapper: 494:acdb_loader_get_audio_cal_v2
09-07 14:26:58.277   512   725 D acdb_loader_proxy: acdb_loader_get_audio_cal_v2: provided datalen(272)
09-07 14:26:58.277   512   725 D acdb_loader_proxy: acdb_loader_get_audio_cal_v2: returned datalen(272)
09-07 14:26:58.278   512   725 I HarmanAudioControl: hacs Set Loudness gain, value is: 2.000000, SubblockID is: 0, offset is: 24 in setLoudness() ADSPPluginImp.cpp:2444
09-07 14:26:58.278   512   725 V acdb-loader-wrapper: 479:acdb_loader_set_audio_cal_v2
09-07 14:26:58.278   512   725 D acdb_loader_proxy: acdb_loader_set_audio_cal_v2: datalen(272)
09-07 14:26:58.280   512   725 V acdb-loader-wrapper: 494:acdb_loader_get_audio_cal_v2
09-07 14:26:58.280   512   725 D acdb_loader_proxy: acdb_loader_get_audio_cal_v2: provided datalen(272)
09-07 14:26:58.281   512   725 D acdb_loader_proxy: acdb_loader_get_audio_cal_v2: returned datalen(272)
09-07 14:26:58.281   512   725 I HarmanAudioControl: hacs Set Loudness gain, value is: 11.000000, SubblockID is: 1, offset is: 4 in setLoudness() ADSPPluginImp.cpp:2444
09-07 14:26:58.281   512   725 V acdb-loader-wrapper: 479:acdb_loader_set_audio_cal_v2
09-07 14:26:58.281   512   725 D acdb_loader_proxy: acdb_loader_set_audio_cal_v2: datalen(272)
09-07 14:26:58.282   512   725 V acdb-loader-wrapper: 494:acdb_loader_get_audio_cal_v2
09-07 14:26:58.282   512   725 D acdb_loader_proxy: acdb_loader_get_audio_cal_v2: provided datalen(272)
09-07 14:26:58.282  1033  1056 D CompatibilityChangeReporter: Compat change id reported: 136219221; UID 1001000; state: ENABLED
09-07 14:26:58.282   512   725 D acdb_loader_proxy: acdb_loader_get_audio_cal_v2: returned datalen(272)
09-07 14:26:58.283   512   725 I HarmanAudioControl: hacs Set Loudness gain, value is: 2.000000, SubblockID is: 1, offset is: 24 in setLoudness() ADSPPluginImp.cpp:2444
09-07 14:26:58.283   512   725 V acdb-loader-wrapper: 479:acdb_loader_set_audio_cal_v2
09-07 14:26:58.283   512   725 D acdb_loader_proxy: acdb_loader_set_audio_cal_v2: datalen(272)
09-07 14:26:58.283  1033  1056 D CompatibilityChangeReporter: Compat change id reported: 136274596; UID 1001000; state: DISABLED
09-07 14:26:58.285   512   725 V acdb-loader-wrapper: 494:acdb_loader_get_audio_cal_v2
09-07 14:26:58.285   512   725 D acdb_loader_proxy: acdb_loader_get_audio_cal_v2: provided datalen(272)
09-07 14:26:58.286   512   725 D acdb_loader_proxy: acdb_loader_get_audio_cal_v2: returned datalen(272)
09-07 14:26:58.286   512   725 V acdb-loader-wrapper: 479:acdb_loader_set_audio_cal_v2
09-07 14:26:58.286   512   725 D acdb_loader_proxy: acdb_loader_set_audio_cal_v2: datalen(272)
09-07 14:26:58.287   512   725 V acdb-loader-wrapper: 494:acdb_loader_get_audio_cal_v2
09-07 14:26:58.287   512   725 D acdb_loader_proxy: acdb_loader_get_audio_cal_v2: provided datalen(272)
09-07 14:26:58.287   512   725 D acdb_loader_proxy: acdb_loader_get_audio_cal_v2: returned datalen(272)
09-07 14:26:58.288   512 12161 I HarmanAudioControl: hacs funcname(setVolume) sessionValue(51) reply with result(0) in operator()() PluginManager.h:383
09-07 14:26:58.288   512 12161 I HarmanHal: PluginInterface::handlePluginReply session found sessionId 51 result 0
09-07 14:26:58.288   512 12161 I KPI_Marker: [122.861222] [HarmanAudioEffect] Audio_Volume_Changed
09-07 14:26:58.289  1033  1033 I ActivityManager: Collecting stacks for native pid 561
09-07 14:26:58.293   463   463 I tombstoned: registered intercept for pid 561 and type kDebuggerdNativeBacktrace
09-07 14:26:58.294   463   463 I tombstoned: received crash request for pid 561
09-07 14:26:58.294   463   463 I tombstoned: found intercept fd 512 for pid 561 and type kDebuggerdNativeBacktrace
09-07 14:26:58.295   512  1222 I HarmanHal: PrimaryDevice::updateAudioPatch received with previousPatch as 19
09-07 14:26:58.295   512  1222 I HarmanHal: Device::updateAudioPatch Old patch : 19
09-07 14:26:58.295   512  1222 I HarmanHal: Device::releaseAudioPatch for patch id :19 
09-07 14:26:58.296   512  1222 I HarmanHal: Device::releaseAudioPatch: disconnect handle = 0x13, mDeviceAddress[handle] =  successfully by Hal audio
09-07 14:26:58.296   512  1222 I HarmanHal: Device::createAudioPatch Entry
09-07 14:26:58.296   512  1222 I HarmanHal: Device::createAudioPatch: handle = 0x14, portHandle = 0x2, mDeviceAddress[handle] = bus0_media_out, mDeviceAddress2[portHandle] = bus1_navigation_out
09-07 14:26:58.296   512  1222 I HarmanHal: Device::createAudioPatch: handle = 0x14, portHandle = 0x2, mDeviceAddress[handle] = , mDeviceAddress2[portHandle] = bus0_media_out
09-07 14:26:58.297   512  3971 D HarmanHAL: StreamIn::getCapturePositionImpl
09-07 14:26:58.299  2584 10671 D AudioStreamLegacy: onAudioDeviceUpdate(deviceId = 2)
09-07 14:26:58.303   576  1159 W APM::AudioPolicyEngine: getDevicesForStrategy() unknown strategy: -1
09-07 14:26:58.303   576  1159 W APM::AudioPolicyEngine: getDevicesForStrategy() unknown strategy: -1
09-07 14:26:58.327   512  3971 D HarmanHAL: StreamIn::getCapturePositionImpl
09-07 14:26:58.329   512  1222 D HarmanHAL: StreamIn::updateSinkMetadata
09-07 14:26:58.329   512  1222 D HarmanHAL: StreamIn::standby
09-07 14:26:58.330  1033 12017 I chatty  : uid=1000(system) Binder:1033_11 expire 33 lines
09-07 14:26:58.332   512  1221 I HarmanHal: Device::releaseAudioPatch for patch id :17 
09-07 14:26:58.332   512  1221 I HarmanHal: Device::releaseAudioPatch: disconnect handle = 0x11, mDeviceAddress[handle] =  successfully by Hal audio
09-07 14:26:58.334  1033 12029 I chatty  : uid=1000(system) Binder:1033_13 expire 12 lines
09-07 14:26:58.335   512  1221 I HarmanHal.Routing: hacs handle = 46, stream(Tuner_Uplink) address = 0xb40000761bc9ebd0 in closeInputStream() Device.cpp:154
09-07 14:26:58.335   512  1221 I HarmanHal.Routing: hacs name(pcmTunerIn_c), mPcmHandle(0xb40000761bca4850) this(0xb40000761bc9f510) in closePcmNode() PcmAlsaWrapper.cpp:49
09-07 14:26:58.350   512  1221 I HarmanHal.Routing: hacs alsa node(pcmTunerIn_c): closed in closePcmNode() PcmAlsaWrapper.cpp:61
09-07 14:26:58.351   512  1221 I HarmanHal.Routing: hacs release handler(0xb40000761bc9f510) start in releasePcmHandler() PcmHandlerFactory.cpp:256
09-07 14:26:58.351   512  1221 I HarmanHal.Routing: hacs module(0xb40000761bc9f510) name(pcmTunerIn_c) refCnt(0), delete it in releasePcmHandler() PcmHandlerFactory.cpp:264
09-07 14:26:58.351   512  1221 I HarmanHal.Routing: hacs delete handler(0xb40000761bc9f510) start in deletePcmHandler() PcmHandlerFactory.cpp:227
09-07 14:26:58.351   512  1221 I HarmanHal.Routing: hacs alsa node(pcmTunerIn_c): closed in closePcmNode() PcmAlsaWrapper.cpp:38
09-07 14:26:58.351   512  1221 I HarmanHal.Routing: hacs deactivateScenarioForAudioRecord for Tuner_Uplink 
09-07 14:26:58.351   512  1221 I HarmanHal.Routing:   in closeInputStream() Device.cpp:216
09-07 14:26:58.353   512  1221 W HarmanHal.Routing: hacs stream name:Tuner_Uplink return invalid state
09-07 14:26:58.353   512  1221 W HarmanHal.Routing:  in close() StreamIn.cpp:527
09-07 14:26:58.355   576  1159 W APM::AudioPolicyEngine: getDevicesForStrategy() unknown strategy: -1
09-07 14:26:58.385   512  1222 I HarmanHal: Device::createAudioPatch Entry
09-07 14:26:58.385   512  1222 I HarmanHal: Device::createAudioPatch: handle = 0x15, portHandle = 0x2, mDeviceAddress[handle] = bus0_media_out, mDeviceAddress2[portHandle] = bus1_navigation_out
09-07 14:26:58.385   512  1222 I HarmanHal: Device::createAudioPatch: handle = 0x15, portHandle = 0x2, mDeviceAddress[handle] = bus6_notification_out, mDeviceAddress2[portHandle] = bus0_media_out
09-07 14:26:58.388   512  1222 I HarmanHal.Routing: hacs handle: 54 devices: 80002000 flags: 0 srate: 48000 format 0x1 channels c address  source 1 in openInputStreamImpl() Device.cpp:541
09-07 14:26:58.389   512  1222 I HarmanHal.Routing: hacs handle = 54, devices = 0x80002000, flags = 0x0, address = , source = 1 in openAdaptiveInputStream() Device.cpp:1097
09-07 14:26:58.389   512  1222 I HarmanHal:  EffectsController::getUplinkPathNameBySrcType uplink path  to be set is 
09-07 14:26:58.389   512  1222 I HarmanHal.Routing: hacs Get HAR path Name: Tuner_Uplink in openAdaptiveInputStream() Device.cpp:1181
09-07 14:26:58.389   512  1222 I HarmanHal.Routing: hacs no name(pcmTunerIn_c) handler created bedore, creating a new instance now in getPcmHandlerByName() PcmHandlerFactory.cpp:282
09-07 14:26:58.389   512  1222 I HarmanHal.Routing: hacs new handler(pcmTunerIn_c) direction(1) start in createPcmHandler() PcmHandlerFactory.cpp:302
09-07 14:26:58.389   512  1222 I HarmanHal.Routing: hacs pcmTunerIn_c sample_rate(48000) num_channles(2) bitwidth(3) periodSize(1536) periodCount(4) channel_map(0) this(0xb40000761bc9ddf0) in setAlsaAudioParams() PcmHandler.cpp:104
09-07 14:26:58.389   512  1222 I HarmanHal.Routing: hacs sinkPort(0xb40000762bc738b0) pathName(Tuner_Uplink) direction(1) in linkSinkPortToRoutingPath() AudioRoutingManager.cpp:228
09-07 14:26:58.389   512  1222 I HarmanHal.Routing: hacs channel mask = 0xc, channel = 2, format = 0x1, rate = 48000 in set() Stream.cpp:397
09-07 14:26:58.389   512  1222 I HarmanHal.Routing: hacs owner(pcmTunerIn_c): owner period ms 32, linked period ms 32 in initRBuffer() AudioPort.cpp:967
09-07 14:26:58.391   512  1222 V acdb-loader-wrapper: 323:acdb_loader_send_audio_cal_v4
09-07 14:26:58.391   512  1222 D acdb_loader_proxy: acdb_loader_send_audio_cal_v4: acdb_id(143), capability(2), app_id(69938), sample_rate(48000), use_case(0), afe_sample_rate(48000)
09-07 14:26:58.392   512  1222 D audio_route: Apply path: pcmTunerIn_c
09-07 14:26:58.426   512  1222 I HarmanHal.Routing: hacs alsa node(pcmTunerIn_c): opened in openPcmNode() PcmAlsaWrapper.cpp:98
09-07 14:26:58.426   512  1222 I HarmanHal: EffectsController:: setAudioSourceInfoForEcnr audioSource::1  channelMask::12  sampleRate::48000 inputBusName :  
09-07 14:26:58.426   512  1222 I HarmanHal.Routing: hacs setAudioSourceInfoForEcnr: source- 0x1, mask- 0xC address: 
09-07 14:26:58.426   512  1222 I HarmanHal.Routing:  in openAdaptiveInputStream() Device.cpp:1271
09-07 14:26:58.426   512  1222 I HarmanHal.Routing: hacs status 0 stream(80002000, 1, ) address 0xb40000761bca2350 in openInputStreamImpl() Device.cpp:565
09-07 14:26:58.426   512  1222 D HarmanHAL: StreamIn::updateSinkMetadata
09-07 14:26:58.427   512  1221 D HarmanHAL: StreamIn::getAudioProperties
09-07 14:26:58.428   512  3590 D HarmanHAL: StreamIn::getAudioProperties
09-07 14:26:58.428   512  1220 D HarmanHAL: StreamIn::getFrameSize
09-07 14:26:58.428   512  1220 D HarmanHAL: StreamIn::getBufferSize
09-07 14:26:58.429   512  3590 D HarmanHAL: StreamIn::getBufferSize
09-07 14:26:58.429   512  1220 D HarmanHAL: StreamIn::getAudioProperties
09-07 14:26:58.430   576 12185 I AudioFlinger: AudioFlinger's thread 0xb4000072482e1040 tid=12185 ready to run
09-07 14:26:58.430   512  1220 D HarmanHAL: StreamIn::standby
09-07 14:26:58.433   512  1220 I HarmanHal: Device::createAudioPatch Entry
09-07 14:26:58.433   512  1220 I HarmanHal: Device::createAudioPatch: handle = 0x16, portHandle = 0x0, mDeviceAddress[handle] = , mDeviceAddress2[portHandle] = 
09-07 14:26:58.433   512  1220 I HarmanHal: Device::createAudioPatch: source device = 0x80002000, address = tuner0, id = 0x0x1d
09-07 14:26:58.433   512  1220 I HarmanHal: CreateAudioPatch for bus: sink:
09-07 14:26:58.433   512  1220 I HarmanHal: #### CreateAudioPatch for bus is Empty #### 
09-07 14:26:58.433   512  1220 I HarmanHal: Device::createAudioPatch: handle = 0x16, portHandle = 0x1d, mDeviceAddress[handle] = , mDeviceAddress2[portHandle] = 
09-07 14:26:58.434   576 12185 W AudioSystem: ioConfigChanged() modifying unknown output! 54
09-07 14:26:58.434   893   893 W AudioSystem: ioConfigChanged() modifying unknown output! 54
09-07 14:26:58.434  4596  4617 W AudioSystem: ioConfigChanged() modifying unknown output! 54
09-07 14:26:58.434  2508  3591 W AudioSystem: ioConfigChanged() modifying unknown output! 54
09-07 14:26:58.435  2584 10671 W AudioSystem: ioConfigChanged() modifying unknown output! 54
09-07 14:26:58.435 10939 12010 W AudioSystem: ioConfigChanged() modifying unknown output! 54
09-07 14:26:58.435   512  1220 D HarmanHAL: StreamIn::standby
09-07 14:26:58.437   512  1222 I HarmanHal: Device::createAudioPatch Entry
09-07 14:26:58.437   512  1222 E HarmanHal: Device::createAudioPatch: sink address is empty! 
09-07 14:26:58.437   512  1222 I HarmanHal: Device::createAudioPatch: handle = 0x17, portHandle = 0x3, mDeviceAddress[handle] = , mDeviceAddress2[portHandle] = bus2_voice_command_out
09-07 14:26:58.437   512  1222 I HarmanHal: CreateAudioPatch for bus: sink:
09-07 14:26:58.437   512  1222 I HarmanHal: #### CreateAudioPatch for bus is Empty #### 
09-07 14:26:58.437   512  1222 I HarmanHal: Device::createAudioPatch: handle = 0x17, portHandle = 0x3, mDeviceAddress[handle] = , mDeviceAddress2[portHandle] = 
09-07 14:26:58.439  2584 10671 D AudioStreamLegacy: onAudioDeviceUpdate(deviceId = 2)
09-07 14:26:58.441   576  1076 D AF::TrackHandle: OpPlayAudio: not muting track:62 usage:0 for service UID 1041
09-07 14:26:58.442   576  1076 E AudioFlinger::PatchPanel: Software patch connections leaked 188 196
09-07 14:26:58.442   576  1076 E AudioFlinger::PatchPanel: A non empty Patch Endpoint leaked, handle 188
09-07 14:26:58.442   576  1076 E AudioFlinger::PatchPanel: A non empty Patch Endpoint leaked, handle 196
09-07 14:26:58.446   576  1159 W APM::AudioPolicyEngine: getDevicesForStrategy() unknown strategy: -1
09-07 14:26:58.448   576  1159 W APM::AudioPolicyEngine: getDevicesForStrategy() unknown strategy: -1
09-07 14:26:58.450   512  3590 D HarmanHAL: StreamIn::updateSinkMetadata
09-07 14:26:58.451   512  3590 D HarmanHAL: StreamIn::prepareForReading
09-07 14:26:58.451   512  3590 E FMQ     : grantorIdx must be less than 3
09-07 14:26:58.452   512  3590 E FMQ     : grantorIdx must be less than 3
09-07 14:26:58.453   576 12185 E FMQ     : grantorIdx must be less than 3
09-07 14:26:58.454   576 12185 E FMQ     : grantorIdx must be less than 3
09-07 14:26:58.454   512 12186 I HarmanHal.Routing: hacs id(466232144) bufferNum(3) in createRingBuffer() RingBufferManager.cpp:105
09-07 14:26:58.454   512 12186 I HarmanHal.Routing: hacs channels(2) frames(1536) bufferNum(3) mIsInitialized(0) in initialize() RingBuffer.cpp:412
09-07 14:26:58.454   512 12186 I HarmanHal.Routing: hacs Different FormatAudioSampleItem 1, 3 in operator==() AudioSample.hpp:141
09-07 14:26:58.454   512 12186 I HarmanHal.Routing: hacs owner(Tuner_Uplink): dst param -- sampleRate(48000) format(1) channels(2) periodSize(1536) in ifNeedDoConvert() AudioPort.cpp:535
09-07 14:26:58.454   512 12186 I HarmanHal.Routing: hacs owner(Tuner_Uplink): NO NEED DO CONVERT in ifNeedDoConvert() AudioPort.cpp:543
09-07 14:26:58.455   512 12186 I HarmanHal.Routing: hacs id(466214384) bufferSize(12288) bufferNum(3) in createRingBuffer() RingBufferManager.cpp:77
09-07 14:26:58.455   512 12186 I HarmanHal.Routing: hacs bufferSize(12288 --> 12288) bufferNum(3) this(0xb4000075bbc7dbe0) in initialize() RingBuffer.cpp:384
09-07 14:26:58.459   576  1159 W APM::AudioPolicyEngine: getDevicesForStrategy() unknown strategy: -1
09-07 14:26:58.463   576  1159 W APM::AudioPolicyEngine: getDevicesForStrategy() unknown strategy: -1
09-07 14:26:58.473   538   618 W ipcLib  : ipcLib: in ipc_lib. DV1 read called
09-07 14:26:58.489  1033  1033 I ActivityManager: Collecting stacks for native pid 516
09-07 14:26:58.493   512 12186 D HarmanHAL: StreamIn::getCapturePositionImpl
09-07 14:26:58.494   463   463 I tombstoned: registered intercept for pid 516 and type kDebuggerdNativeBacktrace
09-07 14:26:58.494   512  3590 D HarmanHAL: StreamIn::updateSinkMetadata
09-07 14:26:58.494   516   516 I libc    : Requested dump for tid 516 (composer@2.4-se)
09-07 14:26:58.495   512  1222 D HarmanHAL: StreamIn::standby
09-07 14:26:58.496   512  1222 I HarmanHal: Device::releaseAudioPatch for patch id :22 
09-07 14:26:58.496   512  1222 I HarmanHal: Device::releaseAudioPatch: disconnect handle = 0x16, mDeviceAddress[handle] =  successfully by Hal audio
09-07 14:26:58.499   512  3590 I HarmanHal: Device::releaseAudioPatch for patch id :23 
09-07 14:26:58.499   512  3590 I HarmanHal: Device::releaseAudioPatch: disconnect handle = 0x17, mDeviceAddress[handle] =  successfully by Hal audio
09-07 14:26:58.501   512  3590 I HarmanHal.Routing: hacs handle = 54, stream(Tuner_Uplink) address = 0xb40000761bca2350 in closeInputStream() Device.cpp:154
09-07 14:26:58.501   512  3590 I HarmanHal.Routing: hacs name(pcmTunerIn_c), mPcmHandle(0xb40000761bca0790) this(0xb40000761bc9ddf0) in closePcmNode() PcmAlsaWrapper.cpp:49
09-07 14:26:58.509   528   528 I bt_vendor: set_wake_state
09-07 14:26:58.515   512  3590 I HarmanHal.Routing: hacs alsa node(pcmTunerIn_c): closed in closePcmNode() PcmAlsaWrapper.cpp:61
09-07 14:26:58.515   512  3590 I HarmanHal.Routing: hacs release handler(0xb40000761bc9ddf0) start in releasePcmHandler() PcmHandlerFactory.cpp:256
09-07 14:26:58.515   512  3590 I HarmanHal.Routing: hacs module(0xb40000761bc9ddf0) name(pcmTunerIn_c) refCnt(0), delete it in releasePcmHandler() PcmHandlerFactory.cpp:264
09-07 14:26:58.516   512  3590 I HarmanHal.Routing: hacs delete handler(0xb40000761bc9ddf0) start in deletePcmHandler() PcmHandlerFactory.cpp:227
09-07 14:26:58.516   512  3590 I HarmanHal.Routing: hacs alsa node(pcmTunerIn_c): closed in closePcmNode() PcmAlsaWrapper.cpp:38
09-07 14:26:58.516   512  3590 I HarmanHal.Routing: hacs deactivateScenarioForAudioRecord for Tuner_Uplink 
09-07 14:26:58.516   512  3590 I HarmanHal.Routing:   in closeInputStream() Device.cpp:216
09-07 14:26:58.516   512  3590 W HarmanHal.Routing: hacs stream name:Tuner_Uplink return invalid state
09-07 14:26:58.516   512  3590 W HarmanHal.Routing:  in close() StreamIn.cpp:527
09-07 14:26:58.519   576  1159 W APM::AudioPolicyEngine: getDevicesForStrategy() unknown strategy: -1
09-07 14:26:58.547   512  1222 I HarmanHal: Device::createAudioPatch Entry
09-07 14:26:58.547   512  1222 I HarmanHal: Device::createAudioPatch: handle = 0x18, portHandle = 0x2, mDeviceAddress[handle] = bus0_media_out, mDeviceAddress2[portHandle] = bus1_navigation_out
09-07 14:26:58.547   512  1222 I HarmanHal: Device::createAudioPatch: handle = 0x18, portHandle = 0x2, mDeviceAddress[handle] = bus7_system_sound_out, mDeviceAddress2[portHandle] = bus0_media_out
09-07 14:26:58.549  2584 10671 D AudioStreamLegacy: onAudioDeviceUpdate(deviceId = 2)
09-07 14:26:58.553 12193 12193 I crash_dump64: obtaining output fd from tombstoned, type: kDebuggerdNativeBacktrace
09-07 14:26:58.554   463   463 I tombstoned: received crash request for pid 516
09-07 14:26:58.555   463   463 I tombstoned: found intercept fd 512 for pid 516 and type kDebuggerdNativeBacktrace
09-07 14:26:58.555 12193 12193 I crash_dump64: performing dump of process 516 (target tid = 516)
09-07 14:26:58.565  1033  1064 D CompatibilityChangeReporter: Compat change id reported: 135634846; UID 1001000; state: DISABLED
09-07 14:26:58.566  1033  1064 D CompatibilityChangeReporter: Compat change id reported: 135754954; UID 1001000; state: ENABLED
09-07 14:26:58.568   512  1222 I HarmanHal.Routing: hacs handle: 62 devices: 80002000 flags: 0 srate: 48000 format 0x1 channels c address  source 1 in openInputStreamImpl() Device.cpp:541
09-07 14:26:58.568   512  1222 I HarmanHal.Routing: hacs handle = 62, devices = 0x80002000, flags = 0x0, address = , source = 1 in openAdaptiveInputStream() Device.cpp:1097
09-07 14:26:58.568   512  1222 I HarmanHal:  EffectsController::getUplinkPathNameBySrcType uplink path  to be set is 
09-07 14:26:58.568   512  1222 I HarmanHal.Routing: hacs Get HAR path Name: Tuner_Uplink in openAdaptiveInputStream() Device.cpp:1181
09-07 14:26:58.569   512  1222 I HarmanHal.Routing: hacs no name(pcmTunerIn_c) handler created bedore, creating a new instance now in getPcmHandlerByName() PcmHandlerFactory.cpp:282
09-07 14:26:58.569   512  1222 I HarmanHal.Routing: hacs new handler(pcmTunerIn_c) direction(1) start in createPcmHandler() PcmHandlerFactory.cpp:302
09-07 14:26:58.569   512  1222 I HarmanHal.Routing: hacs pcmTunerIn_c sample_rate(48000) num_channles(2) bitwidth(3) periodSize(1536) periodCount(4) channel_map(0) this(0xb40000761bca35d0) in setAlsaAudioParams() PcmHandler.cpp:104
09-07 14:26:58.569   512  1222 I HarmanHal.Routing: hacs sinkPort(0xb40000762bc73270) pathName(Tuner_Uplink) direction(1) in linkSinkPortToRoutingPath() AudioRoutingManager.cpp:228
09-07 14:26:58.569   512  1222 I HarmanHal.Routing: hacs channel mask = 0xc, channel = 2, format = 0x1, rate = 48000 in set() Stream.cpp:397
09-07 14:26:58.569   512  1222 I HarmanHal.Routing: hacs owner(pcmTunerIn_c): owner period ms 32, linked period ms 32 in initRBuffer() AudioPort.cpp:967
09-07 14:26:58.570   512  1222 V acdb-loader-wrapper: 323:acdb_loader_send_audio_cal_v4
09-07 14:26:58.570   512  1222 D acdb_loader_proxy: acdb_loader_send_audio_cal_v4: acdb_id(143), capability(2), app_id(69938), sample_rate(48000), use_case(0), afe_sample_rate(48000)
09-07 14:26:58.572   512  1222 D audio_route: Apply path: pcmTunerIn_c
09-07 14:26:58.598   472   472 I chatty  : uid=0(root) main expire 1 line
09-07 14:26:58.603 12199 12199 I chatty  : uid=0(root) com.harman.vpa expire 3 lines
09-07 14:26:58.603   512  1222 I HarmanHal.Routing: hacs alsa node(pcmTunerIn_c): opened in openPcmNode() PcmAlsaWrapper.cpp:98
09-07 14:26:58.603   512  1222 I HarmanHal: EffectsController:: setAudioSourceInfoForEcnr audioSource::1  channelMask::12  sampleRate::48000 inputBusName :  
09-07 14:26:58.603   512  1222 I HarmanHal.Routing: hacs setAudioSourceInfoForEcnr: source- 0x1, mask- 0xC address: 
09-07 14:26:58.603   512  1222 I HarmanHal.Routing:  in openAdaptiveInputStream() Device.cpp:1271
09-07 14:26:58.603   512  1222 I HarmanHal.Routing: hacs status 0 stream(80002000, 1, ) address 0xb40000761bca3380 in openInputStreamImpl() Device.cpp:565
09-07 14:26:58.603   512  1222 D HarmanHAL: StreamIn::updateSinkMetadata
09-07 14:26:58.604   512  3590 D HarmanHAL: StreamIn::getAudioProperties
09-07 14:26:58.605   512  1220 D HarmanHAL: StreamIn::getAudioProperties
09-07 14:26:58.605   512  3590 D HarmanHAL: StreamIn::getFrameSize
09-07 14:26:58.605  1033  1067 I ActivityManager: Start proc 12199:com.harman.vpa/u10s1000 for service {com.harman.vpa/com.harman.vpa.TitanVPAService}
09-07 14:26:58.605   512  1220 D HarmanHAL: StreamIn::getBufferSize
09-07 14:26:58.605   512  1221 D HarmanHAL: StreamIn::getBufferSize
09-07 14:26:58.605   512  1221 D HarmanHAL: StreamIn::getAudioProperties
09-07 14:26:58.606   576 12205 I AudioFlinger: AudioFlinger's thread 0xb4000072482e1040 tid=12205 ready to run
09-07 14:26:58.606   512  3590 D HarmanHAL: StreamIn::standby
09-07 14:26:58.609   512  3590 I HarmanHal: Device::createAudioPatch Entry
09-07 14:26:58.609   512  3590 I HarmanHal: Device::createAudioPatch: handle = 0x19, portHandle = 0x0, mDeviceAddress[handle] = , mDeviceAddress2[portHandle] = 
09-07 14:26:58.609   512  3590 I HarmanHal: Device::createAudioPatch: source device = 0x80002000, address = tuner0, id = 0x0x1d
09-07 14:26:58.609   512  3590 I HarmanHal: CreateAudioPatch for bus: sink:
09-07 14:26:58.609   512  3590 I HarmanHal: #### CreateAudioPatch for bus is Empty #### 
09-07 14:26:58.610   512  3590 I HarmanHal: Device::createAudioPatch: handle = 0x19, portHandle = 0x1d, mDeviceAddress[handle] = , mDeviceAddress2[portHandle] = 
09-07 14:26:58.610   576 12205 W AudioSystem: ioConfigChanged() modifying unknown output! 62
09-07 14:26:58.611   893   893 W AudioSystem: ioConfigChanged() modifying unknown output! 62
09-07 14:26:58.612  2584 10671 W AudioSystem: ioConfigChanged() modifying unknown output! 62
09-07 14:26:58.612   512  3590 D HarmanHAL: StreamIn::standby
09-07 14:26:58.612 10939 12010 W AudioSystem: ioConfigChanged() modifying unknown output! 62
09-07 14:26:58.613  2508  3591 W AudioSystem: ioConfigChanged() modifying unknown output! 62
09-07 14:26:58.613  4596  4617 W AudioSystem: ioConfigChanged() modifying unknown output! 62
09-07 14:26:58.615   512  1222 I HarmanHal: Device::createAudioPatch Entry
09-07 14:26:58.615   512  1222 E HarmanHal: Device::createAudioPatch: sink address is empty! 
09-07 14:26:58.615   512  1222 I HarmanHal: Device::createAudioPatch: handle = 0x1a, portHandle = 0x3, mDeviceAddress[handle] = , mDeviceAddress2[portHandle] = bus2_voice_command_out
09-07 14:26:58.615   512  1222 I HarmanHal: CreateAudioPatch for bus: sink:
09-07 14:26:58.615   512  1222 I HarmanHal: #### CreateAudioPatch for bus is Empty #### 
09-07 14:26:58.615   512  1222 I HarmanHal: Device::createAudioPatch: handle = 0x1a, portHandle = 0x3, mDeviceAddress[handle] = , mDeviceAddress2[portHandle] = 
09-07 14:26:58.617  2584 10671 D AudioStreamLegacy: onAudioDeviceUpdate(deviceId = 2)
09-07 14:26:58.618   576  1076 D AF::TrackHandle: OpPlayAudio: not muting track:64 usage:0 for service UID 1041
09-07 14:26:58.620   576   676 E AudioFlinger::PatchPanel: Software patch connections leaked 220 228
09-07 14:26:58.620   576   676 E AudioFlinger::PatchPanel: A non empty Patch Endpoint leaked, handle 220
09-07 14:26:58.620   576   676 E AudioFlinger::PatchPanel: A non empty Patch Endpoint leaked, handle 228
09-07 14:26:58.622   512  3590 D HarmanHAL: StreamIn::updateSinkMetadata
09-07 14:26:58.623   512  3590 D HarmanHAL: StreamIn::prepareForReading
09-07 14:26:58.623   512  3590 E FMQ     : grantorIdx must be less than 3
09-07 14:26:58.624   512  3590 E FMQ     : grantorIdx must be less than 3
09-07 14:26:58.625   576 12205 E FMQ     : grantorIdx must be less than 3
09-07 14:26:58.625   576 12205 E FMQ     : grantorIdx must be less than 3
09-07 14:26:58.626   512 12206 I HarmanHal.Routing: hacs id(466236288) bufferNum(3) in createRingBuffer() RingBufferManager.cpp:105
09-07 14:26:58.626   512 12206 I HarmanHal.Routing: hacs channels(2) frames(1536) bufferNum(3) mIsInitialized(0) in initialize() RingBuffer.cpp:412
09-07 14:26:58.626   512 12206 I HarmanHal.Routing: hacs Different FormatAudioSampleItem 1, 3 in operator==() AudioSample.hpp:141
09-07 14:26:58.626   512 12206 I HarmanHal.Routing: hacs owner(Tuner_Uplink): dst param -- sampleRate(48000) format(1) channels(2) periodSize(1536) in ifNeedDoConvert() AudioPort.cpp:535
09-07 14:26:58.626   512 12206 I HarmanHal.Routing: hacs owner(Tuner_Uplink): NO NEED DO CONVERT in ifNeedDoConvert() AudioPort.cpp:543
09-07 14:26:58.626   512 12206 I HarmanHal.Routing: hacs id(466236880) bufferSize(12288) bufferNum(3) in createRingBuffer() RingBufferManager.cpp:77
09-07 14:26:58.626   512 12206 I HarmanHal.Routing: hacs bufferSize(12288 --> 12288) bufferNum(3) this(0xb4000075bbc7ea50) in initialize() RingBuffer.cpp:384
09-07 14:26:58.626   576  1159 W APM::AudioPolicyEngine: getDevicesForStrategy() unknown strategy: -1
09-07 14:26:58.626   576  1159 W APM::AudioPolicyEngine: getDevicesForStrategy() unknown strategy: -1
09-07 14:26:58.630   576  1159 W APM::AudioPolicyEngine: getDevicesForStrategy() unknown strategy: -1
09-07 14:26:58.631  1033  1033 I ActivityManager: Collecting stacks for native pid 517
09-07 14:26:58.632   576  1159 W APM::AudioPolicyEngine: getDevicesForStrategy() unknown strategy: -1
09-07 14:26:58.633   463   463 I tombstoned: registered intercept for pid 517 and type kDebuggerdNativeBacktrace
09-07 14:26:58.634   517   517 I libc    : Requested dump for tid 517 (health@2.1-serv)
09-07 14:26:58.634  4909  4914 I chatty  : uid=0(root) jdwp control expire 1 line
09-07 14:26:58.634   576  1159 W APM::AudioPolicyEngine: getDevicesForStrategy() unknown strategy: -1
09-07 14:26:58.642  1033 12017 D CompatibilityChangeReporter: Compat change id reported: 136219221; UID 1001000; state: ENABLED
09-07 14:26:58.644  1033  1064 W UriGrantsManagerService: For security reasons, the system cannot issue a Uri permission grant to content://settings/system/notification_sound [user 10]; use startActivityAsCaller() instead
09-07 14:26:58.657 12199 12199 I com.harman.vpa: The ClassLoaderContext is a special shared library.
09-07 14:26:58.660   512  1222 I HarmanHal: Device::createAudioPatch Entry
09-07 14:26:58.660   512  1222 I HarmanHal: Device::createAudioPatch: handle = 0x1b, portHandle = 0x2, mDeviceAddress[handle] = bus0_media_out, mDeviceAddress2[portHandle] = bus1_navigation_out
09-07 14:26:58.660   512  1222 I HarmanHal: Device::createAudioPatch: handle = 0x1b, portHandle = 0x2, mDeviceAddress[handle] = , mDeviceAddress2[portHandle] = bus0_media_out
09-07 14:26:58.662  2584 10671 D AudioStreamLegacy: onAudioDeviceUpdate(deviceId = 2)
09-07 14:26:58.664   512 12206 D HarmanHAL: StreamIn::getCapturePositionImpl
09-07 14:26:58.681 12227 12227 I crash_dump64: obtaining output fd from tombstoned, type: kDebuggerdNativeBacktrace
09-07 14:26:58.682   463   463 I tombstoned: received crash request for pid 517
09-07 14:26:58.682   463   463 I tombstoned: found intercept fd 512 for pid 517 and type kDebuggerdNativeBacktrace
09-07 14:26:58.683 12227 12227 I crash_dump64: performing dump of process 517 (target tid = 517)
09-07 14:26:58.683   576  1159 W APM::AudioPolicyEngine: getDevicesForStrategy() unknown strategy: -1
09-07 14:26:58.686 12199 12199 D NetworkSecurityConfig: No Network Security Config specified, using platform default
09-07 14:26:58.686 12199 12199 D NetworkSecurityConfig: No Network Security Config specified, using platform default
09-07 14:26:58.691  1033  1033 I ActivityManager: Collecting stacks for native pid 535
09-07 14:26:58.693 12199 12199 I CarUi-CarUiInstaller: CarUiInstaller v1.0.1 started for com.harman.vpa
09-07 14:26:58.693   512 12206 D HarmanHAL: StreamIn::getCapturePositionImpl
09-07 14:26:58.694   463   463 I tombstoned: registered intercept for pid 535 and type kDebuggerdNativeBacktrace
09-07 14:26:58.695   535   535 I libc    : Requested dump for tid 535 (vendor.harman.n)
09-07 14:26:58.704 12199 12199 E Harman-Multi-VPA: [SpeechImpl]No package - com.harman.ignite.mapbox found
09-07 14:26:58.704 12199 12199 E Harman-Multi-VPA: [SpeechImpl]No package - com.harman.nav2020demo found
09-07 14:26:58.706   512  3590 I HarmanHal: PrimaryDevice::updateAudioPatch received with previousPatch as 10
09-07 14:26:58.706   512  3590 I HarmanHal: Device::updateAudioPatch Old patch : 10
09-07 14:26:58.706   512  3590 I HarmanHal: Device::releaseAudioPatch for patch id :10 
09-07 14:26:58.706   512  3590 I HarmanHal: Device::releaseAudioPatch: disconnect handle = 0xa, mDeviceAddress[handle] = bus1_navigation_out successfully by Hal audio
09-07 14:26:58.706   512  3590 I HarmanHal: Device::createAudioPatch Entry
09-07 14:26:58.706   512  3590 I HarmanHal: Device::createAudioPatch: handle = 0x1c, portHandle = 0x6, mDeviceAddress[handle] = bus1_navigation_out, mDeviceAddress2[portHandle] = bus5_alarm_out
09-07 14:26:58.706   512  3590 I HarmanHal: Device::createAudioPatch: handle = 0x1c, portHandle = 0x6, mDeviceAddress[handle] = , mDeviceAddress2[portHandle] = bus1_navigation_out
09-07 14:26:58.724   512 12206 D HarmanHAL: StreamIn::getCapturePositionImpl
09-07 14:26:58.725   576  1159 W APM::AudioPolicyEngine: getDevicesForStrategy() unknown strategy: -1
09-07 14:26:58.735 12234 12234 I crash_dump64: obtaining output fd from tombstoned, type: kDebuggerdNativeBacktrace
09-07 14:26:58.736   463   463 I tombstoned: received crash request for pid 535
09-07 14:26:58.736   463   463 I tombstoned: found intercept fd 512 for pid 535 and type kDebuggerdNativeBacktrace
09-07 14:26:58.737 12234 12234 I crash_dump64: performing dump of process 535 (target tid = 535)
09-07 14:26:58.748   512  3590 I HarmanHal: PrimaryDevice::updateAudioPatch received with previousPatch as 11
09-07 14:26:58.748   512  3590 I HarmanHal: Device::updateAudioPatch Old patch : 11
09-07 14:26:58.748   512  3590 I HarmanHal: Device::releaseAudioPatch for patch id :11 
09-07 14:26:58.749   512  3590 I HarmanHal: Device::releaseAudioPatch: disconnect handle = 0xb, mDeviceAddress[handle] = bus2_voice_command_out successfully by Hal audio
09-07 14:26:58.749   512  3590 I HarmanHal: Device::createAudioPatch Entry
09-07 14:26:58.749   512  3590 I HarmanHal: Device::createAudioPatch: handle = 0x1d, portHandle = 0x9, mDeviceAddress[handle] = bus2_voice_command_out, mDeviceAddress2[portHandle] = bus0_media_out
09-07 14:26:58.749   512  3590 I HarmanHal: Device::createAudioPatch: handle = 0x1d, portHandle = 0x9, mDeviceAddress[handle] = , mDeviceAddress2[portHandle] = bus2_voice_command_out
09-07 14:26:58.753   512 12206 D HarmanHAL: StreamIn::getCapturePositionImpl
09-07 14:26:58.766   576  1159 W APM::AudioPolicyEngine: getDevicesForStrategy() unknown strategy: -1
09-07 14:26:58.777  1033  1033 I ActivityManager: Collecting stacks for native pid 903
09-07 14:26:58.779   463   463 I tombstoned: registered intercept for pid 903 and type kDebuggerdNativeBacktrace
09-07 14:26:58.780   463   463 I tombstoned: received crash request for pid 903
09-07 14:26:58.781   463   463 I tombstoned: found intercept fd 512 for pid 903 and type kDebuggerdNativeBacktrace
09-07 14:26:58.783   512 12206 D HarmanHAL: StreamIn::getCapturePositionImpl
09-07 14:26:58.789   512  3590 I HarmanHal: PrimaryDevice::updateAudioPatch received with previousPatch as 12
09-07 14:26:58.789   512  3590 I HarmanHal: Device::updateAudioPatch Old patch : 12
09-07 14:26:58.789   512  3590 I HarmanHal: Device::releaseAudioPatch for patch id :12 
09-07 14:26:58.789   512  3590 I HarmanHal: Device::releaseAudioPatch: disconnect handle = 0xc, mDeviceAddress[handle] = bus3_call_ring_out successfully by Hal audio
09-07 14:26:58.789   512  3590 I HarmanHal: Device::createAudioPatch Entry
09-07 14:26:58.789   512  3590 I HarmanHal: Device::createAudioPatch: handle = 0x1e, portHandle = 0xc, mDeviceAddress[handle] = bus3_call_ring_out, mDeviceAddress2[portHandle] = bus3_call_ring_out
09-07 14:26:58.790   512  3590 I HarmanHal: Device::createAudioPatch: handle = 0x1e, portHandle = 0xc, mDeviceAddress[handle] = , mDeviceAddress2[portHandle] = bus3_call_ring_out
09-07 14:26:58.807   576  1159 W APM::AudioPolicyEngine: getDevicesForStrategy() unknown strategy: -1
09-07 14:26:58.824   512 12206 D HarmanHAL: StreamIn::getCapturePositionImpl
09-07 14:26:58.836   512  3590 I HarmanHal: PrimaryDevice::updateAudioPatch received with previousPatch as 13
09-07 14:26:58.836   512  3590 I HarmanHal: Device::updateAudioPatch Old patch : 13
09-07 14:26:58.836   512  3590 I HarmanHal: Device::releaseAudioPatch for patch id :13 
09-07 14:26:58.836   512  3590 I HarmanHal: Device::releaseAudioPatch: disconnect handle = 0xd, mDeviceAddress[handle] = bus4_call_out successfully by Hal audio
09-07 14:26:58.836   512  3590 I HarmanHal: Device::createAudioPatch Entry
09-07 14:26:58.836   512  3590 I HarmanHal: Device::createAudioPatch: handle = 0x1f, portHandle = 0xf, mDeviceAddress[handle] = bus4_call_out, mDeviceAddress2[portHandle] = bus6_notification_out
09-07 14:26:58.836   512  3590 I HarmanHal: Device::createAudioPatch: handle = 0x1f, portHandle = 0xf, mDeviceAddress[handle] = , mDeviceAddress2[portHandle] = bus4_call_out
09-07 14:26:58.844 12237 12237 I qccsyshalservice: Start with system binder
09-07 14:26:58.845 12237 12237 I qccsyshalservice: Registering qccsyshal service...
09-07 14:26:58.846 12237 12237 E HidlServiceManagement: Service vendor.qti.hardware.qccsyshal@1.0::IQccsyshal/qccsyshal must be in VINTF manifest in order to register/get.
09-07 14:26:58.846 12237 12237 E qccsyshalservice: [ERROR] registerAsService() failed with status: -2147483648
09-07 14:26:58.853   576  1159 W APM::AudioPolicyEngine: getDevicesForStrategy() unknown strategy: -1
09-07 14:26:58.854   512 12206 D HarmanHAL: StreamIn::getCapturePositionImpl
09-07 14:26:58.878   512  3590 I HarmanHal: PrimaryDevice::updateAudioPatch received with previousPatch as 14
09-07 14:26:58.878   512  3590 I HarmanHal: Device::updateAudioPatch Old patch : 14
09-07 14:26:58.879   512  3590 I HarmanHal: Device::releaseAudioPatch for patch id :14 
09-07 14:26:58.879   512  3590 I HarmanHal: Device::releaseAudioPatch: disconnect handle = 0xe, mDeviceAddress[handle] = bus5_alarm_out successfully by Hal audio
09-07 14:26:58.879   512  3590 I HarmanHal: Device::createAudioPatch Entry
09-07 14:26:58.879   512  3590 I HarmanHal: Device::createAudioPatch: handle = 0x20, portHandle = 0x12, mDeviceAddress[handle] = bus5_alarm_out, mDeviceAddress2[portHandle] = 
09-07 14:26:58.879   512  3590 I HarmanHal: Device::createAudioPatch: handle = 0x20, portHandle = 0x12, mDeviceAddress[handle] = , mDeviceAddress2[portHandle] = bus5_alarm_out
09-07 14:26:58.883   512 12206 D HarmanHAL: StreamIn::getCapturePositionImpl
09-07 14:26:58.901   576  1159 W APM::AudioPolicyEngine: getDevicesForStrategy() unknown strategy: -1
09-07 14:26:58.913   512 12206 D HarmanHAL: StreamIn::getCapturePositionImpl
09-07 14:26:58.917 12238 12238 E android.hardware.sensors@1.0-service: Couldn't load sensors module (Unknown error -2147483648)
09-07 14:26:58.918 12238 12238 D RefBase : RefBase: Explicit destruction, weak count = 0 (in 0xb4000075ca44a328)
09-07 14:26:58.918 12238 12238 W RefBase : CallStack::getCurrentInternal not linked, returning null
09-07 14:26:58.918 12238 12238 W RefBase : CallStack::logStackInternal not linked
09-07 14:26:58.919 12239 12239 I chatty  : uid=0(root) /vendor/bin/hw/vendor.harman.LogManager@1.0-service expire 2 lines
09-07 14:26:58.919 12239 12239 I vendor.harman.L: type=1400 audit(0.0:2029): avc: denied { getattr } for path="/dev/__properties__/u:object_r:hwservicemanager_prop:s0" dev="tmpfs" ino=24519 scontext=u:r:logmanagerd:s0 tcontext=u:object_r:hwservicemanager_prop:s0 tclass=file permissive=1
09-07 14:26:58.919 12238 12238 E LegacySupport: Could not get passthrough implementation for android.hardware.sensors@1.0::ISensors/default.
09-07 14:26:58.920 12239 12239 D LOGMANAGER: LOGMANAGER HAL service init() start
09-07 14:26:58.921 12239 12239 D LOGMANAGER: Logmanager configured rpcthreadpool
09-07 14:26:58.923   512  3590 I HarmanHal: PrimaryDevice::updateAudioPatch received with previousPatch as 15
09-07 14:26:58.923   512  3590 I HarmanHal: Device::updateAudioPatch Old patch : 15
09-07 14:26:58.923   512  3590 I HarmanHal: Device::releaseAudioPatch for patch id :15 
09-07 14:26:58.924   512  3590 I HarmanHal: Device::releaseAudioPatch: disconnect handle = 0xf, mDeviceAddress[handle] = bus6_notification_out successfully by Hal audio
09-07 14:26:58.924   512  3590 I HarmanHal: Device::createAudioPatch Entry
09-07 14:26:58.924   512  3590 I HarmanHal: Device::createAudioPatch: handle = 0x21, portHandle = 0x15, mDeviceAddress[handle] = bus6_notification_out, mDeviceAddress2[portHandle] = bus0_media_out
09-07 14:26:58.924   512  3590 I HarmanHal: Device::createAudioPatch: handle = 0x21, portHandle = 0x15, mDeviceAddress[handle] = , mDeviceAddress2[portHandle] = bus6_notification_out
09-07 14:26:58.931 12239 12239 I HidlServiceManagement: Registered vendor.harman.hardware.LogManager@1.0::ILogManager/default
09-07 14:26:58.932 12239 12239 D LOGMANAGER: Logmanager HAL Service is registered and ready
09-07 14:26:58.932 12239 12239 I LOGMANAGER: ThreadPoolWrapper::initThreadPool
09-07 14:26:58.932 12239 12239 I LOGMANAGER: ThreadPoolWrapper : exit
09-07 14:26:58.932 12239 12239 D LOGMANAGER: Logmanager threadpoolwrapper created
09-07 14:26:58.932 12239 12240 I LOGMANAGER: ThreadPoolWrapper:  enter the joinRpcThreadpool()
09-07 14:26:58.933 12239 12239 D LOGMANAGER: User argument is -c
09-07 14:26:58.935 12239 12239 I LOGMANAGER: LogmanagerConfig is configured under config file
09-07 14:26:58.935 12239 12239 I LOGMANAGER: LoggingLevel is : 4
09-07 14:26:58.935 12239 12239 I LOGMANAGER: LogEnableState is : 0
09-07 14:26:58.935 12239 12239 I LOGMANAGER: OutputPluginConfiguration PluginType : LOGWRITTER
09-07 14:26:58.935 12239 12239 I LOGMANAGER: LM_OutputConfiguration : 1
09-07 14:26:58.936 12239 12239 I LOGMANAGER: LM_OfflineTraceDirectory : /data/cache
09-07 14:26:58.936 12239 12239 I LOGMANAGER: LM_OfflineTraceFILESize : 1000000
09-07 14:26:58.936 12239 12239 I LOGMANAGER: LM_OfflineTotalFILESSize : 20000000
09-07 14:26:58.936 12239 12239 I LOGMANAGER: LM_FileNameTimeStampBased : 0
09-07 14:26:58.936 12239 12239 I LOGMANAGER: Got IOC plugin
09-07 14:26:58.936 12239 12239 I LOGMANAGER: IOCIPCChannelNumber :6
09-07 14:26:58.936 12239 12239 I LOGMANAGER: keyseq: HOME + VOLUMEDOWN  for domain is AudioDump
09-07 14:26:58.936 12239 12239 I LOGMANAGER: keyseq: HOME + VOLUMEUP  for domain is HCIDump
09-07 14:26:58.936 12239 12239 I LOGMANAGER: Domains parsing is done
09-07 14:26:58.943   576  1159 W APM::AudioPolicyEngine: getDevicesForStrategy() unknown strategy: -1
09-07 14:26:58.943 12239 12239 E LOGMANAGER: Failed to load plugin /vendor/lib64/libIOCDLogReader.so with error code dlopen failed: library "/vendor/lib64/libIOCDLogReader.so" not found 
09-07 14:26:58.943 12239 12239 F libc    : Fatal signal 11 (SIGSEGV), code 1 (SEGV_MAPERR), fault addr 0x0 in tid 12239 (vendor.harman.L), pid 12239 (vendor.harman.L)
09-07 14:26:58.943   512 12206 D HarmanHAL: StreamIn::getCapturePositionImpl
09-07 14:26:58.965   512  3590 I HarmanHal: PrimaryDevice::updateAudioPatch received with previousPatch as 16
09-07 14:26:58.965   512  3590 I HarmanHal: Device::updateAudioPatch Old patch : 16
09-07 14:26:58.965   512  3590 I HarmanHal: Device::releaseAudioPatch for patch id :16 
09-07 14:26:58.965   512  3590 I HarmanHal: Device::releaseAudioPatch: disconnect handle = 0x10, mDeviceAddress[handle] = bus7_system_sound_out successfully by Hal audio
09-07 14:26:58.965   512  3590 I HarmanHal: Device::createAudioPatch Entry
09-07 14:26:58.966   512  3590 I HarmanHal: Device::createAudioPatch: handle = 0x22, portHandle = 0x18, mDeviceAddress[handle] = bus7_system_sound_out, mDeviceAddress2[portHandle] = bus0_media_out
09-07 14:26:58.966   512  3590 I HarmanHal: Device::createAudioPatch: handle = 0x22, portHandle = 0x18, mDeviceAddress[handle] = , mDeviceAddress2[portHandle] = bus7_system_sound_out
09-07 14:26:58.983   512 12206 D HarmanHAL: StreamIn::getCapturePositionImpl
09-07 14:26:58.987 12243 12243 I crash_dump64: obtaining output fd from tombstoned, type: kDebuggerdTombstone
09-07 14:26:58.988   463   463 I tombstoned: received crash request for pid 12239
09-07 14:26:58.989   463   463 I tombstoned: enqueueing crash request for pid 12239
09-07 14:26:58.996  3191  3191 I RadioService.service: Setting Mute state to: false
09-07 14:26:58.999   538   538 I automotive.vehicle@2.0-impl: SubscriptionManager::addOrUpdateSubscription, callback: 0xb400007c1fd46bf0
09-07 14:26:58.999   538   538 I automotive.vehicle@2.0-impl: SubscriptionManager::addOrUpdateSubscription, prop: 0x11200407
09-07 14:26:58.999   538   538 I automotive.vehicle@2.0-impl: addOrUpdateSubscription opts.propId: 0x11200407
09-07 14:26:59.000   532   569 I VPS     : VPS:VehiclePlatformSOCHeartBeatHandler IVI HeartBeat sent successfully SOCHeartBeatInfo.SOCStatus->2
09-07 14:26:59.000   532   569 W ipcLib  : ipcLib: in ipc_lib. DV1 write called
09-07 14:26:59.000 12011 12116 I chatty  : uid=1000(system) CarPropertyServ expire 1 line
09-07 14:26:59.002   532   569 W ipcLib  : ipcLib: in ipc_lib. DV1 read called
09-07 14:26:59.003  1033 12017 D CompatibilityChangeReporter: Compat change id reported: 135634846; UID 1001000; state: DISABLED
09-07 14:26:59.003  1033 12017 D CompatibilityChangeReporter: Compat change id reported: 135754954; UID 1001000; state: ENABLED
09-07 14:26:59.013   512 12206 D HarmanHAL: StreamIn::getCapturePositionImpl
09-07 14:26:59.016   472   472 D Zygote  : Forked child process 12248
09-07 14:26:59.019  1033  1067 I ActivityManager: Start proc 12248:com.android.car/u10s1000 for service {com.android.car/com.android.car.PerUserCarService}
09-07 14:26:59.024 12248 12248 I Zygote  : seccomp disabled by setenforce 0
09-07 14:26:59.032  3033  3033 I MediaModeService: startMediaConnectorService with autoplay:true
09-07 14:26:59.034  1033 12017 W ActivityManager: Unable to start service Intent { act=com.android.car.media.MEDIA_CONNECTION pkg=com.android.car.media (has extras) } U=10: not found
09-07 14:26:59.044   512 12206 D HarmanHAL: StreamIn::getCapturePositionImpl
09-07 14:26:59.044   345   387 I carwatchdogd: Received user state change: user(0) is started
09-07 14:26:59.046   345   387 I carwatchdogd: Received user state change: user(10) is started
09-07 14:26:59.049  1033 12017 D CompatibilityChangeReporter: Compat change id reported: 135634846; UID 1000; state: DISABLED
09-07 14:26:59.050  1033 12017 D CompatibilityChangeReporter: Compat change id reported: 135754954; UID 1000; state: ENABLED
09-07 14:26:59.050 12011 12011 D VehicleHalTiming: CarService.initAllServices took to complete: 986ms
09-07 14:26:59.067 12039 12039 W CAR.L   : waited for car_service (ms):1100
09-07 14:26:59.067 12039 12039 W CAR.L   : java.lang.RuntimeException
09-07 14:26:59.067 12039 12039 W CAR.L   : 	at android.car.Car.createCar(Car.java:1114)
09-07 14:26:59.067 12039 12039 W CAR.L   : 	at com.harman.car.HarmanCarWatchdogClient.<init>(HarmanCarWatchdogClient.java:95)
09-07 14:26:59.067 12039 12039 W CAR.L   : 	at com.harman.car.HarmanCarWatchdogClient.getInstance(HarmanCarWatchdogClient.java:84)
09-07 14:26:59.067 12039 12039 W CAR.L   : 	at com.harman.car.BluetoothDtcNotificationService.onCreate(BluetoothDtcNotificationService.java:68)
09-07 14:26:59.067 12039 12039 W CAR.L   : 	at android.app.ActivityThread.handleCreateService(ActivityThread.java:4186)
09-07 14:26:59.067 12039 12039 W CAR.L   : 	at android.app.ActivityThread.access$1500(ActivityThread.java:237)
09-07 14:26:59.067 12039 12039 W CAR.L   : 	at android.app.ActivityThread$H.handleMessage(ActivityThread.java:1932)
09-07 14:26:59.067 12039 12039 W CAR.L   : 	at android.os.Handler.dispatchMessage(Handler.java:106)
09-07 14:26:59.067 12039 12039 W CAR.L   : 	at android.os.Looper.loop(Looper.java:223)
09-07 14:26:59.067 12039 12039 W CAR.L   : 	at android.app.ActivityThread.main(ActivityThread.java:7664)
09-07 14:26:59.067 12039 12039 W CAR.L   : 	at java.lang.reflect.Method.invoke(Native Method)
09-07 14:26:59.067 12039 12039 W CAR.L   : 	at com.android.internal.os.RuntimeInit$MethodAndArgsCaller.run(RuntimeInit.java:592)
09-07 14:26:59.067 12039 12039 W CAR.L   : 	at com.android.internal.os.ZygoteInit.main(ZygoteInit.java:947)
09-07 14:26:59.071  4909  4914 I adbd    : jdwp connection from 12248
09-07 14:26:59.072  1033  1055 I DropBoxManagerService: add tag=system_app_strictmode isTagEnabled=true flags=0x2
09-07 14:26:59.073   512 12206 D HarmanHAL: StreamIn::getCapturePositionImpl
09-07 14:26:59.075 12243 12243 I crash_dump64: performing dump of process 12239 (target tid = 12239)
09-07 14:26:59.076  2584  2584 D CarProxy: Car is connected now
09-07 14:26:59.077  1755  1755 D WifiS2RHandler: Car Service is connected
09-07 14:26:59.077  3033  3033 I MediaModeService: Car is connected now
09-07 14:26:59.077   472   472 D Zygote  : Forked child process 12271
09-07 14:26:59.079  1683  1683 I iAP2Service: IAPCarManager  Car Service is Connected: true
09-07 14:26:59.079  1683  1683 W iAP2Service: S2RResponseHandler initS2RHandler
09-07 14:26:59.079  1683  1683 W CAR.L   : getCarManager not working while car service not ready
09-07 14:26:59.080  1683  1683 W iAP2Service: S2RResponseHandler initS2RHandler power manager null retrying after 500ms
09-07 14:26:59.080  1723  1723 I KPI_Marker: [123.652000] [CarPlay] CpService Car Service is Connected
09-07 14:26:59.080  2517  2517 I CarUxRManager: Context returns display ID 0
09-07 14:26:59.080  1683  1683 I iAP2Service: IAPCarManager  Car Service is Connected: true
09-07 14:26:59.080  1683  1683 W iAP2Service: S2RResponseHandler initS2RHandler
09-07 14:26:59.081  1708  1822 I KPI_Marker: [123.652000] [AapManager] AAManager__ Car Service is Connected
09-07 14:26:59.081  3154  3154 D MediaCoreService: CarServiceConnector__onServiceConnected : car service connected.
09-07 14:26:59.081 12243 12243 F DEBUG   : *** *** *** *** *** *** *** *** *** *** *** *** *** *** *** ***
09-07 14:26:59.081  3394  3394 D CarLatinIME: Car Service connected
09-07 14:26:59.081 12243 12243 F DEBUG   : Build fingerprint: 'qti/titan_tml_b2/titan_tml_b2:11/RQ3A.210605.005/eng.ksong.20210907.134230:userdebug/test-keys'
09-07 14:26:59.081 12243 12243 F DEBUG   : Revision: '0'
09-07 14:26:59.082 12243 12243 F DEBUG   : ABI: 'arm64'
09-07 14:26:59.083  1755  1755 D WifiS2RHandler: Registering Car power state listener
09-07 14:26:59.083 12243 12243 F DEBUG   : Timestamp: 2021-09-07 14:26:59+0000
09-07 14:26:59.083 12243 12243 F DEBUG   : pid: 12239, tid: 12239, name: vendor.harman.L  >>> /vendor/bin/hw/vendor.harman.LogManager@1.0-service <<<
09-07 14:26:59.083 12248 12248 I com.android.ca: The ClassLoaderContext is a special shared library.
09-07 14:26:59.083 12243 12243 F DEBUG   : uid: 0
09-07 14:26:59.084 12243 12243 F DEBUG   : signal 11 (SIGSEGV), code 1 (SEGV_MAPERR), fault addr 0x0
09-07 14:26:59.084 12243 12243 F DEBUG   : Cause: null pointer dereference
09-07 14:26:59.084 12243 12243 F DEBUG   :     x0  0000000000000000  x1  0000000000000000  x2  0000000000080001  x3  0000000000000000
09-07 14:26:59.084 12243 12243 F DEBUG   :     x4  0000000000000000  x5  0000000000000090  x6  fefefefefefefeff  x7  7f7f7f7f7f7f7f7f
09-07 14:26:59.084 12243 12243 F DEBUG   :     x8  0101010101010101  x9  7a6fc335e48c5e60  x10 0000007fca58e4b8  x11 fffffffffffffffd
09-07 14:26:59.084 12243 12243 F DEBUG   :     x12 0000007fca58e640  x13 000000000000008e  x14 00380742d8bb4400  x15 0000000034155555
09-07 14:26:59.084 12243 12243 F DEBUG   :     x16 00000064ecb967e0  x17 00000072d4c99b30  x18 00000072d6148000  x19 0000000000000000
09-07 14:26:59.085 12243 12243 F DEBUG   :     x20 00000072d4bf6c50  x21 0000007fca58ed59  x22 b4000071d49bcc38  x23 0000007fca58ed78
09-07 14:26:59.085 12243 12243 F DEBUG   :     x24 0000000000000000  x25 00000072d55a2000  x26 0000007fca58ed59  x27 0000007fca58ed29
09-07 14:26:59.085 12243 12243 F DEBUG   :     x28 0000000000000000  x29 0000007fca58ec60
09-07 14:26:59.085 12243 12243 F DEBUG   :     lr  00000064ecb8d048  sp  0000007fca58ec60  pc  00000072d4c99b40  pst 0000000080000000
09-07 14:26:59.086  4341  4341 I CarUxRManager: Context returns display ID 0
09-07 14:26:59.086  1033  1067 I ActivityManager: Start proc 12271:com.android.experimentalcar/1000 for service {com.android.experimentalcar/com.android.experimentalcar.ExperimentalCarService}
09-07 14:26:59.087 12269 12269 I bootstat: Service started: /system/bin/bootstat -r car_service_created 
09-07 14:26:59.088  3154  3154 I MediaCoreService: CarWatchDogMonitor__onServiceConnected
09-07 14:26:59.089  3394  3394 I CarUxRManager: Context returns display ID 0
09-07 14:26:59.089 12271 12271 I Zygote  : seccomp disabled by setenforce 0
09-07 14:26:59.090 12137 12137 W CAR.L   : waited for car_service (ms):800
09-07 14:26:59.090 12137 12137 W CAR.L   : java.lang.RuntimeException
09-07 14:26:59.090 12137 12137 W CAR.L   : 	at android.car.Car.createCar(Car.java:1114)
09-07 14:26:59.090 12137 12137 W CAR.L   : 	at android.car.Car.createCar(Car.java:1051)
09-07 14:26:59.090 12137 12137 W CAR.L   : 	at com.harman.usb.handler.AdbConfigManager.<init>(AdbConfigManager.java:64)
09-07 14:26:59.090 12137 12137 W CAR.L   : 	at com.harman.usb.handler.HarmanUsbService.onCreate(HarmanUsbService.java:167)
09-07 14:26:59.090 12137 12137 W CAR.L   : 	at android.app.ActivityThread.handleCreateService(ActivityThread.java:4186)
09-07 14:26:59.090 12137 12137 W CAR.L   : 	at android.app.ActivityThread.access$1500(ActivityThread.java:237)
09-07 14:26:59.090 12137 12137 W CAR.L   : 	at android.app.ActivityThread$H.handleMessage(ActivityThread.java:1932)
09-07 14:26:59.090 12137 12137 W CAR.L   : 	at android.os.Handler.dispatchMessage(Handler.java:106)
09-07 14:26:59.090 12137 12137 W CAR.L   : 	at android.os.Looper.loop(Looper.java:223)
09-07 14:26:59.090 12137 12137 W CAR.L   : 	at android.app.ActivityThread.main(ActivityThread.java:7664)
09-07 14:26:59.090 12137 12137 W CAR.L   : 	at java.lang.reflect.Method.invoke(Native Method)
09-07 14:26:59.090 12137 12137 W CAR.L   : 	at com.android.internal.os.RuntimeInit$MethodAndArgsCaller.run(RuntimeInit.java:592)
09-07 14:26:59.090 12137 12137 W CAR.L   : 	at com.android.internal.os.ZygoteInit.main(ZygoteInit.java:947)
09-07 14:26:59.091 12243 12243 F DEBUG   : backtrace:
09-07 14:26:59.091 12243 12243 F DEBUG   :       #00 pc 000000000004ab40  /apex/com.android.runtime/lib64/bionic/libc.so (strlen_default+16) (BuildId: 2b7c6e33413ac7278a15dfc3ea383089)
09-07 14:26:59.091 12243 12243 F DEBUG   :       #01 pc 0000000000009044  /vendor/bin/hw/vendor.harman.LogManager@1.0-service (BuildId: 3e966ab64050b441b920ba0e8960d123)
09-07 14:26:59.091  1683  1683 W iAP2Service: S2RResponseHandler initS2RHandler started listening for S2R events
09-07 14:26:59.091 12243 12243 F DEBUG   :       #02 pc 0000000000008df0  /vendor/bin/hw/vendor.harman.LogManager@1.0-service (LM::LogManagerImpl::load_plugin_conf(void*, std::__1::basic_string<char, std::__1::char_traits<char>, std::__1::allocator<char> >, std::__1::multimap<std::__1::basic_string<char, std::__1::char_traits<char>, std::__1::allocator<char> >, int, std::__1::less<std::__1::basic_string<char, std::__1::char_traits<char>, std::__1::allocator<char> > >, std::__1::allocator<std::__1::pair<std::__1::basic_string<char, std::__1::char_traits<char>, std::__1::allocator<char> > const, int> > >&)+752) (BuildId: 3e966ab64050b441b920ba0e8960d123)
09-07 14:26:59.091 12243 12243 F DEBUG   :       #03 pc 00000000000088c0  /vendor/bin/hw/vendor.harman.LogManager@1.0-service (LM::LogManagerImpl::loadplugins()+436) (BuildId: 3e966ab64050b441b920ba0e8960d123)
09-07 14:26:59.091 12243 12243 F DEBUG   :       #04 pc 0000000000007af8  /vendor/bin/hw/vendor.harman.LogManager@1.0-service (main+1112) (BuildId: 3e966ab64050b441b920ba0e8960d123)
09-07 14:26:59.092 12243 12243 F DEBUG   :       #05 pc 000000000004988c  /apex/com.android.runtime/lib64/bionic/libc.so (__libc_init+108) (BuildId: 2b7c6e33413ac7278a15dfc3ea383089)
09-07 14:26:59.092  2584  2584 D CarProxy: got CarBluetoothManager android.car.CarBluetoothManager@3e1a0e0
09-07 14:26:59.093 12011 12062 I chatty  : uid=1000(system) Binder:12011_3 expire 4 lines
09-07 14:26:59.093  1033  1033 I ActivityManager: Collecting stacks for native pid 519
09-07 14:26:59.094 12011 12052 I chatty  : uid=1000(system) Binder:12011_2 expire 18 lines
09-07 14:26:59.094  3154  3154 W MediaCoreService: CarWatchDogMonitor__onServiceConnected, try to register watch dog callback again
09-07 14:26:59.097  3596  3596 I IVIDisplayManager: subscribeDisplayProperty is called mCarApi android.car.Car@3b07f0a mPropertyMgr android.car.hardware.property.CarPropertyManager@497537b
09-07 14:26:59.098  3596  3596 E CarPropertyManager: registerListener:  propId is not in config list:  557936655
09-07 14:26:59.098  3596  3596 I IVIDisplayManager: prop id 557936655 registerCallback is is not successfull
09-07 14:26:59.100 12011 12277 I chatty  : uid=1000(system) Binder:12011_4 expire 24 lines
09-07 14:26:59.101 12011 12279 I chatty  : uid=1000(system) Binder:12011_5 expire 3 lines
09-07 14:26:59.102 12011 12038 I chatty  : uid=1000(system) Binder:12011_1 expire 9 lines
09-07 14:26:59.102   463   463 I tombstoned: registered intercept for pid 519 and type kDebuggerdNativeBacktrace
09-07 14:26:59.106   512 12206 D HarmanHAL: StreamIn::getCapturePositionImpl
09-07 14:26:59.107   519   519 I libc    : Requested dump for tid 519 (neuralnetworks@)
09-07 14:26:59.108  3033  3033 I MediaModeService: got CarAudioManager: android.car.media.CarAudioManager@ffed4e0
09-07 14:26:59.108  3033  3033 I MediaModeService: got CarMediaManager: android.car.media.CarMediaManager@99d1399
09-07 14:26:59.108  3033  3033 I MediaModeService: got CarWatchdogManager: android.car.watchdog.CarWatchdogManager@530265e
09-07 14:26:59.109  4909  4914 I adbd    : jdwp connection from 12271
09-07 14:26:59.111   538   538 I automotive.vehicle@2.0-impl: SubscriptionManager::addOrUpdateSubscription, callback: 0xb400007c1fd46bf0
09-07 14:26:59.112   538   538 I automotive.vehicle@2.0-impl: SubscriptionManager::addOrUpdateSubscription, prop: 0x1140050d
09-07 14:26:59.112  4341  4341 I CarUxRManager: Context returns display ID 0
09-07 14:26:59.112   538   538 I automotive.vehicle@2.0-impl: addOrUpdateSubscription opts.propId: 0x1140050d
09-07 14:26:59.115   538   538 I automotive.vehicle@2.0-impl: SubscriptionManager::addOrUpdateSubscription, callback: 0xb400007c1fd46bf0
09-07 14:26:59.115   538   538 I automotive.vehicle@2.0-impl: SubscriptionManager::addOrUpdateSubscription, prop: 0x1140050e
09-07 14:26:59.115   538   538 I automotive.vehicle@2.0-impl: addOrUpdateSubscription opts.propId: 0x1140050e
09-07 14:26:59.116   538   538 I automotive.vehicle@2.0-impl: SubscriptionManager::addOrUpdateSubscription, callback: 0xb400007c1fd46bf0
09-07 14:26:59.116   538   538 I automotive.vehicle@2.0-impl: SubscriptionManager::addOrUpdateSubscription, prop: 0x13200504
09-07 14:26:59.116   538   538 I automotive.vehicle@2.0-impl: addOrUpdateSubscription opts.propId: 0x13200504
09-07 14:26:59.116 12011 12281 I chatty  : uid=1000(system) Binder:12011_6 expire 14 lines
09-07 14:26:59.117  4341  4341 I CarUxRManager: Context returns display ID 0
09-07 14:26:59.117 12137 12137 I android_os_HwBinder: HwBinder: Starting thread pool for getting: vendor.harman.hardware.usb@1.0::IUsbExt/default
09-07 14:26:59.117   538   619 I automotive.vehicle@2.0-impl: SubscriptionManager::addOrUpdateSubscription, callback: 0xb400007c1fd474f0
09-07 14:26:59.117   538   619 I automotive.vehicle@2.0-impl: SubscriptionManager::addOrUpdateSubscription, prop: 0x15200505
09-07 14:26:59.117   538   619 I automotive.vehicle@2.0-impl: addOrUpdateSubscription opts.propId: 0x15200505
09-07 14:26:59.120 12067 12067 W CAR.L   : waited for car_service (ms):700
09-07 14:26:59.120 12067 12067 W CAR.L   : java.lang.RuntimeException
09-07 14:26:59.120 12067 12067 W CAR.L   : 	at android.car.Car.createCar(Car.java:1114)
09-07 14:26:59.120 12067 12067 W CAR.L   : 	at com.harman.car.HarmanCarWatchdogClient.<init>(HarmanCarWatchdogClient.java:95)
09-07 14:26:59.120 12067 12067 W CAR.L   : 	at com.harman.car.HarmanCarWatchdogClient.getInstance(HarmanCarWatchdogClient.java:84)
09-07 14:26:59.120 12067 12067 W CAR.L   : 	at com.harman.car.BluetoothDtcNotificationService.onCreate(BluetoothDtcNotificationService.java:68)
09-07 14:26:59.120 12067 12067 W CAR.L   : 	at android.app.ActivityThread.handleCreateService(ActivityThread.java:4186)
09-07 14:26:59.120 12067 12067 W CAR.L   : 	at android.app.ActivityThread.access$1500(ActivityThread.java:237)
09-07 14:26:59.120 12067 12067 W CAR.L   : 	at android.app.ActivityThread$H.handleMessage(ActivityThread.java:1932)
09-07 14:26:59.120 12067 12067 W CAR.L   : 	at android.os.Handler.dispatchMessage(Handler.java:106)
09-07 14:26:59.120 12067 12067 W CAR.L   : 	at android.os.Looper.loop(Looper.java:223)
09-07 14:26:59.120 12067 12067 W CAR.L   : 	at android.app.ActivityThread.main(ActivityThread.java:7664)
09-07 14:26:59.120 12067 12067 W CAR.L   : 	at java.lang.reflect.Method.invoke(Native Method)
09-07 14:26:59.120 12067 12067 W CAR.L   : 	at com.android.internal.os.RuntimeInit$MethodAndArgsCaller.run(RuntimeInit.java:592)
09-07 14:26:59.120 12067 12067 W CAR.L   : 	at com.android.internal.os.ZygoteInit.main(ZygoteInit.java:947)
09-07 14:26:59.126   531   531 I HarmanUsbHal: Registering usbExt callback
09-07 14:26:59.126 12248 12248 D NetworkSecurityConfig: No Network Security Config specified, using platform default
09-07 14:26:59.126 12248 12248 D NetworkSecurityConfig: No Network Security Config specified, using platform default
09-07 14:26:59.128 12248 12248 D PerUserCarService: onCreate()
09-07 14:26:59.130   538   619 I automotive.vehicle@2.0-impl: SubscriptionManager::addOrUpdateSubscription, callback: 0xb400007c1fd474f0
09-07 14:26:59.130   538   619 I automotive.vehicle@2.0-impl: SubscriptionManager::addOrUpdateSubscription, prop: 0x15200506
09-07 14:26:59.130   538   619 I automotive.vehicle@2.0-impl: addOrUpdateSubscription opts.propId: 0x15200506
09-07 14:26:59.132   538   538 I automotive.vehicle@2.0-impl: SubscriptionManager::addOrUpdateSubscription, callback: 0xb400007c1fd46bf0
09-07 14:26:59.132   538   538 I automotive.vehicle@2.0-impl: SubscriptionManager::addOrUpdateSubscription, prop: 0x15200508
09-07 14:26:59.132   538   538 I automotive.vehicle@2.0-impl: addOrUpdateSubscription opts.propId: 0x15200508
09-07 14:26:59.132  1723  1723 I CarUxRManager: Context returns display ID 0
09-07 14:26:59.133   538   538 I automotive.vehicle@2.0-impl: SubscriptionManager::addOrUpdateSubscription, callback: 0xb400007c1fd46bf0
09-07 14:26:59.133   538   538 I automotive.vehicle@2.0-impl: SubscriptionManager::addOrUpdateSubscription, prop: 0x15200509
09-07 14:26:59.133   538   538 I automotive.vehicle@2.0-impl: addOrUpdateSubscription opts.propId: 0x15200509
09-07 14:26:59.135 12067 12067 D BluetoothHeadsetClient: Proxy object connected
09-07 14:26:59.135   538   538 I automotive.vehicle@2.0-impl: SubscriptionManager::addOrUpdateSubscription, callback: 0xb400007c1fd46bf0
09-07 14:26:59.135   538   538 I automotive.vehicle@2.0-impl: SubscriptionManager::addOrUpdateSubscription, prop: 0x1520050a
09-07 14:26:59.135   538   538 I automotive.vehicle@2.0-impl: addOrUpdateSubscription opts.propId: 0x1520050a
09-07 14:26:59.136 12248 12248 D PerUserCarService: onBind()
09-07 14:26:59.137   538   538 I automotive.vehicle@2.0-impl: SubscriptionManager::addOrUpdateSubscription, callback: 0xb400007c1fd46bf0
09-07 14:26:59.137   538   538 I automotive.vehicle@2.0-impl: SubscriptionManager::addOrUpdateSubscription, prop: 0x15200510
09-07 14:26:59.137   538   538 I automotive.vehicle@2.0-impl: addOrUpdateSubscription opts.propId: 0x15200510
09-07 14:26:59.137 12011 12298 I chatty  : uid=1000(system) Binder:12011_8 expire 10 lines
09-07 14:26:59.141 12067 12067 D BluetoothPbapClient: Proxy object connected
09-07 14:26:59.142 12248 12270 D BluetoothHeadsetClient: Binding service...
09-07 14:26:59.143 12067 12067 D BluetoothA2dpSink: Proxy object connected
09-07 14:26:59.144 12067 12067 D BluetoothMapClient: Proxy object connected
09-07 14:26:59.145  1033 12029 D CompatibilityChangeReporter: Compat change id reported: 136219221; UID 1001000; state: ENABLED
09-07 14:26:59.145  1033 12029 D CompatibilityChangeReporter: Compat change id reported: 136274596; UID 1001000; state: DISABLED
09-07 14:26:59.145   512 12206 D HarmanHAL: StreamIn::getCapturePositionImpl
09-07 14:26:59.146   538   538 I automotive.vehicle@2.0-impl: SubscriptionManager::addOrUpdateSubscription, callback: 0xb400007c1fd46bf0
09-07 14:26:59.146   538   538 I automotive.vehicle@2.0-impl: SubscriptionManager::addOrUpdateSubscription, prop: 0x15400500
09-07 14:26:59.146   538   538 I automotive.vehicle@2.0-impl: addOrUpdateSubscription opts.propId: 0x15400500
09-07 14:26:59.146 12248 12248 D BluetoothHeadsetClient: Proxy object connected
09-07 14:26:59.147   538   538 I automotive.vehicle@2.0-impl: SubscriptionManager::addOrUpdateSubscription, callback: 0xb400007c1fd46bf0
09-07 14:26:59.148   538   538 I automotive.vehicle@2.0-impl: SubscriptionManager::addOrUpdateSubscription, prop: 0x15400501
09-07 14:26:59.148   538   538 I automotive.vehicle@2.0-impl: addOrUpdateSubscription opts.propId: 0x15400501
09-07 14:26:59.151   538   538 I automotive.vehicle@2.0-impl: SubscriptionManager::addOrUpdateSubscription, callback: 0xb400007c1fd46bf0
09-07 14:26:59.152   538   538 I automotive.vehicle@2.0-impl: SubscriptionManager::addOrUpdateSubscription, prop: 0x1540050b
09-07 14:26:59.152   538   538 I automotive.vehicle@2.0-impl: addOrUpdateSubscription opts.propId: 0x1540050b
09-07 14:26:59.153 12248 12270 D BluetoothPbapClient: Binding service...
09-07 14:26:59.154   538   538 I automotive.vehicle@2.0-impl: SubscriptionManager::addOrUpdateSubscription, callback: 0xb400007c1fd46bf0
09-07 14:26:59.155   538   538 I automotive.vehicle@2.0-impl: SubscriptionManager::addOrUpdateSubscription, prop: 0x15600502
09-07 14:26:59.155   538   538 I automotive.vehicle@2.0-impl: addOrUpdateSubscription opts.propId: 0x15600502
09-07 14:26:59.156   538   538 I automotive.vehicle@2.0-impl: SubscriptionManager::addOrUpdateSubscription, callback: 0xb400007c1fd46bf0
09-07 14:26:59.156   538   538 I automotive.vehicle@2.0-impl: SubscriptionManager::addOrUpdateSubscription, prop: 0x15600503
09-07 14:26:59.156   538   538 I automotive.vehicle@2.0-impl: addOrUpdateSubscription opts.propId: 0x15600503
09-07 14:26:59.156 10939 10939 D HvacController: initComponent: 68:358614275
09-07 14:26:59.157   538   619 I automotive.vehicle@2.0-impl: SubscriptionManager::addOrUpdateSubscription, callback: 0xb400007c1fd474f0
09-07 14:26:59.158   538   619 I automotive.vehicle@2.0-impl: SubscriptionManager::addOrUpdateSubscription, prop: 0x11400400
09-07 14:26:59.158   538   619 I automotive.vehicle@2.0-impl: addOrUpdateSubscription opts.propId: 0x11400400
09-07 14:26:59.158  1723  1723 I CarPlay : CpCarProjectionManager mSessionStatusInfo is null 
09-07 14:26:59.158 12248 12248 D BluetoothPbapClient: Proxy object connected
09-07 14:26:59.163   538   538 I automotive.vehicle@2.0-impl: SubscriptionManager::addOrUpdateSubscription, callback: 0xb400007c1fd46bf0
09-07 14:26:59.163   538   538 I automotive.vehicle@2.0-impl: SubscriptionManager::addOrUpdateSubscription, prop: 0x11600207
09-07 14:26:59.163   538   538 I automotive.vehicle@2.0-impl: addOrUpdateSubscription opts.propId: 0x11600207
09-07 14:26:59.167 10939 10939 D HvacController: initComponent: 49:358614275
09-07 14:26:59.168 12248 12270 D BluetoothA2dpSink: Binding service...
09-07 14:26:59.169  1708  1822 I CarUxRManager: Context returns display ID 0
09-07 14:26:59.171 12248 12248 D BluetoothA2dpSink: Proxy object connected
09-07 14:26:59.171 10939 10939 D PowerManagerHelper: Car Service connected
09-07 14:26:59.175   512 12206 D HarmanHAL: StreamIn::getCapturePositionImpl
09-07 14:26:59.177 12248 12270 D BluetoothMapClient: Binding service...
09-07 14:26:59.182  1708  1822 I KPI_Marker: [123.755000] [AapManager] AAManager__ re initializing car packages
09-07 14:26:59.185  1033  1064 I DropBoxManagerService: add tag=system_server_wtf isTagEnabled=true flags=0x2
09-07 14:26:59.188  1723  1723 I CarPlay : 2021-09-07 02:26:59.188267 PM [CarPlay][DomainCore] cpHMIClient::setNightMode, Enable: Yes
09-07 14:26:59.188  1723  1723 I CarPlay : 2021-09-07 02:26:59.188920 PM [CarPlay][DevCtrl] Setting Night Mode to ON
09-07 14:26:59.193 12271 12271 I experimentalca: The ClassLoaderContext is a special shared library.
09-07 14:26:59.194 12248 12248 D BluetoothMapClient: Proxy object connected
09-07 14:26:59.199 12248 12270 D BluetoothPan: Binding service...
09-07 14:26:59.205 10939 10939 D CarNavigationView: ProjectionReceiver: onReceive(): Intent received is:com.harman.connectivity.app.ANDROID_AUTO_SESSION_DISCONNECTED
09-07 14:26:59.207   512 12206 D HarmanHAL: StreamIn::getCapturePositionImpl
09-07 14:26:59.208 10939 10939 D CarNavigationView: ProjectionReceiver: onReceive(): Intent received is:com.harman.connectivity.app.ANDROID_AUTO_SESSION_DISCONNECTED
09-07 14:26:59.208 10939 10939 D CarNavigationView: ProjectionReceiver: onReceive(): Intent received is:com.harman.connectivity.app.ANDROID_AUTO_SESSION_DISCONNECTED
09-07 14:26:59.210  2015  2015 E HvacController: Unknown fan direction 0. Returning default.
09-07 14:26:59.220 12271 12271 D NetworkSecurityConfig: No Network Security Config specified, using platform default
09-07 14:26:59.220 12271 12271 D NetworkSecurityConfig: No Network Security Config specified, using platform default
09-07 14:26:59.225  1033  1064 I DropBoxManagerService: add tag=system_server_wtf isTagEnabled=true flags=0x2
09-07 14:26:59.226  1708  1822 I KPI_Marker: [123.798000] [AapManager] AAManager__ Car Service is Connected
09-07 14:26:59.227 10939 10939 D HvacController: onChangeEvent: 49:358614275:0.0
09-07 14:26:59.229 10939 10939 D HvacController: onChangeEvent: 68:358614275:0.0
09-07 14:26:59.234   512 12206 D HarmanHAL: StreamIn::getCapturePositionImpl
09-07 14:26:59.247  1683 12124 I KPI_Marker: [123.820000] [HarmanUsbHandlerManager] Notifying Client Listeners: com.harman.connectivity.iap2service
09-07 14:26:59.249  1635 12122 I KPI_Marker: [123.821000] [HarmanUsbHandlerManager] Notifying Client Listeners: com.harman.DCSM
09-07 14:26:59.251  1708 12121 I KPI_Marker: [123.823000] [HarmanUsbHandlerManager] Notifying Client Listeners: com.harman.connectivity.androidauto.application.internals
09-07 14:26:59.251  1033  1064 I DropBoxManagerService: add tag=system_server_wtf isTagEnabled=true flags=0x2
09-07 14:26:59.264   512 12206 D HarmanHAL: StreamIn::getCapturePositionImpl
09-07 14:26:59.266 12305 12305 I crash_dump64: obtaining output fd from tombstoned, type: kDebuggerdNativeBacktrace
09-07 14:26:59.266   532   569 W ipcLib  : ipcLib: in ipc_lib. DV1 read called
09-07 14:26:59.267   532   568 I VPS     : VPS:IOCStatusInfo.VoltageStatus->0 
09-07 14:26:59.267   532   568 I VPS     : VPS:IOCStatusInfo.IOCStatusCmd->a6 
09-07 14:26:59.267   532   568 I VPS     : VPS:IOCStatusInfo.WakeUpReason->0 
09-07 14:26:59.267   532   568 I VPS     : VPS:IOCStatusInfo.DerivedIgnitionStatus->0 
09-07 14:26:59.268   532   568 I VPS     : VPS:IOCStatusInfo.PowerModeState->4 
09-07 14:26:59.268   532   568 I VPS     : VPS:IOCStatusInfo.SOCShutdownRequest->0 
09-07 14:26:59.268   532   568 I VPS     : VPS:IOCStatusInfo.AntiTheftState->0 
09-07 14:26:59.268   532   568 I VPS     : VPS:IOCStatusInfo.BatteryConnect->0 
09-07 14:26:59.268   463   463 I tombstoned: received crash request for pid 519
09-07 14:26:59.268   463   463 I tombstoned: enqueueing crash request for pid 519
09-07 14:26:59.275 12011 12127 I chatty  : uid=1000(system) CarLocationServ expire 6 lines
09-07 14:26:59.276  1033  1064 I DropBoxManagerService: add tag=system_server_wtf isTagEnabled=true flags=0x2
09-07 14:26:59.278 10939 10939 D CarNavigationView: ProjectionReceiver: onReceive(): Intent received is:com.harman.connectivity.app.ANDROID_AUTO_SESSION_DISCONNECTED
09-07 14:26:59.278 10939 10939 D CarNavigationView: ProjectionReceiver: onReceive(): Intent received is:com.harman.connectivity.app.ANDROID_AUTO_SESSION_DISCONNECTED
09-07 14:26:59.285 12271 12271 E CAR.EXPIMPL: Failed to construct requested feature:vehicle_map_subscriber_service
09-07 14:26:59.286 12011 12277 I chatty  : uid=1000(system) Binder:12011_4 expire 3 lines
09-07 14:26:59.303   512 12206 D HarmanHAL: StreamIn::getCapturePositionImpl
09-07 14:26:59.316  1033  1270 W NativeCrashListener: Couldn't find ProcessRecord for pid 12239
09-07 14:26:59.318   463   463 E tombstoned: Tombstone written to: /data/tombstones/tombstone_40
09-07 14:26:59.318   463   463 I tombstoned: found intercept fd 512 for pid 519 and type kDebuggerdNativeBacktrace
09-07 14:26:59.319 12305 12305 I crash_dump64: performing dump of process 519 (target tid = 519)
09-07 14:26:59.324  1033  1095 I BootReceiver: Copying /data/tombstones/tombstone_40 to DropBox (SYSTEM_TOMBSTONE)
09-07 14:26:59.327  1033  1095 I DropBoxManagerService: add tag=SYSTEM_TOMBSTONE isTagEnabled=true flags=0x2
09-07 14:26:59.333   512 12206 D HarmanHAL: StreamIn::getCapturePositionImpl
09-07 14:26:59.360  1033  1033 I ActivityManager: Collecting stacks for native pid 423
09-07 14:26:59.364   512 12206 D HarmanHAL: StreamIn::getCapturePositionImpl
09-07 14:26:59.364   463   463 I tombstoned: registered intercept for pid 423 and type kDebuggerdNativeBacktrace
09-07 14:26:59.365   423   423 I libc    : Requested dump for tid 423 (suspend@1.0-ser)
09-07 14:26:59.394   512 12206 D HarmanHAL: StreamIn::getCapturePositionImpl
09-07 14:26:59.411 12324 12324 I crash_dump64: obtaining output fd from tombstoned, type: kDebuggerdNativeBacktrace
09-07 14:26:59.412   463   463 I tombstoned: received crash request for pid 423
09-07 14:26:59.412   463   463 I tombstoned: found intercept fd 512 for pid 423 and type kDebuggerdNativeBacktrace
09-07 14:26:59.413 12324 12324 I crash_dump64: performing dump of process 423 (target tid = 423)
09-07 14:26:59.424   512 12206 D HarmanHAL: StreamIn::getCapturePositionImpl
09-07 14:26:59.463   512 12206 D HarmanHAL: StreamIn::getCapturePositionImpl
09-07 14:26:59.465  1033  1033 I ActivityManager: Collecting stacks for native pid 538
09-07 14:26:59.468   463   463 I tombstoned: registered intercept for pid 538 and type kDebuggerdNativeBacktrace
09-07 14:26:59.469   538   538 I libc    : Requested dump for tid 538 (vendor.harman.v)
09-07 14:26:59.473   538   618 W ipcLib  : ipcLib: in ipc_lib. DV1 read called
09-07 14:26:59.493   512 12206 D HarmanHAL: StreamIn::getCapturePositionImpl
09-07 14:26:59.517 12332 12332 I crash_dump64: obtaining output fd from tombstoned, type: kDebuggerdNativeBacktrace
09-07 14:26:59.518   463   463 I tombstoned: received crash request for pid 538
09-07 14:26:59.518   463   463 I tombstoned: found intercept fd 512 for pid 538 and type kDebuggerdNativeBacktrace
09-07 14:26:59.519 12332 12332 I crash_dump64: performing dump of process 538 (target tid = 538)
09-07 14:26:59.523   512 12206 D HarmanHAL: StreamIn::getCapturePositionImpl
09-07 14:26:59.554   512 12206 D HarmanHAL: StreamIn::getCapturePositionImpl
09-07 14:26:59.563  1033  1033 I ActivityManager: Collecting stacks for native pid 911
09-07 14:26:59.569   463   463 I tombstoned: registered intercept for pid 911 and type kDebuggerdNativeBacktrace
09-07 14:26:59.570   463   463 I tombstoned: received crash request for pid 911
09-07 14:26:59.571   463   463 I tombstoned: found intercept fd 512 for pid 911 and type kDebuggerdNativeBacktrace
09-07 14:26:59.584   512 12206 D HarmanHAL: StreamIn::getCapturePositionImpl
09-07 14:26:59.586   911   911 E libc    : thread 11906 is already outputting to fd 37?
09-07 14:26:59.586   911   911 I chatty  : uid=1046(mediacodec) mediaswcodec identical 32 lines
09-07 14:26:59.587   911   911 E libc    : thread 11906 is already outputting to fd 37?
09-07 14:26:59.590  1033  1033 I ActivityManager: Collecting stacks for native pid 398
09-07 14:26:59.591   463   463 I tombstoned: registered intercept for pid 398 and type kDebuggerdNativeBacktrace
09-07 14:26:59.592   398   398 I libc    : Requested dump for tid 398 (Binder:398_2)
09-07 14:26:59.618  1683  1763 W iAP2Service: S2RResponseHandler initS2RHandler
09-07 14:26:59.618  1683  1763 W iAP2Service: S2RResponseHandler initS2RHandler started listening for S2R events
09-07 14:26:59.620  1683  1763 E AndroidRuntime: FATAL EXCEPTION: IAP2Service
09-07 14:26:59.620  1683  1763 E AndroidRuntime: Process: com.harman.connectivity.iap2service, PID: 1683
09-07 14:26:59.620  1683  1763 E AndroidRuntime: java.lang.IllegalStateException: Listener must be cleared first
09-07 14:26:59.620  1683  1763 E AndroidRuntime: 	at android.car.hardware.power.CarPowerManager.setListener(CarPowerManager.java:196)
09-07 14:26:59.620  1683  1763 E AndroidRuntime: 	at com.harman.connectivity.iap2service.s2ram.S2RResponseHandler.initS2RHandler(S2RResponseHandler.java:62)
09-07 14:26:59.620  1683  1763 E AndroidRuntime: 	at com.harman.connectivity.iap2service.IAPMessageHandler.handleMessage(IAPMessageHandler.java:415)
09-07 14:26:59.620  1683  1763 E AndroidRuntime: 	at android.os.Handler.dispatchMessage(Handler.java:106)
09-07 14:26:59.620  1683  1763 E AndroidRuntime: 	at android.os.Looper.loop(Looper.java:223)
09-07 14:26:59.620  1683  1763 E AndroidRuntime: 	at android.os.HandlerThread.run(HandlerThread.java:67)
09-07 14:26:59.624   512 12206 D HarmanHAL: StreamIn::getCapturePositionImpl
09-07 14:26:59.627  1033 12342 I DropBoxManagerService: add tag=system_app_crash isTagEnabled=true flags=0x2
09-07 14:26:59.627  1033  1063 I PackageWatchdog: Updated health check state for package com.harman.connectivity.iap2service: INACTIVE -> INACTIVE
09-07 14:26:59.630  1683  1763 I Process : Sending signal. PID: 1683 SIG: 9
09-07 14:26:59.641 12341 12341 I crash_dump64: obtaining output fd from tombstoned, type: kDebuggerdNativeBacktrace
09-07 14:26:59.642   463   463 I tombstoned: received crash request for pid 398
09-07 14:26:59.642   463   463 I tombstoned: found intercept fd 512 for pid 398 and type kDebuggerdNativeBacktrace
09-07 14:26:59.643 12341 12341 I crash_dump64: performing dump of process 398 (target tid = 398)
09-07 14:26:59.653   512 12206 D HarmanHAL: StreamIn::getCapturePositionImpl
09-07 14:26:59.661 12011 12277 I CAR.POWER: binderDied android.os.BinderProxy@1fa1efd
09-07 14:26:59.662   472   472 I Zygote  : Process 1683 exited due to signal 9 (Killed)
09-07 14:26:59.662  2584  3131 E bt_btif : bta_dm_remove_uuid removing element pos 2 
09-07 14:26:59.663  1033 11998 I ActivityManager: Process com.harman.connectivity.iap2service (pid 1683) has died: pers PER 
09-07 14:26:59.664  1635 12345 W iAP2Service: IAP2Manager__getService : Null
09-07 14:26:59.664  2584  3085 I bt_stack: [INFO:port_api.cc(289)] RFCOMM_RemoveServer: handle=5
09-07 14:26:59.664  1033  1086 I chatty  : uid=1000(system) ActivityManager expire 1 line
09-07 14:26:59.665  1033  1063 E ActivityThread: Failed to find provider info for com.android.contacts
09-07 14:26:59.665  1033  1063 W ContactsQueryHelper: Cursor is null when querying contact.
09-07 14:26:59.665  1635 12345 W iAP2Service: IAP2Manager__getIAPSystemBinder : Null
09-07 14:26:59.667  1033 11998 W ActivityManager: Scheduling restart of crashed service com.harman.connectivity.iap2service/.IAPSensorService in 0ms for persistent
09-07 14:26:59.668  1033 11998 W ActivityManager: Scheduling restart of crashed service com.harman.connectivity.iap2service/com.harman.connectivity.iapsystemservice.IAPSystemService in 0ms for persistent
09-07 14:26:59.668  1033 11998 W ActivityManager: Scheduling restart of crashed service com.harman.connectivity.iap2service/.IAP2Service in 0ms for persistent
09-07 14:26:59.669  1033 11998 W ActivityManager: Re-adding persistent process ProcessRecord{37ad8c0 1683:com.harman.connectivity.iap2service/1000}
09-07 14:26:59.672  1033 11998 D CompatibilityChangeReporter: Compat change id reported: 135634846; UID 1000; state: DISABLED
09-07 14:26:59.673  1033 11998 D CompatibilityChangeReporter: Compat change id reported: 135754954; UID 1000; state: ENABLED
09-07 14:26:59.678  1033  1064 E ActivityManager: Restarting service that is not needed: ServiceRecord{ca4b9ad u0 com.harman.connectivity.iap2service/.IAPSensorService}
09-07 14:26:59.681  1033  1064 I DropBoxManagerService: add tag=system_server_wtf isTagEnabled=true flags=0x2
09-07 14:26:59.684   512 12206 D HarmanHAL: StreamIn::getCapturePositionImpl
09-07 14:26:59.692  1816  1816 W ContextImpl: Failed to ensure /storage/emulated/10/Android/data/com.harman.connectivity.iap2service/files: android.os.ServiceSpecificException:  (code -1)
09-07 14:26:59.713   512 12206 D HarmanHAL: StreamIn::getCapturePositionImpl
09-07 14:26:59.714   472   472 D Zygote  : Forked child process 12350
09-07 14:26:59.717  1033  1067 I ActivityManager: Start proc 12350:com.harman.connectivity.iap2service/1000 for restart com.harman.connectivity.iap2service
09-07 14:26:59.719 12350 12350 I main    : type=1400 audit(0.0:2060): avc: denied { write } for name="tasks" dev="tmpfs" ino=32410 scontext=u:r:zygote:s0 tcontext=u:object_r:device:s0 tclass=file permissive=1
09-07 14:26:59.719 12350 12350 I main    : type=1400 audit(0.0:2061): avc: denied { open } for path="/dev/stune/foreground/tasks" dev="tmpfs" ino=32410 scontext=u:r:zygote:s0 tcontext=u:object_r:device:s0 tclass=file permissive=1
09-07 14:26:59.720  1033  1033 I ActivityManager: Collecting stacks for native pid 470
09-07 14:26:59.723   463   463 I tombstoned: registered intercept for pid 470 and type kDebuggerdNativeBacktrace
09-07 14:26:59.724   470   470 I libc    : Requested dump for tid 470 (Binder:470_2)
09-07 14:26:59.724 12350 12350 I Zygote  : seccomp disabled by setenforce 0
09-07 14:26:59.743   512 12206 D HarmanHAL: StreamIn::getCapturePositionImpl
09-07 14:26:59.745  4909  4914 I adbd    : jdwp connection from 12350
09-07 14:26:59.747  1033  1063 E ActivityThread: Failed to find provider info for com.android.contacts
09-07 14:26:59.748  1033  1063 W ContactsQueryHelper: Cursor is null when querying contact.
09-07 14:26:59.758  1033  1064 E ActivityManager: Restarting service that is not needed: ServiceRecord{ca4b9ad u0 com.harman.connectivity.iap2service/.IAPSensorService}
09-07 14:26:59.778 12372 12372 I crash_dump64: obtaining output fd from tombstoned, type: kDebuggerdNativeBacktrace
09-07 14:26:59.779   463   463 I tombstoned: received crash request for pid 470
09-07 14:26:59.779   463   463 I tombstoned: found intercept fd 512 for pid 470 and type kDebuggerdNativeBacktrace
09-07 14:26:59.781 12372 12372 I crash_dump64: performing dump of process 470 (target tid = 470)
09-07 14:26:59.783 12350 12350 I ity.iap2service: type=1400 audit(0.0:2062): avc: denied { read } for name="u:object_r:hlogutil_prop:s0" dev="tmpfs" ino=24518 scontext=u:r:harmanIap2_system_app:s0 tcontext=u:object_r:hlogutil_prop:s0 tclass=file permissive=1
09-07 14:26:59.783 12350 12350 I ity.iap2service: type=1400 audit(0.0:2063): avc: denied { open } for path="/dev/__properties__/u:object_r:hlogutil_prop:s0" dev="tmpfs" ino=24518 scontext=u:r:harmanIap2_system_app:s0 tcontext=u:object_r:hlogutil_prop:s0 tclass=file permissive=1
09-07 14:26:59.783 12350 12350 I ity.iap2service: type=1400 audit(0.0:2064): avc: denied { getattr } for path="/dev/__properties__/u:object_r:hlogutil_prop:s0" dev="tmpfs" ino=24518 scontext=u:r:harmanIap2_system_app:s0 tcontext=u:object_r:hlogutil_prop:s0 tclass=file permissive=1
09-07 14:26:59.783   512 12206 D HarmanHAL: StreamIn::getCapturePositionImpl
09-07 14:26:59.784 12350 12350 D NetworkSecurityConfig: No Network Security Config specified, using platform default
09-07 14:26:59.784 12350 12350 D NetworkSecurityConfig: No Network Security Config specified, using platform default
09-07 14:26:59.813 12350 12350 I KPI_Marker: [124.386000] [iAP2Service] IAP2Service_onCreate
09-07 14:26:59.814   512 12206 D HarmanHAL: StreamIn::getCapturePositionImpl
09-07 14:26:59.818   536   612 E pathology: [ProcessCrashHandler:: parseTombstoneFileName]string not found
09-07 14:26:59.819   536   612 E pathology: [ProcessCrashHandler:: parseTombstoneFileName]string not found
09-07 14:26:59.827 12350 12350 I iAP2Service: IAPCarManager  Car Service is Connected: true
09-07 14:26:59.827 12350 12350 W iAP2Service: S2RResponseHandler initS2RHandler
09-07 14:26:59.827 12350 12350 W iAP2Service: S2RResponseHandler initS2RHandler power manager null retrying after 500ms
09-07 14:26:59.844   512 12206 D HarmanHAL: StreamIn::getCapturePositionImpl
09-07 14:26:59.849 12350 12350 I KPI_Marker: [124.422000] [HarmanUsbHandlerManager] Clients Requested For Service Connection Registration are : com.harman.connectivity.iap2service
09-07 14:26:59.859  1033  1033 I ActivityManager: Collecting stacks for native pid 471
09-07 14:26:59.860 12350 12350 I KPI_Marker: [124.433000] [HarmanUsbHandlerManager] Notifying Client Listeners: com.harman.connectivity.iap2service
09-07 14:26:59.863   463   463 I tombstoned: registered intercept for pid 471 and type kDebuggerdNativeBacktrace
09-07 14:26:59.864   471   471 I libc    : Requested dump for tid 471 (Binder:471_4)
09-07 14:26:59.867 12350 12350 W BluetoothAdapter: getBluetoothService() called with no BluetoothManagerCallback
09-07 14:26:59.870  2584  3085 I bt_stack: [INFO:port_api.cc(216)] RFCOMM_CreateConnection: bd_addr=ff:ff:ff:ff:ff:ff, scn=6, is_server=1, mtu=990, uuid=0x003c, dlci=12, signal_state=0x0b, p_port=0x7c90f2b448
09-07 14:26:59.873   512 12206 D HarmanHAL: StreamIn::getCapturePositionImpl
09-07 14:26:59.903   512 12206 D HarmanHAL: StreamIn::getCapturePositionImpl
09-07 14:26:59.910  1635 12346 E DCSM    : post MSG_PROJECTION_SERVICE_READY
09-07 14:26:59.934 12394 12394 I crash_dump64: obtaining output fd from tombstoned, type: kDebuggerdNativeBacktrace
09-07 14:26:59.934   463   463 I tombstoned: received crash request for pid 471
09-07 14:26:59.934   463   463 I tombstoned: found intercept fd 512 for pid 471 and type kDebuggerdNativeBacktrace
09-07 14:26:59.935 12394 12394 I crash_dump64: performing dump of process 471 (target tid = 471)
09-07 14:26:59.944   512 12206 D HarmanHAL: StreamIn::getCapturePositionImpl
09-07 14:27:00.004   512 12206 I chatty  : uid=1041(audioserver) reader identical 118 lines
09-07 14:27:00.059  1033  1033 I ActivityManager: Collecting stacks for native pid 576
09-07 14:27:00.071   463   463 I tombstoned: registered intercept for pid 576 and type kDebuggerdNativeBacktrace
09-07 14:27:00.145 12405 12405 I chatty  : uid=1041(audioserver) crash_dump64 expire 2 lines
09-07 14:27:00.146   463   463 I tombstoned: received crash request for pid 576
09-07 14:27:00.146   463   463 I tombstoned: found intercept fd 512 for pid 576 and type kDebuggerdNativeBacktrace
09-07 14:27:00.236  1033  1033 I ActivityManager: Collecting stacks for native pid 582
09-07 14:27:00.240   463   463 I tombstoned: registered intercept for pid 582 and type kDebuggerdNativeBacktrace
09-07 14:27:00.241   582   582 I libc    : Requested dump for tid 582 (surfaceflinger)
09-07 14:27:00.289  2584 10896 W vCard   : Property name unsupported by vCard 2.1: N
09-07 14:27:00.313 12416 12416 I crash_dump64: obtaining output fd from tombstoned, type: kDebuggerdNativeBacktrace
09-07 14:27:00.314   463   463 I tombstoned: received crash request for pid 582
09-07 14:27:00.314   463   463 I tombstoned: found intercept fd 512 for pid 582 and type kDebuggerdNativeBacktrace
09-07 14:27:00.315 12416 12416 I crash_dump64: performing dump of process 582 (target tid = 582)
09-07 14:27:00.347  2584 10896 W vCard   : Property name unsupported by vCard 2.1: N
09-07 14:27:00.366 12350 12383 W iAP2Service: S2RResponseHandler initS2RHandler
09-07 14:27:00.369 12350 12383 W iAP2Service: S2RResponseHandler initS2RHandler started listening for S2R events
09-07 14:27:00.434  2584 10896 W vCard   : Property name unsupported by vCard 2.1: N
09-07 14:27:00.449  1033  1033 I ActivityManager: Collecting stacks for native pid 868
09-07 14:27:00.454   463   463 I tombstoned: registered intercept for pid 868 and type kDebuggerdNativeBacktrace
09-07 14:27:00.455   868   868 I libc    : Requested dump for tid 868 (cameraserver)
09-07 14:27:00.473   538   618 W ipcLib  : ipcLib: in ipc_lib. DV1 read called
09-07 14:27:00.509  2584 10896 W vCard   : Property name unsupported by vCard 2.1: N
09-07 14:27:00.516 12425 12425 I crash_dump32: obtaining output fd from tombstoned, type: kDebuggerdNativeBacktrace
09-07 14:27:00.517   463   463 I tombstoned: received crash request for pid 868
09-07 14:27:00.517   463   463 I tombstoned: found intercept fd 512 for pid 868 and type kDebuggerdNativeBacktrace
09-07 14:27:00.517 12425 12425 I crash_dump32: performing dump of process 868 (target tid = 868)
09-07 14:27:00.547 12199 12199 I Harman-Multi-VPA: [ARB]CSysCallArbEventCommon::initVPAComponent()
09-07 14:27:00.547 12199 12199 I Harman-Multi-VPA: [WuW]CWuWEventHandler::initEngines()
09-07 14:27:00.548 12199 12199 E Harman-Multi-VPA: [WL]"initWhitelabelVPA - Calling WhitelabelVPA Initialize "
09-07 14:27:00.548 12199 12199 I Harman-Multi-VPA: [WL]CDialogManagerMain::initialize()
09-07 14:27:00.548 12199 12199 I Harman-Multi-VPA: [WL]CDialogManagerMain::createFolder()
09-07 14:27:00.548 12199 12428 I Harman-Multi-VPA: [WuW]CWuWEventHandler::run()
09-07 14:27:00.557 12199 12428 I Harman-Multi-VPA: [WuW]CWuWContainer::initEngines()
09-07 14:27:00.557 12199 12428 I Harman-Multi-VPA: [WuW]CWuwThreadPriorityHandler::setConfigPath()
09-07 14:27:00.589  2584 10896 W vCard   : Property name unsupported by vCard 2.1: N
09-07 14:27:00.595 12199 12199 E Harman-Multi-VPA: [WL]"Created folders"
09-07 14:27:00.595 12199 12199 E Harman-Multi-VPA: [WL]"[INFO][DM][STARTUP] Instantiating controller"
09-07 14:27:00.596 12199 12199 E Harman-Multi-VPA: [WL]"[INFO][DM][STARTUP] Instantiating dispatcher"
09-07 14:27:00.596 12199 12199 E Harman-Multi-VPA: [WL]"[INFO][DM][GCF] CSysCallStubSystemCommon CSysCallStubSystemCommon"
09-07 14:27:00.596 12199 12199 E Harman-Multi-VPA: [WL]"[INFO][DM][GCF] CSysCallImplSystemCommon CSysCallImplSystemCommon"
09-07 14:27:00.596 12199 12199 E Harman-Multi-VPA: [WL]"[INFO][DM][GCF] CSysCallDispatcherBase CSysCallDispatcherBase"
09-07 14:27:00.596 12199 12199 E Harman-Multi-VPA: [WL]"[INFO][DM][GCF] CSysCallStubNavigationProject CSysCallStubNavigationProject"
09-07 14:27:00.596 12199 12199 E Harman-Multi-VPA: [WL]"[INFO][DM][GCF] CEventHandlerCommon CEventHandlerCommon"
09-07 14:27:00.596 12199 12199 E Harman-Multi-VPA: [WL]"[INFO][DM][GCF] CEventHandlerProject CEventHandlerProject"
09-07 14:27:00.596 12199 12199 E Harman-Multi-VPA: [WL]"[INFO][DM][GCF] CSysCallStubTTS CSysCallStubTTS"
09-07 14:27:00.596 12199 12199 E Harman-Multi-VPA: [WL]"[INFO][DM][GCF] CSysCallImplTTS CSysCallImplTTS"
09-07 14:27:00.596 12199 12199 E Harman-Multi-VPA: [WL]"[INFO][DM][GCF] CSysCallImplTTSProject CSysCallImplTTSProject"
09-07 14:27:00.596 12199 12199 E Harman-Multi-VPA: [WL]"[INFO][DM][GCF] CSysCallDispatcherProject::CSysCallDispatcherProject Entered"
09-07 14:27:00.596 12199 12199 I Harman-Multi-VPA: [WL]CSysCallDispatcherProject::initialize()
09-07 14:27:00.596 12199 12199 I Harman-Multi-VPA: [WL]CSysCallDispatcherBase::initialize()
09-07 14:27:00.596 12199 12199 I Harman-Multi-VPA: [WL]CEventHandlerCommon::initialize()
09-07 14:27:00.596 12199 12199 I Harman-Multi-VPA: [WL]CSysCallDispatcherBase::initGCFParser()
09-07 14:27:00.596 12199 12199 E Harman-Multi-VPA: [WL]"[INFO][DM][GCF] CSysCallDispatcherBase::initialize done"
09-07 14:27:00.596 12199 12199 I Harman-Multi-VPA: [WL]CEventHandlerProject::initialize()
09-07 14:27:00.596 12199 12199 I Harman-Multi-VPA: [WL]CSysCallDispatcherBase::setConfigFilePath()
09-07 14:27:00.596 12199 12199 E Harman-Multi-VPA: [WL]"[ERROR][DM][GCF] CSysCallDispatcherBase::setConfigFilePath: error with file open"
09-07 14:27:00.596 12199 12199 I Harman-Multi-VPA: [WL]CDialogControllerProject::initialize()
09-07 14:27:00.596 12199 12432 I Harman-Multi-VPA: [WL]CSysCallDispatcherWorker::run()
09-07 14:27:00.596 12199 12432 E Harman-Multi-VPA: [WL]"[INFO][DM][GCF] CSysCallDispatcherWorker::run entered"
09-07 14:27:00.597 12199 12199 E Harman-Multi-VPA: [WL]"[INFO][DM][STARTUP] CDialogControllerProject::initialize Entered"
09-07 14:27:00.597 12199 12199 I Harman-Multi-VPA: [WL]CDialogControllerBase::initialize()
09-07 14:27:00.597 12199 12199 E Harman-Multi-VPA: [WL]"[INFO][DM][STARTUP] CDialogControllerBase::initialize entered"
09-07 14:27:00.597 12199 12199 I Harman-Multi-VPA: [ExtVPA]CExtVPAInit::init()
09-07 14:27:00.598 12199 12199 I Harman-Multi-VPA: [ARB]CSysCallArbSystemCommon::registerListenerforDomains()
09-07 14:27:00.598 12199 12199 I Harman-Multi-VPA: [ARB]CSysCallArbSystemCommon::registerListener()
09-07 14:27:00.598 12199 12199 I Harman-Multi-VPA: [ARB]CSysCallArbPhoneCommon::registerListener()
09-07 14:27:00.598 12199 12199 I Harman-Multi-VPA: [ARB]CSysCallArbNavigationCommon::registerListener()
09-07 14:27:00.598 12199 12199 I Harman-Multi-VPA: [ARB]CSysCallArbMediaCommon::registerListener()
09-07 14:27:00.598 12199 12199 I Harman-Multi-VPA: [ARB]CSysCallArbIraCommon::registerListener()
09-07 14:27:00.598 12199 12199 I Harman-Multi-VPA: [ARB]CSysCallArbHvacCommon::registerListener()
09-07 14:27:00.598 12199 12199 I Harman-Multi-VPA: [ARB]CSysCallArbEventCommon::registerListener()
09-07 14:27:00.598 12199 12199 I Harman-Multi-VPA: [ARB]CSysCallArbDisplayCommon::registerListener()
09-07 14:27:00.598 12199 12199 I Harman-Multi-VPA: [ARB]CSysCallArbMyCommuteCommon::registerListener()
09-07 14:27:00.598 12199 12199 I Harman-Multi-VPA: [ARB]CSysCallArbTunerCommon::registerListener()
09-07 14:27:00.598 12199 12199 I Harman-Multi-VPA: [ARB]CSysCallArbTtsCommon::registerListener()
09-07 14:27:00.598 12199 12433 I Harman-Multi-VPA: [ExtVPA]CExtVPAEventsWorker::run()
09-07 14:27:00.602 12199 12434 I Harman-Multi-VPA: [ARB]CSysCallArbEventCommon::processEvent()
09-07 14:27:00.602 12199 12434 I Harman-Multi-VPA: [WL]CSysCallEventsQueue::sendEvent()
09-07 14:27:00.603 12199 12199 I Harman-Multi-VPA: [SpeechImpl]Copy config files for Alexa VPA
09-07 14:27:00.603 12199 12434 E Harman-Multi-VPA: [WL]"[INFO][DM][STARTUP] CSysCallEventsQueue::sendEvent entered INIT"
09-07 14:27:00.603 12199 12434 I Harman-Multi-VPA: [ExtVPA]CExtVPAEventsQueue::sendEvent()
09-07 14:27:00.607  1033  1063 E ActivityThread: Failed to find provider info for com.android.contacts
09-07 14:27:00.607  1033  1063 W ContactsQueryHelper: Cursor is null when querying contact.
09-07 14:27:00.614 12199 12199 I Harman-Multi-VPA: [App][10][10]wuw start offset = 0 millis
09-07 14:27:00.614 12199 12435 I Harman-Multi-VPA: [App][10][10]ipaConfigFilePath ::  /data/user/10/com.harman.vpa/files/ClientConfig.json
09-07 14:27:00.614 12199 12435 I Harman-Multi-VPA: [ARB]CSysCallArbIraCommon::requestInitIpa()
09-07 14:27:00.615 12199 12435 I Harman-Multi-VPA: [ExtVPA]IPACoreInterface::initIPA()
09-07 14:27:00.615 12199 12437 I Harman-Multi-VPA: [SpeechImpl]initialize TTS client
09-07 14:27:00.617 12199 12432 I Harman-Multi-VPA: [WL]CSysCallEventsQueue::isWLEventUnhandled()
09-07 14:27:00.617 12199 12432 E Harman-Multi-VPA: [WL]"[INFO][DM][STARTUP] CSysCallEventsQueue::isWLEventUnhandled 0"
09-07 14:27:00.617 12199 12432 I Harman-Multi-VPA: [WL]CSysCallEventsQueue::setWLEventUnhandledStatus()
09-07 14:27:00.617 12199 12432 E Harman-Multi-VPA: [WL]"[INFO][DM][STARTUP] CSysCallEventsQueue::setWLEventUnhandledStatus 1"
09-07 14:27:00.617 12199 12432 E Harman-Multi-VPA: [WL]"[INFO][DM][GCF] CSysCallDispatcherWorker Handling the event in WL queue"
09-07 14:27:00.617 12199 12432 E Harman-Multi-VPA: [WL]"[INFO][DM][GCF] CSysCallDispatcherWorker finished handling the event"
09-07 14:27:00.617 12199 12429 I Harman-Multi-VPA: [WL]CSysCallEventsQueue::run()
09-07 14:27:00.618 12199 12429 E Harman-Multi-VPA: [WL]"[INFO][DM][STARTUP] CSysCallEventsQueue::run entered"
09-07 14:27:00.618 12199 12429 I Harman-Multi-VPA: [WL]CSysCallEventsQueue::getWLEvent()
09-07 14:27:00.618 12199 12429 E Harman-Multi-VPA: [WL]"[INFO][DM][STARTUP] CSysCallEventsQueue::getWLEvent entered"
09-07 14:27:00.618 12199 12429 E Harman-Multi-VPA: [WL]"[INFO][DM][STARTUP] CSysCallEventsQueue::run eventType 0"
09-07 14:27:00.618 12199 12429 I Harman-Multi-VPA: [WL]CSysCallDispatcherProject::processEvent()
09-07 14:27:00.618 12199 12429 E Harman-Multi-VPA: [WL]"[INFO][DM][GCF] CSysCallDispatcherProject::processEvent Entered"
09-07 14:27:00.618 12199 12429 I Harman-Multi-VPA: [WL]CEventHandlerProject::handleWLEvent()
09-07 14:27:00.618 12199 12429 E Harman-Multi-VPA: [WL]"CEventHandlerProject::handleWLEvent entered"
09-07 14:27:00.618 12199 12429 E Harman-Multi-VPA: [WL]"CEventHandlerProject::handleWLEvent INIT"
09-07 14:27:00.618 12199 12429 I Harman-Multi-VPA: [WL]CEventHandlerCommon::handleWLEvent()
09-07 14:27:00.618 12199 12429 E Harman-Multi-VPA: [WL]"CEventHandlerCommon::handleWLEvent entered"
09-07 14:27:00.618 12199 12429 E Harman-Multi-VPA: [WL]"CEventHandlerCommon::handleWLEvent INIT"
09-07 14:27:00.618 12199 12429 E Harman-Multi-VPA: [WL]"CEventHandlerCommon::Trigger Dialog Manager Init Event"
09-07 14:27:00.619 12199 12439 I Harman-Multi-VPA: [ExtVPA]IPACoreInterface::waitForEvents()
09-07 14:27:00.619 12199 12429 I Harman-Multi-VPA: [WL]CDialogControllerBase::eventHandler()
09-07 14:27:00.619 12199 12433 I Harman-Multi-VPA: [ExtVPA]CSysCallEventsQueue::isExtVPAEventUnhandled()
09-07 14:27:00.619 12199 12429 E Harman-Multi-VPA: [WL]"[INFO][DM][FLOW] CDialogControllerBase::eventHandler entered"
09-07 14:27:00.619 12199 12429 E Harman-Multi-VPA: [WL]"[INFO][DM][FLOW] CDialogControllerBase::eSysEventDialogInit entered"
09-07 14:27:00.619 12199 12429 I Harman-Multi-VPA: [WL]CDialogControllerBase::dialogInit()
09-07 14:27:00.620 12199 12429 E Harman-Multi-VPA: [WL]"[INFO][DM][FLOW] CDialogControllerBase::dialogInit entered"
09-07 14:27:00.620 12199 12433 I Harman-Multi-VPA: [ExtVPA]CSysCallEventsQueue::setExtVPAEventUnhandledStatus()
09-07 14:27:00.620 12199 12429 I Harman-Multi-VPA: [WL]CProjectConfigHandler::setConfigPath()
09-07 14:27:00.620 12199 12429 E Harman-Multi-VPA: [WL]"[INFO][DM][STARTUP] CProjectConfigHandler Trying to read config file /data/vendor/speech/linux/usr/share/dialogManager/dialog/config/GenericConfig.xml"
09-07 14:27:00.621 12199 12431 I Harman-Multi-VPA: [ExtVPA]CExtVPAEventsQueue::run()
09-07 14:27:00.622 12199 12431 I Harman-Multi-VPA: [ExtVPA]CExtVPAEventsQueue::getEvent()
09-07 14:27:00.622  1033  1063 E ActivityThread: Failed to find provider info for com.android.contacts
09-07 14:27:00.622  1033  1063 W ContactsQueryHelper: Cursor is null when querying contact.
09-07 14:27:00.627 12199 12437 I TextToSpeech: Sucessfully bound to com.harman.vpa
09-07 14:27:00.632  1033  1033 I ActivityManager: Collecting stacks for native pid 878
09-07 14:27:00.632 12199 12440 I Harman-Multi-VPA: [ExtVPA]CExtVPAEventsQueue::sendEvent()
09-07 14:27:00.635 12199 12441 E Harman-Multi-VPA: [SpeechImpl]TTS client already initialized with com.harman.vpa Engine
09-07 14:27:00.635   463   463 I tombstoned: registered intercept for pid 878 and type kDebuggerdNativeBacktrace
09-07 14:27:00.635 12199 12442 I Harman-Multi-VPA: [ARB]CSysCallArbEventCommon::processEvent()
09-07 14:27:00.636   878   878 I libc    : Requested dump for tid 878 (drmserver)
09-07 14:27:00.638 12199 12199 I Harman-Multi-VPA: [SpeechImpl]registerReceivers()..
09-07 14:27:00.638 12199 12199 I Harman-Multi-VPA: [SpeechImpl]registerForBroadcasts()..
09-07 14:27:00.641 12199 12433 I Harman-Multi-VPA: [ExtVPA]CSysCallEventsQueue::isExtVPAEventUnhandled()
09-07 14:27:00.641 12199 12433 I Harman-Multi-VPA: [ExtVPA]CSysCallEventsQueue::setExtVPAEventUnhandledStatus()
09-07 14:27:00.642 12199 12429 I Harman-Multi-VPA: [ExtVPA]CExtVPAEventsQueue::run()
09-07 14:27:00.642 12199 12429 I Harman-Multi-VPA: [ExtVPA]CExtVPAEventsQueue::getEvent()
09-07 14:27:00.642  1033  1064 W UriGrantsManagerService: For security reasons, the system cannot issue a Uri permission grant to content://settings/system/notification_sound [user 10]; use startActivityAsCaller() instead
09-07 14:27:00.645 12199 12199 I TetheringManager: registerTetheringEventCallback:com.harman.vpa
09-07 14:27:00.649  1033  1209 D ConnectivityService: NetReassign [no changes]
09-07 14:27:00.650 12199 12199 I com.harman.vpa: Waiting for a blocking GC ClassLinker
09-07 14:27:00.660 12199 12199 D BluetoothPbapClient: Binding service...
09-07 14:27:00.670 12199 12199 I Harman-Multi-VPA: [SpeechImpl]Returning binder to client-lib
09-07 14:27:00.671 12450 12450 I crash_dump32: obtaining output fd from tombstoned, type: kDebuggerdNativeBacktrace
09-07 14:27:00.672   463   463 I tombstoned: received crash request for pid 878
09-07 14:27:00.672   463   463 I tombstoned: found intercept fd 512 for pid 878 and type kDebuggerdNativeBacktrace
09-07 14:27:00.673 12450 12450 I crash_dump32: performing dump of process 878 (target tid = 878)
09-07 14:27:00.674  2584 10896 W vCard   : Property name unsupported by vCard 2.1: N
09-07 14:27:00.698  4787  4787 I TextToSpeech: Connected to ComponentInfo{com.harman.vpa/com.harman.vpa.assistant.core.impl.tts.TtsServiceImpl}
09-07 14:27:00.700  4787  4812 I TextToSpeech: Set up connection to ComponentInfo{com.harman.vpa/com.harman.vpa.assistant.core.impl.tts.TtsServiceImpl}
09-07 14:27:00.708 12199 12199 D HMIEventReceiver: Received HMI event
09-07 14:27:00.708 12199 12199 D HMIEventReceiver: HMI init event
09-07 14:27:00.708  1033 11998 I chatty  : uid=1000(system) Binder:1033_10 expire 3 lines
09-07 14:27:00.712 12199 12199 I Harman-Multi-VPA: [SpeechImpl]connected to DCSM Service
09-07 14:27:00.713 12199 12199 D BluetoothPbapClient: Proxy object connected
09-07 14:27:00.715 12199 12199 I TextToSpeech: Connected to ComponentInfo{com.harman.vpa/com.harman.vpa.assistant.core.impl.tts.TtsServiceImpl}
09-07 14:27:00.716 12199 12199 I VPAHMIControlService: onCreate
09-07 14:27:00.717 12199 12199 I VPAHMIControlService: onBind
09-07 14:27:00.719 12199 12199 I DCVPA.VPAHMIListener: ControlServiceConnection onServiceConnected
09-07 14:27:00.721  3154  3154 D MediaCoreService: Utils__hasRequiredPermissions
09-07 14:27:00.722  3154  3154 D MediaCoreService: LocalPlayerServiceSession__getRoot : clientPackageName  = com.harman.vpa,client uid = 1001000,rootHints = Bundle[{}]
09-07 14:27:00.722  1033  1033 I chatty  : uid=1000 system_server expire 2 lines
09-07 14:27:00.722  3154  3154 D MediaCoreService: HarmanMediaBrowserAdapter__generateRootNode.
09-07 14:27:00.723  3154  3154 D MediaCoreService: LocalPlayerServiceSession__getRoot : clientPackageName = com.harman.vpa,client uid = 1001000,root = android.support.v4.media.MediaBrowserServiceCompat$BrowserRoot@dc65ff8
09-07 14:27:00.726 12199 12456 I TextToSpeech: Set up connection to ComponentInfo{com.harman.vpa/com.harman.vpa.assistant.core.impl.tts.TtsServiceImpl}
09-07 14:27:00.730  1033  1033 I ActivityManager: Collecting stacks for native pid 890
09-07 14:27:00.734  2584 10896 W vCard   : Property name unsupported by vCard 2.1: N
09-07 14:27:00.734   463   463 I tombstoned: registered intercept for pid 890 and type kDebuggerdNativeBacktrace
09-07 14:27:00.735   463   463 I tombstoned: received crash request for pid 890
09-07 14:27:00.736   463   463 I tombstoned: found intercept fd 512 for pid 890 and type kDebuggerdNativeBacktrace
09-07 14:27:00.738 12199 12199 I Harman-Multi-VPA: [SpeechImpl]Set language success
09-07 14:27:00.793  2584 10896 W vCard   : Property name unsupported by vCard 2.1: N
09-07 14:27:00.824  1033  1033 I system_server: libdebuggerd_client: done dumping process 890
09-07 14:27:00.829  1033  1033 I ActivityManager: Collecting stacks for native pid 891
09-07 14:27:00.831  1033  1033 I system_server: libdebuggerd_client: started dumping process 891
09-07 14:27:00.831   463   463 I tombstoned: registered intercept for pid 891 and type kDebuggerdNativeBacktrace
09-07 14:27:00.832   891   891 I libc    : Requested dump for tid 891 (mediametrics)
09-07 14:27:00.837  1033 11998 I system_server: oneway function results will be dropped but finished with status OK and parcel size 4
09-07 14:27:00.855  2584 10896 W vCard   : Property name unsupported by vCard 2.1: N
09-07 14:27:00.866 12459 12459 I crash_dump64: obtaining output fd from tombstoned, type: kDebuggerdNativeBacktrace
09-07 14:27:00.868   463   463 I tombstoned: received crash request for pid 891
09-07 14:27:00.868   463   463 I tombstoned: found intercept fd 512 for pid 891 and type kDebuggerdNativeBacktrace
09-07 14:27:00.869 12459 12459 I crash_dump64: performing dump of process 891 (target tid = 891)
09-07 14:27:00.884  1033  1942 I system_server: oneway function results will be dropped but finished with status OK and parcel size 4
09-07 14:27:00.896  1033  1033 I system_server: libdebuggerd_client: done dumping process 891
09-07 14:27:00.899   536   536 I vendor.harman.p: type=1400 audit(0.0:2091): avc: denied { read } for name="2" dev="dm-4" ino=49241 scontext=u:r:pathologyd:s0 tcontext=u:object_r:vendor_data_file:s0 tclass=dir permissive=1
09-07 14:27:00.899   536   536 I vendor.harman.p: type=1400 audit(0.0:2092): avc: denied { open } for path="/data/vendor/pathologyArchive/2" dev="dm-4" ino=49241 scontext=u:r:pathologyd:s0 tcontext=u:object_r:vendor_data_file:s0 tclass=dir permissive=1
09-07 14:27:00.903  1033  1033 I ActivityManager: Collecting stacks for native pid 893
09-07 14:27:00.905  1033  1033 I system_server: libdebuggerd_client: started dumping process 893
09-07 14:27:00.906   463   463 I tombstoned: registered intercept for pid 893 and type kDebuggerdNativeBacktrace
09-07 14:27:00.907   893   893 I libc    : Requested dump for tid 893 (mediaserver)
09-07 14:27:00.914  2584 10896 W vCard   : Property name unsupported by vCard 2.1: N
09-07 14:27:00.932  1033  1942 I system_server: oneway function results will be dropped but finished with status OK and parcel size 4
09-07 14:27:00.956 12465 12465 I crash_dump32: obtaining output fd from tombstoned, type: kDebuggerdNativeBacktrace
09-07 14:27:00.957   463   463 I tombstoned: received crash request for pid 893
09-07 14:27:00.957   463   463 I tombstoned: found intercept fd 512 for pid 893 and type kDebuggerdNativeBacktrace
09-07 14:27:00.957 12465 12465 I crash_dump32: performing dump of process 893 (target tid = 893)
09-07 14:27:00.973  1033  1942 I system_server: oneway function results will be dropped but finished with status OK and parcel size 4
09-07 14:27:00.990  2584 10896 W vCard   : Property name unsupported by vCard 2.1: N
09-07 14:27:01.025  1033  1033 I system_server: libdebuggerd_client: done dumping process 893
09-07 14:27:01.032  1033  1033 I ActivityManager: Collecting stacks for native pid 903
09-07 14:27:01.033  1033  1033 I system_server: libdebuggerd_client: started dumping process 903
09-07 14:27:01.034   463   463 I tombstoned: registered intercept for pid 903 and type kDebuggerdNativeBacktrace
09-07 14:27:01.035   463   463 I tombstoned: received crash request for pid 903
09-07 14:27:01.035   463   463 I tombstoned: found intercept fd 512 for pid 903 and type kDebuggerdNativeBacktrace
09-07 14:27:01.049  2584 10896 W vCard   : Property name unsupported by vCard 2.1: N
09-07 14:27:01.123  2584 10896 W vCard   : Property name unsupported by vCard 2.1: N
09-07 14:27:01.208  2584 10896 W vCard   : Property name unsupported by vCard 2.1: N
09-07 14:27:01.247  1033  1033 I system_server: libdebuggerd_client: done dumping process 903
09-07 14:27:01.255  1033  1033 I ActivityManager: Collecting stacks for native pid 911
09-07 14:27:01.257  1033  1033 I system_server: libdebuggerd_client: started dumping process 911
09-07 14:27:01.258   463   463 I tombstoned: registered intercept for pid 911 and type kDebuggerdNativeBacktrace
09-07 14:27:01.259   463   463 I tombstoned: received crash request for pid 911
09-07 14:27:01.259   463   463 I tombstoned: found intercept fd 512 for pid 911 and type kDebuggerdNativeBacktrace
09-07 14:27:01.268  2584 10896 W vCard   : Property name unsupported by vCard 2.1: N
09-07 14:27:01.287   911   911 E libc    : thread 11906 is already outputting to fd 37?
09-07 14:27:01.287   911   911 E libc    : thread 11906 is already outputting to fd 37?
09-07 14:27:01.288  1033  1033 I system_server: libdebuggerd_client: done dumping process 911
09-07 14:27:01.292  1033  1033 I ActivityManager: Collecting stacks for native pid 2584
09-07 14:27:01.299  1033  1033 I system_server: libdebuggerd_client: started dumping process 2584
09-07 14:27:01.300   463   463 I tombstoned: registered intercept for pid 2584 and type kDebuggerdNativeBacktrace
09-07 14:27:01.301  2584  2584 I libc    : Requested dump for tid 2584 (droid.bluetooth)
09-07 14:27:01.325  2584 10896 W vCard   : Property name unsupported by vCard 2.1: N
09-07 14:27:01.365   532   569 W ipcLib  : ipcLib: in ipc_lib. DV1 read called
09-07 14:27:01.365   532   568 I VPS     : VPS:IOCStatusInfo.VoltageStatus->0 
09-07 14:27:01.365   532   568 I VPS     : VPS:IOCStatusInfo.IOCStatusCmd->a6 
09-07 14:27:01.365   532   568 I VPS     : VPS:IOCStatusInfo.WakeUpReason->0 
09-07 14:27:01.366   532   568 I VPS     : VPS:IOCStatusInfo.DerivedIgnitionStatus->0 
09-07 14:27:01.366   532   568 I VPS     : VPS:IOCStatusInfo.PowerModeState->4 
09-07 14:27:01.366   532   568 I VPS     : VPS:IOCStatusInfo.SOCShutdownRequest->0 
09-07 14:27:01.366   532   568 I VPS     : VPS:IOCStatusInfo.AntiTheftState->0 
09-07 14:27:01.366   532   568 I VPS     : VPS:IOCStatusInfo.BatteryConnect->0 
09-07 14:27:01.391   536   536 I vendor.harman.p: type=1400 audit(0.0:2093): avc: denied { sys_ptrace } for capability=19 scontext=u:r:pathologyd:s0 tcontext=u:r:pathologyd:s0 tclass=capability permissive=1
09-07 14:27:01.409 12470 12470 I crash_dump64: obtaining output fd from tombstoned, type: kDebuggerdNativeBacktrace
09-07 14:27:01.411   463   463 I tombstoned: received crash request for pid 2584
09-07 14:27:01.411   463   463 I tombstoned: found intercept fd 512 for pid 2584 and type kDebuggerdNativeBacktrace
09-07 14:27:01.412 12470 12470 I crash_dump64: performing dump of process 2584 (target tid = 2584)
09-07 14:27:01.417  2584 10896 W vCard   : Property name unsupported by vCard 2.1: N
09-07 14:27:01.435   345   345 I Binder:345_2: type=1400 audit(0.0:2094): avc: denied { call } for scontext=u:r:carwatchdogd:s0 tcontext=u:r:hal_audio_default:s0 tclass=binder permissive=1
09-07 14:27:01.473   538   618 W ipcLib  : ipcLib: in ipc_lib. DV1 read called
09-07 14:27:01.495  2584 10896 W vCard   : Property name unsupported by vCard 2.1: N
09-07 14:27:01.576  2584 10896 W vCard   : Property name unsupported by vCard 2.1: N
09-07 14:27:01.629  2584 10896 W vCard   : Property name unsupported by vCard 2.1: N
09-07 14:27:01.716  2584 10896 W vCard   : Property name unsupported by vCard 2.1: N
09-07 14:27:01.795  2584 10896 W vCard   : Property name unsupported by vCard 2.1: N
09-07 14:27:01.851  2584 10896 W vCard   : Property name unsupported by vCard 2.1: N
09-07 14:27:01.919  2584 10896 W vCard   : Property name unsupported by vCard 2.1: N
09-07 14:27:01.926  1033  1033 I system_server: libdebuggerd_client: done dumping process 2584
09-07 14:27:01.937  1033  1033 I ActivityManager: Done dumping
09-07 14:27:01.937  1033  1033 W CarServiceHelper: *** CARHELPER ignoring: CarService crash
09-07 14:27:01.937  1033  1033 W Looper  : Slow dispatch took 4520ms main h=android.app.ActivityThread$H c=android.app.LoadedApk$ServiceDispatcher$RunConnection@714811d m=0
09-07 14:27:01.937  1033  1033 W Looper  : Slow delivery took 4502ms main h=com.android.server.job.controllers.QuotaController$QcHandler c=null m=3
09-07 14:27:01.944  1033  1033 D CarServiceHelper: onServiceConnected:android.os.BinderProxy@27dbd60
09-07 14:27:01.944  1033  1033 I CarServiceHelper: car service binder changed, was:android.os.BinderProxy@6099e27 new:android.os.BinderProxy@27dbd60
09-07 14:27:01.944  1033  1033 I CarServiceHelper: **CarService connected**
09-07 14:27:01.945  1033  1033 V CarServiceHelper: calling one-way binder transaction with code 1
09-07 14:27:01.945  1033  1033 V CarServiceHelper: finished one-way binder transaction with code 1
09-07 14:27:01.945  1033  1033 I CarServiceHelper: send-uses-after-reconnect-2
09-07 14:27:01.945  1033  1033 D CarServiceHelper: sendAllLifecyleToUser, user:0 lifecycle:4
09-07 14:27:01.945  1033  1033 V CarServiceHelper: calling one-way binder transaction with code 2
09-07 14:27:01.946  1033  1033 V CarServiceHelper: finished one-way binder transaction with code 2
09-07 14:27:01.946  1033  1033 V CarServiceHelper: calling one-way binder transaction with code 2
09-07 14:27:01.946  1033  1033 V CarServiceHelper: finished one-way binder transaction with code 2
09-07 14:27:01.946  1033  1033 V CarServiceHelper: calling one-way binder transaction with code 2
09-07 14:27:01.946  1033  1033 V CarServiceHelper: finished one-way binder transaction with code 2
09-07 14:27:01.946  1033  1033 D CarServiceHelper: sendAllLifecyleToUser, user:10 lifecycle:4
09-07 14:27:01.946  1033  1033 V CarServiceHelper: calling one-way binder transaction with code 2
09-07 14:27:01.946  1033  1033 V CarServiceHelper: finished one-way binder transaction with code 2
09-07 14:27:01.946  1033  1033 V CarServiceHelper: calling one-way binder transaction with code 2
09-07 14:27:01.947  1033  1033 V CarServiceHelper: finished one-way binder transaction with code 2
09-07 14:27:01.947  1033  1033 V CarServiceHelper: calling one-way binder transaction with code 2
09-07 14:27:01.947  1033  1033 V CarServiceHelper: finished one-way binder transaction with code 2
09-07 14:27:01.947  1033  1033 V CarServiceHelper: calling one-way binder transaction with code 2
09-07 14:27:01.947  1033  1033 V CarServiceHelper: finished one-way binder transaction with code 2
09-07 14:27:01.947  1033  1033 D CarServiceHelper: send-uses-after-reconnect-2 took to complete: 2ms
09-07 14:27:01.950 12011 12298 D ICarImpl: onUserLifecycleEvent(STARTING, 0)
09-07 14:27:01.950 12011 12038 D ICarImpl: onUserLifecycleEvent(UNLOCKING, 0)
09-07 14:27:01.950  1033  1033 W Looper  : Drained
09-07 14:27:01.950 12011 12038 D ICarImpl: onUserLifecycleEvent(UNLOCKED, 0)
09-07 14:27:01.951 12011 12109 D CAR.USER: notify-listener-com.android.car.PerUserCarServiceHelper$Lambda took to complete: 0ms
09-07 14:27:01.951 12011 12038 D CAR.USER: User0 unlocked, run queued tasks:1
09-07 14:27:01.951 12011 12038 D CAR.CLUSTER: bindInstrumentClusterRendererService, component: android.car.cluster/.ClusterRenderingService
09-07 14:27:01.951 12011 12109 D CAR.USER: notify-listener-com.android.car.CarMediaService$Lambda took to complete: 0ms
09-07 14:27:01.952 12011 12109 D CAR.USER: notify-listener-com.android.car.CarOccupantZoneService$Lambda took to complete: 1ms
09-07 14:27:01.952 12011 12109 D CAR.USER: notify-listener-com.android.car.pm.VendorServiceController@3a9b902 took to complete: 0ms
09-07 14:27:01.952 12011 12109 D CAR.INPUT: CarInputService.onEvent(Event[type=STARTING,user=0])
09-07 14:27:01.952 12011 12109 D CAR.USER: notify-listener-com.android.car.CarInputService$Lambda took to complete: 0ms
09-07 14:27:01.956  1033  1942 D CompatibilityChangeReporter: Compat change id reported: 135634846; UID 10063; state: DISABLED
09-07 14:27:01.957  1033  1942 D CompatibilityChangeReporter: Compat change id reported: 135754954; UID 10063; state: DISABLED
09-07 14:27:01.957  1033  1067 D CompatibilityChangeReporter: Compat change id reported: 143937733; UID 10063; state: DISABLED
09-07 14:27:01.958 12011 12277 D ICarImpl: onUserLifecycleEvent(STARTING, 10)
09-07 14:27:01.959 12011 12277 D ICarImpl: onUserLifecycleEvent(SWITCHING, 10)
09-07 14:27:01.959 12011 12277 I CAR.USER: onUserSwitching() callback for user 10
09-07 14:27:01.959   345   387 I carwatchdogd: Received user state change: user(0) is started
09-07 14:27:01.960 12011 12109 D CAR.USER: notify-listener-com.android.car.watchdog.CarWatchdogService$Lambda took to complete: 7ms
09-07 14:27:01.960 12011 12109 D CAR.USER: notify-listeners-user-0-event-1 took to complete: 10ms
09-07 14:27:01.963 12011 12109 D CAR.USER: notify-app-listener-uid-10064 took to complete: 2ms
09-07 14:27:01.963 12011 12277 D CAR.USER: onUserSwitching-10 took to complete: 4ms
09-07 14:27:01.963 12011 12277 D ICarImpl: onUserLifecycleEvent(UNLOCKING, 10)
09-07 14:27:01.964 12011 12109 D CAR.USER: notify-app-listener-uid-10141 took to complete: 1ms
09-07 14:27:01.964 12011 12277 D ICarImpl: onUserLifecycleEvent(UNLOCKED, 10)
09-07 14:27:01.966 12011 12109 D CAR.USER: notify-app-listeners-user-0-event-1 took to complete: 4ms
09-07 14:27:01.966 12011 12109 D CAR.USER: notify-listener-com.android.car.PerUserCarServiceHelper$Lambda took to complete: 0ms
09-07 14:27:01.968 10939 10939 D CarNotificationListener: onNotificationRemoved: StatusBarNotification(pkg=com.harman.vpa user=UserHandle{10} id=4065 tag=null key=10|com.harman.vpa|4065|null|1001000: Notification(channel=com.harman.vpa shortcut=null contentView=null vibrate=null sound=null defaults=0x0 flags=0x62 color=0x00000000 category=service vis=PRIVATE))
09-07 14:27:01.968 12011 12109 D CAR.USER: notify-listener-com.android.car.CarMediaService$Lambda took to complete: 0ms
09-07 14:27:01.969 12011 12109 D CAR.USER: notify-listener-com.android.car.CarOccupantZoneService$Lambda took to complete: 0ms
09-07 14:27:01.969 12011 12109 D CAR.USER: notify-listener-com.android.car.pm.VendorServiceController@3a9b902 took to complete: 0ms
09-07 14:27:01.969 12011 12109 D CAR.INPUT: CarInputService.onEvent(Event[type=UNLOCKING,user=0])
09-07 14:27:01.970 12011 12109 D CAR.USER: notify-listener-com.android.car.CarInputService$Lambda took to complete: 0ms
09-07 14:27:01.971 12011 12119 I CAR.PACKAGE: onUserLockedChanged, user: 0, unlocked: true, currentUser: 10
09-07 14:27:01.971 12011 12109 D CAR.USER: notify-listener-com.android.car.watchdog.CarWatchdogService$Lambda took to complete: 1ms
09-07 14:27:01.971 12011 12109 D CAR.USER: notify-listeners-user-0-event-3 took to complete: 5ms
09-07 14:27:01.971 12011 12109 D CAR.USER: notify-app-listener-uid-10064 took to complete: 0ms
09-07 14:27:01.971 12011 12109 D CAR.USER: notify-app-listener-uid-10141 took to complete: 0ms
09-07 14:27:01.971 12011 12109 D CAR.USER: notify-app-listeners-user-0-event-3 took to complete: 0ms
09-07 14:27:01.971 12011 12109 D CAR.USER: notify-listener-com.android.car.PerUserCarServiceHelper$Lambda took to complete: 0ms
09-07 14:27:01.972 12011 12109 D CAR.USER: notify-listener-com.android.car.CarMediaService$Lambda took to complete: 1ms
09-07 14:27:01.972 12011 12109 D CAR.USER: notify-listener-com.android.car.CarOccupantZoneService$Lambda took to complete: 0ms
09-07 14:27:01.972 12011 12109 D CAR.USER: notify-listener-com.android.car.pm.VendorServiceController@3a9b902 took to complete: 0ms
09-07 14:27:01.972 12011 12109 D CAR.INPUT: CarInputService.onEvent(Event[type=UNLOCKED,user=0])
09-07 14:27:01.972 12011 12109 D CAR.USER: notify-listener-com.android.car.CarInputService$Lambda took to complete: 0ms
09-07 14:27:01.972 12011 12109 D CAR.USER: notify-listener-com.android.car.watchdog.CarWatchdogService$Lambda took to complete: 0ms
09-07 14:27:01.972 12011 12109 D CAR.USER: notify-listeners-user-0-event-4 took to complete: 1ms
09-07 14:27:01.973 12011 12109 D CAR.USER: notify-app-listener-uid-10064 took to complete: 1ms
09-07 14:27:01.973 12011 12109 D CAR.USER: notify-app-listener-uid-10141 took to complete: 0ms
09-07 14:27:01.973 12011 12109 D CAR.USER: notify-app-listeners-user-0-event-4 took to complete: 1ms
09-07 14:27:01.973 12011 12109 D CAR.USER: notify-listener-com.android.car.PerUserCarServiceHelper$Lambda took to complete: 0ms
09-07 14:27:01.973 12011 12109 D CAR.USER: notify-listener-com.android.car.CarMediaService$Lambda took to complete: 0ms
09-07 14:27:01.973 12011 12109 D CAR.USER: notify-listener-com.android.car.CarOccupantZoneService$Lambda took to complete: 0ms
09-07 14:27:01.973 12011 12109 D CAR.USER: notify-listener-com.android.car.pm.VendorServiceController@3a9b902 took to complete: 0ms
09-07 14:27:01.974 12011 12109 D CAR.INPUT: CarInputService.onEvent(Event[type=STARTING,user=10])
09-07 14:27:01.974 12011 12109 D CAR.USER: notify-listener-com.android.car.CarInputService$Lambda took to complete: 0ms
09-07 14:27:01.974   345   387 I carwatchdogd: Received user state change: user(10) is started
09-07 14:27:01.974 12011 12109 D CAR.USER: notify-listener-com.android.car.watchdog.CarWatchdogService$Lambda took to complete: 0ms
09-07 14:27:01.974 12011 12109 D CAR.USER: notify-listeners-user-10-event-1 took to complete: 1ms
09-07 14:27:01.974 12011 12109 D CAR.USER: notify-app-listener-uid-10064 took to complete: 0ms
09-07 14:27:01.975 12011 12109 D CAR.USER: notify-app-listener-uid-10141 took to complete: 0ms
09-07 14:27:01.975 12011 12109 D CAR.USER: notify-app-listeners-user-10-event-1 took to complete: 1ms
09-07 14:27:01.979  2584 10896 W vCard   : Property name unsupported by vCard 2.1: N
09-07 14:27:01.982   472   472 D Zygote  : Forked child process 12473
09-07 14:27:01.983 12473 12473 I main    : type=1400 audit(0.0:2095): avc: denied { write } for name="tasks" dev="tmpfs" ino=32410 scontext=u:r:zygote:s0 tcontext=u:object_r:device:s0 tclass=file permissive=1
09-07 14:27:01.983 12473 12473 I main    : type=1400 audit(0.0:2096): avc: denied { open } for path="/dev/stune/foreground/tasks" dev="tmpfs" ino=32410 scontext=u:r:zygote:s0 tcontext=u:object_r:device:s0 tclass=file permissive=1
09-07 14:27:01.985 12248 12270 D BluetoothA2dpSink: Unbinding service...
09-07 14:27:01.987 12473 12473 I Zygote  : seccomp disabled by setenforce 0
09-07 14:27:01.987 12248 12270 D BluetoothHeadsetClient: Unbinding service...
09-07 14:27:01.987  1033  1067 I ActivityManager: Start proc 12473:android.car.cluster/u0a63 for service {android.car.cluster/android.car.cluster.ClusterRenderingService}
09-07 14:27:01.988 12248 12270 D BluetoothPbapClient: Unbinding service...
09-07 14:27:01.989 12473 12473 I libc    : SetHeapTaggingLevel: tag level set to 0
09-07 14:27:01.990 12248 12270 D BluetoothMapClient: Unbinding service...
09-07 14:27:01.992 12011 12109 D CarLocationService: Before Unbinding from PerUserCarService
09-07 14:27:01.995 12248 12248 D PerUserCarService: onDestroy()
09-07 14:27:01.996 12011 12109 D CAR.USER: notify-listener-com.android.car.PerUserCarServiceHelper$Lambda took to complete: 21ms
09-07 14:27:02.006   911  4981 D BufferPoolAccessor2.0: bufferpool2 0xb400007205c6d498 : 2(1048576 size) total buffers - 1(524288 size) used buffers - 2186/2191 (recycle/alloc) - 15/2190 (fetch/transfer)
09-07 14:27:02.006  1723 12303 I CarPlay : 2021-09-07 02:27:02.006179 PM [CarPlay][DomainCore] cpAMClient::OnNewMainAudioConnection, SourceID: 11, Reason: 1
09-07 14:27:02.006  1723  1948 I CarPlay : 2021-09-07 02:27:02.006496 PM [CarPlay][ResMgr] Updating init Mode: Resource=mainAudio, Trns: take, priority: userInitiated, Take: userInitiated, Borrow: anytime, Borrow ID: 
09-07 14:27:02.008 12248 12248 D PerUserCarService: onCreate()
09-07 14:27:02.014  4909  4914 I adbd    : jdwp connection from 12473
09-07 14:27:02.018 12248 12248 D PerUserCarService: onBind()
09-07 14:27:02.022 12248 12270 D BluetoothHeadsetClient: Binding service...
09-07 14:27:02.023  3033  3033 I MediaModeService: startMediaConnectorService with autoplay:true
09-07 14:27:02.023 12011 12109 D CAR.USER: notify-listener-com.android.car.CarMediaService$Lambda took to complete: 27ms
09-07 14:27:02.024 12011 12109 D CAR.USER: notify-listener-com.android.car.CarOccupantZoneService$Lambda took to complete: 0ms
09-07 14:27:02.024 12011 12109 D CAR.USER: notify-listener-com.android.car.pm.VendorServiceController@3a9b902 took to complete: 0ms
09-07 14:27:02.025 12248 12248 D BluetoothHeadsetClient: Proxy object connected
09-07 14:27:02.025 12011 12109 D CAR.INPUT: CarInputService.onEvent(Event[type=SWITCHING,from=0,to=10])
09-07 14:27:02.025 12248 12270 D BluetoothPbapClient: Binding service...
09-07 14:27:02.025  1033  2897 W ActivityManager: Unable to start service Intent { act=com.android.car.media.MEDIA_CONNECTION pkg=com.android.car.media (has extras) } U=10: not found
09-07 14:27:02.026 12011 12109 D CAR.USER: notify-listener-com.android.car.CarInputService$Lambda took to complete: 2ms
09-07 14:27:02.026 12011 12109 D CAR.USER: notify-listener-com.android.car.watchdog.CarWatchdogService$Lambda took to complete: 0ms
09-07 14:27:02.026 12011 12109 D CAR.USER: notify-listeners-user-10-event-2 took to complete: 51ms
09-07 14:27:02.026 12011 12119 D CAR.PACKAGE: startOrBindService {com.android.car.messenger/com.android.car.messenger.MessengerService}, as user: UserHandle{10}, bind: false, stack:  com.android.car.pm.VendorServiceController.startOrBindService:216 com.android.car.pm.VendorServiceController.startOrBindServicesForUser:200 com.android.car.pm.VendorServiceController.doSwitchUser:166 com.android.car.pm.VendorServiceController.handleMessage:88 com.android.car.pm.VendorServiceController.access$000:58 
09-07 14:27:02.026 12011 12109 D CAR.USER: notify-app-listener-uid-10064 took to complete: 0ms
09-07 14:27:02.026 12011 12109 D CAR.USER: notify-app-listener-uid-10141 took to complete: 0ms
09-07 14:27:02.027 12011 12109 D CAR.USER: notify-app-listeners-user-10-event-2 took to complete: 1ms
09-07 14:27:02.027  2015  2047 D HvacController: onEvent(Event[type=SWITCHING,from=0,to=10])
09-07 14:27:02.027  1033 11998 W ActivityManager: Unable to start service Intent { cmp=com.android.car.messenger/.MessengerService } U=10: not found
09-07 14:27:02.028 12011 12119 E CAR.PACKAGE: Failed to start or bind service VendorService{component=ComponentInfo{com.android.car.messenger/com.android.car.messenger.MessengerService}, bind=2, trigger=1, user=2}
09-07 14:27:02.028 12011 12109 D CAR.USER: notify-listener-com.android.car.PerUserCarServiceHelper$Lambda took to complete: 0ms
09-07 14:27:02.028 12011 12109 D CAR.USER: notify-listener-com.android.car.CarMediaService$Lambda took to complete: 0ms
09-07 14:27:02.028 12011 12109 D CAR.USER: notify-listener-com.android.car.CarOccupantZoneService$Lambda took to complete: 0ms
09-07 14:27:02.029 12011 12109 D CAR.USER: notify-listener-com.android.car.pm.VendorServiceController@3a9b902 took to complete: 1ms
09-07 14:27:02.029 12011 12109 D CAR.INPUT: CarInputService.onEvent(Event[type=UNLOCKING,user=10])
09-07 14:27:02.029 12011 12109 D CAR.USER: notify-listener-com.android.car.CarInputService$Lambda took to complete: 0ms
09-07 14:27:02.029 12011 12109 D CAR.USER: notify-listener-com.android.car.watchdog.CarWatchdogService$Lambda took to complete: 0ms
09-07 14:27:02.029 12011 12109 D CAR.USER: notify-listeners-user-10-event-3 took to complete: 2ms
09-07 14:27:02.029 12011 12109 D CAR.USER: notify-app-listener-uid-10064 took to complete: 0ms
09-07 14:27:02.029 12011 12119 I CAR.PACKAGE: onUserLockedChanged, user: 10, unlocked: true, currentUser: 10
09-07 14:27:02.029 12248 12248 D BluetoothPbapClient: Proxy object connected
09-07 14:27:02.029 12011 12109 D CAR.USER: notify-app-listener-uid-10141 took to complete: 0ms
09-07 14:27:02.029 12011 12109 D CAR.USER: notify-app-listeners-user-10-event-3 took to complete: 0ms
09-07 14:27:02.030 12011 12109 D CAR.USER: notify-listener-com.android.car.PerUserCarServiceHelper$Lambda took to complete: 0ms
09-07 14:27:02.030 12011 12109 D CAR.USER: notify-listener-com.android.car.CarMediaService$Lambda took to complete: 0ms
09-07 14:27:02.030 12011 12109 D CAR.USER: notify-listener-com.android.car.CarOccupantZoneService$Lambda took to complete: 0ms
09-07 14:27:02.030 12011 12119 D CAR.PACKAGE: startOrBindService {com.android.car.messenger/com.android.car.messenger.MessengerService}, as user: UserHandle{10}, bind: false, stack:  com.android.car.pm.VendorServiceController.startOrBindService:216 com.android.car.pm.VendorServiceController.startOrBindServicesForUser:200 com.android.car.pm.VendorServiceController.doUserLockChanged:180 com.android.car.pm.VendorServiceController.handleMessage:94 com.android.car.pm.VendorServiceController.access$000:58 
09-07 14:27:02.030 12248 12270 D BluetoothA2dpSink: Binding service...
09-07 14:27:02.030 12011 12109 D CAR.USER: notify-listener-com.android.car.pm.VendorServiceController@3a9b902 took to complete: 0ms
09-07 14:27:02.030 12011 12109 D CAR.INPUT: CarInputService.onEvent(Event[type=UNLOCKED,user=10])
09-07 14:27:02.030 12011 12109 D CAR.USER: notify-listener-com.android.car.CarInputService$Lambda took to complete: 0ms
09-07 14:27:02.030 12011 12109 D CAR.USER: notify-listener-com.android.car.watchdog.CarWatchdogService$Lambda took to complete: 0ms
09-07 14:27:02.030 12011 12109 D CAR.USER: notify-listeners-user-10-event-4 took to complete: 1ms
09-07 14:27:02.031 12011 12109 D CAR.USER: notify-app-listener-uid-10064 took to complete: 0ms
09-07 14:27:02.031 12011 12109 D CAR.USER: notify-app-listener-uid-10141 took to complete: 0ms
09-07 14:27:02.031 12011 12109 D CAR.USER: notify-app-listeners-user-10-event-4 took to complete: 1ms
09-07 14:27:02.035  1033  1942 W ActivityManager: Unable to start service Intent { cmp=com.android.car.messenger/.MessengerService } U=10: not found
09-07 14:27:02.036 12011 12119 E CAR.PACKAGE: Failed to start or bind service VendorService{component=ComponentInfo{com.android.car.messenger/com.android.car.messenger.MessengerService}, bind=2, trigger=1, user=2}
09-07 14:27:02.037 12248 12248 D BluetoothA2dpSink: Proxy object connected
09-07 14:27:02.039 12248 12270 D BluetoothMapClient: Binding service...
09-07 14:27:02.041 12248 12248 D BluetoothMapClient: Proxy object connected
09-07 14:27:02.042 12248 12270 D BluetoothPan: Binding service...
09-07 14:27:02.043 12473 12473 D ApplicationLoaders: Returning zygote-cached class loader: /system/framework/android.test.base.jar
09-07 14:27:02.043 12473 12473 W ApplicationLoaders: Unexpected environment for cached library: (null|[dalvik.system.PathClassLoader[DexPathList[[zip file "/system/framework/android.hidl.base-V1.0-java.jar"],nativeLibraryDirectories=[/system/lib64, /system/system_ext/lib64]]]])
09-07 14:27:02.045 12473 12473 I oid.car.cluste: The ClassLoaderContext is a special shared library.
09-07 14:27:02.047 12473 12473 D ApplicationLoaders: Returning zygote-cached class loader: /system/framework/android.hidl.base-V1.0-java.jar
09-07 14:27:02.049 12473 12473 I oid.car.cluste: The ClassLoaderContext is a special shared library.
09-07 14:27:02.051  2584 10896 W vCard   : Property name unsupported by vCard 2.1: N
09-07 14:27:02.057 12473 12473 I oid.car.cluste: The ClassLoaderContext is a special shared library.
09-07 14:27:02.061 12011 12011 D CarLocalServices:  getService CarPowerManagementService
09-07 14:27:02.064 12011 12011 D CarLocationService: Connected to PerUserCarService
09-07 14:27:02.065 12011 12011 D CarLocationService: Current user: 10
09-07 14:27:02.066 12011 12127 D CarLocalServices:  getService SystemInterface
09-07 14:27:02.066 12011 12011 I CAR.AUDIO: updateUserId userId 10 gainIndexForUser 10
09-07 14:27:02.067 12011 12127 D CarLocationService: Location cache file not found: /data/system/car/location_cache.json
09-07 14:27:02.067 12011 12127 D CarLocationService: Read location from timestamp 0
09-07 14:27:02.067 12011 12127 D CarLocationService: Location expired.
09-07 14:27:02.067 12011 12127 D CarLocalServices:  getService SystemInterface
09-07 14:27:02.068 12011 12127 D CarLocationService: Failed to delete cache file at /data/system/car/location_cache.json
09-07 14:27:02.068   512  1068 I chatty  : uid=1041(audioserver) audio@6.0-harma expire 55 lines
09-07 14:27:02.068 12473 12473 D NetworkSecurityConfig: No Network Security Config specified, using platform default
09-07 14:27:02.069 12473 12473 D NetworkSecurityConfig: No Network Security Config specified, using platform default
09-07 14:27:02.070 12011 12011 I CAR.AUDIO: updateUserId userId 10 gainIndexForUser 10
09-07 14:27:02.070 12473 12473 I CarUiInstaller: CarUiInstaller started for android.car.cluster
09-07 14:27:02.076 12011 12011 I CAR.AUDIO: updateUserId userId 10 gainIndexForUser 10
09-07 14:27:02.078 12473 12473 D Cluster.Service: onCreate
09-07 14:27:02.078 12011 12011 I CAR.AUDIO: updateUserId userId 10 gainIndexForUser 10
09-07 14:27:02.083 12011 12011 I CAR.AUDIO: updateUserId userId 10 gainIndexForUser 10
09-07 14:27:02.086 12011 12011 I CAR.AUDIO: updateUserId userId 10 gainIndexForUser 10
09-07 14:27:02.087 12473 12473 D Cluster.Service: onBind, intent: Intent { cmp=android.car.cluster/.ClusterRenderingService (has extras) }
09-07 14:27:02.088 12473 12473 I Cluster.Service: createNavigationRenderer, returns: android.car.cluster.ClusterRenderingService$2@6f61aac
09-07 14:27:02.088   512 12500 I chatty  : uid=1041(audioserver) Binder:512_2 expire 2 lines
09-07 14:27:02.088   512 12500 I KPI_Marker: [126.661645] [HarmanAudioEffect] Audio_Volume_Changed
09-07 14:27:02.108  2584 10896 W vCard   : Property name unsupported by vCard 2.1: N
09-07 14:27:02.114   512 12501 I chatty  : uid=1041(audioserver) Binder:512_2 expire 2 lines
09-07 14:27:02.114   512 12501 I KPI_Marker: [126.687321] [HarmanAudioEffect] Audio_Volume_Changed
09-07 14:27:02.133   512 12502 I chatty  : uid=1041(audioserver) Binder:512_2 expire 2 lines
09-07 14:27:02.133   512 12502 I KPI_Marker: [126.706072] [HarmanAudioEffect] Audio_Volume_Changed
09-07 14:27:02.147  1033  1033 D NotificationService: 10|com.harman.vpa|4065|null|1001000: granting content://settings/system/notification_sound
09-07 14:27:02.147  1033  1033 W UriGrantsManagerService: For security reasons, the system cannot issue a Uri permission grant to content://settings/system/notification_sound [user 10]; use startActivityAsCaller() instead
09-07 14:27:02.148  1033  1033 D NotificationService: 10|com.harman.vpa|4065|null|1001000: granting content://settings/system/notification_sound
09-07 14:27:02.148  1033  1033 W UriGrantsManagerService: For security reasons, the system cannot issue a Uri permission grant to content://settings/system/notification_sound [user 10]; use startActivityAsCaller() instead
09-07 14:27:02.148  1033  1033 D NotificationService: 10|com.harman.vpa|4065|null|1001000: granting content://settings/system/notification_sound
09-07 14:27:02.148  1033  1033 W UriGrantsManagerService: For security reasons, the system cannot issue a Uri permission grant to content://settings/system/notification_sound [user 10]; use startActivityAsCaller() instead
09-07 14:27:02.148  1033  1033 D NotificationService: 10|com.harman.vpa|4065|null|1001000: granting content://settings/system/notification_sound
09-07 14:27:02.148  1033  1033 W UriGrantsManagerService: For security reasons, the system cannot issue a Uri permission grant to content://settings/system/notification_sound [user 10]; use startActivityAsCaller() instead
09-07 14:27:02.149  1033  1033 D NotificationService: 10|com.harman.vpa|4065|null|1001000: granting content://settings/system/notification_sound
09-07 14:27:02.149  1033  1033 W UriGrantsManagerService: For security reasons, the system cannot issue a Uri permission grant to content://settings/system/notification_sound [user 10]; use startActivityAsCaller() instead
09-07 14:27:02.150  1033  1033 W NotificationHistory: Attempted to add notif for locked/gone/disabled user 10
09-07 14:27:02.152   512 12503 I chatty  : uid=1041(audioserver) Binder:512_2 expire 2 lines
09-07 14:27:02.152   512 12503 I KPI_Marker: [126.725597] [HarmanAudioEffect] Audio_Volume_Changed
09-07 14:27:02.157 10939 10939 D CarNotificationListener: onNotificationPosted: StatusBarNotification(pkg=com.harman.vpa user=UserHandle{10} id=4065 tag=null key=10|com.harman.vpa|4065|null|1001000: Notification(channel=com.harman.vpa shortcut=null contentView=null vibrate=null sound=null defaults=0x0 flags=0x62 color=0x00000000 category=service vis=PRIVATE))
09-07 14:27:02.157  1033  1033 D NotificationService: 10|com.harman.vpa|12199|null|1001000: granting content://settings/system/notification_sound
09-07 14:27:02.157  1033  1033 W UriGrantsManagerService: For security reasons, the system cannot issue a Uri permission grant to content://settings/system/notification_sound [user 10]; use startActivityAsCaller() instead
09-07 14:27:02.158  1033  1033 D NotificationService: 10|com.harman.vpa|12199|null|1001000: granting content://settings/system/notification_sound
09-07 14:27:02.158  1033  1033 W UriGrantsManagerService: For security reasons, the system cannot issue a Uri permission grant to content://settings/system/notification_sound [user 10]; use startActivityAsCaller() instead
09-07 14:27:02.158  1033  1033 D NotificationService: 10|com.harman.vpa|12199|null|1001000: granting content://settings/system/notification_sound
09-07 14:27:02.158  1033  1033 W UriGrantsManagerService: For security reasons, the system cannot issue a Uri permission grant to content://settings/system/notification_sound [user 10]; use startActivityAsCaller() instead
09-07 14:27:02.159  1033  1033 D NotificationService: 10|com.harman.vpa|12199|null|1001000: granting content://settings/system/notification_sound
09-07 14:27:02.159  1033  1033 W UriGrantsManagerService: For security reasons, the system cannot issue a Uri permission grant to content://settings/system/notification_sound [user 10]; use startActivityAsCaller() instead
09-07 14:27:02.159  1033  1033 D NotificationService: 10|com.harman.vpa|12199|null|1001000: granting content://settings/system/notification_sound
09-07 14:27:02.159  1033  1033 W UriGrantsManagerService: For security reasons, the system cannot issue a Uri permission grant to content://settings/system/notification_sound [user 10]; use startActivityAsCaller() instead
09-07 14:27:02.160  1033  1033 W NotificationHistory: Attempted to add notif for locked/gone/disabled user 10
09-07 14:27:02.165 10939 10939 D CarNotificationListener: onNotificationRemoved: StatusBarNotification(pkg=com.harman.vpa user=UserHandle{10} id=4065 tag=null key=10|com.harman.vpa|4065|null|1001000: Notification(channel=com.harman.vpa shortcut=null contentView=null vibrate=null sound=null defaults=0x0 flags=0x62 color=0x00000000 category=service vis=PRIVATE))
09-07 14:27:02.166 10939 10939 D CarNotificationListener: onNotificationPosted: StatusBarNotification(pkg=com.harman.vpa user=UserHandle{10} id=12199 tag=null key=10|com.harman.vpa|12199|null|1001000: Notification(channel=com.harman.vpa shortcut=null contentView=null vibrate=null sound=null defaults=0x0 flags=0x62 color=0x00000000 category=service vis=PRIVATE))
09-07 14:27:02.172   393   399 D acdb_loader_server: onTransact SET_AUDIO_CAL_V2: datalen(272)
09-07 14:27:02.173   393   399 D acdb_loader_server: onTransact GET_AUDIO_CAL_V2
09-07 14:27:02.173   393   399 D acdb_loader_server: onTransact: provided datalen(272)
09-07 14:27:02.175   393   399 D acdb_loader_server: onTransact: returned datalen(272)
09-07 14:27:02.176   512 12504 I chatty  : uid=1041(audioserver) Binder:512_2 expire 2 lines
09-07 14:27:02.176   512 12504 I KPI_Marker: [126.749234] [HarmanAudioEffect] Audio_Volume_Changed
09-07 14:27:02.176   393   399 D acdb_loader_server: onTransact SET_AUDIO_CAL_V2: datalen(272)
09-07 14:27:02.177   393   399 D acdb_loader_server: onTransact GET_AUDIO_CAL_V2
09-07 14:27:02.178   393   399 D acdb_loader_server: onTransact: provided datalen(272)
09-07 14:27:02.180   393   399 D acdb_loader_server: onTransact: returned datalen(272)
09-07 14:27:02.181   393   399 D acdb_loader_server: onTransact SET_AUDIO_CAL_V2: datalen(272)
09-07 14:27:02.182   393   399 D acdb_loader_server: onTransact GET_AUDIO_CAL_V2
09-07 14:27:02.182   393   399 D acdb_loader_server: onTransact: provided datalen(272)
09-07 14:27:02.183   393   399 D acdb_loader_server: onTransact: returned datalen(272)
09-07 14:27:02.184   393   399 D acdb_loader_server: onTransact SET_AUDIO_CAL_V2: datalen(272)
09-07 14:27:02.185   393   399 D acdb_loader_server: onTransact GET_AUDIO_CAL_V2
09-07 14:27:02.185   393   399 D acdb_loader_server: onTransact: provided datalen(272)
09-07 14:27:02.186   393   399 D acdb_loader_server: onTransact: returned datalen(272)
09-07 14:27:02.187   393   399 D acdb_loader_server: onTransact SET_AUDIO_CAL_V2: datalen(272)
09-07 14:27:02.188   393   399 D acdb_loader_server: onTransact GET_AUDIO_CAL_V2
09-07 14:27:02.188   393   399 D acdb_loader_server: onTransact: provided datalen(272)
09-07 14:27:02.190   393   399 D acdb_loader_server: onTransact: returned datalen(272)
09-07 14:27:02.191   393   399 D acdb_loader_server: onTransact SET_AUDIO_CAL_V2: datalen(272)
09-07 14:27:02.192   393   399 D acdb_loader_server: onTransact GET_AUDIO_CAL_V2
09-07 14:27:02.192   393   399 D acdb_loader_server: onTransact: provided datalen(272)
09-07 14:27:02.192   393   399 D acdb_loader_server: onTransact: returned datalen(272)
09-07 14:27:02.194   512 12505 I chatty  : uid=1041(audioserver) Binder:512_2 expire 2 lines
09-07 14:27:02.194   512 12505 I KPI_Marker: [126.767313] [HarmanAudioEffect] Audio_Volume_Changed
09-07 14:27:02.195   393   399 D acdb_loader_server: onTransact SET_AUDIO_CAL_V2: datalen(272)
09-07 14:27:02.196   393   399 D acdb_loader_server: onTransact GET_AUDIO_CAL_V2
09-07 14:27:02.196   393   399 D acdb_loader_server: onTransact: provided datalen(272)
09-07 14:27:02.197   393   399 D acdb_loader_server: onTransact: returned datalen(272)
09-07 14:27:02.198   393   399 D acdb_loader_server: onTransact SET_AUDIO_CAL_V2: datalen(272)
09-07 14:27:02.199  2584 10896 W vCard   : Property name unsupported by vCard 2.1: N
09-07 14:27:02.201   393  1492 D acdb_loader_server: onTransact GET_AUDIO_CAL_V2
09-07 14:27:02.201   393  1492 D acdb_loader_server: onTransact: provided datalen(272)
09-07 14:27:02.201   393  1492 D acdb_loader_server: onTransact: returned datalen(272)
09-07 14:27:02.203   393  1492 D acdb_loader_server: onTransact SET_AUDIO_CAL_V2: datalen(272)
09-07 14:27:02.206   393  1492 D acdb_loader_server: onTransact GET_AUDIO_CAL_V2
09-07 14:27:02.206   393  1492 D acdb_loader_server: onTransact: provided datalen(272)
09-07 14:27:02.206   393  1492 D acdb_loader_server: onTransact: returned datalen(272)
09-07 14:27:02.208   393  1492 D acdb_loader_server: onTransact SET_AUDIO_CAL_V2: datalen(272)
09-07 14:27:02.210   393  1492 D acdb_loader_server: onTransact GET_AUDIO_CAL_V2
09-07 14:27:02.211   393  1492 D acdb_loader_server: onTransact: provided datalen(272)
09-07 14:27:02.211   393  1492 D acdb_loader_server: onTransact: returned datalen(272)
09-07 14:27:02.212   393  1492 D acdb_loader_server: onTransact SET_AUDIO_CAL_V2: datalen(272)
09-07 14:27:02.213   393  1492 D acdb_loader_server: onTransact GET_AUDIO_CAL_V2
09-07 14:27:02.213   393  1492 D acdb_loader_server: onTransact: provided datalen(272)
09-07 14:27:02.215   393  1492 D acdb_loader_server: onTransact: returned datalen(272)
09-07 14:27:02.215   512 12506 I chatty  : uid=1041(audioserver) Binder:512_2 expire 2 lines
09-07 14:27:02.216   512 12506 I KPI_Marker: [126.788917] [HarmanAudioEffect] Audio_Volume_Changed
09-07 14:27:02.216   393  1492 D acdb_loader_server: onTransact SET_AUDIO_CAL_V2: datalen(272)
09-07 14:27:02.217   393  1492 D acdb_loader_server: onTransact GET_AUDIO_CAL_V2
09-07 14:27:02.217   393  1492 D acdb_loader_server: onTransact: provided datalen(272)
09-07 14:27:02.218   393  1492 D acdb_loader_server: onTransact: returned datalen(272)
09-07 14:27:02.219   393  1492 D acdb_loader_server: onTransact SET_AUDIO_CAL_V2: datalen(272)
09-07 14:27:02.220   393  1492 D acdb_loader_server: onTransact GET_AUDIO_CAL_V2
09-07 14:27:02.220   393  1492 D acdb_loader_server: onTransact: provided datalen(272)
09-07 14:27:02.221   393  1492 D acdb_loader_server: onTransact: returned datalen(272)
09-07 14:27:02.222   393  1492 D acdb_loader_server: onTransact SET_AUDIO_CAL_V2: datalen(272)
09-07 14:27:02.223   393  1492 D acdb_loader_server: onTransact GET_AUDIO_CAL_V2
09-07 14:27:02.223   393  1492 D acdb_loader_server: onTransact: provided datalen(272)
09-07 14:27:02.225   393  1492 D acdb_loader_server: onTransact: returned datalen(272)
09-07 14:27:02.226   393  1492 D acdb_loader_server: onTransact SET_AUDIO_CAL_V2: datalen(272)
09-07 14:27:02.227   393  1492 D acdb_loader_server: onTransact GET_AUDIO_CAL_V2
09-07 14:27:02.227   393  1492 D acdb_loader_server: onTransact: provided datalen(272)
09-07 14:27:02.228   393  1492 D acdb_loader_server: onTransact: returned datalen(272)
09-07 14:27:02.229   393  1492 D acdb_loader_server: onTransact SET_AUDIO_CAL_V2: datalen(272)
09-07 14:27:02.230   393  1492 D acdb_loader_server: onTransact GET_AUDIO_CAL_V2
09-07 14:27:02.230   393  1492 D acdb_loader_server: onTransact: provided datalen(272)
09-07 14:27:02.231   393  1492 D acdb_loader_server: onTransact: returned datalen(272)
09-07 14:27:02.232   512 12507 I chatty  : uid=1041(audioserver) Binder:512_2 expire 2 lines
09-07 14:27:02.232   512 12507 I KPI_Marker: [126.805373] [HarmanAudioEffect] Audio_Volume_Changed
09-07 14:27:02.244  2584 10896 W vCard   : Property name unsupported by vCard 2.1: N
09-07 14:27:02.313  2584 10896 W vCard   : Property name unsupported by vCard 2.1: N
09-07 14:27:02.379  2584 10896 W vCard   : Property name unsupported by vCard 2.1: N
09-07 14:27:02.437  2584 10896 W vCard   : Property name unsupported by vCard 2.1: N
09-07 14:27:02.473   538   618 W ipcLib  : ipcLib: in ipc_lib. DV1 read called
09-07 14:27:02.523  2584 10662 W vCard   : Property name unsupported by vCard 2.1: N
09-07 14:27:02.528  2584 10896 W vCard   : Property name unsupported by vCard 2.1: N
09-07 14:27:02.593  2584 10896 W vCard   : Property name unsupported by vCard 2.1: N
09-07 14:27:02.625 12011 12034 I com.android.ca: WaitForGcToComplete blocked RunEmptyCheckpoint on ProfileSaver for 7.310ms
09-07 14:27:02.655  2584 10896 W vCard   : Property name unsupported by vCard 2.1: N
09-07 14:27:02.724  2584 10896 W vCard   : Property name unsupported by vCard 2.1: N
09-07 14:27:02.777  2584 10896 W vCard   : Property name unsupported by vCard 2.1: N
09-07 14:27:02.852  2584 10896 W vCard   : Property name unsupported by vCard 2.1: N
09-07 14:27:02.879 12067 12100 I com.harman.car: Waiting for a blocking GC ProfileSaver
09-07 14:27:02.893 12067 12100 I com.harman.car: WaitForGcToComplete blocked ProfileSaver on ClassLinker for 14.257ms
09-07 14:27:02.900 12067 12086 I com.harman.car: WaitForGcToComplete blocked RunEmptyCheckpoint on ProfileSaver for 6.686ms
09-07 14:27:02.918  2584 10896 W vCard   : Property name unsupported by vCard 2.1: N
09-07 14:27:02.966  2584 10896 W vCard   : Property name unsupported by vCard 2.1: N
09-07 14:27:03.029  2584 10896 W vCard   : Property name unsupported by vCard 2.1: N
09-07 14:27:03.084  2584 10896 W vCard   : Property name unsupported by vCard 2.1: N
09-07 14:27:03.138  2584 10896 W vCard   : Property name unsupported by vCard 2.1: N
09-07 14:27:03.210  2584 10896 W vCard   : Property name unsupported by vCard 2.1: N
09-07 14:27:03.272  2584 10896 W vCard   : Property name unsupported by vCard 2.1: N
09-07 14:27:03.336  2584 10896 W vCard   : Property name unsupported by vCard 2.1: N
09-07 14:27:03.403  2584 10896 W vCard   : Property name unsupported by vCard 2.1: N
09-07 14:27:03.465   532   569 W ipcLib  : ipcLib: in ipc_lib. DV1 read called
09-07 14:27:03.465   532   568 I VPS     : VPS:IOCStatusInfo.VoltageStatus->0 
09-07 14:27:03.466   532   568 I VPS     : VPS:IOCStatusInfo.IOCStatusCmd->a6 
09-07 14:27:03.466   532   568 I VPS     : VPS:IOCStatusInfo.WakeUpReason->0 
09-07 14:27:03.466   532   568 I VPS     : VPS:IOCStatusInfo.DerivedIgnitionStatus->0 
09-07 14:27:03.466   532   568 I VPS     : VPS:IOCStatusInfo.PowerModeState->4 
09-07 14:27:03.466   532   568 I VPS     : VPS:IOCStatusInfo.SOCShutdownRequest->0 
09-07 14:27:03.466   532   568 I VPS     : VPS:IOCStatusInfo.AntiTheftState->0 
09-07 14:27:03.466   532   568 I VPS     : VPS:IOCStatusInfo.BatteryConnect->0 
09-07 14:27:03.473   538   618 W ipcLib  : ipcLib: in ipc_lib. DV1 read called
09-07 14:27:03.493  2584 10896 W vCard   : Property name unsupported by vCard 2.1: N
09-07 14:27:03.572  1033  1175 E ActivityManager: Sending non-protected broadcast com.redbend.client.SET_ALARM from system uid 1000 pkg com.harman.softwareUpdate
09-07 14:27:03.572  1033  1175 E ActivityManager: java.lang.Throwable
09-07 14:27:03.572  1033  1175 E ActivityManager: 	at com.android.server.am.ActivityManagerService.checkBroadcastFromSystem(ActivityManagerService.java:15914)
09-07 14:27:03.572  1033  1175 E ActivityManager: 	at com.android.server.am.ActivityManagerService.broadcastIntentLocked(ActivityManagerService.java:16585)
09-07 14:27:03.572  1033  1175 E ActivityManager: 	at com.android.server.am.ActivityManagerService.broadcastIntentInPackage(ActivityManagerService.java:16764)
09-07 14:27:03.572  1033  1175 E ActivityManager: 	at com.android.server.am.ActivityManagerService$LocalService.broadcastIntentInPackage(ActivityManagerService.java:19425)
09-07 14:27:03.572  1033  1175 E ActivityManager: 	at com.android.server.am.PendingIntentRecord.sendInner(PendingIntentRecord.java:442)
09-07 14:27:03.572  1033  1175 E ActivityManager: 	at com.android.server.am.PendingIntentRecord.sendWithResult(PendingIntentRecord.java:285)
09-07 14:27:03.572  1033  1175 E ActivityManager: 	at com.android.server.am.ActivityManagerService.sendIntentSender(ActivityManagerService.java:5732)
09-07 14:27:03.572  1033  1175 E ActivityManager: 	at android.app.PendingIntent.sendAndReturnResult(PendingIntent.java:913)
09-07 14:27:03.572  1033  1175 E ActivityManager: 	at android.app.PendingIntent.send(PendingIntent.java:884)
09-07 14:27:03.572  1033  1175 E ActivityManager: 	at com.android.server.AlarmManagerService$DeliveryTracker.deliverLocked(AlarmManagerService.java:4733)
09-07 14:27:03.572  1033  1175 E ActivityManager: 	at com.android.server.AlarmManagerService.deliverAlarmsLocked(AlarmManagerService.java:3868)
09-07 14:27:03.572  1033  1175 E ActivityManager: 	at com.android.server.AlarmManagerService$AlarmThread.run(AlarmManagerService.java:4112)
09-07 14:27:03.576  1986  3683 I chatty  : uid=1000(system) Thread-5 expire 61 lines
09-07 14:27:03.576  1986  1986 I chatty  : uid=1000(system) com.harman.softwareUpdate expire 10 lines
09-07 14:27:03.578  2584 10896 W vCard   : Property name unsupported by vCard 2.1: N
09-07 14:27:03.595  1986  3683 I chatty  : uid=1000(system) Thread-5 expire 22 lines
09-07 14:27:03.673  2584 10896 W vCard   : Property name unsupported by vCard 2.1: N
09-07 14:27:03.728  2584 10896 W vCard   : Property name unsupported by vCard 2.1: N
09-07 14:27:03.744   512 12206 I chatty  : uid=1041(audioserver) reader expire 337 lines
09-07 14:27:03.824  2584 10896 W vCard   : Property name unsupported by vCard 2.1: N
09-07 14:27:03.848 12545 12545 I qccsyshalservice: Start with system binder
09-07 14:27:03.848 12545 12545 I qccsyshalservice: Registering qccsyshal service...
09-07 14:27:03.849   376   376 I hwservicemanager: getTransport: Cannot find entry vendor.qti.hardware.qccsyshal@1.0::IQccsyshal/qccsyshal in either framework or device manifest.
09-07 14:27:03.850 12545 12545 E HidlServiceManagement: Service vendor.qti.hardware.qccsyshal@1.0::IQccsyshal/qccsyshal must be in VINTF manifest in order to register/get.
09-07 14:27:03.850 12545 12545 E qccsyshalservice: [ERROR] registerAsService() failed with status: -2147483648
09-07 14:27:03.900  2584 10896 W vCard   : Property name unsupported by vCard 2.1: N
09-07 14:27:03.900   376   376 I hwservicemanager: getTransport: Cannot find entry android.hardware.sensors@1.0::ISensors/default in either framework or device manifest.
09-07 14:27:03.901 12547 12547 D LOGMANAGER: LOGMANAGER HAL service init() start
09-07 14:27:03.903 12546 12546 E android.hardware.sensors@1.0-service: Couldn't load sensors module (Unknown error -2147483648)
09-07 14:27:03.903 12546 12546 D RefBase : RefBase: Explicit destruction, weak count = 0 (in 0xb4000072126a8678)
09-07 14:27:03.903 12546 12546 W RefBase : CallStack::getCurrentInternal not linked, returning null
09-07 14:27:03.903 12546 12546 W RefBase : CallStack::logStackInternal not linked
09-07 14:27:03.904 12546 12546 E LegacySupport: Could not get passthrough implementation for android.hardware.sensors@1.0::ISensors/default.
09-07 14:27:03.906 12547 12547 D LOGMANAGER: Logmanager configured rpcthreadpool
09-07 14:27:03.908 12547 12547 I HidlServiceManagement: Registered vendor.harman.hardware.LogManager@1.0::ILogManager/default
09-07 14:27:03.908 12547 12547 D LOGMANAGER: Logmanager HAL Service is registered and ready
09-07 14:27:03.908 12547 12547 I LOGMANAGER: ThreadPoolWrapper::initThreadPool
09-07 14:27:03.908 12547 12547 I LOGMANAGER: ThreadPoolWrapper : exit
09-07 14:27:03.908 12547 12547 D LOGMANAGER: Logmanager threadpoolwrapper created
09-07 14:27:03.909 12547 12547 D LOGMANAGER: User argument is -c
09-07 14:27:03.909 12547 12548 I LOGMANAGER: ThreadPoolWrapper:  enter the joinRpcThreadpool()
09-07 14:27:03.909 12547 12547 I LOGMANAGER: LogmanagerConfig is configured under config file
09-07 14:27:03.909 12547 12547 I LOGMANAGER: LoggingLevel is : 4
09-07 14:27:03.909 12547 12547 I LOGMANAGER: LogEnableState is : 0
09-07 14:27:03.909 12547 12547 I LOGMANAGER: OutputPluginConfiguration PluginType : LOGWRITTER
09-07 14:27:03.909 12547 12547 I LOGMANAGER: LM_OutputConfiguration : 1
09-07 14:27:03.909 12547 12547 I LOGMANAGER: LM_OfflineTraceDirectory : /data/cache
09-07 14:27:03.909 12547 12547 I LOGMANAGER: LM_OfflineTraceFILESize : 1000000
09-07 14:27:03.909 12547 12547 I LOGMANAGER: LM_OfflineTotalFILESSize : 20000000
09-07 14:27:03.909 12547 12547 I LOGMANAGER: LM_FileNameTimeStampBased : 0
09-07 14:27:03.909 12547 12547 I LOGMANAGER: Got IOC plugin
09-07 14:27:03.909 12547 12547 I LOGMANAGER: IOCIPCChannelNumber :6
09-07 14:27:03.909 12547 12547 I LOGMANAGER: keyseq: HOME + VOLUMEDOWN  for domain is AudioDump
09-07 14:27:03.909 12547 12547 I LOGMANAGER: keyseq: HOME + VOLUMEUP  for domain is HCIDump
09-07 14:27:03.909 12547 12547 I LOGMANAGER: Domains parsing is done
09-07 14:27:03.911 12547 12547 E LOGMANAGER: Failed to load plugin /vendor/lib64/libIOCDLogReader.so with error code dlopen failed: library "/vendor/lib64/libIOCDLogReader.so" not found 
09-07 14:27:03.911 12547 12547 F libc    : Fatal signal 11 (SIGSEGV), code 1 (SEGV_MAPERR), fault addr 0x0 in tid 12547 (vendor.harman.L), pid 12547 (vendor.harman.L)
09-07 14:27:03.947 12551 12551 I crash_dump64: obtaining output fd from tombstoned, type: kDebuggerdTombstone
09-07 14:27:03.948   463   463 I tombstoned: received crash request for pid 12547
09-07 14:27:03.949 12551 12551 I crash_dump64: performing dump of process 12547 (target tid = 12547)
09-07 14:27:03.952 12551 12551 F DEBUG   : *** *** *** *** *** *** *** *** *** *** *** *** *** *** *** ***
09-07 14:27:03.953 12551 12551 F DEBUG   : Build fingerprint: 'qti/titan_tml_b2/titan_tml_b2:11/RQ3A.210605.005/eng.ksong.20210907.134230:userdebug/test-keys'
09-07 14:27:03.953 12551 12551 F DEBUG   : Revision: '0'
09-07 14:27:03.953 12551 12551 F DEBUG   : ABI: 'arm64'
09-07 14:27:03.954 12551 12551 F DEBUG   : Timestamp: 2021-09-07 14:27:03+0000
09-07 14:27:03.954 12551 12551 F DEBUG   : pid: 12547, tid: 12547, name: vendor.harman.L  >>> /vendor/bin/hw/vendor.harman.LogManager@1.0-service <<<
09-07 14:27:03.954 12551 12551 F DEBUG   : uid: 0
09-07 14:27:03.954 12551 12551 F DEBUG   : signal 11 (SIGSEGV), code 1 (SEGV_MAPERR), fault addr 0x0
09-07 14:27:03.954 12551 12551 F DEBUG   : Cause: null pointer dereference
09-07 14:27:03.954 12551 12551 F DEBUG   :     x0  0000000000000000  x1  0000000000000000  x2  0000000000080001  x3  0000000000000000
09-07 14:27:03.954 12551 12551 F DEBUG   :     x4  0000000000000000  x5  0000000000000090  x6  fefefefefefefeff  x7  7f7f7f7f7f7f7f7f
09-07 14:27:03.954 12551 12551 F DEBUG   :     x8  0101010101010101  x9  a365d783967f45a0  x10 0000007fc77ad4d8  x11 fffffffffffffffd
09-07 14:27:03.954 12551 12551 F DEBUG   :     x12 0000007fc77ad660  x13 000000000000008e  x14 00361efad6d61c00  x15 0000000034155555
09-07 14:27:03.954 12551 12551 F DEBUG   :     x16 0000005dbc3fe7e0  x17 0000007d17aa5b30  x18 0000007d1894c000  x19 0000000000000000
09-07 14:27:03.955 12551 12551 F DEBUG   :     x20 0000007d17532c50  x21 0000007fc77add79  x22 b400007c17340ef8  x23 0000007fc77add98
09-07 14:27:03.955 12551 12551 F DEBUG   :     x24 0000000000000000  x25 0000007d17f75000  x26 0000007fc77add79  x27 0000007fc77add49
09-07 14:27:03.955 12551 12551 F DEBUG   :     x28 0000000000000000  x29 0000007fc77adc80
09-07 14:27:03.955 12551 12551 F DEBUG   :     lr  0000005dbc3f5048  sp  0000007fc77adc80  pc  0000007d17aa5b40  pst 0000000080000000
09-07 14:27:03.956 12551 12551 F DEBUG   : backtrace:
09-07 14:27:03.956 12551 12551 F DEBUG   :       #00 pc 000000000004ab40  /apex/com.android.runtime/lib64/bionic/libc.so (strlen_default+16) (BuildId: 2b7c6e33413ac7278a15dfc3ea383089)
09-07 14:27:03.956 12551 12551 F DEBUG   :       #01 pc 0000000000009044  /vendor/bin/hw/vendor.harman.LogManager@1.0-service (BuildId: 3e966ab64050b441b920ba0e8960d123)
09-07 14:27:03.956 12551 12551 F DEBUG   :       #02 pc 0000000000008df0  /vendor/bin/hw/vendor.harman.LogManager@1.0-service (LM::LogManagerImpl::load_plugin_conf(void*, std::__1::basic_string<char, std::__1::char_traits<char>, std::__1::allocator<char> >, std::__1::multimap<std::__1::basic_string<char, std::__1::char_traits<char>, std::__1::allocator<char> >, int, std::__1::less<std::__1::basic_string<char, std::__1::char_traits<char>, std::__1::allocator<char> > >, std::__1::allocator<std::__1::pair<std::__1::basic_string<char, std::__1::char_traits<char>, std::__1::allocator<char> > const, int> > >&)+752) (BuildId: 3e966ab64050b441b920ba0e8960d123)
09-07 14:27:03.956 12551 12551 F DEBUG   :       #03 pc 00000000000088c0  /vendor/bin/hw/vendor.harman.LogManager@1.0-service (LM::LogManagerImpl::loadplugins()+436) (BuildId: 3e966ab64050b441b920ba0e8960d123)
09-07 14:27:03.956 12551 12551 F DEBUG   :       #04 pc 0000000000007af8  /vendor/bin/hw/vendor.harman.LogManager@1.0-service (main+1112) (BuildId: 3e966ab64050b441b920ba0e8960d123)
09-07 14:27:03.957 12551 12551 F DEBUG   :       #05 pc 000000000004988c  /apex/com.android.runtime/lib64/bionic/libc.so (__libc_init+108) (BuildId: 2b7c6e33413ac7278a15dfc3ea383089)
09-07 14:27:03.976  2584 10896 W vCard   : Property name unsupported by vCard 2.1: N
09-07 14:27:04.000   532   569 I VPS     : VPS:VehiclePlatformSOCHeartBeatHandler IVI HeartBeat sent successfully SOCHeartBeatInfo.SOCStatus->2
09-07 14:27:04.000   532   569 W ipcLib  : ipcLib: in ipc_lib. DV1 write called
09-07 14:27:04.002   532   569 W ipcLib  : ipcLib: in ipc_lib. DV1 read called
09-07 14:27:04.015  1033  1270 W NativeCrashListener: Couldn't find ProcessRecord for pid 12547
09-07 14:27:04.016 12551 12551 E crash_dump64: AM data write failed: Broken pipe
09-07 14:27:04.017   463   463 E tombstoned: Tombstone written to: /data/tombstones/tombstone_41
09-07 14:27:04.019  1033  1095 I BootReceiver: Copying /data/tombstones/tombstone_41 to DropBox (SYSTEM_TOMBSTONE)
09-07 14:27:04.020  1033  1095 I DropBoxManagerService: add tag=SYSTEM_TOMBSTONE isTagEnabled=true flags=0x2
09-07 14:27:04.060  2584 10896 W vCard   : Property name unsupported by vCard 2.1: N
09-07 14:27:04.187  2584 10896 W vCard   : Property name unsupported by vCard 2.1: N
09-07 14:27:04.281  2584 10896 W vCard   : Property name unsupported by vCard 2.1: N
09-07 14:27:04.355  2584 10896 W vCard   : Property name unsupported by vCard 2.1: N
09-07 14:27:04.442  2584 10896 W vCard   : Property name unsupported by vCard 2.1: N
09-07 14:27:04.474   538   618 W ipcLib  : ipcLib: in ipc_lib. DV1 read called
09-07 14:27:04.518   536   612 E pathology: [ProcessCrashHandler:: parseTombstoneFileName]string not found
09-07 14:27:04.519   536   612 I chatty  : uid=0(root) vendor.harman.p identical 12 lines
09-07 14:27:04.519   536   612 E pathology: [ProcessCrashHandler:: parseTombstoneFileName]string not found
09-07 14:27:04.523  2584 10896 W vCard   : Property name unsupported by vCard 2.1: N
09-07 14:27:04.607  2584 10896 W vCard   : Property name unsupported by vCard 2.1: N
09-07 14:27:04.715  2584 10896 W vCard   : Property name unsupported by vCard 2.1: N
09-07 14:27:04.782  2584 10896 W vCard   : Property name unsupported by vCard 2.1: N
09-07 14:27:04.849  2584 10896 W vCard   : Property name unsupported by vCard 2.1: N
09-07 14:27:04.930  2584 10896 W vCard   : Property name unsupported by vCard 2.1: N
09-07 14:27:05.003  2584 10896 W vCard   : Property name unsupported by vCard 2.1: N
09-07 14:27:05.095  2584 10896 W vCard   : Property name unsupported by vCard 2.1: N
09-07 14:27:05.185  1033  1063 E ActivityThread: Failed to find provider info for com.android.contacts
09-07 14:27:05.185  1033  1063 W ContactsQueryHelper: Cursor is null when querying contact.
09-07 14:27:05.185  2584 10896 W vCard   : Property name unsupported by vCard 2.1: N
09-07 14:27:05.199  1033  1063 E ActivityThread: Failed to find provider info for com.android.contacts
09-07 14:27:05.199  1033  1063 W ContactsQueryHelper: Cursor is null when querying contact.
09-07 14:27:05.247  2584 10896 W vCard   : Property name unsupported by vCard 2.1: N
09-07 14:27:05.316  2584 10896 W vCard   : Property name unsupported by vCard 2.1: N
09-07 14:27:05.410  2584 10896 W vCard   : Property name unsupported by vCard 2.1: N
09-07 14:27:05.474   538   618 W ipcLib  : ipcLib: in ipc_lib. DV1 read called
09-07 14:27:05.488  2584 10896 W vCard   : Property name unsupported by vCard 2.1: N
09-07 14:27:05.562  2584 10896 W vCard   : Property name unsupported by vCard 2.1: N
09-07 14:27:05.565   532   569 W ipcLib  : ipcLib: in ipc_lib. DV1 read called
09-07 14:27:05.566   532   568 I VPS     : VPS:IOCStatusInfo.VoltageStatus->0 
09-07 14:27:05.566   532   568 I VPS     : VPS:IOCStatusInfo.IOCStatusCmd->a6 
09-07 14:27:05.566   532   568 I VPS     : VPS:IOCStatusInfo.WakeUpReason->0 
09-07 14:27:05.566   532   568 I VPS     : VPS:IOCStatusInfo.DerivedIgnitionStatus->0 
09-07 14:27:05.566   532   568 I VPS     : VPS:IOCStatusInfo.PowerModeState->4 
09-07 14:27:05.566   532   568 I VPS     : VPS:IOCStatusInfo.SOCShutdownRequest->0 
09-07 14:27:05.566   532   568 I VPS     : VPS:IOCStatusInfo.AntiTheftState->0 
09-07 14:27:05.566   532   568 I VPS     : VPS:IOCStatusInfo.BatteryConnect->0 
09-07 14:27:05.575   536   536 I vendor.harman.p: type=1400 audit(0.0:2139): avc: denied { read } for name="2" dev="dm-4" ino=49241 scontext=u:r:pathologyd:s0 tcontext=u:object_r:vendor_data_file:s0 tclass=dir permissive=1
09-07 14:27:05.575   536   536 I vendor.harman.p: type=1400 audit(0.0:2140): avc: denied { open } for path="/data/vendor/pathologyArchive/2" dev="dm-4" ino=49241 scontext=u:r:pathologyd:s0 tcontext=u:object_r:vendor_data_file:s0 tclass=dir permissive=1
09-07 14:27:05.632  2584 10896 W vCard   : Property name unsupported by vCard 2.1: N
09-07 14:27:05.729  2584 10896 W vCard   : Property name unsupported by vCard 2.1: N
09-07 14:27:05.809  2584 10896 W vCard   : Property name unsupported by vCard 2.1: N
09-07 14:27:05.892  2584 10896 W vCard   : Property name unsupported by vCard 2.1: N
09-07 14:27:05.973  2584 10896 W vCard   : Property name unsupported by vCard 2.1: N
09-07 14:27:06.046  2584 10896 W vCard   : Property name unsupported by vCard 2.1: N
09-07 14:27:06.133  2584 10896 W vCard   : Property name unsupported by vCard 2.1: N
09-07 14:27:06.209  2584 10896 W vCard   : Property name unsupported by vCard 2.1: N
09-07 14:27:06.288  2584 10896 W vCard   : Property name unsupported by vCard 2.1: N
09-07 14:27:06.374  2584 10896 W vCard   : Property name unsupported by vCard 2.1: N
09-07 14:27:06.463  2584 10896 W vCard   : Property name unsupported by vCard 2.1: N
09-07 14:27:06.473   538   618 W ipcLib  : ipcLib: in ipc_lib. DV1 read called
09-07 14:27:06.552  2584 10896 W vCard   : Property name unsupported by vCard 2.1: N
09-07 14:27:06.628  2584 10896 W vCard   : Property name unsupported by vCard 2.1: N
09-07 14:27:06.752  2584 10896 W vCard   : Property name unsupported by vCard 2.1: N
09-07 14:27:06.832  2584 10896 W vCard   : Property name unsupported by vCard 2.1: N
09-07 14:27:06.866  1033  1063 E ActivityThread: Failed to find provider info for com.android.contacts
09-07 14:27:06.866  1033  1063 W ContactsQueryHelper: Cursor is null when querying contact.
09-07 14:27:06.879  1033  1063 E ActivityThread: Failed to find provider info for com.android.contacts
09-07 14:27:06.879  1033  1063 W ContactsQueryHelper: Cursor is null when querying contact.
09-07 14:27:06.920  2584 10896 W vCard   : Property name unsupported by vCard 2.1: N
09-07 14:27:06.998  2584 10896 W vCard   : Property name unsupported by vCard 2.1: N
09-07 14:27:07.073  2584 10896 W vCard   : Property name unsupported by vCard 2.1: N
09-07 14:27:07.153  2584 10896 W vCard   : Property name unsupported by vCard 2.1: N
09-07 14:27:07.236  2584 10896 W vCard   : Property name unsupported by vCard 2.1: N
09-07 14:27:07.312  2584 10896 W vCard   : Property name unsupported by vCard 2.1: N
09-07 14:27:07.398  2584 10896 W vCard   : Property name unsupported by vCard 2.1: N
09-07 14:27:07.474   538   618 W ipcLib  : ipcLib: in ipc_lib. DV1 read called
09-07 14:27:07.495  2584 10896 W vCard   : Property name unsupported by vCard 2.1: N
09-07 14:27:07.606  2584 10896 W vCard   : Property name unsupported by vCard 2.1: N
09-07 14:27:07.654  2584 10896 W vCard   : Property name unsupported by vCard 2.1: N
09-07 14:27:07.665   532   569 W ipcLib  : ipcLib: in ipc_lib. DV1 read called
09-07 14:27:07.665   532   568 I VPS     : VPS:IOCStatusInfo.VoltageStatus->0 
09-07 14:27:07.665   532   568 I VPS     : VPS:IOCStatusInfo.IOCStatusCmd->a6 
09-07 14:27:07.666   532   568 I VPS     : VPS:IOCStatusInfo.WakeUpReason->0 
09-07 14:27:07.666   532   568 I VPS     : VPS:IOCStatusInfo.DerivedIgnitionStatus->0 
09-07 14:27:07.666   532   568 I VPS     : VPS:IOCStatusInfo.PowerModeState->4 
09-07 14:27:07.666   532   568 I VPS     : VPS:IOCStatusInfo.SOCShutdownRequest->0 
09-07 14:27:07.666   532   568 I VPS     : VPS:IOCStatusInfo.AntiTheftState->0 
09-07 14:27:07.666   532   568 I VPS     : VPS:IOCStatusInfo.BatteryConnect->0 
09-07 14:27:07.669  1033  1063 E ActivityThread: Failed to find provider info for com.android.contacts
09-07 14:27:07.669  1033  1063 W ContactsQueryHelper: Cursor is null when querying contact.
09-07 14:27:07.679  1033  1063 E ActivityThread: Failed to find provider info for com.android.contacts
09-07 14:27:07.679  1033  1063 W ContactsQueryHelper: Cursor is null when querying contact.
09-07 14:27:07.771  2584 10896 W vCard   : Property name unsupported by vCard 2.1: N
09-07 14:27:07.801  2584 10662 W vCard   : Property name unsupported by vCard 2.1: N
09-07 14:27:07.846  2584 10896 W vCard   : Property name unsupported by vCard 2.1: N
09-07 14:27:07.917  2584 10896 W vCard   : Property name unsupported by vCard 2.1: N
09-07 14:27:08.016  2584 10896 W vCard   : Property name unsupported by vCard 2.1: N
09-07 14:27:08.088  2584 10896 W vCard   : Property name unsupported by vCard 2.1: N
09-07 14:27:08.165  2584 10896 W vCard   : Property name unsupported by vCard 2.1: N
09-07 14:27:08.245  2584 10896 W vCard   : Property name unsupported by vCard 2.1: N
09-07 14:27:08.272   911  1386 D BufferPoolAccessor2.0: bufferpool2 0xb400007205c6d498 : 2(1048576 size) total buffers - 0(0 size) used buffers - 2197/2202 (recycle/alloc) - 15/2202 (fetch/transfer)
09-07 14:27:08.272   911  1386 D BufferPoolAccessor2.0: evictor expired: 1, evicted: 1
09-07 14:27:08.314  2584 10896 W vCard   : Property name unsupported by vCard 2.1: N
09-07 14:27:08.402  2584 10896 W vCard   : Property name unsupported by vCard 2.1: N
09-07 14:27:08.474   538   618 W ipcLib  : ipcLib: in ipc_lib. DV1 read called
09-07 14:27:08.491  2584 10896 W vCard   : Property name unsupported by vCard 2.1: N
09-07 14:27:08.568  2584 10896 W vCard   : Property name unsupported by vCard 2.1: N
09-07 14:27:08.644  2584 10896 W vCard   : Property name unsupported by vCard 2.1: N
09-07 14:27:08.730  2584 10896 W vCard   : Property name unsupported by vCard 2.1: N
09-07 14:27:08.805  2584 10896 W vCard   : Property name unsupported by vCard 2.1: N
09-07 14:27:08.855 12562 12562 I qccsyshalservice: Start with system binder
09-07 14:27:08.855 12562 12562 I qccsyshalservice: Registering qccsyshal service...
09-07 14:27:08.857   376   376 I hwservicemanager: getTransport: Cannot find entry vendor.qti.hardware.qccsyshal@1.0::IQccsyshal/qccsyshal in either framework or device manifest.
09-07 14:27:08.861 12562 12562 E HidlServiceManagement: Service vendor.qti.hardware.qccsyshal@1.0::IQccsyshal/qccsyshal must be in VINTF manifest in order to register/get.
09-07 14:27:08.861 12562 12562 E qccsyshalservice: [ERROR] registerAsService() failed with status: -2147483648
09-07 14:27:08.886  2584 10896 W vCard   : Property name unsupported by vCard 2.1: N
09-07 14:27:08.895 12564 12564 I vendor.harman.L: type=1400 audit(0.0:2141): avc: denied { read } for name="u:object_r:hwservicemanager_prop:s0" dev="tmpfs" ino=24519 scontext=u:r:logmanagerd:s0 tcontext=u:object_r:hwservicemanager_prop:s0 tclass=file permissive=1
09-07 14:27:08.895 12564 12564 I vendor.harman.L: type=1400 audit(0.0:2142): avc: denied { open } for path="/dev/__properties__/u:object_r:hwservicemanager_prop:s0" dev="tmpfs" ino=24519 scontext=u:r:logmanagerd:s0 tcontext=u:object_r:hwservicemanager_prop:s0 tclass=file permissive=1
09-07 14:27:08.895 12564 12564 I vendor.harman.L: type=1400 audit(0.0:2143): avc: denied { getattr } for path="/dev/__properties__/u:object_r:hwservicemanager_prop:s0" dev="tmpfs" ino=24519 scontext=u:r:logmanagerd:s0 tcontext=u:object_r:hwservicemanager_prop:s0 tclass=file permissive=1
09-07 14:27:08.895 12564 12564 I vendor.harman.L: type=1400 audit(0.0:2144): avc: denied { map } for path="/dev/__properties__/u:object_r:hwservicemanager_prop:s0" dev="tmpfs" ino=24519 scontext=u:r:logmanagerd:s0 tcontext=u:object_r:hwservicemanager_prop:s0 tclass=file permissive=1
09-07 14:27:08.899 12564 12564 D LOGMANAGER: LOGMANAGER HAL service init() start
09-07 14:27:08.899 12564 12564 D LOGMANAGER: Logmanager configured rpcthreadpool
09-07 14:27:08.903 12564 12564 I vendor.harman.L: type=1400 audit(0.0:2145): avc: denied { dac_read_search } for capability=2 scontext=u:r:logmanagerd:s0 tcontext=u:r:logmanagerd:s0 tclass=capability permissive=1
09-07 14:27:08.903 12564 12564 I vendor.harman.L: type=1400 audit(0.0:2146): avc: denied { search } for name="cache" dev="dm-4" ino=262146 scontext=u:r:logmanagerd:s0 tcontext=u:object_r:cache_file:s0 tclass=dir permissive=1
09-07 14:27:08.903 12564 12564 I vendor.harman.L: type=1400 audit(0.0:2147): avc: denied { dac_override } for capability=1 scontext=u:r:logmanagerd:s0 tcontext=u:r:logmanagerd:s0 tclass=capability permissive=1
09-07 14:27:08.903 12564 12564 I vendor.harman.L: type=1400 audit(0.0:2148): avc: denied { write } for name="cache" dev="dm-4" ino=262146 scontext=u:r:logmanagerd:s0 tcontext=u:object_r:cache_file:s0 tclass=dir permissive=1
09-07 14:27:08.907 12564 12564 I HidlServiceManagement: Registered vendor.harman.hardware.LogManager@1.0::ILogManager/default
09-07 14:27:08.907 12564 12564 D LOGMANAGER: Logmanager HAL Service is registered and ready
09-07 14:27:08.907 12564 12564 I LOGMANAGER: ThreadPoolWrapper::initThreadPool
09-07 14:27:08.907 12564 12564 I LOGMANAGER: ThreadPoolWrapper : exit
09-07 14:27:08.907 12564 12564 D LOGMANAGER: Logmanager threadpoolwrapper created
09-07 14:27:08.907 12564 12564 D LOGMANAGER: User argument is -c
09-07 14:27:08.907 12564 12565 I LOGMANAGER: ThreadPoolWrapper:  enter the joinRpcThreadpool()
09-07 14:27:08.908 12564 12564 I LOGMANAGER: LogmanagerConfig is configured under config file
09-07 14:27:08.908 12564 12564 I LOGMANAGER: LoggingLevel is : 4
09-07 14:27:08.908 12564 12564 I LOGMANAGER: LogEnableState is : 0
09-07 14:27:08.908 12564 12564 I LOGMANAGER: OutputPluginConfiguration PluginType : LOGWRITTER
09-07 14:27:08.908 12564 12564 I LOGMANAGER: LM_OutputConfiguration : 1
09-07 14:27:08.908 12564 12564 I LOGMANAGER: LM_OfflineTraceDirectory : /data/cache
09-07 14:27:08.908 12564 12564 I LOGMANAGER: LM_OfflineTraceFILESize : 1000000
09-07 14:27:08.908 12564 12564 I LOGMANAGER: LM_OfflineTotalFILESSize : 20000000
09-07 14:27:08.908 12564 12564 I LOGMANAGER: LM_FileNameTimeStampBased : 0
09-07 14:27:08.908 12564 12564 I LOGMANAGER: Got IOC plugin
09-07 14:27:08.908 12564 12564 I LOGMANAGER: IOCIPCChannelNumber :6
09-07 14:27:08.908 12564 12564 I LOGMANAGER: keyseq: HOME + VOLUMEDOWN  for domain is AudioDump
09-07 14:27:08.908 12564 12564 I LOGMANAGER: keyseq: HOME + VOLUMEUP  for domain is HCIDump
09-07 14:27:08.908 12564 12564 I LOGMANAGER: Domains parsing is done
09-07 14:27:08.913   376   376 I hwservicemanager: getTransport: Cannot find entry android.hardware.sensors@1.0::ISensors/default in either framework or device manifest.
09-07 14:27:08.914 12564 12564 E LOGMANAGER: Failed to load plugin /vendor/lib64/libIOCDLogReader.so with error code dlopen failed: library "/vendor/lib64/libIOCDLogReader.so" not found 
09-07 14:27:08.914 12564 12564 F libc    : Fatal signal 11 (SIGSEGV), code 1 (SEGV_MAPERR), fault addr 0x0 in tid 12564 (vendor.harman.L), pid 12564 (vendor.harman.L)
09-07 14:27:08.916 12563 12563 E android.hardware.sensors@1.0-service: Couldn't load sensors module (Unknown error -2147483648)
09-07 14:27:08.916 12563 12563 D RefBase : RefBase: Explicit destruction, weak count = 0 (in 0xb40000734326bbb8)
09-07 14:27:08.916 12563 12563 W RefBase : CallStack::getCurrentInternal not linked, returning null
09-07 14:27:08.916 12563 12563 W RefBase : CallStack::logStackInternal not linked
09-07 14:27:08.917 12563 12563 E LegacySupport: Could not get passthrough implementation for android.hardware.sensors@1.0::ISensors/default.
09-07 14:27:08.943 12568 12568 I crash_dump64: obtaining output fd from tombstoned, type: kDebuggerdTombstone
09-07 14:27:08.944   463   463 I tombstoned: received crash request for pid 12564
09-07 14:27:08.945 12568 12568 I crash_dump64: performing dump of process 12564 (target tid = 12564)
09-07 14:27:08.948 12568 12568 F DEBUG   : *** *** *** *** *** *** *** *** *** *** *** *** *** *** *** ***
09-07 14:27:08.948 12568 12568 F DEBUG   : Build fingerprint: 'qti/titan_tml_b2/titan_tml_b2:11/RQ3A.210605.005/eng.ksong.20210907.134230:userdebug/test-keys'
09-07 14:27:08.948 12568 12568 F DEBUG   : Revision: '0'
09-07 14:27:08.948 12568 12568 F DEBUG   : ABI: 'arm64'
09-07 14:27:08.949 12568 12568 F DEBUG   : Timestamp: 2021-09-07 14:27:08+0000
09-07 14:27:08.950 12568 12568 F DEBUG   : pid: 12564, tid: 12564, name: vendor.harman.L  >>> /vendor/bin/hw/vendor.harman.LogManager@1.0-service <<<
09-07 14:27:08.950 12568 12568 F DEBUG   : uid: 0
09-07 14:27:08.950 12568 12568 F DEBUG   : signal 11 (SIGSEGV), code 1 (SEGV_MAPERR), fault addr 0x0
09-07 14:27:08.950 12568 12568 F DEBUG   : Cause: null pointer dereference
09-07 14:27:08.950 12568 12568 F DEBUG   :     x0  0000000000000000  x1  0000000000000000  x2  0000000000080001  x3  0000000000000000
09-07 14:27:08.950 12568 12568 F DEBUG   :     x4  0000000000000000  x5  0000000000000090  x6  fefefefefefefeff  x7  7f7f7f7f7f7f7f7f
09-07 14:27:08.950 12568 12568 F DEBUG   :     x8  0101010101010101  x9  dc3d87aed84b1f8b  x10 0000007fe92a5c78  x11 fffffffffffffffd
09-07 14:27:08.951 12568 12568 F DEBUG   :     x12 0000007fe92a5e00  x13 000000000000008e  x14 00365c03d4ed7000  x15 0000000034155555
09-07 14:27:08.951 12568 12568 F DEBUG   :     x16 00000060ca79b7e0  x17 000000725140cb30  x18 0000007252180000  x19 0000000000000000
09-07 14:27:08.951 12568 12568 F DEBUG   :     x20 0000007251671c50  x21 0000007fe92a6519  x22 b400007150e06c08  x23 0000007fe92a6538
09-07 14:27:08.951 12568 12568 F DEBUG   :     x24 0000000000000000  x25 0000007251a3d000  x26 0000007fe92a6519  x27 0000007fe92a64e9
09-07 14:27:08.951 12568 12568 F DEBUG   :     x28 0000000000000000  x29 0000007fe92a6420
09-07 14:27:08.951 12568 12568 F DEBUG   :     lr  00000060ca792048  sp  0000007fe92a6420  pc  000000725140cb40  pst 0000000080000000
09-07 14:27:08.955 12568 12568 F DEBUG   : backtrace:
09-07 14:27:08.955 12568 12568 F DEBUG   :       #00 pc 000000000004ab40  /apex/com.android.runtime/lib64/bionic/libc.so (strlen_default+16) (BuildId: 2b7c6e33413ac7278a15dfc3ea383089)
09-07 14:27:08.955 12568 12568 F DEBUG   :       #01 pc 0000000000009044  /vendor/bin/hw/vendor.harman.LogManager@1.0-service (BuildId: 3e966ab64050b441b920ba0e8960d123)
09-07 14:27:08.956 12568 12568 F DEBUG   :       #02 pc 0000000000008df0  /vendor/bin/hw/vendor.harman.LogManager@1.0-service (LM::LogManagerImpl::load_plugin_conf(void*, std::__1::basic_string<char, std::__1::char_traits<char>, std::__1::allocator<char> >, std::__1::multimap<std::__1::basic_string<char, std::__1::char_traits<char>, std::__1::allocator<char> >, int, std::__1::less<std::__1::basic_string<char, std::__1::char_traits<char>, std::__1::allocator<char> > >, std::__1::allocator<std::__1::pair<std::__1::basic_string<char, std::__1::char_traits<char>, std::__1::allocator<char> > const, int> > >&)+752) (BuildId: 3e966ab64050b441b920ba0e8960d123)
09-07 14:27:08.956 12568 12568 F DEBUG   :       #03 pc 00000000000088c0  /vendor/bin/hw/vendor.harman.LogManager@1.0-service (LM::LogManagerImpl::loadplugins()+436) (BuildId: 3e966ab64050b441b920ba0e8960d123)
09-07 14:27:08.956 12568 12568 F DEBUG   :       #04 pc 0000000000007af8  /vendor/bin/hw/vendor.harman.LogManager@1.0-service (main+1112) (BuildId: 3e966ab64050b441b920ba0e8960d123)
09-07 14:27:08.956 12568 12568 F DEBUG   :       #05 pc 000000000004988c  /apex/com.android.runtime/lib64/bionic/libc.so (__libc_init+108) (BuildId: 2b7c6e33413ac7278a15dfc3ea383089)
09-07 14:27:08.968  2584 10896 W vCard   : Property name unsupported by vCard 2.1: N
01-01 00:02:11.979     0     0 D logd    : logdr: UID=0 GID=1000 PID=12568 n tail=50 logMask=1 pid=12564 start=0ns timeout=0ns
01-01 00:02:12.018     0     0 I init    : Service 'LogManager' (pid 12564) received signal 11
01-01 00:02:13.666     0     0 W audit   : audit_lost=830 audit_rate_limit=5 audit_backlog_limit=64
01-01 00:02:13.666     0     0 E audit   : rate limit exceeded
01-01 00:02:16.560     0     0 I IRQ 5   : no longer affine to CPU4
01-01 00:02:16.820     0     0 I init    : starting service 'qccsyshalservice'...
01-01 00:02:16.858     0     0 I init    : Service 'qccsyshalservice' (pid 12586) exited with status 1
01-01 00:02:16.858     0     0 I init    : Sending signal 9 to service 'qccsyshalservice' (pid 12586) process group...
01-01 00:02:16.858     0     0 I libprocessgroup: Successfully killed process cgroup uid 1000 pid 12586 in 0ms
01-01 00:02:16.865     0     0 I init    : starting service 'vendor.sensors-hal-1-0'...
01-01 00:02:16.875     0     0 I init    : starting service 'LogManager'...
01-01 00:02:16.907     0     0 I init    : Service 'vendor.sensors-hal-1-0' (pid 12587) exited with status 1
01-01 00:02:16.907     0     0 I init    : Sending signal 9 to service 'vendor.sensors-hal-1-0' (pid 12587) process group...
01-01 00:02:16.907     0     0 I libprocessgroup: Successfully killed process cgroup uid 1000 pid 12587 in 0ms
01-01 00:02:16.911     0     0 W audit   : audit_lost=831 audit_rate_limit=5 audit_backlog_limit=64
01-01 00:02:16.911     0     0 E audit   : rate limit exceeded
09-07 14:27:09.000   532   569 I VPS     : VPS:VehiclePlatformSOCHeartBeatHandler IVI HeartBeat sent successfully SOCHeartBeatInfo.SOCStatus->2
09-07 14:27:09.000   532   569 W ipcLib  : ipcLib: in ipc_lib. DV1 write called
09-07 14:27:09.002   532   569 W ipcLib  : ipcLib: in ipc_lib. DV1 read called
09-07 14:27:09.025  1033  1270 W NativeCrashListener: Couldn't find ProcessRecord for pid 12564
09-07 14:27:09.026 12568 12568 E crash_dump64: AM data write failed: Broken pipe
09-07 14:27:09.027   463   463 E tombstoned: Tombstone written to: /data/tombstones/tombstone_42
09-07 14:27:09.035  1033  1095 I BootReceiver: Copying /data/tombstones/tombstone_42 to DropBox (SYSTEM_TOMBSTONE)
09-07 14:27:09.037  1033  1095 I DropBoxManagerService: add tag=SYSTEM_TOMBSTONE isTagEnabled=true flags=0x2
09-07 14:27:09.050  2584 10896 W vCard   : Property name unsupported by vCard 2.1: N
09-07 14:27:09.129  2584 10896 W vCard   : Property name unsupported by vCard 2.1: N
09-07 14:27:09.231  2584 10896 W vCard   : Property name unsupported by vCard 2.1: N
09-07 14:27:09.290   512  3972 I chatty  : uid=1041(audioserver) writer expire 11 lines
09-07 14:27:09.319  2584 10896 W vCard   : Property name unsupported by vCard 2.1: N
09-07 14:27:09.407  2584 10896 W vCard   : Property name unsupported by vCard 2.1: N
09-07 14:27:09.467  2584 10896 W vCard   : Property name unsupported by vCard 2.1: N
09-07 14:27:09.473   538   618 W ipcLib  : ipcLib: in ipc_lib. DV1 read called
09-07 14:27:09.528   536   612 E pathology: [ProcessCrashHandler:: parseTombstoneFileName]string not found
09-07 14:27:09.529   536   612 E pathology: [ProcessCrashHandler:: parseTombstoneFileName]string not found
09-07 14:27:09.543  1033  1063 E ActivityThread: Failed to find provider info for com.android.contacts
09-07 14:27:09.543  1033  1063 W ContactsQueryHelper: Cursor is null when querying contact.
09-07 14:27:09.553  2584 10896 W vCard   : Property name unsupported by vCard 2.1: N
09-07 14:27:09.557  1033  1063 E ActivityThread: Failed to find provider info for com.android.contacts
09-07 14:27:09.557  1033  1063 W ContactsQueryHelper: Cursor is null when querying contact.
09-07 14:27:09.633  2584 10896 W vCard   : Property name unsupported by vCard 2.1: N
09-07 14:27:09.697  2584 10896 W vCard   : Property name unsupported by vCard 2.1: N
09-07 14:27:09.735   537   722 I TunerCommon: CTunerTimer::startTimer: altMsecTimeout = 15000
09-07 14:27:09.735   537   711 W TunerCommon: EventThd::run:deliverEvent: OK
09-07 14:27:09.765   532   569 W ipcLib  : ipcLib: in ipc_lib. DV1 read called
09-07 14:27:09.766   532   568 I VPS     : VPS:IOCStatusInfo.VoltageStatus->0 
09-07 14:27:09.766   532   568 I VPS     : VPS:IOCStatusInfo.IOCStatusCmd->a6 
09-07 14:27:09.766   532   568 I VPS     : VPS:IOCStatusInfo.WakeUpReason->0 
09-07 14:27:09.766   532   568 I VPS     : VPS:IOCStatusInfo.DerivedIgnitionStatus->0 
09-07 14:27:09.766   532   568 I VPS     : VPS:IOCStatusInfo.PowerModeState->4 
09-07 14:27:09.766   532   568 I VPS     : VPS:IOCStatusInfo.SOCShutdownRequest->0 
09-07 14:27:09.766   532   568 I VPS     : VPS:IOCStatusInfo.AntiTheftState->0 
09-07 14:27:09.766   532   568 I VPS     : VPS:IOCStatusInfo.BatteryConnect->0 
09-07 14:27:09.773  2584 10896 W vCard   : Property name unsupported by vCard 2.1: N
09-07 14:27:09.859  2584 10896 W vCard   : Property name unsupported by vCard 2.1: N
09-07 14:27:09.948  2584 10896 W vCard   : Property name unsupported by vCard 2.1: N
09-07 14:27:10.040  2584 10896 W vCard   : Property name unsupported by vCard 2.1: N
09-07 14:27:10.113  2584 10896 W vCard   : Property name unsupported by vCard 2.1: N
09-07 14:27:10.193  2584 10896 W vCard   : Property name unsupported by vCard 2.1: N
09-07 14:27:10.269  2584 10896 W vCard   : Property name unsupported by vCard 2.1: N
09-07 14:27:10.348  2584 10896 W vCard   : Property name unsupported by vCard 2.1: N
09-07 14:27:10.430  2584 10896 W vCard   : Property name unsupported by vCard 2.1: N
09-07 14:27:10.474   538   618 W ipcLib  : ipcLib: in ipc_lib. DV1 read called
09-07 14:27:10.530  2584 10896 W vCard   : Property name unsupported by vCard 2.1: N
09-07 14:27:10.611   536   536 I vendor.harman.p: type=1400 audit(0.0:2169): avc: denied { read } for name="2" dev="dm-4" ino=49241 scontext=u:r:pathologyd:s0 tcontext=u:object_r:vendor_data_file:s0 tclass=dir permissive=1
09-07 14:27:10.611   536   536 I vendor.harman.p: type=1400 audit(0.0:2170): avc: denied { open } for path="/data/vendor/pathologyArchive/2" dev="dm-4" ino=49241 scontext=u:r:pathologyd:s0 tcontext=u:object_r:vendor_data_file:s0 tclass=dir permissive=1
09-07 14:27:10.639  2584 10896 W vCard   : Property name unsupported by vCard 2.1: N
09-07 14:27:10.667 12580 12580 I cat     : type=1400 audit(0.0:2171): avc: denied { read } for name="interrupts" dev="proc" ino=4026532028 scontext=u:r:pathologyd:s0 tcontext=u:object_r:proc_interrupts:s0 tclass=file permissive=1
09-07 14:27:10.667 12580 12580 I cat     : type=1400 audit(0.0:2172): avc: denied { open } for path="/proc/interrupts" dev="proc" ino=4026532028 scontext=u:r:pathologyd:s0 tcontext=u:object_r:proc_interrupts:s0 tclass=file permissive=1
09-07 14:27:10.671   536   536 I vendor.harman.p: type=1400 audit(0.0:2173): avc: denied { remove_name } for name="PROCCRASH_PF_17.lz4" dev="dm-4" ino=49327 scontext=u:r:pathologyd:s0 tcontext=u:object_r:vendor_data_file:s0 tclass=dir permissive=1
09-07 14:27:10.728  2584 10896 W vCard   : Property name unsupported by vCard 2.1: N
09-07 14:27:10.811  2584 10896 W vCard   : Property name unsupported by vCard 2.1: N
09-07 14:27:10.895  2584 10896 W vCard   : Property name unsupported by vCard 2.1: N
09-07 14:27:10.962   909   958 I chatty  : uid=1041(audioserver) vendor.harman.a expire 2 lines
09-07 14:27:10.977  2584 10896 W vCard   : Property name unsupported by vCard 2.1: N
09-07 14:27:11.046  2584 10896 W vCard   : Property name unsupported by vCard 2.1: N
09-07 14:27:11.129  2584 10896 W vCard   : Property name unsupported by vCard 2.1: N
09-07 14:27:11.209  2584 10896 W vCard   : Property name unsupported by vCard 2.1: N
09-07 14:27:11.219  1033  1063 E ActivityThread: Failed to find provider info for com.android.contacts
09-07 14:27:11.219  1033  1063 W ContactsQueryHelper: Cursor is null when querying contact.
09-07 14:27:11.233  1033  1063 E ActivityThread: Failed to find provider info for com.android.contacts
09-07 14:27:11.233  1033  1063 W ContactsQueryHelper: Cursor is null when querying contact.
09-07 14:27:11.289  2584 10896 W vCard   : Property name unsupported by vCard 2.1: N
09-07 14:27:11.376  1033  1043 I system_server: Background concurrent copying GC freed 135146(10MB) AllocSpace objects, 32(1876KB) LOS objects, 49% free, 12MB/24MB, paused 131us total 134.988ms
09-07 14:27:11.387  2584 10896 W vCard   : Property name unsupported by vCard 2.1: N
09-07 14:27:11.464  2584 10896 W vCard   : Property name unsupported by vCard 2.1: N
09-07 14:27:11.474   538   618 W ipcLib  : ipcLib: in ipc_lib. DV1 read called
09-07 14:27:11.540  2584 10896 W vCard   : Property name unsupported by vCard 2.1: N
09-07 14:27:11.615  2584 10896 W vCard   : Property name unsupported by vCard 2.1: N
09-07 14:27:11.710  2584 10896 W vCard   : Property name unsupported by vCard 2.1: N
09-07 14:27:11.829  2584 10896 W vCard   : Property name unsupported by vCard 2.1: N
09-07 14:27:11.866   532   569 W ipcLib  : ipcLib: in ipc_lib. DV1 read called
09-07 14:27:11.866   532   568 I VPS     : VPS:IOCStatusInfo.VoltageStatus->0 
09-07 14:27:11.866   532   568 I VPS     : VPS:IOCStatusInfo.IOCStatusCmd->a6 
09-07 14:27:11.866   532   568 I VPS     : VPS:IOCStatusInfo.WakeUpReason->0 
09-07 14:27:11.867   532   568 I VPS     : VPS:IOCStatusInfo.DerivedIgnitionStatus->0 
09-07 14:27:11.867   532   568 I VPS     : VPS:IOCStatusInfo.PowerModeState->4 
09-07 14:27:11.867   532   568 I VPS     : VPS:IOCStatusInfo.SOCShutdownRequest->0 
09-07 14:27:11.867   532   568 I VPS     : VPS:IOCStatusInfo.AntiTheftState->0 
09-07 14:27:11.867   532   568 I VPS     : VPS:IOCStatusInfo.BatteryConnect->0 
09-07 14:27:11.915  2584 10896 W vCard   : Property name unsupported by vCard 2.1: N
09-07 14:27:11.990  2584 10896 W vCard   : Property name unsupported by vCard 2.1: N
09-07 14:27:12.065  2584 10896 W vCard   : Property name unsupported by vCard 2.1: N
09-07 14:27:12.146  2584 10896 W vCard   : Property name unsupported by vCard 2.1: N
09-07 14:27:12.218  2584 10896 W vCard   : Property name unsupported by vCard 2.1: N
09-07 14:27:12.290  2584 10896 W vCard   : Property name unsupported by vCard 2.1: N
09-07 14:27:12.412  2584 10896 W vCard   : Property name unsupported by vCard 2.1: N
09-07 14:27:12.422  1033  1063 E ActivityThread: Failed to find provider info for com.android.contacts
09-07 14:27:12.422  1033  1063 W ContactsQueryHelper: Cursor is null when querying contact.
09-07 14:27:12.432  1033  1063 E ActivityThread: Failed to find provider info for com.android.contacts
09-07 14:27:12.432  1033  1063 W ContactsQueryHelper: Cursor is null when querying contact.
09-07 14:27:12.448 12199 12434 I Harman-Multi-VPA: [ARB]CSysCallArbEventCommon::processEvent()
09-07 14:27:12.448 12199 12434 I Harman-Multi-VPA: [WL]CSysCallEventsQueue::sendEvent()
09-07 14:27:12.448 12199 12434 E Harman-Multi-VPA: [WL]"[INFO][DM][STARTUP] CSysCallEventsQueue::sendEvent entered PHONE_BOOK_AVAILABLE"
09-07 14:27:12.449 12199 12434 I Harman-Multi-VPA: [ExtVPA]CExtVPAEventsQueue::sendEvent()
09-07 14:27:12.463 12199 12433 I Harman-Multi-VPA: [ExtVPA]CSysCallEventsQueue::isExtVPAEventUnhandled()
09-07 14:27:12.463 12199 12433 I Harman-Multi-VPA: [ExtVPA]CSysCallEventsQueue::setExtVPAEventUnhandledStatus()
09-07 14:27:12.463 12199 12429 I Harman-Multi-VPA: [ExtVPA]CExtVPAEventsQueue::run()
09-07 14:27:12.463 12199 12429 I Harman-Multi-VPA: [ExtVPA]CExtVPAEventsQueue::getEvent()
09-07 14:27:12.464 12199 12432 I Harman-Multi-VPA: [WL]CSysCallEventsQueue::isWLEventUnhandled()
09-07 14:27:12.464 12199 12429 I Harman-Multi-VPA: [ExtVPA]CGSysCallDispatcherBase::sendPhoneBookAvailable()
09-07 14:27:12.464 12199 12432 E Harman-Multi-VPA: [WL]"[INFO][DM][STARTUP] CSysCallEventsQueue::isWLEventUnhandled 0"
09-07 14:27:12.464 12199 12432 I Harman-Multi-VPA: [WL]CSysCallEventsQueue::setWLEventUnhandledStatus()
09-07 14:27:12.464 12199 12429 I Harman-Multi-VPA: [ExtVPA]IPACoreInterface::sendPhoneConnectionStatus()
09-07 14:27:12.464 12199 12429 I Harman-Multi-VPA: [ARB]CSysCallArbPhoneCommon::callPhoneGetConnectedPhoneInfoToListener()
09-07 14:27:12.464 12199 12432 E Harman-Multi-VPA: [WL]"[INFO][DM][STARTUP] CSysCallEventsQueue::setWLEventUnhandledStatus 1"
09-07 14:27:12.464 12199 12429 I Harman-Multi-VPA: [ARB]CArbitratorUtilities::generateResponseID()
09-07 14:27:12.464 12199 12432 E Harman-Multi-VPA: [WL]"[INFO][DM][GCF] CSysCallDispatcherWorker Handling the event in WL queue"
09-07 14:27:12.465 12199 12432 E Harman-Multi-VPA: [WL]"[INFO][DM][GCF] CSysCallDispatcherWorker finished handling the event"
09-07 14:27:12.465 12199 12431 I Harman-Multi-VPA: [WL]CSysCallEventsQueue::run()
09-07 14:27:12.465 12199 12431 E Harman-Multi-VPA: [WL]"[INFO][DM][STARTUP] CSysCallEventsQueue::run entered"
09-07 14:27:12.465 12199 12431 I Harman-Multi-VPA: [WL]CSysCallEventsQueue::getWLEvent()
09-07 14:27:12.465 12199 12431 E Harman-Multi-VPA: [WL]"[INFO][DM][STARTUP] CSysCallEventsQueue::getWLEvent entered"
09-07 14:27:12.465 12199 12431 E Harman-Multi-VPA: [WL]"[INFO][DM][STARTUP] CSysCallEventsQueue::run eventType 0"
09-07 14:27:12.465 12199 12431 I Harman-Multi-VPA: [WL]CSysCallDispatcherProject::processEvent()
09-07 14:27:12.465 12199 12431 E Harman-Multi-VPA: [WL]"[INFO][DM][GCF] CSysCallDispatcherProject::processEvent Entered"
09-07 14:27:12.465 12199 12431 I Harman-Multi-VPA: [WL]CEventHandlerProject::handleWLEvent()
09-07 14:27:12.465 12199 12431 E Harman-Multi-VPA: [WL]"CEventHandlerProject::handleWLEvent entered"
09-07 14:27:12.465 12199 12431 E Harman-Multi-VPA: [WL]"CEventHandlerProject::handleWLEvent PHONE_BOOK_AVAILABLE"
09-07 14:27:12.465 12199 12431 I Harman-Multi-VPA: [WL]CEventHandlerCommon::handleWLEvent()
09-07 14:27:12.465 12199 12431 E Harman-Multi-VPA: [WL]"CEventHandlerCommon::handleWLEvent entered"
09-07 14:27:12.465 12199 12431 E Harman-Multi-VPA: [WL]"CEventHandlerCommon::handleWLEvent PHONE_BOOK_AVAILABLE"
09-07 14:27:12.466 12199 12431 E Harman-Multi-VPA: [WL]"[INFO][DM][STARTUP] EventTest handleevent Thread 534992858304 stacksize 0 "
09-07 14:27:12.466 12199 12431 E Harman-Multi-VPA: [WL]"[INFO][DM][STARTUP] Processing EventTest completed"
09-07 14:27:12.467 12199 12436 D BluetoothHeadsetClient: Binding service...
09-07 14:27:12.472 12199 12199 D BluetoothHeadsetClient: Proxy object connected
09-07 14:27:12.474   538   618 W ipcLib  : ipcLib: in ipc_lib. DV1 read called
09-07 14:27:12.476 12199 12436 D BluetoothHeadsetClient: getCurrentCalls()
09-07 14:27:12.483 12199 12436 I Harman-Multi-VPA: [ARB]CSysCallArbPhoneCommon::responsePhoneGetConnectedPhoneInfo()
09-07 14:27:12.483 12199 12436 I Harman-Multi-VPA: [ARB]CArbitratorUtilities::identifyVPABasedOnRespID()
09-07 14:27:12.491  2584 10896 W vCard   : Property name unsupported by vCard 2.1: N
09-07 14:27:12.543  2584 10896 W vCard   : Property name unsupported by vCard 2.1: N
09-07 14:27:12.597  2584 10896 W vCard   : Property name unsupported by vCard 2.1: N
09-07 14:27:12.659  2584 10662 W vCard   : Property name unsupported by vCard 2.1: N
09-07 14:27:12.673  2584 10896 W vCard   : Property name unsupported by vCard 2.1: N
09-07 14:27:12.789  2584 10896 W vCard   : Property name unsupported by vCard 2.1: N
09-07 14:27:12.878  2584 10896 W vCard   : Property name unsupported by vCard 2.1: N
09-07 14:27:12.936  2584 10896 W vCard   : Property name unsupported by vCard 2.1: N
09-07 14:27:13.023  2584 10896 W vCard   : Property name unsupported by vCard 2.1: N
09-07 14:27:13.158  2584 10896 W vCard   : Property name unsupported by vCard 2.1: N
09-07 14:27:13.217  2584 10896 W vCard   : Property name unsupported by vCard 2.1: N
09-07 14:27:13.287  2584 10896 W vCard   : Property name unsupported by vCard 2.1: N
09-07 14:27:13.368  2584 10896 W vCard   : Property name unsupported by vCard 2.1: N
09-07 14:27:13.439   345   345 I Binder:345_2: type=1400 audit(0.0:2175): avc: denied { call } for scontext=u:r:carwatchdogd:s0 tcontext=u:r:hal_audio_default:s0 tclass=binder permissive=1
09-07 14:27:13.442   512   512 I chatty  : uid=1041(audioserver) Binder:512_2 expire 5 lines
09-07 14:27:13.451  2584 10896 W vCard   : Property name unsupported by vCard 2.1: N
09-07 14:27:13.473   538   618 W ipcLib  : ipcLib: in ipc_lib. DV1 read called
09-07 14:27:13.552  2584 10896 W vCard   : Property name unsupported by vCard 2.1: N
09-07 14:27:13.601  2584 10896 W vCard   : Property name unsupported by vCard 2.1: N
09-07 14:27:13.643  2584 10662 D PbapCallLogPullRequest: Updated call logs.
09-07 14:27:13.671  2584 10896 W vCard   : Property name unsupported by vCard 2.1: N
09-07 14:27:13.752  2584 10896 W vCard   : Property name unsupported by vCard 2.1: N
09-07 14:27:13.840  2584 10896 W vCard   : Property name unsupported by vCard 2.1: N
09-07 14:27:13.864 12586 12586 I qccsyshalservice: Start with system binder
09-07 14:27:13.864 12586 12586 I qccsyshalservice: Registering qccsyshal service...
09-07 14:27:13.865   376   376 I hwservicemanager: getTransport: Cannot find entry vendor.qti.hardware.qccsyshal@1.0::IQccsyshal/qccsyshal in either framework or device manifest.
09-07 14:27:13.866 12586 12586 E HidlServiceManagement: Service vendor.qti.hardware.qccsyshal@1.0::IQccsyshal/qccsyshal must be in VINTF manifest in order to register/get.
09-07 14:27:13.866 12586 12586 E qccsyshalservice: [ERROR] registerAsService() failed with status: -2147483648
09-07 14:27:13.911 12588 12588 I vendor.harman.L: type=1400 audit(0.0:2176): avc: denied { read } for name="u:object_r:hwservicemanager_prop:s0" dev="tmpfs" ino=24519 scontext=u:r:logmanagerd:s0 tcontext=u:object_r:hwservicemanager_prop:s0 tclass=file permissive=1
09-07 14:27:13.911 12588 12588 I vendor.harman.L: type=1400 audit(0.0:2177): avc: denied { open } for path="/dev/__properties__/u:object_r:hwservicemanager_prop:s0" dev="tmpfs" ino=24519 scontext=u:r:logmanagerd:s0 tcontext=u:object_r:hwservicemanager_prop:s0 tclass=file permissive=1
09-07 14:27:13.911 12588 12588 I vendor.harman.L: type=1400 audit(0.0:2178): avc: denied { getattr } for path="/dev/__properties__/u:object_r:hwservicemanager_prop:s0" dev="tmpfs" ino=24519 scontext=u:r:logmanagerd:s0 tcontext=u:object_r:hwservicemanager_prop:s0 tclass=file permissive=1
09-07 14:27:13.911 12588 12588 I vendor.harman.L: type=1400 audit(0.0:2179): avc: denied { map } for path="/dev/__properties__/u:object_r:hwservicemanager_prop:s0" dev="tmpfs" ino=24519 scontext=u:r:logmanagerd:s0 tcontext=u:object_r:hwservicemanager_prop:s0 tclass=file permissive=1
09-07 14:27:13.911  2584 10896 W vCard   : Property name unsupported by vCard 2.1: N
09-07 14:27:13.912   376   376 I hwservicemanager: getTransport: Cannot find entry android.hardware.sensors@1.0::ISensors/default in either framework or device manifest.
09-07 14:27:13.914 12587 12587 E android.hardware.sensors@1.0-service: Couldn't load sensors module (Unknown error -2147483648)
09-07 14:27:13.915 12587 12587 D RefBase : RefBase: Explicit destruction, weak count = 0 (in 0xb400007dba3fe0c8)
09-07 14:27:13.915 12587 12587 W RefBase : CallStack::getCurrentInternal not linked, returning null
09-07 14:27:13.915 12587 12587 W RefBase : CallStack::logStackInternal not linked
09-07 14:27:13.916 12587 12587 E LegacySupport: Could not get passthrough implementation for android.hardware.sensors@1.0::ISensors/default.
09-07 14:27:13.916 12588 12588 D LOGMANAGER: LOGMANAGER HAL service init() start
09-07 14:27:13.917 12588 12588 D LOGMANAGER: Logmanager configured rpcthreadpool
09-07 14:27:13.920 12588 12588 I HidlServiceManagement: Registered vendor.harman.hardware.LogManager@1.0::ILogManager/default
09-07 14:27:13.920 12588 12588 D LOGMANAGER: Logmanager HAL Service is registered and ready
09-07 14:27:13.920 12588 12588 I LOGMANAGER: ThreadPoolWrapper::initThreadPool
09-07 14:27:13.921 12588 12588 I LOGMANAGER: ThreadPoolWrapper : exit
09-07 14:27:13.921 12588 12588 D LOGMANAGER: Logmanager threadpoolwrapper created
09-07 14:27:13.921 12588 12588 D LOGMANAGER: User argument is -c
09-07 14:27:13.921 12588 12589 I LOGMANAGER: ThreadPoolWrapper:  enter the joinRpcThreadpool()
09-07 14:27:13.921 12588 12588 I LOGMANAGER: LogmanagerConfig is configured under config file
09-07 14:27:13.921 12588 12588 I LOGMANAGER: LoggingLevel is : 4
09-07 14:27:13.921 12588 12588 I LOGMANAGER: LogEnableState is : 0
09-07 14:27:13.921 12588 12588 I LOGMANAGER: OutputPluginConfiguration PluginType : LOGWRITTER
09-07 14:27:13.921 12588 12588 I LOGMANAGER: LM_OutputConfiguration : 1
09-07 14:27:13.921 12588 12588 I LOGMANAGER: LM_OfflineTraceDirectory : /data/cache
09-07 14:27:13.921 12588 12588 I LOGMANAGER: LM_OfflineTraceFILESize : 1000000
09-07 14:27:13.921 12588 12588 I LOGMANAGER: LM_OfflineTotalFILESSize : 20000000
09-07 14:27:13.921 12588 12588 I LOGMANAGER: LM_FileNameTimeStampBased : 0
09-07 14:27:13.921 12588 12588 I LOGMANAGER: Got IOC plugin
09-07 14:27:13.921 12588 12588 I LOGMANAGER: IOCIPCChannelNumber :6
09-07 14:27:13.921 12588 12588 I LOGMANAGER: keyseq: HOME + VOLUMEDOWN  for domain is AudioDump
09-07 14:27:13.921 12588 12588 I LOGMANAGER: keyseq: HOME + VOLUMEUP  for domain is HCIDump
09-07 14:27:13.921 12588 12588 I LOGMANAGER: Domains parsing is done
09-07 14:27:13.927 12588 12588 E LOGMANAGER: Failed to load plugin /vendor/lib64/libIOCDLogReader.so with error code dlopen failed: library "/vendor/lib64/libIOCDLogReader.so" not found 
09-07 14:27:13.927 12588 12588 F libc    : Fatal signal 11 (SIGSEGV), code 1 (SEGV_MAPERR), fault addr 0x0 in tid 12588 (vendor.harman.L), pid 12588 (vendor.harman.L)
09-07 14:27:13.964 12592 12592 I crash_dump64: obtaining output fd from tombstoned, type: kDebuggerdTombstone
09-07 14:27:13.964   463   463 I tombstoned: received crash request for pid 12588
09-07 14:27:13.965   532   569 W ipcLib  : ipcLib: in ipc_lib. DV1 read called
09-07 14:27:13.965 12592 12592 I crash_dump64: performing dump of process 12588 (target tid = 12588)
09-07 14:27:13.966   532   568 I VPS     : VPS:IOCStatusInfo.VoltageStatus->0 
09-07 14:27:13.966   532   568 I VPS     : VPS:IOCStatusInfo.IOCStatusCmd->a6 
09-07 14:27:13.966   532   568 I VPS     : VPS:IOCStatusInfo.WakeUpReason->0 
09-07 14:27:13.966   532   568 I VPS     : VPS:IOCStatusInfo.DerivedIgnitionStatus->0 
09-07 14:27:13.966   532   568 I VPS     : VPS:IOCStatusInfo.PowerModeState->4 
09-07 14:27:13.966   532   568 I VPS     : VPS:IOCStatusInfo.SOCShutdownRequest->0 
09-07 14:27:13.966   532   568 I VPS     : VPS:IOCStatusInfo.AntiTheftState->0 
09-07 14:27:13.966   532   568 I VPS     : VPS:IOCStatusInfo.BatteryConnect->0 
09-07 14:27:13.968 12592 12592 F DEBUG   : *** *** *** *** *** *** *** *** *** *** *** *** *** *** *** ***
09-07 14:27:13.969 12592 12592 F DEBUG   : Build fingerprint: 'qti/titan_tml_b2/titan_tml_b2:11/RQ3A.210605.005/eng.ksong.20210907.134230:userdebug/test-keys'
09-07 14:27:13.969 12592 12592 F DEBUG   : Revision: '0'
09-07 14:27:13.969 12592 12592 F DEBUG   : ABI: 'arm64'
09-07 14:27:13.970 12592 12592 F DEBUG   : Timestamp: 2021-09-07 14:27:13+0000
09-07 14:27:13.970 12592 12592 F DEBUG   : pid: 12588, tid: 12588, name: vendor.harman.L  >>> /vendor/bin/hw/vendor.harman.LogManager@1.0-service <<<
09-07 14:27:13.970 12592 12592 F DEBUG   : uid: 0
09-07 14:27:13.971 12592 12592 F DEBUG   : signal 11 (SIGSEGV), code 1 (SEGV_MAPERR), fault addr 0x0
09-07 14:27:13.971 12592 12592 F DEBUG   : Cause: null pointer dereference
09-07 14:27:13.971 12592 12592 F DEBUG   :     x0  0000000000000000  x1  0000000000000000  x2  0000000000080001  x3  0000000000000000
09-07 14:27:13.971 12592 12592 F DEBUG   :     x4  0000000000000000  x5  0000000000000090  x6  fefefefefefefeff  x7  7f7f7f7f7f7f7f7f
09-07 14:27:13.971 12592 12592 F DEBUG   :     x8  0101010101010101  x9  4a75c7a9b23d23cf  x10 0000007fc63a89b8  x11 fffffffffffffffd
09-07 14:27:13.971 12592 12592 F DEBUG   :     x12 0000007fc63a8b40  x13 000000000000008e  x14 0037131ed303fc00  x15 0000000034155555
09-07 14:27:13.971 12592 12592 F DEBUG   :     x16 000000649f1dd7e0  x17 0000007c70753b30  x18 0000007c7112c000  x19 0000000000000000
09-07 14:27:13.971 12592 12592 F DEBUG   :     x20 0000007c70475c50  x21 0000007fc63a9259  x22 b400007b70377598  x23 0000007fc63a9278
09-07 14:27:13.971 12592 12592 F DEBUG   :     x24 0000000000000000  x25 0000007c70fc7000  x26 0000007fc63a9259  x27 0000007fc63a9229
09-07 14:27:13.972 12592 12592 F DEBUG   :     x28 0000000000000000  x29 0000007fc63a9160
09-07 14:27:13.972 12592 12592 F DEBUG   :     lr  000000649f1d4048  sp  0000007fc63a9160  pc  0000007c70753b40  pst 0000000080000000
09-07 14:27:13.975 12592 12592 F DEBUG   : backtrace:
09-07 14:27:13.976 12592 12592 F DEBUG   :       #00 pc 000000000004ab40  /apex/com.android.runtime/lib64/bionic/libc.so (strlen_default+16) (BuildId: 2b7c6e33413ac7278a15dfc3ea383089)
09-07 14:27:13.976 12592 12592 F DEBUG   :       #01 pc 0000000000009044  /vendor/bin/hw/vendor.harman.LogManager@1.0-service (BuildId: 3e966ab64050b441b920ba0e8960d123)
09-07 14:27:13.976 12592 12592 F DEBUG   :       #02 pc 0000000000008df0  /vendor/bin/hw/vendor.harman.LogManager@1.0-service (LM::LogManagerImpl::load_plugin_conf(void*, std::__1::basic_string<char, std::__1::char_traits<char>, std::__1::allocator<char> >, std::__1::multimap<std::__1::basic_string<char, std::__1::char_traits<char>, std::__1::allocator<char> >, int, std::__1::less<std::__1::basic_string<char, std::__1::char_traits<char>, std::__1::allocator<char> > >, std::__1::allocator<std::__1::pair<std::__1::basic_string<char, std::__1::char_traits<char>, std::__1::allocator<char> > const, int> > >&)+752) (BuildId: 3e966ab64050b441b920ba0e8960d123)
09-07 14:27:13.976 12592 12592 F DEBUG   :       #03 pc 00000000000088c0  /vendor/bin/hw/vendor.harman.LogManager@1.0-service (LM::LogManagerImpl::loadplugins()+436) (BuildId: 3e966ab64050b441b920ba0e8960d123)
09-07 14:27:13.976 12592 12592 F DEBUG   :       #04 pc 0000000000007af8  /vendor/bin/hw/vendor.harman.LogManager@1.0-service (main+1112) (BuildId: 3e966ab64050b441b920ba0e8960d123)
09-07 14:27:13.976 12592 12592 F DEBUG   :       #05 pc 000000000004988c  /apex/com.android.runtime/lib64/bionic/libc.so (__libc_init+108) (BuildId: 2b7c6e33413ac7278a15dfc3ea383089)
09-07 14:27:14.000   532   569 I VPS     : VPS:VehiclePlatformSOCHeartBeatHandler IVI HeartBeat sent successfully SOCHeartBeatInfo.SOCStatus->2
09-07 14:27:14.000   532   569 W ipcLib  : ipcLib: in ipc_lib. DV1 write called
09-07 14:27:14.001   532   569 W ipcLib  : ipcLib: in ipc_lib. DV1 read called
09-07 14:27:14.007  2584 10896 W vCard   : Property name unsupported by vCard 2.1: N
01-01 00:02:16.989     0     0 D logd    : logdr: UID=0 GID=1000 PID=12592 n tail=50 logMask=8 pid=12588 start=0ns timeout=0ns
01-01 00:02:16.997     0     0 D logd    : logdr: UID=0 GID=1000 PID=12592 n tail=50 logMask=1 pid=12588 start=0ns timeout=0ns
01-01 00:02:17.018     0     0 D logd    : logdr: UID=0 GID=1000 PID=12592 n tail=0 logMask=8 pid=12588 start=0ns timeout=0ns
01-01 00:02:17.027     0     0 D logd    : logdr: UID=0 GID=1000 PID=12592 n tail=0 logMask=1 pid=12588 start=0ns timeout=0ns
01-01 00:02:17.038     0     0 I init    : Untracked pid 12592 exited with status 0
01-01 00:02:18.002     0     0 W audit   : audit_lost=853 audit_rate_limit=5 audit_backlog_limit=64
01-01 00:02:18.002     0     0 E audit   : rate limit exceeded
01-01 00:02:21.829     0     0 I init    : starting service 'qccsyshalservice'...
01-01 00:02:21.869     0     0 I init    : Service 'qccsyshalservice' (pid 12603) exited with status 1
01-01 00:02:21.869     0     0 I init    : Sending signal 9 to service 'qccsyshalservice' (pid 12603) process group...
01-01 00:02:21.869     0     0 I libprocessgroup: Successfully killed process cgroup uid 1000 pid 12603 in 0ms
01-01 00:02:21.872     0     0 I init    : starting service 'vendor.sensors-hal-1-0'...
01-01 00:02:21.879     0     0 I init    : starting service 'LogManager'...
01-01 00:02:21.903     0     0 I init    : Service 'vendor.sensors-hal-1-0' (pid 12604) exited with status 1
01-01 00:02:21.903     0     0 I init    : Sending signal 9 to service 'vendor.sensors-hal-1-0' (pid 12604) process group...
01-01 00:02:21.903     0     0 I libprocessgroup: Successfully killed process cgroup uid 1000 pid 12604 in 0ms
01-01 00:02:21.917     0     0 W audit   : audit_lost=855 audit_rate_limit=5 audit_backlog_limit=64
01-01 00:02:21.917     0     0 E audit   : rate limit exceeded
01-01 00:02:21.991     0     0 D logd    : logdr: UID=0 GID=1000 PID=12609 n tail=50 logMask=8 pid=12605 start=0ns timeout=0ns
09-07 14:27:14.046  1033  1270 W NativeCrashListener: Couldn't find ProcessRecord for pid 12588
09-07 14:27:14.046 12592 12592 E crash_dump64: AM data write failed: Broken pipe
09-07 14:27:14.047   463   463 E tombstoned: Tombstone written to: /data/tombstones/tombstone_43
09-07 14:27:14.056  1033  1095 I BootReceiver: Copying /data/tombstones/tombstone_43 to DropBox (SYSTEM_TOMBSTONE)
09-07 14:27:14.058  1033  1095 I DropBoxManagerService: add tag=SYSTEM_TOMBSTONE isTagEnabled=true flags=0x2
09-07 14:27:14.087  2584 10896 W vCard   : Property name unsupported by vCard 2.1: N
09-07 14:27:14.170  2584 10896 W vCard   : Property name unsupported by vCard 2.1: N
09-07 14:27:14.252  2584 10896 W vCard   : Property name unsupported by vCard 2.1: N
09-07 14:27:14.343   512 12206 I chatty  : uid=1041(audioserver) reader expire 203 lines
09-07 14:27:14.372  2584 10896 W vCard   : Property name unsupported by vCard 2.1: N
09-07 14:27:14.451  2584 10896 W vCard   : Property name unsupported by vCard 2.1: N
09-07 14:27:14.473   538   618 W ipcLib  : ipcLib: in ipc_lib. DV1 read called
09-07 14:27:14.528  2584 10896 W vCard   : Property name unsupported by vCard 2.1: N
09-07 14:27:14.543   536   536 I vendor.harman.p: type=1400 audit(0.0:2196): avc: denied { search } for name="tombstones" dev="dm-4" ino=90113 scontext=u:r:pathologyd:s0 tcontext=u:object_r:tombstone_data_file:s0 tclass=dir permissive=1
09-07 14:27:14.543   536   536 I vendor.harman.p: type=1400 audit(0.0:2197): avc: denied { read } for name="tombstone_43" dev="dm-4" ino=90157 scontext=u:r:pathologyd:s0 tcontext=u:object_r:tombstone_data_file:s0 tclass=file permissive=1
09-07 14:27:14.543   536   536 I vendor.harman.p: type=1400 audit(0.0:2198): avc: denied { open } for path="/data/tombstones/tombstone_43" dev="dm-4" ino=90157 scontext=u:r:pathologyd:s0 tcontext=u:object_r:tombstone_data_file:s0 tclass=file permissive=1
09-07 14:27:14.543   536   536 I vendor.harman.p: type=1400 audit(0.0:2199): avc: denied { getattr } for path="/data/tombstones/tombstone_43" dev="dm-4" ino=90157 scontext=u:r:pathologyd:s0 tcontext=u:object_r:tombstone_data_file:s0 tclass=file permissive=1
09-07 14:27:14.548   536   612 E pathology: [ProcessCrashHandler:: parseTombstoneFileName]string not found
09-07 14:27:14.548   536   612 E pathology: [ProcessCrashHandler:: parseTombstoneFileName]string not found
09-07 14:27:14.583 12599 12599 I cp      : type=1400 audit(0.0:2200): avc: denied { write } for name="2" dev="dm-4" ino=49241 scontext=u:r:pathologyd:s0 tcontext=u:object_r:vendor_data_file:s0 tclass=dir permissive=1
09-07 14:27:14.600  2584 10896 W vCard   : Property name unsupported by vCard 2.1: N
09-07 14:27:14.679  2584 10896 W vCard   : Property name unsupported by vCard 2.1: N
09-07 14:27:14.757  2584 10896 W vCard   : Property name unsupported by vCard 2.1: N
09-07 14:27:14.836  2584 10896 W vCard   : Property name unsupported by vCard 2.1: N
09-07 14:27:14.912  2584 10896 W vCard   : Property name unsupported by vCard 2.1: N
09-07 14:27:14.987  2584 10896 W vCard   : Property name unsupported by vCard 2.1: N
09-07 14:27:15.070  2584 10896 W vCard   : Property name unsupported by vCard 2.1: N
09-07 14:27:15.158  2584 10896 W vCard   : Property name unsupported by vCard 2.1: N
09-07 14:27:15.232  2584 10896 W vCard   : Property name unsupported by vCard 2.1: N
09-07 14:27:15.313  2584 10896 W vCard   : Property name unsupported by vCard 2.1: N
09-07 14:27:15.391  2584 10896 W vCard   : Property name unsupported by vCard 2.1: N
09-07 14:27:15.473  2584 10896 W vCard   : Property name unsupported by vCard 2.1: N
09-07 14:27:15.473   538   618 W ipcLib  : ipcLib: in ipc_lib. DV1 read called
09-07 14:27:15.552  2584 10896 W vCard   : Property name unsupported by vCard 2.1: N
09-07 14:27:15.607   536   536 I vendor.harman.p: type=1400 audit(0.0:2209): avc: denied { read } for name="2" dev="dm-4" ino=49241 scontext=u:r:pathologyd:s0 tcontext=u:object_r:vendor_data_file:s0 tclass=dir permissive=1
09-07 14:27:15.607   536   536 I vendor.harman.p: type=1400 audit(0.0:2210): avc: denied { open } for path="/data/vendor/pathologyArchive/2" dev="dm-4" ino=49241 scontext=u:r:pathologyd:s0 tcontext=u:object_r:vendor_data_file:s0 tclass=dir permissive=1
09-07 14:27:15.655  2584 10896 W vCard   : Property name unsupported by vCard 2.1: N
09-07 14:27:15.728  2584 10896 W vCard   : Property name unsupported by vCard 2.1: N
09-07 14:27:15.812  2584 10896 W vCard   : Property name unsupported by vCard 2.1: N
09-07 14:27:15.892  2584 10896 W vCard   : Property name unsupported by vCard 2.1: N
09-07 14:27:15.972  2584 10896 W vCard   : Property name unsupported by vCard 2.1: N
09-07 14:27:16.060  2584 10896 W vCard   : Property name unsupported by vCard 2.1: N
09-07 14:27:16.066   532   569 W ipcLib  : ipcLib: in ipc_lib. DV1 read called
09-07 14:27:16.066   532   568 I VPS     : VPS:IOCStatusInfo.VoltageStatus->0 
09-07 14:27:16.066   532   568 I VPS     : VPS:IOCStatusInfo.IOCStatusCmd->a6 
09-07 14:27:16.066   532   568 I VPS     : VPS:IOCStatusInfo.WakeUpReason->0 
09-07 14:27:16.066   532   568 I VPS     : VPS:IOCStatusInfo.DerivedIgnitionStatus->0 
09-07 14:27:16.066   532   568 I VPS     : VPS:IOCStatusInfo.PowerModeState->4 
09-07 14:27:16.066   532   568 I VPS     : VPS:IOCStatusInfo.SOCShutdownRequest->0 
09-07 14:27:16.066   532   568 I VPS     : VPS:IOCStatusInfo.AntiTheftState->0 
09-07 14:27:16.066   532   568 I VPS     : VPS:IOCStatusInfo.BatteryConnect->0 
09-07 14:27:16.133  2584 10896 W vCard   : Property name unsupported by vCard 2.1: N
09-07 14:27:16.215  2584 10896 W vCard   : Property name unsupported by vCard 2.1: N
09-07 14:27:16.297  2584 10896 W vCard   : Property name unsupported by vCard 2.1: N
09-07 14:27:16.370  2584 10896 W vCard   : Property name unsupported by vCard 2.1: N
09-07 14:27:16.460  2584 10896 W vCard   : Property name unsupported by vCard 2.1: N
09-07 14:27:16.474   538   618 W ipcLib  : ipcLib: in ipc_lib. DV1 read called
09-07 14:27:16.569  2584 10896 W vCard   : Property name unsupported by vCard 2.1: N
09-07 14:27:16.695  2584 10896 W vCard   : Property name unsupported by vCard 2.1: N
09-07 14:27:16.782  2584 10896 W vCard   : Property name unsupported by vCard 2.1: N
09-07 14:27:16.852  2584 10896 W vCard   : Property name unsupported by vCard 2.1: N
09-07 14:27:16.935  2584 10896 W vCard   : Property name unsupported by vCard 2.1: N
09-07 14:27:17.011  2584 10896 W vCard   : Property name unsupported by vCard 2.1: N
09-07 14:27:17.095  2584 10896 W vCard   : Property name unsupported by vCard 2.1: N
09-07 14:27:17.167  2584 10896 W vCard   : Property name unsupported by vCard 2.1: N
09-07 14:27:17.235  2584 10896 W vCard   : Property name unsupported by vCard 2.1: N
09-07 14:27:17.315  2584 10896 W vCard   : Property name unsupported by vCard 2.1: N
09-07 14:27:17.390  2584 10896 W vCard   : Property name unsupported by vCard 2.1: N
09-07 14:27:17.469  2584 10896 W vCard   : Property name unsupported by vCard 2.1: N
09-07 14:27:17.473   538   618 W ipcLib  : ipcLib: in ipc_lib. DV1 read called
09-07 14:27:17.542  2584 10896 W vCard   : Property name unsupported by vCard 2.1: N
09-07 14:27:17.624  2584 10896 W vCard   : Property name unsupported by vCard 2.1: N
09-07 14:27:17.707  2584 10896 W vCard   : Property name unsupported by vCard 2.1: N
09-07 14:27:17.775  2584 10896 W vCard   : Property name unsupported by vCard 2.1: N
09-07 14:27:17.860  2584 10896 W vCard   : Property name unsupported by vCard 2.1: N
09-07 14:27:17.953  2584 10896 W vCard   : Property name unsupported by vCard 2.1: N
09-07 14:27:18.032  2584 10896 W vCard   : Property name unsupported by vCard 2.1: N
09-07 14:27:18.117  2584 10896 W vCard   : Property name unsupported by vCard 2.1: N
09-07 14:27:18.166   532   569 W ipcLib  : ipcLib: in ipc_lib. DV1 read called
09-07 14:27:18.166   532   568 I VPS     : VPS:IOCStatusInfo.VoltageStatus->0 
09-07 14:27:18.166   532   568 I VPS     : VPS:IOCStatusInfo.IOCStatusCmd->a6 
09-07 14:27:18.166   532   568 I VPS     : VPS:IOCStatusInfo.WakeUpReason->0 
09-07 14:27:18.166   532   568 I VPS     : VPS:IOCStatusInfo.DerivedIgnitionStatus->0 
09-07 14:27:18.166   532   568 I VPS     : VPS:IOCStatusInfo.PowerModeState->4 
09-07 14:27:18.166   532   568 I VPS     : VPS:IOCStatusInfo.SOCShutdownRequest->0 
09-07 14:27:18.167   532   568 I VPS     : VPS:IOCStatusInfo.AntiTheftState->0 
09-07 14:27:18.167   532   568 I VPS     : VPS:IOCStatusInfo.BatteryConnect->0 
09-07 14:27:18.211  2584 10896 W vCard   : Property name unsupported by vCard 2.1: N
09-07 14:27:18.289  2584 10896 W vCard   : Property name unsupported by vCard 2.1: N
09-07 14:27:18.370  2584 10896 W vCard   : Property name unsupported by vCard 2.1: N
09-07 14:27:18.450  2584 10896 W vCard   : Property name unsupported by vCard 2.1: N
09-07 14:27:18.474   538   618 W ipcLib  : ipcLib: in ipc_lib. DV1 read called
09-07 14:27:18.524  2584 10896 W vCard   : Property name unsupported by vCard 2.1: N
09-07 14:27:18.603  2584 10896 W vCard   : Property name unsupported by vCard 2.1: N
09-07 14:27:18.685  2584 10896 W vCard   : Property name unsupported by vCard 2.1: N
09-07 14:27:18.756  2584 10896 W vCard   : Property name unsupported by vCard 2.1: N
09-07 14:27:18.828  2584 10896 W vCard   : Property name unsupported by vCard 2.1: N
09-07 14:27:18.875 12603 12603 I qccsyshalservice: Start with system binder
09-07 14:27:18.875 12603 12603 I qccsyshalservice: Registering qccsyshal service...
09-07 14:27:18.876   376   376 I hwservicemanager: getTransport: Cannot find entry vendor.qti.hardware.qccsyshal@1.0::IQccsyshal/qccsyshal in either framework or device manifest.
09-07 14:27:18.877 12603 12603 E HidlServiceManagement: Service vendor.qti.hardware.qccsyshal@1.0::IQccsyshal/qccsyshal must be in VINTF manifest in order to register/get.
09-07 14:27:18.877 12603 12603 E qccsyshalservice: [ERROR] registerAsService() failed with status: -2147483648
09-07 14:27:18.908   376   376 I hwservicemanager: getTransport: Cannot find entry android.hardware.sensors@1.0::ISensors/default in either framework or device manifest.
09-07 14:27:18.910  2584 10896 W vCard   : Property name unsupported by vCard 2.1: N
09-07 14:27:18.910 12604 12604 E android.hardware.sensors@1.0-service: Couldn't load sensors module (Unknown error -2147483648)
09-07 14:27:18.910 12604 12604 D RefBase : RefBase: Explicit destruction, weak count = 0 (in 0xb400007a814a8558)
09-07 14:27:18.910 12604 12604 W RefBase : CallStack::getCurrentInternal not linked, returning null
09-07 14:27:18.910 12604 12604 W RefBase : CallStack::logStackInternal not linked
09-07 14:27:18.911 12604 12604 E LegacySupport: Could not get passthrough implementation for android.hardware.sensors@1.0::ISensors/default.
09-07 14:27:18.919 12605 12605 I vendor.harman.L: type=1400 audit(0.0:2211): avc: denied { read } for name="u:object_r:hwservicemanager_prop:s0" dev="tmpfs" ino=24519 scontext=u:r:logmanagerd:s0 tcontext=u:object_r:hwservicemanager_prop:s0 tclass=file permissive=1
09-07 14:27:18.919 12605 12605 I vendor.harman.L: type=1400 audit(0.0:2212): avc: denied { open } for path="/dev/__properties__/u:object_r:hwservicemanager_prop:s0" dev="tmpfs" ino=24519 scontext=u:r:logmanagerd:s0 tcontext=u:object_r:hwservicemanager_prop:s0 tclass=file permissive=1
09-07 14:27:18.919 12605 12605 I vendor.harman.L: type=1400 audit(0.0:2213): avc: denied { getattr } for path="/dev/__properties__/u:object_r:hwservicemanager_prop:s0" dev="tmpfs" ino=24519 scontext=u:r:logmanagerd:s0 tcontext=u:object_r:hwservicemanager_prop:s0 tclass=file permissive=1
09-07 14:27:18.919 12605 12605 I vendor.harman.L: type=1400 audit(0.0:2214): avc: denied { map } for path="/dev/__properties__/u:object_r:hwservicemanager_prop:s0" dev="tmpfs" ino=24519 scontext=u:r:logmanagerd:s0 tcontext=u:object_r:hwservicemanager_prop:s0 tclass=file permissive=1
09-07 14:27:18.922 12605 12605 D LOGMANAGER: LOGMANAGER HAL service init() start
09-07 14:27:18.923 12605 12605 I vendor.harman.L: type=1400 audit(0.0:2215): avc: denied { dac_read_search } for capability=2 scontext=u:r:logmanagerd:s0 tcontext=u:r:logmanagerd:s0 tclass=capability permissive=1
09-07 14:27:18.923 12605 12605 I vendor.harman.L: type=1400 audit(0.0:2216): avc: denied { search } for name="cache" dev="dm-4" ino=262146 scontext=u:r:logmanagerd:s0 tcontext=u:object_r:cache_file:s0 tclass=dir permissive=1
09-07 14:27:18.923 12605 12605 I vendor.harman.L: type=1400 audit(0.0:2217): avc: denied { dac_override } for capability=1 scontext=u:r:logmanagerd:s0 tcontext=u:r:logmanagerd:s0 tclass=capability permissive=1
09-07 14:27:18.923 12605 12605 I vendor.harman.L: type=1400 audit(0.0:2218): avc: denied { write } for name="cache" dev="dm-4" ino=262146 scontext=u:r:logmanagerd:s0 tcontext=u:object_r:cache_file:s0 tclass=dir permissive=1
09-07 14:27:18.923 12605 12605 D LOGMANAGER: Logmanager configured rpcthreadpool
09-07 14:27:18.926 12605 12605 I HidlServiceManagement: Registered vendor.harman.hardware.LogManager@1.0::ILogManager/default
09-07 14:27:18.926 12605 12605 D LOGMANAGER: Logmanager HAL Service is registered and ready
09-07 14:27:18.926 12605 12605 I LOGMANAGER: ThreadPoolWrapper::initThreadPool
09-07 14:27:18.926 12605 12605 I LOGMANAGER: ThreadPoolWrapper : exit
09-07 14:27:18.926 12605 12605 D LOGMANAGER: Logmanager threadpoolwrapper created
09-07 14:27:18.927 12605 12605 D LOGMANAGER: User argument is -c
09-07 14:27:18.927 12605 12606 I LOGMANAGER: ThreadPoolWrapper:  enter the joinRpcThreadpool()
09-07 14:27:18.927 12605 12605 I LOGMANAGER: LogmanagerConfig is configured under config file
09-07 14:27:18.927 12605 12605 I LOGMANAGER: LoggingLevel is : 4
09-07 14:27:18.927 12605 12605 I LOGMANAGER: LogEnableState is : 0
09-07 14:27:18.927 12605 12605 I LOGMANAGER: OutputPluginConfiguration PluginType : LOGWRITTER
09-07 14:27:18.927 12605 12605 I LOGMANAGER: LM_OutputConfiguration : 1
09-07 14:27:18.927 12605 12605 I LOGMANAGER: LM_OfflineTraceDirectory : /data/cache
09-07 14:27:18.927 12605 12605 I LOGMANAGER: LM_OfflineTraceFILESize : 1000000
09-07 14:27:18.927 12605 12605 I LOGMANAGER: LM_OfflineTotalFILESSize : 20000000
09-07 14:27:18.927 12605 12605 I LOGMANAGER: LM_FileNameTimeStampBased : 0
09-07 14:27:18.927 12605 12605 I LOGMANAGER: Got IOC plugin
09-07 14:27:18.927 12605 12605 I LOGMANAGER: IOCIPCChannelNumber :6
09-07 14:27:18.927 12605 12605 I LOGMANAGER: keyseq: HOME + VOLUMEDOWN  for domain is AudioDump
09-07 14:27:18.927 12605 12605 I LOGMANAGER: keyseq: HOME + VOLUMEUP  for domain is HCIDump
09-07 14:27:18.927 12605 12605 I LOGMANAGER: Domains parsing is done
09-07 14:27:18.932 12605 12605 E LOGMANAGER: Failed to load plugin /vendor/lib64/libIOCDLogReader.so with error code dlopen failed: library "/vendor/lib64/libIOCDLogReader.so" not found 
09-07 14:27:18.932 12605 12605 F libc    : Fatal signal 11 (SIGSEGV), code 1 (SEGV_MAPERR), fault addr 0x0 in tid 12605 (vendor.harman.L), pid 12605 (vendor.harman.L)
09-07 14:27:18.971 12609 12609 I crash_dump64: obtaining output fd from tombstoned, type: kDebuggerdTombstone
09-07 14:27:18.972   463   463 I tombstoned: received crash request for pid 12605
09-07 14:27:18.973 12609 12609 I crash_dump64: performing dump of process 12605 (target tid = 12605)
09-07 14:27:18.976 12609 12609 F DEBUG   : *** *** *** *** *** *** *** *** *** *** *** *** *** *** *** ***
09-07 14:27:18.976 12609 12609 F DEBUG   : Build fingerprint: 'qti/titan_tml_b2/titan_tml_b2:11/RQ3A.210605.005/eng.ksong.20210907.134230:userdebug/test-keys'
09-07 14:27:18.976 12609 12609 F DEBUG   : Revision: '0'
09-07 14:27:18.976 12609 12609 F DEBUG   : ABI: 'arm64'
09-07 14:27:18.977 12609 12609 F DEBUG   : Timestamp: 2021-09-07 14:27:18+0000
09-07 14:27:18.977 12609 12609 F DEBUG   : pid: 12605, tid: 12605, name: vendor.harman.L  >>> /vendor/bin/hw/vendor.harman.LogManager@1.0-service <<<
09-07 14:27:18.977 12609 12609 F DEBUG   : uid: 0
09-07 14:27:18.977 12609 12609 F DEBUG   : signal 11 (SIGSEGV), code 1 (SEGV_MAPERR), fault addr 0x0
09-07 14:27:18.977 12609 12609 F DEBUG   : Cause: null pointer dereference
09-07 14:27:18.978 12609 12609 F DEBUG   :     x0  0000000000000000  x1  0000000000000000  x2  0000000000080001  x3  0000000000000000
09-07 14:27:18.978 12609 12609 F DEBUG   :     x4  0000000000000000  x5  0000000000000090  x6  fefefefefefefeff  x7  7f7f7f7f7f7f7f7f
09-07 14:27:18.979 12609 12609 F DEBUG   :     x8  0101010101010101  x9  ee691ff155eccd5f  x10 0000007ffef78628  x11 fffffffffffffffd
09-07 14:27:18.979 12609 12609 F DEBUG   :     x12 0000007ffef787b0  x13 000000000000008e  x14 00375027d11b5000  x15 0000000034155555
09-07 14:27:18.979 12609 12609 F DEBUG   :     x16 00000061b7a987e0  x17 00000078e944eb30  x18 00000078eac46000  x19 0000000000000000
09-07 14:27:18.979 12609 12609 F DEBUG   :     x20 00000078e98fbc50  x21 0000007ffef78ec9  x22 b4000077e9311568  x23 0000007ffef78ee8
09-07 14:27:18.979 12609 12609 F DEBUG   :     x24 0000000000000000  x25 00000078e9f1f000  x26 0000007ffef78ec9  x27 0000007ffef78e99
09-07 14:27:18.979 12609 12609 F DEBUG   :     x28 0000000000000000  x29 0000007ffef78dd0
09-07 14:27:18.979 12609 12609 F DEBUG   :     lr  00000061b7a8f048  sp  0000007ffef78dd0  pc  00000078e944eb40  pst 0000000080000000
09-07 14:27:18.980 12609 12609 F DEBUG   : backtrace:
09-07 14:27:18.980 12609 12609 F DEBUG   :       #00 pc 000000000004ab40  /apex/com.android.runtime/lib64/bionic/libc.so (strlen_default+16) (BuildId: 2b7c6e33413ac7278a15dfc3ea383089)
09-07 14:27:18.981 12609 12609 F DEBUG   :       #01 pc 0000000000009044  /vendor/bin/hw/vendor.harman.LogManager@1.0-service (BuildId: 3e966ab64050b441b920ba0e8960d123)
09-07 14:27:18.981 12609 12609 F DEBUG   :       #02 pc 0000000000008df0  /vendor/bin/hw/vendor.harman.LogManager@1.0-service (LM::LogManagerImpl::load_plugin_conf(void*, std::__1::basic_string<char, std::__1::char_traits<char>, std::__1::allocator<char> >, std::__1::multimap<std::__1::basic_string<char, std::__1::char_traits<char>, std::__1::allocator<char> >, int, std::__1::less<std::__1::basic_string<char, std::__1::char_traits<char>, std::__1::allocator<char> > >, std::__1::allocator<std::__1::pair<std::__1::basic_string<char, std::__1::char_traits<char>, std::__1::allocator<char> > const, int> > >&)+752) (BuildId: 3e966ab64050b441b920ba0e8960d123)
09-07 14:27:18.981 12609 12609 F DEBUG   :       #03 pc 00000000000088c0  /vendor/bin/hw/vendor.harman.LogManager@1.0-service (LM::LogManagerImpl::loadplugins()+436) (BuildId: 3e966ab64050b441b920ba0e8960d123)
09-07 14:27:18.981 12609 12609 F DEBUG   :       #04 pc 0000000000007af8  /vendor/bin/hw/vendor.harman.LogManager@1.0-service (main+1112) (BuildId: 3e966ab64050b441b920ba0e8960d123)
09-07 14:27:18.981 12609 12609 F DEBUG   :       #05 pc 000000000004988c  /apex/com.android.runtime/lib64/bionic/libc.so (__libc_init+108) (BuildId: 2b7c6e33413ac7278a15dfc3ea383089)
09-07 14:27:18.990  2584 10896 W vCard   : Property name unsupported by vCard 2.1: N
09-07 14:27:19.000   532   569 I VPS     : VPS:VehiclePlatformSOCHeartBeatHandler IVI HeartBeat sent successfully SOCHeartBeatInfo.SOCStatus->2
09-07 14:27:19.001   532   569 W ipcLib  : ipcLib: in ipc_lib. DV1 write called
09-07 14:27:19.002   532   569 W ipcLib  : ipcLib: in ipc_lib. DV1 read called
01-01 00:02:21.999     0     0 D logd    : logdr: UID=0 GID=1000 PID=12609 n tail=50 logMask=1 pid=12605 start=0ns timeout=0ns
01-01 00:02:22.039     0     0 I init    : Untracked pid 12609 exited with status 0
01-01 00:02:26.839     0     0 I init    : starting service 'qccsyshalservice'...
01-01 00:02:26.874     0     0 I init    : Service 'qccsyshalservice' (pid 12620) exited with status 1
01-01 00:02:26.874     0     0 I init    : Sending signal 9 to service 'qccsyshalservice' (pid 12620) process group...
01-01 00:02:26.875     0     0 I libprocessgroup: Successfully killed process cgroup uid 1000 pid 12620 in 0ms
01-01 00:02:26.878     0     0 I init    : starting service 'vendor.sensors-hal-1-0'...
01-01 00:02:26.885     0     0 I init    : starting service 'LogManager'...
01-01 00:02:26.909     0     0 I init    : Service 'vendor.sensors-hal-1-0' (pid 12621) exited with status 1
01-01 00:02:26.909     0     0 I init    : Sending signal 9 to service 'vendor.sensors-hal-1-0' (pid 12621) process group...
01-01 00:02:26.909     0     0 I libprocessgroup: Successfully killed process cgroup uid 1000 pid 12621 in 0ms
01-01 00:02:26.920     0     0 W audit   : audit_lost=875 audit_rate_limit=5 audit_backlog_limit=64
01-01 00:02:26.920     0     0 E audit   : rate limit exceeded
01-01 00:02:26.991     0     0 D logd    : logdr: UID=0 GID=1000 PID=12626 n tail=50 logMask=8 pid=12622 start=0ns timeout=0ns
09-07 14:27:19.047  1033  1270 W NativeCrashListener: Couldn't find ProcessRecord for pid 12605
09-07 14:27:19.047 12609 12609 E crash_dump64: AM data write failed: Broken pipe
09-07 14:27:19.048   463   463 E tombstoned: Tombstone written to: /data/tombstones/tombstone_44
09-07 14:27:19.056  1033  1095 I BootReceiver: Copying /data/tombstones/tombstone_44 to DropBox (SYSTEM_TOMBSTONE)
09-07 14:27:19.059  1033  1095 I DropBoxManagerService: add tag=SYSTEM_TOMBSTONE isTagEnabled=true flags=0x2
09-07 14:27:19.068  2584 10896 W vCard   : Property name unsupported by vCard 2.1: N
09-07 14:27:19.148  2584 10896 W vCard   : Property name unsupported by vCard 2.1: N
09-07 14:27:19.237  2584 10896 W vCard   : Property name unsupported by vCard 2.1: N
09-07 14:27:19.309  2584 10896 W vCard   : Property name unsupported by vCard 2.1: N
09-07 14:27:19.395  2584 10896 W vCard   : Property name unsupported by vCard 2.1: N
09-07 14:27:19.474   538   618 W ipcLib  : ipcLib: in ipc_lib. DV1 read called
09-07 14:27:19.491  2584 10896 W vCard   : Property name unsupported by vCard 2.1: N
09-07 14:27:19.549   536   612 E pathology: [ProcessCrashHandler:: parseTombstoneFileName]string not found
09-07 14:27:19.550   536   612 I chatty  : uid=0(root) vendor.harman.p identical 8 lines
09-07 14:27:19.550   536   612 E pathology: [ProcessCrashHandler:: parseTombstoneFileName]string not found
09-07 14:27:19.571  2584 10896 W vCard   : Property name unsupported by vCard 2.1: N
09-07 14:27:19.652  2584 10896 W vCard   : Property name unsupported by vCard 2.1: N
09-07 14:27:19.731  2584 10896 W vCard   : Property name unsupported by vCard 2.1: N
09-07 14:27:19.813  2584 10896 W vCard   : Property name unsupported by vCard 2.1: N
09-07 14:27:19.889  2584 10896 W vCard   : Property name unsupported by vCard 2.1: N
09-07 14:27:19.968  2584 10896 W vCard   : Property name unsupported by vCard 2.1: N
09-07 14:27:19.999   536   536 I vendor.harman.p: type=1400 audit(0.0:2239): avc: denied { write } for name="2" dev="dm-4" ino=49241 scontext=u:r:pathologyd:s0 tcontext=u:object_r:vendor_data_file:s0 tclass=dir permissive=1
09-07 14:27:19.999   536   536 I vendor.harman.p: type=1400 audit(0.0:2240): avc: denied { add_name } for name="PROCCRASH_PF_1631024839.lz4" scontext=u:r:pathologyd:s0 tcontext=u:object_r:vendor_data_file:s0 tclass=dir permissive=1
09-07 14:27:20.033   512 12206 D HarmanHAL: StreamIn::getCapturePositionImpl
09-07 14:27:20.051  2584 10896 W vCard   : Property name unsupported by vCard 2.1: N
09-07 14:27:20.063   512 12206 D HarmanHAL: StreamIn::getCapturePositionImpl
09-07 14:27:20.133   512 12206 D HarmanHAL: StreamIn::getCapturePositionImpl
09-07 14:27:20.137  2584 10896 W vCard   : Property name unsupported by vCard 2.1: N
09-07 14:27:20.163   512 12206 D HarmanHAL: StreamIn::getCapturePositionImpl
09-07 14:27:20.193   512 12206 I HarmanHal.Routing: hacs alsa node(pcmTunerIn_c) adtm interval_min:30 ms, inverval_max:40 ms, inverval_mean:31 ms!
09-07 14:27:20.193   512 12206 I HarmanHal.Routing:  in printADTM() PcmAlsaWrapper.cpp:876
09-07 14:27:20.194   512 12206 D HarmanHAL: StreamIn::getCapturePositionImpl
09-07 14:27:20.223   512 12206 D HarmanHAL: StreamIn::getCapturePositionImpl
09-07 14:27:20.226  2584 10896 W vCard   : Property name unsupported by vCard 2.1: N
09-07 14:27:20.263   512 12206 D HarmanHAL: StreamIn::getCapturePositionImpl
09-07 14:27:20.266   532   569 W ipcLib  : ipcLib: in ipc_lib. DV1 read called
09-07 14:27:20.266   532   568 I VPS     : VPS:IOCStatusInfo.VoltageStatus->0 
09-07 14:27:20.266   532   568 I VPS     : VPS:IOCStatusInfo.IOCStatusCmd->a6 
09-07 14:27:20.266   532   568 I VPS     : VPS:IOCStatusInfo.WakeUpReason->0 
09-07 14:27:20.266   532   568 I VPS     : VPS:IOCStatusInfo.DerivedIgnitionStatus->0 
09-07 14:27:20.266   532   568 I VPS     : VPS:IOCStatusInfo.PowerModeState->4 
09-07 14:27:20.267   532   568 I VPS     : VPS:IOCStatusInfo.SOCShutdownRequest->0 
09-07 14:27:20.267   532   568 I VPS     : VPS:IOCStatusInfo.AntiTheftState->0 
09-07 14:27:20.267   532   568 I VPS     : VPS:IOCStatusInfo.BatteryConnect->0 
09-07 14:27:20.280   512  3972 I HarmanHal.Routing: hacs alsa node(pcmMedia_p) adtm interval_min:0 ms, inverval_max:11 ms, inverval_mean:7 ms!
09-07 14:27:20.280   512  3972 I HarmanHal.Routing:  in printADTM() PcmAlsaWrapper.cpp:876
09-07 14:27:20.292  2584 10896 W vCard   : Property name unsupported by vCard 2.1: N
09-07 14:27:20.293   512 12206 D HarmanHAL: StreamIn::getCapturePositionImpl
09-07 14:27:20.354   512 12206 D HarmanHAL: StreamIn::getCapturePositionImpl
09-07 14:27:20.374  2584 10896 W vCard   : Property name unsupported by vCard 2.1: N
09-07 14:27:20.384   512 12206 D HarmanHAL: StreamIn::getCapturePositionImpl
09-07 14:27:20.453   512 12206 D HarmanHAL: StreamIn::getCapturePositionImpl
09-07 14:27:20.468  2584 10896 W vCard   : Property name unsupported by vCard 2.1: N
09-07 14:27:20.474   538   618 W ipcLib  : ipcLib: in ipc_lib. DV1 read called
09-07 14:27:20.484   512 12206 D HarmanHAL: StreamIn::getCapturePositionImpl
09-07 14:27:20.544   512 12206 D HarmanHAL: StreamIn::getCapturePositionImpl
09-07 14:27:20.550  2584 10896 W vCard   : Property name unsupported by vCard 2.1: N
09-07 14:27:20.585   512 12206 D HarmanHAL: StreamIn::getCapturePositionImpl
09-07 14:27:20.595   536   536 I vendor.harman.p: type=1400 audit(0.0:2241): avc: denied { read } for name="2" dev="dm-4" ino=49241 scontext=u:r:pathologyd:s0 tcontext=u:object_r:vendor_data_file:s0 tclass=dir permissive=1
09-07 14:27:20.595   536   536 I vendor.harman.p: type=1400 audit(0.0:2242): avc: denied { open } for path="/data/vendor/pathologyArchive/2" dev="dm-4" ino=49241 scontext=u:r:pathologyd:s0 tcontext=u:object_r:vendor_data_file:s0 tclass=dir permissive=1
09-07 14:27:20.613   512 12206 D HarmanHAL: StreamIn::getCapturePositionImpl
09-07 14:27:20.630  2584 10896 W vCard   : Property name unsupported by vCard 2.1: N
09-07 14:27:20.644   512 12206 D HarmanHAL: StreamIn::getCapturePositionImpl
09-07 14:27:20.647  1723  1941 I CarPlay : [mDNSResponder]current time 143 prevTime = 6
09-07 14:27:20.674   512 12206 D HarmanHAL: StreamIn::getCapturePositionImpl
09-07 14:27:20.703   512 12206 D HarmanHAL: StreamIn::getCapturePositionImpl
09-07 14:27:20.708  2584 10896 W vCard   : Property name unsupported by vCard 2.1: N
09-07 14:27:20.743   512 12206 D HarmanHAL: StreamIn::getCapturePositionImpl
09-07 14:27:20.773   512 12206 D HarmanHAL: StreamIn::getCapturePositionImpl
09-07 14:27:20.781  1033  1064 W BroadcastQueue: Background execution not allowed: receiving Intent { act=android.bluetooth.headsetclient.profile.action.AG_EVENT flg=0x10 (has extras) } to com.android.car.settings/.bluetooth.BluetoothAGEventsReceiver
09-07 14:27:20.782 10939 10939 D DeviceSignalCtlr: mBluetoothInfoView is null 
09-07 14:27:20.803   512 12206 D HarmanHAL: StreamIn::getCapturePositionImpl
09-07 14:27:20.833   512 12206 D HarmanHAL: StreamIn::getCapturePositionImpl
09-07 14:27:20.841  2584 10896 W vCard   : Property name unsupported by vCard 2.1: N
09-07 14:27:20.864   512 12206 D HarmanHAL: StreamIn::getCapturePositionImpl
09-07 14:27:20.904   512 12206 D HarmanHAL: StreamIn::getCapturePositionImpl
09-07 14:27:20.920  2584 10896 W vCard   : Property name unsupported by vCard 2.1: N
09-07 14:27:20.934   512 12206 D HarmanHAL: StreamIn::getCapturePositionImpl
09-07 14:27:20.993   512 12206 D HarmanHAL: StreamIn::getCapturePositionImpl
09-07 14:27:20.994  2584 10896 W vCard   : Property name unsupported by vCard 2.1: N
09-07 14:27:21.024   512 12206 D HarmanHAL: StreamIn::getCapturePositionImpl
09-07 14:27:21.064   512 12206 D HarmanHAL: StreamIn::getCapturePositionImpl
09-07 14:27:21.069  2584 10896 W vCard   : Property name unsupported by vCard 2.1: N
09-07 14:27:21.093   512 12206 D HarmanHAL: StreamIn::getCapturePositionImpl
09-07 14:27:21.123   512 12206 D HarmanHAL: StreamIn::getCapturePositionImpl
09-07 14:27:21.151  2584 10896 W vCard   : Property name unsupported by vCard 2.1: N
09-07 14:27:21.154   512 12206 D HarmanHAL: StreamIn::getCapturePositionImpl
09-07 14:27:21.183   512 12206 I HarmanHal.Routing: hacs alsa node(pcmTunerIn_c) adtm interval_min:28 ms, inverval_max:42 ms, inverval_mean:31 ms!
09-07 14:27:21.183   512 12206 I HarmanHal.Routing:  in printADTM() PcmAlsaWrapper.cpp:876
09-07 14:27:21.184   512 12206 D HarmanHAL: StreamIn::getCapturePositionImpl
09-07 14:27:21.223   512 12206 D HarmanHAL: StreamIn::getCapturePositionImpl
09-07 14:27:21.244  2584 10896 W vCard   : Property name unsupported by vCard 2.1: N
09-07 14:27:21.253   512 12206 D HarmanHAL: StreamIn::getCapturePositionImpl
09-07 14:27:21.280   512  3972 I HarmanHal.Routing: hacs alsa node(pcmMedia_p) adtm interval_min:0 ms, inverval_max:11 ms, inverval_mean:8 ms!
09-07 14:27:21.280   512  3972 I HarmanHal.Routing:  in printADTM() PcmAlsaWrapper.cpp:876
09-07 14:27:21.283   512 12206 D HarmanHAL: StreamIn::getCapturePositionImpl
09-07 14:27:21.313   512 12206 D HarmanHAL: StreamIn::getCapturePositionImpl
09-07 14:27:21.318  2584 10896 W vCard   : Property name unsupported by vCard 2.1: N
09-07 14:27:21.343   512 12206 D HarmanHAL: StreamIn::getCapturePositionImpl
09-07 14:27:21.383   512 12206 D HarmanHAL: StreamIn::getCapturePositionImpl
09-07 14:27:21.400  2584 10896 W vCard   : Property name unsupported by vCard 2.1: N
09-07 14:27:21.414   512 12206 D HarmanHAL: StreamIn::getCapturePositionImpl
09-07 14:27:21.444   512 12206 D HarmanHAL: StreamIn::getCapturePositionImpl
09-07 14:27:21.474   538   618 W ipcLib  : ipcLib: in ipc_lib. DV1 read called
09-07 14:27:21.474   512 12206 D HarmanHAL: StreamIn::getCapturePositionImpl
09-07 14:27:21.476  2584 10896 W vCard   : Property name unsupported by vCard 2.1: N
09-07 14:27:21.503   512 12206 D HarmanHAL: StreamIn::getCapturePositionImpl
09-07 14:27:21.543   512 12206 D HarmanHAL: StreamIn::getCapturePositionImpl
09-07 14:27:21.547  2584 10896 W vCard   : Property name unsupported by vCard 2.1: N
09-07 14:27:21.573   512 12206 D HarmanHAL: StreamIn::getCapturePositionImpl
09-07 14:27:21.603   512 12206 D HarmanHAL: StreamIn::getCapturePositionImpl
09-07 14:27:21.614  2584 10896 W vCard   : Property name unsupported by vCard 2.1: N
09-07 14:27:21.633   512 12206 D HarmanHAL: StreamIn::getCapturePositionImpl
09-07 14:27:21.663   512 12206 D HarmanHAL: StreamIn::getCapturePositionImpl
09-07 14:27:21.693  2584 10896 W vCard   : Property name unsupported by vCard 2.1: N
09-07 14:27:21.704   512 12206 D HarmanHAL: StreamIn::getCapturePositionImpl
09-07 14:27:21.764   512 12206 D HarmanHAL: StreamIn::getCapturePositionImpl
09-07 14:27:21.767  2584 10896 W vCard   : Property name unsupported by vCard 2.1: N
09-07 14:27:21.793   512 12206 D HarmanHAL: StreamIn::getCapturePositionImpl
09-07 14:27:21.825   512 12206 D HarmanHAL: StreamIn::getCapturePositionImpl
09-07 14:27:21.852  2584 10896 W vCard   : Property name unsupported by vCard 2.1: N
09-07 14:27:21.864   512 12206 D HarmanHAL: StreamIn::getCapturePositionImpl
09-07 14:27:21.923   512 12206 D HarmanHAL: StreamIn::getCapturePositionImpl
09-07 14:27:21.933  2584 10896 W vCard   : Property name unsupported by vCard 2.1: N
09-07 14:27:21.953   512 12206 D HarmanHAL: StreamIn::getCapturePositionImpl
09-07 14:27:22.023   512 12206 D HarmanHAL: StreamIn::getCapturePositionImpl
09-07 14:27:22.051  2584 10896 W vCard   : Property name unsupported by vCard 2.1: N
09-07 14:27:22.053   512 12206 D HarmanHAL: StreamIn::getCapturePositionImpl
09-07 14:27:22.114   512 12206 D HarmanHAL: StreamIn::getCapturePositionImpl
09-07 14:27:22.129  2584 10896 W vCard   : Property name unsupported by vCard 2.1: N
09-07 14:27:22.143   512 12206 D HarmanHAL: StreamIn::getCapturePositionImpl
09-07 14:27:22.183   512 12206 I HarmanHal.Routing: hacs alsa node(pcmTunerIn_c) adtm interval_min:30 ms, inverval_max:40 ms, inverval_mean:32 ms!
09-07 14:27:22.183   512 12206 I HarmanHal.Routing:  in printADTM() PcmAlsaWrapper.cpp:876
09-07 14:27:22.183   512 12206 D HarmanHAL: StreamIn::getCapturePositionImpl
09-07 14:27:22.209  2584 10896 W vCard   : Property name unsupported by vCard 2.1: N
09-07 14:27:22.213   512 12206 D HarmanHAL: StreamIn::getCapturePositionImpl
09-07 14:27:22.274   512 12206 D HarmanHAL: StreamIn::getCapturePositionImpl
09-07 14:27:22.280   512  3972 I HarmanHal.Routing: hacs alsa node(pcmMedia_p) adtm interval_min:0 ms, inverval_max:11 ms, inverval_mean:8 ms!
09-07 14:27:22.280   512  3972 I HarmanHal.Routing:  in printADTM() PcmAlsaWrapper.cpp:876
09-07 14:27:22.296  2584 10896 W vCard   : Property name unsupported by vCard 2.1: N
09-07 14:27:22.303   512 12206 D HarmanHAL: StreamIn::getCapturePositionImpl
09-07 14:27:22.343   512 12206 D HarmanHAL: StreamIn::getCapturePositionImpl
09-07 14:27:22.367   532   569 W ipcLib  : ipcLib: in ipc_lib. DV1 read called
09-07 14:27:22.368   532   568 I VPS     : VPS:IOCStatusInfo.VoltageStatus->0 
09-07 14:27:22.368   532   568 I VPS     : VPS:IOCStatusInfo.IOCStatusCmd->a6 
09-07 14:27:22.368   532   568 I VPS     : VPS:IOCStatusInfo.WakeUpReason->0 
09-07 14:27:22.368   532   568 I VPS     : VPS:IOCStatusInfo.DerivedIgnitionStatus->0 
09-07 14:27:22.368   532   568 I VPS     : VPS:IOCStatusInfo.PowerModeState->4 
09-07 14:27:22.368   532   568 I VPS     : VPS:IOCStatusInfo.SOCShutdownRequest->0 
09-07 14:27:22.368   532   568 I VPS     : VPS:IOCStatusInfo.AntiTheftState->0 
09-07 14:27:22.368   532   568 I VPS     : VPS:IOCStatusInfo.BatteryConnect->0 
09-07 14:27:22.372  2584 10896 W vCard   : Property name unsupported by vCard 2.1: N
09-07 14:27:22.373   512 12206 D HarmanHAL: StreamIn::getCapturePositionImpl
09-07 14:27:22.434   512 12206 D HarmanHAL: StreamIn::getCapturePositionImpl
09-07 14:27:22.455  2584 10896 W vCard   : Property name unsupported by vCard 2.1: N
09-07 14:27:22.464   512 12206 D HarmanHAL: StreamIn::getCapturePositionImpl
09-07 14:27:22.474   538   618 W ipcLib  : ipcLib: in ipc_lib. DV1 read called
09-07 14:27:22.503   512 12206 D HarmanHAL: StreamIn::getCapturePositionImpl
09-07 14:27:22.533   512 12206 D HarmanHAL: StreamIn::getCapturePositionImpl
09-07 14:27:22.542  2584 10896 W vCard   : Property name unsupported by vCard 2.1: N
09-07 14:27:22.563   512 12206 D HarmanHAL: StreamIn::getCapturePositionImpl
09-07 14:27:22.594   512 12206 D HarmanHAL: StreamIn::getCapturePositionImpl
09-07 14:27:22.611  2584 10896 W vCard   : Property name unsupported by vCard 2.1: N
09-07 14:27:22.623   512 12206 D HarmanHAL: StreamIn::getCapturePositionImpl
09-07 14:27:22.694   512 12206 D HarmanHAL: StreamIn::getCapturePositionImpl
09-07 14:27:22.701  2584 10896 W vCard   : Property name unsupported by vCard 2.1: N
09-07 14:27:22.723   512 12206 D HarmanHAL: StreamIn::getCapturePositionImpl
09-07 14:27:22.784   512 12206 D HarmanHAL: StreamIn::getCapturePositionImpl
09-07 14:27:22.787  2584 10896 W vCard   : Property name unsupported by vCard 2.1: N
09-07 14:27:22.823   512 12206 D HarmanHAL: StreamIn::getCapturePositionImpl
09-07 14:27:22.853   512 12206 D HarmanHAL: StreamIn::getCapturePositionImpl
09-07 14:27:22.867  2584 10896 W vCard   : Property name unsupported by vCard 2.1: N
09-07 14:27:22.884   512 12206 D HarmanHAL: StreamIn::getCapturePositionImpl
09-07 14:27:22.943   512 12206 D HarmanHAL: StreamIn::getCapturePositionImpl
09-07 14:27:22.967  2584 10896 W vCard   : Property name unsupported by vCard 2.1: N
09-07 14:27:22.983   512 12206 D HarmanHAL: StreamIn::getCapturePositionImpl
09-07 14:27:23.044   512 12206 D HarmanHAL: StreamIn::getCapturePositionImpl
09-07 14:27:23.046  2584 10896 W vCard   : Property name unsupported by vCard 2.1: N
09-07 14:27:23.074   512 12206 D HarmanHAL: StreamIn::getCapturePositionImpl
09-07 14:27:23.103   512 12206 D HarmanHAL: StreamIn::getCapturePositionImpl
09-07 14:27:23.115  2584 10896 W vCard   : Property name unsupported by vCard 2.1: N
09-07 14:27:23.143   512 12206 D HarmanHAL: StreamIn::getCapturePositionImpl
09-07 14:27:23.173   512 12206 I HarmanHal.Routing: hacs alsa node(pcmTunerIn_c) adtm interval_min:30 ms, inverval_max:40 ms, inverval_mean:31 ms!
09-07 14:27:23.173   512 12206 I HarmanHal.Routing:  in printADTM() PcmAlsaWrapper.cpp:876
09-07 14:27:23.173   512 12206 D HarmanHAL: StreamIn::getCapturePositionImpl
09-07 14:27:23.188  2584 10896 W vCard   : Property name unsupported by vCard 2.1: N
09-07 14:27:23.203   512 12206 D HarmanHAL: StreamIn::getCapturePositionImpl
09-07 14:27:23.264   512 12206 D HarmanHAL: StreamIn::getCapturePositionImpl
09-07 14:27:23.280   512  3972 I HarmanHal.Routing: hacs alsa node(pcmMedia_p) adtm interval_min:0 ms, inverval_max:11 ms, inverval_mean:8 ms!
09-07 14:27:23.280   512  3972 I HarmanHal.Routing:  in printADTM() PcmAlsaWrapper.cpp:876
09-07 14:27:23.283  2584 10896 W vCard   : Property name unsupported by vCard 2.1: N
09-07 14:27:23.303   512 12206 D HarmanHAL: StreamIn::getCapturePositionImpl
09-07 14:27:23.363   512 12206 D HarmanHAL: StreamIn::getCapturePositionImpl
09-07 14:27:23.390  2584 10896 W vCard   : Property name unsupported by vCard 2.1: N
09-07 14:27:23.393   512 12206 D HarmanHAL: StreamIn::getCapturePositionImpl
09-07 14:27:23.463   512 12206 D HarmanHAL: StreamIn::getCapturePositionImpl
09-07 14:27:23.474   538   618 W ipcLib  : ipcLib: in ipc_lib. DV1 read called
09-07 14:27:23.475  2584 10896 W vCard   : Property name unsupported by vCard 2.1: N
09-07 14:27:23.493   512 12206 D HarmanHAL: StreamIn::getCapturePositionImpl
09-07 14:27:23.523   512 12206 D HarmanHAL: StreamIn::getCapturePositionImpl
09-07 14:27:23.553  2584 10896 W vCard   : Property name unsupported by vCard 2.1: N
09-07 14:27:23.553   512 12206 D HarmanHAL: StreamIn::getCapturePositionImpl
09-07 14:27:23.583   512 12206 D HarmanHAL: StreamIn::getCapturePositionImpl
09-07 14:27:23.615   535   535 I vendor.harman.n: type=1400 audit(0.0:2243): avc: denied { getattr } for path="/data/vendor/nav/ublox/ublox_log.ubx" dev="dm-4" ino=49238 scontext=u:r:hal_navsens:s0 tcontext=u:object_r:vendor_data_file:s0 tclass=file permissive=1
09-07 14:27:23.615   535   535 I vendor.harman.n: type=1400 audit(0.0:2244): avc: denied { append } for name="ublox_log.ubx" dev="dm-4" ino=49238 scontext=u:r:hal_navsens:s0 tcontext=u:object_r:vendor_data_file:s0 tclass=file permissive=1
09-07 14:27:23.615   535   535 I vendor.harman.n: type=1400 audit(0.0:2245): avc: denied { open } for path="/data/vendor/nav/ublox/ublox_log.ubx" dev="dm-4" ino=49238 scontext=u:r:hal_navsens:s0 tcontext=u:object_r:vendor_data_file:s0 tclass=file permissive=1
09-07 14:27:23.624   512 12206 D HarmanHAL: StreamIn::getCapturePositionImpl
09-07 14:27:23.631  2584 10896 W vCard   : Property name unsupported by vCard 2.1: N
09-07 14:27:23.653   512 12206 D HarmanHAL: StreamIn::getCapturePositionImpl
09-07 14:27:23.684   512 12206 D HarmanHAL: StreamIn::getCapturePositionImpl
09-07 14:27:23.710  2584 10896 W vCard   : Property name unsupported by vCard 2.1: N
09-07 14:27:23.713   512 12206 D HarmanHAL: StreamIn::getCapturePositionImpl
09-07 14:27:23.784   512 12206 D HarmanHAL: StreamIn::getCapturePositionImpl
09-07 14:27:23.787  2584 10896 W vCard   : Property name unsupported by vCard 2.1: N
09-07 14:27:23.813   512 12206 D HarmanHAL: StreamIn::getCapturePositionImpl
09-07 14:27:23.874   512 12206 D HarmanHAL: StreamIn::getCapturePositionImpl
09-07 14:27:23.880 12620 12620 I qccsyshalservice: Start with system binder
09-07 14:27:23.881 12620 12620 I qccsyshalservice: Registering qccsyshal service...
09-07 14:27:23.882   376   376 I hwservicemanager: getTransport: Cannot find entry vendor.qti.hardware.qccsyshal@1.0::IQccsyshal/qccsyshal in either framework or device manifest.
09-07 14:27:23.883 12620 12620 E HidlServiceManagement: Service vendor.qti.hardware.qccsyshal@1.0::IQccsyshal/qccsyshal must be in VINTF manifest in order to register/get.
09-07 14:27:23.883 12620 12620 E qccsyshalservice: [ERROR] registerAsService() failed with status: -2147483648
09-07 14:27:23.888  2584 10896 W vCard   : Property name unsupported by vCard 2.1: N
09-07 14:27:23.903   512 12206 D HarmanHAL: StreamIn::getCapturePositionImpl
09-07 14:27:23.915   376   376 I hwservicemanager: getTransport: Cannot find entry android.hardware.sensors@1.0::ISensors/default in either framework or device manifest.
09-07 14:27:23.917 12621 12621 E android.hardware.sensors@1.0-service: Couldn't load sensors module (Unknown error -2147483648)
09-07 14:27:23.918 12621 12621 D RefBase : RefBase: Explicit destruction, weak count = 0 (in 0xb400007cf2167718)
09-07 14:27:23.918 12621 12621 W RefBase : CallStack::getCurrentInternal not linked, returning null
09-07 14:27:23.918 12621 12621 W RefBase : CallStack::logStackInternal not linked
09-07 14:27:23.918 12621 12621 E LegacySupport: Could not get passthrough implementation for android.hardware.sensors@1.0::ISensors/default.
09-07 14:27:23.923 12622 12622 I vendor.harman.L: type=1400 audit(0.0:2246): avc: denied { read } for name="u:object_r:hwservicemanager_prop:s0" dev="tmpfs" ino=24519 scontext=u:r:logmanagerd:s0 tcontext=u:object_r:hwservicemanager_prop:s0 tclass=file permissive=1
09-07 14:27:23.923 12622 12622 I vendor.harman.L: type=1400 audit(0.0:2247): avc: denied { open } for path="/dev/__properties__/u:object_r:hwservicemanager_prop:s0" dev="tmpfs" ino=24519 scontext=u:r:logmanagerd:s0 tcontext=u:object_r:hwservicemanager_prop:s0 tclass=file permissive=1
09-07 14:27:23.923 12622 12622 I vendor.harman.L: type=1400 audit(0.0:2248): avc: denied { getattr } for path="/dev/__properties__/u:object_r:hwservicemanager_prop:s0" dev="tmpfs" ino=24519 scontext=u:r:logmanagerd:s0 tcontext=u:object_r:hwservicemanager_prop:s0 tclass=file permissive=1
09-07 14:27:23.929 12622 12622 D LOGMANAGER: LOGMANAGER HAL service init() start
09-07 14:27:23.929 12622 12622 D LOGMANAGER: Logmanager configured rpcthreadpool
09-07 14:27:23.937 12622 12622 I HidlServiceManagement: Registered vendor.harman.hardware.LogManager@1.0::ILogManager/default
09-07 14:27:23.937 12622 12622 D LOGMANAGER: Logmanager HAL Service is registered and ready
09-07 14:27:23.937 12622 12622 I LOGMANAGER: ThreadPoolWrapper::initThreadPool
09-07 14:27:23.937 12622 12622 I LOGMANAGER: ThreadPoolWrapper : exit
09-07 14:27:23.937 12622 12622 D LOGMANAGER: Logmanager threadpoolwrapper created
09-07 14:27:23.937 12622 12622 D LOGMANAGER: User argument is -c
09-07 14:27:23.937 12622 12623 I LOGMANAGER: ThreadPoolWrapper:  enter the joinRpcThreadpool()
09-07 14:27:23.937 12622 12622 I LOGMANAGER: LogmanagerConfig is configured under config file
09-07 14:27:23.937 12622 12622 I LOGMANAGER: LoggingLevel is : 4
09-07 14:27:23.937 12622 12622 I LOGMANAGER: LogEnableState is : 0
09-07 14:27:23.937 12622 12622 I LOGMANAGER: OutputPluginConfiguration PluginType : LOGWRITTER
09-07 14:27:23.937 12622 12622 I LOGMANAGER: LM_OutputConfiguration : 1
09-07 14:27:23.937 12622 12622 I LOGMANAGER: LM_OfflineTraceDirectory : /data/cache
09-07 14:27:23.938 12622 12622 I LOGMANAGER: LM_OfflineTraceFILESize : 1000000
09-07 14:27:23.938 12622 12622 I LOGMANAGER: LM_OfflineTotalFILESSize : 20000000
09-07 14:27:23.938 12622 12622 I LOGMANAGER: LM_FileNameTimeStampBased : 0
09-07 14:27:23.938 12622 12622 I LOGMANAGER: Got IOC plugin
09-07 14:27:23.938 12622 12622 I LOGMANAGER: IOCIPCChannelNumber :6
09-07 14:27:23.938 12622 12622 I LOGMANAGER: keyseq: HOME + VOLUMEDOWN  for domain is AudioDump
09-07 14:27:23.938 12622 12622 I LOGMANAGER: keyseq: HOME + VOLUMEUP  for domain is HCIDump
09-07 14:27:23.938 12622 12622 I LOGMANAGER: Domains parsing is done
09-07 14:27:23.938 12622 12622 E LOGMANAGER: Failed to load plugin /vendor/lib64/libIOCDLogReader.so with error code dlopen failed: library "/vendor/lib64/libIOCDLogReader.so" not found 
09-07 14:27:23.939 12622 12622 F libc    : Fatal signal 11 (SIGSEGV), code 1 (SEGV_MAPERR), fault addr 0x0 in tid 12622 (vendor.harman.L), pid 12622 (vendor.harman.L)
09-07 14:27:23.943   512 12206 D HarmanHAL: StreamIn::getCapturePositionImpl
09-07 14:27:23.967 12626 12626 I crash_dump64: obtaining output fd from tombstoned, type: kDebuggerdTombstone
09-07 14:27:23.968  2584 10896 W vCard   : Property name unsupported by vCard 2.1: N
09-07 14:27:23.969   463   463 I tombstoned: received crash request for pid 12622
09-07 14:27:23.970 12626 12626 I crash_dump64: performing dump of process 12622 (target tid = 12622)
09-07 14:27:23.973 12626 12626 F DEBUG   : *** *** *** *** *** *** *** *** *** *** *** *** *** *** *** ***
09-07 14:27:23.973   512 12206 D HarmanHAL: StreamIn::getCapturePositionImpl
09-07 14:27:23.973 12626 12626 F DEBUG   : Build fingerprint: 'qti/titan_tml_b2/titan_tml_b2:11/RQ3A.210605.005/eng.ksong.20210907.134230:userdebug/test-keys'
09-07 14:27:23.974 12626 12626 F DEBUG   : Revision: '0'
09-07 14:27:23.974 12626 12626 F DEBUG   : ABI: 'arm64'
09-07 14:27:23.975 12626 12626 F DEBUG   : Timestamp: 2021-09-07 14:27:23+0000
09-07 14:27:23.975 12626 12626 F DEBUG   : pid: 12622, tid: 12622, name: vendor.harman.L  >>> /vendor/bin/hw/vendor.harman.LogManager@1.0-service <<<
09-07 14:27:23.975 12626 12626 F DEBUG   : uid: 0
09-07 14:27:23.975 12626 12626 F DEBUG   : signal 11 (SIGSEGV), code 1 (SEGV_MAPERR), fault addr 0x0
09-07 14:27:23.975 12626 12626 F DEBUG   : Cause: null pointer dereference
09-07 14:27:23.976 12626 12626 F DEBUG   :     x0  0000000000000000  x1  0000000000000000  x2  0000000000080001  x3  0000000000000000
09-07 14:27:23.976 12626 12626 F DEBUG   :     x4  0000000000000000  x5  0000000000000090  x6  fefefefefefefeff  x7  7f7f7f7f7f7f7f7f
09-07 14:27:23.976 12626 12626 F DEBUG   :     x8  0101010101010101  x9  67041467cbd1df08  x10 0000007ff71a8a78  x11 fffffffffffffffd
09-07 14:27:23.976 12626 12626 F DEBUG   :     x12 0000007ff71a8c00  x13 000000000000008e  x14 0037ca39cf324000  x15 0000000034155555
09-07 14:27:23.976 12626 12626 F DEBUG   :     x16 00000061d04d87e0  x17 000000779d15eb30  x18 000000779e112000  x19 0000000000000000
09-07 14:27:23.976 12626 12626 F DEBUG   :     x20 000000779cdedc50  x21 0000007ff71a9319  x22 b40000769cc7fbd8  x23 0000007ff71a9338
09-07 14:27:23.976 12626 12626 F DEBUG   :     x24 0000000000000000  x25 000000779d8cc000  x26 0000007ff71a9319  x27 0000007ff71a92e9
09-07 14:27:23.976 12626 12626 F DEBUG   :     x28 0000000000000000  x29 0000007ff71a9220
09-07 14:27:23.976 12626 12626 F DEBUG   :     lr  00000061d04cf048  sp  0000007ff71a9220  pc  000000779d15eb40  pst 0000000080000000
09-07 14:27:23.981 12626 12626 F DEBUG   : backtrace:
09-07 14:27:23.981 12626 12626 F DEBUG   :       #00 pc 000000000004ab40  /apex/com.android.runtime/lib64/bionic/libc.so (strlen_default+16) (BuildId: 2b7c6e33413ac7278a15dfc3ea383089)
09-07 14:27:23.982 12626 12626 F DEBUG   :       #01 pc 0000000000009044  /vendor/bin/hw/vendor.harman.LogManager@1.0-service (BuildId: 3e966ab64050b441b920ba0e8960d123)
09-07 14:27:23.982 12626 12626 F DEBUG   :       #02 pc 0000000000008df0  /vendor/bin/hw/vendor.harman.LogManager@1.0-service (LM::LogManagerImpl::load_plugin_conf(void*, std::__1::basic_string<char, std::__1::char_traits<char>, std::__1::allocator<char> >, std::__1::multimap<std::__1::basic_string<char, std::__1::char_traits<char>, std::__1::allocator<char> >, int, std::__1::less<std::__1::basic_string<char, std::__1::char_traits<char>, std::__1::allocator<char> > >, std::__1::allocator<std::__1::pair<std::__1::basic_string<char, std::__1::char_traits<char>, std::__1::allocator<char> > const, int> > >&)+752) (BuildId: 3e966ab64050b441b920ba0e8960d123)
09-07 14:27:23.982 12626 12626 F DEBUG   :       #03 pc 00000000000088c0  /vendor/bin/hw/vendor.harman.LogManager@1.0-service (LM::LogManagerImpl::loadplugins()+436) (BuildId: 3e966ab64050b441b920ba0e8960d123)
09-07 14:27:23.982 12626 12626 F DEBUG   :       #04 pc 0000000000007af8  /vendor/bin/hw/vendor.harman.LogManager@1.0-service (main+1112) (BuildId: 3e966ab64050b441b920ba0e8960d123)
09-07 14:27:23.982 12626 12626 F DEBUG   :       #05 pc 000000000004988c  /apex/com.android.runtime/lib64/bionic/libc.so (__libc_init+108) (BuildId: 2b7c6e33413ac7278a15dfc3ea383089)
09-07 14:27:24.000   532   569 I VPS     : VPS:VehiclePlatformSOCHeartBeatHandler IVI HeartBeat sent successfully SOCHeartBeatInfo.SOCStatus->2
09-07 14:27:24.000   532   569 W ipcLib  : ipcLib: in ipc_lib. DV1 write called
09-07 14:27:24.002   532   569 W ipcLib  : ipcLib: in ipc_lib. DV1 read called
09-07 14:27:24.004   512 12206 D HarmanHAL: StreamIn::getCapturePositionImpl
01-01 00:02:26.999     0     0 D logd    : logdr: UID=0 GID=1000 PID=12626 n tail=50 logMask=1 pid=12622 start=0ns timeout=0ns
01-01 00:02:27.020     0     0 D logd    : logdr: UID=0 GID=1000 PID=12626 n tail=0 logMask=8 pid=12622 start=0ns timeout=0ns
01-01 00:02:27.029     0     0 D logd    : logdr: UID=0 GID=1000 PID=12626 n tail=0 logMask=1 pid=12622 start=0ns timeout=0ns
01-01 00:02:27.041     0     0 I init    : Untracked pid 12626 exited with status 0
01-01 00:02:28.595     0     0 W audit   : audit_lost=898 audit_rate_limit=5 audit_backlog_limit=64
01-01 00:02:28.595     0     0 E audit   : rate limit exceeded
01-01 00:02:31.849     0     0 I init    : starting service 'qccsyshalservice'...
01-01 00:02:31.883     0     0 I init    : starting service 'vendor.sensors-hal-1-0'...
01-01 00:02:31.889     0     0 I init    : starting service 'LogManager'...
01-01 00:02:31.895     0     0 I init    : Service 'qccsyshalservice' (pid 12637) exited with status 1
01-01 00:02:31.895     0     0 I init    : Sending signal 9 to service 'qccsyshalservice' (pid 12637) process group...
01-01 00:02:31.895     0     0 I libprocessgroup: Successfully killed process cgroup uid 1000 pid 12637 in 0ms
01-01 00:02:31.918     0     0 I init    : Service 'vendor.sensors-hal-1-0' (pid 12638) exited with status 1
01-01 00:02:31.918     0     0 I init    : Sending signal 9 to service 'vendor.sensors-hal-1-0' (pid 12638) process group...
01-01 00:02:31.918     0     0 I libprocessgroup: Successfully killed process cgroup uid 1000 pid 12638 in 0ms
01-01 00:02:31.932     0     0 W audit   : audit_lost=906 audit_rate_limit=5 audit_backlog_limit=64
01-01 00:02:31.932     0     0 E audit   : rate limit exceeded
01-01 00:02:31.998     0     0 D logd    : logdr: UID=0 GID=1000 PID=12643 n tail=50 logMask=8 pid=12639 start=0ns timeout=0ns
09-07 14:27:24.033   512 12206 D HarmanHAL: StreamIn::getCapturePositionImpl
09-07 14:27:24.048  1033  1270 W NativeCrashListener: Couldn't find ProcessRecord for pid 12622
09-07 14:27:24.048 12626 12626 E crash_dump64: AM data write failed: Broken pipe
09-07 14:27:24.049   463   463 E tombstoned: Tombstone written to: /data/tombstones/tombstone_45
09-07 14:27:24.049  2584 10896 W vCard   : Property name unsupported by vCard 2.1: N
09-07 14:27:24.057  1033  1095 I BootReceiver: Copying /data/tombstones/tombstone_45 to DropBox (SYSTEM_TOMBSTONE)
09-07 14:27:24.059  1033  1095 I DropBoxManagerService: add tag=SYSTEM_TOMBSTONE isTagEnabled=true flags=0x2
09-07 14:27:24.064   512 12206 D HarmanHAL: StreamIn::getCapturePositionImpl
09-07 14:27:24.104   512 12206 D HarmanHAL: StreamIn::getCapturePositionImpl
09-07 14:27:24.132  2584 10896 W vCard   : Property name unsupported by vCard 2.1: N
09-07 14:27:24.134   512 12206 D HarmanHAL: StreamIn::getCapturePositionImpl
09-07 14:27:24.163   512 12206 I HarmanHal.Routing: hacs alsa node(pcmTunerIn_c) adtm interval_min:30 ms, inverval_max:40 ms, inverval_mean:31 ms!
09-07 14:27:24.163   512 12206 I HarmanHal.Routing:  in printADTM() PcmAlsaWrapper.cpp:876
09-07 14:27:24.164   512 12206 D HarmanHAL: StreamIn::getCapturePositionImpl
09-07 14:27:24.193   512 12206 D HarmanHAL: StreamIn::getCapturePositionImpl
09-07 14:27:24.212  2584 10896 W vCard   : Property name unsupported by vCard 2.1: N
09-07 14:27:24.224   512 12206 D HarmanHAL: StreamIn::getCapturePositionImpl
09-07 14:27:24.263   512 12206 D HarmanHAL: StreamIn::getCapturePositionImpl
09-07 14:27:24.280   512  3972 I HarmanHal.Routing: hacs alsa node(pcmMedia_p) adtm interval_min:0 ms, inverval_max:11 ms, inverval_mean:7 ms!
09-07 14:27:24.280   512  3972 I HarmanHal.Routing:  in printADTM() PcmAlsaWrapper.cpp:876
09-07 14:27:24.293   512 12206 D HarmanHAL: StreamIn::getCapturePositionImpl
09-07 14:27:24.301  2584 10896 W vCard   : Property name unsupported by vCard 2.1: N
09-07 14:27:24.324   512 12206 D HarmanHAL: StreamIn::getCapturePositionImpl
09-07 14:27:24.354   512 12206 D HarmanHAL: StreamIn::getCapturePositionImpl
09-07 14:27:24.377  2584 10896 W vCard   : Property name unsupported by vCard 2.1: N
09-07 14:27:24.383   512 12206 D HarmanHAL: StreamIn::getCapturePositionImpl
09-07 14:27:24.423   512 12206 D HarmanHAL: StreamIn::getCapturePositionImpl
09-07 14:27:24.430  2584 10896 W vCard   : Property name unsupported by vCard 2.1: N
09-07 14:27:24.453   512 12206 D HarmanHAL: StreamIn::getCapturePositionImpl
09-07 14:27:24.466   532   569 W ipcLib  : ipcLib: in ipc_lib. DV1 read called
09-07 14:27:24.467   532   568 I VPS     : VPS:IOCStatusInfo.VoltageStatus->0 
09-07 14:27:24.467   532   568 I VPS     : VPS:IOCStatusInfo.IOCStatusCmd->a6 
09-07 14:27:24.467   532   568 I VPS     : VPS:IOCStatusInfo.WakeUpReason->0 
09-07 14:27:24.467   532   568 I VPS     : VPS:IOCStatusInfo.DerivedIgnitionStatus->0 
09-07 14:27:24.467   532   568 I VPS     : VPS:IOCStatusInfo.PowerModeState->4 
09-07 14:27:24.467   532   568 I VPS     : VPS:IOCStatusInfo.SOCShutdownRequest->0 
09-07 14:27:24.467   532   568 I VPS     : VPS:IOCStatusInfo.AntiTheftState->0 
09-07 14:27:24.467   532   568 I VPS     : VPS:IOCStatusInfo.BatteryConnect->0 
09-07 14:27:24.474   538   618 W ipcLib  : ipcLib: in ipc_lib. DV1 read called
09-07 14:27:24.483   512 12206 D HarmanHAL: StreamIn::getCapturePositionImpl
09-07 14:27:24.513   512 12206 D HarmanHAL: StreamIn::getCapturePositionImpl
09-07 14:27:24.517  2584 10896 W vCard   : Property name unsupported by vCard 2.1: N
09-07 14:27:24.543   512 12206 D HarmanHAL: StreamIn::getCapturePositionImpl
09-07 14:27:24.550   536   612 E pathology: [ProcessCrashHandler:: parseTombstoneFileName]string not found
09-07 14:27:24.551   536   612 E pathology: [ProcessCrashHandler:: parseTombstoneFileName]string not found
09-07 14:27:24.584   512 12206 D HarmanHAL: StreamIn::getCapturePositionImpl
09-07 14:27:24.610  2584 10896 W vCard   : Property name unsupported by vCard 2.1: N
09-07 14:27:24.613   512 12206 D HarmanHAL: StreamIn::getCapturePositionImpl
09-07 14:27:24.627 12634 12634 I top     : type=1400 audit(0.0:2272): avc: denied { sys_ptrace } for capability=19 scontext=u:r:pathologyd:s0 tcontext=u:r:pathologyd:s0 tclass=capability permissive=1
09-07 14:27:24.644   512 12206 D HarmanHAL: StreamIn::getCapturePositionImpl
09-07 14:27:24.647 12634 12634 I top     : type=1400 audit(0.0:2273): avc: denied { sys_ptrace } for capability=19 scontext=u:r:pathologyd:s0 tcontext=u:r:pathologyd:s0 tclass=capability permissive=1
09-07 14:27:24.674   512 12206 D HarmanHAL: StreamIn::getCapturePositionImpl
09-07 14:27:24.698  2584 10896 W vCard   : Property name unsupported by vCard 2.1: N
09-07 14:27:24.703   512 12206 D HarmanHAL: StreamIn::getCapturePositionImpl
09-07 14:27:24.736   537   722 I TunerCommon: CTunerTimer::startTimer: altMsecTimeout = 15000
09-07 14:27:24.736   537   711 W TunerCommon: EventThd::run:deliverEvent: OK
09-07 14:27:24.744   512 12206 D HarmanHAL: StreamIn::getCapturePositionImpl
09-07 14:27:24.773  2584 10896 W vCard   : Property name unsupported by vCard 2.1: N
09-07 14:27:24.773   512 12206 D HarmanHAL: StreamIn::getCapturePositionImpl
09-07 14:27:24.803   512 12206 I chatty  : uid=1041(audioserver) reader identical 23 lines
09-07 14:27:24.853  2584 10896 W vCard   : Property name unsupported by vCard 2.1: N
09-07 14:27:24.942  2584 10896 W vCard   : Property name unsupported by vCard 2.1: N
09-07 14:27:25.007   536   536 I vendor.harman.p: type=1400 audit(0.0:2274): avc: denied { write } for name="2" dev="dm-4" ino=49241 scontext=u:r:pathologyd:s0 tcontext=u:object_r:vendor_data_file:s0 tclass=dir permissive=1
09-07 14:27:25.007   536   536 I vendor.harman.p: type=1400 audit(0.0:2275): avc: denied { add_name } for name="PROCCRASH_PF_1631024844.lz4" scontext=u:r:pathologyd:s0 tcontext=u:object_r:vendor_data_file:s0 tclass=dir permissive=1
09-07 14:27:25.018  2584 10896 W vCard   : Property name unsupported by vCard 2.1: N
09-07 14:27:25.080  2584 10896 W vCard   : Property name unsupported by vCard 2.1: N
09-07 14:27:25.172  2584 10896 W vCard   : Property name unsupported by vCard 2.1: N
09-07 14:27:25.245  2584 10896 W vCard   : Property name unsupported by vCard 2.1: N
09-07 14:27:25.281   512  3972 I chatty  : uid=1041(audioserver) writer expire 1 line
09-07 14:27:25.315  2584 10896 W vCard   : Property name unsupported by vCard 2.1: N
09-07 14:27:25.373  2584 10896 W vCard   : Property name unsupported by vCard 2.1: N
09-07 14:27:25.439   345   345 I Binder:345_2: type=1400 audit(0.0:2276): avc: denied { call } for scontext=u:r:carwatchdogd:s0 tcontext=u:r:hal_audio_default:s0 tclass=binder permissive=1
09-07 14:27:25.446   512   512 I chatty  : uid=1041(audioserver) Binder:512_2 expire 5 lines
09-07 14:27:25.449  2584 10896 W vCard   : Property name unsupported by vCard 2.1: N
09-07 14:27:25.474   512 12206 I chatty  : uid=1041(audioserver) reader expire 88 lines
09-07 14:27:25.474   538   618 W ipcLib  : ipcLib: in ipc_lib. DV1 read called
09-07 14:27:25.529  2584 10896 W vCard   : Property name unsupported by vCard 2.1: N
09-07 14:27:25.615  2584 10896 W vCard   : Property name unsupported by vCard 2.1: N
09-07 14:27:25.623  1033  1175 E ActivityManager: Sending non-protected broadcast com.redbend.client.SET_ALARM from system uid 1000 pkg com.harman.softwareUpdate
09-07 14:27:25.623  1033  1175 E ActivityManager: java.lang.Throwable
09-07 14:27:25.623  1033  1175 E ActivityManager: 	at com.android.server.am.ActivityManagerService.checkBroadcastFromSystem(ActivityManagerService.java:15914)
09-07 14:27:25.623  1033  1175 E ActivityManager: 	at com.android.server.am.ActivityManagerService.broadcastIntentLocked(ActivityManagerService.java:16585)
09-07 14:27:25.623  1033  1175 E ActivityManager: 	at com.android.server.am.ActivityManagerService.broadcastIntentInPackage(ActivityManagerService.java:16764)
09-07 14:27:25.623  1033  1175 E ActivityManager: 	at com.android.server.am.ActivityManagerService$LocalService.broadcastIntentInPackage(ActivityManagerService.java:19425)
09-07 14:27:25.623  1033  1175 E ActivityManager: 	at com.android.server.am.PendingIntentRecord.sendInner(PendingIntentRecord.java:442)
09-07 14:27:25.623  1033  1175 E ActivityManager: 	at com.android.server.am.PendingIntentRecord.sendWithResult(PendingIntentRecord.java:285)
09-07 14:27:25.623  1033  1175 E ActivityManager: 	at com.android.server.am.ActivityManagerService.sendIntentSender(ActivityManagerService.java:5732)
09-07 14:27:25.623  1033  1175 E ActivityManager: 	at android.app.PendingIntent.sendAndReturnResult(PendingIntent.java:913)
09-07 14:27:25.623  1033  1175 E ActivityManager: 	at android.app.PendingIntent.send(PendingIntent.java:884)
09-07 14:27:25.623  1033  1175 E ActivityManager: 	at com.android.server.AlarmManagerService$DeliveryTracker.deliverLocked(AlarmManagerService.java:4733)
09-07 14:27:25.623  1033  1175 E ActivityManager: 	at com.android.server.AlarmManagerService.deliverAlarmsLocked(AlarmManagerService.java:3868)
09-07 14:27:25.623  1033  1175 E ActivityManager: 	at com.android.server.AlarmManagerService$AlarmThread.run(AlarmManagerService.java:4112)
09-07 14:27:25.624  1986  3683 I chatty  : uid=1000(system) Thread-5 expire 73 lines
09-07 14:27:25.627  1033  1064 I DropBoxManagerService: add tag=system_server_wtf isTagEnabled=true flags=0x2
09-07 14:27:25.635  1986  1986 I chatty  : uid=1000(system) com.harman.softwareUpdate expire 5 lines
09-07 14:27:25.636  1986  3683 V vDM (Thread-5): /src/vdm_smm_event.c.   96: [SMM] Event name=B2B_MSG_SCOMO_UPDATE_NETWORK_TYPE, variables:
09-07 14:27:25.636  1986  3683 V vDM (Thread-5): /src/vdm_smm_event.c.  117: [SMM] str variable(#1): INSTANCE_VAR=LAWMO_SESSION_KEY
09-07 14:27:25.636  1986  3683 V vDM (Thread-5): /src/vdm_smm_event.c.  121: [SMM] End event: B2B_MSG_SCOMO_UPDATE_NETWORK_TYPE
09-07 14:27:25.636  1986  3683 V vDM (Thread-5): src/vdm_smm_static.c. 1109: [SMM] ACP_PROXY: ACP_PROXY_Idle -> ACP_PROXY_I_setState
09-07 14:27:25.636  1986  3683 D vDM (Thread-5): al_comm_bl_actions.c.   33: [DMC] DMA_Redbend_COMM_setNetworkStatus: Updating proxy communication type to 0, 
09-07 14:27:25.636  1986  3683 V vDM (Thread-5): src/vdm_smm_static.c.  905: [SMM] Posting Event B2B_MSG_SCOMO_NETWORK_TYPE_UPDATED sent from 'ACP_PROXY'
09-07 14:27:25.636  1986  3683 V vDM (Thread-5): src/vdm_smm_static.c. 1109: [SMM] ACP_PROXY: ACP_PROXY_I_setState -> ACP_PROXY_Idle
09-07 14:27:25.636  1986  3683 V vDM (Thread-5): src/vdm_smm_static.c. 1367: [SMM] --------- Finished handling SM event B2B_MSG_SCOMO_UPDATE_NETWORK_TYPE -----------
09-07 14:27:25.636  1986  3683 V vDM (Thread-5): src/vdm_smm_static.c. 1346: [SMM] received Event B2B_MSG_SCOMO_NETWORK_TYPE_UPDATED
09-07 14:27:25.636  1986  3683 V vDM (Thread-5): /src/vdm_smm_event.c.   96: [SMM] Event name=B2B_MSG_SCOMO_NETWORK_TYPE_UPDATED, variables:
09-07 14:27:25.636  1986  1986 I swupdate: BasicService: Alarm ID 1 expired
09-07 14:27:25.637  1986  3683 V vDM (Thread-5): /src/vdm_smm_event.c.  108: [SMM] uint variable(#1): DMA_VAR_STS_ACTIVE_NETWORK_TYPE=0
09-07 14:27:25.637  1986  3683 V vDM (Thread-5): /src/vdm_smm_event.c.  121: [SMM] End event: B2B_MSG_SCOMO_NETWORK_TYPE_UPDATED
09-07 14:27:25.637  1986  3683 V vDM (Thread-5): src/vdm_smm_static.c. 1104: [SMM] SCOMO_SWM[LAWMO_SESSION_KEY]: SCOMO_waitNetworkTypeUpdate -> SCOMO_I_checkProxy
09-07 14:27:25.637  1986  3683 V vDM (Thread-5): src/vdm_smm_static.c. 1104: [SMM] SCOMO_SWM[LAWMO_SESSION_KEY]: SCOMO_I_checkProxy -> SCOMO_I_report
09-07 14:27:25.637  1986  3683 V vDM (Thread-5): src/vdm_smm_static.c. 1104: [SMM] SCOMO_SWM[LAWMO_SESSION_KEY]: SCOMO_I_report -> SCOMO_I_shouldStartRetryMechanism
09-07 14:27:25.638  1986  3683 V vDM (Thread-5): src/vdm_smm_static.c. 1104: [SMM] SCOMO_SWM[LAWMO_SESSION_KEY]: SCOMO_I_shouldStartRetryMechanism -> SCOMO_I_setupRetryReport
09-07 14:27:25.638  1986  3683 V vDM (Thread-5): src/vdm_smm_static.c.  905: [SMM] Posting Event B2B_REPORT_RETRY sent from 'SCOMO_SWM'
09-07 14:27:25.638  1986  3683 V vDM (Thread-5): src/vdm_smm_static.c. 1104: [SMM] SCOMO_SWM[LAWMO_SESSION_KEY]: SCOMO_I_setupRetryReport -> SCOMO_I_checkRetryTimeout
09-07 14:27:25.638  1986  3683 V vDM (Thread-5): ies_common_actions.c.   83: [DMC] DMA_redbend_shouldRetry inCounter:2, inRetryMaxCount: 3, inRetryMaxTimeSec: 259200, inFirstRetryTime:1631024755
09-07 14:27:25.638  1986  3683 V vDM (Thread-5): src/vdm_smm_static.c.  809: [SMM] curr time 2021-09-07 14:27:25
09-07 14:27:25.638  1986  3683 V vDM (Thread-5): src/vdm_smm_static.c.  810: [SMM] SM: SCOMO_SWM Timeout configured for 2021-09-07 14:31:26
09-07 14:27:25.638  1986  3683 V vDM (Thread-5): src/vdm_smm_static.c. 1104: [SMM] SCOMO_SWM[LAWMO_SESSION_KEY]: SCOMO_I_checkRetryTimeout -> SCOMO_reportWaitForRetry
09-07 14:27:25.638  1986  3683 V vDM (Thread-5): src/vdm_smm_static.c. 1367: [SMM] --------- Finished handling SM event B2B_MSG_SCOMO_NETWORK_TYPE_UPDATED -----------
09-07 14:27:25.638  1986  3683 V vDM (Thread-5): src/vdm_smm_static.c. 1346: [SMM] received Event B2B_REPORT_RETRY
09-07 14:27:25.638  1986  3683 V vDM (Thread-5): /src/vdm_smm_event.c.   96: [SMM] Event name=B2B_REPORT_RETRY, variables:
09-07 14:27:25.638  1986  3683 V vDM (Thread-5): /src/vdm_smm_event.c.  117: [SMM] str variable(#1): INSTANCE_VAR=LAWMO_SESSION_KEY
09-07 14:27:25.638  1986  3683 V vDM (Thread-5): /src/vdm_smm_event.c.  121: [SMM] End event: B2B_REPORT_RETRY
09-07 14:27:25.638  1986  3683 V vDM (Thread-5): src/vdm_smm_static.c. 1372: [SMM] Nobody is interested in SM event B2B_REPORT_RETRY sent from 'NA'
09-07 14:27:25.638  1986  3683 V vDM (Thread-5): utl_persistentdata.c. 1026: [Util] ps_save: typeCryptInfo=0x0, typeCryptInfo->encrypt=0x0
09-07 14:27:25.638  1986  3683 V vDM (Thread-5): utl_persistentdata.c. 1042: [Util] saving to persistent storage file: /cache/swdl/reg.conf
09-07 14:27:25.646  1986  3683 V vDM (Thread-5): utl_persistentdata.c. 1149: [Util] -ps_save
09-07 14:27:25.646  1986  3683 V vDM (Thread-5): src/vdm_smm_static.c.  786: [SMM] Timeout will be at 2021-09-07 14:29:04 for SM: SCOMO_SWM_DEVINIT
09-07 14:27:25.646  1986  3683 I swupdate: BasicService: Setting Alarm ID 1 for Tue Sep 07 14:29:04 GMT 2021
09-07 14:27:25.647  1986  3683 I vDM (Thread-5): android/vdm_smm_pl.c.  123: [SMM] RELEASE WakeLock smm(1)
09-07 14:27:25.692  2584 10896 W vCard   : Property name unsupported by vCard 2.1: N
09-07 14:27:25.770  2584 10896 W vCard   : Property name unsupported by vCard 2.1: N
09-07 14:27:25.892  2584 10896 W vCard   : Property name unsupported by vCard 2.1: N
09-07 14:27:25.973  2584 10896 W vCard   : Property name unsupported by vCard 2.1: N
09-07 14:27:26.055  2584 10896 W vCard   : Property name unsupported by vCard 2.1: N
09-07 14:27:26.139  2584 10896 W vCard   : Property name unsupported by vCard 2.1: N
09-07 14:27:26.211  2584 10896 W vCard   : Property name unsupported by vCard 2.1: N
09-07 14:27:26.280   512  3972 I chatty  : uid=1041(audioserver) writer expire 3 lines
09-07 14:27:26.294  2584 10896 W vCard   : Property name unsupported by vCard 2.1: N
09-07 14:27:26.383  2584 10896 W vCard   : Property name unsupported by vCard 2.1: N
09-07 14:27:26.441  2584 10896 W vCard   : Property name unsupported by vCard 2.1: N
09-07 14:27:26.474   538   618 W ipcLib  : ipcLib: in ipc_lib. DV1 read called
09-07 14:27:26.542  2584 10896 W vCard   : Property name unsupported by vCard 2.1: N
09-07 14:27:26.566   532   569 W ipcLib  : ipcLib: in ipc_lib. DV1 read called
09-07 14:27:26.566   532   568 I VPS     : VPS:IOCStatusInfo.VoltageStatus->0 
09-07 14:27:26.566   532   568 I VPS     : VPS:IOCStatusInfo.IOCStatusCmd->a6 
09-07 14:27:26.566   532   568 I VPS     : VPS:IOCStatusInfo.WakeUpReason->0 
09-07 14:27:26.566   532   568 I VPS     : VPS:IOCStatusInfo.DerivedIgnitionStatus->0 
09-07 14:27:26.566   532   568 I VPS     : VPS:IOCStatusInfo.PowerModeState->4 
09-07 14:27:26.567   532   568 I VPS     : VPS:IOCStatusInfo.SOCShutdownRequest->0 
09-07 14:27:26.567   532   568 I VPS     : VPS:IOCStatusInfo.AntiTheftState->0 
09-07 14:27:26.567   532   568 I VPS     : VPS:IOCStatusInfo.BatteryConnect->0 
09-07 14:27:26.606  2584 10896 W vCard   : Property name unsupported by vCard 2.1: N
09-07 14:27:26.666  2584 10896 W vCard   : Property name unsupported by vCard 2.1: N
09-07 14:27:26.749  2584 10896 W vCard   : Property name unsupported by vCard 2.1: N
09-07 14:27:26.833  2584 10896 W vCard   : Property name unsupported by vCard 2.1: N
09-07 14:27:26.906  2584 10896 W vCard   : Property name unsupported by vCard 2.1: N
09-07 14:27:26.988  2584 10896 W vCard   : Property name unsupported by vCard 2.1: N
09-07 14:27:27.068  2584 10896 W vCard   : Property name unsupported by vCard 2.1: N
09-07 14:27:27.171  2584 10896 W vCard   : Property name unsupported by vCard 2.1: N
09-07 14:27:27.257  2584 10896 W vCard   : Property name unsupported by vCard 2.1: N
09-07 14:27:27.338  2584 10896 W vCard   : Property name unsupported by vCard 2.1: N
09-07 14:27:27.413  2584 10896 W vCard   : Property name unsupported by vCard 2.1: N
09-07 14:27:27.474   538   618 W ipcLib  : ipcLib: in ipc_lib. DV1 read called
09-07 14:27:27.488  2584 10896 W vCard   : Property name unsupported by vCard 2.1: N
09-07 14:27:27.581  2584 10896 W vCard   : Property name unsupported by vCard 2.1: N
09-07 14:27:27.695  2584 10896 W vCard   : Property name unsupported by vCard 2.1: N
09-07 14:27:27.755  2584 10896 W vCard   : Property name unsupported by vCard 2.1: N
09-07 14:27:27.828  2584 10896 W vCard   : Property name unsupported by vCard 2.1: N
09-07 14:27:27.921  2584 10896 W vCard   : Property name unsupported by vCard 2.1: N
09-07 14:27:27.979  2584 10896 W vCard   : Property name unsupported by vCard 2.1: N
09-07 14:27:28.036  2584 10896 W vCard   : Property name unsupported by vCard 2.1: N
09-07 14:27:28.115  2584 10896 W vCard   : Property name unsupported by vCard 2.1: N
09-07 14:27:28.190  2584 10896 W vCard   : Property name unsupported by vCard 2.1: N
09-07 14:27:28.223   512 12206 I chatty  : uid=1041(audioserver) reader expire 36 lines
09-07 14:27:28.275  2584 10896 W vCard   : Property name unsupported by vCard 2.1: N
09-07 14:27:28.354  2584 10896 W vCard   : Property name unsupported by vCard 2.1: N
09-07 14:27:28.474   538   618 W ipcLib  : ipcLib: in ipc_lib. DV1 read called
09-07 14:27:28.477  2584 10896 W vCard   : Property name unsupported by vCard 2.1: N
09-07 14:27:28.564  2584 10896 W vCard   : Property name unsupported by vCard 2.1: N
09-07 14:27:28.653  2584 10896 W vCard   : Property name unsupported by vCard 2.1: N
09-07 14:27:28.666   532   569 W ipcLib  : ipcLib: in ipc_lib. DV1 read called
09-07 14:27:28.667   532   568 I VPS     : VPS:IOCStatusInfo.VoltageStatus->0 
09-07 14:27:28.667   532   568 I VPS     : VPS:IOCStatusInfo.IOCStatusCmd->a6 
09-07 14:27:28.667   532   568 I VPS     : VPS:IOCStatusInfo.WakeUpReason->0 
09-07 14:27:28.667   532   568 I VPS     : VPS:IOCStatusInfo.DerivedIgnitionStatus->0 
09-07 14:27:28.667   532   568 I VPS     : VPS:IOCStatusInfo.PowerModeState->4 
09-07 14:27:28.667   532   568 I VPS     : VPS:IOCStatusInfo.SOCShutdownRequest->0 
09-07 14:27:28.667   532   568 I VPS     : VPS:IOCStatusInfo.AntiTheftState->0 
09-07 14:27:28.667   532   568 I VPS     : VPS:IOCStatusInfo.BatteryConnect->0 
09-07 14:27:28.749  2584 10896 W vCard   : Property name unsupported by vCard 2.1: N
09-07 14:27:28.809  2584 10896 W vCard   : Property name unsupported by vCard 2.1: N
09-07 14:27:28.889 12637 12637 I qccsyshalservice: Start with system binder
09-07 14:27:28.889 12637 12637 I qccsyshalservice: Registering qccsyshal service...
09-07 14:27:28.890   376   376 I hwservicemanager: getTransport: Cannot find entry vendor.qti.hardware.qccsyshal@1.0::IQccsyshal/qccsyshal in either framework or device manifest.
09-07 14:27:28.891  2584 10896 W vCard   : Property name unsupported by vCard 2.1: N
09-07 14:27:28.891 12637 12637 E HidlServiceManagement: Service vendor.qti.hardware.qccsyshal@1.0::IQccsyshal/qccsyshal must be in VINTF manifest in order to register/get.
09-07 14:27:28.892 12637 12637 E qccsyshalservice: [ERROR] registerAsService() failed with status: -2147483648
09-07 14:27:28.923   376   376 I hwservicemanager: getTransport: Cannot find entry android.hardware.sensors@1.0::ISensors/default in either framework or device manifest.
09-07 14:27:28.926 12638 12638 E android.hardware.sensors@1.0-service: Couldn't load sensors module (Unknown error -2147483648)
09-07 14:27:28.926 12638 12638 D RefBase : RefBase: Explicit destruction, weak count = 0 (in 0xb400007a6fbd39f8)
09-07 14:27:28.926 12638 12638 W RefBase : CallStack::getCurrentInternal not linked, returning null
09-07 14:27:28.926 12638 12638 W RefBase : CallStack::logStackInternal not linked
09-07 14:27:28.927 12638 12638 E LegacySupport: Could not get passthrough implementation for android.hardware.sensors@1.0::ISensors/default.
09-07 14:27:28.935 12639 12639 I vendor.harman.L: type=1400 audit(0.0:2290): avc: denied { read } for name="u:object_r:hwservicemanager_prop:s0" dev="tmpfs" ino=24519 scontext=u:r:logmanagerd:s0 tcontext=u:object_r:hwservicemanager_prop:s0 tclass=file permissive=1
09-07 14:27:28.935 12639 12639 I vendor.harman.L: type=1400 audit(0.0:2291): avc: denied { open } for path="/dev/__properties__/u:object_r:hwservicemanager_prop:s0" dev="tmpfs" ino=24519 scontext=u:r:logmanagerd:s0 tcontext=u:object_r:hwservicemanager_prop:s0 tclass=file permissive=1
09-07 14:27:28.935 12639 12639 I vendor.harman.L: type=1400 audit(0.0:2292): avc: denied { getattr } for path="/dev/__properties__/u:object_r:hwservicemanager_prop:s0" dev="tmpfs" ino=24519 scontext=u:r:logmanagerd:s0 tcontext=u:object_r:hwservicemanager_prop:s0 tclass=file permissive=1
09-07 14:27:28.935 12639 12639 I vendor.harman.L: type=1400 audit(0.0:2293): avc: denied { map } for path="/dev/__properties__/u:object_r:hwservicemanager_prop:s0" dev="tmpfs" ino=24519 scontext=u:r:logmanagerd:s0 tcontext=u:object_r:hwservicemanager_prop:s0 tclass=file permissive=1
09-07 14:27:28.938 12639 12639 D LOGMANAGER: LOGMANAGER HAL service init() start
09-07 14:27:28.938 12639 12639 D LOGMANAGER: Logmanager configured rpcthreadpool
09-07 14:27:28.939 12639 12639 I vendor.harman.L: type=1400 audit(0.0:2294): avc: denied { dac_read_search } for capability=2 scontext=u:r:logmanagerd:s0 tcontext=u:r:logmanagerd:s0 tclass=capability permissive=1
09-07 14:27:28.941 12639 12639 I HidlServiceManagement: Registered vendor.harman.hardware.LogManager@1.0::ILogManager/default
09-07 14:27:28.941 12639 12639 D LOGMANAGER: Logmanager HAL Service is registered and ready
09-07 14:27:28.941 12639 12639 I LOGMANAGER: ThreadPoolWrapper::initThreadPool
09-07 14:27:28.941 12639 12639 I LOGMANAGER: ThreadPoolWrapper : exit
09-07 14:27:28.941 12639 12639 D LOGMANAGER: Logmanager threadpoolwrapper created
09-07 14:27:28.941 12639 12639 D LOGMANAGER: User argument is -c
09-07 14:27:28.941 12639 12640 I LOGMANAGER: ThreadPoolWrapper:  enter the joinRpcThreadpool()
09-07 14:27:28.942 12639 12639 I LOGMANAGER: LogmanagerConfig is configured under config file
09-07 14:27:28.942 12639 12639 I LOGMANAGER: LoggingLevel is : 4
09-07 14:27:28.942 12639 12639 I LOGMANAGER: LogEnableState is : 0
09-07 14:27:28.942 12639 12639 I LOGMANAGER: OutputPluginConfiguration PluginType : LOGWRITTER
09-07 14:27:28.942 12639 12639 I LOGMANAGER: LM_OutputConfiguration : 1
09-07 14:27:28.942 12639 12639 I LOGMANAGER: LM_OfflineTraceDirectory : /data/cache
09-07 14:27:28.942 12639 12639 I LOGMANAGER: LM_OfflineTraceFILESize : 1000000
09-07 14:27:28.942 12639 12639 I LOGMANAGER: LM_OfflineTotalFILESSize : 20000000
09-07 14:27:28.942 12639 12639 I LOGMANAGER: LM_FileNameTimeStampBased : 0
09-07 14:27:28.942 12639 12639 I LOGMANAGER: Got IOC plugin
09-07 14:27:28.942 12639 12639 I LOGMANAGER: IOCIPCChannelNumber :6
09-07 14:27:28.942 12639 12639 I LOGMANAGER: keyseq: HOME + VOLUMEDOWN  for domain is AudioDump
09-07 14:27:28.942 12639 12639 I LOGMANAGER: keyseq: HOME + VOLUMEUP  for domain is HCIDump
09-07 14:27:28.942 12639 12639 I LOGMANAGER: Domains parsing is done
09-07 14:27:28.947 12639 12639 E LOGMANAGER: Failed to load plugin /vendor/lib64/libIOCDLogReader.so with error code dlopen failed: library "/vendor/lib64/libIOCDLogReader.so" not found 
09-07 14:27:28.947 12639 12639 F libc    : Fatal signal 11 (SIGSEGV), code 1 (SEGV_MAPERR), fault addr 0x0 in tid 12639 (vendor.harman.L), pid 12639 (vendor.harman.L)
09-07 14:27:28.968  2584 10896 W vCard   : Property name unsupported by vCard 2.1: N
09-07 14:27:28.973 12643 12643 I crash_dump64: obtaining output fd from tombstoned, type: kDebuggerdTombstone
09-07 14:27:28.974   463   463 I tombstoned: received crash request for pid 12639
09-07 14:27:28.975 12643 12643 I crash_dump64: performing dump of process 12639 (target tid = 12639)
09-07 14:27:28.978 12643 12643 F DEBUG   : *** *** *** *** *** *** *** *** *** *** *** *** *** *** *** ***
09-07 14:27:28.978 12643 12643 F DEBUG   : Build fingerprint: 'qti/titan_tml_b2/titan_tml_b2:11/RQ3A.210605.005/eng.ksong.20210907.134230:userdebug/test-keys'
09-07 14:27:28.978 12643 12643 F DEBUG   : Revision: '0'
09-07 14:27:28.978 12643 12643 F DEBUG   : ABI: 'arm64'
09-07 14:27:28.979 12643 12643 F DEBUG   : Timestamp: 2021-09-07 14:27:28+0000
09-07 14:27:28.979 12643 12643 F DEBUG   : pid: 12639, tid: 12639, name: vendor.harman.L  >>> /vendor/bin/hw/vendor.harman.LogManager@1.0-service <<<
09-07 14:27:28.979 12643 12643 F DEBUG   : uid: 0
09-07 14:27:28.980 12643 12643 F DEBUG   : signal 11 (SIGSEGV), code 1 (SEGV_MAPERR), fault addr 0x0
09-07 14:27:28.980 12643 12643 F DEBUG   : Cause: null pointer dereference
09-07 14:27:28.980 12643 12643 F DEBUG   :     x0  0000000000000000  x1  0000000000000000  x2  0000000000080001  x3  0000000000000000
09-07 14:27:28.980 12643 12643 F DEBUG   :     x4  0000000000000000  x5  0000000000000090  x6  fefefefefefefeff  x7  7f7f7f7f7f7f7f7f
09-07 14:27:28.980 12643 12643 F DEBUG   :     x8  0101010101010101  x9  f2352084a570b353  x10 0000007fc46f2ce8  x11 fffffffffffffffd
09-07 14:27:28.980 12643 12643 F DEBUG   :     x12 0000007fc46f2e70  x13 000000000000008e  x14 0038444bcd493000  x15 0000000034155555
09-07 14:27:28.980 12643 12643 F DEBUG   :     x16 0000006354c547e0  x17 0000007a0f7abb30  x18 0000007a1085c000  x19 0000000000000000
09-07 14:27:28.980 12643 12643 F DEBUG   :     x20 0000007a0fdafc50  x21 0000007fc46f3589  x22 b40000790f5dfbd8  x23 0000007fc46f35a8
09-07 14:27:28.981 12643 12643 F DEBUG   :     x24 0000000000000000  x25 0000007a1024f000  x26 0000007fc46f3589  x27 0000007fc46f3559
09-07 14:27:28.981 12643 12643 F DEBUG   :     x28 0000000000000000  x29 0000007fc46f3490
09-07 14:27:28.981 12643 12643 F DEBUG   :     lr  0000006354c4b048  sp  0000007fc46f3490  pc  0000007a0f7abb40  pst 0000000080000000
09-07 14:27:28.984 12643 12643 F DEBUG   : backtrace:
09-07 14:27:28.985 12643 12643 F DEBUG   :       #00 pc 000000000004ab40  /apex/com.android.runtime/lib64/bionic/libc.so (strlen_default+16) (BuildId: 2b7c6e33413ac7278a15dfc3ea383089)
09-07 14:27:28.985 12643 12643 F DEBUG   :       #01 pc 0000000000009044  /vendor/bin/hw/vendor.harman.LogManager@1.0-service (BuildId: 3e966ab64050b441b920ba0e8960d123)
09-07 14:27:28.985 12643 12643 F DEBUG   :       #02 pc 0000000000008df0  /vendor/bin/hw/vendor.harman.LogManager@1.0-service (LM::LogManagerImpl::load_plugin_conf(void*, std::__1::basic_string<char, std::__1::char_traits<char>, std::__1::allocator<char> >, std::__1::multimap<std::__1::basic_string<char, std::__1::char_traits<char>, std::__1::allocator<char> >, int, std::__1::less<std::__1::basic_string<char, std::__1::char_traits<char>, std::__1::allocator<char> > >, std::__1::allocator<std::__1::pair<std::__1::basic_string<char, std::__1::char_traits<char>, std::__1::allocator<char> > const, int> > >&)+752) (BuildId: 3e966ab64050b441b920ba0e8960d123)
09-07 14:27:28.985 12643 12643 F DEBUG   :       #03 pc 00000000000088c0  /vendor/bin/hw/vendor.harman.LogManager@1.0-service (LM::LogManagerImpl::loadplugins()+436) (BuildId: 3e966ab64050b441b920ba0e8960d123)
09-07 14:27:28.985 12643 12643 F DEBUG   :       #04 pc 0000000000007af8  /vendor/bin/hw/vendor.harman.LogManager@1.0-service (main+1112) (BuildId: 3e966ab64050b441b920ba0e8960d123)
09-07 14:27:28.985 12643 12643 F DEBUG   :       #05 pc 000000000004988c  /apex/com.android.runtime/lib64/bionic/libc.so (__libc_init+108) (BuildId: 2b7c6e33413ac7278a15dfc3ea383089)
09-07 14:27:29.000   532   569 I VPS     : VPS:VehiclePlatformSOCHeartBeatHandler IVI HeartBeat sent successfully SOCHeartBeatInfo.SOCStatus->2
09-07 14:27:29.000   532   569 W ipcLib  : ipcLib: in ipc_lib. DV1 write called
09-07 14:27:29.003   532   569 W ipcLib  : ipcLib: in ipc_lib. DV1 read called
01-01 00:02:32.007     0     0 D logd    : logdr: UID=0 GID=1000 PID=12643 n tail=50 logMask=1 pid=12639 start=0ns timeout=0ns
01-01 00:02:32.030     0     0 D logd    : logdr: UID=0 GID=1000 PID=12643 n tail=0 logMask=8 pid=12639 start=0ns timeout=0ns
01-01 00:02:32.038     0     0 D logd    : logdr: UID=0 GID=1000 PID=12643 n tail=0 logMask=1 pid=12639 start=0ns timeout=0ns
01-01 00:02:32.050     0     0 I init    : Untracked pid 12643 exited with status 0
01-01 00:02:33.634     0     0 W audit   : audit_lost=930 audit_rate_limit=5 audit_backlog_limit=64
01-01 00:02:33.634     0     0 E audit   : rate limit exceeded
09-07 14:27:29.049  2584 10896 W vCard   : Property name unsupported by vCard 2.1: N
09-07 14:27:29.058  1033  1270 W NativeCrashListener: Couldn't find ProcessRecord for pid 12639
09-07 14:27:29.058 12643 12643 E crash_dump64: AM data write failed: Broken pipe
09-07 14:27:29.059   463   463 E tombstoned: Tombstone written to: /data/tombstones/tombstone_46
09-07 14:27:29.066  1033  1095 I BootReceiver: Copying /data/tombstones/tombstone_46 to DropBox (SYSTEM_TOMBSTONE)
09-07 14:27:29.068  1033  1095 I DropBoxManagerService: add tag=SYSTEM_TOMBSTONE isTagEnabled=true flags=0x2
09-07 14:27:29.132  2584 10896 W vCard   : Property name unsupported by vCard 2.1: N
09-07 14:27:29.208  2584 10896 W vCard   : Property name unsupported by vCard 2.1: N
09-07 14:27:29.280   512  3972 I chatty  : uid=1041(audioserver) writer expire 1 line
09-07 14:27:29.287  2584 10896 W vCard   : Property name unsupported by vCard 2.1: N
09-07 14:27:29.343   512 12206 I chatty  : uid=1041(audioserver) reader expire 23 lines
09-07 14:27:29.368  2584 10896 W vCard   : Property name unsupported by vCard 2.1: N
09-07 14:27:29.447  2584 10896 W vCard   : Property name unsupported by vCard 2.1: N
09-07 14:27:29.474   538   618 W ipcLib  : ipcLib: in ipc_lib. DV1 read called
09-07 14:27:29.559  2584 10896 W vCard   : Property name unsupported by vCard 2.1: N
09-07 14:27:29.561   536   612 E pathology: [ProcessCrashHandler:: parseTombstoneFileName]string not found
09-07 14:27:29.562   536   612 I chatty  : uid=0(root) vendor.harman.p identical 4 lines
09-07 14:27:29.562   536   612 E pathology: [ProcessCrashHandler:: parseTombstoneFileName]string not found
09-07 14:27:29.644  2584 10896 W vCard   : Property name unsupported by vCard 2.1: N
09-07 14:27:29.731  2584 10896 W vCard   : Property name unsupported by vCard 2.1: N
09-07 14:27:29.809  2584 10896 W vCard   : Property name unsupported by vCard 2.1: N
09-07 14:27:29.872  2584 10896 W vCard   : Property name unsupported by vCard 2.1: N
09-07 14:27:29.952  2584 10896 W vCard   : Property name unsupported by vCard 2.1: N
09-07 14:27:30.015   536   536 I vendor.harman.p: type=1400 audit(0.0:2319): avc: denied { write } for name="2" dev="dm-4" ino=49241 scontext=u:r:pathologyd:s0 tcontext=u:object_r:vendor_data_file:s0 tclass=dir permissive=1
09-07 14:27:30.015   536   536 I vendor.harman.p: type=1400 audit(0.0:2320): avc: denied { remove_name } for name="GPUMONITOR_PF_18.lz4" dev="dm-4" ino=49328 scontext=u:r:pathologyd:s0 tcontext=u:object_r:vendor_data_file:s0 tclass=dir permissive=1
09-07 14:27:30.015   536   536 I vendor.harman.p: type=1400 audit(0.0:2321): avc: denied { unlink } for name="GPUMONITOR_PF_18.lz4" dev="dm-4" ino=49328 scontext=u:r:pathologyd:s0 tcontext=u:object_r:vendor_data_file:s0 tclass=file permissive=1
09-07 14:27:30.015   536   536 I vendor.harman.p: type=1400 audit(0.0:2322): avc: denied { add_name } for name="PROCCRASH_PF_1631024849.lz4" scontext=u:r:pathologyd:s0 tcontext=u:object_r:vendor_data_file:s0 tclass=dir permissive=1
09-07 14:27:30.036  2584 10896 W vCard   : Property name unsupported by vCard 2.1: N
09-07 14:27:30.083   512 12206 D HarmanHAL: StreamIn::getCapturePositionImpl
09-07 14:27:30.113   512 12206 I HarmanHal.Routing: hacs alsa node(pcmTunerIn_c) adtm interval_min:30 ms, inverval_max:40 ms, inverval_mean:31 ms!
09-07 14:27:30.113   512 12206 I HarmanHal.Routing:  in printADTM() PcmAlsaWrapper.cpp:876
09-07 14:27:30.114   512 12206 D HarmanHAL: StreamIn::getCapturePositionImpl
09-07 14:27:30.114  2584 10896 W vCard   : Property name unsupported by vCard 2.1: N
09-07 14:27:30.144   512 12206 D HarmanHAL: StreamIn::getCapturePositionImpl
09-07 14:27:30.183   512 12206 D HarmanHAL: StreamIn::getCapturePositionImpl
09-07 14:27:30.193  2584 10896 W vCard   : Property name unsupported by vCard 2.1: N
09-07 14:27:30.213   512 12206 D HarmanHAL: StreamIn::getCapturePositionImpl
09-07 14:27:30.243   512 12206 D HarmanHAL: StreamIn::getCapturePositionImpl
09-07 14:27:30.259  2584 10896 W vCard   : Property name unsupported by vCard 2.1: N
09-07 14:27:30.273   512 12206 D HarmanHAL: StreamIn::getCapturePositionImpl
09-07 14:27:30.280   512  3972 I HarmanHal.Routing: hacs alsa node(pcmMedia_p) adtm interval_min:0 ms, inverval_max:11 ms, inverval_mean:8 ms!
09-07 14:27:30.280   512  3972 I HarmanHal.Routing:  in printADTM() PcmAlsaWrapper.cpp:876
09-07 14:27:30.304   512 12206 D HarmanHAL: StreamIn::getCapturePositionImpl
09-07 14:27:30.330  2584 10896 W vCard   : Property name unsupported by vCard 2.1: N
09-07 14:27:30.344   512 12206 D HarmanHAL: StreamIn::getCapturePositionImpl
09-07 14:27:30.373   512 12206 I chatty  : uid=1041(audioserver) reader identical 1 line
09-07 14:27:30.404   512 12206 D HarmanHAL: StreamIn::getCapturePositionImpl
09-07 14:27:30.409  2584 10896 W vCard   : Property name unsupported by vCard 2.1: N
09-07 14:27:30.434   512 12206 D HarmanHAL: StreamIn::getCapturePositionImpl
09-07 14:27:30.465   512 12206 D HarmanHAL: StreamIn::getCapturePositionImpl
09-07 14:27:30.474   538   618 W ipcLib  : ipcLib: in ipc_lib. DV1 read called
09-07 14:27:30.485  2584 10896 W vCard   : Property name unsupported by vCard 2.1: N
09-07 14:27:30.503   512 12206 D HarmanHAL: StreamIn::getCapturePositionImpl
09-07 14:27:30.533   512 12206 I chatty  : uid=1041(audioserver) reader identical 1 line
09-07 14:27:30.564   512 12206 D HarmanHAL: StreamIn::getCapturePositionImpl
09-07 14:27:30.566  2584 10896 W vCard   : Property name unsupported by vCard 2.1: N
09-07 14:27:30.593   512 12206 D HarmanHAL: StreamIn::getCapturePositionImpl
09-07 14:27:30.623   512 12206 D HarmanHAL: StreamIn::getCapturePositionImpl
09-07 14:27:30.639   536   536 I vendor.harman.p: type=1400 audit(0.0:2323): avc: denied { read } for name="2" dev="dm-4" ino=49241 scontext=u:r:pathologyd:s0 tcontext=u:object_r:vendor_data_file:s0 tclass=dir permissive=1
09-07 14:27:30.650  2584 10896 W vCard   : Property name unsupported by vCard 2.1: N
09-07 14:27:30.664   512 12206 D HarmanHAL: StreamIn::getCapturePositionImpl
09-07 14:27:30.693   512 12206 I chatty  : uid=1041(audioserver) reader identical 1 line
09-07 14:27:30.723   512 12206 D HarmanHAL: StreamIn::getCapturePositionImpl
09-07 14:27:30.745  2584 10896 W vCard   : Property name unsupported by vCard 2.1: N
09-07 14:27:30.753   512 12206 D HarmanHAL: StreamIn::getCapturePositionImpl
09-07 14:27:30.766   532   569 W ipcLib  : ipcLib: in ipc_lib. DV1 read called
09-07 14:27:30.766   532   568 I VPS     : VPS:IOCStatusInfo.VoltageStatus->0 
09-07 14:27:30.767   532   568 I VPS     : VPS:IOCStatusInfo.IOCStatusCmd->a6 
09-07 14:27:30.767   532   568 I VPS     : VPS:IOCStatusInfo.WakeUpReason->0 
09-07 14:27:30.767   532   568 I VPS     : VPS:IOCStatusInfo.DerivedIgnitionStatus->0 
09-07 14:27:30.767   532   568 I VPS     : VPS:IOCStatusInfo.PowerModeState->4 
09-07 14:27:30.767   532   568 I VPS     : VPS:IOCStatusInfo.SOCShutdownRequest->0 
09-07 14:27:30.767   532   568 I VPS     : VPS:IOCStatusInfo.AntiTheftState->0 
09-07 14:27:30.767   532   568 I VPS     : VPS:IOCStatusInfo.BatteryConnect->0 
09-07 14:27:30.783   512 12206 D HarmanHAL: StreamIn::getCapturePositionImpl
09-07 14:27:30.825   512 12206 D HarmanHAL: StreamIn::getCapturePositionImpl
09-07 14:27:30.849  2584 10896 W vCard   : Property name unsupported by vCard 2.1: N
09-07 14:27:30.854   512 12206 D HarmanHAL: StreamIn::getCapturePositionImpl
09-07 14:27:30.883   512 12206 I chatty  : uid=1041(audioserver) reader identical 1 line
09-07 14:27:30.914   512 12206 D HarmanHAL: StreamIn::getCapturePositionImpl
09-07 14:27:30.936  2584 10896 W vCard   : Property name unsupported by vCard 2.1: N
09-07 14:27:30.944   512 12206 D HarmanHAL: StreamIn::getCapturePositionImpl
09-07 14:27:30.984   512 12206 I chatty  : uid=1041(audioserver) reader identical 1 line
09-07 14:27:31.013   512 12206 D HarmanHAL: StreamIn::getCapturePositionImpl
09-07 14:27:31.019  2584 10896 W vCard   : Property name unsupported by vCard 2.1: N
09-07 14:27:31.043   512 12206 D HarmanHAL: StreamIn::getCapturePositionImpl
09-07 14:27:31.073   512 12206 D HarmanHAL: StreamIn::getCapturePositionImpl
09-07 14:27:31.079  2584 10896 W vCard   : Property name unsupported by vCard 2.1: N
09-07 14:27:31.103   512 12206 I HarmanHal.Routing: hacs alsa node(pcmTunerIn_c) adtm interval_min:28 ms, inverval_max:42 ms, inverval_mean:31 ms!
09-07 14:27:31.103   512 12206 I HarmanHal.Routing:  in printADTM() PcmAlsaWrapper.cpp:876
09-07 14:27:31.104   512 12206 D HarmanHAL: StreamIn::getCapturePositionImpl
09-07 14:27:31.143   512 12206 D HarmanHAL: StreamIn::getCapturePositionImpl
09-07 14:27:31.157  2584 10896 W vCard   : Property name unsupported by vCard 2.1: N
09-07 14:27:31.173   512 12206 D HarmanHAL: StreamIn::getCapturePositionImpl
09-07 14:27:31.203   512 12206 I chatty  : uid=1041(audioserver) reader identical 1 line
09-07 14:27:31.234   512 12206 D HarmanHAL: StreamIn::getCapturePositionImpl
09-07 14:27:31.240  2584 10896 W vCard   : Property name unsupported by vCard 2.1: N
09-07 14:27:31.263   512 12206 D HarmanHAL: StreamIn::getCapturePositionImpl
09-07 14:27:31.280   512  3972 I HarmanHal.Routing: hacs alsa node(pcmMedia_p) adtm interval_min:0 ms, inverval_max:11 ms, inverval_mean:8 ms!
09-07 14:27:31.280   512  3972 I HarmanHal.Routing:  in printADTM() PcmAlsaWrapper.cpp:876
09-07 14:27:31.303   512 12206 D HarmanHAL: StreamIn::getCapturePositionImpl
09-07 14:27:31.319  2584 10896 W vCard   : Property name unsupported by vCard 2.1: N
09-07 14:27:31.333   512 12206 D HarmanHAL: StreamIn::getCapturePositionImpl
09-07 14:27:31.363   512 12206 I chatty  : uid=1041(audioserver) reader identical 1 line
09-07 14:27:31.394   512 12206 D HarmanHAL: StreamIn::getCapturePositionImpl
09-07 14:27:31.397  2584 10896 W vCard   : Property name unsupported by vCard 2.1: N
09-07 14:27:31.423   512 12206 D HarmanHAL: StreamIn::getCapturePositionImpl
09-07 14:27:31.463   512 12206 D HarmanHAL: StreamIn::getCapturePositionImpl
09-07 14:27:31.474   538   618 W ipcLib  : ipcLib: in ipc_lib. DV1 read called
09-07 14:27:31.479  2584 10896 W vCard   : Property name unsupported by vCard 2.1: N
09-07 14:27:31.493   512 12206 D HarmanHAL: StreamIn::getCapturePositionImpl
09-07 14:27:31.523   512 12206 I chatty  : uid=1041(audioserver) reader identical 1 line
09-07 14:27:31.553   512 12206 D HarmanHAL: StreamIn::getCapturePositionImpl
09-07 14:27:31.563  2584 10896 W vCard   : Property name unsupported by vCard 2.1: N
09-07 14:27:31.584   512 12206 D HarmanHAL: StreamIn::getCapturePositionImpl
09-07 14:27:31.623   512 12206 D HarmanHAL: StreamIn::getCapturePositionImpl
09-07 14:27:31.639  2584 10896 W vCard   : Property name unsupported by vCard 2.1: N
09-07 14:27:31.653   512 12206 D HarmanHAL: StreamIn::getCapturePositionImpl
09-07 14:27:31.683   512 12206 D HarmanHAL: StreamIn::getCapturePositionImpl
09-07 14:27:31.710  2584 10896 W vCard   : Property name unsupported by vCard 2.1: N
09-07 14:27:31.714   512 12206 D HarmanHAL: StreamIn::getCapturePositionImpl
09-07 14:27:31.743   512 12206 I chatty  : uid=1041(audioserver) reader identical 1 line
09-07 14:27:31.784   512 12206 D HarmanHAL: StreamIn::getCapturePositionImpl
09-07 14:27:31.796  2584 10896 W vCard   : Property name unsupported by vCard 2.1: N
09-07 14:27:31.813   512 12206 D HarmanHAL: StreamIn::getCapturePositionImpl
09-07 14:27:31.843   512 12206 I chatty  : uid=1041(audioserver) reader identical 1 line
09-07 14:27:31.873   512 12206 D HarmanHAL: StreamIn::getCapturePositionImpl
09-07 14:27:31.876  2584 10896 W vCard   : Property name unsupported by vCard 2.1: N
09-07 14:27:31.905   512 12206 D HarmanHAL: StreamIn::getCapturePositionImpl
09-07 14:27:31.943   512 12206 I chatty  : uid=1041(audioserver) reader identical 1 line
09-07 14:27:31.973   512 12206 D HarmanHAL: StreamIn::getCapturePositionImpl
09-07 14:27:31.987  2584 10896 W vCard   : Property name unsupported by vCard 2.1: N
09-07 14:27:32.003   512 12206 D HarmanHAL: StreamIn::getCapturePositionImpl
09-07 14:27:32.033   512 12206 I chatty  : uid=1041(audioserver) reader identical 1 line
09-07 14:27:32.064   512 12206 D HarmanHAL: StreamIn::getCapturePositionImpl
09-07 14:27:32.066  2584 10896 W vCard   : Property name unsupported by vCard 2.1: N
09-07 14:27:32.103   512 12206 I HarmanHal.Routing: hacs alsa node(pcmTunerIn_c) adtm interval_min:30 ms, inverval_max:40 ms, inverval_mean:32 ms!
09-07 14:27:32.103   512 12206 I HarmanHal.Routing:  in printADTM() PcmAlsaWrapper.cpp:876
09-07 14:27:32.103   512 12206 D HarmanHAL: StreamIn::getCapturePositionImpl
09-07 14:27:32.133   512 12206 D HarmanHAL: StreamIn::getCapturePositionImpl
09-07 14:27:32.154  2584 10896 W vCard   : Property name unsupported by vCard 2.1: N
09-07 14:27:32.163   512 12206 D HarmanHAL: StreamIn::getCapturePositionImpl
09-07 14:27:32.193   512 12206 I chatty  : uid=1041(audioserver) reader identical 1 line
09-07 14:27:32.224   512 12206 D HarmanHAL: StreamIn::getCapturePositionImpl
09-07 14:27:32.228  2584 10896 W vCard   : Property name unsupported by vCard 2.1: N
09-07 14:27:32.263   512 12206 D HarmanHAL: StreamIn::getCapturePositionImpl
09-07 14:27:32.280   512  3972 I HarmanHal.Routing: hacs alsa node(pcmMedia_p) adtm interval_min:0 ms, inverval_max:11 ms, inverval_mean:8 ms!
09-07 14:27:32.280   512  3972 I HarmanHal.Routing:  in printADTM() PcmAlsaWrapper.cpp:876
09-07 14:27:32.293   512 12206 D HarmanHAL: StreamIn::getCapturePositionImpl
09-07 14:27:32.323   512 12206 D HarmanHAL: StreamIn::getCapturePositionImpl
09-07 14:27:32.352  2584 10896 W vCard   : Property name unsupported by vCard 2.1: N
09-07 14:27:32.353   512 12206 D HarmanHAL: StreamIn::getCapturePositionImpl
09-07 14:27:32.383   512 12206 I chatty  : uid=1041(audioserver) reader identical 1 line
09-07 14:27:32.424   512 12206 D HarmanHAL: StreamIn::getCapturePositionImpl
09-07 14:27:32.430  2584 10896 W vCard   : Property name unsupported by vCard 2.1: N
09-07 14:27:32.453   512 12206 D HarmanHAL: StreamIn::getCapturePositionImpl
09-07 14:27:32.474   538   618 W ipcLib  : ipcLib: in ipc_lib. DV1 read called
09-07 14:27:32.483   512 12206 D HarmanHAL: StreamIn::getCapturePositionImpl
09-07 14:27:32.507  2584 10896 W vCard   : Property name unsupported by vCard 2.1: N
09-07 14:27:32.513   512 12206 D HarmanHAL: StreamIn::getCapturePositionImpl
09-07 14:27:32.543   512 12206 D HarmanHAL: StreamIn::getCapturePositionImpl
09-07 14:27:32.582  2584 10896 W vCard   : Property name unsupported by vCard 2.1: N
09-07 14:27:32.583   512 12206 D HarmanHAL: StreamIn::getCapturePositionImpl
09-07 14:27:32.613   512 12206 I chatty  : uid=1041(audioserver) reader identical 1 line
09-07 14:27:32.644   512 12206 D HarmanHAL: StreamIn::getCapturePositionImpl
09-07 14:27:32.658  2584 10896 W vCard   : Property name unsupported by vCard 2.1: N
09-07 14:27:32.673   512 12206 D HarmanHAL: StreamIn::getCapturePositionImpl
09-07 14:27:32.703   512 12206 I chatty  : uid=1041(audioserver) reader identical 1 line
09-07 14:27:32.743   512 12206 D HarmanHAL: StreamIn::getCapturePositionImpl
09-07 14:27:32.751  2584 10896 W vCard   : Property name unsupported by vCard 2.1: N
09-07 14:27:32.773   512 12206 D HarmanHAL: StreamIn::getCapturePositionImpl
09-07 14:27:32.803   512 12206 I chatty  : uid=1041(audioserver) reader identical 1 line
09-07 14:27:32.834   512 12206 D HarmanHAL: StreamIn::getCapturePositionImpl
09-07 14:27:32.839  2584 10896 W vCard   : Property name unsupported by vCard 2.1: N
09-07 14:27:32.864   512 12206 D HarmanHAL: StreamIn::getCapturePositionImpl
09-07 14:27:32.866   532   569 W ipcLib  : ipcLib: in ipc_lib. DV1 read called
09-07 14:27:32.867   532   568 I VPS     : VPS:IOCStatusInfo.VoltageStatus->0 
09-07 14:27:32.867   532   568 I VPS     : VPS:IOCStatusInfo.IOCStatusCmd->a6 
09-07 14:27:32.867   532   568 I VPS     : VPS:IOCStatusInfo.WakeUpReason->0 
09-07 14:27:32.867   532   568 I VPS     : VPS:IOCStatusInfo.DerivedIgnitionStatus->0 
09-07 14:27:32.867   532   568 I VPS     : VPS:IOCStatusInfo.PowerModeState->4 
09-07 14:27:32.867   532   568 I VPS     : VPS:IOCStatusInfo.SOCShutdownRequest->0 
09-07 14:27:32.867   532   568 I VPS     : VPS:IOCStatusInfo.AntiTheftState->0 
09-07 14:27:32.867   532   568 I VPS     : VPS:IOCStatusInfo.BatteryConnect->0 
09-07 14:27:32.903   512 12206 D HarmanHAL: StreamIn::getCapturePositionImpl
09-07 14:27:32.914  2584 10896 W vCard   : Property name unsupported by vCard 2.1: N
09-07 14:27:32.933   512 12206 D HarmanHAL: StreamIn::getCapturePositionImpl
09-07 14:27:32.963   512 12206 I chatty  : uid=1041(audioserver) reader identical 1 line
09-07 14:27:32.993   512 12206 D HarmanHAL: StreamIn::getCapturePositionImpl
09-07 14:27:33.000  2584 10896 W vCard   : Property name unsupported by vCard 2.1: N
09-07 14:27:33.023   512 12206 D HarmanHAL: StreamIn::getCapturePositionImpl
09-07 14:27:33.063   512 12206 D HarmanHAL: StreamIn::getCapturePositionImpl
09-07 14:27:33.093   512 12206 I HarmanHal.Routing: hacs alsa node(pcmTunerIn_c) adtm interval_min:30 ms, inverval_max:40 ms, inverval_mean:31 ms!
09-07 14:27:33.093   512 12206 I HarmanHal.Routing:  in printADTM() PcmAlsaWrapper.cpp:876
09-07 14:27:33.094   512 12206 D HarmanHAL: StreamIn::getCapturePositionImpl
09-07 14:27:33.102  2584 10896 W vCard   : Property name unsupported by vCard 2.1: N
09-07 14:27:33.124   512 12206 D HarmanHAL: StreamIn::getCapturePositionImpl
09-07 14:27:33.153   512 12206 D HarmanHAL: StreamIn::getCapturePositionImpl
09-07 14:27:33.173  2584 10896 W vCard   : Property name unsupported by vCard 2.1: N
09-07 14:27:33.183   512 12206 D HarmanHAL: StreamIn::getCapturePositionImpl
09-07 14:27:33.223   512 12206 D HarmanHAL: StreamIn::getCapturePositionImpl
09-07 14:27:33.252  2584 10896 W vCard   : Property name unsupported by vCard 2.1: N
09-07 14:27:33.254   512 12206 D HarmanHAL: StreamIn::getCapturePositionImpl
09-07 14:27:33.280   512  3972 I HarmanHal.Routing: hacs alsa node(pcmMedia_p) adtm interval_min:0 ms, inverval_max:11 ms, inverval_mean:8 ms!
09-07 14:27:33.280   512  3972 I HarmanHal.Routing:  in printADTM() PcmAlsaWrapper.cpp:876
09-07 14:27:33.283   512 12206 D HarmanHAL: StreamIn::getCapturePositionImpl
09-07 14:27:33.313   512 12206 I chatty  : uid=1041(audioserver) reader identical 1 line
09-07 14:27:33.343   512 12206 D HarmanHAL: StreamIn::getCapturePositionImpl
09-07 14:27:33.348  2584 10896 W vCard   : Property name unsupported by vCard 2.1: N
09-07 14:27:33.383   512 12206 D HarmanHAL: StreamIn::getCapturePositionImpl
09-07 14:27:33.413   512 12206 D HarmanHAL: StreamIn::getCapturePositionImpl
09-07 14:27:33.427  2584 10896 W vCard   : Property name unsupported by vCard 2.1: N
09-07 14:27:33.443   512 12206 D HarmanHAL: StreamIn::getCapturePositionImpl
09-07 14:27:33.474   512 12206 D HarmanHAL: StreamIn::getCapturePositionImpl
09-07 14:27:33.474   538   618 W ipcLib  : ipcLib: in ipc_lib. DV1 read called
09-07 14:27:33.504   512 12206 D HarmanHAL: StreamIn::getCapturePositionImpl
09-07 14:27:33.514  2584 10896 W vCard   : Property name unsupported by vCard 2.1: N
09-07 14:27:33.544   512 12206 D HarmanHAL: StreamIn::getCapturePositionImpl
09-07 14:27:33.573   512 12206 I chatty  : uid=1041(audioserver) reader identical 1 line
09-07 14:27:33.604   512 12206 D HarmanHAL: StreamIn::getCapturePositionImpl
09-07 14:27:33.629  2584 10896 W vCard   : Property name unsupported by vCard 2.1: N
09-07 14:27:33.633   512 12206 D HarmanHAL: StreamIn::getCapturePositionImpl
09-07 14:27:33.663   512 12206 I chatty  : uid=1041(audioserver) reader identical 1 line
09-07 14:27:33.703   512 12206 D HarmanHAL: StreamIn::getCapturePositionImpl
09-07 14:27:33.719  2584 10896 W vCard   : Property name unsupported by vCard 2.1: N
09-07 14:27:33.733   512 12206 D HarmanHAL: StreamIn::getCapturePositionImpl
09-07 14:27:33.763   512 12206 I chatty  : uid=1041(audioserver) reader identical 1 line
09-07 14:27:33.793   512 12206 D HarmanHAL: StreamIn::getCapturePositionImpl
09-07 14:27:33.795  2584 10896 W vCard   : Property name unsupported by vCard 2.1: N
09-07 14:27:33.823   512 12206 D HarmanHAL: StreamIn::getCapturePositionImpl
01-01 00:02:36.859     0     0 I init    : starting service 'qccsyshalservice'...
09-07 14:27:33.863   512 12206 D HarmanHAL: StreamIn::getCapturePositionImpl
09-07 14:27:33.872  2584 10896 W vCard   : Property name unsupported by vCard 2.1: N
09-07 14:27:33.894   512 12206 D HarmanHAL: StreamIn::getCapturePositionImpl
09-07 14:27:33.897 12658 12658 I qccsyshalservice: Start with system binder
09-07 14:27:33.898 12658 12658 I qccsyshalservice: Registering qccsyshal service...
09-07 14:27:33.898   376   376 I hwservicemanager: getTransport: Cannot find entry vendor.qti.hardware.qccsyshal@1.0::IQccsyshal/qccsyshal in either framework or device manifest.
09-07 14:27:33.899 12658 12658 E HidlServiceManagement: Service vendor.qti.hardware.qccsyshal@1.0::IQccsyshal/qccsyshal must be in VINTF manifest in order to register/get.
09-07 14:27:33.900 12658 12658 E qccsyshalservice: [ERROR] registerAsService() failed with status: -2147483648
01-01 00:02:36.888     0     0 I init    : starting service 'vendor.sensors-hal-1-0'...
01-01 00:02:36.894     0     0 I init    : starting service 'LogManager'...
01-01 00:02:36.901     0     0 I init    : Service 'qccsyshalservice' (pid 12658) exited with status 1
01-01 00:02:36.901     0     0 I init    : Sending signal 9 to service 'qccsyshalservice' (pid 12658) process group...
01-01 00:02:36.901     0     0 I libprocessgroup: Successfully killed process cgroup uid 1000 pid 12658 in 0ms
09-07 14:27:33.924   512 12206 D HarmanHAL: StreamIn::getCapturePositionImpl
09-07 14:27:33.929   376   376 I hwservicemanager: getTransport: Cannot find entry android.hardware.sensors@1.0::ISensors/default in either framework or device manifest.
09-07 14:27:33.931 12659 12659 E android.hardware.sensors@1.0-service: Couldn't load sensors module (Unknown error -2147483648)
09-07 14:27:33.931 12659 12659 D RefBase : RefBase: Explicit destruction, weak count = 0 (in 0xb400007836705e58)
09-07 14:27:33.931 12659 12659 W RefBase : CallStack::getCurrentInternal not linked, returning null
09-07 14:27:33.932 12659 12659 W RefBase : CallStack::logStackInternal not linked
09-07 14:27:33.933 12659 12659 E LegacySupport: Could not get passthrough implementation for android.hardware.sensors@1.0::ISensors/default.
09-07 14:27:33.933 12660 12660 D LOGMANAGER: LOGMANAGER HAL service init() start
09-07 14:27:33.933 12660 12660 D LOGMANAGER: Logmanager configured rpcthreadpool
09-07 14:27:33.927 12660 12660 I vendor.harman.L: type=1400 audit(0.0:2325): avc: denied { read } for name="u:object_r:hwservicemanager_prop:s0" dev="tmpfs" ino=24519 scontext=u:r:logmanagerd:s0 tcontext=u:object_r:hwservicemanager_prop:s0 tclass=file permissive=1
09-07 14:27:33.927 12660 12660 I vendor.harman.L: type=1400 audit(0.0:2326): avc: denied { open } for path="/dev/__properties__/u:object_r:hwservicemanager_prop:s0" dev="tmpfs" ino=24519 scontext=u:r:logmanagerd:s0 tcontext=u:object_r:hwservicemanager_prop:s0 tclass=file permissive=1
01-01 00:02:36.924     0     0 I init    : Service 'vendor.sensors-hal-1-0' (pid 12659) exited with status 1
01-01 00:02:36.924     0     0 I init    : Sending signal 9 to service 'vendor.sensors-hal-1-0' (pid 12659) process group...
01-01 00:02:36.924     0     0 I libprocessgroup: Successfully killed process cgroup uid 1000 pid 12659 in 0ms
09-07 14:27:33.927 12660 12660 I vendor.harman.L: type=1400 audit(0.0:2327): avc: denied { getattr } for path="/dev/__properties__/u:object_r:hwservicemanager_prop:s0" dev="tmpfs" ino=24519 scontext=u:r:logmanagerd:s0 tcontext=u:object_r:hwservicemanager_prop:s0 tclass=file permissive=1
09-07 14:27:33.936 12660 12660 I HidlServiceManagement: Registered vendor.harman.hardware.LogManager@1.0::ILogManager/default
09-07 14:27:33.927 12660 12660 I vendor.harman.L: type=1400 audit(0.0:2328): avc: denied { map } for path="/dev/__properties__/u:object_r:hwservicemanager_prop:s0" dev="tmpfs" ino=24519 scontext=u:r:logmanagerd:s0 tcontext=u:object_r:hwservicemanager_prop:s0 tclass=file permissive=1
09-07 14:27:33.936 12660 12660 D LOGMANAGER: Logmanager HAL Service is registered and ready
09-07 14:27:33.936 12660 12660 I LOGMANAGER: ThreadPoolWrapper::initThreadPool
09-07 14:27:33.936 12660 12660 I LOGMANAGER: ThreadPoolWrapper : exit
09-07 14:27:33.936 12660 12660 D LOGMANAGER: Logmanager threadpoolwrapper created
09-07 14:27:33.936 12660 12660 D LOGMANAGER: User argument is -c
09-07 14:27:33.936 12660 12661 I LOGMANAGER: ThreadPoolWrapper:  enter the joinRpcThreadpool()
09-07 14:27:33.937 12660 12660 I LOGMANAGER: LogmanagerConfig is configured under config file
09-07 14:27:33.937 12660 12660 I LOGMANAGER: LoggingLevel is : 4
09-07 14:27:33.937 12660 12660 I LOGMANAGER: LogEnableState is : 0
09-07 14:27:33.937 12660 12660 I LOGMANAGER: OutputPluginConfiguration PluginType : LOGWRITTER
09-07 14:27:33.937 12660 12660 I LOGMANAGER: LM_OutputConfiguration : 1
09-07 14:27:33.931 12660 12660 I vendor.harman.L: type=1400 audit(0.0:2329): avc: denied { dac_read_search } for capability=2 scontext=u:r:logmanagerd:s0 tcontext=u:r:logmanagerd:s0 tclass=capability permissive=1
09-07 14:27:33.937 12660 12660 I LOGMANAGER: LM_OfflineTraceDirectory : /data/cache
09-07 14:27:33.937 12660 12660 I LOGMANAGER: LM_OfflineTraceFILESize : 1000000
09-07 14:27:33.937 12660 12660 I LOGMANAGER: LM_OfflineTotalFILESSize : 20000000
09-07 14:27:33.937 12660 12660 I LOGMANAGER: LM_FileNameTimeStampBased : 0
09-07 14:27:33.937 12660 12660 I LOGMANAGER: Got IOC plugin
09-07 14:27:33.937 12660 12660 I LOGMANAGER: IOCIPCChannelNumber :6
09-07 14:27:33.937 12660 12660 I LOGMANAGER: keyseq: HOME + VOLUMEDOWN  for domain is AudioDump
09-07 14:27:33.937 12660 12660 I LOGMANAGER: keyseq: HOME + VOLUMEUP  for domain is HCIDump
09-07 14:27:33.937 12660 12660 I LOGMANAGER: Domains parsing is done
01-01 00:02:36.927     0     0 W audit   : audit_lost=931 audit_rate_limit=5 audit_backlog_limit=64
01-01 00:02:36.927     0     0 E audit   : rate limit exceeded
09-07 14:27:33.939  2584 10896 W vCard   : Property name unsupported by vCard 2.1: N
09-07 14:27:33.942 12660 12660 E LOGMANAGER: Failed to load plugin /vendor/lib64/libIOCDLogReader.so with error code dlopen failed: library "/vendor/lib64/libIOCDLogReader.so" not found 
09-07 14:27:33.942 12660 12660 F libc    : Fatal signal 11 (SIGSEGV), code 1 (SEGV_MAPERR), fault addr 0x0 in tid 12660 (vendor.harman.L), pid 12660 (vendor.harman.L)
09-07 14:27:33.953   512 12206 D HarmanHAL: StreamIn::getCapturePositionImpl
09-07 14:27:33.979 12664 12664 I crash_dump64: obtaining output fd from tombstoned, type: kDebuggerdTombstone
09-07 14:27:33.980   463   463 I tombstoned: received crash request for pid 12660
09-07 14:27:33.981 12664 12664 I crash_dump64: performing dump of process 12660 (target tid = 12660)
09-07 14:27:33.983   512 12206 D HarmanHAL: StreamIn::getCapturePositionImpl
09-07 14:27:33.985 12664 12664 F DEBUG   : *** *** *** *** *** *** *** *** *** *** *** *** *** *** *** ***
09-07 14:27:33.985  2584 10896 W vCard   : Property name unsupported by vCard 2.1: N
09-07 14:27:33.985 12664 12664 F DEBUG   : Build fingerprint: 'qti/titan_tml_b2/titan_tml_b2:11/RQ3A.210605.005/eng.ksong.20210907.134230:userdebug/test-keys'
09-07 14:27:33.985 12664 12664 F DEBUG   : Revision: '0'
09-07 14:27:33.985 12664 12664 F DEBUG   : ABI: 'arm64'
09-07 14:27:33.986 12664 12664 F DEBUG   : Timestamp: 2021-09-07 14:27:33+0000
09-07 14:27:33.987 12664 12664 F DEBUG   : pid: 12660, tid: 12660, name: vendor.harman.L  >>> /vendor/bin/hw/vendor.harman.LogManager@1.0-service <<<
09-07 14:27:33.987 12664 12664 F DEBUG   : uid: 0
09-07 14:27:33.987 12664 12664 F DEBUG   : signal 11 (SIGSEGV), code 1 (SEGV_MAPERR), fault addr 0x0
09-07 14:27:33.987 12664 12664 F DEBUG   : Cause: null pointer dereference
09-07 14:27:33.987 12664 12664 F DEBUG   :     x0  0000000000000000  x1  0000000000000000  x2  0000000000080001  x3  0000000000000000
09-07 14:27:33.987 12664 12664 F DEBUG   :     x4  0000000000000000  x5  0000000000000090  x6  fefefefefefefeff  x7  7f7f7f7f7f7f7f7f
09-07 14:27:33.987 12664 12664 F DEBUG   :     x8  0101010101010101  x9  cd1c2a24ddc02d03  x10 0000007ff3cbe508  x11 fffffffffffffffd
09-07 14:27:33.987 12664 12664 F DEBUG   :     x12 0000007ff3cbe690  x13 000000000000008e  x14 00380742cb614c00  x15 0000000034155555
09-07 14:27:33.987 12664 12664 F DEBUG   :     x16 00000056150cd7e0  x17 0000007926ed5b30  x18 00000079286aa000  x19 0000000000000000
09-07 14:27:33.987 12664 12664 F DEBUG   :     x20 0000007926e36c50  x21 0000007ff3cbeda9  x22 b400007826b3b278  x23 0000007ff3cbedc8
09-07 14:27:33.988 12664 12664 F DEBUG   :     x24 0000000000000000  x25 000000792778d000  x26 0000007ff3cbeda9  x27 0000007ff3cbed79
09-07 14:27:33.988 12664 12664 F DEBUG   :     x28 0000000000000000  x29 0000007ff3cbecb0
09-07 14:27:33.988 12664 12664 F DEBUG   :     lr  00000056150c4048  sp  0000007ff3cbecb0  pc  0000007926ed5b40  pst 0000000080000000
09-07 14:27:33.991 12664 12664 F DEBUG   : backtrace:
09-07 14:27:33.992 12664 12664 F DEBUG   :       #00 pc 000000000004ab40  /apex/com.android.runtime/lib64/bionic/libc.so (strlen_default+16) (BuildId: 2b7c6e33413ac7278a15dfc3ea383089)
09-07 14:27:33.992 12664 12664 F DEBUG   :       #01 pc 0000000000009044  /vendor/bin/hw/vendor.harman.LogManager@1.0-service (BuildId: 3e966ab64050b441b920ba0e8960d123)
09-07 14:27:33.992 12664 12664 F DEBUG   :       #02 pc 0000000000008df0  /vendor/bin/hw/vendor.harman.LogManager@1.0-service (LM::LogManagerImpl::load_plugin_conf(void*, std::__1::basic_string<char, std::__1::char_traits<char>, std::__1::allocator<char> >, std::__1::multimap<std::__1::basic_string<char, std::__1::char_traits<char>, std::__1::allocator<char> >, int, std::__1::less<std::__1::basic_string<char, std::__1::char_traits<char>, std::__1::allocator<char> > >, std::__1::allocator<std::__1::pair<std::__1::basic_string<char, std::__1::char_traits<char>, std::__1::allocator<char> > const, int> > >&)+752) (BuildId: 3e966ab64050b441b920ba0e8960d123)
09-07 14:27:33.992 12664 12664 F DEBUG   :       #03 pc 00000000000088c0  /vendor/bin/hw/vendor.harman.LogManager@1.0-service (LM::LogManagerImpl::loadplugins()+436) (BuildId: 3e966ab64050b441b920ba0e8960d123)
09-07 14:27:33.992 12664 12664 F DEBUG   :       #04 pc 0000000000007af8  /vendor/bin/hw/vendor.harman.LogManager@1.0-service (main+1112) (BuildId: 3e966ab64050b441b920ba0e8960d123)
09-07 14:27:33.992 12664 12664 F DEBUG   :       #05 pc 000000000004988c  /apex/com.android.runtime/lib64/bionic/libc.so (__libc_init+108) (BuildId: 2b7c6e33413ac7278a15dfc3ea383089)
09-07 14:27:34.000   532   569 I VPS     : VPS:VehiclePlatformSOCHeartBeatHandler IVI HeartBeat sent successfully SOCHeartBeatInfo.SOCStatus->2
09-07 14:27:34.000   532   569 W ipcLib  : ipcLib: in ipc_lib. DV1 write called
09-07 14:27:34.002   532   569 W ipcLib  : ipcLib: in ipc_lib. DV1 read called
01-01 00:02:37.006     0     0 D logd    : logdr: UID=0 GID=1000 PID=12664 n tail=50 logMask=8 pid=12660 start=0ns timeout=0ns
09-07 14:27:34.023   512 12206 D HarmanHAL: StreamIn::getCapturePositionImpl
01-01 00:02:37.015     0     0 D logd    : logdr: UID=0 GID=1000 PID=12664 n tail=50 logMask=1 pid=12660 start=0ns timeout=0ns
09-07 14:27:34.035  2584 10896 W vCard   : Property name unsupported by vCard 2.1: N
09-07 14:27:34.053   512 12206 D HarmanHAL: StreamIn::getCapturePositionImpl
01-01 00:02:37.036     0     0 D logd    : logdr: UID=0 GID=1000 PID=12664 n tail=0 logMask=8 pid=12660 start=0ns timeout=0ns
01-01 00:02:37.045     0     0 D logd    : logdr: UID=0 GID=1000 PID=12664 n tail=0 logMask=1 pid=12660 start=0ns timeout=0ns
09-07 14:27:34.063  1033  1270 W NativeCrashListener: Couldn't find ProcessRecord for pid 12660
09-07 14:27:34.064 12664 12664 E crash_dump64: AM data write failed: Broken pipe
09-07 14:27:34.065   463   463 E tombstoned: Tombstone written to: /data/tombstones/tombstone_47
01-01 00:02:37.055     0     0 I init    : Untracked pid 12664 exited with status 0
09-07 14:27:34.071  1033  1095 I BootReceiver: Copying /data/tombstones/tombstone_47 to DropBox (SYSTEM_TOMBSTONE)
09-07 14:27:34.073  1033  1095 I DropBoxManagerService: add tag=SYSTEM_TOMBSTONE isTagEnabled=true flags=0x2
09-07 14:27:34.083   512 12206 I HarmanHal.Routing: hacs alsa node(pcmTunerIn_c) adtm interval_min:30 ms, inverval_max:40 ms, inverval_mean:31 ms!
09-07 14:27:34.083   512 12206 I HarmanHal.Routing:  in printADTM() PcmAlsaWrapper.cpp:876
09-07 14:27:34.084   512 12206 D HarmanHAL: StreamIn::getCapturePositionImpl
09-07 14:27:34.104  2584 10896 W vCard   : Property name unsupported by vCard 2.1: N
09-07 14:27:34.113   512 12206 D HarmanHAL: StreamIn::getCapturePositionImpl
09-07 14:27:34.144   512 12206 I chatty  : uid=1041(audioserver) reader identical 1 line
09-07 14:27:34.183   512 12206 D HarmanHAL: StreamIn::getCapturePositionImpl
09-07 14:27:34.188  2584 10896 W vCard   : Property name unsupported by vCard 2.1: N
09-07 14:27:34.213   512 12206 D HarmanHAL: StreamIn::getCapturePositionImpl
09-07 14:27:34.244   512 12206 D HarmanHAL: StreamIn::getCapturePositionImpl
09-07 14:27:34.271  2584 10896 W vCard   : Property name unsupported by vCard 2.1: N
09-07 14:27:34.274   512 12206 D HarmanHAL: StreamIn::getCapturePositionImpl
09-07 14:27:34.280   512  3972 I HarmanHal.Routing: hacs alsa node(pcmMedia_p) adtm interval_min:0 ms, inverval_max:11 ms, inverval_mean:8 ms!
09-07 14:27:34.280   512  3972 I HarmanHal.Routing:  in printADTM() PcmAlsaWrapper.cpp:876
09-07 14:27:34.304   512 12206 D HarmanHAL: StreamIn::getCapturePositionImpl
09-07 14:27:34.340  2584 10896 W vCard   : Property name unsupported by vCard 2.1: N
09-07 14:27:34.343   512 12206 D HarmanHAL: StreamIn::getCapturePositionImpl
09-07 14:27:34.374   512 12206 I chatty  : uid=1041(audioserver) reader identical 1 line
09-07 14:27:34.403   512 12206 D HarmanHAL: StreamIn::getCapturePositionImpl
09-07 14:27:34.428  2584 10896 W vCard   : Property name unsupported by vCard 2.1: N
09-07 14:27:34.433   512 12206 D HarmanHAL: StreamIn::getCapturePositionImpl
09-07 14:27:34.463   512 12206 D HarmanHAL: StreamIn::getCapturePositionImpl
09-07 14:27:34.474   538   618 W ipcLib  : ipcLib: in ipc_lib. DV1 read called
09-07 14:27:34.503   512 12206 D HarmanHAL: StreamIn::getCapturePositionImpl
09-07 14:27:34.517  2584 10896 W vCard   : Property name unsupported by vCard 2.1: N
09-07 14:27:34.534   512 12206 D HarmanHAL: StreamIn::getCapturePositionImpl
09-07 14:27:34.563   512 12206 D HarmanHAL: StreamIn::getCapturePositionImpl
09-07 14:27:34.565   536   612 E pathology: [ProcessCrashHandler:: parseTombstoneFileName]string not found
09-07 14:27:34.566   536   612 I chatty  : uid=0(root) vendor.harman.p identical 4 lines
09-07 14:27:34.566   536   612 E pathology: [ProcessCrashHandler:: parseTombstoneFileName]string not found
09-07 14:27:34.588  2584 10896 W vCard   : Property name unsupported by vCard 2.1: N
09-07 14:27:34.593   512 12206 D HarmanHAL: StreamIn::getCapturePositionImpl
09-07 14:27:34.623   512 12206 I chatty  : uid=1041(audioserver) reader identical 1 line
09-07 14:27:34.663   512 12206 D HarmanHAL: StreamIn::getCapturePositionImpl
09-07 14:27:34.677  2584 10896 W vCard   : Property name unsupported by vCard 2.1: N
09-07 14:27:34.693   512 12206 D HarmanHAL: StreamIn::getCapturePositionImpl
09-07 14:27:34.723   512 12206 I chatty  : uid=1041(audioserver) reader identical 1 line
09-07 14:27:34.753   512 12206 D HarmanHAL: StreamIn::getCapturePositionImpl
09-07 14:27:34.757  2584 10896 W vCard   : Property name unsupported by vCard 2.1: N
09-07 14:27:34.783   512 12206 D HarmanHAL: StreamIn::getCapturePositionImpl
09-07 14:27:34.823   512 12206 D HarmanHAL: StreamIn::getCapturePositionImpl
09-07 14:27:34.853  2584 10896 W vCard   : Property name unsupported by vCard 2.1: N
09-07 14:27:34.853   512 12206 D HarmanHAL: StreamIn::getCapturePositionImpl
09-07 14:27:34.883   512 12206 I chatty  : uid=1041(audioserver) reader identical 1 line
09-07 14:27:34.913   512 12206 D HarmanHAL: StreamIn::getCapturePositionImpl
09-07 14:27:34.935  2584 10896 W vCard   : Property name unsupported by vCard 2.1: N
09-07 14:27:34.944   512 12206 D HarmanHAL: StreamIn::getCapturePositionImpl
09-07 14:27:34.966   532   569 W ipcLib  : ipcLib: in ipc_lib. DV1 read called
09-07 14:27:34.967   532   568 I VPS     : VPS:IOCStatusInfo.VoltageStatus->0 
09-07 14:27:34.967   532   568 I VPS     : VPS:IOCStatusInfo.IOCStatusCmd->a6 
09-07 14:27:34.967   532   568 I VPS     : VPS:IOCStatusInfo.WakeUpReason->0 
09-07 14:27:34.967   532   568 I VPS     : VPS:IOCStatusInfo.DerivedIgnitionStatus->0 
09-07 14:27:34.967   532   568 I VPS     : VPS:IOCStatusInfo.PowerModeState->4 
09-07 14:27:34.967   532   568 I VPS     : VPS:IOCStatusInfo.SOCShutdownRequest->0 
09-07 14:27:34.967   532   568 I VPS     : VPS:IOCStatusInfo.AntiTheftState->0 
09-07 14:27:34.967   532   568 I VPS     : VPS:IOCStatusInfo.BatteryConnect->0 
09-07 14:27:34.983   512 12206 D HarmanHAL: StreamIn::getCapturePositionImpl
09-07 14:27:35.013   512 12206 D HarmanHAL: StreamIn::getCapturePositionImpl
09-07 14:27:35.018  2584 10896 W vCard   : Property name unsupported by vCard 2.1: N
09-07 14:27:35.043   512 12206 D HarmanHAL: StreamIn::getCapturePositionImpl
09-07 14:27:35.073   512 12206 I HarmanHal.Routing: hacs alsa node(pcmTunerIn_c) adtm interval_min:30 ms, inverval_max:40 ms, inverval_mean:31 ms!
09-07 14:27:35.073   512 12206 I HarmanHal.Routing:  in printADTM() PcmAlsaWrapper.cpp:876
09-07 14:27:35.074   512 12206 D HarmanHAL: StreamIn::getCapturePositionImpl
09-07 14:27:35.096  2584 10896 W vCard   : Property name unsupported by vCard 2.1: N
09-07 14:27:35.103   512 12206 D HarmanHAL: StreamIn::getCapturePositionImpl
09-07 14:27:35.144   512 12206 D HarmanHAL: StreamIn::getCapturePositionImpl
09-07 14:27:35.170  2584 10896 W vCard   : Property name unsupported by vCard 2.1: N
09-07 14:27:35.173   512 12206 D HarmanHAL: StreamIn::getCapturePositionImpl
09-07 14:27:35.204   512 12206 I chatty  : uid=1041(audioserver) reader identical 1 line
09-07 14:27:35.233   512 12206 D HarmanHAL: StreamIn::getCapturePositionImpl
09-07 14:27:35.254  2584 10896 W vCard   : Property name unsupported by vCard 2.1: N
09-07 14:27:35.263   512 12206 D HarmanHAL: StreamIn::getCapturePositionImpl
09-07 14:27:35.280   512  3972 I HarmanHal.Routing: hacs alsa node(pcmMedia_p) adtm interval_min:0 ms, inverval_max:11 ms, inverval_mean:8 ms!
09-07 14:27:35.280   512  3972 I HarmanHal.Routing:  in printADTM() PcmAlsaWrapper.cpp:876
09-07 14:27:35.304   512 12206 D HarmanHAL: StreamIn::getCapturePositionImpl
09-07 14:27:35.333   512 12206 D HarmanHAL: StreamIn::getCapturePositionImpl
09-07 14:27:35.340  2584 10896 W vCard   : Property name unsupported by vCard 2.1: N
09-07 14:27:35.363   512 12206 D HarmanHAL: StreamIn::getCapturePositionImpl
09-07 14:27:35.393   512 12206 D HarmanHAL: StreamIn::getCapturePositionImpl
09-07 14:27:35.412  2584 10896 W vCard   : Property name unsupported by vCard 2.1: N
09-07 14:27:35.423   512 12206 D HarmanHAL: StreamIn::getCapturePositionImpl
09-07 14:27:35.463   512 12206 D HarmanHAL: StreamIn::getCapturePositionImpl
09-07 14:27:35.474   538   618 W ipcLib  : ipcLib: in ipc_lib. DV1 read called
09-07 14:27:35.493   512 12206 D HarmanHAL: StreamIn::getCapturePositionImpl
09-07 14:27:35.514  2584 10896 W vCard   : Property name unsupported by vCard 2.1: N
09-07 14:27:35.523   512 12206 D HarmanHAL: StreamIn::getCapturePositionImpl
09-07 14:27:35.553   512 12206 D HarmanHAL: StreamIn::getCapturePositionImpl
09-07 14:27:35.570  2584 10896 W vCard   : Property name unsupported by vCard 2.1: N
09-07 14:27:35.584   512 12206 D HarmanHAL: StreamIn::getCapturePositionImpl
09-07 14:27:35.623   512 12206 D HarmanHAL: StreamIn::getCapturePositionImpl
09-07 14:27:35.623   536   536 I vendor.harman.p: type=1400 audit(0.0:2354): avc: denied { read } for name="2" dev="dm-4" ino=49241 scontext=u:r:pathologyd:s0 tcontext=u:object_r:vendor_data_file:s0 tclass=dir permissive=1
09-07 14:27:35.623   536   536 I vendor.harman.p: type=1400 audit(0.0:2355): avc: denied { open } for path="/data/vendor/pathologyArchive/2" dev="dm-4" ino=49241 scontext=u:r:pathologyd:s0 tcontext=u:object_r:vendor_data_file:s0 tclass=dir permissive=1
09-07 14:27:35.648  2584 10896 W vCard   : Property name unsupported by vCard 2.1: N
09-07 14:27:35.653   512 12206 D HarmanHAL: StreamIn::getCapturePositionImpl
09-07 14:27:35.683   512 12206 I chatty  : uid=1041(audioserver) reader identical 1 line
09-07 14:27:35.714   512 12206 D HarmanHAL: StreamIn::getCapturePositionImpl
09-07 14:27:35.721  2584 10896 W vCard   : Property name unsupported by vCard 2.1: N
09-07 14:27:35.743   512 12206 D HarmanHAL: StreamIn::getCapturePositionImpl
09-07 14:27:35.783   512 12206 I chatty  : uid=1041(audioserver) reader identical 1 line
09-07 14:27:35.813   512 12206 D HarmanHAL: StreamIn::getCapturePositionImpl
09-07 14:27:35.835  2584 10896 W vCard   : Property name unsupported by vCard 2.1: N
09-07 14:27:35.843   512 12206 D HarmanHAL: StreamIn::getCapturePositionImpl
09-07 14:27:35.873   512 12206 I chatty  : uid=1041(audioserver) reader identical 1 line
09-07 14:27:35.903   512 12206 D HarmanHAL: StreamIn::getCapturePositionImpl
09-07 14:27:35.911  2584 10896 W vCard   : Property name unsupported by vCard 2.1: N
09-07 14:27:35.944   512 12206 D HarmanHAL: StreamIn::getCapturePositionImpl
09-07 14:27:35.973   512 12206 D HarmanHAL: StreamIn::getCapturePositionImpl
09-07 14:27:35.988  2584 10896 W vCard   : Property name unsupported by vCard 2.1: N
09-07 14:27:36.003   512 12206 D HarmanHAL: StreamIn::getCapturePositionImpl
09-07 14:27:36.034   512 12206 D HarmanHAL: StreamIn::getCapturePositionImpl
09-07 14:27:36.057  2584 10896 W vCard   : Property name unsupported by vCard 2.1: N
09-07 14:27:36.063   512 12206 I HarmanHal.Routing: hacs alsa node(pcmTunerIn_c) adtm interval_min:30 ms, inverval_max:40 ms, inverval_mean:31 ms!
09-07 14:27:36.063   512 12206 I HarmanHal.Routing:  in printADTM() PcmAlsaWrapper.cpp:876
09-07 14:27:36.064   512 12206 D HarmanHAL: StreamIn::getCapturePositionImpl
09-07 14:27:36.104   512 12206 D HarmanHAL: StreamIn::getCapturePositionImpl
09-07 14:27:36.131  2584 10896 W vCard   : Property name unsupported by vCard 2.1: N
09-07 14:27:36.133   512 12206 D HarmanHAL: StreamIn::getCapturePositionImpl
09-07 14:27:36.163   512 12206 I chatty  : uid=1041(audioserver) reader identical 1 line
09-07 14:27:36.193   512 12206 D HarmanHAL: StreamIn::getCapturePositionImpl
09-07 14:27:36.195  2584 10896 W vCard   : Property name unsupported by vCard 2.1: N
09-07 14:27:36.223   512 12206 D HarmanHAL: StreamIn::getCapturePositionImpl
09-07 14:27:36.264   512 12206 D HarmanHAL: StreamIn::getCapturePositionImpl
09-07 14:27:36.281   512  3972 I HarmanHal.Routing: hacs alsa node(pcmMedia_p) adtm interval_min:0 ms, inverval_max:11 ms, inverval_mean:8 ms!
09-07 14:27:36.281   512  3972 I HarmanHal.Routing:  in printADTM() PcmAlsaWrapper.cpp:876
09-07 14:27:36.286  2584 10896 W vCard   : Property name unsupported by vCard 2.1: N
09-07 14:27:36.293   512 12206 D HarmanHAL: StreamIn::getCapturePositionImpl
09-07 14:27:36.323   512 12206 I chatty  : uid=1041(audioserver) reader identical 1 line
09-07 14:27:36.354   512 12206 D HarmanHAL: StreamIn::getCapturePositionImpl
09-07 14:27:36.368  2584 10896 W vCard   : Property name unsupported by vCard 2.1: N
09-07 14:27:36.383   512 12206 D HarmanHAL: StreamIn::getCapturePositionImpl
09-07 14:27:36.424   512 12206 D HarmanHAL: StreamIn::getCapturePositionImpl
09-07 14:27:36.449  2584 10896 W vCard   : Property name unsupported by vCard 2.1: N
09-07 14:27:36.453   512 12206 D HarmanHAL: StreamIn::getCapturePositionImpl
09-07 14:27:36.474   538   618 W ipcLib  : ipcLib: in ipc_lib. DV1 read called
09-07 14:27:36.483   512 12206 D HarmanHAL: StreamIn::getCapturePositionImpl
09-07 14:27:36.513   512 12206 D HarmanHAL: StreamIn::getCapturePositionImpl
09-07 14:27:36.534  2584 10896 W vCard   : Property name unsupported by vCard 2.1: N
09-07 14:27:36.543   512 12206 D HarmanHAL: StreamIn::getCapturePositionImpl
09-07 14:27:36.583   512 12206 D HarmanHAL: StreamIn::getCapturePositionImpl
09-07 14:27:36.613  2584 10896 W vCard   : Property name unsupported by vCard 2.1: N
09-07 14:27:36.614   512 12206 D HarmanHAL: StreamIn::getCapturePositionImpl
09-07 14:27:36.643   512 12206 I chatty  : uid=1041(audioserver) reader identical 1 line
09-07 14:27:36.673   512 12206 D HarmanHAL: StreamIn::getCapturePositionImpl
09-07 14:27:36.685  2584 10896 W vCard   : Property name unsupported by vCard 2.1: N
09-07 14:27:36.704   512 12206 D HarmanHAL: StreamIn::getCapturePositionImpl
09-07 14:27:36.743   512 12206 D HarmanHAL: StreamIn::getCapturePositionImpl
09-07 14:27:36.749  2584 10896 W vCard   : Property name unsupported by vCard 2.1: N
09-07 14:27:36.773   512 12206 D HarmanHAL: StreamIn::getCapturePositionImpl
09-07 14:27:36.803   512 12206 I chatty  : uid=1041(audioserver) reader identical 1 line
09-07 14:27:36.834   512 12206 D HarmanHAL: StreamIn::getCapturePositionImpl
09-07 14:27:36.843  2584 10896 W vCard   : Property name unsupported by vCard 2.1: N
09-07 14:27:36.864   512 12206 D HarmanHAL: StreamIn::getCapturePositionImpl
09-07 14:27:36.903   512 12206 I chatty  : uid=1041(audioserver) reader identical 1 line
09-07 14:27:36.933   512 12206 D HarmanHAL: StreamIn::getCapturePositionImpl
09-07 14:27:36.950  2584 10896 W vCard   : Property name unsupported by vCard 2.1: N
09-07 14:27:36.963   512 12206 D HarmanHAL: StreamIn::getCapturePositionImpl
09-07 14:27:36.993   512 12206 I chatty  : uid=1041(audioserver) reader identical 1 line
09-07 14:27:37.023   512 12206 D HarmanHAL: StreamIn::getCapturePositionImpl
09-07 14:27:37.063   512 12206 I HarmanHal.Routing: hacs alsa node(pcmTunerIn_c) adtm interval_min:30 ms, inverval_max:40 ms, inverval_mean:32 ms!
09-07 14:27:37.063   512 12206 I HarmanHal.Routing:  in printADTM() PcmAlsaWrapper.cpp:876
09-07 14:27:37.064   512 12206 D HarmanHAL: StreamIn::getCapturePositionImpl
09-07 14:27:37.066  2584 10896 W vCard   : Property name unsupported by vCard 2.1: N
09-07 14:27:37.066   532   569 W ipcLib  : ipcLib: in ipc_lib. DV1 read called
09-07 14:27:37.067   532   568 I VPS     : VPS:IOCStatusInfo.VoltageStatus->0 
09-07 14:27:37.067   532   568 I VPS     : VPS:IOCStatusInfo.IOCStatusCmd->a6 
09-07 14:27:37.067   532   568 I VPS     : VPS:IOCStatusInfo.WakeUpReason->0 
09-07 14:27:37.067   532   568 I VPS     : VPS:IOCStatusInfo.DerivedIgnitionStatus->0 
09-07 14:27:37.067   532   568 I VPS     : VPS:IOCStatusInfo.PowerModeState->4 
09-07 14:27:37.067   532   568 I VPS     : VPS:IOCStatusInfo.SOCShutdownRequest->0 
09-07 14:27:37.067   532   568 I VPS     : VPS:IOCStatusInfo.AntiTheftState->0 
09-07 14:27:37.067   532   568 I VPS     : VPS:IOCStatusInfo.BatteryConnect->0 
09-07 14:27:37.093   512 12206 D HarmanHAL: StreamIn::getCapturePositionImpl
09-07 14:27:37.123   512 12206 D HarmanHAL: StreamIn::getCapturePositionImpl
09-07 14:27:37.125  2584 10896 W vCard   : Property name unsupported by vCard 2.1: N
09-07 14:27:37.154   512 12206 D HarmanHAL: StreamIn::getCapturePositionImpl
09-07 14:27:37.173  2584 10896 W vCard   : Property name unsupported by vCard 2.1: N
09-07 14:27:37.183   512 12206 D HarmanHAL: StreamIn::getCapturePositionImpl
09-07 14:27:37.224   512 12206 D HarmanHAL: StreamIn::getCapturePositionImpl
09-07 14:27:37.228  2584 10896 W vCard   : Property name unsupported by vCard 2.1: N
09-07 14:27:37.253   512 12206 D HarmanHAL: StreamIn::getCapturePositionImpl
09-07 14:27:37.280   512  3972 I HarmanHal.Routing: hacs alsa node(pcmMedia_p) adtm interval_min:0 ms, inverval_max:12 ms, inverval_mean:7 ms!
09-07 14:27:37.280   512  3972 I HarmanHal.Routing:  in printADTM() PcmAlsaWrapper.cpp:876
09-07 14:27:37.283   512 12206 D HarmanHAL: StreamIn::getCapturePositionImpl
09-07 14:27:37.313   512 12206 D HarmanHAL: StreamIn::getCapturePositionImpl
09-07 14:27:37.318  2584 10896 W vCard   : Property name unsupported by vCard 2.1: N
09-07 14:27:37.343   512 12206 D HarmanHAL: StreamIn::getCapturePositionImpl
09-07 14:27:37.384   512 12206 I chatty  : uid=1041(audioserver) reader identical 1 line
09-07 14:27:37.413   512 12206 D HarmanHAL: StreamIn::getCapturePositionImpl
09-07 14:27:37.414  2584 10896 W vCard   : Property name unsupported by vCard 2.1: N
09-07 14:27:37.443   512 12206 D HarmanHAL: StreamIn::getCapturePositionImpl
09-07 14:27:37.443   345   345 I Binder:345_2: type=1400 audit(0.0:2356): avc: denied { call } for scontext=u:r:carwatchdogd:s0 tcontext=u:r:hal_audio_default:s0 tclass=binder permissive=1
09-07 14:27:37.446   512   512 E android.hardware.audio@6.0-harman-service: [CXmlParser]: nodeset is empty for xpath: /audioConfiguration/EnableWatchdog
09-07 14:27:37.447   512   512 E android.hardware.audio@6.0-harman-service: [CXmlParser::GetOneEleValue] Xpath object is NULL. XPath: /audioConfiguration/EnableWatchdog
09-07 14:27:37.447   512   512 W HarmanHal: ConfigSettings::GetOneEleValue Error while reading the path /audioConfiguration/EnableWatchdog
09-07 14:27:37.447   512   512 W HarmanHal: ConfigSettings::GetOneEleValue Error in checkifWatchdogTobeEnabled
09-07 14:27:37.447   512   512 I HarmanHal: WatchdogClient::isClientHealthy, Value Of checkifWatchdogTobeEnabled:0
09-07 14:27:37.474   512 12206 D HarmanHAL: StreamIn::getCapturePositionImpl
09-07 14:27:37.474   538   618 W ipcLib  : ipcLib: in ipc_lib. DV1 read called
09-07 14:27:37.495  2584 10896 W vCard   : Property name unsupported by vCard 2.1: N
09-07 14:27:37.503   512 12206 D HarmanHAL: StreamIn::getCapturePositionImpl
09-07 14:27:37.543   512 12206 I chatty  : uid=1041(audioserver) reader identical 1 line
09-07 14:27:37.573   512 12206 D HarmanHAL: StreamIn::getCapturePositionImpl
09-07 14:27:37.573  2584 10896 W vCard   : Property name unsupported by vCard 2.1: N
09-07 14:27:37.603   512 12206 D HarmanHAL: StreamIn::getCapturePositionImpl
09-07 14:27:37.633   512 12206 D HarmanHAL: StreamIn::getCapturePositionImpl
09-07 14:27:37.653  2584 10896 W vCard   : Property name unsupported by vCard 2.1: N
09-07 14:27:37.663   512 12206 D HarmanHAL: StreamIn::getCapturePositionImpl
09-07 14:27:37.704   512 12206 D HarmanHAL: StreamIn::getCapturePositionImpl
09-07 14:27:37.730  2584 10896 W vCard   : Property name unsupported by vCard 2.1: N
09-07 14:27:37.733   512 12206 D HarmanHAL: StreamIn::getCapturePositionImpl
09-07 14:27:37.764   512 12206 I chatty  : uid=1041(audioserver) reader identical 1 line
09-07 14:27:37.793   512 12206 D HarmanHAL: StreamIn::getCapturePositionImpl
09-07 14:27:37.814  2584 10896 W vCard   : Property name unsupported by vCard 2.1: N
09-07 14:27:37.824   512 12206 D HarmanHAL: StreamIn::getCapturePositionImpl
09-07 14:27:37.863   512 12206 I chatty  : uid=1041(audioserver) reader identical 1 line
09-07 14:27:37.893   512 12206 D HarmanHAL: StreamIn::getCapturePositionImpl
09-07 14:27:37.901  2584 10896 W vCard   : Property name unsupported by vCard 2.1: N
09-07 14:27:37.923   512 12206 D HarmanHAL: StreamIn::getCapturePositionImpl
09-07 14:27:37.953   512 12206 D HarmanHAL: StreamIn::getCapturePositionImpl
09-07 14:27:37.978  2584 10896 W vCard   : Property name unsupported by vCard 2.1: N
09-07 14:27:37.983   512 12206 D HarmanHAL: StreamIn::getCapturePositionImpl
09-07 14:27:38.023   512 12206 D HarmanHAL: StreamIn::getCapturePositionImpl
09-07 14:27:38.053   512 12206 I HarmanHal.Routing: hacs alsa node(pcmTunerIn_c) adtm interval_min:30 ms, inverval_max:40 ms, inverval_mean:31 ms!
09-07 14:27:38.053   512 12206 I HarmanHal.Routing:  in printADTM() PcmAlsaWrapper.cpp:876
09-07 14:27:38.053   512 12206 D HarmanHAL: StreamIn::getCapturePositionImpl
09-07 14:27:38.067  2584 10896 W vCard   : Property name unsupported by vCard 2.1: N
09-07 14:27:38.083   512 12206 D HarmanHAL: StreamIn::getCapturePositionImpl
09-07 14:27:38.114   512 12206 I chatty  : uid=1041(audioserver) reader identical 1 line
09-07 14:27:38.143   512 12206 D HarmanHAL: StreamIn::getCapturePositionImpl
09-07 14:27:38.144  2584 10896 W vCard   : Property name unsupported by vCard 2.1: N
09-07 14:27:38.183   512 12206 D HarmanHAL: StreamIn::getCapturePositionImpl
09-07 14:27:38.213   512 12206 D HarmanHAL: StreamIn::getCapturePositionImpl
09-07 14:27:38.232  2584 10896 W vCard   : Property name unsupported by vCard 2.1: N
09-07 14:27:38.243   512 12206 D HarmanHAL: StreamIn::getCapturePositionImpl
09-07 14:27:38.274   512 12206 D HarmanHAL: StreamIn::getCapturePositionImpl
09-07 14:27:38.280   512  3972 I HarmanHal.Routing: hacs alsa node(pcmMedia_p) adtm interval_min:0 ms, inverval_max:11 ms, inverval_mean:8 ms!
09-07 14:27:38.280   512  3972 I HarmanHal.Routing:  in printADTM() PcmAlsaWrapper.cpp:876
09-07 14:27:38.303   512 12206 D HarmanHAL: StreamIn::getCapturePositionImpl
09-07 14:27:38.327  2584 10896 W vCard   : Property name unsupported by vCard 2.1: N
09-07 14:27:38.343   512 12206 D HarmanHAL: StreamIn::getCapturePositionImpl
09-07 14:27:38.373   512 12206 I chatty  : uid=1041(audioserver) reader identical 1 line
09-07 14:27:38.403   512 12206 D HarmanHAL: StreamIn::getCapturePositionImpl
09-07 14:27:38.416  2584 10896 W vCard   : Property name unsupported by vCard 2.1: N
09-07 14:27:38.434   512 12206 D HarmanHAL: StreamIn::getCapturePositionImpl
09-07 14:27:38.463   512 12206 D HarmanHAL: StreamIn::getCapturePositionImpl
09-07 14:27:38.474   538   618 W ipcLib  : ipcLib: in ipc_lib. DV1 read called
09-07 14:27:38.501  2584 10896 W vCard   : Property name unsupported by vCard 2.1: N
09-07 14:27:38.503   512 12206 D HarmanHAL: StreamIn::getCapturePositionImpl
09-07 14:27:38.533   512 12206 I chatty  : uid=1041(audioserver) reader identical 1 line
09-07 14:27:38.563   512 12206 D HarmanHAL: StreamIn::getCapturePositionImpl
09-07 14:27:38.574  2584 10896 W vCard   : Property name unsupported by vCard 2.1: N
09-07 14:27:38.593   512 12206 D HarmanHAL: StreamIn::getCapturePositionImpl
09-07 14:27:38.624   512 12206 I chatty  : uid=1041(audioserver) reader identical 1 line
09-07 14:27:38.663   512 12206 D HarmanHAL: StreamIn::getCapturePositionImpl
09-07 14:27:38.693  2584 10896 W vCard   : Property name unsupported by vCard 2.1: N
09-07 14:27:38.693   512 12206 D HarmanHAL: StreamIn::getCapturePositionImpl
09-07 14:27:38.723   512 12206 I chatty  : uid=1041(audioserver) reader identical 1 line
09-07 14:27:38.753   512 12206 D HarmanHAL: StreamIn::getCapturePositionImpl
09-07 14:27:38.772  2584 10896 W vCard   : Property name unsupported by vCard 2.1: N
09-07 14:27:38.784   512 12206 D HarmanHAL: StreamIn::getCapturePositionImpl
09-07 14:27:38.824   512 12206 D HarmanHAL: StreamIn::getCapturePositionImpl
09-07 14:27:38.846  2584 10896 W vCard   : Property name unsupported by vCard 2.1: N
09-07 14:27:38.853   512 12206 D HarmanHAL: StreamIn::getCapturePositionImpl
01-01 00:02:41.869     0     0 I init    : starting service 'qccsyshalservice'...
01-01 00:02:41.892     0     0 I init    : starting service 'vendor.sensors-hal-1-0'...
09-07 14:27:38.883   512 12206 D HarmanHAL: StreamIn::getCapturePositionImpl
09-07 14:27:38.906 12676 12676 I qccsyshalservice: Start with system binder
09-07 14:27:38.906 12676 12676 I qccsyshalservice: Registering qccsyshal service...
09-07 14:27:38.907   376   376 I hwservicemanager: getTransport: Cannot find entry vendor.qti.hardware.qccsyshal@1.0::IQccsyshal/qccsyshal in either framework or device manifest.
09-07 14:27:38.908 12676 12676 E HidlServiceManagement: Service vendor.qti.hardware.qccsyshal@1.0::IQccsyshal/qccsyshal must be in VINTF manifest in order to register/get.
09-07 14:27:38.908 12676 12676 E qccsyshalservice: [ERROR] registerAsService() failed with status: -2147483648
01-01 00:02:41.899     0     0 I init    : starting service 'LogManager'...
09-07 14:27:38.913   512 12206 D HarmanHAL: StreamIn::getCapturePositionImpl
01-01 00:02:41.908     0     0 I init    : Service 'qccsyshalservice' (pid 12676) exited with status 1
01-01 00:02:41.908     0     0 I init    : Sending signal 9 to service 'qccsyshalservice' (pid 12676) process group...
01-01 00:02:41.908     0     0 I libprocessgroup: Successfully killed process cgroup uid 1000 pid 12676 in 0ms
09-07 14:27:38.924  2584 10896 W vCard   : Property name unsupported by vCard 2.1: N
09-07 14:27:38.923 12678 12678 I vendor.harman.L: type=1400 audit(0.0:2357): avc: denied { read } for name="u:object_r:hwservicemanager_prop:s0" dev="tmpfs" ino=24519 scontext=u:r:logmanagerd:s0 tcontext=u:object_r:hwservicemanager_prop:s0 tclass=file permissive=1
09-07 14:27:38.929 12678 12678 D LOGMANAGER: LOGMANAGER HAL service init() start
09-07 14:27:38.929 12678 12678 D LOGMANAGER: Logmanager configured rpcthreadpool
09-07 14:27:38.923 12678 12678 I vendor.harman.L: type=1400 audit(0.0:2358): avc: denied { open } for path="/dev/__properties__/u:object_r:hwservicemanager_prop:s0" dev="tmpfs" ino=24519 scontext=u:r:logmanagerd:s0 tcontext=u:object_r:hwservicemanager_prop:s0 tclass=file permissive=1
09-07 14:27:38.923 12678 12678 I vendor.harman.L: type=1400 audit(0.0:2359): avc: denied { getattr } for path="/dev/__properties__/u:object_r:hwservicemanager_prop:s0" dev="tmpfs" ino=24519 scontext=u:r:logmanagerd:s0 tcontext=u:object_r:hwservicemanager_prop:s0 tclass=file permissive=1
09-07 14:27:38.923 12678 12678 I vendor.harman.L: type=1400 audit(0.0:2360): avc: denied { map } for path="/dev/__properties__/u:object_r:hwservicemanager_prop:s0" dev="tmpfs" ino=24519 scontext=u:r:logmanagerd:s0 tcontext=u:object_r:hwservicemanager_prop:s0 tclass=file permissive=1
09-07 14:27:38.933 12678 12678 I HidlServiceManagement: Registered vendor.harman.hardware.LogManager@1.0::ILogManager/default
09-07 14:27:38.933 12678 12678 D LOGMANAGER: Logmanager HAL Service is registered and ready
09-07 14:27:38.933 12678 12678 I LOGMANAGER: ThreadPoolWrapper::initThreadPool
09-07 14:27:38.934 12678 12678 I LOGMANAGER: ThreadPoolWrapper : exit
09-07 14:27:38.934 12678 12678 D LOGMANAGER: Logmanager threadpoolwrapper created
09-07 14:27:38.934 12678 12678 D LOGMANAGER: User argument is -c
09-07 14:27:38.934 12678 12678 I LOGMANAGER: LogmanagerConfig is configured under config file
09-07 14:27:38.934 12678 12678 I LOGMANAGER: LoggingLevel is : 4
09-07 14:27:38.934 12678 12678 I LOGMANAGER: LogEnableState is : 0
09-07 14:27:38.934 12678 12678 I LOGMANAGER: OutputPluginConfiguration PluginType : LOGWRITTER
09-07 14:27:38.934 12678 12678 I LOGMANAGER: LM_OutputConfiguration : 1
09-07 14:27:38.934 12678 12678 I LOGMANAGER: LM_OfflineTraceDirectory : /data/cache
09-07 14:27:38.934 12678 12678 I LOGMANAGER: LM_OfflineTraceFILESize : 1000000
09-07 14:27:38.934 12678 12678 I LOGMANAGER: LM_OfflineTotalFILESSize : 20000000
09-07 14:27:38.934 12678 12678 I LOGMANAGER: LM_FileNameTimeStampBased : 0
09-07 14:27:38.934 12678 12678 I LOGMANAGER: Got IOC plugin
09-07 14:27:38.934 12678 12678 I LOGMANAGER: IOCIPCChannelNumber :6
09-07 14:27:38.934 12678 12678 I LOGMANAGER: keyseq: HOME + VOLUMEDOWN  for domain is AudioDump
09-07 14:27:38.931 12678 12678 I vendor.harman.L: type=1400 audit(0.0:2361): avc: denied { dac_read_search } for capability=2 scontext=u:r:logmanagerd:s0 tcontext=u:r:logmanagerd:s0 tclass=capability permissive=1
09-07 14:27:38.934 12678 12678 I LOGMANAGER: keyseq: HOME + VOLUMEUP  for domain is HCIDump
09-07 14:27:38.934 12678 12678 I LOGMANAGER: Domains parsing is done
09-07 14:27:38.931 12678 12678 I vendor.harman.L: type=1400 audit(0.0:2362): avc: denied { search } for name="cache" dev="dm-4" ino=262146 scontext=u:r:logmanagerd:s0 tcontext=u:object_r:cache_file:s0 tclass=dir permissive=1
09-07 14:27:38.931 12678 12678 I vendor.harman.L: type=1400 audit(0.0:2363): avc: denied { dac_override } for capability=1 scontext=u:r:logmanagerd:s0 tcontext=u:r:logmanagerd:s0 tclass=capability permissive=1
01-01 00:02:41.925     0     0 W audit   : audit_lost=955 audit_rate_limit=5 audit_backlog_limit=64
01-01 00:02:41.925     0     0 E audit   : rate limit exceeded
09-07 14:27:38.940 12678 12678 E LOGMANAGER: Failed to load plugin /vendor/lib64/libIOCDLogReader.so with error code dlopen failed: library "/vendor/lib64/libIOCDLogReader.so" not found 
09-07 14:27:38.940 12678 12678 F libc    : Fatal signal 11 (SIGSEGV), code 1 (SEGV_MAPERR), fault addr 0x0 in tid 12678 (vendor.harman.L), pid 12678 (vendor.harman.L)
09-07 14:27:38.940 12678 12679 I LOGMANAGER: ThreadPoolWrapper:  enter the joinRpcThreadpool()
09-07 14:27:38.941   376   376 I hwservicemanager: getTransport: Cannot find entry android.hardware.sensors@1.0::ISensors/default in either framework or device manifest.
09-07 14:27:38.943 12677 12677 E android.hardware.sensors@1.0-service: Couldn't load sensors module (Unknown error -2147483648)
01-01 00:02:41.935     0     0 I init    : Service 'vendor.sensors-hal-1-0' (pid 12677) exited with status 1
09-07 14:27:38.943 12677 12677 D RefBase : RefBase: Explicit destruction, weak count = 0 (in 0xb40000761f377398)
01-01 00:02:41.935     0     0 I init    : Sending signal 9 to service 'vendor.sensors-hal-1-0' (pid 12677) process group...
09-07 14:27:38.943 12677 12677 W RefBase : CallStack::getCurrentInternal not linked, returning null
09-07 14:27:38.943 12677 12677 W RefBase : CallStack::logStackInternal not linked
01-01 00:02:41.935     0     0 I libprocessgroup: Successfully killed process cgroup uid 1000 pid 12677 in 0ms
09-07 14:27:38.944 12677 12677 E LegacySupport: Could not get passthrough implementation for android.hardware.sensors@1.0::ISensors/default.
09-07 14:27:38.944   512 12206 D HarmanHAL: StreamIn::getCapturePositionImpl
09-07 14:27:38.973 12682 12682 I crash_dump64: obtaining output fd from tombstoned, type: kDebuggerdTombstone
09-07 14:27:38.975   463   463 I tombstoned: received crash request for pid 12678
09-07 14:27:38.975 12682 12682 I crash_dump64: performing dump of process 12678 (target tid = 12678)
09-07 14:27:38.978 12682 12682 F DEBUG   : *** *** *** *** *** *** *** *** *** *** *** *** *** *** *** ***
09-07 14:27:38.979 12682 12682 F DEBUG   : Build fingerprint: 'qti/titan_tml_b2/titan_tml_b2:11/RQ3A.210605.005/eng.ksong.20210907.134230:userdebug/test-keys'
09-07 14:27:38.979 12682 12682 F DEBUG   : Revision: '0'
09-07 14:27:38.979 12682 12682 F DEBUG   : ABI: 'arm64'
09-07 14:27:38.980 12682 12682 F DEBUG   : Timestamp: 2021-09-07 14:27:38+0000
09-07 14:27:38.980 12682 12682 F DEBUG   : pid: 12678, tid: 12678, name: vendor.harman.L  >>> /vendor/bin/hw/vendor.harman.LogManager@1.0-service <<<
09-07 14:27:38.980 12682 12682 F DEBUG   : uid: 0
09-07 14:27:38.980 12682 12682 F DEBUG   : signal 11 (SIGSEGV), code 1 (SEGV_MAPERR), fault addr 0x0
09-07 14:27:38.980 12682 12682 F DEBUG   : Cause: null pointer dereference
09-07 14:27:38.980 12682 12682 F DEBUG   :     x0  0000000000000000  x1  0000000000000000  x2  0000000000080001  x3  0000000000000000
09-07 14:27:38.980 12682 12682 F DEBUG   :     x4  0000000000000000  x5  0000000000000090  x6  fefefefefefefeff  x7  7f7f7f7f7f7f7f7f
09-07 14:27:38.980 12682 12682 F DEBUG   :     x8  0101010101010101  x9  81b38cb2cf0ac51c  x10 0000007fdd4628e8  x11 fffffffffffffffd
09-07 14:27:38.981 12682 12682 F DEBUG   :     x12 0000007fdd462a70  x13 000000000000008e  x14 0037ca39c9796800  x15 0000000034155555
09-07 14:27:38.981 12682 12682 F DEBUG   :     x16 00000059400997e0  x17 0000007502061b30  x18 000000750313e000  x19 0000000000000000
09-07 14:27:38.981 12682 12682 F DEBUG   :     x20 00000075027b5c50  x21 0000007fdd463189  x22 b400007401f782a8  x23 0000007fdd4631a8
09-07 14:27:38.981 12682 12682 F DEBUG   :     x24 0000000000000000  x25 0000007502bc5000  x26 0000007fdd463189  x27 0000007fdd463159
09-07 14:27:38.981 12682 12682 F DEBUG   :     x28 0000000000000000  x29 0000007fdd463090
09-07 14:27:38.981 12682 12682 F DEBUG   :     lr  0000005940090048  sp  0000007fdd463090  pc  0000007502061b40  pst 0000000080000000
09-07 14:27:38.983   512 12206 D HarmanHAL: StreamIn::getCapturePositionImpl
09-07 14:27:38.985 12682 12682 F DEBUG   : backtrace:
09-07 14:27:38.985 12682 12682 F DEBUG   :       #00 pc 000000000004ab40  /apex/com.android.runtime/lib64/bionic/libc.so (strlen_default+16) (BuildId: 2b7c6e33413ac7278a15dfc3ea383089)
09-07 14:27:38.985 12682 12682 F DEBUG   :       #01 pc 0000000000009044  /vendor/bin/hw/vendor.harman.LogManager@1.0-service (BuildId: 3e966ab64050b441b920ba0e8960d123)
09-07 14:27:38.985 12682 12682 F DEBUG   :       #02 pc 0000000000008df0  /vendor/bin/hw/vendor.harman.LogManager@1.0-service (LM::LogManagerImpl::load_plugin_conf(void*, std::__1::basic_string<char, std::__1::char_traits<char>, std::__1::allocator<char> >, std::__1::multimap<std::__1::basic_string<char, std::__1::char_traits<char>, std::__1::allocator<char> >, int, std::__1::less<std::__1::basic_string<char, std::__1::char_traits<char>, std::__1::allocator<char> > >, std::__1::allocator<std::__1::pair<std::__1::basic_string<char, std::__1::char_traits<char>, std::__1::allocator<char> > const, int> > >&)+752) (BuildId: 3e966ab64050b441b920ba0e8960d123)
09-07 14:27:38.986 12682 12682 F DEBUG   :       #03 pc 00000000000088c0  /vendor/bin/hw/vendor.harman.LogManager@1.0-service (LM::LogManagerImpl::loadplugins()+436) (BuildId: 3e966ab64050b441b920ba0e8960d123)
09-07 14:27:38.986 12682 12682 F DEBUG   :       #04 pc 0000000000007af8  /vendor/bin/hw/vendor.harman.LogManager@1.0-service (main+1112) (BuildId: 3e966ab64050b441b920ba0e8960d123)
09-07 14:27:38.986 12682 12682 F DEBUG   :       #05 pc 000000000004988c  /apex/com.android.runtime/lib64/bionic/libc.so (__libc_init+108) (BuildId: 2b7c6e33413ac7278a15dfc3ea383089)
09-07 14:27:39.000   532   569 I VPS     : VPS:VehiclePlatformSOCHeartBeatHandler IVI HeartBeat sent successfully SOCHeartBeatInfo.SOCStatus->2
09-07 14:27:39.000   532   569 W ipcLib  : ipcLib: in ipc_lib. DV1 write called
09-07 14:27:39.002   532   569 W ipcLib  : ipcLib: in ipc_lib. DV1 read called
09-07 14:27:39.006  2584 10896 W vCard   : Property name unsupported by vCard 2.1: N
09-07 14:27:39.013   512 12206 D HarmanHAL: StreamIn::getCapturePositionImpl
01-01 00:02:42.010     0     0 D logd    : logdr: UID=0 GID=1000 PID=12682 n tail=50 logMask=1 pid=12678 start=0ns timeout=0ns
01-01 00:02:42.031     0     0 D logd    : logdr: UID=0 GID=1000 PID=12682 n tail=0 logMask=8 pid=12678 start=0ns timeout=0ns
09-07 14:27:39.043   512 12206 I HarmanHal.Routing: hacs alsa node(pcmTunerIn_c) adtm interval_min:30 ms, inverval_max:40 ms, inverval_mean:31 ms!
09-07 14:27:39.043   512 12206 I HarmanHal.Routing:  in printADTM() PcmAlsaWrapper.cpp:876
09-07 14:27:39.044   512 12206 D HarmanHAL: StreamIn::getCapturePositionImpl
01-01 00:02:42.040     0     0 D logd    : logdr: UID=0 GID=1000 PID=12682 n tail=0 logMask=1 pid=12678 start=0ns timeout=0ns
09-07 14:27:39.059  1033  1270 W NativeCrashListener: Couldn't find ProcessRecord for pid 12678
09-07 14:27:39.059 12682 12682 E crash_dump64: AM data write failed: Broken pipe
09-07 14:27:39.061   463   463 E tombstoned: Tombstone written to: /data/tombstones/tombstone_48
01-01 00:02:42.052     0     0 I init    : Service 'LogManager' (pid 12678) received signal 11
09-07 14:27:39.070  1033  1095 I BootReceiver: Copying /data/tombstones/tombstone_48 to DropBox (SYSTEM_TOMBSTONE)
09-07 14:27:39.073   512 12206 D HarmanHAL: StreamIn::getCapturePositionImpl
09-07 14:27:39.073  1033  1095 I DropBoxManagerService: add tag=SYSTEM_TOMBSTONE isTagEnabled=true flags=0x2
09-07 14:27:39.090  2584 10896 W vCard   : Property name unsupported by vCard 2.1: N
09-07 14:27:39.103   512 12206 D HarmanHAL: StreamIn::getCapturePositionImpl
09-07 14:27:39.143   512 12206 D HarmanHAL: StreamIn::getCapturePositionImpl
09-07 14:27:39.167   532   569 W ipcLib  : ipcLib: in ipc_lib. DV1 read called
09-07 14:27:39.167   532   568 I VPS     : VPS:IOCStatusInfo.VoltageStatus->0 
09-07 14:27:39.167   532   568 I VPS     : VPS:IOCStatusInfo.IOCStatusCmd->a6 
09-07 14:27:39.167   532   568 I VPS     : VPS:IOCStatusInfo.WakeUpReason->0 
09-07 14:27:39.167   532   568 I VPS     : VPS:IOCStatusInfo.DerivedIgnitionStatus->0 
09-07 14:27:39.167   532   568 I VPS     : VPS:IOCStatusInfo.PowerModeState->4 
09-07 14:27:39.167   532   568 I VPS     : VPS:IOCStatusInfo.SOCShutdownRequest->0 
09-07 14:27:39.167   532   568 I VPS     : VPS:IOCStatusInfo.AntiTheftState->0 
09-07 14:27:39.167   532   568 I VPS     : VPS:IOCStatusInfo.BatteryConnect->0 
09-07 14:27:39.173   512 12206 D HarmanHAL: StreamIn::getCapturePositionImpl
09-07 14:27:39.174  2584 10896 W vCard   : Property name unsupported by vCard 2.1: N
09-07 14:27:39.203   512 12206 D HarmanHAL: StreamIn::getCapturePositionImpl
09-07 14:27:39.234   512 12206 D HarmanHAL: StreamIn::getCapturePositionImpl
09-07 14:27:39.252  2584 10896 W vCard   : Property name unsupported by vCard 2.1: N
09-07 14:27:39.264   512 12206 D HarmanHAL: StreamIn::getCapturePositionImpl
09-07 14:27:39.281   512  3972 I HarmanHal.Routing: hacs alsa node(pcmMedia_p) adtm interval_min:0 ms, inverval_max:11 ms, inverval_mean:8 ms!
09-07 14:27:39.281   512  3972 I HarmanHal.Routing:  in printADTM() PcmAlsaWrapper.cpp:876
09-07 14:27:39.304   512 12206 D HarmanHAL: StreamIn::getCapturePositionImpl
09-07 14:27:39.333   512 12206 D HarmanHAL: StreamIn::getCapturePositionImpl
09-07 14:27:39.343  2584 10896 W vCard   : Property name unsupported by vCard 2.1: N
09-07 14:27:39.363   512 12206 D HarmanHAL: StreamIn::getCapturePositionImpl
09-07 14:27:39.393   512 12206 I chatty  : uid=1041(audioserver) reader identical 1 line
09-07 14:27:39.423   512 12206 D HarmanHAL: StreamIn::getCapturePositionImpl
09-07 14:27:39.431  2584 10896 W vCard   : Property name unsupported by vCard 2.1: N
09-07 14:27:39.464   512 12206 D HarmanHAL: StreamIn::getCapturePositionImpl
09-07 14:27:39.474   538   618 W ipcLib  : ipcLib: in ipc_lib. DV1 read called
09-07 14:27:39.493   512 12206 D HarmanHAL: StreamIn::getCapturePositionImpl
09-07 14:27:39.520  2584 10896 W vCard   : Property name unsupported by vCard 2.1: N
09-07 14:27:39.523   512 12206 D HarmanHAL: StreamIn::getCapturePositionImpl
09-07 14:27:39.553   512 12206 D HarmanHAL: StreamIn::getCapturePositionImpl
09-07 14:27:39.562   536   612 E pathology: [ProcessCrashHandler:: parseTombstoneFileName]string not found
09-07 14:27:39.562   536   612 I chatty  : uid=0(root) vendor.harman.p identical 4 lines
09-07 14:27:39.562   536   612 E pathology: [ProcessCrashHandler:: parseTombstoneFileName]string not found
09-07 14:27:39.583   512 12206 D HarmanHAL: StreamIn::getCapturePositionImpl
09-07 14:27:39.606  2584 10896 W vCard   : Property name unsupported by vCard 2.1: N
09-07 14:27:39.623   512 12206 D HarmanHAL: StreamIn::getCapturePositionImpl
09-07 14:27:39.653   512 12206 I chatty  : uid=1041(audioserver) reader identical 1 line
09-07 14:27:39.683   512 12206 D HarmanHAL: StreamIn::getCapturePositionImpl
09-07 14:27:39.693  2584 10896 W vCard   : Property name unsupported by vCard 2.1: N
09-07 14:27:39.714   512 12206 D HarmanHAL: StreamIn::getCapturePositionImpl
09-07 14:27:39.737   537   722 I TunerCommon: CTunerTimer::startTimer: altMsecTimeout = 15000
09-07 14:27:39.737   537   711 W TunerCommon: EventThd::run:deliverEvent: OK
09-07 14:27:39.743   512 12206 D HarmanHAL: StreamIn::getCapturePositionImpl
09-07 14:27:39.773  2584 10896 W vCard   : Property name unsupported by vCard 2.1: N
09-07 14:27:39.783   512 12206 D HarmanHAL: StreamIn::getCapturePositionImpl
09-07 14:27:39.813   512 12206 I chatty  : uid=1041(audioserver) reader identical 1 line
09-07 14:27:39.843   512 12206 D HarmanHAL: StreamIn::getCapturePositionImpl
09-07 14:27:39.855  2584 10896 W vCard   : Property name unsupported by vCard 2.1: N
09-07 14:27:39.874   512 12206 D HarmanHAL: StreamIn::getCapturePositionImpl
09-07 14:27:39.903   512 12206 I chatty  : uid=1041(audioserver) reader identical 1 line
09-07 14:27:39.944   512 12206 D HarmanHAL: StreamIn::getCapturePositionImpl
09-07 14:27:39.971  2584 10896 W vCard   : Property name unsupported by vCard 2.1: N
09-07 14:27:39.973   512 12206 D HarmanHAL: StreamIn::getCapturePositionImpl
09-07 14:27:40.004   512 12206 D HarmanHAL: StreamIn::getCapturePositionImpl
09-07 14:27:40.015   536   536 I vendor.harman.p: type=1400 audit(0.0:2387): avc: denied { create } for name="PROCCRASH_PF_1631024859.lz4" scontext=u:r:pathologyd:s0 tcontext=u:object_r:vendor_data_file:s0 tclass=file permissive=1
09-07 14:27:40.015   536   536 I vendor.harman.p: type=1400 audit(0.0:2388): avc: denied { write open } for path="/data/vendor/pathologyArchive/2/PROCCRASH_PF_1631024859.lz4" dev="dm-4" ino=49358 scontext=u:r:pathologyd:s0 tcontext=u:object_r:vendor_data_file:s0 tclass=file permissive=1
09-07 14:27:40.033   512 12206 I HarmanHal.Routing: hacs alsa node(pcmTunerIn_c) adtm interval_min:30 ms, inverval_max:40 ms, inverval_mean:31 ms!
09-07 14:27:40.033   512 12206 I HarmanHal.Routing:  in printADTM() PcmAlsaWrapper.cpp:876
09-07 14:27:40.033   512 12206 D HarmanHAL: StreamIn::getCapturePositionImpl
09-07 14:27:40.054  2584 10896 W vCard   : Property name unsupported by vCard 2.1: N
09-07 14:27:40.064   512 12206 D HarmanHAL: StreamIn::getCapturePositionImpl
09-07 14:27:40.103   512 12206 D HarmanHAL: StreamIn::getCapturePositionImpl
09-07 14:27:40.131  2584 10896 W vCard   : Property name unsupported by vCard 2.1: N
09-07 14:27:40.134   512 12206 D HarmanHAL: StreamIn::getCapturePositionImpl
09-07 14:27:40.163   512 12206 I chatty  : uid=1041(audioserver) reader identical 1 line
09-07 14:27:40.194   512 12206 D HarmanHAL: StreamIn::getCapturePositionImpl
09-07 14:27:40.215  2584 10896 W vCard   : Property name unsupported by vCard 2.1: N
09-07 14:27:40.223   512 12206 D HarmanHAL: StreamIn::getCapturePositionImpl
09-07 14:27:40.264   512 12206 D HarmanHAL: StreamIn::getCapturePositionImpl
09-07 14:27:40.280   512  3972 I HarmanHal.Routing: hacs alsa node(pcmMedia_p) adtm interval_min:0 ms, inverval_max:11 ms, inverval_mean:7 ms!
09-07 14:27:40.280   512  3972 I HarmanHal.Routing:  in printADTM() PcmAlsaWrapper.cpp:876
09-07 14:27:40.294   512 12206 D HarmanHAL: StreamIn::getCapturePositionImpl
09-07 14:27:40.312  2584 10896 W vCard   : Property name unsupported by vCard 2.1: N
09-07 14:27:40.323   512 12206 D HarmanHAL: StreamIn::getCapturePositionImpl
09-07 14:27:40.353   512 12206 I chatty  : uid=1041(audioserver) reader identical 1 line
09-07 14:27:40.384   512 12206 D HarmanHAL: StreamIn::getCapturePositionImpl
09-07 14:27:40.401  2584 10896 W vCard   : Property name unsupported by vCard 2.1: N
09-07 14:27:40.423   512 12206 D HarmanHAL: StreamIn::getCapturePositionImpl
09-07 14:27:40.453   512 12206 D HarmanHAL: StreamIn::getCapturePositionImpl
09-07 14:27:40.469  2584 10896 W vCard   : Property name unsupported by vCard 2.1: N
09-07 14:27:40.474   538   618 W ipcLib  : ipcLib: in ipc_lib. DV1 read called
09-07 14:27:40.483   512 12206 D HarmanHAL: StreamIn::getCapturePositionImpl
09-07 14:27:40.513   512 12206 I chatty  : uid=1041(audioserver) reader identical 1 line
09-07 14:27:40.543   512 12206 D HarmanHAL: StreamIn::getCapturePositionImpl
09-07 14:27:40.554  2584 10896 W vCard   : Property name unsupported by vCard 2.1: N
09-07 14:27:40.583   512 12206 D HarmanHAL: StreamIn::getCapturePositionImpl
09-07 14:27:40.613   512 12206 D HarmanHAL: StreamIn::getCapturePositionImpl
09-07 14:27:40.611   536   536 I vendor.harman.p: type=1400 audit(0.0:2389): avc: denied { read } for name="2" dev="dm-4" ino=49241 scontext=u:r:pathologyd:s0 tcontext=u:object_r:vendor_data_file:s0 tclass=dir permissive=1
09-07 14:27:40.611   536   536 I vendor.harman.p: type=1400 audit(0.0:2390): avc: denied { open } for path="/data/vendor/pathologyArchive/2" dev="dm-4" ino=49241 scontext=u:r:pathologyd:s0 tcontext=u:object_r:vendor_data_file:s0 tclass=dir permissive=1
09-07 14:27:40.628  2584 10896 W vCard   : Property name unsupported by vCard 2.1: N
09-07 14:27:40.643   512 12206 D HarmanHAL: StreamIn::getCapturePositionImpl
09-07 14:27:40.674   512 12206 I chatty  : uid=1041(audioserver) reader identical 1 line
09-07 14:27:40.703   512 12206 D HarmanHAL: StreamIn::getCapturePositionImpl
09-07 14:27:40.711  2584 10896 W vCard   : Property name unsupported by vCard 2.1: N
09-07 14:27:40.743   512 12206 D HarmanHAL: StreamIn::getCapturePositionImpl
09-07 14:27:40.773   512 12206 D HarmanHAL: StreamIn::getCapturePositionImpl
09-07 14:27:40.782  2584 10896 W vCard   : Property name unsupported by vCard 2.1: N
09-07 14:27:40.803   512 12206 D HarmanHAL: StreamIn::getCapturePositionImpl
09-07 14:27:40.834   512 12206 D HarmanHAL: StreamIn::getCapturePositionImpl
09-07 14:27:40.856  2584 10896 W vCard   : Property name unsupported by vCard 2.1: N
09-07 14:27:40.863   512 12206 D HarmanHAL: StreamIn::getCapturePositionImpl
09-07 14:27:40.903   512 12206 D HarmanHAL: StreamIn::getCapturePositionImpl
09-07 14:27:40.915  2584 10896 W vCard   : Property name unsupported by vCard 2.1: N
09-07 14:27:40.933   512 12206 D HarmanHAL: StreamIn::getCapturePositionImpl
09-07 14:27:40.963   512 12206 D HarmanHAL: StreamIn::getCapturePositionImpl
09-07 14:27:40.989  2584 10896 W vCard   : Property name unsupported by vCard 2.1: N
09-07 14:27:40.993   512 12206 D HarmanHAL: StreamIn::getCapturePositionImpl
09-07 14:27:41.023   512 12206 I HarmanHal.Routing: hacs alsa node(pcmTunerIn_c) adtm interval_min:30 ms, inverval_max:40 ms, inverval_mean:31 ms!
09-07 14:27:41.023   512 12206 I HarmanHal.Routing:  in printADTM() PcmAlsaWrapper.cpp:876
09-07 14:27:41.024   512 12206 D HarmanHAL: StreamIn::getCapturePositionImpl
09-07 14:27:41.055  2584 10896 W vCard   : Property name unsupported by vCard 2.1: N
09-07 14:27:41.064   512 12206 D HarmanHAL: StreamIn::getCapturePositionImpl
09-07 14:27:41.093   512 12206 I chatty  : uid=1041(audioserver) reader identical 1 line
09-07 14:27:41.123   512 12206 D HarmanHAL: StreamIn::getCapturePositionImpl
09-07 14:27:41.127  2584 10896 W vCard   : Property name unsupported by vCard 2.1: N
09-07 14:27:41.153   512 12206 D HarmanHAL: StreamIn::getCapturePositionImpl
09-07 14:27:41.183   512 12206 I chatty  : uid=1041(audioserver) reader identical 1 line
09-07 14:27:41.225   512 12206 D HarmanHAL: StreamIn::getCapturePositionImpl
09-07 14:27:41.228  2584 10896 W vCard   : Property name unsupported by vCard 2.1: N
09-07 14:27:41.253   512 12206 D HarmanHAL: StreamIn::getCapturePositionImpl
09-07 14:27:41.266   532   569 W ipcLib  : ipcLib: in ipc_lib. DV1 read called
09-07 14:27:41.267   532   568 I VPS     : VPS:IOCStatusInfo.VoltageStatus->0 
09-07 14:27:41.267   532   568 I VPS     : VPS:IOCStatusInfo.IOCStatusCmd->a6 
09-07 14:27:41.267   532   568 I VPS     : VPS:IOCStatusInfo.WakeUpReason->0 
09-07 14:27:41.267   532   568 I VPS     : VPS:IOCStatusInfo.DerivedIgnitionStatus->0 
09-07 14:27:41.267   532   568 I VPS     : VPS:IOCStatusInfo.PowerModeState->4 
09-07 14:27:41.267   532   568 I VPS     : VPS:IOCStatusInfo.SOCShutdownRequest->0 
09-07 14:27:41.267   532   568 I VPS     : VPS:IOCStatusInfo.AntiTheftState->0 
09-07 14:27:41.267   532   568 I VPS     : VPS:IOCStatusInfo.BatteryConnect->0 
09-07 14:27:41.281   512  3972 I HarmanHal.Routing: hacs alsa node(pcmMedia_p) adtm interval_min:0 ms, inverval_max:11 ms, inverval_mean:8 ms!
09-07 14:27:41.281   512  3972 I HarmanHal.Routing:  in printADTM() PcmAlsaWrapper.cpp:876
09-07 14:27:41.284   512 12206 D HarmanHAL: StreamIn::getCapturePositionImpl
09-07 14:27:41.302  2584 10896 W vCard   : Property name unsupported by vCard 2.1: N
09-07 14:27:41.314   512 12206 D HarmanHAL: StreamIn::getCapturePositionImpl
09-07 14:27:41.344   512 12206 I chatty  : uid=1041(audioserver) reader identical 1 line
09-07 14:27:41.383   512 12206 D HarmanHAL: StreamIn::getCapturePositionImpl
09-07 14:27:41.396  2584 10896 W vCard   : Property name unsupported by vCard 2.1: N
09-07 14:27:41.413   512 12206 D HarmanHAL: StreamIn::getCapturePositionImpl
09-07 14:27:41.443   512 12206 I chatty  : uid=1041(audioserver) reader identical 1 line
09-07 14:27:41.473   512 12206 D HarmanHAL: StreamIn::getCapturePositionImpl
09-07 14:27:41.474   538   618 W ipcLib  : ipcLib: in ipc_lib. DV1 read called
09-07 14:27:41.482  2584 10896 W vCard   : Property name unsupported by vCard 2.1: N
09-07 14:27:41.503   512 12206 D HarmanHAL: StreamIn::getCapturePositionImpl
09-07 14:27:41.543   512 12206 D HarmanHAL: StreamIn::getCapturePositionImpl
09-07 14:27:41.568  2584 10896 W vCard   : Property name unsupported by vCard 2.1: N
09-07 14:27:41.573   512 12206 D HarmanHAL: StreamIn::getCapturePositionImpl
09-07 14:27:41.633   512 12206 I chatty  : uid=1041(audioserver) reader identical 2 lines
09-07 14:27:41.663   512 12206 D HarmanHAL: StreamIn::getCapturePositionImpl
09-07 14:27:41.685  2584 10896 W vCard   : Property name unsupported by vCard 2.1: N
09-07 14:27:41.704   512 12206 D HarmanHAL: StreamIn::getCapturePositionImpl
09-07 14:27:41.733   512 12206 D HarmanHAL: StreamIn::getCapturePositionImpl
09-07 14:27:41.738  2584 10896 W vCard   : Property name unsupported by vCard 2.1: N
09-07 14:27:41.763   512 12206 D HarmanHAL: StreamIn::getCapturePositionImpl
09-07 14:27:41.785  2584 10896 W vCard   : Property name unsupported by vCard 2.1: N
09-07 14:27:41.793   512 12206 D HarmanHAL: StreamIn::getCapturePositionImpl
09-07 14:27:41.823   512 12206 D HarmanHAL: StreamIn::getCapturePositionImpl
09-07 14:27:41.835  2584 10896 W vCard   : Property name unsupported by vCard 2.1: N
09-07 14:27:41.863   512 12206 D HarmanHAL: StreamIn::getCapturePositionImpl
09-07 14:27:41.877  2584 10896 W vCard   : Property name unsupported by vCard 2.1: N
09-07 14:27:41.893   512 12206 D HarmanHAL: StreamIn::getCapturePositionImpl
09-07 14:27:41.923   512 12206 D HarmanHAL: StreamIn::getCapturePositionImpl
09-07 14:27:41.943  2584 10896 W vCard   : Property name unsupported by vCard 2.1: N
09-07 14:27:41.953   512 12206 D HarmanHAL: StreamIn::getCapturePositionImpl
09-07 14:27:41.983   512 12206 D HarmanHAL: StreamIn::getCapturePositionImpl
09-07 14:27:42.011  2584 10896 W vCard   : Property name unsupported by vCard 2.1: N
09-07 14:27:42.023   512 12206 I HarmanHal.Routing: hacs alsa node(pcmTunerIn_c) adtm interval_min:29 ms, inverval_max:41 ms, inverval_mean:32 ms!
09-07 14:27:42.023   512 12206 I HarmanHal.Routing:  in printADTM() PcmAlsaWrapper.cpp:876
09-07 14:27:42.023   512 12206 D HarmanHAL: StreamIn::getCapturePositionImpl
09-07 14:27:42.053   512 12206 I chatty  : uid=1041(audioserver) reader identical 1 line
09-07 14:27:42.083   512 12206 D HarmanHAL: StreamIn::getCapturePositionImpl
09-07 14:27:42.086  2584 10896 W vCard   : Property name unsupported by vCard 2.1: N
09-07 14:27:42.113   512 12206 D HarmanHAL: StreamIn::getCapturePositionImpl
09-07 14:27:42.143   512 12206 D HarmanHAL: StreamIn::getCapturePositionImpl
09-07 14:27:42.171  2584 10896 W vCard   : Property name unsupported by vCard 2.1: N
09-07 14:27:42.183   512 12206 D HarmanHAL: StreamIn::getCapturePositionImpl
09-07 14:27:42.213   512 12206 D HarmanHAL: StreamIn::getCapturePositionImpl
09-07 14:27:42.230  2584 10896 W vCard   : Property name unsupported by vCard 2.1: N
09-07 14:27:42.243   512 12206 D HarmanHAL: StreamIn::getCapturePositionImpl
09-07 14:27:42.273   512 12206 D HarmanHAL: StreamIn::getCapturePositionImpl
09-07 14:27:42.280   512  3972 I HarmanHal.Routing: hacs alsa node(pcmMedia_p) adtm interval_min:0 ms, inverval_max:11 ms, inverval_mean:7 ms!
09-07 14:27:42.280   512  3972 I HarmanHal.Routing:  in printADTM() PcmAlsaWrapper.cpp:876
09-07 14:27:42.303   512 12206 D HarmanHAL: StreamIn::getCapturePositionImpl
09-07 14:27:42.308  2584 10896 W vCard   : Property name unsupported by vCard 2.1: N
09-07 14:27:42.343   512 12206 D HarmanHAL: StreamIn::getCapturePositionImpl
09-07 14:27:42.373   512 12206 D HarmanHAL: StreamIn::getCapturePositionImpl
09-07 14:27:42.389  2584 10896 W vCard   : Property name unsupported by vCard 2.1: N
09-07 14:27:42.403   512 12206 D HarmanHAL: StreamIn::getCapturePositionImpl
09-07 14:27:42.433   512 12206 I chatty  : uid=1041(audioserver) reader identical 1 line
09-07 14:27:42.463   512 12206 D HarmanHAL: StreamIn::getCapturePositionImpl
09-07 14:27:42.475   538   618 W ipcLib  : ipcLib: in ipc_lib. DV1 read called
09-07 14:27:42.503   512 12206 D HarmanHAL: StreamIn::getCapturePositionImpl
09-07 14:27:42.531  2584 10896 W vCard   : Property name unsupported by vCard 2.1: N
09-07 14:27:42.533   512 12206 D HarmanHAL: StreamIn::getCapturePositionImpl
09-07 14:27:42.594   512 12206 I chatty  : uid=1041(audioserver) reader identical 2 lines
09-07 14:27:42.624   512 12206 D HarmanHAL: StreamIn::getCapturePositionImpl
09-07 14:27:42.650  2584 10896 W vCard   : Property name unsupported by vCard 2.1: N
09-07 14:27:42.664   512 12206 D HarmanHAL: StreamIn::getCapturePositionImpl
09-07 14:27:42.693   512 12206 D HarmanHAL: StreamIn::getCapturePositionImpl
09-07 14:27:42.696  2584 10896 W vCard   : Property name unsupported by vCard 2.1: N
09-07 14:27:42.723   512 12206 D HarmanHAL: StreamIn::getCapturePositionImpl
09-07 14:27:42.754   512 12206 D HarmanHAL: StreamIn::getCapturePositionImpl
09-07 14:27:42.771  2584 10896 W vCard   : Property name unsupported by vCard 2.1: N
09-07 14:27:42.784   512 12206 D HarmanHAL: StreamIn::getCapturePositionImpl
09-07 14:27:42.823   512 12206 D HarmanHAL: StreamIn::getCapturePositionImpl
09-07 14:27:42.842  2584 10896 W vCard   : Property name unsupported by vCard 2.1: N
09-07 14:27:42.853   512 12206 D HarmanHAL: StreamIn::getCapturePositionImpl
09-07 14:27:42.883   512 12206 I chatty  : uid=1041(audioserver) reader identical 1 line
09-07 14:27:42.913   512 12206 D HarmanHAL: StreamIn::getCapturePositionImpl
09-07 14:27:42.918  2584 10896 W vCard   : Property name unsupported by vCard 2.1: N
09-07 14:27:42.944   512 12206 D HarmanHAL: StreamIn::getCapturePositionImpl
09-07 14:27:42.983   512 12206 D HarmanHAL: StreamIn::getCapturePositionImpl
09-07 14:27:42.983  2584 10896 W vCard   : Property name unsupported by vCard 2.1: N
09-07 14:27:43.013   512 12206 I HarmanHal.Routing: hacs alsa node(pcmTunerIn_c) adtm interval_min:30 ms, inverval_max:40 ms, inverval_mean:31 ms!
09-07 14:27:43.013   512 12206 I HarmanHal.Routing:  in printADTM() PcmAlsaWrapper.cpp:876
09-07 14:27:43.014   512 12206 D HarmanHAL: StreamIn::getCapturePositionImpl
09-07 14:27:43.043   512 12206 D HarmanHAL: StreamIn::getCapturePositionImpl
09-07 14:27:43.045  2584 10896 W vCard   : Property name unsupported by vCard 2.1: N
09-07 14:27:43.073   512 12206 D HarmanHAL: StreamIn::getCapturePositionImpl
09-07 14:27:43.103   512 12206 D HarmanHAL: StreamIn::getCapturePositionImpl
09-07 14:27:43.140  2584 10896 W vCard   : Property name unsupported by vCard 2.1: N
09-07 14:27:43.143   512 12206 D HarmanHAL: StreamIn::getCapturePositionImpl
09-07 14:27:43.234   512 12206 I chatty  : uid=1041(audioserver) reader identical 3 lines
09-07 14:27:43.263   512 12206 D HarmanHAL: StreamIn::getCapturePositionImpl
09-07 14:27:43.280   512  3972 I HarmanHal.Routing: hacs alsa node(pcmMedia_p) adtm interval_min:0 ms, inverval_max:11 ms, inverval_mean:8 ms!
09-07 14:27:43.280   512  3972 I HarmanHal.Routing:  in printADTM() PcmAlsaWrapper.cpp:876
09-07 14:27:43.303   512 12206 D HarmanHAL: StreamIn::getCapturePositionImpl
09-07 14:27:43.333   512 12206 I chatty  : uid=1041(audioserver) reader identical 1 line
09-07 14:27:43.364   512 12206 D HarmanHAL: StreamIn::getCapturePositionImpl
09-07 14:27:43.366   532   569 W ipcLib  : ipcLib: in ipc_lib. DV1 read called
09-07 14:27:43.367   532   568 I VPS     : VPS:IOCStatusInfo.VoltageStatus->0 
09-07 14:27:43.367   532   568 I VPS     : VPS:IOCStatusInfo.IOCStatusCmd->a6 
09-07 14:27:43.367   532   568 I VPS     : VPS:IOCStatusInfo.WakeUpReason->0 
09-07 14:27:43.367   532   568 I VPS     : VPS:IOCStatusInfo.DerivedIgnitionStatus->0 
09-07 14:27:43.367   532   568 I VPS     : VPS:IOCStatusInfo.PowerModeState->4 
09-07 14:27:43.367   532   568 I VPS     : VPS:IOCStatusInfo.SOCShutdownRequest->0 
09-07 14:27:43.367   532   568 I VPS     : VPS:IOCStatusInfo.AntiTheftState->0 
09-07 14:27:43.367   532   568 I VPS     : VPS:IOCStatusInfo.BatteryConnect->0 
09-07 14:27:43.381  2584 10896 W vCard   : Property name unsupported by vCard 2.1: N
09-07 14:27:43.393   512 12206 D HarmanHAL: StreamIn::getCapturePositionImpl
09-07 14:27:43.423   512 12206 D HarmanHAL: StreamIn::getCapturePositionImpl
09-07 14:27:43.449  2584 10896 W vCard   : Property name unsupported by vCard 2.1: N
09-07 14:27:43.464   512 12206 D HarmanHAL: StreamIn::getCapturePositionImpl
09-07 14:27:43.475   538   618 W ipcLib  : ipcLib: in ipc_lib. DV1 read called
09-07 14:27:43.493   512 12206 D HarmanHAL: StreamIn::getCapturePositionImpl
09-07 14:27:43.498  2584 10896 W vCard   : Property name unsupported by vCard 2.1: N
09-07 14:27:43.524   512 12206 D HarmanHAL: StreamIn::getCapturePositionImpl
09-07 14:27:43.554   512 12206 D HarmanHAL: StreamIn::getCapturePositionImpl
09-07 14:27:43.564  2584 10896 W vCard   : Property name unsupported by vCard 2.1: N
09-07 14:27:43.583   512 12206 D HarmanHAL: StreamIn::getCapturePositionImpl
09-07 14:27:43.623   512 12206 I chatty  : uid=1041(audioserver) reader identical 1 line
09-07 14:27:43.653   512 12206 D HarmanHAL: StreamIn::getCapturePositionImpl
09-07 14:27:43.657  2584 10896 W vCard   : Property name unsupported by vCard 2.1: N
09-07 14:27:43.684   512 12206 D HarmanHAL: StreamIn::getCapturePositionImpl
01-01 00:02:46.879     0     0 I init    : starting service 'qccsyshalservice'...
09-07 14:27:43.874   512 12206 I chatty  : uid=1041(audioserver) reader identical 6 lines
09-07 14:27:43.903   512 12206 D HarmanHAL: StreamIn::getCapturePositionImpl
09-07 14:27:43.905 12693 12693 I qccsyshalservice: Start with system binder
09-07 14:27:43.906 12693 12693 I qccsyshalservice: Registering qccsyshal service...
09-07 14:27:43.907   376   376 I hwservicemanager: getTransport: Cannot find entry vendor.qti.hardware.qccsyshal@1.0::IQccsyshal/qccsyshal in either framework or device manifest.
09-07 14:27:43.907 12693 12693 E HidlServiceManagement: Service vendor.qti.hardware.qccsyshal@1.0::IQccsyshal/qccsyshal must be in VINTF manifest in order to register/get.
09-07 14:27:43.907 12693 12693 E qccsyshalservice: [ERROR] registerAsService() failed with status: -2147483648
01-01 00:02:46.898     0     0 I init    : starting service 'vendor.sensors-hal-1-0'...
01-01 00:02:46.904     0     0 I init    : starting service 'LogManager'...
01-01 00:02:46.912     0     0 I init    : Service 'qccsyshalservice' (pid 12693) exited with status 1
01-01 00:02:46.912     0     0 I init    : Sending signal 9 to service 'qccsyshalservice' (pid 12693) process group...
01-01 00:02:46.913     0     0 I libprocessgroup: Successfully killed process cgroup uid 1000 pid 12693 in 0ms
09-07 14:27:43.943   376   376 I hwservicemanager: getTransport: Cannot find entry android.hardware.sensors@1.0::ISensors/default in either framework or device manifest.
09-07 14:27:43.943   512 12206 D HarmanHAL: StreamIn::getCapturePositionImpl
09-07 14:27:43.946 12694 12694 E android.hardware.sensors@1.0-service: Couldn't load sensors module (Unknown error -2147483648)
09-07 14:27:43.946 12694 12694 D RefBase : RefBase: Explicit destruction, weak count = 0 (in 0xb4000075a46e04b8)
09-07 14:27:43.946 12694 12694 W RefBase : CallStack::getCurrentInternal not linked, returning null
09-07 14:27:43.946 12694 12694 W RefBase : CallStack::logStackInternal not linked
09-07 14:27:43.947 12694 12694 E LegacySupport: Could not get passthrough implementation for android.hardware.sensors@1.0::ISensors/default.
09-07 14:27:43.948 12695 12695 D LOGMANAGER: LOGMANAGER HAL service init() start
09-07 14:27:43.949 12695 12695 D LOGMANAGER: Logmanager configured rpcthreadpool
09-07 14:27:43.943 12695 12695 I vendor.harman.L: type=1400 audit(0.0:2391): avc: denied { read } for name="u:object_r:hwservicemanager_prop:s0" dev="tmpfs" ino=24519 scontext=u:r:logmanagerd:s0 tcontext=u:object_r:hwservicemanager_prop:s0 tclass=file permissive=1
01-01 00:02:46.938     0     0 I init    : Service 'vendor.sensors-hal-1-0' (pid 12694) exited with status 1
01-01 00:02:46.938     0     0 I init    : Sending signal 9 to service 'vendor.sensors-hal-1-0' (pid 12694) process group...
01-01 00:02:46.939     0     0 I libprocessgroup: Successfully killed process cgroup uid 1000 pid 12694 in 0ms
09-07 14:27:43.943 12695 12695 I vendor.harman.L: type=1400 audit(0.0:2392): avc: denied { open } for path="/dev/__properties__/u:object_r:hwservicemanager_prop:s0" dev="tmpfs" ino=24519 scontext=u:r:logmanagerd:s0 tcontext=u:object_r:hwservicemanager_prop:s0 tclass=file permissive=1
09-07 14:27:43.943 12695 12695 I vendor.harman.L: type=1400 audit(0.0:2393): avc: denied { getattr } for path="/dev/__properties__/u:object_r:hwservicemanager_prop:s0" dev="tmpfs" ino=24519 scontext=u:r:logmanagerd:s0 tcontext=u:object_r:hwservicemanager_prop:s0 tclass=file permissive=1
09-07 14:27:43.943 12695 12695 I vendor.harman.L: type=1400 audit(0.0:2394): avc: denied { map } for path="/dev/__properties__/u:object_r:hwservicemanager_prop:s0" dev="tmpfs" ino=24519 scontext=u:r:logmanagerd:s0 tcontext=u:object_r:hwservicemanager_prop:s0 tclass=file permissive=1
09-07 14:27:43.947 12695 12695 I vendor.harman.L: type=1400 audit(0.0:2395): avc: denied { dac_read_search } for capability=2 scontext=u:r:logmanagerd:s0 tcontext=u:r:logmanagerd:s0 tclass=capability permissive=1
09-07 14:27:43.947 12695 12695 I vendor.harman.L: type=1400 audit(0.0:2396): avc: denied { search } for name="cache" dev="dm-4" ino=262146 scontext=u:r:logmanagerd:s0 tcontext=u:object_r:cache_file:s0 tclass=dir permissive=1
01-01 00:02:46.943     0     0 W audit   : audit_lost=978 audit_rate_limit=5 audit_backlog_limit=64
01-01 00:02:46.943     0     0 E audit   : rate limit exceeded
09-07 14:27:43.952  2482  2506 D MmsSmsDatabaseHelper: onCreate: Creating all SMS-MMS tables.
09-07 14:27:43.952 12695 12695 I HidlServiceManagement: Registered vendor.harman.hardware.LogManager@1.0::ILogManager/default
09-07 14:27:43.952 12695 12695 D LOGMANAGER: Logmanager HAL Service is registered and ready
09-07 14:27:43.952 12695 12695 I LOGMANAGER: ThreadPoolWrapper::initThreadPool
09-07 14:27:43.952 12695 12695 I LOGMANAGER: ThreadPoolWrapper : exit
09-07 14:27:43.952 12695 12695 D LOGMANAGER: Logmanager threadpoolwrapper created
09-07 14:27:43.952 12695 12695 D LOGMANAGER: User argument is -c
09-07 14:27:43.953  2482  2506 D MmsSmsDatabaseHelper: onCreate: broadcasting ACTION_SMS_MMS_DB_CREATED
09-07 14:27:43.953 12695 12696 I LOGMANAGER: ThreadPoolWrapper:  enter the joinRpcThreadpool()
09-07 14:27:43.953 12695 12695 I LOGMANAGER: LogmanagerConfig is configured under config file
09-07 14:27:43.953 12695 12695 I LOGMANAGER: LoggingLevel is : 4
09-07 14:27:43.953 12695 12695 I LOGMANAGER: LogEnableState is : 0
09-07 14:27:43.953 12695 12695 I LOGMANAGER: OutputPluginConfiguration PluginType : LOGWRITTER
09-07 14:27:43.953 12695 12695 I LOGMANAGER: LM_OutputConfiguration : 1
09-07 14:27:43.953 12695 12695 I LOGMANAGER: LM_OfflineTraceDirectory : /data/cache
09-07 14:27:43.953 12695 12695 I LOGMANAGER: LM_OfflineTraceFILESize : 1000000
09-07 14:27:43.953 12695 12695 I LOGMANAGER: LM_OfflineTotalFILESSize : 20000000
09-07 14:27:43.953 12695 12695 I LOGMANAGER: LM_FileNameTimeStampBased : 0
09-07 14:27:43.953 12695 12695 I LOGMANAGER: Got IOC plugin
09-07 14:27:43.953 12695 12695 I LOGMANAGER: IOCIPCChannelNumber :6
09-07 14:27:43.953 12695 12695 I LOGMANAGER: keyseq: HOME + VOLUMEDOWN  for domain is AudioDump
09-07 14:27:43.953 12695 12695 I LOGMANAGER: keyseq: HOME + VOLUMEUP  for domain is HCIDump
09-07 14:27:43.953 12695 12695 I LOGMANAGER: Domains parsing is done
09-07 14:27:43.958 12695 12695 E LOGMANAGER: Failed to load plugin /vendor/lib64/libIOCDLogReader.so with error code dlopen failed: library "/vendor/lib64/libIOCDLogReader.so" not found 
09-07 14:27:43.958 12695 12695 F libc    : Fatal signal 11 (SIGSEGV), code 1 (SEGV_MAPERR), fault addr 0x0 in tid 12695 (vendor.harman.L), pid 12695 (vendor.harman.L)
09-07 14:27:43.973   512 12206 D HarmanHAL: StreamIn::getCapturePositionImpl
09-07 14:27:43.995 12700 12700 I crash_dump64: obtaining output fd from tombstoned, type: kDebuggerdTombstone
09-07 14:27:43.996   463   463 I tombstoned: received crash request for pid 12695
09-07 14:27:43.997 12700 12700 I crash_dump64: performing dump of process 12695 (target tid = 12695)
09-07 14:27:43.999 12700 12700 F DEBUG   : *** *** *** *** *** *** *** *** *** *** *** *** *** *** *** ***
09-07 14:27:44.000   532   569 I VPS     : VPS:VehiclePlatformSOCHeartBeatHandler IVI HeartBeat sent successfully SOCHeartBeatInfo.SOCStatus->2
09-07 14:27:44.000   532   569 W ipcLib  : ipcLib: in ipc_lib. DV1 write called
09-07 14:27:44.001   532   569 W ipcLib  : ipcLib: in ipc_lib. DV1 read called
09-07 14:27:44.002 12700 12700 F DEBUG   : Build fingerprint: 'qti/titan_tml_b2/titan_tml_b2:11/RQ3A.210605.005/eng.ksong.20210907.134230:userdebug/test-keys'
09-07 14:27:44.002 12700 12700 F DEBUG   : Revision: '0'
09-07 14:27:44.002 12700 12700 F DEBUG   : ABI: 'arm64'
09-07 14:27:44.003 12700 12700 F DEBUG   : Timestamp: 2021-09-07 14:27:43+0000
09-07 14:27:44.003   512 12206 I HarmanHal.Routing: hacs alsa node(pcmTunerIn_c) adtm interval_min:29 ms, inverval_max:40 ms, inverval_mean:31 ms!
09-07 14:27:44.003   512 12206 I HarmanHal.Routing:  in printADTM() PcmAlsaWrapper.cpp:876
09-07 14:27:44.003 12700 12700 F DEBUG   : pid: 12695, tid: 12695, name: vendor.harman.L  >>> /vendor/bin/hw/vendor.harman.LogManager@1.0-service <<<
09-07 14:27:44.003 12700 12700 F DEBUG   : uid: 0
09-07 14:27:44.003 12700 12700 F DEBUG   : signal 11 (SIGSEGV), code 1 (SEGV_MAPERR), fault addr 0x0
09-07 14:27:44.003   512 12206 D HarmanHAL: StreamIn::getCapturePositionImpl
09-07 14:27:44.003 12700 12700 F DEBUG   : Cause: null pointer dereference
09-07 14:27:44.004 12700 12700 F DEBUG   :     x0  0000000000000000  x1  0000000000000000  x2  0000000000080001  x3  0000000000000000
09-07 14:27:44.004 12700 12700 F DEBUG   :     x4  0000000000000000  x5  0000000000000090  x6  fefefefefefefeff  x7  7f7f7f7f7f7f7f7f
09-07 14:27:44.004 12700 12700 F DEBUG   :     x8  0101010101010101  x9  bf21fc222fd6bbf5  x10 0000007ffe34b128  x11 fffffffffffffffd
09-07 14:27:44.004 12700 12700 F DEBUG   :     x12 0000007ffe34b2b0  x13 000000000000008e  x14 0038fb66c78f2c00  x15 0000000034155555
09-07 14:27:44.004 12700 12700 F DEBUG   :     x16 0000005570e957e0  x17 0000007f5b60db30  x18 0000007f5bf9e000  x19 0000000000000000
09-07 14:27:44.004 12700 12700 F DEBUG   :     x20 0000007f5b1eec50  x21 0000007ffe34b9c9  x22 b400007e5ae408e8  x23 0000007ffe34b9e8
09-07 14:27:44.004 12700 12700 F DEBUG   :     x24 0000000000000000  x25 0000007f5ba88000  x26 0000007ffe34b9c9  x27 0000007ffe34b999
09-07 14:27:44.004 12700 12700 F DEBUG   :     x28 0000000000000000  x29 0000007ffe34b8d0
09-07 14:27:44.004 12700 12700 F DEBUG   :     lr  0000005570e8c048  sp  0000007ffe34b8d0  pc  0000007f5b60db40  pst 0000000080000000
09-07 14:27:44.008 12700 12700 F DEBUG   : backtrace:
09-07 14:27:44.009 12700 12700 F DEBUG   :       #00 pc 000000000004ab40  /apex/com.android.runtime/lib64/bionic/libc.so (strlen_default+16) (BuildId: 2b7c6e33413ac7278a15dfc3ea383089)
09-07 14:27:44.009 12700 12700 F DEBUG   :       #01 pc 0000000000009044  /vendor/bin/hw/vendor.harman.LogManager@1.0-service (BuildId: 3e966ab64050b441b920ba0e8960d123)
09-07 14:27:44.009 12700 12700 F DEBUG   :       #02 pc 0000000000008df0  /vendor/bin/hw/vendor.harman.LogManager@1.0-service (LM::LogManagerImpl::load_plugin_conf(void*, std::__1::basic_string<char, std::__1::char_traits<char>, std::__1::allocator<char> >, std::__1::multimap<std::__1::basic_string<char, std::__1::char_traits<char>, std::__1::allocator<char> >, int, std::__1::less<std::__1::basic_string<char, std::__1::char_traits<char>, std::__1::allocator<char> > >, std::__1::allocator<std::__1::pair<std::__1::basic_string<char, std::__1::char_traits<char>, std::__1::allocator<char> > const, int> > >&)+752) (BuildId: 3e966ab64050b441b920ba0e8960d123)
09-07 14:27:44.009 12700 12700 F DEBUG   :       #03 pc 00000000000088c0  /vendor/bin/hw/vendor.harman.LogManager@1.0-service (LM::LogManagerImpl::loadplugins()+436) (BuildId: 3e966ab64050b441b920ba0e8960d123)
09-07 14:27:44.009 12700 12700 F DEBUG   :       #04 pc 0000000000007af8  /vendor/bin/hw/vendor.harman.LogManager@1.0-service (main+1112) (BuildId: 3e966ab64050b441b920ba0e8960d123)
09-07 14:27:44.009 12700 12700 F DEBUG   :       #05 pc 000000000004988c  /apex/com.android.runtime/lib64/bionic/libc.so (__libc_init+108) (BuildId: 2b7c6e33413ac7278a15dfc3ea383089)
09-07 14:27:44.011  2482  2506 D MmsSmsDatabaseHelper: [MmsSmsDb] tableName: threads hasAutoIncrement: CREATE TABLE threads (_id INTEGER PRIMARY KEY AUTOINCREMENT,date INTEGER DEFAULT 0,message_count INTEGER DEFAULT 0,recipient_ids TEXT,snippet TEXT,snippet_cs INTEGER DEFAULT 0,read INTEGER DEFAULT 1,archived INTEGER DEFAULT 0,type INTEGER DEFAULT 0,error INTEGER DEFAULT 0,has_attachment INTEGER DEFAULT 0) result: true
09-07 14:27:44.012  2482  2506 D MmsSmsDatabaseHelper: [MmsSmsDb] tableName: canonical_addresses hasAutoIncrement: CREATE TABLE canonical_addresses (_id INTEGER PRIMARY KEY AUTOINCREMENT,address TEXT) result: true
09-07 14:27:44.013  2482  2506 D MmsSmsDatabaseHelper: [MmsSmsDb] tableName: part hasAutoIncrement: CREATE TABLE part (_id INTEGER PRIMARY KEY AUTOINCREMENT,mid INTEGER,seq INTEGER DEFAULT 0,ct TEXT,name TEXT,chset INTEGER,cd TEXT,fn TEXT,cid TEXT,cl TEXT,ctt_s INTEGER,ctt_t TEXT,_data TEXT,text TEXT) result: true
09-07 14:27:44.014  2482  2506 D MmsSmsDatabaseHelper: [MmsSmsDb] tableName: pdu hasAutoIncrement: CREATE TABLE pdu (_id INTEGER PRIMARY KEY AUTOINCREMENT,thread_id INTEGER,date INTEGER,date_sent INTEGER DEFAULT 0,msg_box INTEGER,read INTEGER DEFAULT 0,m_id TEXT,sub TEXT,sub_cs INTEGER,ct_t TEXT,ct_l TEXT,exp INTEGER,m_cls TEXT,m_type INTEGER,v INTEGER,m_size INTEGER,pri INTEGER,rr INTEGER,rpt_a INTEGER,resp_st INTEGER,st INTEGER,tr_id TEXT,retr_st INTEGER,retr_txt TEXT,retr_txt_cs INTEGER,read_status INTEGER,ct_cls INTEGER,resp_txt TEXT,d_tm INTEGER,d_rpt INTEGER,locked INTEGER DEFAULT 0,sub_id INTEGER DEFAULT -1, seen INTEGER DEFAULT 0,creator TEXT,text_only INTEGER DEFAULT 0) result: true
09-07 14:27:44.014  2482  2506 D MmsSmsDatabaseHelper: [getWritableDatabase] hasAutoIncrementThreads: true hasAutoIncrementAddresses: true hasAutoIncrementPart: true hasAutoIncrementPdu: true
09-07 14:27:44.014  2482  2506 D MmsSmsDatabaseHelper: [getWritableDatabase] hasAutoIncrementThreads: true hasAutoIncrementAddresses: true hasAutoIncrementPart: true hasAutoIncrementPdu: true
09-07 14:27:44.032  2482  2506 D MmsSmsProvider: getSingleAddressId: insert new canonical_address for xxxxxx, _id=1
09-07 14:27:44.033  2482  2506 D MmsSmsProvider: getThreadId: create new thread_id for recipients xxxxxxxx
09-07 14:27:44.033   512 12206 D HarmanHAL: StreamIn::getCapturePositionImpl
09-07 14:27:44.033  2482  2506 D MmsSmsProvider: insertThread: created new thread_id 1 for recipientIds xxxxxxx
01-01 00:02:47.033     0     0 D logd    : logdr: UID=0 GID=1000 PID=12700 n tail=50 logMask=8 pid=12695 start=0ns timeout=0ns
01-01 00:02:47.041     0     0 D logd    : logdr: UID=0 GID=1000 PID=12700 n tail=50 logMask=1 pid=12695 start=0ns timeout=0ns
09-07 14:27:44.063   512 12206 D HarmanHAL: StreamIn::getCapturePositionImpl
01-01 00:02:47.061     0     0 D logd    : logdr: UID=0 GID=1000 PID=12700 n tail=0 logMask=8 pid=12695 start=0ns timeout=0ns
01-01 00:02:47.073     0     0 D logd    : logdr: UID=0 GID=1000 PID=12700 n tail=0 logMask=1 pid=12695 start=0ns timeout=0ns
09-07 14:27:44.091  1033  1270 W NativeCrashListener: Couldn't find ProcessRecord for pid 12695
09-07 14:27:44.092 12700 12700 E crash_dump64: AM data write failed: Broken pipe
09-07 14:27:44.092   463   463 E tombstoned: Tombstone written to: /data/tombstones/tombstone_49
01-01 00:02:47.084     0     0 I init    : Untracked pid 12700 exited with status 0
09-07 14:27:44.100  1033  1095 I BootReceiver: Copying /data/tombstones/tombstone_49 to DropBox (SYSTEM_TOMBSTONE)
09-07 14:27:44.102  1033  1095 I DropBoxManagerService: add tag=SYSTEM_TOMBSTONE isTagEnabled=true flags=0x2
09-07 14:27:44.103   512 12206 D HarmanHAL: StreamIn::getCapturePositionImpl
09-07 14:27:44.128  2482  2507 D MmsSmsProvider: getSingleAddressId: insert new canonical_address for xxxxxx, _id=2
09-07 14:27:44.130  2482  2507 D MmsSmsProvider: getThreadId: create new thread_id for recipients xxxxxxxx
09-07 14:27:44.131  2482  2507 D MmsSmsProvider: insertThread: created new thread_id 2 for recipientIds xxxxxxx
09-07 14:27:44.133   512 12206 D HarmanHAL: StreamIn::getCapturePositionImpl
09-07 14:27:44.164   512 12206 D HarmanHAL: StreamIn::getCapturePositionImpl
09-07 14:27:44.191  2482  2506 D MmsSmsProvider: getSingleAddressId: insert new canonical_address for xxxxxx, _id=3
09-07 14:27:44.192  2482  2506 D MmsSmsProvider: getThreadId: create new thread_id for recipients xxxxxxxx
09-07 14:27:44.193  2482  2506 D MmsSmsProvider: insertThread: created new thread_id 3 for recipientIds xxxxxxx
09-07 14:27:44.193   512 12206 D HarmanHAL: StreamIn::getCapturePositionImpl
09-07 14:27:44.223   512 12206 D HarmanHAL: StreamIn::getCapturePositionImpl
09-07 14:27:44.256  2482  2506 D MmsSmsProvider: getSingleAddressId: insert new canonical_address for xxxxxx, _id=4
09-07 14:27:44.257  2482  2506 D MmsSmsProvider: getThreadId: create new thread_id for recipients xxxxxxxx
09-07 14:27:44.258  2482  2506 D MmsSmsProvider: insertThread: created new thread_id 4 for recipientIds xxxxxxx
09-07 14:27:44.263   512 12206 D HarmanHAL: StreamIn::getCapturePositionImpl
09-07 14:27:44.280   512  3972 I HarmanHal.Routing: hacs alsa node(pcmMedia_p) adtm interval_min:0 ms, inverval_max:11 ms, inverval_mean:8 ms!
09-07 14:27:44.280   512  3972 I HarmanHal.Routing:  in printADTM() PcmAlsaWrapper.cpp:876
09-07 14:27:44.293   512 12206 D HarmanHAL: StreamIn::getCapturePositionImpl
09-07 14:27:44.323   512 12206 D HarmanHAL: StreamIn::getCapturePositionImpl
09-07 14:27:44.329  2482  2506 D MmsSmsProvider: getSingleAddressId: insert new canonical_address for xxxxxx, _id=5
09-07 14:27:44.331  2482  2506 D MmsSmsProvider: getThreadId: create new thread_id for recipients xxxxxxxx
09-07 14:27:44.332  2482  2506 D MmsSmsProvider: insertThread: created new thread_id 5 for recipientIds xxxxxxx
09-07 14:27:44.353   512 12206 D HarmanHAL: StreamIn::getCapturePositionImpl
09-07 14:27:44.383   512 12206 D HarmanHAL: StreamIn::getCapturePositionImpl
09-07 14:27:44.393  2482  2507 D MmsSmsProvider: getSingleAddressId: insert new canonical_address for xxxxxx, _id=6
09-07 14:27:44.395  2482  2507 D MmsSmsProvider: getThreadId: create new thread_id for recipients xxxxxxxx
09-07 14:27:44.396  2482  2507 D MmsSmsProvider: insertThread: created new thread_id 6 for recipientIds xxxxxxx
09-07 14:27:44.424   512 12206 D HarmanHAL: StreamIn::getCapturePositionImpl
09-07 14:27:44.451  2482  2507 D MmsSmsProvider: getSingleAddressId: insert new canonical_address for xxxxxx, _id=7
09-07 14:27:44.452  2482  2507 D MmsSmsProvider: getThreadId: create new thread_id for recipients xxxxxxxx
09-07 14:27:44.453  2482  2507 D MmsSmsProvider: insertThread: created new thread_id 7 for recipientIds xxxxxxx
09-07 14:27:44.453   512 12206 D HarmanHAL: StreamIn::getCapturePositionImpl
09-07 14:27:44.474   538   618 W ipcLib  : ipcLib: in ipc_lib. DV1 read called
09-07 14:27:44.484   512 12206 D HarmanHAL: StreamIn::getCapturePositionImpl
09-07 14:27:44.508  2482  2506 D MmsSmsProvider: getSingleAddressId: insert new canonical_address for xxxxxx, _id=8
09-07 14:27:44.509  2482  2506 D MmsSmsProvider: getThreadId: create new thread_id for recipients xxxxxxxx
09-07 14:27:44.509  2482  2506 D MmsSmsProvider: insertThread: created new thread_id 8 for recipientIds xxxxxxx
09-07 14:27:44.513   512 12206 D HarmanHAL: StreamIn::getCapturePositionImpl
09-07 14:27:44.543   512 12206 D HarmanHAL: StreamIn::getCapturePositionImpl
09-07 14:27:44.564  2482  2507 D MmsSmsProvider: getSingleAddressId: insert new canonical_address for xxxxxx, _id=9
09-07 14:27:44.565  2482  2507 D MmsSmsProvider: getThreadId: create new thread_id for recipients xxxxxxxx
09-07 14:27:44.567  2482  2507 D MmsSmsProvider: insertThread: created new thread_id 9 for recipientIds xxxxxxx
09-07 14:27:44.583   512 12206 D HarmanHAL: StreamIn::getCapturePositionImpl
09-07 14:27:44.594   536   612 E pathology: [ProcessCrashHandler:: parseTombstoneFileName]string not found
09-07 14:27:44.594   536   612 I chatty  : uid=0(root) vendor.harman.p identical 4 lines
09-07 14:27:44.594   536   612 E pathology: [ProcessCrashHandler:: parseTombstoneFileName]string not found
09-07 14:27:44.614   512 12206 D HarmanHAL: StreamIn::getCapturePositionImpl
09-07 14:27:44.639  2482  2506 D MmsSmsProvider: getSingleAddressId: insert new canonical_address for xxxxxx, _id=10
09-07 14:27:44.640  2482  2506 D MmsSmsProvider: getThreadId: create new thread_id for recipients xxxxxxxx
09-07 14:27:44.641  2482  2506 D MmsSmsProvider: insertThread: created new thread_id 10 for recipientIds xxxxxxx
09-07 14:27:44.643   512 12206 D HarmanHAL: StreamIn::getCapturePositionImpl
09-07 14:27:44.673   512 12206 D HarmanHAL: StreamIn::getCapturePositionImpl
09-07 14:27:44.695  2482  2507 D MmsSmsProvider: getSingleAddressId: insert new canonical_address for xxxxxx, _id=11
09-07 14:27:44.696  2482  2507 D MmsSmsProvider: getThreadId: create new thread_id for recipients xxxxxxxx
09-07 14:27:44.696  2482  2507 D MmsSmsProvider: insertThread: created new thread_id 11 for recipientIds xxxxxxx
09-07 14:27:44.703   512 12206 D HarmanHAL: StreamIn::getCapturePositionImpl
09-07 14:27:44.743   512 12206 I chatty  : uid=1041(audioserver) reader identical 1 line
09-07 14:27:44.773   512 12206 D HarmanHAL: StreamIn::getCapturePositionImpl
09-07 14:27:44.778  2482  2506 D MmsSmsProvider: getSingleAddressId: insert new canonical_address for xxxxxx, _id=12
09-07 14:27:44.780  2482  2506 D MmsSmsProvider: getThreadId: create new thread_id for recipients xxxxxxxx
09-07 14:27:44.781  2482  2506 D MmsSmsProvider: insertThread: created new thread_id 12 for recipientIds xxxxxxx
09-07 14:27:44.803   512 12206 D HarmanHAL: StreamIn::getCapturePositionImpl
09-07 14:27:44.833   512 12206 D HarmanHAL: StreamIn::getCapturePositionImpl
09-07 14:27:44.842  2482  2507 D MmsSmsProvider: getSingleAddressId: insert new canonical_address for xxxxxx, _id=13
09-07 14:27:44.844  2482  2507 D MmsSmsProvider: getThreadId: create new thread_id for recipients xxxxxxxx
09-07 14:27:44.845  2482  2507 D MmsSmsProvider: insertThread: created new thread_id 13 for recipientIds xxxxxxx
09-07 14:27:44.863   512 12206 D HarmanHAL: StreamIn::getCapturePositionImpl
09-07 14:27:44.899  2482  2506 D MmsSmsProvider: getSingleAddressId: insert new canonical_address for xxxxxx, _id=14
09-07 14:27:44.901  2482  2506 D MmsSmsProvider: getThreadId: create new thread_id for recipients xxxxxxxx
09-07 14:27:44.902  2482  2506 D MmsSmsProvider: insertThread: created new thread_id 14 for recipientIds xxxxxxx
09-07 14:27:44.903   512 12206 D HarmanHAL: StreamIn::getCapturePositionImpl
09-07 14:27:44.933   512 12206 D HarmanHAL: StreamIn::getCapturePositionImpl
09-07 14:27:44.959  2482  2506 D MmsSmsProvider: getSingleAddressId: insert new canonical_address for xxxxxx, _id=15
09-07 14:27:44.960  2482  2506 D MmsSmsProvider: getThreadId: create new thread_id for recipients xxxxxxxx
09-07 14:27:44.961  2482  2506 D MmsSmsProvider: insertThread: created new thread_id 15 for recipientIds xxxxxxx
09-07 14:27:44.963   512 12206 D HarmanHAL: StreamIn::getCapturePositionImpl
09-07 14:27:44.993   512 12206 I HarmanHal.Routing: hacs alsa node(pcmTunerIn_c) adtm interval_min:30 ms, inverval_max:40 ms, inverval_mean:31 ms!
09-07 14:27:44.993   512 12206 I HarmanHal.Routing:  in printADTM() PcmAlsaWrapper.cpp:876
09-07 14:27:44.994   512 12206 D HarmanHAL: StreamIn::getCapturePositionImpl
09-07 14:27:45.015  2482  2506 D MmsSmsProvider: getSingleAddressId: insert new canonical_address for xxxxxx, _id=16
09-07 14:27:45.016  2482  2506 D MmsSmsProvider: getThreadId: create new thread_id for recipients xxxxxxxx
09-07 14:27:45.017  2482  2506 D MmsSmsProvider: insertThread: created new thread_id 16 for recipientIds xxxxxxx
09-07 14:27:45.023   512 12206 D HarmanHAL: StreamIn::getCapturePositionImpl
09-07 14:27:45.063   512 12206 D HarmanHAL: StreamIn::getCapturePositionImpl
09-07 14:27:45.084  2482  2506 D MmsSmsProvider: getSingleAddressId: insert new canonical_address for xxxxxx, _id=17
09-07 14:27:45.086  2482  2506 D MmsSmsProvider: getThreadId: create new thread_id for recipients xxxxxxxx
09-07 14:27:45.086  2482  2506 D MmsSmsProvider: insertThread: created new thread_id 17 for recipientIds xxxxxxx
09-07 14:27:45.093   512 12206 D HarmanHAL: StreamIn::getCapturePositionImpl
09-07 14:27:45.123   512 12206 D HarmanHAL: StreamIn::getCapturePositionImpl
09-07 14:27:45.148  2482  2506 D MmsSmsProvider: getSingleAddressId: insert new canonical_address for xxxxxx, _id=18
09-07 14:27:45.150  2482  2506 D MmsSmsProvider: getThreadId: create new thread_id for recipients xxxxxxxx
09-07 14:27:45.151  2482  2506 D MmsSmsProvider: insertThread: created new thread_id 18 for recipientIds xxxxxxx
09-07 14:27:45.153   512 12206 D HarmanHAL: StreamIn::getCapturePositionImpl
09-07 14:27:45.184   512 12206 D HarmanHAL: StreamIn::getCapturePositionImpl
09-07 14:27:45.211  2482  2506 D MmsSmsProvider: getSingleAddressId: insert new canonical_address for xxxxxx, _id=19
09-07 14:27:45.213  2482  2506 D MmsSmsProvider: getThreadId: create new thread_id for recipients xxxxxxxx
09-07 14:27:45.214  2482  2506 D MmsSmsProvider: insertThread: created new thread_id 19 for recipientIds xxxxxxx
09-07 14:27:45.223   512 12206 D HarmanHAL: StreamIn::getCapturePositionImpl
09-07 14:27:45.253   512 12206 D HarmanHAL: StreamIn::getCapturePositionImpl
09-07 14:27:45.269  2482  2507 D MmsSmsProvider: getSingleAddressId: insert new canonical_address for xxxxxx, _id=20
09-07 14:27:45.271  2482  2507 D MmsSmsProvider: getThreadId: create new thread_id for recipients xxxxxxxx
09-07 14:27:45.272  2482  2507 D MmsSmsProvider: insertThread: created new thread_id 20 for recipientIds xxxxxxx
09-07 14:27:45.280   512  3972 I HarmanHal.Routing: hacs alsa node(pcmMedia_p) adtm interval_min:0 ms, inverval_max:10 ms, inverval_mean:8 ms!
09-07 14:27:45.280   512  3972 I HarmanHal.Routing:  in printADTM() PcmAlsaWrapper.cpp:876
09-07 14:27:45.283   512 12206 D HarmanHAL: StreamIn::getCapturePositionImpl
09-07 14:27:45.314   512 12206 D HarmanHAL: StreamIn::getCapturePositionImpl
09-07 14:27:45.331  2482  2507 D MmsSmsProvider: getSingleAddressId: insert new canonical_address for xxxxxx, _id=21
09-07 14:27:45.333  2482  2507 D MmsSmsProvider: getThreadId: create new thread_id for recipients xxxxxxxx
09-07 14:27:45.334  2482  2507 D MmsSmsProvider: insertThread: created new thread_id 21 for recipientIds xxxxxxx
09-07 14:27:45.343   512 12206 D HarmanHAL: StreamIn::getCapturePositionImpl
09-07 14:27:45.383   512 12206 D HarmanHAL: StreamIn::getCapturePositionImpl
09-07 14:27:45.394  2482  2507 D MmsSmsProvider: getSingleAddressId: insert new canonical_address for xxxxxx, _id=22
09-07 14:27:45.395  2482  2507 D MmsSmsProvider: getThreadId: create new thread_id for recipients xxxxxxxx
09-07 14:27:45.396  2482  2507 D MmsSmsProvider: insertThread: created new thread_id 22 for recipientIds xxxxxxx
09-07 14:27:45.413   512 12206 D HarmanHAL: StreamIn::getCapturePositionImpl
09-07 14:27:45.444   512 12206 D HarmanHAL: StreamIn::getCapturePositionImpl
09-07 14:27:45.467   532   569 W ipcLib  : ipcLib: in ipc_lib. DV1 read called
09-07 14:27:45.467   532   568 I VPS     : VPS:IOCStatusInfo.VoltageStatus->0 
09-07 14:27:45.467   532   568 I VPS     : VPS:IOCStatusInfo.IOCStatusCmd->a6 
09-07 14:27:45.467   532   568 I VPS     : VPS:IOCStatusInfo.WakeUpReason->0 
09-07 14:27:45.467   532   568 I VPS     : VPS:IOCStatusInfo.DerivedIgnitionStatus->0 
09-07 14:27:45.467   532   568 I VPS     : VPS:IOCStatusInfo.PowerModeState->4 
09-07 14:27:45.467   532   568 I VPS     : VPS:IOCStatusInfo.SOCShutdownRequest->0 
09-07 14:27:45.467   532   568 I VPS     : VPS:IOCStatusInfo.AntiTheftState->0 
09-07 14:27:45.467   532   568 I VPS     : VPS:IOCStatusInfo.BatteryConnect->0 
09-07 14:27:45.471  2482  2506 D MmsSmsProvider: getSingleAddressId: insert new canonical_address for xxxxxx, _id=23
09-07 14:27:45.472  2482  2506 D MmsSmsProvider: getThreadId: create new thread_id for recipients xxxxxxxx
09-07 14:27:45.473   512 12206 D HarmanHAL: StreamIn::getCapturePositionImpl
09-07 14:27:45.473  2482  2506 D MmsSmsProvider: insertThread: created new thread_id 23 for recipientIds xxxxxxx
09-07 14:27:45.474   538   618 W ipcLib  : ipcLib: in ipc_lib. DV1 read called
09-07 14:27:45.504   512 12206 D HarmanHAL: StreamIn::getCapturePositionImpl
09-07 14:27:45.543   512 12206 I chatty  : uid=1041(audioserver) reader identical 1 line
09-07 14:27:45.573   512 12206 D HarmanHAL: StreamIn::getCapturePositionImpl
09-07 14:27:45.587  2482  2507 D MmsSmsProvider: getSingleAddressId: insert new canonical_address for xxxxxx, _id=24
09-07 14:27:45.589  2482  2507 D MmsSmsProvider: getThreadId: create new thread_id for recipients xxxxxxxx
09-07 14:27:45.589  2482  2507 D MmsSmsProvider: insertThread: created new thread_id 24 for recipientIds xxxxxxx
09-07 14:27:45.603   512 12206 D HarmanHAL: StreamIn::getCapturePositionImpl
09-07 14:27:45.634   512 12206 D HarmanHAL: StreamIn::getCapturePositionImpl
09-07 14:27:45.635   536   536 I vendor.harman.p: type=1400 audit(0.0:2425): avc: denied { read } for name="2" dev="dm-4" ino=49241 scontext=u:r:pathologyd:s0 tcontext=u:object_r:vendor_data_file:s0 tclass=dir permissive=1
09-07 14:27:45.635   536   536 I vendor.harman.p: type=1400 audit(0.0:2426): avc: denied { open } for path="/data/vendor/pathologyArchive/2" dev="dm-4" ino=49241 scontext=u:r:pathologyd:s0 tcontext=u:object_r:vendor_data_file:s0 tclass=dir permissive=1
09-07 14:27:45.664   512 12206 D HarmanHAL: StreamIn::getCapturePositionImpl
09-07 14:27:45.704   512 12206 I chatty  : uid=1041(audioserver) reader identical 1 line
09-07 14:27:45.734   512 12206 D HarmanHAL: StreamIn::getCapturePositionImpl
09-07 14:27:45.749  2482  2506 D MmsSmsProvider: getSingleAddressId: insert new canonical_address for xxxxxx, _id=25
09-07 14:27:45.751  2482  2506 D MmsSmsProvider: getThreadId: create new thread_id for recipients xxxxxxxx
09-07 14:27:45.752  2482  2506 D MmsSmsProvider: insertThread: created new thread_id 25 for recipientIds xxxxxxx
09-07 14:27:45.763   512 12206 D HarmanHAL: StreamIn::getCapturePositionImpl
09-07 14:27:45.793   512 12206 D HarmanHAL: StreamIn::getCapturePositionImpl
09-07 14:27:45.804  2482  2507 D MmsSmsProvider: getSingleAddressId: insert new canonical_address for xxxxxx, _id=26
09-07 14:27:45.805  2482  2507 D MmsSmsProvider: getThreadId: create new thread_id for recipients xxxxxxxx
09-07 14:27:45.805  2482  2507 D MmsSmsProvider: insertThread: created new thread_id 26 for recipientIds xxxxxxx
09-07 14:27:45.823   512 12206 D HarmanHAL: StreamIn::getCapturePositionImpl
09-07 14:27:45.858  2482  2507 D MmsSmsProvider: getSingleAddressId: insert new canonical_address for xxxxxx, _id=27
09-07 14:27:45.859  2482  2507 D MmsSmsProvider: getThreadId: create new thread_id for recipients xxxxxxxx
09-07 14:27:45.859  2482  2507 D MmsSmsProvider: insertThread: created new thread_id 27 for recipientIds xxxxxxx
09-07 14:27:45.863   512 12206 D HarmanHAL: StreamIn::getCapturePositionImpl
09-07 14:27:45.893   512 12206 I chatty  : uid=1041(audioserver) reader identical 1 line
09-07 14:27:45.924   512 12206 D HarmanHAL: StreamIn::getCapturePositionImpl
09-07 14:27:45.936  2482  2507 D MmsSmsProvider: getSingleAddressId: insert new canonical_address for xxxxxx, _id=28
09-07 14:27:45.936  2482  2507 D MmsSmsProvider: getThreadId: create new thread_id for recipients xxxxxxxx
09-07 14:27:45.937  2482  2507 D MmsSmsProvider: insertThread: created new thread_id 28 for recipientIds xxxxxxx
09-07 14:27:45.953   512 12206 D HarmanHAL: StreamIn::getCapturePositionImpl
09-07 14:27:45.983   512 12206 I HarmanHal.Routing: hacs alsa node(pcmTunerIn_c) adtm interval_min:30 ms, inverval_max:40 ms, inverval_mean:31 ms!
09-07 14:27:45.983   512 12206 I HarmanHal.Routing:  in printADTM() PcmAlsaWrapper.cpp:876
09-07 14:27:45.983   512 12206 D HarmanHAL: StreamIn::getCapturePositionImpl
09-07 14:27:45.994  2482  2510 D MmsSmsProvider: getSingleAddressId: insert new canonical_address for xxxxxx, _id=29
09-07 14:27:45.995  2482  2510 D MmsSmsProvider: getThreadId: create new thread_id for recipients xxxxxxxx
09-07 14:27:45.996  2482  2510 D MmsSmsProvider: insertThread: created new thread_id 29 for recipientIds xxxxxxx
09-07 14:27:46.023   512 12206 D HarmanHAL: StreamIn::getCapturePositionImpl
09-07 14:27:46.053   512 12206 D HarmanHAL: StreamIn::getCapturePositionImpl
09-07 14:27:46.058  2482  2506 D MmsSmsProvider: getSingleAddressId: insert new canonical_address for xxxxxx, _id=30
09-07 14:27:46.059  2482  2506 D MmsSmsProvider: getThreadId: create new thread_id for recipients xxxxxxxx
09-07 14:27:46.060  2482  2506 D MmsSmsProvider: insertThread: created new thread_id 30 for recipientIds xxxxxxx
09-07 14:27:46.083   512 12206 D HarmanHAL: StreamIn::getCapturePositionImpl
09-07 14:27:46.113   512 12206 D HarmanHAL: StreamIn::getCapturePositionImpl
09-07 14:27:46.136  2482  2506 D MmsSmsProvider: getSingleAddressId: insert new canonical_address for xxxxxx, _id=31
09-07 14:27:46.136  2482  2506 D MmsSmsProvider: getThreadId: create new thread_id for recipients xxxxxxxx
09-07 14:27:46.137  2482  2506 D MmsSmsProvider: insertThread: created new thread_id 31 for recipientIds xxxxxxx
09-07 14:27:46.143   512 12206 D HarmanHAL: StreamIn::getCapturePositionImpl
09-07 14:27:46.184   512 12206 D HarmanHAL: StreamIn::getCapturePositionImpl
09-07 14:27:46.201  2482  2510 D MmsSmsProvider: getSingleAddressId: insert new canonical_address for xxxxxx, _id=32
09-07 14:27:46.202  2482  2510 D MmsSmsProvider: getThreadId: create new thread_id for recipients xxxxxxxx
09-07 14:27:46.203  2482  2510 D MmsSmsProvider: insertThread: created new thread_id 32 for recipientIds xxxxxxx
09-07 14:27:46.213   512 12206 D HarmanHAL: StreamIn::getCapturePositionImpl
09-07 14:27:46.244   512 12206 I chatty  : uid=1041(audioserver) reader identical 1 line
09-07 14:27:46.274   512 12206 D HarmanHAL: StreamIn::getCapturePositionImpl
09-07 14:27:46.280   512  3972 I HarmanHal.Routing: hacs alsa node(pcmMedia_p) adtm interval_min:0 ms, inverval_max:10 ms, inverval_mean:8 ms!
09-07 14:27:46.280   512  3972 I HarmanHal.Routing:  in printADTM() PcmAlsaWrapper.cpp:876
09-07 14:27:46.304   512 12206 D HarmanHAL: StreamIn::getCapturePositionImpl
09-07 14:27:46.325  2482  2506 D MmsSmsProvider: getSingleAddressId: insert new canonical_address for xxxxxx, _id=33
09-07 14:27:46.327  2482  2506 D MmsSmsProvider: getThreadId: create new thread_id for recipients xxxxxxxx
09-07 14:27:46.327  2482  2506 D MmsSmsProvider: insertThread: created new thread_id 33 for recipientIds xxxxxxx
09-07 14:27:46.343   512 12206 D HarmanHAL: StreamIn::getCapturePositionImpl
09-07 14:27:46.373   512 12206 D HarmanHAL: StreamIn::getCapturePositionImpl
09-07 14:27:46.385  2482  2510 D MmsSmsProvider: getSingleAddressId: insert new canonical_address for xxxxxx, _id=34
09-07 14:27:46.385  2482  2510 D MmsSmsProvider: getThreadId: create new thread_id for recipients xxxxxxxx
09-07 14:27:46.386  2482  2510 D MmsSmsProvider: insertThread: created new thread_id 34 for recipientIds xxxxxxx
09-07 14:27:46.403   512 12206 D HarmanHAL: StreamIn::getCapturePositionImpl
09-07 14:27:46.433   512 12206 D HarmanHAL: StreamIn::getCapturePositionImpl
09-07 14:27:46.439  2482  2510 D MmsSmsProvider: getSingleAddressId: insert new canonical_address for xxxxxx, _id=35
09-07 14:27:46.440  2482  2510 D MmsSmsProvider: getThreadId: create new thread_id for recipients xxxxxxxx
09-07 14:27:46.441  2482  2510 D MmsSmsProvider: insertThread: created new thread_id 35 for recipientIds xxxxxxx
09-07 14:27:46.457  1033  1043 I system_server: Background concurrent copying GC freed 103938(5012KB) AllocSpace objects, 56(3436KB) LOS objects, 49% free, 12MB/24MB, paused 123us total 126.185ms
09-07 14:27:46.463   512 12206 D HarmanHAL: StreamIn::getCapturePositionImpl
09-07 14:27:46.474   538   618 W ipcLib  : ipcLib: in ipc_lib. DV1 read called
09-07 14:27:46.503   512 12206 D HarmanHAL: StreamIn::getCapturePositionImpl
09-07 14:27:46.508  2482  2507 D MmsSmsProvider: getSingleAddressId: insert new canonical_address for xxxxxx, _id=36
09-07 14:27:46.509  2482  2507 D MmsSmsProvider: getThreadId: create new thread_id for recipients xxxxxxxx
09-07 14:27:46.510  2482  2507 D MmsSmsProvider: insertThread: created new thread_id 36 for recipientIds xxxxxxx
09-07 14:27:46.533   512 12206 D HarmanHAL: StreamIn::getCapturePositionImpl
09-07 14:27:46.563   512 12206 D HarmanHAL: StreamIn::getCapturePositionImpl
09-07 14:27:46.571  2482  2887 D MmsSmsProvider: getSingleAddressId: insert new canonical_address for xxxxxx, _id=37
09-07 14:27:46.572  2482  2887 D MmsSmsProvider: getThreadId: create new thread_id for recipients xxxxxxxx
09-07 14:27:46.573  2482  2887 D MmsSmsProvider: insertThread: created new thread_id 37 for recipientIds xxxxxxx
09-07 14:27:46.593   512 12206 D HarmanHAL: StreamIn::getCapturePositionImpl
09-07 14:27:46.623   512 12206 D HarmanHAL: StreamIn::getCapturePositionImpl
09-07 14:27:46.627  2482  2887 D MmsSmsProvider: getSingleAddressId: insert new canonical_address for xxxxxx, _id=38
09-07 14:27:46.628  2482  2887 D MmsSmsProvider: getThreadId: create new thread_id for recipients xxxxxxxx
09-07 14:27:46.629  2482  2887 D MmsSmsProvider: insertThread: created new thread_id 38 for recipientIds xxxxxxx
09-07 14:27:46.663   512 12206 D HarmanHAL: StreamIn::getCapturePositionImpl
09-07 14:27:46.687  2482  2507 D MmsSmsProvider: getSingleAddressId: insert new canonical_address for xxxxxx, _id=39
09-07 14:27:46.688  2482  2507 D MmsSmsProvider: getThreadId: create new thread_id for recipients xxxxxxxx
09-07 14:27:46.689  2482  2507 D MmsSmsProvider: insertThread: created new thread_id 39 for recipientIds xxxxxxx
09-07 14:27:46.693   512 12206 D HarmanHAL: StreamIn::getCapturePositionImpl
09-07 14:27:46.753   512 12206 I chatty  : uid=1041(audioserver) reader identical 2 lines
09-07 14:27:46.783   512 12206 D HarmanHAL: StreamIn::getCapturePositionImpl
09-07 14:27:46.794  2482  2507 D MmsSmsProvider: getSingleAddressId: insert new canonical_address for xxxxxx, _id=40
09-07 14:27:46.796  2482  2507 D MmsSmsProvider: getThreadId: create new thread_id for recipients xxxxxxxx
09-07 14:27:46.796  2482  2507 D MmsSmsProvider: insertThread: created new thread_id 40 for recipientIds xxxxxxx
09-07 14:27:46.823   512 12206 D HarmanHAL: StreamIn::getCapturePositionImpl
09-07 14:27:46.853   512 12206 D HarmanHAL: StreamIn::getCapturePositionImpl
09-07 14:27:46.855  2482  2887 D MmsSmsProvider: getSingleAddressId: insert new canonical_address for xxxxxx, _id=41
09-07 14:27:46.856  2482  2887 D MmsSmsProvider: getThreadId: create new thread_id for recipients xxxxxxxx
09-07 14:27:46.857  2482  2887 D MmsSmsProvider: insertThread: created new thread_id 41 for recipientIds xxxxxxx
09-07 14:27:46.884   512 12206 D HarmanHAL: StreamIn::getCapturePositionImpl
09-07 14:27:46.913   512 12206 D HarmanHAL: StreamIn::getCapturePositionImpl
09-07 14:27:46.920  2482  2887 D MmsSmsProvider: getSingleAddressId: insert new canonical_address for xxxxxx, _id=42
09-07 14:27:46.922  2482  2887 D MmsSmsProvider: getThreadId: create new thread_id for recipients xxxxxxxx
09-07 14:27:46.923  2482  2887 D MmsSmsProvider: insertThread: created new thread_id 42 for recipientIds xxxxxxx
09-07 14:27:46.943   512 12206 D HarmanHAL: StreamIn::getCapturePositionImpl
09-07 14:27:46.983   512 12206 I HarmanHal.Routing: hacs alsa node(pcmTunerIn_c) adtm interval_min:30 ms, inverval_max:40 ms, inverval_mean:32 ms!
09-07 14:27:46.983   512 12206 I HarmanHal.Routing:  in printADTM() PcmAlsaWrapper.cpp:876
09-07 14:27:46.984   512 12206 D HarmanHAL: StreamIn::getCapturePositionImpl
09-07 14:27:47.004  2482  2507 D MmsSmsProvider: getSingleAddressId: insert new canonical_address for xxxxxx, _id=43
09-07 14:27:47.006  2482  2507 D MmsSmsProvider: getThreadId: create new thread_id for recipients xxxxxxxx
09-07 14:27:47.007  2482  2507 D MmsSmsProvider: insertThread: created new thread_id 43 for recipientIds xxxxxxx
09-07 14:27:47.013   512 12206 D HarmanHAL: StreamIn::getCapturePositionImpl
09-07 14:27:47.043   512 12206 D HarmanHAL: StreamIn::getCapturePositionImpl
09-07 14:27:47.071  2482  2887 D MmsSmsProvider: getSingleAddressId: insert new canonical_address for xxxxxx, _id=44
09-07 14:27:47.073   512 12206 D HarmanHAL: StreamIn::getCapturePositionImpl
09-07 14:27:47.073  2482  2887 D MmsSmsProvider: getThreadId: create new thread_id for recipients xxxxxxxx
09-07 14:27:47.074  2482  2887 D MmsSmsProvider: insertThread: created new thread_id 44 for recipientIds xxxxxxx
09-07 14:27:47.104   512 12206 D HarmanHAL: StreamIn::getCapturePositionImpl
09-07 14:27:47.144   512 12206 D HarmanHAL: StreamIn::getCapturePositionImpl
09-07 14:27:47.161  2482  2507 D MmsSmsProvider: getSingleAddressId: insert new canonical_address for xxxxxx, _id=45
09-07 14:27:47.163  2482  2507 D MmsSmsProvider: getThreadId: create new thread_id for recipients xxxxxxxx
09-07 14:27:47.164  2482  2507 D MmsSmsProvider: insertThread: created new thread_id 45 for recipientIds xxxxxxx
09-07 14:27:47.173   512 12206 D HarmanHAL: StreamIn::getCapturePositionImpl
09-07 14:27:47.204   512 12206 D HarmanHAL: StreamIn::getCapturePositionImpl
09-07 14:27:47.217  2482  2507 D MmsSmsProvider: getSingleAddressId: insert new canonical_address for xxxxxx, _id=46
09-07 14:27:47.218  2482  2507 D MmsSmsProvider: getThreadId: create new thread_id for recipients xxxxxxxx
09-07 14:27:47.220  2482  2507 D MmsSmsProvider: insertThread: created new thread_id 46 for recipientIds xxxxxxx
09-07 14:27:47.233   512 12206 D HarmanHAL: StreamIn::getCapturePositionImpl
09-07 14:27:47.264   512 12206 D HarmanHAL: StreamIn::getCapturePositionImpl
09-07 14:27:47.280   512  3972 I HarmanHal.Routing: hacs alsa node(pcmMedia_p) adtm interval_min:0 ms, inverval_max:10 ms, inverval_mean:8 ms!
09-07 14:27:47.280   512  3972 I HarmanHal.Routing:  in printADTM() PcmAlsaWrapper.cpp:876
09-07 14:27:47.301  2482  2887 D MmsSmsProvider: getSingleAddressId: insert new canonical_address for xxxxxx, _id=47
09-07 14:27:47.303  2482  2887 D MmsSmsProvider: getThreadId: create new thread_id for recipients xxxxxxxx
09-07 14:27:47.303   512 12206 D HarmanHAL: StreamIn::getCapturePositionImpl
09-07 14:27:47.304  2482  2887 D MmsSmsProvider: insertThread: created new thread_id 47 for recipientIds xxxxxxx
09-07 14:27:47.334   512 12206 D HarmanHAL: StreamIn::getCapturePositionImpl
09-07 14:27:47.355  2482  2887 D MmsSmsProvider: getSingleAddressId: insert new canonical_address for xxxxxx, _id=48
09-07 14:27:47.357  2482  2887 D MmsSmsProvider: getThreadId: create new thread_id for recipients xxxxxxxx
09-07 14:27:47.357  2482  2887 D MmsSmsProvider: insertThread: created new thread_id 48 for recipientIds xxxxxxx
09-07 14:27:47.363   512 12206 D HarmanHAL: StreamIn::getCapturePositionImpl
09-07 14:27:47.394   512 12206 D HarmanHAL: StreamIn::getCapturePositionImpl
09-07 14:27:47.413  2482  2887 D MmsSmsProvider: getSingleAddressId: insert new canonical_address for xxxxxx, _id=49
09-07 14:27:47.414  2482  2887 D MmsSmsProvider: getThreadId: create new thread_id for recipients xxxxxxxx
09-07 14:27:47.415  2482  2887 D MmsSmsProvider: insertThread: created new thread_id 49 for recipientIds xxxxxxx
09-07 14:27:47.423   512 12206 D HarmanHAL: StreamIn::getCapturePositionImpl
09-07 14:27:47.463   512 12206 D HarmanHAL: StreamIn::getCapturePositionImpl
09-07 14:27:47.470  2482  2887 D MmsSmsProvider: getSingleAddressId: insert new canonical_address for xxxxxx, _id=50
09-07 14:27:47.471  2482  2887 D MmsSmsProvider: getThreadId: create new thread_id for recipients xxxxxxxx
09-07 14:27:47.471  2482  2887 D MmsSmsProvider: insertThread: created new thread_id 50 for recipientIds xxxxxxx
09-07 14:27:47.475   538   618 W ipcLib  : ipcLib: in ipc_lib. DV1 read called
09-07 14:27:47.493   512 12206 D HarmanHAL: StreamIn::getCapturePositionImpl
09-07 14:27:47.523   512 12206 I chatty  : uid=1041(audioserver) reader identical 1 line
09-07 14:27:47.554   512 12206 D HarmanHAL: StreamIn::getCapturePositionImpl
09-07 14:27:47.567   532   569 W ipcLib  : ipcLib: in ipc_lib. DV1 read called
09-07 14:27:47.567   532   568 I VPS     : VPS:IOCStatusInfo.VoltageStatus->0 
09-07 14:27:47.567   532   568 I VPS     : VPS:IOCStatusInfo.IOCStatusCmd->a6 
09-07 14:27:47.567   532   568 I VPS     : VPS:IOCStatusInfo.WakeUpReason->0 
09-07 14:27:47.567   532   568 I VPS     : VPS:IOCStatusInfo.DerivedIgnitionStatus->0 
09-07 14:27:47.567   532   568 I VPS     : VPS:IOCStatusInfo.PowerModeState->4 
09-07 14:27:47.567   532   568 I VPS     : VPS:IOCStatusInfo.SOCShutdownRequest->0 
09-07 14:27:47.567   532   568 I VPS     : VPS:IOCStatusInfo.AntiTheftState->0 
09-07 14:27:47.567   532   568 I VPS     : VPS:IOCStatusInfo.BatteryConnect->0 
09-07 14:27:47.583   512 12206 D HarmanHAL: StreamIn::getCapturePositionImpl
09-07 14:27:47.585  2482  2507 D MmsSmsProvider: getSingleAddressId: insert new canonical_address for xxxxxx, _id=51
09-07 14:27:47.587  2482  2507 D MmsSmsProvider: getThreadId: create new thread_id for recipients xxxxxxxx
09-07 14:27:47.588  2482  2507 D MmsSmsProvider: insertThread: created new thread_id 51 for recipientIds xxxxxxx
09-07 14:27:47.624   512 12206 D HarmanHAL: StreamIn::getCapturePositionImpl
09-07 14:27:47.639  2482  2507 D MmsSmsProvider: getSingleAddressId: insert new canonical_address for xxxxxx, _id=52
09-07 14:27:47.640  2482  2507 D MmsSmsProvider: getThreadId: create new thread_id for recipients xxxxxxxx
09-07 14:27:47.641  2482  2507 D MmsSmsProvider: insertThread: created new thread_id 52 for recipientIds xxxxxxx
09-07 14:27:47.653   512 12206 D HarmanHAL: StreamIn::getCapturePositionImpl
09-07 14:27:47.683   512 12206 D HarmanHAL: StreamIn::getCapturePositionImpl
09-07 14:27:47.694  2482  2507 D MmsSmsProvider: getSingleAddressId: insert new canonical_address for xxxxxx, _id=53
09-07 14:27:47.695  2482  2507 D MmsSmsProvider: getThreadId: create new thread_id for recipients xxxxxxxx
09-07 14:27:47.695  2482  2507 D MmsSmsProvider: insertThread: created new thread_id 53 for recipientIds xxxxxxx
09-07 14:27:47.713   512 12206 D HarmanHAL: StreamIn::getCapturePositionImpl
09-07 14:27:47.744   512 12206 D HarmanHAL: StreamIn::getCapturePositionImpl
09-07 14:27:47.766  2482  2887 D MmsSmsProvider: getSingleAddressId: insert new canonical_address for xxxxxx, _id=54
09-07 14:27:47.768  2482  2887 D MmsSmsProvider: getThreadId: create new thread_id for recipients xxxxxxxx
09-07 14:27:47.769  2482  2887 D MmsSmsProvider: insertThread: created new thread_id 54 for recipientIds xxxxxxx
09-07 14:27:47.783   512 12206 D HarmanHAL: StreamIn::getCapturePositionImpl
09-07 14:27:47.813   512 12206 D HarmanHAL: StreamIn::getCapturePositionImpl
09-07 14:27:47.822  2482  2887 D MmsSmsProvider: getSingleAddressId: insert new canonical_address for xxxxxx, _id=55
09-07 14:27:47.822  2482  2887 D MmsSmsProvider: getThreadId: create new thread_id for recipients xxxxxxxx
09-07 14:27:47.823  2482  2887 D MmsSmsProvider: insertThread: created new thread_id 55 for recipientIds xxxxxxx
09-07 14:27:47.843   512 12206 D HarmanHAL: StreamIn::getCapturePositionImpl
09-07 14:27:47.871  2482  2887 D MmsSmsProvider: getSingleAddressId: insert new canonical_address for xxxxxx, _id=56
09-07 14:27:47.873  2482  2887 D MmsSmsProvider: getThreadId: create new thread_id for recipients xxxxxxxx
09-07 14:27:47.874   512 12206 D HarmanHAL: StreamIn::getCapturePositionImpl
09-07 14:27:47.874  2482  2887 D MmsSmsProvider: insertThread: created new thread_id 56 for recipientIds xxxxxxx
09-07 14:27:47.904   512 12206 D HarmanHAL: StreamIn::getCapturePositionImpl
09-07 14:27:47.927  2482  2507 D MmsSmsProvider: getSingleAddressId: insert new canonical_address for xxxxxx, _id=57
09-07 14:27:47.928  2482  2507 D MmsSmsProvider: getThreadId: create new thread_id for recipients xxxxxxxx
09-07 14:27:47.929  2482  2507 D MmsSmsProvider: insertThread: created new thread_id 57 for recipientIds xxxxxxx
09-07 14:27:47.943   512 12206 D HarmanHAL: StreamIn::getCapturePositionImpl
09-07 14:27:47.973   512 12206 I HarmanHal.Routing: hacs alsa node(pcmTunerIn_c) adtm interval_min:30 ms, inverval_max:40 ms, inverval_mean:31 ms!
09-07 14:27:47.973   512 12206 I HarmanHal.Routing:  in printADTM() PcmAlsaWrapper.cpp:876
09-07 14:27:47.973   512 12206 D HarmanHAL: StreamIn::getCapturePositionImpl
09-07 14:27:47.986  2482 12714 D MmsSmsProvider: getSingleAddressId: insert new canonical_address for xxxxxx, _id=58
09-07 14:27:47.986  2482 12714 D MmsSmsProvider: getThreadId: create new thread_id for recipients xxxxxxxx
09-07 14:27:47.987  2482 12714 D MmsSmsProvider: insertThread: created new thread_id 58 for recipientIds xxxxxxx
09-07 14:27:48.003   512 12206 D HarmanHAL: StreamIn::getCapturePositionImpl
09-07 14:27:48.033   512 12206 D HarmanHAL: StreamIn::getCapturePositionImpl
09-07 14:27:48.036  2482  2507 D MmsSmsProvider: getSingleAddressId: insert new canonical_address for xxxxxx, _id=59
09-07 14:27:48.038  2482  2507 D MmsSmsProvider: getThreadId: create new thread_id for recipients xxxxxxxx
09-07 14:27:48.039  2482  2507 D MmsSmsProvider: insertThread: created new thread_id 59 for recipientIds xxxxxxx
09-07 14:27:48.063   512 12206 D HarmanHAL: StreamIn::getCapturePositionImpl
09-07 14:27:48.090  2482  2887 D MmsSmsProvider: getSingleAddressId: insert new canonical_address for xxxxxx, _id=60
09-07 14:27:48.092  2482  2887 D MmsSmsProvider: getThreadId: create new thread_id for recipients xxxxxxxx
09-07 14:27:48.093  2482  2887 D MmsSmsProvider: insertThread: created new thread_id 60 for recipientIds xxxxxxx
09-07 14:27:48.103   512 12206 D HarmanHAL: StreamIn::getCapturePositionImpl
09-07 14:27:48.133   512 12206 I chatty  : uid=1041(audioserver) reader identical 1 line
09-07 14:27:48.163   512 12206 D HarmanHAL: StreamIn::getCapturePositionImpl
09-07 14:27:48.164  2482  2507 D MmsSmsProvider: getSingleAddressId: insert new canonical_address for xxxxxx, _id=61
09-07 14:27:48.165  2482  2507 D MmsSmsProvider: getThreadId: create new thread_id for recipients xxxxxxxx
09-07 14:27:48.166  2482  2507 D MmsSmsProvider: insertThread: created new thread_id 61 for recipientIds xxxxxxx
09-07 14:27:48.193   512 12206 D HarmanHAL: StreamIn::getCapturePositionImpl
09-07 14:27:48.217  2482  2507 D MmsSmsProvider: getSingleAddressId: insert new canonical_address for xxxxxx, _id=62
09-07 14:27:48.218  2482  2507 D MmsSmsProvider: getThreadId: create new thread_id for recipients xxxxxxxx
09-07 14:27:48.218  2482  2507 D MmsSmsProvider: insertThread: created new thread_id 62 for recipientIds xxxxxxx
09-07 14:27:48.223   512 12206 D HarmanHAL: StreamIn::getCapturePositionImpl
09-07 14:27:48.263   512 12206 D HarmanHAL: StreamIn::getCapturePositionImpl
09-07 14:27:48.272  2482  2507 D MmsSmsProvider: getSingleAddressId: insert new canonical_address for xxxxxx, _id=63
09-07 14:27:48.274  2482  2507 D MmsSmsProvider: getThreadId: create new thread_id for recipients xxxxxxxx
09-07 14:27:48.275  2482  2507 D MmsSmsProvider: insertThread: created new thread_id 63 for recipientIds xxxxxxx
09-07 14:27:48.280   512  3972 I HarmanHal.Routing: hacs alsa node(pcmMedia_p) adtm interval_min:0 ms, inverval_max:10 ms, inverval_mean:8 ms!
09-07 14:27:48.280   512  3972 I HarmanHal.Routing:  in printADTM() PcmAlsaWrapper.cpp:876
09-07 14:27:48.293   512 12206 D HarmanHAL: StreamIn::getCapturePositionImpl
09-07 14:27:48.323   512 12206 D HarmanHAL: StreamIn::getCapturePositionImpl
09-07 14:27:48.328  2482  2506 D MmsSmsProvider: getSingleAddressId: insert new canonical_address for xxxxxx, _id=64
09-07 14:27:48.330  2482  2506 D MmsSmsProvider: getThreadId: create new thread_id for recipients xxxxxxxx
09-07 14:27:48.331  2482  2506 D MmsSmsProvider: insertThread: created new thread_id 64 for recipientIds xxxxxxx
09-07 14:27:48.353   512 12206 D HarmanHAL: StreamIn::getCapturePositionImpl
09-07 14:27:48.383   512 12206 D HarmanHAL: StreamIn::getCapturePositionImpl
09-07 14:27:48.394  2482  2506 D MmsSmsProvider: getSingleAddressId: insert new canonical_address for xxxxxx, _id=65
09-07 14:27:48.396  2482  2506 D MmsSmsProvider: getThreadId: create new thread_id for recipients xxxxxxxx
09-07 14:27:48.397  2482  2506 D MmsSmsProvider: insertThread: created new thread_id 65 for recipientIds xxxxxxx
09-07 14:27:48.424   512 12206 D HarmanHAL: StreamIn::getCapturePositionImpl
09-07 14:27:48.453   512 12206 D HarmanHAL: StreamIn::getCapturePositionImpl
09-07 14:27:48.471  2482  2507 D MmsSmsProvider: getSingleAddressId: insert new canonical_address for xxxxxx, _id=66
09-07 14:27:48.472  2482  2507 D MmsSmsProvider: getThreadId: create new thread_id for recipients xxxxxxxx
09-07 14:27:48.473  2482  2507 D MmsSmsProvider: insertThread: created new thread_id 66 for recipientIds xxxxxxx
09-07 14:27:48.474   538   618 W ipcLib  : ipcLib: in ipc_lib. DV1 read called
09-07 14:27:48.483   512 12206 D HarmanHAL: StreamIn::getCapturePositionImpl
09-07 14:27:48.514   512 12206 D HarmanHAL: StreamIn::getCapturePositionImpl
09-07 14:27:48.542  2482  2506 D MmsSmsProvider: getSingleAddressId: insert new canonical_address for xxxxxx, _id=67
09-07 14:27:48.543   512 12206 D HarmanHAL: StreamIn::getCapturePositionImpl
09-07 14:27:48.544  2482  2506 D MmsSmsProvider: getThreadId: create new thread_id for recipients xxxxxxxx
09-07 14:27:48.545  2482  2506 D MmsSmsProvider: insertThread: created new thread_id 67 for recipientIds xxxxxxx
09-07 14:27:48.583   512 12206 D HarmanHAL: StreamIn::getCapturePositionImpl
09-07 14:27:48.613   512 12206 D HarmanHAL: StreamIn::getCapturePositionImpl
09-07 14:27:48.636  2482  2887 D MmsSmsProvider: getSingleAddressId: insert new canonical_address for xxxxxx, _id=68
09-07 14:27:48.638  2482  2887 D MmsSmsProvider: getThreadId: create new thread_id for recipients xxxxxxxx
09-07 14:27:48.638  2482  2887 D MmsSmsProvider: insertThread: created new thread_id 68 for recipientIds xxxxxxx
09-07 14:27:48.643   512 12206 D HarmanHAL: StreamIn::getCapturePositionImpl
09-07 14:27:48.674   512 12206 I chatty  : uid=1041(audioserver) reader identical 1 line
09-07 14:27:48.703   512 12206 D HarmanHAL: StreamIn::getCapturePositionImpl
09-07 14:27:48.714  2482  2506 D MmsSmsProvider: getSingleAddressId: insert new canonical_address for xxxxxx, _id=69
09-07 14:27:48.716  2482  2506 D MmsSmsProvider: getThreadId: create new thread_id for recipients xxxxxxxx
09-07 14:27:48.717  2482  2506 D MmsSmsProvider: insertThread: created new thread_id 69 for recipientIds xxxxxxx
09-07 14:27:48.743   512 12206 D HarmanHAL: StreamIn::getCapturePositionImpl
09-07 14:27:48.769  2482  2506 D MmsSmsProvider: getSingleAddressId: insert new canonical_address for xxxxxx, _id=70
09-07 14:27:48.771  2482  2506 D MmsSmsProvider: getThreadId: create new thread_id for recipients xxxxxxxx
09-07 14:27:48.772  2482  2506 D MmsSmsProvider: insertThread: created new thread_id 70 for recipientIds xxxxxxx
09-07 14:27:48.773   512 12206 D HarmanHAL: StreamIn::getCapturePositionImpl
09-07 14:27:48.803   512 12206 I chatty  : uid=1041(audioserver) reader identical 1 line
09-07 14:27:48.833   512 12206 D HarmanHAL: StreamIn::getCapturePositionImpl
09-07 14:27:48.845  2482  2506 D MmsSmsProvider: getSingleAddressId: insert new canonical_address for xxxxxx, _id=71
09-07 14:27:48.846  2482  2506 D MmsSmsProvider: getThreadId: create new thread_id for recipients xxxxxxxx
09-07 14:27:48.846  2482  2506 D MmsSmsProvider: insertThread: created new thread_id 71 for recipientIds xxxxxxx
09-07 14:27:48.863   512 12206 D HarmanHAL: StreamIn::getCapturePositionImpl
01-01 00:02:51.886     0     0 I init    : starting service 'qccsyshalservice'...
01-01 00:02:51.903     0     0 I init    : starting service 'vendor.sensors-hal-1-0'...
09-07 14:27:48.903   512 12206 D HarmanHAL: StreamIn::getCapturePositionImpl
09-07 14:27:48.911  2482  2507 D MmsSmsProvider: getSingleAddressId: insert new canonical_address for xxxxxx, _id=72
09-07 14:27:48.912  2482  2507 D MmsSmsProvider: getThreadId: create new thread_id for recipients xxxxxxxx
09-07 14:27:48.913  2482  2507 D MmsSmsProvider: insertThread: created new thread_id 72 for recipientIds xxxxxxx
01-01 00:02:51.910     0     0 I init    : starting service 'LogManager'...
09-07 14:27:48.923 12717 12717 I qccsyshalservice: Start with system binder
09-07 14:27:48.923 12717 12717 I qccsyshalservice: Registering qccsyshal service...
09-07 14:27:48.924   376   376 I hwservicemanager: getTransport: Cannot find entry vendor.qti.hardware.qccsyshal@1.0::IQccsyshal/qccsyshal in either framework or device manifest.
09-07 14:27:48.925 12717 12717 E HidlServiceManagement: Service vendor.qti.hardware.qccsyshal@1.0::IQccsyshal/qccsyshal must be in VINTF manifest in order to register/get.
09-07 14:27:48.925 12717 12717 E qccsyshalservice: [ERROR] registerAsService() failed with status: -2147483648
09-07 14:27:48.932   376   376 I hwservicemanager: getTransport: Cannot find entry android.hardware.sensors@1.0::ISensors/default in either framework or device manifest.
01-01 00:02:51.921     0     0 I init    : Service 'qccsyshalservice' (pid 12717) exited with status 1
01-01 00:02:51.921     0     0 I init    : Sending signal 9 to service 'qccsyshalservice' (pid 12717) process group...
01-01 00:02:51.921     0     0 I libprocessgroup: Successfully killed process cgroup uid 1000 pid 12717 in 0ms
09-07 14:27:48.934   512 12206 D HarmanHAL: StreamIn::getCapturePositionImpl
09-07 14:27:48.934 12718 12718 E android.hardware.sensors@1.0-service: Couldn't load sensors module (Unknown error -2147483648)
09-07 14:27:48.934 12718 12718 D RefBase : RefBase: Explicit destruction, weak count = 0 (in 0xb400007ad37b2678)
09-07 14:27:48.934 12718 12718 W RefBase : CallStack::getCurrentInternal not linked, returning null
09-07 14:27:48.934 12718 12718 W RefBase : CallStack::logStackInternal not linked
09-07 14:27:48.935 12718 12718 E LegacySupport: Could not get passthrough implementation for android.hardware.sensors@1.0::ISensors/default.
01-01 00:02:51.926     0     0 I init    : Service 'vendor.sensors-hal-1-0' (pid 12718) exited with status 1
01-01 00:02:51.926     0     0 I init    : Sending signal 9 to service 'vendor.sensors-hal-1-0' (pid 12718) process group...
01-01 00:02:51.926     0     0 I libprocessgroup: Successfully killed process cgroup uid 1000 pid 12718 in 0ms
09-07 14:27:48.956 12719 12719 D LOGMANAGER: LOGMANAGER HAL service init() start
09-07 14:27:48.956 12719 12719 D LOGMANAGER: Logmanager configured rpcthreadpool
09-07 14:27:48.951 12719 12719 I vendor.harman.L: type=1400 audit(0.0:2427): avc: denied { read } for name="u:object_r:hwservicemanager_prop:s0" dev="tmpfs" ino=24519 scontext=u:r:logmanagerd:s0 tcontext=u:object_r:hwservicemanager_prop:s0 tclass=file permissive=1
09-07 14:27:48.951 12719 12719 I vendor.harman.L: type=1400 audit(0.0:2428): avc: denied { open } for path="/dev/__properties__/u:object_r:hwservicemanager_prop:s0" dev="tmpfs" ino=24519 scontext=u:r:logmanagerd:s0 tcontext=u:object_r:hwservicemanager_prop:s0 tclass=file permissive=1
09-07 14:27:48.951 12719 12719 I vendor.harman.L: type=1400 audit(0.0:2429): avc: denied { getattr } for path="/dev/__properties__/u:object_r:hwservicemanager_prop:s0" dev="tmpfs" ino=24519 scontext=u:r:logmanagerd:s0 tcontext=u:object_r:hwservicemanager_prop:s0 tclass=file permissive=1
09-07 14:27:48.951 12719 12719 I vendor.harman.L: type=1400 audit(0.0:2430): avc: denied { map } for path="/dev/__properties__/u:object_r:hwservicemanager_prop:s0" dev="tmpfs" ino=24519 scontext=u:r:logmanagerd:s0 tcontext=u:object_r:hwservicemanager_prop:s0 tclass=file permissive=1
09-07 14:27:48.959 12719 12719 I HidlServiceManagement: Registered vendor.harman.hardware.LogManager@1.0::ILogManager/default
09-07 14:27:48.959 12719 12719 D LOGMANAGER: Logmanager HAL Service is registered and ready
09-07 14:27:48.960 12719 12719 I LOGMANAGER: ThreadPoolWrapper::initThreadPool
09-07 14:27:48.960 12719 12719 I LOGMANAGER: ThreadPoolWrapper : exit
09-07 14:27:48.960 12719 12719 D LOGMANAGER: Logmanager threadpoolwrapper created
09-07 14:27:48.960 12719 12719 D LOGMANAGER: User argument is -c
09-07 14:27:48.960 12719 12719 I LOGMANAGER: LogmanagerConfig is configured under config file
09-07 14:27:48.960 12719 12719 I LOGMANAGER: LoggingLevel is : 4
09-07 14:27:48.960 12719 12719 I LOGMANAGER: LogEnableState is : 0
09-07 14:27:48.960 12719 12719 I LOGMANAGER: OutputPluginConfiguration PluginType : LOGWRITTER
09-07 14:27:48.960 12719 12719 I LOGMANAGER: LM_OutputConfiguration : 1
09-07 14:27:48.960 12719 12719 I LOGMANAGER: LM_OfflineTraceDirectory : /data/cache
09-07 14:27:48.960 12719 12719 I LOGMANAGER: LM_OfflineTraceFILESize : 1000000
09-07 14:27:48.960 12719 12719 I LOGMANAGER: LM_OfflineTotalFILESSize : 20000000
09-07 14:27:48.960 12719 12719 I LOGMANAGER: LM_FileNameTimeStampBased : 0
09-07 14:27:48.960 12719 12719 I LOGMANAGER: Got IOC plugin
09-07 14:27:48.960 12719 12719 I LOGMANAGER: IOCIPCChannelNumber :6
09-07 14:27:48.960 12719 12719 I LOGMANAGER: keyseq: HOME + VOLUMEDOWN  for domain is AudioDump
09-07 14:27:48.960 12719 12719 I LOGMANAGER: keyseq: HOME + VOLUMEUP  for domain is HCIDump
09-07 14:27:48.955 12719 12719 I vendor.harman.L: type=1400 audit(0.0:2431): avc: denied { dac_read_search } for capability=2 scontext=u:r:logmanagerd:s0 tcontext=u:r:logmanagerd:s0 tclass=capability permissive=1
09-07 14:27:48.960 12719 12719 I LOGMANAGER: Domains parsing is done
09-07 14:27:48.955 12719 12719 I vendor.harman.L: type=1400 audit(0.0:2432): avc: denied { search } for name="cache" dev="dm-4" ino=262146 scontext=u:r:logmanagerd:s0 tcontext=u:object_r:cache_file:s0 tclass=dir permissive=1
09-07 14:27:48.955 12719 12719 I vendor.harman.L: type=1400 audit(0.0:2433): avc: denied { dac_override } for capability=1 scontext=u:r:logmanagerd:s0 tcontext=u:r:logmanagerd:s0 tclass=capability permissive=1
09-07 14:27:48.955 12719 12719 I vendor.harman.L: type=1400 audit(0.0:2434): avc: denied { write } for name="cache" dev="dm-4" ino=262146 scontext=u:r:logmanagerd:s0 tcontext=u:object_r:cache_file:s0 tclass=dir permissive=1
09-07 14:27:48.963   512 12206 I HarmanHal.Routing: hacs alsa node(pcmTunerIn_c) adtm interval_min:30 ms, inverval_max:40 ms, inverval_mean:31 ms!
09-07 14:27:48.963   512 12206 I HarmanHal.Routing:  in printADTM() PcmAlsaWrapper.cpp:876
09-07 14:27:48.963   512 12206 D HarmanHAL: StreamIn::getCapturePositionImpl
01-01 00:02:51.951     0     0 W audit   : audit_lost=1006 audit_rate_limit=5 audit_backlog_limit=64
01-01 00:02:51.951     0     0 E audit   : rate limit exceeded
09-07 14:27:48.966 12719 12719 E LOGMANAGER: Failed to load plugin /vendor/lib64/libIOCDLogReader.so with error code dlopen failed: library "/vendor/lib64/libIOCDLogReader.so" not found 
09-07 14:27:48.966 12719 12719 F libc    : Fatal signal 11 (SIGSEGV), code 1 (SEGV_MAPERR), fault addr 0x0 in tid 12719 (vendor.harman.L), pid 12719 (vendor.harman.L)
09-07 14:27:48.966 12719 12720 I LOGMANAGER: ThreadPoolWrapper:  enter the joinRpcThreadpool()
09-07 14:27:48.994   512 12206 D HarmanHAL: StreamIn::getCapturePositionImpl
09-07 14:27:49.000   532   569 I VPS     : VPS:VehiclePlatformSOCHeartBeatHandler IVI HeartBeat sent successfully SOCHeartBeatInfo.SOCStatus->2
09-07 14:27:49.000   532   569 W ipcLib  : ipcLib: in ipc_lib. DV1 write called
09-07 14:27:49.001 12723 12723 I crash_dump64: obtaining output fd from tombstoned, type: kDebuggerdTombstone
09-07 14:27:49.002   532   569 W ipcLib  : ipcLib: in ipc_lib. DV1 read called
09-07 14:27:49.002   463   463 I tombstoned: received crash request for pid 12719
09-07 14:27:49.003 12723 12723 I crash_dump64: performing dump of process 12719 (target tid = 12719)
09-07 14:27:49.006 12723 12723 F DEBUG   : *** *** *** *** *** *** *** *** *** *** *** *** *** *** *** ***
09-07 14:27:49.007 12723 12723 F DEBUG   : Build fingerprint: 'qti/titan_tml_b2/titan_tml_b2:11/RQ3A.210605.005/eng.ksong.20210907.134230:userdebug/test-keys'
09-07 14:27:49.007 12723 12723 F DEBUG   : Revision: '0'
09-07 14:27:49.007 12723 12723 F DEBUG   : ABI: 'arm64'
09-07 14:27:49.009 12723 12723 F DEBUG   : Timestamp: 2021-09-07 14:27:49+0000
09-07 14:27:49.009 12723 12723 F DEBUG   : pid: 12719, tid: 12719, name: vendor.harman.L  >>> /vendor/bin/hw/vendor.harman.LogManager@1.0-service <<<
09-07 14:27:49.009 12723 12723 F DEBUG   : uid: 0
09-07 14:27:49.009 12723 12723 F DEBUG   : signal 11 (SIGSEGV), code 1 (SEGV_MAPERR), fault addr 0x0
09-07 14:27:49.009 12723 12723 F DEBUG   : Cause: null pointer dereference
09-07 14:27:49.009 12723 12723 F DEBUG   :     x0  0000000000000000  x1  0000000000000000  x2  0000000000080001  x3  0000000000000000
09-07 14:27:49.009 12723 12723 F DEBUG   :     x4  0000000000000000  x5  0000000000000090  x6  fefefefefefefeff  x7  7f7f7f7f7f7f7f7f
09-07 14:27:49.009 12723 12723 F DEBUG   :     x8  0101010101010101  x9  b72e9621af45d834  x10 0000007ffd90f6d8  x11 fffffffffffffffd
09-07 14:27:49.009 12723 12723 F DEBUG   :     x12 0000007ffd90f860  x13 000000000000008e  x14 00397578c5a61c00  x15 0000000034155555
09-07 14:27:49.010 12723 12723 F DEBUG   :     x16 00000059d49af7e0  x17 0000007463397b30  x18 0000007464a2e000  x19 0000000000000000
09-07 14:27:49.010 12723 12723 F DEBUG   :     x20 000000746312cc50  x21 0000007ffd90ff79  x22 b400007362fef598  x23 0000007ffd90ff98
09-07 14:27:49.010 12723 12723 F DEBUG   :     x24 0000000000000000  x25 0000007463c2a000  x26 0000007ffd90ff79  x27 0000007ffd90ff49
09-07 14:27:49.010 12723 12723 F DEBUG   :     x28 0000000000000000  x29 0000007ffd90fe80
09-07 14:27:49.010 12723 12723 F DEBUG   :     lr  00000059d49a6048  sp  0000007ffd90fe80  pc  0000007463397b40  pst 0000000080000000
09-07 14:27:49.012 12723 12723 F DEBUG   : backtrace:
09-07 14:27:49.012 12723 12723 F DEBUG   :       #00 pc 000000000004ab40  /apex/com.android.runtime/lib64/bionic/libc.so (strlen_default+16) (BuildId: 2b7c6e33413ac7278a15dfc3ea383089)
09-07 14:27:49.012 12723 12723 F DEBUG   :       #01 pc 0000000000009044  /vendor/bin/hw/vendor.harman.LogManager@1.0-service (BuildId: 3e966ab64050b441b920ba0e8960d123)
09-07 14:27:49.012 12723 12723 F DEBUG   :       #02 pc 0000000000008df0  /vendor/bin/hw/vendor.harman.LogManager@1.0-service (LM::LogManagerImpl::load_plugin_conf(void*, std::__1::basic_string<char, std::__1::char_traits<char>, std::__1::allocator<char> >, std::__1::multimap<std::__1::basic_string<char, std::__1::char_traits<char>, std::__1::allocator<char> >, int, std::__1::less<std::__1::basic_string<char, std::__1::char_traits<char>, std::__1::allocator<char> > >, std::__1::allocator<std::__1::pair<std::__1::basic_string<char, std::__1::char_traits<char>, std::__1::allocator<char> > const, int> > >&)+752) (BuildId: 3e966ab64050b441b920ba0e8960d123)
09-07 14:27:49.012 12723 12723 F DEBUG   :       #03 pc 00000000000088c0  /vendor/bin/hw/vendor.harman.LogManager@1.0-service (LM::LogManagerImpl::loadplugins()+436) (BuildId: 3e966ab64050b441b920ba0e8960d123)
09-07 14:27:49.012 12723 12723 F DEBUG   :       #04 pc 0000000000007af8  /vendor/bin/hw/vendor.harman.LogManager@1.0-service (main+1112) (BuildId: 3e966ab64050b441b920ba0e8960d123)
09-07 14:27:49.012 12723 12723 F DEBUG   :       #05 pc 000000000004988c  /apex/com.android.runtime/lib64/bionic/libc.so (__libc_init+108) (BuildId: 2b7c6e33413ac7278a15dfc3ea383089)
09-07 14:27:49.023   512 12206 D HarmanHAL: StreamIn::getCapturePositionImpl
09-07 14:27:49.028  2482  2887 D MmsSmsProvider: getSingleAddressId: insert new canonical_address for xxxxxx, _id=73
09-07 14:27:49.030  2482  2887 D MmsSmsProvider: getThreadId: create new thread_id for recipients xxxxxxxx
09-07 14:27:49.031  2482  2887 D MmsSmsProvider: insertThread: created new thread_id 73 for recipientIds xxxxxxx
01-01 00:02:52.051     0     0 D logd    : logdr: UID=0 GID=1000 PID=12723 n tail=0 logMask=8 pid=12719 start=0ns timeout=0ns
09-07 14:27:49.063   512 12206 D HarmanHAL: StreamIn::getCapturePositionImpl
01-01 00:02:52.059     0     0 D logd    : logdr: UID=0 GID=1000 PID=12723 n tail=0 logMask=1 pid=12719 start=0ns timeout=0ns
09-07 14:27:49.080  1033  1270 W NativeCrashListener: Couldn't find ProcessRecord for pid 12719
09-07 14:27:49.081 12723 12723 E crash_dump64: AM data write failed: Broken pipe
09-07 14:27:49.082   463   463 E tombstoned: Tombstone written to: /data/tombstones/tombstone_00
01-01 00:02:52.073     0     0 I init    : Untracked pid 12723 exited with status 0
09-07 14:27:49.089  1033  1095 I BootReceiver: Copying /data/tombstones/tombstone_00 to DropBox (SYSTEM_TOMBSTONE)
09-07 14:27:49.092  1033  1095 I DropBoxManagerService: add tag=SYSTEM_TOMBSTONE isTagEnabled=true flags=0x2
09-07 14:27:49.093   512 12206 D HarmanHAL: StreamIn::getCapturePositionImpl
09-07 14:27:49.104  2482  2887 D MmsSmsProvider: getSingleAddressId: insert new canonical_address for xxxxxx, _id=74
09-07 14:27:49.105  2482  2887 D MmsSmsProvider: getThreadId: create new thread_id for recipients xxxxxxxx
09-07 14:27:49.107  2482  2887 D MmsSmsProvider: insertThread: created new thread_id 74 for recipientIds xxxxxxx
09-07 14:27:49.123   512 12206 D HarmanHAL: StreamIn::getCapturePositionImpl
01-01 00:02:52.144     0     0 I IRQ 5   : no longer affine to CPU4
09-07 14:27:49.154   512 12206 I chatty  : uid=1041(audioserver) reader identical 1 line
09-07 14:27:49.183   512 12206 D HarmanHAL: StreamIn::getCapturePositionImpl
09-07 14:27:49.191  2482  2887 D MmsSmsProvider: getSingleAddressId: insert new canonical_address for xxxxxx, _id=75
09-07 14:27:49.192  2482  2887 D MmsSmsProvider: getThreadId: create new thread_id for recipients xxxxxxxx
09-07 14:27:49.192  2482  2887 D MmsSmsProvider: insertThread: created new thread_id 75 for recipientIds xxxxxxx
09-07 14:27:49.223   512 12206 D HarmanHAL: StreamIn::getCapturePositionImpl
09-07 14:27:49.253   512 12206 D HarmanHAL: StreamIn::getCapturePositionImpl
09-07 14:27:49.260  2482  2507 D MmsSmsProvider: getSingleAddressId: insert new canonical_address for xxxxxx, _id=76
09-07 14:27:49.262  2482  2507 D MmsSmsProvider: getThreadId: create new thread_id for recipients xxxxxxxx
09-07 14:27:49.263  2482  2507 D MmsSmsProvider: insertThread: created new thread_id 76 for recipientIds xxxxxxx
09-07 14:27:49.280   512  3972 I HarmanHal.Routing: hacs alsa node(pcmMedia_p) adtm interval_min:0 ms, inverval_max:10 ms, inverval_mean:8 ms!
09-07 14:27:49.280   512  3972 I HarmanHal.Routing:  in printADTM() PcmAlsaWrapper.cpp:876
09-07 14:27:49.283   512 12206 D HarmanHAL: StreamIn::getCapturePositionImpl
09-07 14:27:49.313   512 12206 D HarmanHAL: StreamIn::getCapturePositionImpl
09-07 14:27:49.336  2482  2507 D MmsSmsProvider: getSingleAddressId: insert new canonical_address for xxxxxx, _id=77
09-07 14:27:49.337  2482  2507 D MmsSmsProvider: getThreadId: create new thread_id for recipients xxxxxxxx
09-07 14:27:49.338  2482  2507 D MmsSmsProvider: insertThread: created new thread_id 77 for recipientIds xxxxxxx
09-07 14:27:49.343   512 12206 D HarmanHAL: StreamIn::getCapturePositionImpl
09-07 14:27:49.413   512 12206 I chatty  : uid=1041(audioserver) reader identical 2 lines
09-07 14:27:49.444   512 12206 D HarmanHAL: StreamIn::getCapturePositionImpl
09-07 14:27:49.450   512   512 E android.hardware.audio@6.0-harman-service: [CXmlParser]: nodeset is empty for xpath: /audioConfiguration/EnableWatchdog
09-07 14:27:49.450   512   512 E android.hardware.audio@6.0-harman-service: [CXmlParser::GetOneEleValue] Xpath object is NULL. XPath: /audioConfiguration/EnableWatchdog
09-07 14:27:49.451   512   512 W HarmanHal: ConfigSettings::GetOneEleValue Error while reading the path /audioConfiguration/EnableWatchdog
09-07 14:27:49.451   512   512 W HarmanHal: ConfigSettings::GetOneEleValue Error in checkifWatchdogTobeEnabled
09-07 14:27:49.451   512   512 I HarmanHal: WatchdogClient::isClientHealthy, Value Of checkifWatchdogTobeEnabled:0
09-07 14:27:49.473   512 12206 D HarmanHAL: StreamIn::getCapturePositionImpl
09-07 14:27:49.475   538   618 W ipcLib  : ipcLib: in ipc_lib. DV1 read called
09-07 14:27:49.503   512 12206 D HarmanHAL: StreamIn::getCapturePositionImpl
09-07 14:27:49.504  2482  2887 D MmsSmsProvider: getSingleAddressId: insert new canonical_address for xxxxxx, _id=78
09-07 14:27:49.505  2482  2887 D MmsSmsProvider: getThreadId: create new thread_id for recipients xxxxxxxx
09-07 14:27:49.506  2482  2887 D MmsSmsProvider: insertThread: created new thread_id 78 for recipientIds xxxxxxx
09-07 14:27:49.543   512 12206 D HarmanHAL: StreamIn::getCapturePositionImpl
09-07 14:27:49.559  2482  2887 D MmsSmsProvider: getSingleAddressId: insert new canonical_address for xxxxxx, _id=79
09-07 14:27:49.560  2482  2887 D MmsSmsProvider: getThreadId: create new thread_id for recipients xxxxxxxx
09-07 14:27:49.561  2482  2887 D MmsSmsProvider: insertThread: created new thread_id 79 for recipientIds xxxxxxx
09-07 14:27:49.573   512 12206 D HarmanHAL: StreamIn::getCapturePositionImpl
09-07 14:27:49.583   536   612 E pathology: [ProcessCrashHandler:: parseTombstoneFileName]string not found
09-07 14:27:49.583   536   612 I chatty  : uid=0(root) vendor.harman.p identical 4 lines
09-07 14:27:49.583   536   612 E pathology: [ProcessCrashHandler:: parseTombstoneFileName]string not found
09-07 14:27:49.603   512 12206 D HarmanHAL: StreamIn::getCapturePositionImpl
09-07 14:27:49.633   512 12206 D HarmanHAL: StreamIn::getCapturePositionImpl
09-07 14:27:49.658  2482  2507 D MmsSmsProvider: getSingleAddressId: insert new canonical_address for xxxxxx, _id=80
09-07 14:27:49.659  2482  2507 D MmsSmsProvider: getThreadId: create new thread_id for recipients xxxxxxxx
09-07 14:27:49.659  2482  2507 D MmsSmsProvider: insertThread: created new thread_id 80 for recipientIds xxxxxxx
09-07 14:27:49.663   512 12206 D HarmanHAL: StreamIn::getCapturePositionImpl
09-07 14:27:49.667   532   569 W ipcLib  : ipcLib: in ipc_lib. DV1 read called
09-07 14:27:49.667   532   568 I VPS     : VPS:IOCStatusInfo.VoltageStatus->0 
09-07 14:27:49.667   532   568 I VPS     : VPS:IOCStatusInfo.IOCStatusCmd->a6 
09-07 14:27:49.667   532   568 I VPS     : VPS:IOCStatusInfo.WakeUpReason->0 
09-07 14:27:49.667   532   568 I VPS     : VPS:IOCStatusInfo.DerivedIgnitionStatus->0 
09-07 14:27:49.667   532   568 I VPS     : VPS:IOCStatusInfo.PowerModeState->4 
09-07 14:27:49.667   532   568 I VPS     : VPS:IOCStatusInfo.SOCShutdownRequest->0 
09-07 14:27:49.667   532   568 I VPS     : VPS:IOCStatusInfo.AntiTheftState->0 
09-07 14:27:49.667   532   568 I VPS     : VPS:IOCStatusInfo.BatteryConnect->0 
09-07 14:27:49.703   512 12206 D HarmanHAL: StreamIn::getCapturePositionImpl
09-07 14:27:49.711  2482  2887 D MmsSmsProvider: getSingleAddressId: insert new canonical_address for xxxxxx, _id=81
09-07 14:27:49.712  2482  2887 D MmsSmsProvider: getThreadId: create new thread_id for recipients xxxxxxxx
09-07 14:27:49.712  2482  2887 D MmsSmsProvider: insertThread: created new thread_id 81 for recipientIds xxxxxxx
09-07 14:27:49.733   512 12206 D HarmanHAL: StreamIn::getCapturePositionImpl
09-07 14:27:49.749  1033  1100 V DisplayPowerController: Brightness [0.05] reason changing to: 'manual [ dim ]', previous reason: 'manual'.
09-07 14:27:49.767   530   602 E NetlinkEvent: NetlinkEvent::FindParam(): Parameter 'PRODUCT' not found
09-07 14:27:49.768   530   602 E NetlinkEvent: NetlinkEvent::FindParam(): Parameter 'DEVNAME' not found
09-07 14:27:49.768   530   602 E NetlinkEvent: NetlinkEvent::FindParam(): Parameter 'INTERFACE' not found
09-07 14:27:49.768   531   595 E NetlinkEvent: NetlinkEvent::FindParam(): Parameter 'dual_role_usb' not found
09-07 14:27:49.768   531   595 E NetlinkEvent: NetlinkEvent::FindParam(): Parameter 'OVER_CURRENT_PORT' not found
09-07 14:27:49.768   531   595 E NetlinkEvent: NetlinkEvent::FindParam(): Parameter 'UNRECOGNIZED_USB_DEVICE_ON_PORT' not found
09-07 14:27:49.781   530   602 E NetlinkEvent: NetlinkEvent::FindParam(): Parameter 'PRODUCT' not found
09-07 14:27:49.782   530   602 E NetlinkEvent: NetlinkEvent::FindParam(): Parameter 'DEVNAME' not found
09-07 14:27:49.782   530   602 E NetlinkEvent: NetlinkEvent::FindParam(): Parameter 'INTERFACE' not found
09-07 14:27:49.782   531   595 E NetlinkEvent: NetlinkEvent::FindParam(): Parameter 'dual_role_usb' not found
09-07 14:27:49.782   531   595 E NetlinkEvent: NetlinkEvent::FindParam(): Parameter 'OVER_CURRENT_PORT' not found
09-07 14:27:49.782   531   595 E NetlinkEvent: NetlinkEvent::FindParam(): Parameter 'UNRECOGNIZED_USB_DEVICE_ON_PORT' not found
09-07 14:27:49.797   530   602 E NetlinkEvent: NetlinkEvent::FindParam(): Parameter 'PRODUCT' not found
09-07 14:27:49.798   530   602 E NetlinkEvent: NetlinkEvent::FindParam(): Parameter 'DEVNAME' not found
09-07 14:27:49.798   530   602 E NetlinkEvent: NetlinkEvent::FindParam(): Parameter 'INTERFACE' not found
09-07 14:27:49.798   531   595 E NetlinkEvent: NetlinkEvent::FindParam(): Parameter 'dual_role_usb' not found
09-07 14:27:49.798   531   595 E NetlinkEvent: NetlinkEvent::FindParam(): Parameter 'OVER_CURRENT_PORT' not found
09-07 14:27:49.798   531   595 E NetlinkEvent: NetlinkEvent::FindParam(): Parameter 'UNRECOGNIZED_USB_DEVICE_ON_PORT' not found
09-07 14:27:49.814   530   602 E NetlinkEvent: NetlinkEvent::FindParam(): Parameter 'PRODUCT' not found
09-07 14:27:49.815   530   602 E NetlinkEvent: NetlinkEvent::FindParam(): Parameter 'DEVNAME' not found
09-07 14:27:49.815   530   602 E NetlinkEvent: NetlinkEvent::FindParam(): Parameter 'INTERFACE' not found
09-07 14:27:49.815   531   595 E NetlinkEvent: NetlinkEvent::FindParam(): Parameter 'dual_role_usb' not found
09-07 14:27:49.815   531   595 E NetlinkEvent: NetlinkEvent::FindParam(): Parameter 'OVER_CURRENT_PORT' not found
09-07 14:27:49.815   531   595 E NetlinkEvent: NetlinkEvent::FindParam(): Parameter 'UNRECOGNIZED_USB_DEVICE_ON_PORT' not found
09-07 14:27:49.794   512 12206 I chatty  : uid=1041(audioserver) reader identical 2 lines
09-07 14:27:49.823   512 12206 D HarmanHAL: StreamIn::getCapturePositionImpl
09-07 14:27:49.830  2482  2506 D MmsSmsProvider: getSingleAddressId: insert new canonical_address for xxxxxx, _id=82
09-07 14:27:49.831   530   602 E NetlinkEvent: NetlinkEvent::FindParam(): Parameter 'PRODUCT' not found
09-07 14:27:49.831   530   602 E NetlinkEvent: NetlinkEvent::FindParam(): Parameter 'DEVNAME' not found
09-07 14:27:49.831   530   602 E NetlinkEvent: NetlinkEvent::FindParam(): Parameter 'INTERFACE' not found
09-07 14:27:49.831   531   595 E NetlinkEvent: NetlinkEvent::FindParam(): Parameter 'dual_role_usb' not found
09-07 14:27:49.831   531   595 E NetlinkEvent: NetlinkEvent::FindParam(): Parameter 'OVER_CURRENT_PORT' not found
09-07 14:27:49.831   531   595 E NetlinkEvent: NetlinkEvent::FindParam(): Parameter 'UNRECOGNIZED_USB_DEVICE_ON_PORT' not found
09-07 14:27:49.832  2482  2506 D MmsSmsProvider: getThreadId: create new thread_id for recipients xxxxxxxx
09-07 14:27:49.832  2482  2506 D MmsSmsProvider: insertThread: created new thread_id 82 for recipientIds xxxxxxx
09-07 14:27:49.847   530   602 E NetlinkEvent: NetlinkEvent::FindParam(): Parameter 'PRODUCT' not found
09-07 14:27:49.848   530   602 E NetlinkEvent: NetlinkEvent::FindParam(): Parameter 'DEVNAME' not found
09-07 14:27:49.848   530   602 E NetlinkEvent: NetlinkEvent::FindParam(): Parameter 'INTERFACE' not found
09-07 14:27:49.848   531   595 E NetlinkEvent: NetlinkEvent::FindParam(): Parameter 'dual_role_usb' not found
09-07 14:27:49.848   531   595 E NetlinkEvent: NetlinkEvent::FindParam(): Parameter 'OVER_CURRENT_PORT' not found
09-07 14:27:49.848   531   595 E NetlinkEvent: NetlinkEvent::FindParam(): Parameter 'UNRECOGNIZED_USB_DEVICE_ON_PORT' not found
09-07 14:27:49.863   512 12206 D HarmanHAL: StreamIn::getCapturePositionImpl
09-07 14:27:49.864   530   602 E NetlinkEvent: NetlinkEvent::FindParam(): Parameter 'PRODUCT' not found
09-07 14:27:49.864   530   602 E NetlinkEvent: NetlinkEvent::FindParam(): Parameter 'DEVNAME' not found
09-07 14:27:49.864   530   602 E NetlinkEvent: NetlinkEvent::FindParam(): Parameter 'INTERFACE' not found
09-07 14:27:49.865   531   595 E NetlinkEvent: NetlinkEvent::FindParam(): Parameter 'dual_role_usb' not found
09-07 14:27:49.865   531   595 E NetlinkEvent: NetlinkEvent::FindParam(): Parameter 'OVER_CURRENT_PORT' not found
09-07 14:27:49.865   531   595 E NetlinkEvent: NetlinkEvent::FindParam(): Parameter 'UNRECOGNIZED_USB_DEVICE_ON_PORT' not found
09-07 14:27:49.881   530   602 E NetlinkEvent: NetlinkEvent::FindParam(): Parameter 'PRODUCT' not found
09-07 14:27:49.882   530   602 E NetlinkEvent: NetlinkEvent::FindParam(): Parameter 'DEVNAME' not found
09-07 14:27:49.882   530   602 E NetlinkEvent: NetlinkEvent::FindParam(): Parameter 'INTERFACE' not found
09-07 14:27:49.882   531   595 E NetlinkEvent: NetlinkEvent::FindParam(): Parameter 'dual_role_usb' not found
09-07 14:27:49.882   531   595 E NetlinkEvent: NetlinkEvent::FindParam(): Parameter 'OVER_CURRENT_PORT' not found
09-07 14:27:49.882   531   595 E NetlinkEvent: NetlinkEvent::FindParam(): Parameter 'UNRECOGNIZED_USB_DEVICE_ON_PORT' not found
09-07 14:27:49.898   530   602 E NetlinkEvent: NetlinkEvent::FindParam(): Parameter 'PRODUCT' not found
09-07 14:27:49.898   530   602 E NetlinkEvent: NetlinkEvent::FindParam(): Parameter 'DEVNAME' not found
09-07 14:27:49.898   530   602 E NetlinkEvent: NetlinkEvent::FindParam(): Parameter 'INTERFACE' not found
09-07 14:27:49.899   531   595 E NetlinkEvent: NetlinkEvent::FindParam(): Parameter 'dual_role_usb' not found
09-07 14:27:49.899   531   595 E NetlinkEvent: NetlinkEvent::FindParam(): Parameter 'OVER_CURRENT_PORT' not found
09-07 14:27:49.899   531   595 E NetlinkEvent: NetlinkEvent::FindParam(): Parameter 'UNRECOGNIZED_USB_DEVICE_ON_PORT' not found
09-07 14:27:49.915   530   602 E NetlinkEvent: NetlinkEvent::FindParam(): Parameter 'PRODUCT' not found
09-07 14:27:49.915   530   602 E NetlinkEvent: NetlinkEvent::FindParam(): Parameter 'DEVNAME' not found
09-07 14:27:49.915   530   602 E NetlinkEvent: NetlinkEvent::FindParam(): Parameter 'INTERFACE' not found
09-07 14:27:49.916   531   595 E NetlinkEvent: NetlinkEvent::FindParam(): Parameter 'dual_role_usb' not found
09-07 14:27:49.916   531   595 E NetlinkEvent: NetlinkEvent::FindParam(): Parameter 'OVER_CURRENT_PORT' not found
09-07 14:27:49.916   531   595 E NetlinkEvent: NetlinkEvent::FindParam(): Parameter 'UNRECOGNIZED_USB_DEVICE_ON_PORT' not found
09-07 14:27:49.932   530   602 E NetlinkEvent: NetlinkEvent::FindParam(): Parameter 'PRODUCT' not found
09-07 14:27:49.932   530   602 E NetlinkEvent: NetlinkEvent::FindParam(): Parameter 'DEVNAME' not found
09-07 14:27:49.932   530   602 E NetlinkEvent: NetlinkEvent::FindParam(): Parameter 'INTERFACE' not found
09-07 14:27:49.932   531   595 E NetlinkEvent: NetlinkEvent::FindParam(): Parameter 'dual_role_usb' not found
09-07 14:27:49.932   531   595 E NetlinkEvent: NetlinkEvent::FindParam(): Parameter 'OVER_CURRENT_PORT' not found
09-07 14:27:49.932   531   595 E NetlinkEvent: NetlinkEvent::FindParam(): Parameter 'UNRECOGNIZED_USB_DEVICE_ON_PORT' not found
09-07 14:27:49.948   530   602 E NetlinkEvent: NetlinkEvent::FindParam(): Parameter 'PRODUCT' not found
09-07 14:27:49.948   530   602 E NetlinkEvent: NetlinkEvent::FindParam(): Parameter 'DEVNAME' not found
09-07 14:27:49.948   530   602 E NetlinkEvent: NetlinkEvent::FindParam(): Parameter 'INTERFACE' not found
09-07 14:27:49.948   531   595 E NetlinkEvent: NetlinkEvent::FindParam(): Parameter 'dual_role_usb' not found
09-07 14:27:49.948   531   595 E NetlinkEvent: NetlinkEvent::FindParam(): Parameter 'OVER_CURRENT_PORT' not found
09-07 14:27:49.948   531   595 E NetlinkEvent: NetlinkEvent::FindParam(): Parameter 'UNRECOGNIZED_USB_DEVICE_ON_PORT' not found
09-07 14:27:49.893   512 12206 I chatty  : uid=1041(audioserver) reader identical 1 line
09-07 14:27:49.924   512 12206 D HarmanHAL: StreamIn::getCapturePositionImpl
09-07 14:27:49.951  2482  2887 D MmsSmsProvider: getSingleAddressId: insert new canonical_address for xxxxxx, _id=83
09-07 14:27:49.952  2482  2887 D MmsSmsProvider: getThreadId: create new thread_id for recipients xxxxxxxx
09-07 14:27:49.953  2482  2887 D MmsSmsProvider: insertThread: created new thread_id 83 for recipientIds xxxxxxx
09-07 14:27:49.953   512 12206 I HarmanHal.Routing: hacs alsa node(pcmTunerIn_c) adtm interval_min:29 ms, inverval_max:40 ms, inverval_mean:31 ms!
09-07 14:27:49.953   512 12206 I HarmanHal.Routing:  in printADTM() PcmAlsaWrapper.cpp:876
09-07 14:27:49.953   512 12206 D HarmanHAL: StreamIn::getCapturePositionImpl
09-07 14:27:49.964   530   602 E NetlinkEvent: NetlinkEvent::FindParam(): Parameter 'PRODUCT' not found
09-07 14:27:49.965   530   602 E NetlinkEvent: NetlinkEvent::FindParam(): Parameter 'DEVNAME' not found
09-07 14:27:49.965   530   602 E NetlinkEvent: NetlinkEvent::FindParam(): Parameter 'INTERFACE' not found
09-07 14:27:49.965   531   595 E NetlinkEvent: NetlinkEvent::FindParam(): Parameter 'dual_role_usb' not found
09-07 14:27:49.965   531   595 E NetlinkEvent: NetlinkEvent::FindParam(): Parameter 'OVER_CURRENT_PORT' not found
09-07 14:27:49.965   531   595 E NetlinkEvent: NetlinkEvent::FindParam(): Parameter 'UNRECOGNIZED_USB_DEVICE_ON_PORT' not found
09-07 14:27:49.982   530   602 E NetlinkEvent: NetlinkEvent::FindParam(): Parameter 'PRODUCT' not found
09-07 14:27:49.982   530   602 E NetlinkEvent: NetlinkEvent::FindParam(): Parameter 'DEVNAME' not found
09-07 14:27:49.982   530   602 E NetlinkEvent: NetlinkEvent::FindParam(): Parameter 'INTERFACE' not found
09-07 14:27:49.982   531   595 E NetlinkEvent: NetlinkEvent::FindParam(): Parameter 'dual_role_usb' not found
09-07 14:27:49.982   531   595 E NetlinkEvent: NetlinkEvent::FindParam(): Parameter 'OVER_CURRENT_PORT' not found
09-07 14:27:49.982   531   595 E NetlinkEvent: NetlinkEvent::FindParam(): Parameter 'UNRECOGNIZED_USB_DEVICE_ON_PORT' not found
09-07 14:27:49.998   530   602 E NetlinkEvent: NetlinkEvent::FindParam(): Parameter 'PRODUCT' not found
09-07 14:27:49.998   530   602 E NetlinkEvent: NetlinkEvent::FindParam(): Parameter 'DEVNAME' not found
09-07 14:27:49.998   530   602 E NetlinkEvent: NetlinkEvent::FindParam(): Parameter 'INTERFACE' not found
09-07 14:27:49.998   531   595 E NetlinkEvent: NetlinkEvent::FindParam(): Parameter 'dual_role_usb' not found
09-07 14:27:49.998   531   595 E NetlinkEvent: NetlinkEvent::FindParam(): Parameter 'OVER_CURRENT_PORT' not found
09-07 14:27:49.999   531   595 E NetlinkEvent: NetlinkEvent::FindParam(): Parameter 'UNRECOGNIZED_USB_DEVICE_ON_PORT' not found
09-07 14:27:49.983   512 12206 D HarmanHAL: StreamIn::getCapturePositionImpl
09-07 14:27:50.010  2482  2507 D MmsSmsProvider: getSingleAddressId: insert new canonical_address for xxxxxx, _id=84
09-07 14:27:50.012  2482  2507 D MmsSmsProvider: getThreadId: create new thread_id for recipients xxxxxxxx
09-07 14:27:50.012  2482  2507 D MmsSmsProvider: insertThread: created new thread_id 84 for recipientIds xxxxxxx
09-07 14:27:50.015   530   602 E NetlinkEvent: NetlinkEvent::FindParam(): Parameter 'PRODUCT' not found
09-07 14:27:50.015   530   602 E NetlinkEvent: NetlinkEvent::FindParam(): Parameter 'DEVNAME' not found
09-07 14:27:50.015   530   602 E NetlinkEvent: NetlinkEvent::FindParam(): Parameter 'INTERFACE' not found
09-07 14:27:50.015   531   595 E NetlinkEvent: NetlinkEvent::FindParam(): Parameter 'dual_role_usb' not found
09-07 14:27:50.015   531   595 E NetlinkEvent: NetlinkEvent::FindParam(): Parameter 'OVER_CURRENT_PORT' not found
09-07 14:27:50.015   531   595 E NetlinkEvent: NetlinkEvent::FindParam(): Parameter 'UNRECOGNIZED_USB_DEVICE_ON_PORT' not found
09-07 14:27:50.023   512 12206 D HarmanHAL: StreamIn::getCapturePositionImpl
09-07 14:27:50.027   528  2892 I bt_vendor: set_wake_state
09-07 14:27:50.035   530   602 E NetlinkEvent: NetlinkEvent::FindParam(): Parameter 'PRODUCT' not found
09-07 14:27:50.035   530   602 E NetlinkEvent: NetlinkEvent::FindParam(): Parameter 'DEVNAME' not found
09-07 14:27:50.035   530   602 E NetlinkEvent: NetlinkEvent::FindParam(): Parameter 'INTERFACE' not found
09-07 14:27:50.036   531   595 E NetlinkEvent: NetlinkEvent::FindParam(): Parameter 'dual_role_usb' not found
09-07 14:27:50.036   531   595 E NetlinkEvent: NetlinkEvent::FindParam(): Parameter 'OVER_CURRENT_PORT' not found
09-07 14:27:50.036   531   595 E NetlinkEvent: NetlinkEvent::FindParam(): Parameter 'UNRECOGNIZED_USB_DEVICE_ON_PORT' not found
09-07 14:27:50.048   530   602 E NetlinkEvent: NetlinkEvent::FindParam(): Parameter 'PRODUCT' not found
09-07 14:27:50.048   530   602 E NetlinkEvent: NetlinkEvent::FindParam(): Parameter 'DEVNAME' not found
09-07 14:27:50.048   530   602 E NetlinkEvent: NetlinkEvent::FindParam(): Parameter 'INTERFACE' not found
09-07 14:27:50.048   531   595 E NetlinkEvent: NetlinkEvent::FindParam(): Parameter 'dual_role_usb' not found
09-07 14:27:50.048   531   595 E NetlinkEvent: NetlinkEvent::FindParam(): Parameter 'OVER_CURRENT_PORT' not found
09-07 14:27:50.049   531   595 E NetlinkEvent: NetlinkEvent::FindParam(): Parameter 'UNRECOGNIZED_USB_DEVICE_ON_PORT' not found
09-07 14:27:50.047   536   536 I vendor.harman.p: type=1400 audit(0.0:2454): avc: denied { remove_name } for name="GPUMONITOR_PF_1631024720.lz4" dev="dm-4" ino=49331 scontext=u:r:pathologyd:s0 tcontext=u:object_r:vendor_data_file:s0 tclass=dir permissive=1
09-07 14:27:50.047   536   536 I vendor.harman.p: type=1400 audit(0.0:2455): avc: denied { unlink } for name="GPUMONITOR_PF_1631024720.lz4" dev="dm-4" ino=49331 scontext=u:r:pathologyd:s0 tcontext=u:object_r:vendor_data_file:s0 tclass=file permissive=1
09-07 14:27:50.053   512 12206 D HarmanHAL: StreamIn::getCapturePositionImpl
09-07 14:27:50.064   530   602 E NetlinkEvent: NetlinkEvent::FindParam(): Parameter 'PRODUCT' not found
09-07 14:27:50.065   530   602 E NetlinkEvent: NetlinkEvent::FindParam(): Parameter 'DEVNAME' not found
09-07 14:27:50.065   530   602 E NetlinkEvent: NetlinkEvent::FindParam(): Parameter 'INTERFACE' not found
09-07 14:27:50.065   531   595 E NetlinkEvent: NetlinkEvent::FindParam(): Parameter 'dual_role_usb' not found
09-07 14:27:50.065   531   595 E NetlinkEvent: NetlinkEvent::FindParam(): Parameter 'OVER_CURRENT_PORT' not found
09-07 14:27:50.065   531   595 E NetlinkEvent: NetlinkEvent::FindParam(): Parameter 'UNRECOGNIZED_USB_DEVICE_ON_PORT' not found
09-07 14:27:50.081   530   602 E NetlinkEvent: NetlinkEvent::FindParam(): Parameter 'PRODUCT' not found
09-07 14:27:50.081   530   602 E NetlinkEvent: NetlinkEvent::FindParam(): Parameter 'DEVNAME' not found
09-07 14:27:50.081   530   602 E NetlinkEvent: NetlinkEvent::FindParam(): Parameter 'INTERFACE' not found
09-07 14:27:50.081   531   595 E NetlinkEvent: NetlinkEvent::FindParam(): Parameter 'dual_role_usb' not found
09-07 14:27:50.082   531   595 E NetlinkEvent: NetlinkEvent::FindParam(): Parameter 'OVER_CURRENT_PORT' not found
09-07 14:27:50.082   531   595 E NetlinkEvent: NetlinkEvent::FindParam(): Parameter 'UNRECOGNIZED_USB_DEVICE_ON_PORT' not found
09-07 14:27:50.083   512 12206 D HarmanHAL: StreamIn::getCapturePositionImpl
09-07 14:27:50.084  2482  2507 D MmsSmsProvider: getSingleAddressId: insert new canonical_address for xxxxxx, _id=85
09-07 14:27:50.086  2482  2507 D MmsSmsProvider: getThreadId: create new thread_id for recipients xxxxxxxx
09-07 14:27:50.087  2482  2507 D MmsSmsProvider: insertThread: created new thread_id 85 for recipientIds xxxxxxx
09-07 14:27:50.097   530   602 E NetlinkEvent: NetlinkEvent::FindParam(): Parameter 'PRODUCT' not found
09-07 14:27:50.098   530   602 E NetlinkEvent: NetlinkEvent::FindParam(): Parameter 'DEVNAME' not found
09-07 14:27:50.098   530   602 E NetlinkEvent: NetlinkEvent::FindParam(): Parameter 'INTERFACE' not found
09-07 14:27:50.098   531   595 E NetlinkEvent: NetlinkEvent::FindParam(): Parameter 'dual_role_usb' not found
09-07 14:27:50.098   531   595 E NetlinkEvent: NetlinkEvent::FindParam(): Parameter 'OVER_CURRENT_PORT' not found
09-07 14:27:50.098   531   595 E NetlinkEvent: NetlinkEvent::FindParam(): Parameter 'UNRECOGNIZED_USB_DEVICE_ON_PORT' not found
09-07 14:27:50.113   512 12206 D HarmanHAL: StreamIn::getCapturePositionImpl
09-07 14:27:50.114   530   602 E NetlinkEvent: NetlinkEvent::FindParam(): Parameter 'PRODUCT' not found
09-07 14:27:50.114   530   602 E NetlinkEvent: NetlinkEvent::FindParam(): Parameter 'DEVNAME' not found
09-07 14:27:50.114   530   602 E NetlinkEvent: NetlinkEvent::FindParam(): Parameter 'INTERFACE' not found
09-07 14:27:50.115   531   595 E NetlinkEvent: NetlinkEvent::FindParam(): Parameter 'dual_role_usb' not found
09-07 14:27:50.115   531   595 E NetlinkEvent: NetlinkEvent::FindParam(): Parameter 'OVER_CURRENT_PORT' not found
09-07 14:27:50.115   531   595 E NetlinkEvent: NetlinkEvent::FindParam(): Parameter 'UNRECOGNIZED_USB_DEVICE_ON_PORT' not found
09-07 14:27:50.132   530   602 E NetlinkEvent: NetlinkEvent::FindParam(): Parameter 'PRODUCT' not found
09-07 14:27:50.132   530   602 E NetlinkEvent: NetlinkEvent::FindParam(): Parameter 'DEVNAME' not found
09-07 14:27:50.132   530   602 E NetlinkEvent: NetlinkEvent::FindParam(): Parameter 'INTERFACE' not found
09-07 14:27:50.133   531   595 E NetlinkEvent: NetlinkEvent::FindParam(): Parameter 'dual_role_usb' not found
09-07 14:27:50.133   531   595 E NetlinkEvent: NetlinkEvent::FindParam(): Parameter 'OVER_CURRENT_PORT' not found
09-07 14:27:50.133   531   595 E NetlinkEvent: NetlinkEvent::FindParam(): Parameter 'UNRECOGNIZED_USB_DEVICE_ON_PORT' not found
09-07 14:27:50.148   530   602 E NetlinkEvent: NetlinkEvent::FindParam(): Parameter 'PRODUCT' not found
09-07 14:27:50.148   530   602 E NetlinkEvent: NetlinkEvent::FindParam(): Parameter 'DEVNAME' not found
09-07 14:27:50.148   530   602 E NetlinkEvent: NetlinkEvent::FindParam(): Parameter 'INTERFACE' not found
09-07 14:27:50.148   531   595 E NetlinkEvent: NetlinkEvent::FindParam(): Parameter 'dual_role_usb' not found
09-07 14:27:50.148   531   595 E NetlinkEvent: NetlinkEvent::FindParam(): Parameter 'OVER_CURRENT_PORT' not found
09-07 14:27:50.149   531   595 E NetlinkEvent: NetlinkEvent::FindParam(): Parameter 'UNRECOGNIZED_USB_DEVICE_ON_PORT' not found
09-07 14:27:50.165   530   602 E NetlinkEvent: NetlinkEvent::FindParam(): Parameter 'PRODUCT' not found
09-07 14:27:50.165   530   602 E NetlinkEvent: NetlinkEvent::FindParam(): Parameter 'DEVNAME' not found
09-07 14:27:50.165   530   602 E NetlinkEvent: NetlinkEvent::FindParam(): Parameter 'INTERFACE' not found
09-07 14:27:50.166   531   595 E NetlinkEvent: NetlinkEvent::FindParam(): Parameter 'dual_role_usb' not found
09-07 14:27:50.166   531   595 E NetlinkEvent: NetlinkEvent::FindParam(): Parameter 'OVER_CURRENT_PORT' not found
09-07 14:27:50.166   531   595 E NetlinkEvent: NetlinkEvent::FindParam(): Parameter 'UNRECOGNIZED_USB_DEVICE_ON_PORT' not found
09-07 14:27:50.181   530   602 E NetlinkEvent: NetlinkEvent::FindParam(): Parameter 'PRODUCT' not found
09-07 14:27:50.181   530   602 E NetlinkEvent: NetlinkEvent::FindParam(): Parameter 'DEVNAME' not found
09-07 14:27:50.181   530   602 E NetlinkEvent: NetlinkEvent::FindParam(): Parameter 'INTERFACE' not found
09-07 14:27:50.182   531   595 E NetlinkEvent: NetlinkEvent::FindParam(): Parameter 'dual_role_usb' not found
09-07 14:27:50.182   531   595 E NetlinkEvent: NetlinkEvent::FindParam(): Parameter 'OVER_CURRENT_PORT' not found
09-07 14:27:50.182   531   595 E NetlinkEvent: NetlinkEvent::FindParam(): Parameter 'UNRECOGNIZED_USB_DEVICE_ON_PORT' not found
09-07 14:27:50.197   530   602 E NetlinkEvent: NetlinkEvent::FindParam(): Parameter 'PRODUCT' not found
09-07 14:27:50.198   530   602 E NetlinkEvent: NetlinkEvent::FindParam(): Parameter 'DEVNAME' not found
09-07 14:27:50.198   530   602 E NetlinkEvent: NetlinkEvent::FindParam(): Parameter 'INTERFACE' not found
09-07 14:27:50.144   512 12206 I chatty  : uid=1041(audioserver) reader identical 1 line
09-07 14:27:50.183   512 12206 D HarmanHAL: StreamIn::getCapturePositionImpl
09-07 14:27:50.198  2482  2887 D MmsSmsProvider: getSingleAddressId: insert new canonical_address for xxxxxx, _id=86
09-07 14:27:50.198   531   595 E NetlinkEvent: NetlinkEvent::FindParam(): Parameter 'dual_role_usb' not found
09-07 14:27:50.198   531   595 E NetlinkEvent: NetlinkEvent::FindParam(): Parameter 'OVER_CURRENT_PORT' not found
09-07 14:27:50.198   531   595 E NetlinkEvent: NetlinkEvent::FindParam(): Parameter 'UNRECOGNIZED_USB_DEVICE_ON_PORT' not found
09-07 14:27:50.198  2482  2887 D MmsSmsProvider: getThreadId: create new thread_id for recipients xxxxxxxx
09-07 14:27:50.199  2482  2887 D MmsSmsProvider: insertThread: created new thread_id 86 for recipientIds xxxxxxx
09-07 14:27:50.213   512 12206 D HarmanHAL: StreamIn::getCapturePositionImpl
09-07 14:27:50.214   530   602 E NetlinkEvent: NetlinkEvent::FindParam(): Parameter 'PRODUCT' not found
09-07 14:27:50.215   530   602 E NetlinkEvent: NetlinkEvent::FindParam(): Parameter 'DEVNAME' not found
09-07 14:27:50.215   530   602 E NetlinkEvent: NetlinkEvent::FindParam(): Parameter 'INTERFACE' not found
09-07 14:27:50.215   531   595 E NetlinkEvent: NetlinkEvent::FindParam(): Parameter 'dual_role_usb' not found
09-07 14:27:50.215   531   595 E NetlinkEvent: NetlinkEvent::FindParam(): Parameter 'OVER_CURRENT_PORT' not found
09-07 14:27:50.215   531   595 E NetlinkEvent: NetlinkEvent::FindParam(): Parameter 'UNRECOGNIZED_USB_DEVICE_ON_PORT' not found
09-07 14:27:50.232   530   602 E NetlinkEvent: NetlinkEvent::FindParam(): Parameter 'PRODUCT' not found
09-07 14:27:50.232   530   602 E NetlinkEvent: NetlinkEvent::FindParam(): Parameter 'DEVNAME' not found
09-07 14:27:50.232   530   602 E NetlinkEvent: NetlinkEvent::FindParam(): Parameter 'INTERFACE' not found
09-07 14:27:50.233   531   595 E NetlinkEvent: NetlinkEvent::FindParam(): Parameter 'dual_role_usb' not found
09-07 14:27:50.233   531   595 E NetlinkEvent: NetlinkEvent::FindParam(): Parameter 'OVER_CURRENT_PORT' not found
09-07 14:27:50.233   531   595 E NetlinkEvent: NetlinkEvent::FindParam(): Parameter 'UNRECOGNIZED_USB_DEVICE_ON_PORT' not found
09-07 14:27:50.247   530   602 E NetlinkEvent: NetlinkEvent::FindParam(): Parameter 'PRODUCT' not found
09-07 14:27:50.247   530   602 E NetlinkEvent: NetlinkEvent::FindParam(): Parameter 'DEVNAME' not found
09-07 14:27:50.247   530   602 E NetlinkEvent: NetlinkEvent::FindParam(): Parameter 'INTERFACE' not found
09-07 14:27:50.248   531   595 E NetlinkEvent: NetlinkEvent::FindParam(): Parameter 'dual_role_usb' not found
09-07 14:27:50.248   531   595 E NetlinkEvent: NetlinkEvent::FindParam(): Parameter 'OVER_CURRENT_PORT' not found
09-07 14:27:50.248   531   595 E NetlinkEvent: NetlinkEvent::FindParam(): Parameter 'UNRECOGNIZED_USB_DEVICE_ON_PORT' not found
09-07 14:27:50.243   512 12206 I chatty  : uid=1041(audioserver) reader identical 1 line
09-07 14:27:50.273   512 12206 D HarmanHAL: StreamIn::getCapturePositionImpl
09-07 14:27:50.277  2482  2506 D MmsSmsProvider: getSingleAddressId: insert new canonical_address for xxxxxx, _id=87
09-07 14:27:50.277  2482  2506 D MmsSmsProvider: getThreadId: create new thread_id for recipients xxxxxxxx
09-07 14:27:50.278  2482  2506 D MmsSmsProvider: insertThread: created new thread_id 87 for recipientIds xxxxxxx
09-07 14:27:50.280   512  3972 I HarmanHal.Routing: hacs alsa node(pcmMedia_p) adtm interval_min:0 ms, inverval_max:10 ms, inverval_mean:8 ms!
09-07 14:27:50.280   512  3972 I HarmanHal.Routing:  in printADTM() PcmAlsaWrapper.cpp:876
09-07 14:27:50.303   512 12206 D HarmanHAL: StreamIn::getCapturePositionImpl
09-07 14:27:50.330  2482  2506 D MmsSmsProvider: getSingleAddressId: insert new canonical_address for xxxxxx, _id=88
09-07 14:27:50.331  2482  2506 D MmsSmsProvider: getThreadId: create new thread_id for recipients xxxxxxxx
09-07 14:27:50.331  2482  2506 D MmsSmsProvider: insertThread: created new thread_id 88 for recipientIds xxxxxxx
09-07 14:27:50.343   512 12206 D HarmanHAL: StreamIn::getCapturePositionImpl
09-07 14:27:50.404   512 12206 I chatty  : uid=1041(audioserver) reader identical 2 lines
09-07 14:27:50.433   512 12206 D HarmanHAL: StreamIn::getCapturePositionImpl
09-07 14:27:50.441  2482  2507 D MmsSmsProvider: getSingleAddressId: insert new canonical_address for xxxxxx, _id=89
09-07 14:27:50.443  2482  2507 D MmsSmsProvider: getThreadId: create new thread_id for recipients xxxxxxxx
09-07 14:27:50.444  2482  2507 D MmsSmsProvider: insertThread: created new thread_id 89 for recipientIds xxxxxxx
09-07 14:27:50.463   512 12206 D HarmanHAL: StreamIn::getCapturePositionImpl
09-07 14:27:50.475   538   618 W ipcLib  : ipcLib: in ipc_lib. DV1 read called
09-07 14:27:50.504   512 12206 D HarmanHAL: StreamIn::getCapturePositionImpl
09-07 14:27:50.533   512 12206 I chatty  : uid=1041(audioserver) reader identical 1 line
09-07 14:27:50.564   512 12206 D HarmanHAL: StreamIn::getCapturePositionImpl
09-07 14:27:50.578  2482  2507 D MmsSmsProvider: getSingleAddressId: insert new canonical_address for xxxxxx, _id=90
09-07 14:27:50.579  2482  2507 D MmsSmsProvider: getThreadId: create new thread_id for recipients xxxxxxxx
09-07 14:27:50.580  2482  2507 D MmsSmsProvider: insertThread: created new thread_id 90 for recipientIds xxxxxxx
09-07 14:27:50.593   512 12206 D HarmanHAL: StreamIn::getCapturePositionImpl
09-07 14:27:50.624   512 12206 D HarmanHAL: StreamIn::getCapturePositionImpl
09-07 14:27:50.656   528   528 I bt_vendor: set_wake_state
09-07 14:27:50.663   512 12206 D HarmanHAL: StreamIn::getCapturePositionImpl
09-07 14:27:50.659   536   536 I vendor.harman.p: type=1400 audit(0.0:2456): avc: denied { read } for name="2" dev="dm-4" ino=49241 scontext=u:r:pathologyd:s0 tcontext=u:object_r:vendor_data_file:s0 tclass=dir permissive=1
09-07 14:27:50.659   536   536 I vendor.harman.p: type=1400 audit(0.0:2457): avc: denied { open } for path="/data/vendor/pathologyArchive/2" dev="dm-4" ino=49241 scontext=u:r:pathologyd:s0 tcontext=u:object_r:vendor_data_file:s0 tclass=dir permissive=1
09-07 14:27:50.693   512 12206 D HarmanHAL: StreamIn::getCapturePositionImpl
09-07 14:27:50.716  2482  2506 D MmsSmsProvider: getSingleAddressId: insert new canonical_address for xxxxxx, _id=91
09-07 14:27:50.718  2482  2506 D MmsSmsProvider: getThreadId: create new thread_id for recipients xxxxxxxx
09-07 14:27:50.719  2482  2506 D MmsSmsProvider: insertThread: created new thread_id 91 for recipientIds xxxxxxx
09-07 14:27:50.723   512 12206 D HarmanHAL: StreamIn::getCapturePositionImpl
09-07 14:27:50.753   512 12206 I chatty  : uid=1041(audioserver) reader identical 1 line
09-07 14:27:50.784   512 12206 D HarmanHAL: StreamIn::getCapturePositionImpl
09-07 14:27:50.795  2482  2507 D MmsSmsProvider: getSingleAddressId: insert new canonical_address for xxxxxx, _id=92
09-07 14:27:50.796  2482  2507 D MmsSmsProvider: getThreadId: create new thread_id for recipients xxxxxxxx
09-07 14:27:50.796  2482  2507 D MmsSmsProvider: insertThread: created new thread_id 92 for recipientIds xxxxxxx
09-07 14:27:50.823   512 12206 D HarmanHAL: StreamIn::getCapturePositionImpl
09-07 14:27:50.848  2482  2507 D MmsSmsProvider: getSingleAddressId: insert new canonical_address for xxxxxx, _id=93
09-07 14:27:50.849  2482  2507 D MmsSmsProvider: getThreadId: create new thread_id for recipients xxxxxxxx
09-07 14:27:50.849  2482  2507 D MmsSmsProvider: insertThread: created new thread_id 93 for recipientIds xxxxxxx
09-07 14:27:50.853   512 12206 D HarmanHAL: StreamIn::getCapturePositionImpl
09-07 14:27:50.883   512 12206 D HarmanHAL: StreamIn::getCapturePositionImpl
09-07 14:27:50.909  2482  2506 D MmsSmsProvider: getSingleAddressId: insert new canonical_address for xxxxxx, _id=94
09-07 14:27:50.910  2482  2506 D MmsSmsProvider: getThreadId: create new thread_id for recipients xxxxxxxx
09-07 14:27:50.910  2482  2506 D MmsSmsProvider: insertThread: created new thread_id 94 for recipientIds xxxxxxx
09-07 14:27:50.913   512 12206 D HarmanHAL: StreamIn::getCapturePositionImpl
09-07 14:27:50.943   512 12206 I HarmanHal.Routing: hacs alsa node(pcmTunerIn_c) adtm interval_min:30 ms, inverval_max:40 ms, inverval_mean:31 ms!
09-07 14:27:50.943   512 12206 I HarmanHal.Routing:  in printADTM() PcmAlsaWrapper.cpp:876
09-07 14:27:50.944   512 12206 D HarmanHAL: StreamIn::getCapturePositionImpl
09-07 14:27:50.970  2482  2887 D MmsSmsProvider: getSingleAddressId: insert new canonical_address for xxxxxx, _id=95
09-07 14:27:50.972  2482  2887 D MmsSmsProvider: getThreadId: create new thread_id for recipients xxxxxxxx
09-07 14:27:50.973  2482  2887 D MmsSmsProvider: insertThread: created new thread_id 95 for recipientIds xxxxxxx
09-07 14:27:50.983   512 12206 D HarmanHAL: StreamIn::getCapturePositionImpl
09-07 14:27:51.013   512 12206 D HarmanHAL: StreamIn::getCapturePositionImpl
09-07 14:27:51.033  2482  2506 D MmsSmsProvider: getSingleAddressId: insert new canonical_address for xxxxxx, _id=96
09-07 14:27:51.034  2482  2506 D MmsSmsProvider: getThreadId: create new thread_id for recipients xxxxxxxx
09-07 14:27:51.035  2482  2506 D MmsSmsProvider: insertThread: created new thread_id 96 for recipientIds xxxxxxx
09-07 14:27:51.043   512 12206 D HarmanHAL: StreamIn::getCapturePositionImpl
09-07 14:27:51.074   512 12206 D HarmanHAL: StreamIn::getCapturePositionImpl
09-07 14:27:51.086  2482  2887 D MmsSmsProvider: getSingleAddressId: insert new canonical_address for xxxxxx, _id=97
09-07 14:27:51.087  2482  2887 D MmsSmsProvider: getThreadId: create new thread_id for recipients xxxxxxxx
09-07 14:27:51.088  2482  2887 D MmsSmsProvider: insertThread: created new thread_id 97 for recipientIds xxxxxxx
09-07 14:27:51.103   512 12206 D HarmanHAL: StreamIn::getCapturePositionImpl
09-07 14:27:51.144   512 12206 I chatty  : uid=1041(audioserver) reader identical 1 line
09-07 14:27:51.174   512 12206 D HarmanHAL: StreamIn::getCapturePositionImpl
09-07 14:27:51.203  2482  2887 D MmsSmsProvider: getSingleAddressId: insert new canonical_address for xxxxxx, _id=98
09-07 14:27:51.203   512 12206 D HarmanHAL: StreamIn::getCapturePositionImpl
09-07 14:27:51.204  2482  2887 D MmsSmsProvider: getThreadId: create new thread_id for recipients xxxxxxxx
09-07 14:27:51.204  2482  2887 D MmsSmsProvider: insertThread: created new thread_id 98 for recipientIds xxxxxxx
09-07 14:27:51.234   512 12206 D HarmanHAL: StreamIn::getCapturePositionImpl
09-07 14:27:51.254  2482  2507 D MmsSmsProvider: getSingleAddressId: insert new canonical_address for xxxxxx, _id=99
09-07 14:27:51.255  2482  2507 D MmsSmsProvider: getThreadId: create new thread_id for recipients xxxxxxxx
09-07 14:27:51.256  2482  2507 D MmsSmsProvider: insertThread: created new thread_id 99 for recipientIds xxxxxxx
09-07 14:27:51.263   512 12206 D HarmanHAL: StreamIn::getCapturePositionImpl
09-07 14:27:51.280   512  3972 I HarmanHal.Routing: hacs alsa node(pcmMedia_p) adtm interval_min:0 ms, inverval_max:10 ms, inverval_mean:8 ms!
09-07 14:27:51.280   512  3972 I HarmanHal.Routing:  in printADTM() PcmAlsaWrapper.cpp:876
09-07 14:27:51.303   512 12206 D HarmanHAL: StreamIn::getCapturePositionImpl
09-07 14:27:51.307  2482  2506 D MmsSmsProvider: getSingleAddressId: insert new canonical_address for xxxxxx, _id=100
09-07 14:27:51.308  2482  2506 D MmsSmsProvider: getThreadId: create new thread_id for recipients xxxxxxxx
09-07 14:27:51.308  2482  2506 D MmsSmsProvider: insertThread: created new thread_id 100 for recipientIds xxxxxxx
09-07 14:27:51.333   512 12206 D HarmanHAL: StreamIn::getCapturePositionImpl
09-07 14:27:51.358  2482  2506 D MmsSmsProvider: getSingleAddressId: insert new canonical_address for xxxxxx, _id=101
09-07 14:27:51.359  2482  2506 D MmsSmsProvider: getThreadId: create new thread_id for recipients xxxxxxxx
09-07 14:27:51.359  2482  2506 D MmsSmsProvider: insertThread: created new thread_id 101 for recipientIds xxxxxxx
09-07 14:27:51.363   512 12206 D HarmanHAL: StreamIn::getCapturePositionImpl
09-07 14:27:51.393   512 12206 D HarmanHAL: StreamIn::getCapturePositionImpl
09-07 14:27:51.415  2482  2506 D MmsSmsProvider: getSingleAddressId: insert new canonical_address for xxxxxx, _id=102
09-07 14:27:51.416  2482  2506 D MmsSmsProvider: getThreadId: create new thread_id for recipients xxxxxxxx
09-07 14:27:51.416  2482  2506 D MmsSmsProvider: insertThread: created new thread_id 102 for recipientIds xxxxxxx
09-07 14:27:51.423   512 12206 D HarmanHAL: StreamIn::getCapturePositionImpl
09-07 14:27:51.464   512 12206 D HarmanHAL: StreamIn::getCapturePositionImpl
09-07 14:27:51.475   538   618 W ipcLib  : ipcLib: in ipc_lib. DV1 read called
09-07 14:27:51.493   512 12206 D HarmanHAL: StreamIn::getCapturePositionImpl
09-07 14:27:51.506  2482  2507 D MmsSmsProvider: getSingleAddressId: insert new canonical_address for xxxxxx, _id=103
09-07 14:27:51.508  2482  2507 D MmsSmsProvider: getThreadId: create new thread_id for recipients xxxxxxxx
09-07 14:27:51.509  2482  2507 D MmsSmsProvider: insertThread: created new thread_id 103 for recipientIds xxxxxxx
09-07 14:27:51.523   512 12206 D HarmanHAL: StreamIn::getCapturePositionImpl
09-07 14:27:51.553   512 12206 D HarmanHAL: StreamIn::getCapturePositionImpl
09-07 14:27:51.582  2482  2506 D MmsSmsProvider: getSingleAddressId: insert new canonical_address for xxxxxx, _id=104
09-07 14:27:51.583  2482  2506 D MmsSmsProvider: getThreadId: create new thread_id for recipients xxxxxxxx
09-07 14:27:51.583   512 12206 D HarmanHAL: StreamIn::getCapturePositionImpl
09-07 14:27:51.583  2482  2506 D MmsSmsProvider: insertThread: created new thread_id 104 for recipientIds xxxxxxx
09-07 14:27:51.623   512 12206 D HarmanHAL: StreamIn::getCapturePositionImpl
09-07 14:27:51.639  2482  2507 D MmsSmsProvider: getSingleAddressId: insert new canonical_address for xxxxxx, _id=105
09-07 14:27:51.639  2482  2507 D MmsSmsProvider: getThreadId: create new thread_id for recipients xxxxxxxx
09-07 14:27:51.640  2482  2507 D MmsSmsProvider: insertThread: created new thread_id 105 for recipientIds xxxxxxx
09-07 14:27:51.653   512 12206 D HarmanHAL: StreamIn::getCapturePositionImpl
09-07 14:27:51.683   512 12206 D HarmanHAL: StreamIn::getCapturePositionImpl
09-07 14:27:51.688  2482  2887 D MmsSmsProvider: getSingleAddressId: insert new canonical_address for xxxxxx, _id=106
09-07 14:27:51.689  2482  2887 D MmsSmsProvider: getThreadId: create new thread_id for recipients xxxxxxxx
09-07 14:27:51.690  2482  2887 D MmsSmsProvider: insertThread: created new thread_id 106 for recipientIds xxxxxxx
09-07 14:27:51.713   512 12206 D HarmanHAL: StreamIn::getCapturePositionImpl
09-07 14:27:51.743   512 12206 D HarmanHAL: StreamIn::getCapturePositionImpl
09-07 14:27:51.753  2482  2506 D MmsSmsProvider: getSingleAddressId: insert new canonical_address for xxxxxx, _id=107
09-07 14:27:51.754  2482  2506 D MmsSmsProvider: getThreadId: create new thread_id for recipients xxxxxxxx
09-07 14:27:51.754  2482  2506 D MmsSmsProvider: insertThread: created new thread_id 107 for recipientIds xxxxxxx
09-07 14:27:51.767   532   569 W ipcLib  : ipcLib: in ipc_lib. DV1 read called
09-07 14:27:51.767   532   568 I VPS     : VPS:IOCStatusInfo.VoltageStatus->0 
09-07 14:27:51.767   532   568 I VPS     : VPS:IOCStatusInfo.IOCStatusCmd->a6 
09-07 14:27:51.767   532   568 I VPS     : VPS:IOCStatusInfo.WakeUpReason->0 
09-07 14:27:51.767   532   568 I VPS     : VPS:IOCStatusInfo.DerivedIgnitionStatus->0 
09-07 14:27:51.767   532   568 I VPS     : VPS:IOCStatusInfo.PowerModeState->4 
09-07 14:27:51.767   532   568 I VPS     : VPS:IOCStatusInfo.SOCShutdownRequest->0 
09-07 14:27:51.767   532   568 I VPS     : VPS:IOCStatusInfo.AntiTheftState->0 
09-07 14:27:51.767   532   568 I VPS     : VPS:IOCStatusInfo.BatteryConnect->0 
09-07 14:27:51.783   512 12206 D HarmanHAL: StreamIn::getCapturePositionImpl
09-07 14:27:51.813   512 12206 D HarmanHAL: StreamIn::getCapturePositionImpl
09-07 14:27:51.831  2482  2506 D MmsSmsProvider: getSingleAddressId: insert new canonical_address for xxxxxx, _id=108
09-07 14:27:51.831  2482  2506 D MmsSmsProvider: getThreadId: create new thread_id for recipients xxxxxxxx
09-07 14:27:51.832  2482  2506 D MmsSmsProvider: insertThread: created new thread_id 108 for recipientIds xxxxxxx
09-07 14:27:51.843   512 12206 D HarmanHAL: StreamIn::getCapturePositionImpl
09-07 14:27:51.873   512 12206 D HarmanHAL: StreamIn::getCapturePositionImpl
09-07 14:27:51.884  2482  2887 D MmsSmsProvider: getSingleAddressId: insert new canonical_address for xxxxxx, _id=109
09-07 14:27:51.884  2482  2887 D MmsSmsProvider: getThreadId: create new thread_id for recipients xxxxxxxx
09-07 14:27:51.885  2482  2887 D MmsSmsProvider: insertThread: created new thread_id 109 for recipientIds xxxxxxx
09-07 14:27:51.903   512 12206 D HarmanHAL: StreamIn::getCapturePositionImpl
09-07 14:27:51.943   512 12206 I HarmanHal.Routing: hacs alsa node(pcmTunerIn_c) adtm interval_min:29 ms, inverval_max:41 ms, inverval_mean:32 ms!
09-07 14:27:51.943   512 12206 I HarmanHal.Routing:  in printADTM() PcmAlsaWrapper.cpp:876
09-07 14:27:51.943   512 12206 D HarmanHAL: StreamIn::getCapturePositionImpl
09-07 14:27:51.945  2482  2506 D MmsSmsProvider: getSingleAddressId: insert new canonical_address for xxxxxx, _id=110
09-07 14:27:51.946  2482  2506 D MmsSmsProvider: getThreadId: create new thread_id for recipients xxxxxxxx
09-07 14:27:51.947  2482  2506 D MmsSmsProvider: insertThread: created new thread_id 110 for recipientIds xxxxxxx
09-07 14:27:51.973   512 12206 D HarmanHAL: StreamIn::getCapturePositionImpl
09-07 14:27:52.003   512 12206 D HarmanHAL: StreamIn::getCapturePositionImpl
09-07 14:27:52.011  2482  2506 D MmsSmsProvider: getSingleAddressId: insert new canonical_address for xxxxxx, _id=111
09-07 14:27:52.011  2482  2506 D MmsSmsProvider: getThreadId: create new thread_id for recipients xxxxxxxx
09-07 14:27:52.012  2482  2506 D MmsSmsProvider: insertThread: created new thread_id 111 for recipientIds xxxxxxx
09-07 14:27:52.033   512 12206 D HarmanHAL: StreamIn::getCapturePositionImpl
09-07 14:27:52.063  2482  2506 D MmsSmsProvider: getSingleAddressId: insert new canonical_address for xxxxxx, _id=112
09-07 14:27:52.063   512 12206 D HarmanHAL: StreamIn::getCapturePositionImpl
09-07 14:27:52.064  2482  2506 D MmsSmsProvider: getThreadId: create new thread_id for recipients xxxxxxxx
09-07 14:27:52.065  2482  2506 D MmsSmsProvider: insertThread: created new thread_id 112 for recipientIds xxxxxxx
09-07 14:27:52.104   512 12206 D HarmanHAL: StreamIn::getCapturePositionImpl
09-07 14:27:52.117  2482  2506 D MmsSmsProvider: getSingleAddressId: insert new canonical_address for xxxxxx, _id=113
09-07 14:27:52.118  2482  2506 D MmsSmsProvider: getThreadId: create new thread_id for recipients xxxxxxxx
09-07 14:27:52.119  2482  2506 D MmsSmsProvider: insertThread: created new thread_id 113 for recipientIds xxxxxxx
09-07 14:27:52.133   512 12206 D HarmanHAL: StreamIn::getCapturePositionImpl
09-07 14:27:52.163   512 12206 D HarmanHAL: StreamIn::getCapturePositionImpl
09-07 14:27:52.176  2482  2887 D MmsSmsProvider: getSingleAddressId: insert new canonical_address for xxxxxx, _id=114
09-07 14:27:52.177  2482  2887 D MmsSmsProvider: getThreadId: create new thread_id for recipients xxxxxxxx
09-07 14:27:52.179  2482  2887 D MmsSmsProvider: insertThread: created new thread_id 114 for recipientIds xxxxxxx
09-07 14:27:52.193   512 12206 D HarmanHAL: StreamIn::getCapturePositionImpl
09-07 14:27:52.224   512 12206 D HarmanHAL: StreamIn::getCapturePositionImpl
09-07 14:27:52.249  2482  2887 D MmsSmsProvider: getSingleAddressId: insert new canonical_address for xxxxxx, _id=115
09-07 14:27:52.251  2482  2887 D MmsSmsProvider: getThreadId: create new thread_id for recipients xxxxxxxx
09-07 14:27:52.252  2482  2887 D MmsSmsProvider: insertThread: created new thread_id 115 for recipientIds xxxxxxx
09-07 14:27:52.263   512 12206 D HarmanHAL: StreamIn::getCapturePositionImpl
09-07 14:27:52.280   512  3972 I HarmanHal.Routing: hacs alsa node(pcmMedia_p) adtm interval_min:0 ms, inverval_max:10 ms, inverval_mean:8 ms!
09-07 14:27:52.280   512  3972 I HarmanHal.Routing:  in printADTM() PcmAlsaWrapper.cpp:876
09-07 14:27:52.293   512 12206 D HarmanHAL: StreamIn::getCapturePositionImpl
09-07 14:27:52.306  2482  2506 D MmsSmsProvider: getSingleAddressId: insert new canonical_address for xxxxxx, _id=116
09-07 14:27:52.308  2482  2506 D MmsSmsProvider: getThreadId: create new thread_id for recipients xxxxxxxx
09-07 14:27:52.309  2482  2506 D MmsSmsProvider: insertThread: created new thread_id 116 for recipientIds xxxxxxx
09-07 14:27:52.323   512 12206 D HarmanHAL: StreamIn::getCapturePositionImpl
09-07 14:27:52.353   512 12206 D HarmanHAL: StreamIn::getCapturePositionImpl
09-07 14:27:52.363  2482  2506 D MmsSmsProvider: getSingleAddressId: insert new canonical_address for xxxxxx, _id=117
09-07 14:27:52.364  2482  2506 D MmsSmsProvider: getThreadId: create new thread_id for recipients xxxxxxxx
09-07 14:27:52.365  2482  2506 D MmsSmsProvider: insertThread: created new thread_id 117 for recipientIds xxxxxxx
09-07 14:27:52.383   512 12206 D HarmanHAL: StreamIn::getCapturePositionImpl
09-07 14:27:52.424   512 12206 I chatty  : uid=1041(audioserver) reader identical 1 line
09-07 14:27:52.453   512 12206 D HarmanHAL: StreamIn::getCapturePositionImpl
09-07 14:27:52.462  2482  2507 D MmsSmsProvider: getSingleAddressId: insert new canonical_address for xxxxxx, _id=118
09-07 14:27:52.463  2482  2507 D MmsSmsProvider: getThreadId: create new thread_id for recipients xxxxxxxx
09-07 14:27:52.463  2482  2507 D MmsSmsProvider: insertThread: created new thread_id 118 for recipientIds xxxxxxx
09-07 14:27:52.475   538   618 W ipcLib  : ipcLib: in ipc_lib. DV1 read called
09-07 14:27:52.483   512 12206 D HarmanHAL: StreamIn::getCapturePositionImpl
09-07 14:27:52.514   512 12206 I chatty  : uid=1041(audioserver) reader identical 1 line
09-07 14:27:52.543   512 12206 D HarmanHAL: StreamIn::getCapturePositionImpl
09-07 14:27:52.544  2482  2506 D MmsSmsProvider: getSingleAddressId: insert new canonical_address for xxxxxx, _id=119
09-07 14:27:52.545  2482  2506 D MmsSmsProvider: getThreadId: create new thread_id for recipients xxxxxxxx
09-07 14:27:52.546  2482  2506 D MmsSmsProvider: insertThread: created new thread_id 119 for recipientIds xxxxxxx
09-07 14:27:52.584   512 12206 D HarmanHAL: StreamIn::getCapturePositionImpl
09-07 14:27:52.600  2482  2506 D MmsSmsProvider: getSingleAddressId: insert new canonical_address for xxxxxx, _id=120
09-07 14:27:52.601  2482  2506 D MmsSmsProvider: getThreadId: create new thread_id for recipients xxxxxxxx
09-07 14:27:52.602  2482  2506 D MmsSmsProvider: insertThread: created new thread_id 120 for recipientIds xxxxxxx
09-07 14:27:52.613   512 12206 D HarmanHAL: StreamIn::getCapturePositionImpl
09-07 14:27:52.674   512 12206 I chatty  : uid=1041(audioserver) reader identical 2 lines
09-07 14:27:52.704   512 12206 D HarmanHAL: StreamIn::getCapturePositionImpl
09-07 14:27:52.739  2482  2506 D MmsSmsProvider: getSingleAddressId: insert new canonical_address for xxxxxx, _id=121
09-07 14:27:52.741  2482  2506 D MmsSmsProvider: getThreadId: create new thread_id for recipients xxxxxxxx
09-07 14:27:52.741  2482  2506 D MmsSmsProvider: insertThread: created new thread_id 121 for recipientIds xxxxxxx
09-07 14:27:52.743   512 12206 D HarmanHAL: StreamIn::getCapturePositionImpl
09-07 14:27:52.803   512 12206 I chatty  : uid=1041(audioserver) reader identical 2 lines
09-07 14:27:52.834   512 12206 D HarmanHAL: StreamIn::getCapturePositionImpl
09-07 14:27:52.853  2482  2507 D MmsSmsProvider: getSingleAddressId: insert new canonical_address for xxxxxx, _id=122
09-07 14:27:52.855  2482  2507 D MmsSmsProvider: getThreadId: create new thread_id for recipients xxxxxxxx
09-07 14:27:52.855  2482  2507 D MmsSmsProvider: insertThread: created new thread_id 122 for recipientIds xxxxxxx
09-07 14:27:52.863   512 12206 D HarmanHAL: StreamIn::getCapturePositionImpl
09-07 14:27:52.904   512 12206 D HarmanHAL: StreamIn::getCapturePositionImpl
09-07 14:27:52.933   512 12206 I HarmanHal.Routing: hacs alsa node(pcmTunerIn_c) adtm interval_min:30 ms, inverval_max:40 ms, inverval_mean:31 ms!
09-07 14:27:52.933   512 12206 I HarmanHal.Routing:  in printADTM() PcmAlsaWrapper.cpp:876
09-07 14:27:52.933   512 12206 D HarmanHAL: StreamIn::getCapturePositionImpl
09-07 14:27:52.949  2482  2506 D MmsSmsProvider: getSingleAddressId: insert new canonical_address for xxxxxx, _id=123
09-07 14:27:52.950  2482  2506 D MmsSmsProvider: getThreadId: create new thread_id for recipients xxxxxxxx
09-07 14:27:52.951  2482  2506 D MmsSmsProvider: insertThread: created new thread_id 123 for recipientIds xxxxxxx
09-07 14:27:52.963   512 12206 D HarmanHAL: StreamIn::getCapturePositionImpl
09-07 14:27:53.024   512 12206 I chatty  : uid=1041(audioserver) reader identical 2 lines
09-07 14:27:53.064   512 12206 D HarmanHAL: StreamIn::getCapturePositionImpl
09-07 14:27:53.084  2482  2887 D MmsSmsProvider: getSingleAddressId: insert new canonical_address for xxxxxx, _id=124
09-07 14:27:53.085  2482  2887 D MmsSmsProvider: getThreadId: create new thread_id for recipients xxxxxxxx
09-07 14:27:53.085  2482  2887 D MmsSmsProvider: insertThread: created new thread_id 124 for recipientIds xxxxxxx
09-07 14:27:53.093   512 12206 D HarmanHAL: StreamIn::getCapturePositionImpl
09-07 14:27:53.123   512 12206 D HarmanHAL: StreamIn::getCapturePositionImpl
09-07 14:27:53.134  2482  2887 D MmsSmsProvider: getSingleAddressId: insert new canonical_address for xxxxxx, _id=125
09-07 14:27:53.135  2482  2887 D MmsSmsProvider: getThreadId: create new thread_id for recipients xxxxxxxx
09-07 14:27:53.135  2482  2887 D MmsSmsProvider: insertThread: created new thread_id 125 for recipientIds xxxxxxx
09-07 14:27:53.153   512 12206 D HarmanHAL: StreamIn::getCapturePositionImpl
09-07 14:27:53.184   512 12206 D HarmanHAL: StreamIn::getCapturePositionImpl
09-07 14:27:53.217  2482  2506 D MmsSmsProvider: getSingleAddressId: insert new canonical_address for xxxxxx, _id=126
09-07 14:27:53.219  2482  2506 D MmsSmsProvider: getThreadId: create new thread_id for recipients xxxxxxxx
09-07 14:27:53.220  2482  2506 D MmsSmsProvider: insertThread: created new thread_id 126 for recipientIds xxxxxxx
09-07 14:27:53.223   512 12206 D HarmanHAL: StreamIn::getCapturePositionImpl
09-07 14:27:53.253   512 12206 D HarmanHAL: StreamIn::getCapturePositionImpl
09-07 14:27:53.274  2482  2887 D MmsSmsProvider: getSingleAddressId: insert new canonical_address for xxxxxx, _id=127
09-07 14:27:53.275  2482  2887 D MmsSmsProvider: getThreadId: create new thread_id for recipients xxxxxxxx
09-07 14:27:53.275  2482  2887 D MmsSmsProvider: insertThread: created new thread_id 127 for recipientIds xxxxxxx
09-07 14:27:53.280   512  3972 I HarmanHal.Routing: hacs alsa node(pcmMedia_p) adtm interval_min:0 ms, inverval_max:10 ms, inverval_mean:8 ms!
09-07 14:27:53.280   512  3972 I HarmanHal.Routing:  in printADTM() PcmAlsaWrapper.cpp:876
09-07 14:27:53.283   512 12206 D HarmanHAL: StreamIn::getCapturePositionImpl
09-07 14:27:53.313   512 12206 D HarmanHAL: StreamIn::getCapturePositionImpl
09-07 14:27:53.339  2482  2507 D MmsSmsProvider: getSingleAddressId: insert new canonical_address for xxxxxx, _id=128
09-07 14:27:53.341  2482  2507 D MmsSmsProvider: getThreadId: create new thread_id for recipients xxxxxxxx
09-07 14:27:53.341  2482  2507 D MmsSmsProvider: insertThread: created new thread_id 128 for recipientIds xxxxxxx
09-07 14:27:53.343   512 12206 D HarmanHAL: StreamIn::getCapturePositionImpl
09-07 14:27:53.384   512 12206 I chatty  : uid=1041(audioserver) reader identical 1 line
09-07 14:27:53.413   512 12206 D HarmanHAL: StreamIn::getCapturePositionImpl
09-07 14:27:53.423  2482  2887 D MmsSmsProvider: getSingleAddressId: insert new canonical_address for xxxxxx, _id=129
09-07 14:27:53.424  2482  2887 D MmsSmsProvider: getThreadId: create new thread_id for recipients xxxxxxxx
09-07 14:27:53.424  2482  2887 D MmsSmsProvider: insertThread: created new thread_id 129 for recipientIds xxxxxxx
09-07 14:27:53.443   512 12206 D HarmanHAL: StreamIn::getCapturePositionImpl
09-07 14:27:53.474   512 12206 D HarmanHAL: StreamIn::getCapturePositionImpl
09-07 14:27:53.475   538   618 W ipcLib  : ipcLib: in ipc_lib. DV1 read called
09-07 14:27:53.504   512 12206 D HarmanHAL: StreamIn::getCapturePositionImpl
09-07 14:27:53.544   512 12206 D HarmanHAL: StreamIn::getCapturePositionImpl
09-07 14:27:53.557  2482  2507 D MmsSmsProvider: getSingleAddressId: insert new canonical_address for xxxxxx, _id=130
09-07 14:27:53.557  2482  2507 D MmsSmsProvider: getThreadId: create new thread_id for recipients xxxxxxxx
09-07 14:27:53.558  2482  2507 D MmsSmsProvider: insertThread: created new thread_id 130 for recipientIds xxxxxxx
09-07 14:27:53.573   512 12206 D HarmanHAL: StreamIn::getCapturePositionImpl
09-07 14:27:53.604   512 12206 D HarmanHAL: StreamIn::getCapturePositionImpl
09-07 14:27:53.632  2482  2506 D MmsSmsProvider: getSingleAddressId: insert new canonical_address for xxxxxx, _id=131
09-07 14:27:53.633  2482  2506 D MmsSmsProvider: getThreadId: create new thread_id for recipients xxxxxxxx
09-07 14:27:53.633  2482  2506 D MmsSmsProvider: insertThread: created new thread_id 131 for recipientIds xxxxxxx
09-07 14:27:53.633   512 12206 D HarmanHAL: StreamIn::getCapturePositionImpl
09-07 14:27:53.794   512 12206 I chatty  : uid=1041(audioserver) reader identical 5 lines
09-07 14:27:53.823   512 12206 D HarmanHAL: StreamIn::getCapturePositionImpl
09-07 14:27:53.856 10948 10986 I d.process.acor: Compiler allocated 5824KB to compile android.database.Cursor com.android.providers.contacts.ContactsProvider2.queryLocal(android.net.Uri, java.lang.String[], java.lang.String, java.lang.String[], java.lang.String, long, android.os.CancellationSignal)
09-07 14:27:53.863   512 12206 D HarmanHAL: StreamIn::getCapturePositionImpl
09-07 14:27:53.867   532   569 W ipcLib  : ipcLib: in ipc_lib. DV1 read called
09-07 14:27:53.867   532   568 I VPS     : VPS:IOCStatusInfo.VoltageStatus->0 
09-07 14:27:53.867   532   568 I VPS     : VPS:IOCStatusInfo.IOCStatusCmd->a6 
09-07 14:27:53.867   532   568 I VPS     : VPS:IOCStatusInfo.WakeUpReason->0 
09-07 14:27:53.867   532   568 I VPS     : VPS:IOCStatusInfo.DerivedIgnitionStatus->0 
09-07 14:27:53.867   532   568 I VPS     : VPS:IOCStatusInfo.PowerModeState->4 
09-07 14:27:53.867   532   568 I VPS     : VPS:IOCStatusInfo.SOCShutdownRequest->0 
09-07 14:27:53.867   532   568 I VPS     : VPS:IOCStatusInfo.AntiTheftState->0 
09-07 14:27:53.867   532   568 I VPS     : VPS:IOCStatusInfo.BatteryConnect->0 
09-07 14:27:53.881  2482  2887 D MmsSmsProvider: getSingleAddressId: insert new canonical_address for xxxxxx, _id=132
09-07 14:27:53.882  2482  2887 D MmsSmsProvider: getThreadId: create new thread_id for recipients xxxxxxxx
09-07 14:27:53.883  2482  2887 D MmsSmsProvider: insertThread: created new thread_id 132 for recipientIds xxxxxxx
09-07 14:27:53.893   512 12206 D HarmanHAL: StreamIn::getCapturePositionImpl
01-01 00:02:56.893     0     0 I init    : starting service 'qccsyshalservice'...
01-01 00:02:56.907     0     0 I init    : starting service 'vendor.sensors-hal-1-0'...
09-07 14:27:53.923   512 12206 I HarmanHal.Routing: hacs alsa node(pcmTunerIn_c) adtm interval_min:30 ms, inverval_max:40 ms, inverval_mean:31 ms!
09-07 14:27:53.923   512 12206 I HarmanHal.Routing:  in printADTM() PcmAlsaWrapper.cpp:876
09-07 14:27:53.923   512 12206 D HarmanHAL: StreamIn::getCapturePositionImpl
01-01 00:02:56.919     0     0 I init    : starting service 'LogManager'...
09-07 14:27:53.930 12734 12734 I qccsyshalservice: Start with system binder
09-07 14:27:53.931 12734 12734 I qccsyshalservice: Registering qccsyshal service...
09-07 14:27:53.932   376   376 I hwservicemanager: getTransport: Cannot find entry vendor.qti.hardware.qccsyshal@1.0::IQccsyshal/qccsyshal in either framework or device manifest.
09-07 14:27:53.932 12734 12734 E HidlServiceManagement: Service vendor.qti.hardware.qccsyshal@1.0::IQccsyshal/qccsyshal must be in VINTF manifest in order to register/get.
01-01 00:02:56.926     0     0 I init    : Service 'qccsyshalservice' (pid 12734) exited with status 1
09-07 14:27:53.932 12734 12734 E qccsyshalservice: [ERROR] registerAsService() failed with status: -2147483648
01-01 00:02:56.927     0     0 I init    : Sending signal 9 to service 'qccsyshalservice' (pid 12734) process group...
01-01 00:02:56.927     0     0 I libprocessgroup: Successfully killed process cgroup uid 1000 pid 12734 in 0ms
09-07 14:27:53.947   376   376 I hwservicemanager: getTransport: Cannot find entry android.hardware.sensors@1.0::ISensors/default in either framework or device manifest.
09-07 14:27:53.949 12735 12735 E android.hardware.sensors@1.0-service: Couldn't load sensors module (Unknown error -2147483648)
09-07 14:27:53.950 12735 12735 D RefBase : RefBase: Explicit destruction, weak count = 0 (in 0xb400006e444434b8)
09-07 14:27:53.950 12735 12735 W RefBase : CallStack::getCurrentInternal not linked, returning null
09-07 14:27:53.950 12735 12735 W RefBase : CallStack::logStackInternal not linked
09-07 14:27:53.951 12735 12735 E LegacySupport: Could not get passthrough implementation for android.hardware.sensors@1.0::ISensors/default.
09-07 14:27:53.953   512 12206 D HarmanHAL: StreamIn::getCapturePositionImpl
01-01 00:02:56.941     0     0 I init    : Service 'vendor.sensors-hal-1-0' (pid 12735) exited with status 1
01-01 00:02:56.941     0     0 I init    : Sending signal 9 to service 'vendor.sensors-hal-1-0' (pid 12735) process group...
01-01 00:02:56.942     0     0 I libprocessgroup: Successfully killed process cgroup uid 1000 pid 12735 in 0ms
09-07 14:27:53.963 12736 12736 D LOGMANAGER: LOGMANAGER HAL service init() start
09-07 14:27:53.964 12736 12736 D LOGMANAGER: Logmanager configured rpcthreadpool
09-07 14:27:53.959 12736 12736 I vendor.harman.L: type=1400 audit(0.0:2458): avc: denied { read } for name="u:object_r:hwservicemanager_prop:s0" dev="tmpfs" ino=24519 scontext=u:r:logmanagerd:s0 tcontext=u:object_r:hwservicemanager_prop:s0 tclass=file permissive=1
09-07 14:27:53.965  2482  2887 D MmsSmsProvider: getThreadId: create new thread_id for recipients xxxxxxxx
09-07 14:27:53.965  2482  2887 D MmsSmsProvider: insertThread: created new thread_id 133 for recipientIds xxxxxxx
09-07 14:27:53.966 12736 12736 I HidlServiceManagement: Registered vendor.harman.hardware.LogManager@1.0::ILogManager/default
09-07 14:27:53.966 12736 12736 D LOGMANAGER: Logmanager HAL Service is registered and ready
09-07 14:27:53.966 12736 12736 I LOGMANAGER: ThreadPoolWrapper::initThreadPool
09-07 14:27:53.966 12736 12736 I LOGMANAGER: ThreadPoolWrapper : exit
09-07 14:27:53.967 12736 12736 D LOGMANAGER: Logmanager threadpoolwrapper created
09-07 14:27:53.967 12736 12736 D LOGMANAGER: User argument is -c
09-07 14:27:53.967 12736 12737 I LOGMANAGER: ThreadPoolWrapper:  enter the joinRpcThreadpool()
09-07 14:27:53.967 12736 12736 I LOGMANAGER: LogmanagerConfig is configured under config file
09-07 14:27:53.967 12736 12736 I LOGMANAGER: LoggingLevel is : 4
09-07 14:27:53.967 12736 12736 I LOGMANAGER: LogEnableState is : 0
09-07 14:27:53.967 12736 12736 I LOGMANAGER: OutputPluginConfiguration PluginType : LOGWRITTER
09-07 14:27:53.967 12736 12736 I LOGMANAGER: LM_OutputConfiguration : 1
09-07 14:27:53.967 12736 12736 I LOGMANAGER: LM_OfflineTraceDirectory : /data/cache
09-07 14:27:53.967 12736 12736 I LOGMANAGER: LM_OfflineTraceFILESize : 1000000
09-07 14:27:53.967 12736 12736 I LOGMANAGER: LM_OfflineTotalFILESSize : 20000000
09-07 14:27:53.967 12736 12736 I LOGMANAGER: LM_FileNameTimeStampBased : 0
09-07 14:27:53.967 12736 12736 I LOGMANAGER: Got IOC plugin
09-07 14:27:53.967 12736 12736 I LOGMANAGER: IOCIPCChannelNumber :6
09-07 14:27:53.963 12736 12736 I vendor.harman.L: type=1400 audit(0.0:2462): avc: denied { dac_read_search } for capability=2 scontext=u:r:logmanagerd:s0 tcontext=u:r:logmanagerd:s0 tclass=capability permissive=1
09-07 14:27:53.967 12736 12736 I LOGMANAGER: keyseq: HOME + VOLUMEDOWN  for domain is AudioDump
09-07 14:27:53.967 12736 12736 I LOGMANAGER: keyseq: HOME + VOLUMEUP  for domain is HCIDump
09-07 14:27:53.967 12736 12736 I LOGMANAGER: Domains parsing is done
09-07 14:27:53.963 12736 12736 I vendor.harman.L: type=1400 audit(0.0:2463): avc: denied { search } for name="cache" dev="dm-4" ino=262146 scontext=u:r:logmanagerd:s0 tcontext=u:object_r:cache_file:s0 tclass=dir permissive=1
01-01 00:02:56.957     0     0 W audit   : audit_lost=1025 audit_rate_limit=5 audit_backlog_limit=64
01-01 00:02:56.957     0     0 E audit   : rate limit exceeded
09-07 14:27:53.972 12736 12736 E LOGMANAGER: Failed to load plugin /vendor/lib64/libIOCDLogReader.so with error code dlopen failed: library "/vendor/lib64/libIOCDLogReader.so" not found 
09-07 14:27:53.973 12736 12736 F libc    : Fatal signal 11 (SIGSEGV), code 1 (SEGV_MAPERR), fault addr 0x0 in tid 12736 (vendor.harman.L), pid 12736 (vendor.harman.L)
09-07 14:27:53.983   512 12206 D HarmanHAL: StreamIn::getCapturePositionImpl
09-07 14:27:54.000   532   569 I VPS     : VPS:VehiclePlatformSOCHeartBeatHandler IVI HeartBeat sent successfully SOCHeartBeatInfo.SOCStatus->2
09-07 14:27:54.000   532   569 W ipcLib  : ipcLib: in ipc_lib. DV1 write called
09-07 14:27:54.002   532   569 W ipcLib  : ipcLib: in ipc_lib. DV1 read called
09-07 14:27:54.015 12740 12740 I crash_dump64: obtaining output fd from tombstoned, type: kDebuggerdTombstone
09-07 14:27:54.016   463   463 I tombstoned: received crash request for pid 12736
09-07 14:27:54.017 12740 12740 I crash_dump64: performing dump of process 12736 (target tid = 12736)
09-07 14:27:54.020 12740 12740 F DEBUG   : *** *** *** *** *** *** *** *** *** *** *** *** *** *** *** ***
09-07 14:27:54.020 12740 12740 F DEBUG   : Build fingerprint: 'qti/titan_tml_b2/titan_tml_b2:11/RQ3A.210605.005/eng.ksong.20210907.134230:userdebug/test-keys'
09-07 14:27:54.020 12740 12740 F DEBUG   : Revision: '0'
09-07 14:27:54.021 12740 12740 F DEBUG   : ABI: 'arm64'
09-07 14:27:54.021 12740 12740 F DEBUG   : Timestamp: 2021-09-07 14:27:54+0000
09-07 14:27:54.022 12740 12740 F DEBUG   : pid: 12736, tid: 12736, name: vendor.harman.L  >>> /vendor/bin/hw/vendor.harman.LogManager@1.0-service <<<
09-07 14:27:54.022 12740 12740 F DEBUG   : uid: 0
09-07 14:27:54.022 12740 12740 F DEBUG   : signal 11 (SIGSEGV), code 1 (SEGV_MAPERR), fault addr 0x0
09-07 14:27:54.022 12740 12740 F DEBUG   : Cause: null pointer dereference
09-07 14:27:54.022 12740 12740 F DEBUG   :     x0  0000000000000000  x1  0000000000000000  x2  0000000000080001  x3  0000000000000000
09-07 14:27:54.022 12740 12740 F DEBUG   :     x4  0000000000000000  x5  0000000000000090  x6  fefefefefefefeff  x7  7f7f7f7f7f7f7f7f
09-07 14:27:54.022 12740 12740 F DEBUG   :     x8  0101010101010101  x9  03da03af8e182221  x10 0000007fc0e49418  x11 fffffffffffffffd
09-07 14:27:54.023 12740 12740 F DEBUG   :     x12 0000007fc0e495a0  x13 000000000000008e  x14 0039b281c3bd7000  x15 0000000034155555
09-07 14:27:54.023 12740 12740 F DEBUG   :     x16 00000057b2b937e0  x17 0000007c4244db30  x18 0000007c42d92000  x19 0000000000000000
09-07 14:27:54.023 12740 12740 F DEBUG   :     x20 0000007c41e38c50  x21 0000007fc0e49cb9  x22 b400007b41b328e8  x23 0000007fc0e49cd8
09-07 14:27:54.023 12740 12740 F DEBUG   :     x24 0000000000000000  x25 0000007c42780000  x26 0000007fc0e49cb9  x27 0000007fc0e49c89
09-07 14:27:54.023 12740 12740 F DEBUG   :     x28 0000000000000000  x29 0000007fc0e49bc0
09-07 14:27:54.023 12740 12740 F DEBUG   :     lr  00000057b2b8a048  sp  0000007fc0e49bc0  pc  0000007c4244db40  pst 0000000080000000
09-07 14:27:54.023   512 12206 D HarmanHAL: StreamIn::getCapturePositionImpl
09-07 14:27:54.027 12740 12740 F DEBUG   : backtrace:
09-07 14:27:54.027 12740 12740 F DEBUG   :       #00 pc 000000000004ab40  /apex/com.android.runtime/lib64/bionic/libc.so (strlen_default+16) (BuildId: 2b7c6e33413ac7278a15dfc3ea383089)
09-07 14:27:54.027 12740 12740 F DEBUG   :       #01 pc 0000000000009044  /vendor/bin/hw/vendor.harman.LogManager@1.0-service (BuildId: 3e966ab64050b441b920ba0e8960d123)
09-07 14:27:54.027 12740 12740 F DEBUG   :       #02 pc 0000000000008df0  /vendor/bin/hw/vendor.harman.LogManager@1.0-service (LM::LogManagerImpl::load_plugin_conf(void*, std::__1::basic_string<char, std::__1::char_traits<char>, std::__1::allocator<char> >, std::__1::multimap<std::__1::basic_string<char, std::__1::char_traits<char>, std::__1::allocator<char> >, int, std::__1::less<std::__1::basic_string<char, std::__1::char_traits<char>, std::__1::allocator<char> > >, std::__1::allocator<std::__1::pair<std::__1::basic_string<char, std::__1::char_traits<char>, std::__1::allocator<char> > const, int> > >&)+752) (BuildId: 3e966ab64050b441b920ba0e8960d123)
09-07 14:27:54.028 12740 12740 F DEBUG   :       #03 pc 00000000000088c0  /vendor/bin/hw/vendor.harman.LogManager@1.0-service (LM::LogManagerImpl::loadplugins()+436) (BuildId: 3e966ab64050b441b920ba0e8960d123)
09-07 14:27:54.028 12740 12740 F DEBUG   :       #04 pc 0000000000007af8  /vendor/bin/hw/vendor.harman.LogManager@1.0-service (main+1112) (BuildId: 3e966ab64050b441b920ba0e8960d123)
09-07 14:27:54.028 12740 12740 F DEBUG   :       #05 pc 000000000004988c  /apex/com.android.runtime/lib64/bionic/libc.so (__libc_init+108) (BuildId: 2b7c6e33413ac7278a15dfc3ea383089)
09-07 14:27:54.029  2482  2887 D MmsSmsProvider: getSingleAddressId: insert new canonical_address for xxxxxx, _id=134
09-07 14:27:54.030  2482  2887 D MmsSmsProvider: getThreadId: create new thread_id for recipients xxxxxxxx
09-07 14:27:54.031  2482  2887 D MmsSmsProvider: insertThread: created new thread_id 134 for recipientIds xxxxxxx
09-07 14:27:54.054   512 12206 D HarmanHAL: StreamIn::getCapturePositionImpl
01-01 00:02:57.054     0     0 D logd    : logdr: UID=0 GID=1000 PID=12740 n tail=50 logMask=1 pid=12736 start=0ns timeout=0ns
01-01 00:02:57.076     0     0 D logd    : logdr: UID=0 GID=1000 PID=12740 n tail=0 logMask=8 pid=12736 start=0ns timeout=0ns
01-01 00:02:57.084     0     0 D logd    : logdr: UID=0 GID=1000 PID=12740 n tail=0 logMask=1 pid=12736 start=0ns timeout=0ns
09-07 14:27:54.103  1033  1270 W NativeCrashListener: Couldn't find ProcessRecord for pid 12736
09-07 14:27:54.084   512 12206 D HarmanHAL: StreamIn::getCapturePositionImpl
09-07 14:27:54.103 12740 12740 E crash_dump64: AM data write failed: Broken pipe
01-01 00:02:57.095     0     0 I init    : Untracked pid 12740 exited with status 0
09-07 14:27:54.104   463   463 E tombstoned: Tombstone written to: /data/tombstones/tombstone_01
09-07 14:27:54.112  1033  1095 I BootReceiver: Copying /data/tombstones/tombstone_01 to DropBox (SYSTEM_TOMBSTONE)
09-07 14:27:54.113   512 12206 D HarmanHAL: StreamIn::getCapturePositionImpl
09-07 14:27:54.114  1033  1095 I DropBoxManagerService: add tag=SYSTEM_TOMBSTONE isTagEnabled=true flags=0x2
09-07 14:27:54.143   512 12206 D HarmanHAL: StreamIn::getCapturePositionImpl
09-07 14:27:54.145  2482  2507 D MmsSmsProvider: getSingleAddressId: insert new canonical_address for xxxxxx, _id=135
09-07 14:27:54.146  2482  2507 D MmsSmsProvider: getThreadId: create new thread_id for recipients xxxxxxxx
09-07 14:27:54.146  2482  2507 D MmsSmsProvider: insertThread: created new thread_id 135 for recipientIds xxxxxxx
09-07 14:27:54.183   512 12206 D HarmanHAL: StreamIn::getCapturePositionImpl
09-07 14:27:54.244   512 12206 I chatty  : uid=1041(audioserver) reader identical 2 lines
09-07 14:27:54.274   512 12206 D HarmanHAL: StreamIn::getCapturePositionImpl
09-07 14:27:54.280   512  3972 I HarmanHal.Routing: hacs alsa node(pcmMedia_p) adtm interval_min:0 ms, inverval_max:10 ms, inverval_mean:8 ms!
09-07 14:27:54.280   512  3972 I HarmanHal.Routing:  in printADTM() PcmAlsaWrapper.cpp:876
09-07 14:27:54.303  2482  2887 D MmsSmsProvider: getSingleAddressId: insert new canonical_address for xxxxxx, _id=136
09-07 14:27:54.303   512 12206 D HarmanHAL: StreamIn::getCapturePositionImpl
09-07 14:27:54.304  2482  2887 D MmsSmsProvider: getThreadId: create new thread_id for recipients xxxxxxxx
09-07 14:27:54.305  2482  2887 D MmsSmsProvider: insertThread: created new thread_id 136 for recipientIds xxxxxxx
09-07 14:27:54.344   512 12206 D HarmanHAL: StreamIn::getCapturePositionImpl
09-07 14:27:54.404   512 12206 I chatty  : uid=1041(audioserver) reader identical 2 lines
09-07 14:27:54.434   512 12206 D HarmanHAL: StreamIn::getCapturePositionImpl
09-07 14:27:54.459  2482  2507 D MmsSmsProvider: getSingleAddressId: insert new canonical_address for xxxxxx, _id=137
09-07 14:27:54.461  2482  2507 D MmsSmsProvider: getThreadId: create new thread_id for recipients xxxxxxxx
09-07 14:27:54.462  2482  2507 D MmsSmsProvider: insertThread: created new thread_id 137 for recipientIds xxxxxxx
09-07 14:27:54.463   512 12206 D HarmanHAL: StreamIn::getCapturePositionImpl
09-07 14:27:54.475   538   618 W ipcLib  : ipcLib: in ipc_lib. DV1 read called
09-07 14:27:54.504   512 12206 D HarmanHAL: StreamIn::getCapturePositionImpl
09-07 14:27:54.533   512 12206 D HarmanHAL: StreamIn::getCapturePositionImpl
09-07 14:27:54.553  2482  2507 D MmsSmsProvider: getSingleAddressId: insert new canonical_address for xxxxxx, _id=138
09-07 14:27:54.555  2482  2507 D MmsSmsProvider: getThreadId: create new thread_id for recipients xxxxxxxx
09-07 14:27:54.556  2482  2507 D MmsSmsProvider: insertThread: created new thread_id 138 for recipientIds xxxxxxx
09-07 14:27:54.563   512 12206 D HarmanHAL: StreamIn::getCapturePositionImpl
09-07 14:27:54.594   512 12206 D HarmanHAL: StreamIn::getCapturePositionImpl
09-07 14:27:54.606   536   612 E pathology: [ProcessCrashHandler:: parseTombstoneFileName]string not found
09-07 14:27:54.606   536   612 I chatty  : uid=0(root) vendor.harman.p identical 4 lines
09-07 14:27:54.606   536   612 E pathology: [ProcessCrashHandler:: parseTombstoneFileName]string not found
09-07 14:27:54.624   512 12206 D HarmanHAL: StreamIn::getCapturePositionImpl
09-07 14:27:54.693   512 12206 I chatty  : uid=1041(audioserver) reader identical 2 lines
09-07 14:27:54.723   512 12206 D HarmanHAL: StreamIn::getCapturePositionImpl
09-07 14:27:54.737   537   711 W TunerCommon: EventThd::run:deliverEvent: OK
09-07 14:27:54.737   537   722 I TunerCommon: CTunerTimer::startTimer: altMsecTimeout = 15000
09-07 14:27:54.753   512 12206 D HarmanHAL: StreamIn::getCapturePositionImpl
09-07 14:27:54.783   512 12206 D HarmanHAL: StreamIn::getCapturePositionImpl
09-07 14:27:54.794  2482  2887 D MmsSmsProvider: getSingleAddressId: insert new canonical_address for xxxxxx, _id=139
09-07 14:27:54.795  2482  2887 D MmsSmsProvider: getThreadId: create new thread_id for recipients xxxxxxxx
09-07 14:27:54.796  2482  2887 D MmsSmsProvider: insertThread: created new thread_id 139 for recipientIds xxxxxxx
09-07 14:27:54.823   512 12206 D HarmanHAL: StreamIn::getCapturePositionImpl
09-07 14:27:54.848  2482  2887 D MmsSmsProvider: getSingleAddressId: insert new canonical_address for xxxxxx, _id=140
09-07 14:27:54.850  2482  2887 D MmsSmsProvider: getThreadId: create new thread_id for recipients xxxxxxxx
09-07 14:27:54.851  2482  2887 D MmsSmsProvider: insertThread: created new thread_id 140 for recipientIds xxxxxxx
09-07 14:27:54.853   512 12206 D HarmanHAL: StreamIn::getCapturePositionImpl
09-07 14:27:54.883   512 12206 D HarmanHAL: StreamIn::getCapturePositionImpl
09-07 14:27:54.913   512 12206 I HarmanHal.Routing: hacs alsa node(pcmTunerIn_c) adtm interval_min:30 ms, inverval_max:40 ms, inverval_mean:31 ms!
09-07 14:27:54.913   512 12206 I HarmanHal.Routing:  in printADTM() PcmAlsaWrapper.cpp:876
09-07 14:27:54.913   512 12206 D HarmanHAL: StreamIn::getCapturePositionImpl
09-07 14:27:54.927  2482  2506 D MmsSmsProvider: getSingleAddressId: insert new canonical_address for xxxxxx, _id=141
09-07 14:27:54.929  2482  2506 D MmsSmsProvider: getThreadId: create new thread_id for recipients xxxxxxxx
09-07 14:27:54.930  2482  2506 D MmsSmsProvider: insertThread: created new thread_id 141 for recipientIds xxxxxxx
09-07 14:27:54.943   512 12206 D HarmanHAL: StreamIn::getCapturePositionImpl
09-07 14:27:54.982  2482  2506 D MmsSmsProvider: getSingleAddressId: insert new canonical_address for xxxxxx, _id=142
09-07 14:27:54.983   512 12206 D HarmanHAL: StreamIn::getCapturePositionImpl
09-07 14:27:54.983  2482  2506 D MmsSmsProvider: getThreadId: create new thread_id for recipients xxxxxxxx
09-07 14:27:54.984  2482  2506 D MmsSmsProvider: insertThread: created new thread_id 142 for recipientIds xxxxxxx
09-07 14:27:55.013   512 12206 D HarmanHAL: StreamIn::getCapturePositionImpl
09-07 14:27:55.044   512 12206 D HarmanHAL: StreamIn::getCapturePositionImpl
09-07 14:27:55.049  2482  2506 D MmsSmsProvider: getSingleAddressId: insert new canonical_address for xxxxxx, _id=143
09-07 14:27:55.050  2482  2506 D MmsSmsProvider: getThreadId: create new thread_id for recipients xxxxxxxx
09-07 14:27:55.051  2482  2506 D MmsSmsProvider: insertThread: created new thread_id 143 for recipientIds xxxxxxx
09-07 14:27:55.059   536   536 I vendor.harman.p: type=1400 audit(0.0:2485): avc: denied { write } for name="2" dev="dm-4" ino=49241 scontext=u:r:pathologyd:s0 tcontext=u:object_r:vendor_data_file:s0 tclass=dir permissive=1
09-07 14:27:55.059   536   536 I vendor.harman.p: type=1400 audit(0.0:2486): avc: denied { add_name } for name="PROCCRASH_PF_1631024874.lz4" scontext=u:r:pathologyd:s0 tcontext=u:object_r:vendor_data_file:s0 tclass=dir permissive=1
09-07 14:27:55.059   536   536 I vendor.harman.p: type=1400 audit(0.0:2487): avc: denied { create } for name="PROCCRASH_PF_1631024874.lz4" scontext=u:r:pathologyd:s0 tcontext=u:object_r:vendor_data_file:s0 tclass=file permissive=1
09-07 14:27:55.059   536   536 I vendor.harman.p: type=1400 audit(0.0:2488): avc: denied { write open } for path="/data/vendor/pathologyArchive/2/PROCCRASH_PF_1631024874.lz4" dev="dm-4" ino=49360 scontext=u:r:pathologyd:s0 tcontext=u:object_r:vendor_data_file:s0 tclass=file permissive=1
09-07 14:27:55.073   512 12206 D HarmanHAL: StreamIn::getCapturePositionImpl
09-07 14:27:55.103   512 12206 D HarmanHAL: StreamIn::getCapturePositionImpl
09-07 14:27:55.114  2482  2506 D MmsSmsProvider: getSingleAddressId: insert new canonical_address for xxxxxx, _id=144
09-07 14:27:55.114  2482  2506 D MmsSmsProvider: getThreadId: create new thread_id for recipients xxxxxxxx
09-07 14:27:55.115  2482  2506 D MmsSmsProvider: insertThread: created new thread_id 144 for recipientIds xxxxxxx
09-07 14:27:55.143   512 12206 D HarmanHAL: StreamIn::getCapturePositionImpl
09-07 14:27:55.173   512 12206 I chatty  : uid=1041(audioserver) reader identical 1 line
09-07 14:27:55.203   512 12206 D HarmanHAL: StreamIn::getCapturePositionImpl
09-07 14:27:55.211  2482  2506 D MmsSmsProvider: getSingleAddressId: insert new canonical_address for xxxxxx, _id=145
09-07 14:27:55.212  2482  2506 D MmsSmsProvider: getThreadId: create new thread_id for recipients xxxxxxxx
09-07 14:27:55.212  2482  2506 D MmsSmsProvider: insertThread: created new thread_id 145 for recipientIds xxxxxxx
09-07 14:27:55.233   512 12206 D HarmanHAL: StreamIn::getCapturePositionImpl
09-07 14:27:55.261  2482  2507 D MmsSmsProvider: getSingleAddressId: insert new canonical_address for xxxxxx, _id=146
09-07 14:27:55.262  2482  2507 D MmsSmsProvider: getThreadId: create new thread_id for recipients xxxxxxxx
09-07 14:27:55.263  2482  2507 D MmsSmsProvider: insertThread: created new thread_id 146 for recipientIds xxxxxxx
09-07 14:27:55.263   512 12206 D HarmanHAL: StreamIn::getCapturePositionImpl
09-07 14:27:55.280   512  3972 I HarmanHal.Routing: hacs alsa node(pcmMedia_p) adtm interval_min:0 ms, inverval_max:10 ms, inverval_mean:8 ms!
09-07 14:27:55.280   512  3972 I HarmanHal.Routing:  in printADTM() PcmAlsaWrapper.cpp:876
09-07 14:27:55.303   512 12206 D HarmanHAL: StreamIn::getCapturePositionImpl
09-07 14:27:55.315  2482  2507 D MmsSmsProvider: getSingleAddressId: insert new canonical_address for xxxxxx, _id=147
09-07 14:27:55.316  2482  2507 D MmsSmsProvider: getThreadId: create new thread_id for recipients xxxxxxxx
09-07 14:27:55.317  2482  2507 D MmsSmsProvider: insertThread: created new thread_id 147 for recipientIds xxxxxxx
09-07 14:27:55.333   512 12206 D HarmanHAL: StreamIn::getCapturePositionImpl
09-07 14:27:55.363   512 12206 I chatty  : uid=1041(audioserver) reader identical 1 line
09-07 14:27:55.394   512 12206 D HarmanHAL: StreamIn::getCapturePositionImpl
09-07 14:27:55.410  2482  2506 D MmsSmsProvider: getSingleAddressId: insert new canonical_address for xxxxxx, _id=148
09-07 14:27:55.412  2482  2506 D MmsSmsProvider: getThreadId: create new thread_id for recipients xxxxxxxx
09-07 14:27:55.413  2482  2506 D MmsSmsProvider: insertThread: created new thread_id 148 for recipientIds xxxxxxx
09-07 14:27:55.423   512 12206 D HarmanHAL: StreamIn::getCapturePositionImpl
09-07 14:27:55.463   512 12206 D HarmanHAL: StreamIn::getCapturePositionImpl
09-07 14:27:55.471  2482  2506 D MmsSmsProvider: getSingleAddressId: insert new canonical_address for xxxxxx, _id=149
09-07 14:27:55.472  2482  2506 D MmsSmsProvider: getThreadId: create new thread_id for recipients xxxxxxxx
09-07 14:27:55.472  2482  2506 D MmsSmsProvider: insertThread: created new thread_id 149 for recipientIds xxxxxxx
09-07 14:27:55.475   538   618 W ipcLib  : ipcLib: in ipc_lib. DV1 read called
09-07 14:27:55.493   512 12206 D HarmanHAL: StreamIn::getCapturePositionImpl
09-07 14:27:55.554   512 12206 I chatty  : uid=1041(audioserver) reader identical 2 lines
09-07 14:27:55.583   512 12206 D HarmanHAL: StreamIn::getCapturePositionImpl
09-07 14:27:55.615  2482  2507 D MmsSmsProvider: getSingleAddressId: insert new canonical_address for xxxxxx, _id=150
09-07 14:27:55.615  2482  2507 D MmsSmsProvider: getThreadId: create new thread_id for recipients xxxxxxxx
09-07 14:27:55.616  2482  2507 D MmsSmsProvider: insertThread: created new thread_id 150 for recipientIds xxxxxxx
09-07 14:27:55.623   512 12206 D HarmanHAL: StreamIn::getCapturePositionImpl
01-01 00:02:58.643     0     0 W audit   : audit_lost=1046 audit_rate_limit=5 audit_backlog_limit=64
01-01 00:02:58.643     0     0 E audit   : rate limit exceeded
09-07 14:27:55.657   512 12206 D HarmanHAL: StreamIn::getCapturePositionImpl
09-07 14:27:55.647   536   536 I vendor.harman.p: type=1400 audit(0.0:2489): avc: denied { read } for name="2" dev="dm-4" ino=49241 scontext=u:r:pathologyd:s0 tcontext=u:object_r:vendor_data_file:s0 tclass=dir permissive=1
09-07 14:27:55.683   512 12206 D HarmanHAL: StreamIn::getCapturePositionImpl
09-07 14:27:55.694  2482  2506 D MmsSmsProvider: getSingleAddressId: insert new canonical_address for xxxxxx, _id=151
09-07 14:27:55.695  2482  2506 D MmsSmsProvider: getThreadId: create new thread_id for recipients xxxxxxxx
09-07 14:27:55.696  2482  2506 D MmsSmsProvider: insertThread: created new thread_id 151 for recipientIds xxxxxxx
09-07 14:27:55.713   512 12206 D HarmanHAL: StreamIn::getCapturePositionImpl
09-07 14:27:55.743   512 12206 D HarmanHAL: StreamIn::getCapturePositionImpl
09-07 14:27:55.751  2482  2507 D MmsSmsProvider: getSingleAddressId: insert new canonical_address for xxxxxx, _id=152
09-07 14:27:55.751  2482  2507 D MmsSmsProvider: getThreadId: create new thread_id for recipients xxxxxxxx
09-07 14:27:55.752  2482  2507 D MmsSmsProvider: insertThread: created new thread_id 152 for recipientIds xxxxxxx
09-07 14:27:55.783   512 12206 D HarmanHAL: StreamIn::getCapturePositionImpl
09-07 14:27:55.813   512 12206 I chatty  : uid=1041(audioserver) reader identical 1 line
09-07 14:27:55.843   512 12206 D HarmanHAL: StreamIn::getCapturePositionImpl
09-07 14:27:55.846  2482  2507 D MmsSmsProvider: getSingleAddressId: insert new canonical_address for xxxxxx, _id=153
09-07 14:27:55.846  2482  2507 D MmsSmsProvider: getThreadId: create new thread_id for recipients xxxxxxxx
09-07 14:27:55.847  2482  2507 D MmsSmsProvider: insertThread: created new thread_id 153 for recipientIds xxxxxxx
09-07 14:27:55.873   512 12206 D HarmanHAL: StreamIn::getCapturePositionImpl
09-07 14:27:55.903   512 12206 I HarmanHal.Routing: hacs alsa node(pcmTunerIn_c) adtm interval_min:30 ms, inverval_max:40 ms, inverval_mean:31 ms!
09-07 14:27:55.903   512 12206 I HarmanHal.Routing:  in printADTM() PcmAlsaWrapper.cpp:876
09-07 14:27:55.903   512 12206 D HarmanHAL: StreamIn::getCapturePositionImpl
09-07 14:27:55.909  2482  2887 D MmsSmsProvider: getSingleAddressId: insert new canonical_address for xxxxxx, _id=154
09-07 14:27:55.910  2482  2887 D MmsSmsProvider: getThreadId: create new thread_id for recipients xxxxxxxx
09-07 14:27:55.911  2482  2887 D MmsSmsProvider: insertThread: created new thread_id 154 for recipientIds xxxxxxx
09-07 14:27:55.943   512 12206 D HarmanHAL: StreamIn::getCapturePositionImpl
09-07 14:27:55.967   532   569 W ipcLib  : ipcLib: in ipc_lib. DV1 read called
09-07 14:27:55.967   532   568 I VPS     : VPS:IOCStatusInfo.VoltageStatus->0 
09-07 14:27:55.967   532   568 I VPS     : VPS:IOCStatusInfo.IOCStatusCmd->a6 
09-07 14:27:55.967   532   568 I VPS     : VPS:IOCStatusInfo.WakeUpReason->0 
09-07 14:27:55.967   532   568 I VPS     : VPS:IOCStatusInfo.DerivedIgnitionStatus->0 
09-07 14:27:55.967   532   568 I VPS     : VPS:IOCStatusInfo.PowerModeState->4 
09-07 14:27:55.967   532   568 I VPS     : VPS:IOCStatusInfo.SOCShutdownRequest->0 
09-07 14:27:55.967   532   568 I VPS     : VPS:IOCStatusInfo.AntiTheftState->0 
09-07 14:27:55.967   532   568 I VPS     : VPS:IOCStatusInfo.BatteryConnect->0 
09-07 14:27:55.973   512 12206 D HarmanHAL: StreamIn::getCapturePositionImpl
09-07 14:27:56.003   512 12206 I chatty  : uid=1041(audioserver) reader identical 1 line
09-07 14:27:56.034   512 12206 D HarmanHAL: StreamIn::getCapturePositionImpl
09-07 14:27:56.047  2482  2510 D MmsSmsProvider: getSingleAddressId: insert new canonical_address for xxxxxx, _id=155
09-07 14:27:56.049  2482  2510 D MmsSmsProvider: getThreadId: create new thread_id for recipients xxxxxxxx
09-07 14:27:56.049  2482  2510 D MmsSmsProvider: insertThread: created new thread_id 155 for recipientIds xxxxxxx
09-07 14:27:56.063   512 12206 D HarmanHAL: StreamIn::getCapturePositionImpl
09-07 14:27:56.104   512 12206 I chatty  : uid=1041(audioserver) reader identical 1 line
09-07 14:27:56.133   512 12206 D HarmanHAL: StreamIn::getCapturePositionImpl
09-07 14:27:56.144  2482  2510 D MmsSmsProvider: getSingleAddressId: insert new canonical_address for xxxxxx, _id=156
09-07 14:27:56.146  2482  2510 D MmsSmsProvider: getThreadId: create new thread_id for recipients xxxxxxxx
09-07 14:27:56.147  2482  2510 D MmsSmsProvider: insertThread: created new thread_id 156 for recipientIds xxxxxxx
09-07 14:27:56.163   512 12206 D HarmanHAL: StreamIn::getCapturePositionImpl
09-07 14:27:56.193   512 12206 D HarmanHAL: StreamIn::getCapturePositionImpl
09-07 14:27:56.200  2482  2507 D MmsSmsProvider: getSingleAddressId: insert new canonical_address for xxxxxx, _id=157
09-07 14:27:56.202  2482  2507 D MmsSmsProvider: getThreadId: create new thread_id for recipients xxxxxxxx
09-07 14:27:56.202  2482  2507 D MmsSmsProvider: insertThread: created new thread_id 157 for recipientIds xxxxxxx
09-07 14:27:56.223   512 12206 D HarmanHAL: StreamIn::getCapturePositionImpl
09-07 14:27:56.263   512 12206 D HarmanHAL: StreamIn::getCapturePositionImpl
09-07 14:27:56.280   512  3972 I HarmanHal.Routing: hacs alsa node(pcmMedia_p) adtm interval_min:0 ms, inverval_max:10 ms, inverval_mean:8 ms!
09-07 14:27:56.280   512  3972 I HarmanHal.Routing:  in printADTM() PcmAlsaWrapper.cpp:876
09-07 14:27:56.293   512 12206 D HarmanHAL: StreamIn::getCapturePositionImpl
09-07 14:27:56.323   512 12206 D HarmanHAL: StreamIn::getCapturePositionImpl
09-07 14:27:56.335  2482  2510 D MmsSmsProvider: getSingleAddressId: insert new canonical_address for xxxxxx, _id=158
09-07 14:27:56.336  2482  2510 D MmsSmsProvider: getThreadId: create new thread_id for recipients xxxxxxxx
09-07 14:27:56.336  2482  2510 D MmsSmsProvider: insertThread: created new thread_id 158 for recipientIds xxxxxxx
09-07 14:27:56.353   512 12206 D HarmanHAL: StreamIn::getCapturePositionImpl
09-07 14:27:56.384   512 12206 D HarmanHAL: StreamIn::getCapturePositionImpl
09-07 14:27:56.412  2482  2510 D MmsSmsProvider: getSingleAddressId: insert new canonical_address for xxxxxx, _id=159
09-07 14:27:56.413  2482  2510 D MmsSmsProvider: getThreadId: create new thread_id for recipients xxxxxxxx
09-07 14:27:56.413  2482  2510 D MmsSmsProvider: insertThread: created new thread_id 159 for recipientIds xxxxxxx
09-07 14:27:56.423   512 12206 D HarmanHAL: StreamIn::getCapturePositionImpl
09-07 14:27:56.453   512 12206 D HarmanHAL: StreamIn::getCapturePositionImpl
09-07 14:27:56.475   538   618 W ipcLib  : ipcLib: in ipc_lib. DV1 read called
09-07 14:27:56.483   512 12206 D HarmanHAL: StreamIn::getCapturePositionImpl
09-07 14:27:56.498  2482  2510 D MmsSmsProvider: getSingleAddressId: insert new canonical_address for xxxxxx, _id=160
09-07 14:27:56.499  2482  2510 D MmsSmsProvider: getThreadId: create new thread_id for recipients xxxxxxxx
09-07 14:27:56.499  2482  2510 D MmsSmsProvider: insertThread: created new thread_id 160 for recipientIds xxxxxxx
09-07 14:27:56.501  1033  1043 I system_server: Background concurrent copying GC freed 206222(10MB) AllocSpace objects, 16(1008KB) LOS objects, 49% free, 12MB/24MB, paused 149us total 135.504ms
09-07 14:27:56.513   512 12206 D HarmanHAL: StreamIn::getCapturePositionImpl
09-07 14:27:56.543   512 12206 D HarmanHAL: StreamIn::getCapturePositionImpl
09-07 14:27:56.555  2482 12751 D MmsSmsProvider: getSingleAddressId: insert new canonical_address for xxxxxx, _id=161
09-07 14:27:56.556  2482 12751 D MmsSmsProvider: getThreadId: create new thread_id for recipients xxxxxxxx
09-07 14:27:56.556  2482 12751 D MmsSmsProvider: insertThread: created new thread_id 161 for recipientIds xxxxxxx
09-07 14:27:56.583   512 12206 D HarmanHAL: StreamIn::getCapturePositionImpl
09-07 14:27:56.603  2482  2887 D MmsSmsProvider: getSingleAddressId: insert new canonical_address for xxxxxx, _id=162
09-07 14:27:56.604  2482  2887 D MmsSmsProvider: getThreadId: create new thread_id for recipients xxxxxxxx
09-07 14:27:56.605  2482  2887 D MmsSmsProvider: insertThread: created new thread_id 162 for recipientIds xxxxxxx
09-07 14:27:56.613   512 12206 D HarmanHAL: StreamIn::getCapturePositionImpl
09-07 14:27:56.704   512 12206 I chatty  : uid=1041(audioserver) reader identical 3 lines
09-07 14:27:56.744   512 12206 D HarmanHAL: StreamIn::getCapturePositionImpl
09-07 14:27:56.756  2482  2887 D MmsSmsProvider: getSingleAddressId: insert new canonical_address for xxxxxx, _id=163
09-07 14:27:56.756  2482  2887 D MmsSmsProvider: getThreadId: create new thread_id for recipients xxxxxxxx
09-07 14:27:56.757  2482  2887 D MmsSmsProvider: insertThread: created new thread_id 163 for recipientIds xxxxxxx
09-07 14:27:56.773   512 12206 D HarmanHAL: StreamIn::getCapturePositionImpl
09-07 14:27:56.803   512 12206 D HarmanHAL: StreamIn::getCapturePositionImpl
09-07 14:27:56.812  2482 12714 D MmsSmsProvider: getSingleAddressId: insert new canonical_address for xxxxxx, _id=164
09-07 14:27:56.814  2482 12714 D MmsSmsProvider: getThreadId: create new thread_id for recipients xxxxxxxx
09-07 14:27:56.815  2482 12714 D MmsSmsProvider: insertThread: created new thread_id 164 for recipientIds xxxxxxx
09-07 14:27:56.819   528  2892 I bt_vendor: set_wake_state
09-07 14:27:56.833   512 12206 D HarmanHAL: StreamIn::getCapturePositionImpl
09-07 14:27:56.863   512 12206 D HarmanHAL: StreamIn::getCapturePositionImpl
09-07 14:27:56.869  2482 12714 D MmsSmsProvider: getSingleAddressId: insert new canonical_address for xxxxxx, _id=165
09-07 14:27:56.870  2482 12714 D MmsSmsProvider: getThreadId: create new thread_id for recipients xxxxxxxx
09-07 14:27:56.871  2482 12714 D MmsSmsProvider: insertThread: created new thread_id 165 for recipientIds xxxxxxx
09-07 14:27:56.903   512 12206 I HarmanHal.Routing: hacs alsa node(pcmTunerIn_c) adtm interval_min:30 ms, inverval_max:40 ms, inverval_mean:32 ms!
09-07 14:27:56.903   512 12206 I HarmanHal.Routing:  in printADTM() PcmAlsaWrapper.cpp:876
09-07 14:27:56.904   512 12206 D HarmanHAL: StreamIn::getCapturePositionImpl
09-07 14:27:56.933   512 12206 D HarmanHAL: StreamIn::getCapturePositionImpl
09-07 14:27:56.947  2482  2887 D MmsSmsProvider: getSingleAddressId: insert new canonical_address for xxxxxx, _id=166
09-07 14:27:56.949  2482  2887 D MmsSmsProvider: getThreadId: create new thread_id for recipients xxxxxxxx
09-07 14:27:56.949  2482  2887 D MmsSmsProvider: insertThread: created new thread_id 166 for recipientIds xxxxxxx
09-07 14:27:56.963   512 12206 D HarmanHAL: StreamIn::getCapturePositionImpl
09-07 14:27:56.993   512 12206 D HarmanHAL: StreamIn::getCapturePositionImpl
09-07 14:27:57.000  2482  2885 D MmsSmsProvider: getSingleAddressId: insert new canonical_address for xxxxxx, _id=167
09-07 14:27:57.002  2482  2885 D MmsSmsProvider: getThreadId: create new thread_id for recipients xxxxxxxx
09-07 14:27:57.003  2482  2885 D MmsSmsProvider: insertThread: created new thread_id 167 for recipientIds xxxxxxx
09-07 14:27:57.023   512 12206 D HarmanHAL: StreamIn::getCapturePositionImpl
09-07 14:27:57.061  2482  2885 D MmsSmsProvider: getSingleAddressId: insert new canonical_address for xxxxxx, _id=168
09-07 14:27:57.062  2482  2885 D MmsSmsProvider: getThreadId: create new thread_id for recipients xxxxxxxx
09-07 14:27:57.062  2482  2885 D MmsSmsProvider: insertThread: created new thread_id 168 for recipientIds xxxxxxx
09-07 14:27:57.063   512 12206 D HarmanHAL: StreamIn::getCapturePositionImpl
09-07 14:27:57.093   512 12206 D HarmanHAL: StreamIn::getCapturePositionImpl
09-07 14:27:57.113  2482  2885 D MmsSmsProvider: getSingleAddressId: insert new canonical_address for xxxxxx, _id=169
09-07 14:27:57.115  2482  2885 D MmsSmsProvider: getThreadId: create new thread_id for recipients xxxxxxxx
09-07 14:27:57.116  2482  2885 D MmsSmsProvider: insertThread: created new thread_id 169 for recipientIds xxxxxxx
09-07 14:27:57.123   512 12206 D HarmanHAL: StreamIn::getCapturePositionImpl
09-07 14:27:57.154   512 12206 D HarmanHAL: StreamIn::getCapturePositionImpl
09-07 14:27:57.169  2482  2887 D MmsSmsProvider: getSingleAddressId: insert new canonical_address for xxxxxx, _id=170
09-07 14:27:57.170  2482  2887 D MmsSmsProvider: getThreadId: create new thread_id for recipients xxxxxxxx
09-07 14:27:57.171  2482  2887 D MmsSmsProvider: insertThread: created new thread_id 170 for recipientIds xxxxxxx
09-07 14:27:57.183   512 12206 D HarmanHAL: StreamIn::getCapturePositionImpl
09-07 14:27:57.222  2482  2887 D MmsSmsProvider: getSingleAddressId: insert new canonical_address for xxxxxx, _id=171
09-07 14:27:57.223  2482  2887 D MmsSmsProvider: getThreadId: create new thread_id for recipients xxxxxxxx
09-07 14:27:57.223   512 12206 D HarmanHAL: StreamIn::getCapturePositionImpl
09-07 14:27:57.224  2482  2887 D MmsSmsProvider: insertThread: created new thread_id 171 for recipientIds xxxxxxx
09-07 14:27:57.253   512 12206 D HarmanHAL: StreamIn::getCapturePositionImpl
09-07 14:27:57.280   512  3972 I HarmanHal.Routing: hacs alsa node(pcmMedia_p) adtm interval_min:0 ms, inverval_max:10 ms, inverval_mean:8 ms!
09-07 14:27:57.280   512  3972 I HarmanHal.Routing:  in printADTM() PcmAlsaWrapper.cpp:876
09-07 14:27:57.282  2482  2887 D MmsSmsProvider: getSingleAddressId: insert new canonical_address for xxxxxx, _id=172
09-07 14:27:57.283   512 12206 D HarmanHAL: StreamIn::getCapturePositionImpl
09-07 14:27:57.284  2482  2887 D MmsSmsProvider: getThreadId: create new thread_id for recipients xxxxxxxx
09-07 14:27:57.285  2482  2887 D MmsSmsProvider: insertThread: created new thread_id 172 for recipientIds xxxxxxx
09-07 14:27:57.313   512 12206 D HarmanHAL: StreamIn::getCapturePositionImpl
09-07 14:27:57.343   512 12206 D HarmanHAL: StreamIn::getCapturePositionImpl
09-07 14:27:57.373  2482 12714 D MmsSmsProvider: getSingleAddressId: insert new canonical_address for xxxxxx, _id=173
09-07 14:27:57.374  2482 12714 D MmsSmsProvider: getThreadId: create new thread_id for recipients xxxxxxxx
09-07 14:27:57.375  2482 12714 D MmsSmsProvider: insertThread: created new thread_id 173 for recipientIds xxxxxxx
09-07 14:27:57.383   512 12206 D HarmanHAL: StreamIn::getCapturePositionImpl
09-07 14:27:57.413   512 12206 D HarmanHAL: StreamIn::getCapturePositionImpl
09-07 14:27:57.433  2482  2887 D MmsSmsProvider: getSingleAddressId: insert new canonical_address for xxxxxx, _id=174
09-07 14:27:57.434  2482  2887 D MmsSmsProvider: getThreadId: create new thread_id for recipients xxxxxxxx
09-07 14:27:57.434  2482  2887 D MmsSmsProvider: insertThread: created new thread_id 174 for recipientIds xxxxxxx
09-07 14:27:57.443   512 12206 D HarmanHAL: StreamIn::getCapturePositionImpl
09-07 14:27:57.473   512 12206 D HarmanHAL: StreamIn::getCapturePositionImpl
09-07 14:27:57.475   538   618 W ipcLib  : ipcLib: in ipc_lib. DV1 read called
09-07 14:27:57.503   512 12206 D HarmanHAL: StreamIn::getCapturePositionImpl
09-07 14:27:57.543   512 12206 I chatty  : uid=1041(audioserver) reader identical 1 line
09-07 14:27:57.573   512 12206 D HarmanHAL: StreamIn::getCapturePositionImpl
09-07 14:27:57.580  2482 12714 D MmsSmsProvider: getSingleAddressId: insert new canonical_address for xxxxxx, _id=175
09-07 14:27:57.582  2482 12714 D MmsSmsProvider: getThreadId: create new thread_id for recipients xxxxxxxx
09-07 14:27:57.583  2482 12714 D MmsSmsProvider: insertThread: created new thread_id 175 for recipientIds xxxxxxx
09-07 14:27:57.603   512 12206 D HarmanHAL: StreamIn::getCapturePositionImpl
09-07 14:27:57.634   512 12206 D HarmanHAL: StreamIn::getCapturePositionImpl
09-07 14:27:57.652  2482  2885 D MmsSmsProvider: getSingleAddressId: insert new canonical_address for xxxxxx, _id=176
09-07 14:27:57.653  2482  2885 D MmsSmsProvider: getThreadId: create new thread_id for recipients xxxxxxxx
09-07 14:27:57.655  2482  2885 D MmsSmsProvider: insertThread: created new thread_id 176 for recipientIds xxxxxxx
09-07 14:27:57.663   512 12206 D HarmanHAL: StreamIn::getCapturePositionImpl
09-07 14:27:57.704   512 12206 D HarmanHAL: StreamIn::getCapturePositionImpl
09-07 14:27:57.719  2482  2885 D MmsSmsProvider: getSingleAddressId: insert new canonical_address for xxxxxx, _id=177
09-07 14:27:57.719  2482  2885 D MmsSmsProvider: getThreadId: create new thread_id for recipients xxxxxxxx
09-07 14:27:57.720  2482  2885 D MmsSmsProvider: insertThread: created new thread_id 177 for recipientIds xxxxxxx
09-07 14:27:57.733   512 12206 D HarmanHAL: StreamIn::getCapturePositionImpl
09-07 14:27:57.764   512 12206 D HarmanHAL: StreamIn::getCapturePositionImpl
09-07 14:27:57.784  2482  2885 D MmsSmsProvider: getSingleAddressId: insert new canonical_address for xxxxxx, _id=178
09-07 14:27:57.785  2482  2885 D MmsSmsProvider: getThreadId: create new thread_id for recipients xxxxxxxx
09-07 14:27:57.785  2482  2885 D MmsSmsProvider: insertThread: created new thread_id 178 for recipientIds xxxxxxx
09-07 14:27:57.793   512 12206 D HarmanHAL: StreamIn::getCapturePositionImpl
09-07 14:27:57.824   512 12206 D HarmanHAL: StreamIn::getCapturePositionImpl
09-07 14:27:57.836  2482  2885 D MmsSmsProvider: getSingleAddressId: insert new canonical_address for xxxxxx, _id=179
09-07 14:27:57.837  2482  2885 D MmsSmsProvider: getThreadId: create new thread_id for recipients xxxxxxxx
09-07 14:27:57.838  2482  2885 D MmsSmsProvider: insertThread: created new thread_id 179 for recipientIds xxxxxxx
09-07 14:27:57.863   512 12206 D HarmanHAL: StreamIn::getCapturePositionImpl
09-07 14:27:57.891  2482 12714 D MmsSmsProvider: getSingleAddressId: insert new canonical_address for xxxxxx, _id=180
09-07 14:27:57.893  2482 12714 D MmsSmsProvider: getThreadId: create new thread_id for recipients xxxxxxxx
09-07 14:27:57.893   512 12206 I HarmanHal.Routing: hacs alsa node(pcmTunerIn_c) adtm interval_min:30 ms, inverval_max:40 ms, inverval_mean:31 ms!
09-07 14:27:57.893   512 12206 I HarmanHal.Routing:  in printADTM() PcmAlsaWrapper.cpp:876
09-07 14:27:57.894   512 12206 D HarmanHAL: StreamIn::getCapturePositionImpl
09-07 14:27:57.894  2482 12714 D MmsSmsProvider: insertThread: created new thread_id 180 for recipientIds xxxxxxx
09-07 14:27:57.923   512 12206 D HarmanHAL: StreamIn::getCapturePositionImpl
09-07 14:27:57.954   512 12206 D HarmanHAL: StreamIn::getCapturePositionImpl
09-07 14:27:57.967  2482  2885 D MmsSmsProvider: getSingleAddressId: insert new canonical_address for xxxxxx, _id=181
09-07 14:27:57.968  2482  2885 D MmsSmsProvider: getThreadId: create new thread_id for recipients xxxxxxxx
09-07 14:27:57.969  2482  2885 D MmsSmsProvider: insertThread: created new thread_id 181 for recipientIds xxxxxxx
09-07 14:27:57.983   512 12206 D HarmanHAL: StreamIn::getCapturePositionImpl
09-07 14:27:58.024   512 12206 I chatty  : uid=1041(audioserver) reader identical 1 line
09-07 14:27:58.053   512 12206 D HarmanHAL: StreamIn::getCapturePositionImpl
09-07 14:27:58.067   532   569 W ipcLib  : ipcLib: in ipc_lib. DV1 read called
09-07 14:27:58.067   532   568 I VPS     : VPS:IOCStatusInfo.VoltageStatus->0 
09-07 14:27:58.067   532   568 I VPS     : VPS:IOCStatusInfo.IOCStatusCmd->a6 
09-07 14:27:58.067   532   568 I VPS     : VPS:IOCStatusInfo.WakeUpReason->0 
09-07 14:27:58.067   532   568 I VPS     : VPS:IOCStatusInfo.DerivedIgnitionStatus->0 
09-07 14:27:58.067   532   568 I VPS     : VPS:IOCStatusInfo.PowerModeState->4 
09-07 14:27:58.067   532   568 I VPS     : VPS:IOCStatusInfo.SOCShutdownRequest->0 
09-07 14:27:58.067   532   568 I VPS     : VPS:IOCStatusInfo.AntiTheftState->0 
09-07 14:27:58.068   532   568 I VPS     : VPS:IOCStatusInfo.BatteryConnect->0 
09-07 14:27:58.083   512 12206 D HarmanHAL: StreamIn::getCapturePositionImpl
09-07 14:27:58.084  2482 12714 D MmsSmsProvider: getSingleAddressId: insert new canonical_address for xxxxxx, _id=182
09-07 14:27:58.084  2482 12714 D MmsSmsProvider: getThreadId: create new thread_id for recipients xxxxxxxx
09-07 14:27:58.085  2482 12714 D MmsSmsProvider: insertThread: created new thread_id 182 for recipientIds xxxxxxx
09-07 14:27:58.114   512 12206 D HarmanHAL: StreamIn::getCapturePositionImpl
09-07 14:27:58.137  2482  2885 D MmsSmsProvider: getSingleAddressId: insert new canonical_address for xxxxxx, _id=183
09-07 14:27:58.138  2482  2885 D MmsSmsProvider: getThreadId: create new thread_id for recipients xxxxxxxx
09-07 14:27:58.139  2482  2885 D MmsSmsProvider: insertThread: created new thread_id 183 for recipientIds xxxxxxx
09-07 14:27:58.143   512 12206 D HarmanHAL: StreamIn::getCapturePositionImpl
09-07 14:27:58.184   512 12206 D HarmanHAL: StreamIn::getCapturePositionImpl
09-07 14:27:58.212  2482  2885 D MmsSmsProvider: getSingleAddressId: insert new canonical_address for xxxxxx, _id=184
09-07 14:27:58.213   512 12206 D HarmanHAL: StreamIn::getCapturePositionImpl
09-07 14:27:58.213  2482  2885 D MmsSmsProvider: getThreadId: create new thread_id for recipients xxxxxxxx
09-07 14:27:58.214  2482  2885 D MmsSmsProvider: insertThread: created new thread_id 184 for recipientIds xxxxxxx
09-07 14:27:58.244   512 12206 D HarmanHAL: StreamIn::getCapturePositionImpl
09-07 14:27:58.263  2482 12714 D MmsSmsProvider: getSingleAddressId: insert new canonical_address for xxxxxx, _id=185
09-07 14:27:58.265  2482 12714 D MmsSmsProvider: getThreadId: create new thread_id for recipients xxxxxxxx
09-07 14:27:58.266  2482 12714 D MmsSmsProvider: insertThread: created new thread_id 185 for recipientIds xxxxxxx
09-07 14:27:58.273   512 12206 D HarmanHAL: StreamIn::getCapturePositionImpl
09-07 14:27:58.280   512  3972 I HarmanHal.Routing: hacs alsa node(pcmMedia_p) adtm interval_min:0 ms, inverval_max:10 ms, inverval_mean:8 ms!
09-07 14:27:58.280   512  3972 I HarmanHal.Routing:  in printADTM() PcmAlsaWrapper.cpp:876
09-07 14:27:58.304   512 12206 D HarmanHAL: StreamIn::getCapturePositionImpl
09-07 14:27:58.335  2482  2887 D MmsSmsProvider: getSingleAddressId: insert new canonical_address for xxxxxx, _id=186
09-07 14:27:58.336  2482  2887 D MmsSmsProvider: getThreadId: create new thread_id for recipients xxxxxxxx
09-07 14:27:58.337  2482  2887 D MmsSmsProvider: insertThread: created new thread_id 186 for recipientIds xxxxxxx
09-07 14:27:58.343   512 12206 D HarmanHAL: StreamIn::getCapturePositionImpl
09-07 14:27:58.403   512 12206 I chatty  : uid=1041(audioserver) reader identical 2 lines
09-07 14:27:58.433   512 12206 D HarmanHAL: StreamIn::getCapturePositionImpl
09-07 14:27:58.438  2482  2887 D MmsSmsProvider: getSingleAddressId: insert new canonical_address for xxxxxx, _id=187
09-07 14:27:58.440  2482  2887 D MmsSmsProvider: getThreadId: create new thread_id for recipients xxxxxxxx
09-07 14:27:58.440  2482  2887 D MmsSmsProvider: insertThread: created new thread_id 187 for recipientIds xxxxxxx
09-07 14:27:58.463   512 12206 D HarmanHAL: StreamIn::getCapturePositionImpl
09-07 14:27:58.475   538   618 W ipcLib  : ipcLib: in ipc_lib. DV1 read called
09-07 14:27:58.492  2482  2887 D MmsSmsProvider: getSingleAddressId: insert new canonical_address for xxxxxx, _id=188
09-07 14:27:58.493  2482  2887 D MmsSmsProvider: getThreadId: create new thread_id for recipients xxxxxxxx
09-07 14:27:58.493  2482  2887 D MmsSmsProvider: insertThread: created new thread_id 188 for recipientIds xxxxxxx
09-07 14:27:58.503   512 12206 D HarmanHAL: StreamIn::getCapturePositionImpl
09-07 14:27:58.533   512 12206 D HarmanHAL: StreamIn::getCapturePositionImpl
09-07 14:27:58.541  2482 12714 D MmsSmsProvider: getSingleAddressId: insert new canonical_address for xxxxxx, _id=189
09-07 14:27:58.542  2482 12714 D MmsSmsProvider: getThreadId: create new thread_id for recipients xxxxxxxx
09-07 14:27:58.543  2482 12714 D MmsSmsProvider: insertThread: created new thread_id 189 for recipientIds xxxxxxx
09-07 14:27:58.563   512 12206 D HarmanHAL: StreamIn::getCapturePositionImpl
09-07 14:27:58.593   512 12206 D HarmanHAL: StreamIn::getCapturePositionImpl
09-07 14:27:58.596  2482 12714 D MmsSmsProvider: getSingleAddressId: insert new canonical_address for xxxxxx, _id=190
09-07 14:27:58.598  2482 12714 D MmsSmsProvider: getThreadId: create new thread_id for recipients xxxxxxxx
09-07 14:27:58.599  2482 12714 D MmsSmsProvider: insertThread: created new thread_id 190 for recipientIds xxxxxxx
09-07 14:27:58.623   512 12206 D HarmanHAL: StreamIn::getCapturePositionImpl
09-07 14:27:58.653  2482  2887 D MmsSmsProvider: getSingleAddressId: insert new canonical_address for xxxxxx, _id=191
09-07 14:27:58.654  2482  2887 D MmsSmsProvider: getThreadId: create new thread_id for recipients xxxxxxxx
09-07 14:27:58.655  2482  2887 D MmsSmsProvider: insertThread: created new thread_id 191 for recipientIds xxxxxxx
09-07 14:27:58.663   512 12206 D HarmanHAL: StreamIn::getCapturePositionImpl
09-07 14:27:58.693   512 12206 D HarmanHAL: StreamIn::getCapturePositionImpl
09-07 14:27:58.706  2482 12714 D MmsSmsProvider: getSingleAddressId: insert new canonical_address for xxxxxx, _id=192
09-07 14:27:58.708  2482 12714 D MmsSmsProvider: getThreadId: create new thread_id for recipients xxxxxxxx
09-07 14:27:58.708  2482 12714 D MmsSmsProvider: insertThread: created new thread_id 192 for recipientIds xxxxxxx
09-07 14:27:58.723   512 12206 D HarmanHAL: StreamIn::getCapturePositionImpl
09-07 14:27:58.753   512 12206 D HarmanHAL: StreamIn::getCapturePositionImpl
09-07 14:27:58.762  2482  2887 D MmsSmsProvider: getSingleAddressId: insert new canonical_address for xxxxxx, _id=193
09-07 14:27:58.763  2482  2887 D MmsSmsProvider: getThreadId: create new thread_id for recipients xxxxxxxx
09-07 14:27:58.764  2482  2887 D MmsSmsProvider: insertThread: created new thread_id 193 for recipientIds xxxxxxx
09-07 14:27:58.783   512 12206 D HarmanHAL: StreamIn::getCapturePositionImpl
09-07 14:27:58.823   512 12206 D HarmanHAL: StreamIn::getCapturePositionImpl
09-07 14:27:58.825  2482 12714 D MmsSmsProvider: getSingleAddressId: insert new canonical_address for xxxxxx, _id=194
09-07 14:27:58.826  2482 12714 D MmsSmsProvider: getThreadId: create new thread_id for recipients xxxxxxxx
09-07 14:27:58.831  2482 12714 D MmsSmsProvider: insertThread: created new thread_id 194 for recipientIds xxxxxxx
09-07 14:27:58.853   512 12206 D HarmanHAL: StreamIn::getCapturePositionImpl
09-07 14:27:58.883   512 12206 I HarmanHal.Routing: hacs alsa node(pcmTunerIn_c) adtm interval_min:30 ms, inverval_max:40 ms, inverval_mean:31 ms!
09-07 14:27:58.883   512 12206 I HarmanHal.Routing:  in printADTM() PcmAlsaWrapper.cpp:876
09-07 14:27:58.884   512 12206 D HarmanHAL: StreamIn::getCapturePositionImpl
09-07 14:27:58.901  2482  2887 D MmsSmsProvider: getSingleAddressId: insert new canonical_address for xxxxxx, _id=195
09-07 14:27:58.902  2482  2887 D MmsSmsProvider: getThreadId: create new thread_id for recipients xxxxxxxx
09-07 14:27:58.903  2482  2887 D MmsSmsProvider: insertThread: created new thread_id 195 for recipientIds xxxxxxx
09-07 14:27:58.913   512 12206 D HarmanHAL: StreamIn::getCapturePositionImpl
01-01 00:03:01.901     0     0 I init    : starting service 'qccsyshalservice'...
01-01 00:03:01.912     0     0 I init    : starting service 'vendor.sensors-hal-1-0'...
09-07 14:27:58.927 12755 12755 I qccsyshalservice: Start with system binder
09-07 14:27:58.928 12755 12755 I qccsyshalservice: Registering qccsyshal service...
09-07 14:27:58.929   376   376 I hwservicemanager: getTransport: Cannot find entry vendor.qti.hardware.qccsyshal@1.0::IQccsyshal/qccsyshal in either framework or device manifest.
09-07 14:27:58.930 12755 12755 E HidlServiceManagement: Service vendor.qti.hardware.qccsyshal@1.0::IQccsyshal/qccsyshal must be in VINTF manifest in order to register/get.
09-07 14:27:58.930 12755 12755 E qccsyshalservice: [ERROR] registerAsService() failed with status: -2147483648
01-01 00:03:01.926     0     0 I init    : starting service 'LogManager'...
01-01 00:03:01.930     0     0 I init    : Service 'qccsyshalservice' (pid 12755) exited with status 1
01-01 00:03:01.930     0     0 I init    : Sending signal 9 to service 'qccsyshalservice' (pid 12755) process group...
01-01 00:03:01.930     0     0 I libprocessgroup: Successfully killed process cgroup uid 1000 pid 12755 in 0ms
09-07 14:27:58.943   512 12206 D HarmanHAL: StreamIn::getCapturePositionImpl
09-07 14:27:58.955   376   376 I hwservicemanager: getTransport: Cannot find entry android.hardware.sensors@1.0::ISensors/default in either framework or device manifest.
09-07 14:27:58.957 12756 12756 E android.hardware.sensors@1.0-service: Couldn't load sensors module (Unknown error -2147483648)
09-07 14:27:58.957 12756 12756 D RefBase : RefBase: Explicit destruction, weak count = 0 (in 0xb400007e094d7b48)
09-07 14:27:58.957 12756 12756 W RefBase : CallStack::getCurrentInternal not linked, returning null
09-07 14:27:58.957 12756 12756 W RefBase : CallStack::logStackInternal not linked
09-07 14:27:58.958 12756 12756 E LegacySupport: Could not get passthrough implementation for android.hardware.sensors@1.0::ISensors/default.
01-01 00:03:01.949     0     0 I init    : Service 'vendor.sensors-hal-1-0' (pid 12756) exited with status 1
01-01 00:03:01.949     0     0 I init    : Sending signal 9 to service 'vendor.sensors-hal-1-0' (pid 12756) process group...
01-01 00:03:01.949     0     0 I libprocessgroup: Successfully killed process cgroup uid 1000 pid 12756 in 0ms
09-07 14:27:58.971 12757 12757 D LOGMANAGER: LOGMANAGER HAL service init() start
09-07 14:27:58.971 12757 12757 D LOGMANAGER: Logmanager configured rpcthreadpool
09-07 14:27:58.967 12757 12757 I vendor.harman.L: type=1400 audit(0.0:2491): avc: denied { read } for name="u:object_r:hwservicemanager_prop:s0" dev="tmpfs" ino=24519 scontext=u:r:logmanagerd:s0 tcontext=u:object_r:hwservicemanager_prop:s0 tclass=file permissive=1
09-07 14:27:58.967 12757 12757 I vendor.harman.L: type=1400 audit(0.0:2492): avc: denied { open } for path="/dev/__properties__/u:object_r:hwservicemanager_prop:s0" dev="tmpfs" ino=24519 scontext=u:r:logmanagerd:s0 tcontext=u:object_r:hwservicemanager_prop:s0 tclass=file permissive=1
09-07 14:27:58.967 12757 12757 I vendor.harman.L: type=1400 audit(0.0:2493): avc: denied { getattr } for path="/dev/__properties__/u:object_r:hwservicemanager_prop:s0" dev="tmpfs" ino=24519 scontext=u:r:logmanagerd:s0 tcontext=u:object_r:hwservicemanager_prop:s0 tclass=file permissive=1
09-07 14:27:58.967 12757 12757 I vendor.harman.L: type=1400 audit(0.0:2494): avc: denied { map } for path="/dev/__properties__/u:object_r:hwservicemanager_prop:s0" dev="tmpfs" ino=24519 scontext=u:r:logmanagerd:s0 tcontext=u:object_r:hwservicemanager_prop:s0 tclass=file permissive=1
09-07 14:27:58.974  2482  2887 D MmsSmsProvider: getSingleAddressId: insert new canonical_address for xxxxxx, _id=196
09-07 14:27:58.975 12757 12757 I HidlServiceManagement: Registered vendor.harman.hardware.LogManager@1.0::ILogManager/default
09-07 14:27:58.975 12757 12757 D LOGMANAGER: Logmanager HAL Service is registered and ready
09-07 14:27:58.975 12757 12757 I LOGMANAGER: ThreadPoolWrapper::initThreadPool
09-07 14:27:58.975 12757 12757 I LOGMANAGER: ThreadPoolWrapper : exit
09-07 14:27:58.975 12757 12757 D LOGMANAGER: Logmanager threadpoolwrapper created
09-07 14:27:58.975 12757 12757 D LOGMANAGER: User argument is -c
09-07 14:27:58.975 12757 12758 I LOGMANAGER: ThreadPoolWrapper:  enter the joinRpcThreadpool()
09-07 14:27:58.975  2482  2887 D MmsSmsProvider: getThreadId: create new thread_id for recipients xxxxxxxx
09-07 14:27:58.976 12757 12757 I LOGMANAGER: LogmanagerConfig is configured under config file
09-07 14:27:58.976 12757 12757 I LOGMANAGER: LoggingLevel is : 4
09-07 14:27:58.971 12757 12757 I vendor.harman.L: type=1400 audit(0.0:2495): avc: denied { dac_read_search } for capability=2 scontext=u:r:logmanagerd:s0 tcontext=u:r:logmanagerd:s0 tclass=capability permissive=1
09-07 14:27:58.976 12757 12757 I LOGMANAGER: LogEnableState is : 0
09-07 14:27:58.976 12757 12757 I LOGMANAGER: OutputPluginConfiguration PluginType : LOGWRITTER
09-07 14:27:58.976 12757 12757 I LOGMANAGER: LM_OutputConfiguration : 1
09-07 14:27:58.976 12757 12757 I LOGMANAGER: LM_OfflineTraceDirectory : /data/cache
09-07 14:27:58.976 12757 12757 I LOGMANAGER: LM_OfflineTraceFILESize : 1000000
09-07 14:27:58.976 12757 12757 I LOGMANAGER: LM_OfflineTotalFILESSize : 20000000
09-07 14:27:58.976 12757 12757 I LOGMANAGER: LM_FileNameTimeStampBased : 0
09-07 14:27:58.976 12757 12757 I LOGMANAGER: Got IOC plugin
09-07 14:27:58.976 12757 12757 I LOGMANAGER: IOCIPCChannelNumber :6
09-07 14:27:58.976 12757 12757 I LOGMANAGER: keyseq: HOME + VOLUMEDOWN  for domain is AudioDump
09-07 14:27:58.976 12757 12757 I LOGMANAGER: keyseq: HOME + VOLUMEUP  for domain is HCIDump
09-07 14:27:58.976 12757 12757 I LOGMANAGER: Domains parsing is done
09-07 14:27:58.976  2482  2887 D MmsSmsProvider: insertThread: created new thread_id 196 for recipientIds xxxxxxx
01-01 00:03:01.966     0     0 W audit   : audit_lost=1047 audit_rate_limit=5 audit_backlog_limit=64
01-01 00:03:01.966     0     0 E audit   : rate limit exceeded
09-07 14:27:58.982 12757 12757 E LOGMANAGER: Failed to load plugin /vendor/lib64/libIOCDLogReader.so with error code dlopen failed: library "/vendor/lib64/libIOCDLogReader.so" not found 
09-07 14:27:58.982 12757 12757 F libc    : Fatal signal 11 (SIGSEGV), code 1 (SEGV_MAPERR), fault addr 0x0 in tid 12757 (vendor.harman.L), pid 12757 (vendor.harman.L)
09-07 14:27:58.983   512 12206 D HarmanHAL: StreamIn::getCapturePositionImpl
09-07 14:27:59.000   532   569 I VPS     : VPS:VehiclePlatformSOCHeartBeatHandler IVI HeartBeat sent successfully SOCHeartBeatInfo.SOCStatus->2
09-07 14:27:59.000   532   569 W ipcLib  : ipcLib: in ipc_lib. DV1 write called
09-07 14:27:59.002   532   569 W ipcLib  : ipcLib: in ipc_lib. DV1 read called
09-07 14:27:59.014   512 12206 D HarmanHAL: StreamIn::getCapturePositionImpl
09-07 14:27:59.022 12761 12761 I crash_dump64: obtaining output fd from tombstoned, type: kDebuggerdTombstone
09-07 14:27:59.023   463   463 I tombstoned: received crash request for pid 12757
09-07 14:27:59.025 12761 12761 I crash_dump64: performing dump of process 12757 (target tid = 12757)
09-07 14:27:59.030 12761 12761 F DEBUG   : *** *** *** *** *** *** *** *** *** *** *** *** *** *** *** ***
09-07 14:27:59.031 12761 12761 F DEBUG   : Build fingerprint: 'qti/titan_tml_b2/titan_tml_b2:11/RQ3A.210605.005/eng.ksong.20210907.134230:userdebug/test-keys'
09-07 14:27:59.031 12761 12761 F DEBUG   : Revision: '0'
09-07 14:27:59.031 12761 12761 F DEBUG   : ABI: 'arm64'
09-07 14:27:59.032 12761 12761 F DEBUG   : Timestamp: 2021-09-07 14:27:59+0000
09-07 14:27:59.033 12761 12761 F DEBUG   : pid: 12757, tid: 12757, name: vendor.harman.L  >>> /vendor/bin/hw/vendor.harman.LogManager@1.0-service <<<
09-07 14:27:59.033 12761 12761 F DEBUG   : uid: 0
09-07 14:27:59.033 12761 12761 F DEBUG   : signal 11 (SIGSEGV), code 1 (SEGV_MAPERR), fault addr 0x0
09-07 14:27:59.033 12761 12761 F DEBUG   : Cause: null pointer dereference
09-07 14:27:59.033 12761 12761 F DEBUG   :     x0  0000000000000000  x1  0000000000000000  x2  0000000000080001  x3  0000000000000000
09-07 14:27:59.033 12761 12761 F DEBUG   :     x4  0000000000000000  x5  0000000000000090  x6  fefefefefefefeff  x7  7f7f7f7f7f7f7f7f
09-07 14:27:59.033 12761 12761 F DEBUG   :     x8  0101010101010101  x9  c60bf115e9c14842  x10 0000007fdebbb338  x11 fffffffffffffffd
09-07 14:27:59.033 12761 12761 F DEBUG   :     x12 0000007fdebbb4c0  x13 000000000000008e  x14 003a699cc1d3fc00  x15 0000000034155555
09-07 14:27:59.033 12761 12761 F DEBUG   :     x16 00000055d755f7e0  x17 0000006ff7664b30  x18 0000006ff80bc000  x19 0000000000000000
09-07 14:27:59.034 12761 12761 F DEBUG   :     x20 0000006ff7172c50  x21 0000007fdebbbbd9  x22 b400006ef706ec38  x23 0000007fdebbbbf8
09-07 14:27:59.034 12761 12761 F DEBUG   :     x24 0000000000000000  x25 0000006ff7cc9000  x26 0000007fdebbbbd9  x27 0000007fdebbbba9
09-07 14:27:59.034 12761 12761 F DEBUG   :     x28 0000000000000000  x29 0000007fdebbbae0
09-07 14:27:59.034 12761 12761 F DEBUG   :     lr  00000055d7556048  sp  0000007fdebbbae0  pc  0000006ff7664b40  pst 0000000080000000
09-07 14:27:59.038 12761 12761 F DEBUG   : backtrace:
09-07 14:27:59.038 12761 12761 F DEBUG   :       #00 pc 000000000004ab40  /apex/com.android.runtime/lib64/bionic/libc.so (strlen_default+16) (BuildId: 2b7c6e33413ac7278a15dfc3ea383089)
09-07 14:27:59.038 12761 12761 F DEBUG   :       #01 pc 0000000000009044  /vendor/bin/hw/vendor.harman.LogManager@1.0-service (BuildId: 3e966ab64050b441b920ba0e8960d123)
09-07 14:27:59.038 12761 12761 F DEBUG   :       #02 pc 0000000000008df0  /vendor/bin/hw/vendor.harman.LogManager@1.0-service (LM::LogManagerImpl::load_plugin_conf(void*, std::__1::basic_string<char, std::__1::char_traits<char>, std::__1::allocator<char> >, std::__1::multimap<std::__1::basic_string<char, std::__1::char_traits<char>, std::__1::allocator<char> >, int, std::__1::less<std::__1::basic_string<char, std::__1::char_traits<char>, std::__1::allocator<char> > >, std::__1::allocator<std::__1::pair<std::__1::basic_string<char, std::__1::char_traits<char>, std::__1::allocator<char> > const, int> > >&)+752) (BuildId: 3e966ab64050b441b920ba0e8960d123)
09-07 14:27:59.038 12761 12761 F DEBUG   :       #03 pc 00000000000088c0  /vendor/bin/hw/vendor.harman.LogManager@1.0-service (LM::LogManagerImpl::loadplugins()+436) (BuildId: 3e966ab64050b441b920ba0e8960d123)
09-07 14:27:59.039 12761 12761 F DEBUG   :       #04 pc 0000000000007af8  /vendor/bin/hw/vendor.harman.LogManager@1.0-service (main+1112) (BuildId: 3e966ab64050b441b920ba0e8960d123)
09-07 14:27:59.039 12761 12761 F DEBUG   :       #05 pc 000000000004988c  /apex/com.android.runtime/lib64/bionic/libc.so (__libc_init+108) (BuildId: 2b7c6e33413ac7278a15dfc3ea383089)
09-07 14:27:59.043   512 12206 D HarmanHAL: StreamIn::getCapturePositionImpl
01-01 00:03:02.056     0     0 D logd    : logdr: UID=0 GID=1000 PID=12761 n tail=50 logMask=1 pid=12757 start=0ns timeout=0ns
01-01 00:03:02.077     0     0 D logd    : logdr: UID=0 GID=1000 PID=12761 n tail=0 logMask=8 pid=12757 start=0ns timeout=0ns
01-01 00:03:02.085     0     0 D logd    : logdr: UID=0 GID=1000 PID=12761 n tail=0 logMask=1 pid=12757 start=0ns timeout=0ns
09-07 14:27:59.074   512 12206 D HarmanHAL: StreamIn::getCapturePositionImpl
09-07 14:27:59.102  2482  2887 D MmsSmsProvider: getSingleAddressId: insert new canonical_address for xxxxxx, _id=197
09-07 14:27:59.103   512 12206 D HarmanHAL: StreamIn::getCapturePositionImpl
09-07 14:27:59.103  1033  1270 W NativeCrashListener: Couldn't find ProcessRecord for pid 12757
09-07 14:27:59.104 12761 12761 E crash_dump64: AM data write failed: Broken pipe
09-07 14:27:59.104  2482  2887 D MmsSmsProvider: getThreadId: create new thread_id for recipients xxxxxxxx
09-07 14:27:59.105   463   463 E tombstoned: Tombstone written to: /data/tombstones/tombstone_02
09-07 14:27:59.105  2482  2887 D MmsSmsProvider: insertThread: created new thread_id 197 for recipientIds xxxxxxx
01-01 00:03:02.096     0     0 I init    : Service 'LogManager' (pid 12757) received signal 11
09-07 14:27:59.112  1033  1095 I BootReceiver: Copying /data/tombstones/tombstone_02 to DropBox (SYSTEM_TOMBSTONE)
09-07 14:27:59.115  1033  1095 I DropBoxManagerService: add tag=SYSTEM_TOMBSTONE isTagEnabled=true flags=0x2
09-07 14:27:59.143   512 12206 D HarmanHAL: StreamIn::getCapturePositionImpl
09-07 14:27:59.173   512 12206 D HarmanHAL: StreamIn::getCapturePositionImpl
09-07 14:27:59.195  2482  2885 D MmsSmsProvider: getSingleAddressId: insert new canonical_address for xxxxxx, _id=198
09-07 14:27:59.197  2482  2885 D MmsSmsProvider: getThreadId: create new thread_id for recipients xxxxxxxx
09-07 14:27:59.197  2482  2885 D MmsSmsProvider: insertThread: created new thread_id 198 for recipientIds xxxxxxx
09-07 14:27:59.203   512 12206 D HarmanHAL: StreamIn::getCapturePositionImpl
09-07 14:27:59.234   512 12206 D HarmanHAL: StreamIn::getCapturePositionImpl
09-07 14:27:59.260  2482 12714 D MmsSmsProvider: getSingleAddressId: insert new canonical_address for xxxxxx, _id=199
09-07 14:27:59.262  2482 12714 D MmsSmsProvider: getThreadId: create new thread_id for recipients xxxxxxxx
09-07 14:27:59.263  2482 12714 D MmsSmsProvider: insertThread: created new thread_id 199 for recipientIds xxxxxxx
09-07 14:27:59.263   512 12206 D HarmanHAL: StreamIn::getCapturePositionImpl
09-07 14:27:59.280   512  3972 I HarmanHal.Routing: hacs alsa node(pcmMedia_p) adtm interval_min:0 ms, inverval_max:10 ms, inverval_mean:8 ms!
09-07 14:27:59.280   512  3972 I HarmanHal.Routing:  in printADTM() PcmAlsaWrapper.cpp:876
09-07 14:27:59.303   512 12206 D HarmanHAL: StreamIn::getCapturePositionImpl
09-07 14:27:59.317  2482 12714 D MmsSmsProvider: getSingleAddressId: insert new canonical_address for xxxxxx, _id=200
09-07 14:27:59.317  2482 12714 D MmsSmsProvider: getThreadId: create new thread_id for recipients xxxxxxxx
09-07 14:27:59.318  2482 12714 D MmsSmsProvider: insertThread: created new thread_id 200 for recipientIds xxxxxxx
09-07 14:27:59.333   512 12206 D HarmanHAL: StreamIn::getCapturePositionImpl
09-07 14:27:59.394   512 12206 I chatty  : uid=1041(audioserver) reader identical 2 lines
09-07 14:27:59.423   512 12206 D HarmanHAL: StreamIn::getCapturePositionImpl
09-07 14:27:59.432  2482  2885 D MmsSmsProvider: getSingleAddressId: insert new canonical_address for xxxxxx, _id=201
09-07 14:27:59.433  2482  2885 D MmsSmsProvider: getThreadId: create new thread_id for recipients xxxxxxxx
09-07 14:27:59.433  2482  2885 D MmsSmsProvider: insertThread: created new thread_id 201 for recipientIds xxxxxxx
09-07 14:27:59.463   512 12206 D HarmanHAL: StreamIn::getCapturePositionImpl
09-07 14:27:59.475   538   618 W ipcLib  : ipcLib: in ipc_lib. DV1 read called
09-07 14:27:59.482  2482  2887 D MmsSmsProvider: getSingleAddressId: insert new canonical_address for xxxxxx, _id=202
09-07 14:27:59.484  2482  2887 D MmsSmsProvider: getThreadId: create new thread_id for recipients xxxxxxxx
09-07 14:27:59.484  2482  2887 D MmsSmsProvider: insertThread: created new thread_id 202 for recipientIds xxxxxxx
09-07 14:27:59.493   512 12206 D HarmanHAL: StreamIn::getCapturePositionImpl
09-07 14:27:59.554   512 12206 I chatty  : uid=1041(audioserver) reader identical 2 lines
09-07 14:27:59.584   512 12206 D HarmanHAL: StreamIn::getCapturePositionImpl
09-07 14:27:59.606   536   612 E pathology: [ProcessCrashHandler:: parseTombstoneFileName]string not found
09-07 14:27:59.607   536   612 I chatty  : uid=0(root) vendor.harman.p identical 4 lines
09-07 14:27:59.607   536   612 E pathology: [ProcessCrashHandler:: parseTombstoneFileName]string not found
09-07 14:27:59.624   512 12206 D HarmanHAL: StreamIn::getCapturePositionImpl
09-07 14:27:59.641  2482  2885 D MmsSmsProvider: getSingleAddressId: insert new canonical_address for xxxxxx, _id=203
09-07 14:27:59.641  2482  2885 D MmsSmsProvider: getThreadId: create new thread_id for recipients xxxxxxxx
09-07 14:27:59.642  2482  2885 D MmsSmsProvider: insertThread: created new thread_id 203 for recipientIds xxxxxxx
09-07 14:27:59.653   512 12206 D HarmanHAL: StreamIn::getCapturePositionImpl
09-07 14:27:59.684   512 12206 D HarmanHAL: StreamIn::getCapturePositionImpl
09-07 14:27:59.700  2482  2887 D MmsSmsProvider: getSingleAddressId: insert new canonical_address for xxxxxx, _id=204
09-07 14:27:59.700  2482  2887 D MmsSmsProvider: getThreadId: create new thread_id for recipients xxxxxxxx
09-07 14:27:59.701  2482  2887 D MmsSmsProvider: insertThread: created new thread_id 204 for recipientIds xxxxxxx
09-07 14:27:59.713   512 12206 D HarmanHAL: StreamIn::getCapturePositionImpl
09-07 14:27:59.743   512 12206 D HarmanHAL: StreamIn::getCapturePositionImpl
09-07 14:27:59.753  2482  2887 D MmsSmsProvider: getSingleAddressId: insert new canonical_address for xxxxxx, _id=205
09-07 14:27:59.754  2482  2887 D MmsSmsProvider: getThreadId: create new thread_id for recipients xxxxxxxx
09-07 14:27:59.754  2482  2887 D MmsSmsProvider: insertThread: created new thread_id 205 for recipientIds xxxxxxx
09-07 14:27:59.784   512 12206 D HarmanHAL: StreamIn::getCapturePositionImpl
09-07 14:27:59.813   512 12206 I chatty  : uid=1041(audioserver) reader identical 1 line
09-07 14:27:59.843   512 12206 D HarmanHAL: StreamIn::getCapturePositionImpl
09-07 14:27:59.851  2482  2885 D MmsSmsProvider: getSingleAddressId: insert new canonical_address for xxxxxx, _id=206
09-07 14:27:59.852  2482  2885 D MmsSmsProvider: getThreadId: create new thread_id for recipients xxxxxxxx
09-07 14:27:59.852  2482  2885 D MmsSmsProvider: insertThread: created new thread_id 206 for recipientIds xxxxxxx
09-07 14:27:59.873   512 12206 I HarmanHal.Routing: hacs alsa node(pcmTunerIn_c) adtm interval_min:30 ms, inverval_max:40 ms, inverval_mean:31 ms!
09-07 14:27:59.873   512 12206 I HarmanHal.Routing:  in printADTM() PcmAlsaWrapper.cpp:876
09-07 14:27:59.873   512 12206 D HarmanHAL: StreamIn::getCapturePositionImpl
09-07 14:27:59.903  2482  2887 D MmsSmsProvider: getSingleAddressId: insert new canonical_address for xxxxxx, _id=207
09-07 14:27:59.903   512 12206 D HarmanHAL: StreamIn::getCapturePositionImpl
09-07 14:27:59.905  2482  2887 D MmsSmsProvider: getThreadId: create new thread_id for recipients xxxxxxxx
09-07 14:27:59.906  2482  2887 D MmsSmsProvider: insertThread: created new thread_id 207 for recipientIds xxxxxxx
09-07 14:27:59.943   512 12206 D HarmanHAL: StreamIn::getCapturePositionImpl
09-07 14:27:59.958  2482  2885 D MmsSmsProvider: getSingleAddressId: insert new canonical_address for xxxxxx, _id=208
09-07 14:27:59.960  2482  2885 D MmsSmsProvider: getThreadId: create new thread_id for recipients xxxxxxxx
09-07 14:27:59.961  2482  2885 D MmsSmsProvider: insertThread: created new thread_id 208 for recipientIds xxxxxxx
09-07 14:27:59.973   512 12206 D HarmanHAL: StreamIn::getCapturePositionImpl
09-07 14:28:00.004   512 12206 D HarmanHAL: StreamIn::getCapturePositionImpl
09-07 14:28:00.024  2482 12714 D MmsSmsProvider: getSingleAddressId: insert new canonical_address for xxxxxx, _id=209
09-07 14:28:00.025  2482 12714 D MmsSmsProvider: getThreadId: create new thread_id for recipients xxxxxxxx
09-07 14:28:00.025  2482 12714 D MmsSmsProvider: insertThread: created new thread_id 209 for recipientIds xxxxxxx
09-07 14:28:00.033   512 12206 D HarmanHAL: StreamIn::getCapturePositionImpl
09-07 14:28:00.037  1033  1097 W ProcessCpuTracker: Failed to stat(/proc/12769): android.system.ErrnoException: stat failed: ENOENT (No such file or directory)
09-07 14:28:00.037  1033  1097 W ProcessCpuTracker: Skipping unknown process pid 12769
09-07 14:28:00.056   911  4981 D BufferPoolAccessor2.0: bufferpool2 0xb400007205c6d498 : 1(524288 size) total buffers - 1(524288 size) used buffers - 2197/2203 (recycle/alloc) - 15/2202 (fetch/transfer)
09-07 14:28:00.063   512 12206 D HarmanHAL: StreamIn::getCapturePositionImpl
09-07 14:28:00.071   536   536 I vendor.harman.p: type=1400 audit(0.0:2518): avc: denied { write } for name="2" dev="dm-4" ino=49241 scontext=u:r:pathologyd:s0 tcontext=u:object_r:vendor_data_file:s0 tclass=dir permissive=1
09-07 14:28:00.071   536   536 I vendor.harman.p: type=1400 audit(0.0:2519): avc: denied { add_name } for name="PROCCRASH_PF_1631024879.lz4" scontext=u:r:pathologyd:s0 tcontext=u:object_r:vendor_data_file:s0 tclass=dir permissive=1
09-07 14:28:00.104   512 12206 D HarmanHAL: StreamIn::getCapturePositionImpl
09-07 14:28:00.133   512 12206 D HarmanHAL: StreamIn::getCapturePositionImpl
09-07 14:28:00.137  2482  2887 D MmsSmsProvider: getSingleAddressId: insert new canonical_address for xxxxxx, _id=210
09-07 14:28:00.138  2482  2887 D MmsSmsProvider: getThreadId: create new thread_id for recipients xxxxxxxx
09-07 14:28:00.140  2482  2887 D MmsSmsProvider: insertThread: created new thread_id 210 for recipientIds xxxxxxx
09-07 14:28:00.163   512 12206 D HarmanHAL: StreamIn::getCapturePositionImpl
09-07 14:28:00.167   532   569 W ipcLib  : ipcLib: in ipc_lib. DV1 read called
09-07 14:28:00.167   532   568 I VPS     : VPS:IOCStatusInfo.VoltageStatus->0 
09-07 14:28:00.167   532   568 I VPS     : VPS:IOCStatusInfo.IOCStatusCmd->a6 
09-07 14:28:00.168   532   568 I VPS     : VPS:IOCStatusInfo.WakeUpReason->0 
09-07 14:28:00.168   532   568 I VPS     : VPS:IOCStatusInfo.DerivedIgnitionStatus->0 
09-07 14:28:00.168   532   568 I VPS     : VPS:IOCStatusInfo.PowerModeState->4 
09-07 14:28:00.168   532   568 I VPS     : VPS:IOCStatusInfo.SOCShutdownRequest->0 
09-07 14:28:00.168   532   568 I VPS     : VPS:IOCStatusInfo.AntiTheftState->0 
09-07 14:28:00.168   532   568 I VPS     : VPS:IOCStatusInfo.BatteryConnect->0 
09-07 14:28:00.190  2482  2885 D MmsSmsProvider: getSingleAddressId: insert new canonical_address for xxxxxx, _id=211
09-07 14:28:00.192  2482  2885 D MmsSmsProvider: getThreadId: create new thread_id for recipients xxxxxxxx
09-07 14:28:00.192  2482  2885 D MmsSmsProvider: insertThread: created new thread_id 211 for recipientIds xxxxxxx
09-07 14:28:00.193   512 12206 D HarmanHAL: StreamIn::getCapturePositionImpl
09-07 14:28:00.223   512 12206 I chatty  : uid=1041(audioserver) reader identical 1 line
09-07 14:28:00.264   512 12206 D HarmanHAL: StreamIn::getCapturePositionImpl
09-07 14:28:00.280   512  3972 I HarmanHal.Routing: hacs alsa node(pcmMedia_p) adtm interval_min:0 ms, inverval_max:10 ms, inverval_mean:8 ms!
09-07 14:28:00.280   512  3972 I HarmanHal.Routing:  in printADTM() PcmAlsaWrapper.cpp:876
09-07 14:28:00.293   512 12206 D HarmanHAL: StreamIn::getCapturePositionImpl
09-07 14:28:00.323   512 12206 I chatty  : uid=1041(audioserver) reader identical 1 line
09-07 14:28:00.354   512 12206 D HarmanHAL: StreamIn::getCapturePositionImpl
09-07 14:28:00.375  2482  2885 D MmsSmsProvider: getSingleAddressId: insert new canonical_address for xxxxxx, _id=212
09-07 14:28:00.376  2482  2885 D MmsSmsProvider: getThreadId: create new thread_id for recipients xxxxxxxx
09-07 14:28:00.376  2482  2885 D MmsSmsProvider: insertThread: created new thread_id 212 for recipientIds xxxxxxx
09-07 14:28:00.383   512 12206 D HarmanHAL: StreamIn::getCapturePositionImpl
09-07 14:28:00.423   512 12206 D HarmanHAL: StreamIn::getCapturePositionImpl
09-07 14:28:00.426  2482  2887 D MmsSmsProvider: getSingleAddressId: insert new canonical_address for xxxxxx, _id=213
09-07 14:28:00.427  2482  2887 D MmsSmsProvider: getThreadId: create new thread_id for recipients xxxxxxxx
09-07 14:28:00.427  2482  2887 D MmsSmsProvider: insertThread: created new thread_id 213 for recipientIds xxxxxxx
09-07 14:28:00.453   512 12206 D HarmanHAL: StreamIn::getCapturePositionImpl
09-07 14:28:00.475   538   618 W ipcLib  : ipcLib: in ipc_lib. DV1 read called
09-07 14:28:00.480  2482  2887 D MmsSmsProvider: getSingleAddressId: insert new canonical_address for xxxxxx, _id=214
09-07 14:28:00.481  2482  2887 D MmsSmsProvider: getThreadId: create new thread_id for recipients xxxxxxxx
09-07 14:28:00.481  2482  2887 D MmsSmsProvider: insertThread: created new thread_id 214 for recipientIds xxxxxxx
09-07 14:28:00.483   512 12206 D HarmanHAL: StreamIn::getCapturePositionImpl
09-07 14:28:00.514   512 12206 D HarmanHAL: StreamIn::getCapturePositionImpl
09-07 14:28:00.538  2482  2885 D MmsSmsProvider: getSingleAddressId: insert new canonical_address for xxxxxx, _id=215
09-07 14:28:00.538  2482  2885 D MmsSmsProvider: getThreadId: create new thread_id for recipients xxxxxxxx
09-07 14:28:00.539  2482  2885 D MmsSmsProvider: insertThread: created new thread_id 215 for recipientIds xxxxxxx
09-07 14:28:00.543   512 12206 D HarmanHAL: StreamIn::getCapturePositionImpl
09-07 14:28:00.584   512 12206 I chatty  : uid=1041(audioserver) reader identical 1 line
09-07 14:28:00.613   512 12206 D HarmanHAL: StreamIn::getCapturePositionImpl
09-07 14:28:00.616  2482 12714 D MmsSmsProvider: getSingleAddressId: insert new canonical_address for xxxxxx, _id=216
09-07 14:28:00.618  2482 12714 D MmsSmsProvider: getThreadId: create new thread_id for recipients xxxxxxxx
09-07 14:28:00.618  2482 12714 D MmsSmsProvider: insertThread: created new thread_id 216 for recipientIds xxxxxxx
09-07 14:28:00.644   512 12206 D HarmanHAL: StreamIn::getCapturePositionImpl
09-07 14:28:00.655   536   536 I vendor.harman.p: type=1400 audit(0.0:2520): avc: denied { read } for name="2" dev="dm-4" ino=49241 scontext=u:r:pathologyd:s0 tcontext=u:object_r:vendor_data_file:s0 tclass=dir permissive=1
09-07 14:28:00.655   536   536 I vendor.harman.p: type=1400 audit(0.0:2521): avc: denied { open } for path="/data/vendor/pathologyArchive/2" dev="dm-4" ino=49241 scontext=u:r:pathologyd:s0 tcontext=u:object_r:vendor_data_file:s0 tclass=dir permissive=1
09-07 14:28:00.673   512 12206 D HarmanHAL: StreamIn::getCapturePositionImpl
09-07 14:28:00.674  2482  2885 D MmsSmsProvider: getSingleAddressId: insert new canonical_address for xxxxxx, _id=217
09-07 14:28:00.675  2482  2885 D MmsSmsProvider: getThreadId: create new thread_id for recipients xxxxxxxx
09-07 14:28:00.675  2482  2885 D MmsSmsProvider: insertThread: created new thread_id 217 for recipientIds xxxxxxx
09-07 14:28:00.703   512 12206 D HarmanHAL: StreamIn::getCapturePositionImpl
09-07 14:28:00.729  2482  2885 D MmsSmsProvider: getSingleAddressId: insert new canonical_address for xxxxxx, _id=218
09-07 14:28:00.731  2482  2885 D MmsSmsProvider: getThreadId: create new thread_id for recipients xxxxxxxx
09-07 14:28:00.732  2482  2885 D MmsSmsProvider: insertThread: created new thread_id 218 for recipientIds xxxxxxx
09-07 14:28:00.743   512 12206 D HarmanHAL: StreamIn::getCapturePositionImpl
09-07 14:28:00.773   512 12206 D HarmanHAL: StreamIn::getCapturePositionImpl
09-07 14:28:00.793  2482 12714 D MmsSmsProvider: getSingleAddressId: insert new canonical_address for xxxxxx, _id=219
09-07 14:28:00.795  2482 12714 D MmsSmsProvider: getThreadId: create new thread_id for recipients xxxxxxxx
09-07 14:28:00.796  2482 12714 D MmsSmsProvider: insertThread: created new thread_id 219 for recipientIds xxxxxxx
09-07 14:28:00.803   512 12206 D HarmanHAL: StreamIn::getCapturePositionImpl
09-07 14:28:00.834   512 12206 D HarmanHAL: StreamIn::getCapturePositionImpl
09-07 14:28:00.855  2482 12714 D MmsSmsProvider: getSingleAddressId: insert new canonical_address for xxxxxx, _id=220
09-07 14:28:00.856  2482 12714 D MmsSmsProvider: getThreadId: create new thread_id for recipients xxxxxxxx
09-07 14:28:00.857  2482 12714 D MmsSmsProvider: insertThread: created new thread_id 220 for recipientIds xxxxxxx
09-07 14:28:00.863   512 12206 I HarmanHal.Routing: hacs alsa node(pcmTunerIn_c) adtm interval_min:30 ms, inverval_max:40 ms, inverval_mean:31 ms!
09-07 14:28:00.863   512 12206 I HarmanHal.Routing:  in printADTM() PcmAlsaWrapper.cpp:876
09-07 14:28:00.863   512 12206 D HarmanHAL: StreamIn::getCapturePositionImpl
09-07 14:28:00.903   512 12206 D HarmanHAL: StreamIn::getCapturePositionImpl
09-07 14:28:00.915  2482  2885 D MmsSmsProvider: getSingleAddressId: insert new canonical_address for xxxxxx, _id=221
09-07 14:28:00.916  2482  2885 D MmsSmsProvider: getThreadId: create new thread_id for recipients xxxxxxxx
09-07 14:28:00.917  2482  2885 D MmsSmsProvider: insertThread: created new thread_id 221 for recipientIds xxxxxxx
09-07 14:28:00.933   512 12206 D HarmanHAL: StreamIn::getCapturePositionImpl
09-07 14:28:00.963   512 12206 D HarmanHAL: StreamIn::getCapturePositionImpl
09-07 14:28:00.985  2482  2885 D MmsSmsProvider: getSingleAddressId: insert new canonical_address for xxxxxx, _id=222
09-07 14:28:00.985  2482  2885 D MmsSmsProvider: getThreadId: create new thread_id for recipients xxxxxxxx
09-07 14:28:00.986  2482  2885 D MmsSmsProvider: insertThread: created new thread_id 222 for recipientIds xxxxxxx
09-07 14:28:00.993   512 12206 D HarmanHAL: StreamIn::getCapturePositionImpl
09-07 14:28:01.064   512 12206 I chatty  : uid=1041(audioserver) reader identical 2 lines
09-07 14:28:01.093   512 12206 D HarmanHAL: StreamIn::getCapturePositionImpl
09-07 14:28:01.104  2482  2887 D MmsSmsProvider: getSingleAddressId: insert new canonical_address for xxxxxx, _id=223
09-07 14:28:01.104  2482  2887 D MmsSmsProvider: getThreadId: create new thread_id for recipients xxxxxxxx
09-07 14:28:01.105  2482  2887 D MmsSmsProvider: insertThread: created new thread_id 223 for recipientIds xxxxxxx
09-07 14:28:01.123   512 12206 D HarmanHAL: StreamIn::getCapturePositionImpl
09-07 14:28:01.153   512 12206 D HarmanHAL: StreamIn::getCapturePositionImpl
09-07 14:28:01.163  2482  2887 D MmsSmsProvider: getSingleAddressId: insert new canonical_address for xxxxxx, _id=224
09-07 14:28:01.165  2482  2887 D MmsSmsProvider: getThreadId: create new thread_id for recipients xxxxxxxx
09-07 14:28:01.165  2482  2887 D MmsSmsProvider: insertThread: created new thread_id 224 for recipientIds xxxxxxx
09-07 14:28:01.183   512 12206 D HarmanHAL: StreamIn::getCapturePositionImpl
09-07 14:28:01.223  2482  2887 D MmsSmsProvider: getSingleAddressId: insert new canonical_address for xxxxxx, _id=225
09-07 14:28:01.223   512 12206 D HarmanHAL: StreamIn::getCapturePositionImpl
09-07 14:28:01.224  2482  2887 D MmsSmsProvider: getThreadId: create new thread_id for recipients xxxxxxxx
09-07 14:28:01.224  2482  2887 D MmsSmsProvider: insertThread: created new thread_id 225 for recipientIds xxxxxxx
09-07 14:28:01.253   512 12206 D HarmanHAL: StreamIn::getCapturePositionImpl
09-07 14:28:01.280   512  3972 I HarmanHal.Routing: hacs alsa node(pcmMedia_p) adtm interval_min:0 ms, inverval_max:10 ms, inverval_mean:8 ms!
09-07 14:28:01.280   512  3972 I HarmanHal.Routing:  in printADTM() PcmAlsaWrapper.cpp:876
09-07 14:28:01.283   512 12206 D HarmanHAL: StreamIn::getCapturePositionImpl
09-07 14:28:01.295  2482 12714 D MmsSmsProvider: getSingleAddressId: insert new canonical_address for xxxxxx, _id=226
09-07 14:28:01.296  2482 12714 D MmsSmsProvider: getThreadId: create new thread_id for recipients xxxxxxxx
09-07 14:28:01.297  2482 12714 D MmsSmsProvider: insertThread: created new thread_id 226 for recipientIds xxxxxxx
09-07 14:28:01.313   512 12206 D HarmanHAL: StreamIn::getCapturePositionImpl
09-07 14:28:01.344   512 12206 D HarmanHAL: StreamIn::getCapturePositionImpl
09-07 14:28:01.372  2482  2887 D MmsSmsProvider: getSingleAddressId: insert new canonical_address for xxxxxx, _id=227
09-07 14:28:01.372  2482  2887 D MmsSmsProvider: getThreadId: create new thread_id for recipients xxxxxxxx
09-07 14:28:01.373  2482  2887 D MmsSmsProvider: insertThread: created new thread_id 227 for recipientIds xxxxxxx
09-07 14:28:01.383   512 12206 D HarmanHAL: StreamIn::getCapturePositionImpl
09-07 14:28:01.414   512 12206 I chatty  : uid=1041(audioserver) reader identical 1 line
09-07 14:28:01.443   512 12206 D HarmanHAL: StreamIn::getCapturePositionImpl
09-07 14:28:01.448  2482  2885 D MmsSmsProvider: getSingleAddressId: insert new canonical_address for xxxxxx, _id=228
09-07 14:28:01.449  2482  2885 D MmsSmsProvider: getThreadId: create new thread_id for recipients xxxxxxxx
09-07 14:28:01.450  2482  2885 D MmsSmsProvider: insertThread: created new thread_id 228 for recipientIds xxxxxxx
09-07 14:28:01.447   345   345 I Binder:345_2: type=1400 audit(0.0:2522): avc: denied { call } for scontext=u:r:carwatchdogd:s0 tcontext=u:r:hal_audio_default:s0 tclass=binder permissive=1
09-07 14:28:01.453   512   512 E android.hardware.audio@6.0-harman-service: [CXmlParser]: nodeset is empty for xpath: /audioConfiguration/EnableWatchdog
09-07 14:28:01.453   512   512 E android.hardware.audio@6.0-harman-service: [CXmlParser::GetOneEleValue] Xpath object is NULL. XPath: /audioConfiguration/EnableWatchdog
09-07 14:28:01.454   512   512 W HarmanHal: ConfigSettings::GetOneEleValue Error while reading the path /audioConfiguration/EnableWatchdog
09-07 14:28:01.454   512   512 W HarmanHal: ConfigSettings::GetOneEleValue Error in checkifWatchdogTobeEnabled
09-07 14:28:01.454   512   512 I HarmanHal: WatchdogClient::isClientHealthy, Value Of checkifWatchdogTobeEnabled:0
09-07 14:28:01.473   512 12206 D HarmanHAL: StreamIn::getCapturePositionImpl
09-07 14:28:01.475   538   618 W ipcLib  : ipcLib: in ipc_lib. DV1 read called
09-07 14:28:01.503   512 12206 D HarmanHAL: StreamIn::getCapturePositionImpl
09-07 14:28:01.506  2482  2885 D MmsSmsProvider: getSingleAddressId: insert new canonical_address for xxxxxx, _id=229
09-07 14:28:01.508  2482  2885 D MmsSmsProvider: getThreadId: create new thread_id for recipients xxxxxxxx
09-07 14:28:01.508  2482  2885 D MmsSmsProvider: insertThread: created new thread_id 229 for recipientIds xxxxxxx
09-07 14:28:01.544   512 12206 D HarmanHAL: StreamIn::getCapturePositionImpl
09-07 14:28:01.561  2482 12714 D MmsSmsProvider: getSingleAddressId: insert new canonical_address for xxxxxx, _id=230
09-07 14:28:01.562  2482 12714 D MmsSmsProvider: getThreadId: create new thread_id for recipients xxxxxxxx
09-07 14:28:01.562  2482 12714 D MmsSmsProvider: insertThread: created new thread_id 230 for recipientIds xxxxxxx
09-07 14:28:01.573   512 12206 D HarmanHAL: StreamIn::getCapturePositionImpl
09-07 14:28:01.604   512 12206 D HarmanHAL: StreamIn::getCapturePositionImpl
09-07 14:28:01.628  2482 12714 D MmsSmsProvider: getSingleAddressId: insert new canonical_address for xxxxxx, _id=231
09-07 14:28:01.630  2482 12714 D MmsSmsProvider: getThreadId: create new thread_id for recipients xxxxxxxx
09-07 14:28:01.631  2482 12714 D MmsSmsProvider: insertThread: created new thread_id 231 for recipientIds xxxxxxx
09-07 14:28:01.633   512 12206 D HarmanHAL: StreamIn::getCapturePositionImpl
09-07 14:28:01.663   512 12206 D HarmanHAL: StreamIn::getCapturePositionImpl
09-07 14:28:01.687  2482  2885 D MmsSmsProvider: getSingleAddressId: insert new canonical_address for xxxxxx, _id=232
09-07 14:28:01.688  2482  2885 D MmsSmsProvider: getThreadId: create new thread_id for recipients xxxxxxxx
09-07 14:28:01.689  2482  2885 D MmsSmsProvider: insertThread: created new thread_id 232 for recipientIds xxxxxxx
09-07 14:28:01.703   512 12206 D HarmanHAL: StreamIn::getCapturePositionImpl
09-07 14:28:01.733   512 12206 D HarmanHAL: StreamIn::getCapturePositionImpl
09-07 14:28:01.753  2482 12714 D MmsSmsProvider: getSingleAddressId: insert new canonical_address for xxxxxx, _id=233
09-07 14:28:01.755  2482 12714 D MmsSmsProvider: getThreadId: create new thread_id for recipients xxxxxxxx
09-07 14:28:01.756  2482 12714 D MmsSmsProvider: insertThread: created new thread_id 233 for recipientIds xxxxxxx
09-07 14:28:01.763   512 12206 D HarmanHAL: StreamIn::getCapturePositionImpl
09-07 14:28:01.793   512 12206 I chatty  : uid=1041(audioserver) reader identical 1 line
09-07 14:28:01.823   512 12206 D HarmanHAL: StreamIn::getCapturePositionImpl
09-07 14:28:01.863   512 12206 I HarmanHal.Routing: hacs alsa node(pcmTunerIn_c) adtm interval_min:30 ms, inverval_max:40 ms, inverval_mean:32 ms!
09-07 14:28:01.863   512 12206 I HarmanHal.Routing:  in printADTM() PcmAlsaWrapper.cpp:876
09-07 14:28:01.863   512 12206 D HarmanHAL: StreamIn::getCapturePositionImpl
09-07 14:28:01.875  2482  2885 D MmsSmsProvider: getSingleAddressId: insert new canonical_address for xxxxxx, _id=234
09-07 14:28:01.877  2482  2885 D MmsSmsProvider: getThreadId: create new thread_id for recipients xxxxxxxx
09-07 14:28:01.877  2482  2885 D MmsSmsProvider: insertThread: created new thread_id 234 for recipientIds xxxxxxx
09-07 14:28:01.893   512 12206 D HarmanHAL: StreamIn::getCapturePositionImpl
09-07 14:28:01.923   512 12206 D HarmanHAL: StreamIn::getCapturePositionImpl
09-07 14:28:01.949  2482  2885 D MmsSmsProvider: getSingleAddressId: insert new canonical_address for xxxxxx, _id=235
09-07 14:28:01.950  2482  2885 D MmsSmsProvider: getThreadId: create new thread_id for recipients xxxxxxxx
09-07 14:28:01.952  2482  2885 D MmsSmsProvider: insertThread: created new thread_id 235 for recipientIds xxxxxxx
09-07 14:28:01.953   512 12206 D HarmanHAL: StreamIn::getCapturePositionImpl
09-07 14:28:01.984   512 12206 D HarmanHAL: StreamIn::getCapturePositionImpl
09-07 14:28:02.009  2482  2885 D MmsSmsProvider: getSingleAddressId: insert new canonical_address for xxxxxx, _id=236
09-07 14:28:02.010  2482  2885 D MmsSmsProvider: getThreadId: create new thread_id for recipients xxxxxxxx
09-07 14:28:02.011  2482  2885 D MmsSmsProvider: insertThread: created new thread_id 236 for recipientIds xxxxxxx
09-07 14:28:02.023   512 12206 D HarmanHAL: StreamIn::getCapturePositionImpl
09-07 14:28:02.053   512 12206 I chatty  : uid=1041(audioserver) reader identical 1 line
09-07 14:28:02.083   512 12206 D HarmanHAL: StreamIn::getCapturePositionImpl
09-07 14:28:02.087  2482 12714 D MmsSmsProvider: getSingleAddressId: insert new canonical_address for xxxxxx, _id=237
09-07 14:28:02.087  2482 12714 D MmsSmsProvider: getThreadId: create new thread_id for recipients xxxxxxxx
09-07 14:28:02.088  2482 12714 D MmsSmsProvider: insertThread: created new thread_id 237 for recipientIds xxxxxxx
09-07 14:28:02.113   512 12206 D HarmanHAL: StreamIn::getCapturePositionImpl
09-07 14:28:02.144   512 12206 I chatty  : uid=1041(audioserver) reader identical 1 line
09-07 14:28:02.183   512 12206 D HarmanHAL: StreamIn::getCapturePositionImpl
09-07 14:28:02.185  2482  2885 D MmsSmsProvider: getSingleAddressId: insert new canonical_address for xxxxxx, _id=238
09-07 14:28:02.186  2482  2885 D MmsSmsProvider: getThreadId: create new thread_id for recipients xxxxxxxx
09-07 14:28:02.188  2482  2885 D MmsSmsProvider: insertThread: created new thread_id 238 for recipientIds xxxxxxx
09-07 14:28:02.213   512 12206 D HarmanHAL: StreamIn::getCapturePositionImpl
09-07 14:28:02.244   512 12206 D HarmanHAL: StreamIn::getCapturePositionImpl
09-07 14:28:02.267   532   569 W ipcLib  : ipcLib: in ipc_lib. DV1 read called
09-07 14:28:02.267   532   568 I VPS     : VPS:IOCStatusInfo.VoltageStatus->0 
09-07 14:28:02.267   532   568 I VPS     : VPS:IOCStatusInfo.IOCStatusCmd->a6 
09-07 14:28:02.267   532   568 I VPS     : VPS:IOCStatusInfo.WakeUpReason->0 
09-07 14:28:02.267   532   568 I VPS     : VPS:IOCStatusInfo.DerivedIgnitionStatus->0 
09-07 14:28:02.268   532   568 I VPS     : VPS:IOCStatusInfo.PowerModeState->4 
09-07 14:28:02.268   532   568 I VPS     : VPS:IOCStatusInfo.SOCShutdownRequest->0 
09-07 14:28:02.268   532   568 I VPS     : VPS:IOCStatusInfo.AntiTheftState->0 
09-07 14:28:02.268   532   568 I VPS     : VPS:IOCStatusInfo.BatteryConnect->0 
09-07 14:28:02.273   512 12206 D HarmanHAL: StreamIn::getCapturePositionImpl
09-07 14:28:02.280   512  3972 I HarmanHal.Routing: hacs alsa node(pcmMedia_p) adtm interval_min:0 ms, inverval_max:10 ms, inverval_mean:8 ms!
09-07 14:28:02.280   512  3972 I HarmanHal.Routing:  in printADTM() PcmAlsaWrapper.cpp:876
09-07 14:28:02.303   512 12206 D HarmanHAL: StreamIn::getCapturePositionImpl
09-07 14:28:02.323  2482 12714 D MmsSmsProvider: getSingleAddressId: insert new canonical_address for xxxxxx, _id=239
09-07 14:28:02.325  2482 12714 D MmsSmsProvider: getThreadId: create new thread_id for recipients xxxxxxxx
09-07 14:28:02.326  2482 12714 D MmsSmsProvider: insertThread: created new thread_id 239 for recipientIds xxxxxxx
09-07 14:28:02.343   512 12206 D HarmanHAL: StreamIn::getCapturePositionImpl
09-07 14:28:02.404   512 12206 I chatty  : uid=1041(audioserver) reader identical 2 lines
09-07 14:28:02.433   512 12206 D HarmanHAL: StreamIn::getCapturePositionImpl
09-07 14:28:02.439  2482  2887 D MmsSmsProvider: getSingleAddressId: insert new canonical_address for xxxxxx, _id=240
09-07 14:28:02.440  2482  2887 D MmsSmsProvider: getThreadId: create new thread_id for recipients xxxxxxxx
09-07 14:28:02.440  2482  2887 D MmsSmsProvider: insertThread: created new thread_id 240 for recipientIds xxxxxxx
09-07 14:28:02.463   512 12206 D HarmanHAL: StreamIn::getCapturePositionImpl
09-07 14:28:02.475   538   618 W ipcLib  : ipcLib: in ipc_lib. DV1 read called
09-07 14:28:02.492  2482 12714 D MmsSmsProvider: getSingleAddressId: insert new canonical_address for xxxxxx, _id=241
09-07 14:28:02.493  2482 12714 D MmsSmsProvider: getThreadId: create new thread_id for recipients xxxxxxxx
09-07 14:28:02.494  2482 12714 D MmsSmsProvider: insertThread: created new thread_id 241 for recipientIds xxxxxxx
09-07 14:28:02.503   512 12206 D HarmanHAL: StreamIn::getCapturePositionImpl
09-07 14:28:02.533   512 12206 D HarmanHAL: StreamIn::getCapturePositionImpl
09-07 14:28:02.546  2482  2887 D MmsSmsProvider: getSingleAddressId: insert new canonical_address for xxxxxx, _id=242
09-07 14:28:02.548  2482  2887 D MmsSmsProvider: getThreadId: create new thread_id for recipients xxxxxxxx
09-07 14:28:02.548  2482  2887 D MmsSmsProvider: insertThread: created new thread_id 242 for recipientIds xxxxxxx
09-07 14:28:02.563   512 12206 D HarmanHAL: StreamIn::getCapturePositionImpl
09-07 14:28:02.593   512 12206 I chatty  : uid=1041(audioserver) reader identical 1 line
09-07 14:28:02.623   512 12206 D HarmanHAL: StreamIn::getCapturePositionImpl
09-07 14:28:02.654  2482  2887 D MmsSmsProvider: getSingleAddressId: insert new canonical_address for xxxxxx, _id=243
09-07 14:28:02.656  2482  2887 D MmsSmsProvider: getThreadId: create new thread_id for recipients xxxxxxxx
09-07 14:28:02.656  2482  2887 D MmsSmsProvider: insertThread: created new thread_id 243 for recipientIds xxxxxxx
09-07 14:28:02.663   512 12206 D HarmanHAL: StreamIn::getCapturePositionImpl
09-07 14:28:02.694   512 12206 I chatty  : uid=1041(audioserver) reader identical 1 line
09-07 14:28:02.723   512 12206 D HarmanHAL: StreamIn::getCapturePositionImpl
09-07 14:28:02.737  2482  2887 D MmsSmsProvider: getSingleAddressId: insert new canonical_address for xxxxxx, _id=244
09-07 14:28:02.738  2482  2887 D MmsSmsProvider: getThreadId: create new thread_id for recipients xxxxxxxx
09-07 14:28:02.738  2482  2887 D MmsSmsProvider: insertThread: created new thread_id 244 for recipientIds xxxxxxx
09-07 14:28:02.753   512 12206 D HarmanHAL: StreamIn::getCapturePositionImpl
09-07 14:28:02.784   512 12206 I chatty  : uid=1041(audioserver) reader identical 1 line
09-07 14:28:02.824   512 12206 D HarmanHAL: StreamIn::getCapturePositionImpl
09-07 14:28:02.851  2482  2885 D MmsSmsProvider: getSingleAddressId: insert new canonical_address for xxxxxx, _id=245
09-07 14:28:02.852  2482  2885 D MmsSmsProvider: getThreadId: create new thread_id for recipients xxxxxxxx
09-07 14:28:02.853   512 12206 I HarmanHal.Routing: hacs alsa node(pcmTunerIn_c) adtm interval_min:30 ms, inverval_max:40 ms, inverval_mean:31 ms!
09-07 14:28:02.853   512 12206 I HarmanHal.Routing:  in printADTM() PcmAlsaWrapper.cpp:876
09-07 14:28:02.853  2482  2885 D MmsSmsProvider: insertThread: created new thread_id 245 for recipientIds xxxxxxx
09-07 14:28:02.853   512 12206 D HarmanHAL: StreamIn::getCapturePositionImpl
09-07 14:28:02.883   512 12206 I chatty  : uid=1041(audioserver) reader identical 1 line
09-07 14:28:02.913   512 12206 D HarmanHAL: StreamIn::getCapturePositionImpl
09-07 14:28:02.913  2482  2885 D MmsSmsProvider: getSingleAddressId: insert new canonical_address for xxxxxx, _id=246
09-07 14:28:02.914  2482  2885 D MmsSmsProvider: getThreadId: create new thread_id for recipients xxxxxxxx
09-07 14:28:02.914  2482  2885 D MmsSmsProvider: insertThread: created new thread_id 246 for recipientIds xxxxxxx
09-07 14:28:02.944   512 12206 D HarmanHAL: StreamIn::getCapturePositionImpl
09-07 14:28:02.983   512 12206 D HarmanHAL: StreamIn::getCapturePositionImpl
09-07 14:28:02.988  2482 12714 D MmsSmsProvider: getSingleAddressId: insert new canonical_address for xxxxxx, _id=247
09-07 14:28:02.989  2482 12714 D MmsSmsProvider: getThreadId: create new thread_id for recipients xxxxxxxx
09-07 14:28:02.990  2482 12714 D MmsSmsProvider: insertThread: created new thread_id 247 for recipientIds xxxxxxx
09-07 14:28:03.013   512 12206 D HarmanHAL: StreamIn::getCapturePositionImpl
09-07 14:28:03.043   512 12206 D HarmanHAL: StreamIn::getCapturePositionImpl
09-07 14:28:03.046  2482  2887 D MmsSmsProvider: getSingleAddressId: insert new canonical_address for xxxxxx, _id=248
09-07 14:28:03.048  2482  2887 D MmsSmsProvider: getThreadId: create new thread_id for recipients xxxxxxxx
09-07 14:28:03.048  2482  2887 D MmsSmsProvider: insertThread: created new thread_id 248 for recipientIds xxxxxxx
09-07 14:28:03.073   512 12206 D HarmanHAL: StreamIn::getCapturePositionImpl
09-07 14:28:03.101  2482  2885 D MmsSmsProvider: getSingleAddressId: insert new canonical_address for xxxxxx, _id=249
09-07 14:28:03.102  2482  2885 D MmsSmsProvider: getThreadId: create new thread_id for recipients xxxxxxxx
09-07 14:28:03.103  2482  2885 D MmsSmsProvider: insertThread: created new thread_id 249 for recipientIds xxxxxxx
09-07 14:28:03.103   512 12206 D HarmanHAL: StreamIn::getCapturePositionImpl
09-07 14:28:03.143   512 12206 I chatty  : uid=1041(audioserver) reader identical 1 line
09-07 14:28:03.173   512 12206 D HarmanHAL: StreamIn::getCapturePositionImpl
09-07 14:28:03.177  2482  2885 D MmsSmsProvider: getSingleAddressId: insert new canonical_address for xxxxxx, _id=250
09-07 14:28:03.178  2482  2885 D MmsSmsProvider: getThreadId: create new thread_id for recipients xxxxxxxx
09-07 14:28:03.179  2482  2885 D MmsSmsProvider: insertThread: created new thread_id 250 for recipientIds xxxxxxx
09-07 14:28:03.203   512 12206 D HarmanHAL: StreamIn::getCapturePositionImpl
09-07 14:28:03.234   512 12206 D HarmanHAL: StreamIn::getCapturePositionImpl
09-07 14:28:03.261  2482  2885 D MmsSmsProvider: getSingleAddressId: insert new canonical_address for xxxxxx, _id=251
09-07 14:28:03.262  2482  2885 D MmsSmsProvider: getThreadId: create new thread_id for recipients xxxxxxxx
09-07 14:28:03.263  2482  2885 D MmsSmsProvider: insertThread: created new thread_id 251 for recipientIds xxxxxxx
09-07 14:28:03.263   512 12206 D HarmanHAL: StreamIn::getCapturePositionImpl
09-07 14:28:03.280   512  3972 I HarmanHal.Routing: hacs alsa node(pcmMedia_p) adtm interval_min:0 ms, inverval_max:10 ms, inverval_mean:8 ms!
09-07 14:28:03.280   512  3972 I HarmanHal.Routing:  in printADTM() PcmAlsaWrapper.cpp:876
09-07 14:28:03.304   512 12206 D HarmanHAL: StreamIn::getCapturePositionImpl
09-07 14:28:03.317  2482  2887 D MmsSmsProvider: getSingleAddressId: insert new canonical_address for xxxxxx, _id=252
09-07 14:28:03.319  2482  2887 D MmsSmsProvider: getThreadId: create new thread_id for recipients xxxxxxxx
09-07 14:28:03.320  2482  2887 D MmsSmsProvider: insertThread: created new thread_id 252 for recipientIds xxxxxxx
09-07 14:28:03.333   512 12206 D HarmanHAL: StreamIn::getCapturePositionImpl
09-07 14:28:03.363   512 12206 I chatty  : uid=1041(audioserver) reader identical 1 line
09-07 14:28:03.393   512 12206 D HarmanHAL: StreamIn::getCapturePositionImpl
09-07 14:28:03.396  2482 12714 D MmsSmsProvider: getSingleAddressId: insert new canonical_address for xxxxxx, _id=253
09-07 14:28:03.397  2482 12714 D MmsSmsProvider: getThreadId: create new thread_id for recipients xxxxxxxx
09-07 14:28:03.397  2482 12714 D MmsSmsProvider: insertThread: created new thread_id 253 for recipientIds xxxxxxx
09-07 14:28:03.424   512 12206 D HarmanHAL: StreamIn::getCapturePositionImpl
09-07 14:28:03.447  2482 12714 D MmsSmsProvider: getSingleAddressId: insert new canonical_address for xxxxxx, _id=254
09-07 14:28:03.448  2482 12714 D MmsSmsProvider: getThreadId: create new thread_id for recipients xxxxxxxx
09-07 14:28:03.448  2482 12714 D MmsSmsProvider: insertThread: created new thread_id 254 for recipientIds xxxxxxx
09-07 14:28:03.463   512 12206 D HarmanHAL: StreamIn::getCapturePositionImpl
09-07 14:28:03.475   538   618 W ipcLib  : ipcLib: in ipc_lib. DV1 read called
09-07 14:28:03.493   512 12206 D HarmanHAL: StreamIn::getCapturePositionImpl
09-07 14:28:03.503  2482 12714 D MmsSmsProvider: getSingleAddressId: insert new canonical_address for xxxxxx, _id=255
09-07 14:28:03.503  2482 12714 D MmsSmsProvider: getThreadId: create new thread_id for recipients xxxxxxxx
09-07 14:28:03.504  2482 12714 D MmsSmsProvider: insertThread: created new thread_id 255 for recipientIds xxxxxxx
09-07 14:28:03.523   512 12206 D HarmanHAL: StreamIn::getCapturePositionImpl
09-07 14:28:03.554   512 12206 D HarmanHAL: StreamIn::getCapturePositionImpl
09-07 14:28:03.577  2482  2885 D MmsSmsProvider: getSingleAddressId: insert new canonical_address for xxxxxx, _id=256
09-07 14:28:03.578  2482  2885 D MmsSmsProvider: getThreadId: create new thread_id for recipients xxxxxxxx
09-07 14:28:03.578  2482  2885 D MmsSmsProvider: insertThread: created new thread_id 256 for recipientIds xxxxxxx
09-07 14:28:03.583   512 12206 D HarmanHAL: StreamIn::getCapturePositionImpl
09-07 14:28:03.623   512 12206 D HarmanHAL: StreamIn::getCapturePositionImpl
09-07 14:28:03.632  2482 12714 D MmsSmsProvider: getSingleAddressId: insert new canonical_address for xxxxxx, _id=257
09-07 14:28:03.634  2482 12714 D MmsSmsProvider: getThreadId: create new thread_id for recipients xxxxxxxx
09-07 14:28:03.635  2482 12714 D MmsSmsProvider: insertThread: created new thread_id 257 for recipientIds xxxxxxx
09-07 14:28:03.653   512 12206 D HarmanHAL: StreamIn::getCapturePositionImpl
09-07 14:28:03.684   512 12206 D HarmanHAL: StreamIn::getCapturePositionImpl
09-07 14:28:03.711  2482  2887 D MmsSmsProvider: getSingleAddressId: insert new canonical_address for xxxxxx, _id=258
09-07 14:28:03.712  2482  2887 D MmsSmsProvider: getThreadId: create new thread_id for recipients xxxxxxxx
09-07 14:28:03.712  2482  2887 D MmsSmsProvider: insertThread: created new thread_id 258 for recipientIds xxxxxxx
09-07 14:28:03.713   512 12206 D HarmanHAL: StreamIn::getCapturePositionImpl
09-07 14:28:03.744   512 12206 I chatty  : uid=1041(audioserver) reader identical 1 line
09-07 14:28:03.784   512 12206 D HarmanHAL: StreamIn::getCapturePositionImpl
09-07 14:28:03.809  2482  2887 D MmsSmsProvider: getSingleAddressId: insert new canonical_address for xxxxxx, _id=259
09-07 14:28:03.810  2482  2887 D MmsSmsProvider: getThreadId: create new thread_id for recipients xxxxxxxx
09-07 14:28:03.810  2482  2887 D MmsSmsProvider: insertThread: created new thread_id 259 for recipientIds xxxxxxx
09-07 14:28:03.813   512 12206 D HarmanHAL: StreamIn::getCapturePositionImpl
09-07 14:28:03.843   512 12206 I HarmanHal.Routing: hacs alsa node(pcmTunerIn_c) adtm interval_min:30 ms, inverval_max:40 ms, inverval_mean:31 ms!
09-07 14:28:03.843   512 12206 I HarmanHal.Routing:  in printADTM() PcmAlsaWrapper.cpp:876
09-07 14:28:03.844   512 12206 D HarmanHAL: StreamIn::getCapturePositionImpl
09-07 14:28:03.866  2482 12714 D MmsSmsProvider: getSingleAddressId: insert new canonical_address for xxxxxx, _id=260
09-07 14:28:03.867  2482 12714 D MmsSmsProvider: getThreadId: create new thread_id for recipients xxxxxxxx
09-07 14:28:03.867  2482 12714 D MmsSmsProvider: insertThread: created new thread_id 260 for recipientIds xxxxxxx
09-07 14:28:03.873   512 12206 D HarmanHAL: StreamIn::getCapturePositionImpl
01-01 00:03:06.911     0     0 I init    : starting service 'qccsyshalservice'...
01-01 00:03:06.918     0     0 I init    : starting service 'vendor.sensors-hal-1-0'...
09-07 14:28:03.904   512 12206 I chatty  : uid=1041(audioserver) reader identical 1 line
09-07 14:28:03.944   512 12206 D HarmanHAL: StreamIn::getCapturePositionImpl
09-07 14:28:03.945   376   376 I hwservicemanager: getTransport: Cannot find entry android.hardware.sensors@1.0::ISensors/default in either framework or device manifest.
01-01 00:03:06.935     0     0 I init    : starting service 'LogManager'...
09-07 14:28:03.947 12808 12808 I qccsyshalservice: Start with system binder
09-07 14:28:03.948 12808 12808 I qccsyshalservice: Registering qccsyshal service...
09-07 14:28:03.949   376   376 I hwservicemanager: getTransport: Cannot find entry vendor.qti.hardware.qccsyshal@1.0::IQccsyshal/qccsyshal in either framework or device manifest.
09-07 14:28:03.950 12809 12809 E android.hardware.sensors@1.0-service: Couldn't load sensors module (Unknown error -2147483648)
09-07 14:28:03.951 12809 12809 D RefBase : RefBase: Explicit destruction, weak count = 0 (in 0xb400007851f6e1a8)
09-07 14:28:03.951 12809 12809 W RefBase : CallStack::getCurrentInternal not linked, returning null
09-07 14:28:03.951 12809 12809 W RefBase : CallStack::logStackInternal not linked
09-07 14:28:03.952 12809 12809 E LegacySupport: Could not get passthrough implementation for android.hardware.sensors@1.0::ISensors/default.
09-07 14:28:03.953 12808 12808 E HidlServiceManagement: Service vendor.qti.hardware.qccsyshal@1.0::IQccsyshal/qccsyshal must be in VINTF manifest in order to register/get.
09-07 14:28:03.953 12808 12808 E qccsyshalservice: [ERROR] registerAsService() failed with status: -2147483648
01-01 00:03:06.944     0     0 I init    : Service 'vendor.sensors-hal-1-0' (pid 12809) exited with status 1
01-01 00:03:06.944     0     0 I init    : Sending signal 9 to service 'vendor.sensors-hal-1-0' (pid 12809) process group...
01-01 00:03:06.945     0     0 I libprocessgroup: Successfully killed process cgroup uid 1000 pid 12809 in 0ms
01-01 00:03:06.945     0     0 I init    : Service 'qccsyshalservice' (pid 12808) exited with status 1
01-01 00:03:06.945     0     0 I init    : Sending signal 9 to service 'qccsyshalservice' (pid 12808) process group...
01-01 00:03:06.946     0     0 I libprocessgroup: Successfully killed process cgroup uid 1000 pid 12808 in 0ms
09-07 14:28:03.973   512 12206 D HarmanHAL: StreamIn::getCapturePositionImpl
09-07 14:28:03.975  2482  2885 D MmsSmsProvider: getSingleAddressId: insert new canonical_address for xxxxxx, _id=261
09-07 14:28:03.977  2482  2885 D MmsSmsProvider: getThreadId: create new thread_id for recipients xxxxxxxx
09-07 14:28:03.978  2482  2885 D MmsSmsProvider: insertThread: created new thread_id 261 for recipientIds xxxxxxx
09-07 14:28:03.979 12810 12810 D LOGMANAGER: LOGMANAGER HAL service init() start
09-07 14:28:03.979 12810 12810 D LOGMANAGER: Logmanager configured rpcthreadpool
09-07 14:28:03.975 12810 12810 I vendor.harman.L: type=1400 audit(0.0:2523): avc: denied { read } for name="u:object_r:hwservicemanager_prop:s0" dev="tmpfs" ino=24519 scontext=u:r:logmanagerd:s0 tcontext=u:object_r:hwservicemanager_prop:s0 tclass=file permissive=1
09-07 14:28:03.975 12810 12810 I vendor.harman.L: type=1400 audit(0.0:2524): avc: denied { open } for path="/dev/__properties__/u:object_r:hwservicemanager_prop:s0" dev="tmpfs" ino=24519 scontext=u:r:logmanagerd:s0 tcontext=u:object_r:hwservicemanager_prop:s0 tclass=file permissive=1
09-07 14:28:03.975 12810 12810 I vendor.harman.L: type=1400 audit(0.0:2525): avc: denied { getattr } for path="/dev/__properties__/u:object_r:hwservicemanager_prop:s0" dev="tmpfs" ino=24519 scontext=u:r:logmanagerd:s0 tcontext=u:object_r:hwservicemanager_prop:s0 tclass=file permissive=1
09-07 14:28:03.975 12810 12810 I vendor.harman.L: type=1400 audit(0.0:2526): avc: denied { map } for path="/dev/__properties__/u:object_r:hwservicemanager_prop:s0" dev="tmpfs" ino=24519 scontext=u:r:logmanagerd:s0 tcontext=u:object_r:hwservicemanager_prop:s0 tclass=file permissive=1
09-07 14:28:03.982 12810 12810 I HidlServiceManagement: Registered vendor.harman.hardware.LogManager@1.0::ILogManager/default
09-07 14:28:03.982 12810 12810 D LOGMANAGER: Logmanager HAL Service is registered and ready
09-07 14:28:03.982 12810 12810 I LOGMANAGER: ThreadPoolWrapper::initThreadPool
09-07 14:28:03.982 12810 12810 I LOGMANAGER: ThreadPoolWrapper : exit
09-07 14:28:03.982 12810 12810 D LOGMANAGER: Logmanager threadpoolwrapper created
09-07 14:28:03.982 12810 12810 D LOGMANAGER: User argument is -c
09-07 14:28:03.982 12810 12811 I LOGMANAGER: ThreadPoolWrapper:  enter the joinRpcThreadpool()
09-07 14:28:03.983 12810 12810 I LOGMANAGER: LogmanagerConfig is configured under config file
09-07 14:28:03.983 12810 12810 I LOGMANAGER: LoggingLevel is : 4
09-07 14:28:03.983 12810 12810 I LOGMANAGER: LogEnableState is : 0
09-07 14:28:03.983 12810 12810 I LOGMANAGER: OutputPluginConfiguration PluginType : LOGWRITTER
09-07 14:28:03.983 12810 12810 I LOGMANAGER: LM_OutputConfiguration : 1
09-07 14:28:03.983 12810 12810 I LOGMANAGER: LM_OfflineTraceDirectory : /data/cache
09-07 14:28:03.983 12810 12810 I LOGMANAGER: LM_OfflineTraceFILESize : 1000000
09-07 14:28:03.983 12810 12810 I LOGMANAGER: LM_OfflineTotalFILESSize : 20000000
09-07 14:28:03.983 12810 12810 I LOGMANAGER: LM_FileNameTimeStampBased : 0
09-07 14:28:03.983 12810 12810 I LOGMANAGER: Got IOC plugin
09-07 14:28:03.983 12810 12810 I LOGMANAGER: IOCIPCChannelNumber :6
09-07 14:28:03.983 12810 12810 I LOGMANAGER: keyseq: HOME + VOLUMEDOWN  for domain is AudioDump
09-07 14:28:03.983 12810 12810 I LOGMANAGER: keyseq: HOME + VOLUMEUP  for domain is HCIDump
09-07 14:28:03.983 12810 12810 I LOGMANAGER: Domains parsing is done
09-07 14:28:03.979 12810 12810 I vendor.harman.L: type=1400 audit(0.0:2527): avc: denied { dac_read_search } for capability=2 scontext=u:r:logmanagerd:s0 tcontext=u:r:logmanagerd:s0 tclass=capability permissive=1
01-01 00:03:06.973     0     0 W audit   : audit_lost=1069 audit_rate_limit=5 audit_backlog_limit=64
01-01 00:03:06.973     0     0 E audit   : rate limit exceeded
09-07 14:28:03.988 12810 12810 E LOGMANAGER: Failed to load plugin /vendor/lib64/libIOCDLogReader.so with error code dlopen failed: library "/vendor/lib64/libIOCDLogReader.so" not found 
09-07 14:28:03.988 12810 12810 F libc    : Fatal signal 11 (SIGSEGV), code 1 (SEGV_MAPERR), fault addr 0x0 in tid 12810 (vendor.harman.L), pid 12810 (vendor.harman.L)
09-07 14:28:04.000   532   569 I VPS     : VPS:VehiclePlatformSOCHeartBeatHandler IVI HeartBeat sent successfully SOCHeartBeatInfo.SOCStatus->2
09-07 14:28:04.000   532   569 W ipcLib  : ipcLib: in ipc_lib. DV1 write called
09-07 14:28:04.002   532   569 W ipcLib  : ipcLib: in ipc_lib. DV1 read called
09-07 14:28:04.003   512 12206 D HarmanHAL: StreamIn::getCapturePositionImpl
09-07 14:28:04.015 12814 12814 I crash_dump64: obtaining output fd from tombstoned, type: kDebuggerdTombstone
09-07 14:28:04.016   463   463 I tombstoned: received crash request for pid 12810
09-07 14:28:04.017 12814 12814 I crash_dump64: performing dump of process 12810 (target tid = 12810)
09-07 14:28:04.021 12814 12814 F DEBUG   : *** *** *** *** *** *** *** *** *** *** *** *** *** *** *** ***
09-07 14:28:04.021 12814 12814 F DEBUG   : Build fingerprint: 'qti/titan_tml_b2/titan_tml_b2:11/RQ3A.210605.005/eng.ksong.20210907.134230:userdebug/test-keys'
09-07 14:28:04.021 12814 12814 F DEBUG   : Revision: '0'
09-07 14:28:04.021 12814 12814 F DEBUG   : ABI: 'arm64'
09-07 14:28:04.022 12814 12814 F DEBUG   : Timestamp: 2021-09-07 14:28:04+0000
09-07 14:28:04.023 12814 12814 F DEBUG   : pid: 12810, tid: 12810, name: vendor.harman.L  >>> /vendor/bin/hw/vendor.harman.LogManager@1.0-service <<<
09-07 14:28:04.023 12814 12814 F DEBUG   : uid: 0
09-07 14:28:04.023 12814 12814 F DEBUG   : signal 11 (SIGSEGV), code 1 (SEGV_MAPERR), fault addr 0x0
09-07 14:28:04.023 12814 12814 F DEBUG   : Cause: null pointer dereference
09-07 14:28:04.023 12814 12814 F DEBUG   :     x0  0000000000000000  x1  0000000000000000  x2  0000000000080001  x3  0000000000000000
09-07 14:28:04.023 12814 12814 F DEBUG   :     x4  0000000000000000  x5  0000000000000090  x6  fefefefefefefeff  x7  7f7f7f7f7f7f7f7f
09-07 14:28:04.023 12814 12814 F DEBUG   :     x8  0101010101010101  x9  bcdc13a3bf886820  x10 0000007fdcd16818  x11 fffffffffffffffd
09-07 14:28:04.023 12814 12814 F DEBUG   :     x12 0000007fdcd169a0  x13 000000000000008e  x14 003aa6a5bfeb5000  x15 0000000034155555
09-07 14:28:04.024 12814 12814 F DEBUG   :     x16 00000059a0c617e0  x17 00000073a25a0b30  x18 00000073a3a14000  x19 0000000000000000
09-07 14:28:04.024 12814 12814 F DEBUG   :     x20 00000073a273dc50  x21 0000007fdcd170b9  x22 b4000072a1ef3248  x23 0000007fdcd170d8
09-07 14:28:04.024 12814 12814 F DEBUG   :     x24 0000000000000000  x25 00000073a2b4a000  x26 0000007fdcd170b9  x27 0000007fdcd17089
09-07 14:28:04.024 12814 12814 F DEBUG   :     x28 0000000000000000  x29 0000007fdcd16fc0
09-07 14:28:04.024 12814 12814 F DEBUG   :     lr  00000059a0c58048  sp  0000007fdcd16fc0  pc  00000073a25a0b40  pst 0000000080000000
09-07 14:28:04.029 12814 12814 F DEBUG   : backtrace:
09-07 14:28:04.029 12814 12814 F DEBUG   :       #00 pc 000000000004ab40  /apex/com.android.runtime/lib64/bionic/libc.so (strlen_default+16) (BuildId: 2b7c6e33413ac7278a15dfc3ea383089)
09-07 14:28:04.030 12814 12814 F DEBUG   :       #01 pc 0000000000009044  /vendor/bin/hw/vendor.harman.LogManager@1.0-service (BuildId: 3e966ab64050b441b920ba0e8960d123)
09-07 14:28:04.030 12814 12814 F DEBUG   :       #02 pc 0000000000008df0  /vendor/bin/hw/vendor.harman.LogManager@1.0-service (LM::LogManagerImpl::load_plugin_conf(void*, std::__1::basic_string<char, std::__1::char_traits<char>, std::__1::allocator<char> >, std::__1::multimap<std::__1::basic_string<char, std::__1::char_traits<char>, std::__1::allocator<char> >, int, std::__1::less<std::__1::basic_string<char, std::__1::char_traits<char>, std::__1::allocator<char> > >, std::__1::allocator<std::__1::pair<std::__1::basic_string<char, std::__1::char_traits<char>, std::__1::allocator<char> > const, int> > >&)+752) (BuildId: 3e966ab64050b441b920ba0e8960d123)
09-07 14:28:04.030 12814 12814 F DEBUG   :       #03 pc 00000000000088c0  /vendor/bin/hw/vendor.harman.LogManager@1.0-service (LM::LogManagerImpl::loadplugins()+436) (BuildId: 3e966ab64050b441b920ba0e8960d123)
09-07 14:28:04.030 12814 12814 F DEBUG   :       #04 pc 0000000000007af8  /vendor/bin/hw/vendor.harman.LogManager@1.0-service (main+1112) (BuildId: 3e966ab64050b441b920ba0e8960d123)
09-07 14:28:04.030 12814 12814 F DEBUG   :       #05 pc 000000000004988c  /apex/com.android.runtime/lib64/bionic/libc.so (__libc_init+108) (BuildId: 2b7c6e33413ac7278a15dfc3ea383089)
09-07 14:28:04.033   512 12206 D HarmanHAL: StreamIn::getCapturePositionImpl
09-07 14:28:04.042  2482  2885 D MmsSmsProvider: getSingleAddressId: insert new canonical_address for xxxxxx, _id=262
09-07 14:28:04.047  2482  2885 D MmsSmsProvider: getThreadId: create new thread_id for recipients xxxxxxxx
09-07 14:28:04.048  2482  2885 D MmsSmsProvider: insertThread: created new thread_id 262 for recipientIds xxxxxxx
09-07 14:28:04.063   512 12206 D HarmanHAL: StreamIn::getCapturePositionImpl
01-01 00:03:07.074     0     0 D logd    : logdr: UID=0 GID=1000 PID=12814 n tail=0 logMask=8 pid=12810 start=0ns timeout=0ns
01-01 00:03:07.082     0     0 D logd    : logdr: UID=0 GID=1000 PID=12814 n tail=0 logMask=1 pid=12810 start=0ns timeout=0ns
09-07 14:28:04.102  1033  1270 W NativeCrashListener: Couldn't find ProcessRecord for pid 12810
09-07 14:28:04.102 12814 12814 E crash_dump64: AM data write failed: Broken pipe
09-07 14:28:04.103   512 12206 D HarmanHAL: StreamIn::getCapturePositionImpl
09-07 14:28:04.105   463   463 E tombstoned: Tombstone written to: /data/tombstones/tombstone_03
01-01 00:03:07.094     0     0 I init    : Untracked pid 12814 exited with status 0
09-07 14:28:04.108  2482  2885 D MmsSmsProvider: getSingleAddressId: insert new canonical_address for xxxxxx, _id=263
09-07 14:28:04.109  2482  2885 D MmsSmsProvider: getThreadId: create new thread_id for recipients xxxxxxxx
09-07 14:28:04.110  2482  2885 D MmsSmsProvider: insertThread: created new thread_id 263 for recipientIds xxxxxxx
09-07 14:28:04.114  1033  1095 I BootReceiver: Copying /data/tombstones/tombstone_03 to DropBox (SYSTEM_TOMBSTONE)
09-07 14:28:04.116  1033  1095 I DropBoxManagerService: add tag=SYSTEM_TOMBSTONE isTagEnabled=true flags=0x2
09-07 14:28:04.133   512 12206 D HarmanHAL: StreamIn::getCapturePositionImpl
09-07 14:28:04.164   512 12206 D HarmanHAL: StreamIn::getCapturePositionImpl
09-07 14:28:04.184  2482  2885 D MmsSmsProvider: getSingleAddressId: insert new canonical_address for xxxxxx, _id=264
09-07 14:28:04.185  2482  2885 D MmsSmsProvider: getThreadId: create new thread_id for recipients xxxxxxxx
09-07 14:28:04.185  2482  2885 D MmsSmsProvider: insertThread: created new thread_id 264 for recipientIds xxxxxxx
09-07 14:28:04.193   512 12206 D HarmanHAL: StreamIn::getCapturePositionImpl
09-07 14:28:04.224   512 12206 D HarmanHAL: StreamIn::getCapturePositionImpl
09-07 14:28:04.261  2482  2885 D MmsSmsProvider: getSingleAddressId: insert new canonical_address for xxxxxx, _id=265
09-07 14:28:04.262  2482  2885 D MmsSmsProvider: getThreadId: create new thread_id for recipients xxxxxxxx
09-07 14:28:04.262  2482  2885 D MmsSmsProvider: insertThread: created new thread_id 265 for recipientIds xxxxxxx
09-07 14:28:04.263   512 12206 D HarmanHAL: StreamIn::getCapturePositionImpl
09-07 14:28:04.280   512  3972 I HarmanHal.Routing: hacs alsa node(pcmMedia_p) adtm interval_min:0 ms, inverval_max:10 ms, inverval_mean:8 ms!
09-07 14:28:04.280   512  3972 I HarmanHal.Routing:  in printADTM() PcmAlsaWrapper.cpp:876
09-07 14:28:04.294   512 12206 D HarmanHAL: StreamIn::getCapturePositionImpl
09-07 14:28:04.312  2482  2887 D MmsSmsProvider: getSingleAddressId: insert new canonical_address for xxxxxx, _id=266
09-07 14:28:04.314  2482  2887 D MmsSmsProvider: getThreadId: create new thread_id for recipients xxxxxxxx
09-07 14:28:04.314  2482  2887 D MmsSmsProvider: insertThread: created new thread_id 266 for recipientIds xxxxxxx
09-07 14:28:04.323   512 12206 D HarmanHAL: StreamIn::getCapturePositionImpl
09-07 14:28:04.353   512 12206 D HarmanHAL: StreamIn::getCapturePositionImpl
09-07 14:28:04.367   532   569 W ipcLib  : ipcLib: in ipc_lib. DV1 read called
09-07 14:28:04.368   532   568 I VPS     : VPS:IOCStatusInfo.VoltageStatus->0 
09-07 14:28:04.368   532   568 I VPS     : VPS:IOCStatusInfo.IOCStatusCmd->a6 
09-07 14:28:04.368   532   568 I VPS     : VPS:IOCStatusInfo.WakeUpReason->0 
09-07 14:28:04.368   532   568 I VPS     : VPS:IOCStatusInfo.DerivedIgnitionStatus->0 
09-07 14:28:04.368   532   568 I VPS     : VPS:IOCStatusInfo.PowerModeState->4 
09-07 14:28:04.368   532   568 I VPS     : VPS:IOCStatusInfo.SOCShutdownRequest->0 
09-07 14:28:04.368   532   568 I VPS     : VPS:IOCStatusInfo.AntiTheftState->0 
09-07 14:28:04.368   532   568 I VPS     : VPS:IOCStatusInfo.BatteryConnect->0 
09-07 14:28:04.383   512 12206 D HarmanHAL: StreamIn::getCapturePositionImpl
09-07 14:28:04.407  2482 12751 D MmsSmsProvider: getSingleAddressId: insert new canonical_address for xxxxxx, _id=267
09-07 14:28:04.409  2482 12751 D MmsSmsProvider: getThreadId: create new thread_id for recipients xxxxxxxx
09-07 14:28:04.411  2482 12751 D MmsSmsProvider: insertThread: created new thread_id 267 for recipientIds xxxxxxx
09-07 14:28:04.423   512 12206 D HarmanHAL: StreamIn::getCapturePositionImpl
09-07 14:28:04.453   512 12206 D HarmanHAL: StreamIn::getCapturePositionImpl
09-07 14:28:04.475   538   618 W ipcLib  : ipcLib: in ipc_lib. DV1 read called
09-07 14:28:04.483   512 12206 D HarmanHAL: StreamIn::getCapturePositionImpl
09-07 14:28:04.506  2482  2887 D MmsSmsProvider: getSingleAddressId: insert new canonical_address for xxxxxx, _id=268
09-07 14:28:04.507  2482  2887 D MmsSmsProvider: getThreadId: create new thread_id for recipients xxxxxxxx
09-07 14:28:04.508  2482  2887 D MmsSmsProvider: insertThread: created new thread_id 268 for recipientIds xxxxxxx
09-07 14:28:04.513   512 12206 D HarmanHAL: StreamIn::getCapturePositionImpl
09-07 14:28:04.544   512 12206 I chatty  : uid=1041(audioserver) reader identical 1 line
09-07 14:28:04.584   512 12206 D HarmanHAL: StreamIn::getCapturePositionImpl
09-07 14:28:04.606   536   612 E pathology: [ProcessCrashHandler:: parseTombstoneFileName]string not found
09-07 14:28:04.607   536   612 I chatty  : uid=0(root) vendor.harman.p identical 4 lines
09-07 14:28:04.607   536   612 E pathology: [ProcessCrashHandler:: parseTombstoneFileName]string not found
09-07 14:28:04.613   512 12206 D HarmanHAL: StreamIn::getCapturePositionImpl
09-07 14:28:04.643   512 12206 D HarmanHAL: StreamIn::getCapturePositionImpl
09-07 14:28:04.671  2482  2885 D MmsSmsProvider: getSingleAddressId: insert new canonical_address for xxxxxx, _id=269
09-07 14:28:04.672  2482  2885 D MmsSmsProvider: getThreadId: create new thread_id for recipients xxxxxxxx
09-07 14:28:04.673  2482  2885 D MmsSmsProvider: insertThread: created new thread_id 269 for recipientIds xxxxxxx
09-07 14:28:04.673   512 12206 D HarmanHAL: StreamIn::getCapturePositionImpl
09-07 14:28:04.743   512 12206 I chatty  : uid=1041(audioserver) reader identical 2 lines
09-07 14:28:04.773   512 12206 D HarmanHAL: StreamIn::getCapturePositionImpl
09-07 14:28:04.791  2482  2885 D MmsSmsProvider: getSingleAddressId: insert new canonical_address for xxxxxx, _id=270
09-07 14:28:04.792  2482  2885 D MmsSmsProvider: getThreadId: create new thread_id for recipients xxxxxxxx
09-07 14:28:04.792  2482  2885 D MmsSmsProvider: insertThread: created new thread_id 270 for recipientIds xxxxxxx
09-07 14:28:04.803   512 12206 D HarmanHAL: StreamIn::getCapturePositionImpl
09-07 14:28:04.833   512 12206 I HarmanHal.Routing: hacs alsa node(pcmTunerIn_c) adtm interval_min:30 ms, inverval_max:40 ms, inverval_mean:31 ms!
09-07 14:28:04.833   512 12206 I HarmanHal.Routing:  in printADTM() PcmAlsaWrapper.cpp:876
09-07 14:28:04.834   512 12206 D HarmanHAL: StreamIn::getCapturePositionImpl
09-07 14:28:04.855  2482  2885 D MmsSmsProvider: getSingleAddressId: insert new canonical_address for xxxxxx, _id=271
09-07 14:28:04.856  2482  2885 D MmsSmsProvider: getThreadId: create new thread_id for recipients xxxxxxxx
09-07 14:28:04.857  2482  2885 D MmsSmsProvider: insertThread: created new thread_id 271 for recipientIds xxxxxxx
09-07 14:28:04.863   512 12206 D HarmanHAL: StreamIn::getCapturePositionImpl
09-07 14:28:04.904   512 12206 I chatty  : uid=1041(audioserver) reader identical 1 line
09-07 14:28:04.933   512 12206 D HarmanHAL: StreamIn::getCapturePositionImpl
09-07 14:28:04.945  2482  2885 D MmsSmsProvider: getSingleAddressId: insert new canonical_address for xxxxxx, _id=272
09-07 14:28:04.945  2482  2885 D MmsSmsProvider: getThreadId: create new thread_id for recipients xxxxxxxx
09-07 14:28:04.946  2482  2885 D MmsSmsProvider: insertThread: created new thread_id 272 for recipientIds xxxxxxx
09-07 14:28:04.963   512 12206 D HarmanHAL: StreamIn::getCapturePositionImpl
09-07 14:28:04.993   512 12206 D HarmanHAL: StreamIn::getCapturePositionImpl
09-07 14:28:04.994  2482  2887 D MmsSmsProvider: getSingleAddressId: insert new canonical_address for xxxxxx, _id=273
09-07 14:28:04.995  2482  2887 D MmsSmsProvider: getThreadId: create new thread_id for recipients xxxxxxxx
09-07 14:28:04.995  2482  2887 D MmsSmsProvider: insertThread: created new thread_id 273 for recipientIds xxxxxxx
09-07 14:28:05.024   512 12206 D HarmanHAL: StreamIn::getCapturePositionImpl
09-07 14:28:05.052  2482  2885 D MmsSmsProvider: getSingleAddressId: insert new canonical_address for xxxxxx, _id=274
09-07 14:28:05.054  2482  2885 D MmsSmsProvider: getThreadId: create new thread_id for recipients xxxxxxxx
09-07 14:28:05.055  2482  2885 D MmsSmsProvider: insertThread: created new thread_id 274 for recipientIds xxxxxxx
09-07 14:28:05.063   512 12206 D HarmanHAL: StreamIn::getCapturePositionImpl
09-07 14:28:05.094   512 12206 D HarmanHAL: StreamIn::getCapturePositionImpl
09-07 14:28:05.113  2482  2887 D MmsSmsProvider: getSingleAddressId: insert new canonical_address for xxxxxx, _id=275
09-07 14:28:05.114  2482  2887 D MmsSmsProvider: getThreadId: create new thread_id for recipients xxxxxxxx
09-07 14:28:05.114  2482  2887 D MmsSmsProvider: insertThread: created new thread_id 275 for recipientIds xxxxxxx
09-07 14:28:05.123   512 12206 D HarmanHAL: StreamIn::getCapturePositionImpl
09-07 14:28:05.154   512 12206 I chatty  : uid=1041(audioserver) reader identical 1 line
09-07 14:28:05.183   512 12206 D HarmanHAL: StreamIn::getCapturePositionImpl
09-07 14:28:05.184  2482  2885 D MmsSmsProvider: getSingleAddressId: insert new canonical_address for xxxxxx, _id=276
09-07 14:28:05.185  2482  2885 D MmsSmsProvider: getThreadId: create new thread_id for recipients xxxxxxxx
09-07 14:28:05.186  2482  2885 D MmsSmsProvider: insertThread: created new thread_id 276 for recipientIds xxxxxxx
09-07 14:28:05.224   512 12206 D HarmanHAL: StreamIn::getCapturePositionImpl
09-07 14:28:05.238  2482  2887 D MmsSmsProvider: getSingleAddressId: insert new canonical_address for xxxxxx, _id=277
09-07 14:28:05.238  2482  2887 D MmsSmsProvider: getThreadId: create new thread_id for recipients xxxxxxxx
09-07 14:28:05.239  2482  2887 D MmsSmsProvider: insertThread: created new thread_id 277 for recipientIds xxxxxxx
09-07 14:28:05.253   512 12206 D HarmanHAL: StreamIn::getCapturePositionImpl
09-07 14:28:05.280   512  3972 I HarmanHal.Routing: hacs alsa node(pcmMedia_p) adtm interval_min:0 ms, inverval_max:10 ms, inverval_mean:8 ms!
09-07 14:28:05.280   512  3972 I HarmanHal.Routing:  in printADTM() PcmAlsaWrapper.cpp:876
09-07 14:28:05.283   512 12206 D HarmanHAL: StreamIn::getCapturePositionImpl
09-07 14:28:05.295  2482  2885 D MmsSmsProvider: getSingleAddressId: insert new canonical_address for xxxxxx, _id=278
09-07 14:28:05.296  2482  2885 D MmsSmsProvider: getThreadId: create new thread_id for recipients xxxxxxxx
09-07 14:28:05.297  2482  2885 D MmsSmsProvider: insertThread: created new thread_id 278 for recipientIds xxxxxxx
09-07 14:28:05.313   512 12206 D HarmanHAL: StreamIn::getCapturePositionImpl
09-07 14:28:05.343   512 12206 D HarmanHAL: StreamIn::getCapturePositionImpl
09-07 14:28:05.369  2482  2885 D MmsSmsProvider: getSingleAddressId: insert new canonical_address for xxxxxx, _id=279
09-07 14:28:05.370  2482  2885 D MmsSmsProvider: getThreadId: create new thread_id for recipients xxxxxxxx
09-07 14:28:05.371  2482  2885 D MmsSmsProvider: insertThread: created new thread_id 279 for recipientIds xxxxxxx
09-07 14:28:05.383   512 12206 D HarmanHAL: StreamIn::getCapturePositionImpl
09-07 14:28:05.443   512 12206 I chatty  : uid=1041(audioserver) reader identical 2 lines
09-07 14:28:05.473   512 12206 D HarmanHAL: StreamIn::getCapturePositionImpl
09-07 14:28:05.475   538   618 W ipcLib  : ipcLib: in ipc_lib. DV1 read called
09-07 14:28:05.476  2482  2887 D MmsSmsProvider: getSingleAddressId: insert new canonical_address for xxxxxx, _id=280
09-07 14:28:05.477  2482  2887 D MmsSmsProvider: getThreadId: create new thread_id for recipients xxxxxxxx
09-07 14:28:05.478  2482  2887 D MmsSmsProvider: insertThread: created new thread_id 280 for recipientIds xxxxxxx
09-07 14:28:05.503   512 12206 D HarmanHAL: StreamIn::getCapturePositionImpl
09-07 14:28:05.543   512 12206 D HarmanHAL: StreamIn::getCapturePositionImpl
09-07 14:28:05.551  2482 12751 D MmsSmsProvider: getSingleAddressId: insert new canonical_address for xxxxxx, _id=281
09-07 14:28:05.553  2482 12751 D MmsSmsProvider: getThreadId: create new thread_id for recipients xxxxxxxx
09-07 14:28:05.554  2482 12751 D MmsSmsProvider: insertThread: created new thread_id 281 for recipientIds xxxxxxx
09-07 14:28:05.573   512 12206 D HarmanHAL: StreamIn::getCapturePositionImpl
09-07 14:28:05.604   512 12206 D HarmanHAL: StreamIn::getCapturePositionImpl
09-07 14:28:05.628  2482 12751 D MmsSmsProvider: getSingleAddressId: insert new canonical_address for xxxxxx, _id=282
09-07 14:28:05.629  2482 12751 D MmsSmsProvider: getThreadId: create new thread_id for recipients xxxxxxxx
09-07 14:28:05.630  2482 12751 D MmsSmsProvider: insertThread: created new thread_id 282 for recipientIds xxxxxxx
09-07 14:28:05.633   512 12206 D HarmanHAL: StreamIn::getCapturePositionImpl
09-07 14:28:05.659   536   536 I vendor.harman.p: type=1400 audit(0.0:2558): avc: denied { read } for name="2" dev="dm-4" ino=49241 scontext=u:r:pathologyd:s0 tcontext=u:object_r:vendor_data_file:s0 tclass=dir permissive=1
09-07 14:28:05.659   536   536 I vendor.harman.p: type=1400 audit(0.0:2559): avc: denied { open } for path="/data/vendor/pathologyArchive/2" dev="dm-4" ino=49241 scontext=u:r:pathologyd:s0 tcontext=u:object_r:vendor_data_file:s0 tclass=dir permissive=1
09-07 14:28:05.663   512 12206 D HarmanHAL: StreamIn::getCapturePositionImpl
09-07 14:28:05.703   512 12206 D HarmanHAL: StreamIn::getCapturePositionImpl
09-07 14:28:05.707  2482  2885 D MmsSmsProvider: getSingleAddressId: insert new canonical_address for xxxxxx, _id=283
09-07 14:28:05.708  2482  2885 D MmsSmsProvider: getThreadId: create new thread_id for recipients xxxxxxxx
09-07 14:28:05.709  2482  2885 D MmsSmsProvider: insertThread: created new thread_id 283 for recipientIds xxxxxxx
09-07 14:28:05.733   512 12206 D HarmanHAL: StreamIn::getCapturePositionImpl
09-07 14:28:05.763   512 12206 D HarmanHAL: StreamIn::getCapturePositionImpl
09-07 14:28:05.783  2482 12751 D MmsSmsProvider: getSingleAddressId: insert new canonical_address for xxxxxx, _id=284
09-07 14:28:05.785  2482 12751 D MmsSmsProvider: getThreadId: create new thread_id for recipients xxxxxxxx
09-07 14:28:05.785  2482 12751 D MmsSmsProvider: insertThread: created new thread_id 284 for recipientIds xxxxxxx
09-07 14:28:05.793   512 12206 D HarmanHAL: StreamIn::getCapturePositionImpl
09-07 14:28:05.823   512 12206 I HarmanHal.Routing: hacs alsa node(pcmTunerIn_c) adtm interval_min:30 ms, inverval_max:40 ms, inverval_mean:31 ms!
09-07 14:28:05.823   512 12206 I HarmanHal.Routing:  in printADTM() PcmAlsaWrapper.cpp:876
09-07 14:28:05.824   512 12206 D HarmanHAL: StreamIn::getCapturePositionImpl
09-07 14:28:05.863   512 12206 I chatty  : uid=1041(audioserver) reader identical 1 line
09-07 14:28:05.893   512 12206 D HarmanHAL: StreamIn::getCapturePositionImpl
09-07 14:28:05.913  2482  2885 D MmsSmsProvider: getSingleAddressId: insert new canonical_address for xxxxxx, _id=285
09-07 14:28:05.914  2482  2885 D MmsSmsProvider: getThreadId: create new thread_id for recipients xxxxxxxx
09-07 14:28:05.914  2482  2885 D MmsSmsProvider: insertThread: created new thread_id 285 for recipientIds xxxxxxx
09-07 14:28:05.923   512 12206 D HarmanHAL: StreamIn::getCapturePositionImpl
09-07 14:28:05.953   512 12206 D HarmanHAL: StreamIn::getCapturePositionImpl
09-07 14:28:05.968  2482 12711 D MmsSmsProvider: getSingleAddressId: insert new canonical_address for xxxxxx, _id=286
09-07 14:28:05.969  2482 12711 D MmsSmsProvider: getThreadId: create new thread_id for recipients xxxxxxxx
09-07 14:28:05.969  2482 12711 D MmsSmsProvider: insertThread: created new thread_id 286 for recipientIds xxxxxxx
09-07 14:28:05.983   512 12206 D HarmanHAL: StreamIn::getCapturePositionImpl
09-07 14:28:06.024   512 12206 I chatty  : uid=1041(audioserver) reader identical 1 line
09-07 14:28:06.053   512 12206 D HarmanHAL: StreamIn::getCapturePositionImpl
09-07 14:28:06.063  2482  2885 D MmsSmsProvider: getSingleAddressId: insert new canonical_address for xxxxxx, _id=287
09-07 14:28:06.065  2482  2885 D MmsSmsProvider: getThreadId: create new thread_id for recipients xxxxxxxx
09-07 14:28:06.066  2482  2885 D MmsSmsProvider: insertThread: created new thread_id 287 for recipientIds xxxxxxx
09-07 14:28:06.083   512 12206 D HarmanHAL: StreamIn::getCapturePositionImpl
09-07 14:28:06.113   512 12206 D HarmanHAL: StreamIn::getCapturePositionImpl
09-07 14:28:06.118  2482 12751 D MmsSmsProvider: getSingleAddressId: insert new canonical_address for xxxxxx, _id=288
09-07 14:28:06.120  2482 12751 D MmsSmsProvider: getThreadId: create new thread_id for recipients xxxxxxxx
09-07 14:28:06.121  2482 12751 D MmsSmsProvider: insertThread: created new thread_id 288 for recipientIds xxxxxxx
09-07 14:28:06.143   512 12206 D HarmanHAL: StreamIn::getCapturePositionImpl
09-07 14:28:06.172  2482 12711 D MmsSmsProvider: getSingleAddressId: insert new canonical_address for xxxxxx, _id=289
09-07 14:28:06.173  2482 12711 D MmsSmsProvider: getThreadId: create new thread_id for recipients xxxxxxxx
09-07 14:28:06.173  2482 12711 D MmsSmsProvider: insertThread: created new thread_id 289 for recipientIds xxxxxxx
09-07 14:28:06.183   512 12206 D HarmanHAL: StreamIn::getCapturePositionImpl
09-07 14:28:06.244   512 12206 I chatty  : uid=1041(audioserver) reader identical 2 lines
09-07 14:28:06.274   512 12206 D HarmanHAL: StreamIn::getCapturePositionImpl
09-07 14:28:06.280   512  3972 I HarmanHal.Routing: hacs alsa node(pcmMedia_p) adtm interval_min:0 ms, inverval_max:10 ms, inverval_mean:8 ms!
09-07 14:28:06.280   512  3972 I HarmanHal.Routing:  in printADTM() PcmAlsaWrapper.cpp:876
09-07 14:28:06.294  2482 12751 D MmsSmsProvider: getSingleAddressId: insert new canonical_address for xxxxxx, _id=290
09-07 14:28:06.295  2482 12751 D MmsSmsProvider: getThreadId: create new thread_id for recipients xxxxxxxx
09-07 14:28:06.295  2482 12751 D MmsSmsProvider: insertThread: created new thread_id 290 for recipientIds xxxxxxx
09-07 14:28:06.303   512 12206 D HarmanHAL: StreamIn::getCapturePositionImpl
09-07 14:28:06.373   512 12206 I chatty  : uid=1041(audioserver) reader identical 2 lines
09-07 14:28:06.403   512 12206 D HarmanHAL: StreamIn::getCapturePositionImpl
09-07 14:28:06.423  2482 12751 D MmsSmsProvider: getSingleAddressId: insert new canonical_address for xxxxxx, _id=291
09-07 14:28:06.424  2482 12751 D MmsSmsProvider: getThreadId: create new thread_id for recipients xxxxxxxx
09-07 14:28:06.425  2482 12751 D MmsSmsProvider: insertThread: created new thread_id 291 for recipientIds xxxxxxx
09-07 14:28:06.433   512 12206 D HarmanHAL: StreamIn::getCapturePositionImpl
09-07 14:28:06.464   512 12206 D HarmanHAL: StreamIn::getCapturePositionImpl
09-07 14:28:06.467   532   569 W ipcLib  : ipcLib: in ipc_lib. DV1 read called
09-07 14:28:06.468   532   568 I VPS     : VPS:IOCStatusInfo.VoltageStatus->0 
09-07 14:28:06.468   532   568 I VPS     : VPS:IOCStatusInfo.IOCStatusCmd->a6 
09-07 14:28:06.468   532   568 I VPS     : VPS:IOCStatusInfo.WakeUpReason->0 
09-07 14:28:06.468   532   568 I VPS     : VPS:IOCStatusInfo.DerivedIgnitionStatus->0 
09-07 14:28:06.468   532   568 I VPS     : VPS:IOCStatusInfo.PowerModeState->4 
09-07 14:28:06.468   532   568 I VPS     : VPS:IOCStatusInfo.SOCShutdownRequest->0 
09-07 14:28:06.468   532   568 I VPS     : VPS:IOCStatusInfo.AntiTheftState->0 
09-07 14:28:06.468   532   568 I VPS     : VPS:IOCStatusInfo.BatteryConnect->0 
09-07 14:28:06.475   538   618 W ipcLib  : ipcLib: in ipc_lib. DV1 read called
09-07 14:28:06.482  2482 12751 D MmsSmsProvider: getSingleAddressId: insert new canonical_address for xxxxxx, _id=292
09-07 14:28:06.484  2482 12751 D MmsSmsProvider: getThreadId: create new thread_id for recipients xxxxxxxx
09-07 14:28:06.485  2482 12751 D MmsSmsProvider: insertThread: created new thread_id 292 for recipientIds xxxxxxx
09-07 14:28:06.503   512 12206 D HarmanHAL: StreamIn::getCapturePositionImpl
09-07 14:28:06.533   512 12206 I chatty  : uid=1041(audioserver) reader identical 1 line
09-07 14:28:06.564   512 12206 D HarmanHAL: StreamIn::getCapturePositionImpl
09-07 14:28:06.587   528   528 I bt_vendor: set_wake_state
09-07 14:28:06.593   512 12206 D HarmanHAL: StreamIn::getCapturePositionImpl
09-07 14:28:06.664   512 12206 I chatty  : uid=1041(audioserver) reader identical 2 lines
09-07 14:28:06.694   512 12206 D HarmanHAL: StreamIn::getCapturePositionImpl
09-07 14:28:06.713  1033  1043 I system_server: Background concurrent copying GC freed 205909(10MB) AllocSpace objects, 16(968KB) LOS objects, 49% free, 12MB/24MB, paused 116us total 133.106ms
09-07 14:28:06.723   512 12206 D HarmanHAL: StreamIn::getCapturePositionImpl
09-07 14:28:06.754   512 12206 D HarmanHAL: StreamIn::getCapturePositionImpl
09-07 14:28:06.781  2584  2790 D BluetoothHeadsetClientServiceJni: callsetup_cb bdaddr a8:9c:ed:ac:1f:73
09-07 14:28:06.783   512 12206 D HarmanHAL: StreamIn::getCapturePositionImpl
09-07 14:28:06.784  1033 10926 E ActivityManager: Sending non-protected broadcast com.harman.bluetooth.hfpclient.ACTION_AG_CALL_EVENT from system 2584:com.android.bluetooth/u10s1002 pkg com.android.bluetooth
09-07 14:28:06.784  1033 10926 E ActivityManager: java.lang.Throwable
09-07 14:28:06.784  1033 10926 E ActivityManager: 	at com.android.server.am.ActivityManagerService.checkBroadcastFromSystem(ActivityManagerService.java:15910)
09-07 14:28:06.784  1033 10926 E ActivityManager: 	at com.android.server.am.ActivityManagerService.broadcastIntentLocked(ActivityManagerService.java:16491)
09-07 14:28:06.784  1033 10926 E ActivityManager: 	at com.android.server.am.ActivityManagerService.broadcastIntentLocked(ActivityManagerService.java:15927)
09-07 14:28:06.784  1033 10926 E ActivityManager: 	at com.android.server.am.ActivityManagerService.broadcastIntentWithFeature(ActivityManagerService.java:16741)
09-07 14:28:06.784  1033 10926 E ActivityManager: 	at android.app.IActivityManager$Stub.onTransact(IActivityManager.java:2283)
09-07 14:28:06.784  1033 10926 E ActivityManager: 	at com.android.server.am.ActivityManagerService.onTransact(ActivityManagerService.java:2875)
09-07 14:28:06.784  1033 10926 E ActivityManager: 	at android.os.Binder.execTransactInternal(Binder.java:1159)
09-07 14:28:06.784  1033 10926 E ActivityManager: 	at android.os.Binder.execTransact(Binder.java:1123)
09-07 14:28:06.785  1033 10926 E ActivityManager: Sending non-protected broadcast com.harman.bluetooth.hfpclient.ACTION_AG_CALL_EVENT from system 2584:com.android.bluetooth/u10s1002 pkg com.android.bluetooth
09-07 14:28:06.785  1033 10926 E ActivityManager: java.lang.Throwable
09-07 14:28:06.785  1033 10926 E ActivityManager: 	at com.android.server.am.ActivityManagerService.checkBroadcastFromSystem(ActivityManagerService.java:15910)
09-07 14:28:06.785  1033 10926 E ActivityManager: 	at com.android.server.am.ActivityManagerService.broadcastIntentLocked(ActivityManagerService.java:16585)
09-07 14:28:06.785  1033 10926 E ActivityManager: 	at com.android.server.am.ActivityManagerService.broadcastIntentLocked(ActivityManagerService.java:15927)
09-07 14:28:06.785  1033 10926 E ActivityManager: 	at com.android.server.am.ActivityManagerService.broadcastIntentWithFeature(ActivityManagerService.java:16741)
09-07 14:28:06.785  1033 10926 E ActivityManager: 	at android.app.IActivityManager$Stub.onTransact(IActivityManager.java:2283)
09-07 14:28:06.785  1033 10926 E ActivityManager: 	at com.android.server.am.ActivityManagerService.onTransact(ActivityManagerService.java:2875)
09-07 14:28:06.785  1033 10926 E ActivityManager: 	at android.os.Binder.execTransactInternal(Binder.java:1159)
09-07 14:28:06.785  1033 10926 E ActivityManager: 	at android.os.Binder.execTransact(Binder.java:1123)
09-07 14:28:06.787  1033  1064 I DropBoxManagerService: add tag=system_server_wtf isTagEnabled=true flags=0x2
09-07 14:28:06.823   512 12206 I HarmanHal.Routing: hacs alsa node(pcmTunerIn_c) adtm interval_min:30 ms, inverval_max:40 ms, inverval_mean:32 ms!
09-07 14:28:06.823   512 12206 I HarmanHal.Routing:  in printADTM() PcmAlsaWrapper.cpp:876
09-07 14:28:06.824   512 12206 D HarmanHAL: StreamIn::getCapturePositionImpl
09-07 14:28:06.913   512 12206 I chatty  : uid=1041(audioserver) reader identical 3 lines
09-07 14:28:06.943   512 12206 D HarmanHAL: StreamIn::getCapturePositionImpl
09-07 14:28:06.984  2584  2584 D HfpClientConnService: onReceive Intent { act=android.bluetooth.headsetclient.profile.action.AG_CALL_CHANGED flg=0x10000010 (has extras) }
09-07 14:28:06.985   512 12206 D HarmanHAL: StreamIn::getCapturePositionImpl
09-07 14:28:06.985  2584  2584 D HfpClientConnService: Finding block for device A8:9C:ED:AC:1F:73 blocks {A8:9C:ED:AC:1F:73=com.android.bluetooth.hfpclient.connserv.HfpClientDeviceBlock@84a2f3c}
09-07 14:28:06.987  2584  2584 D BluetoothHeadsetClient: getCurrentCalls()
09-07 14:28:06.796  1033  1064 I DropBoxManagerService: add tag=system_server_wtf isTagEnabled=true flags=0x2
09-07 14:28:06.991  1033 10926 I Telecom : : Adding new incoming call with phoneAccountHandle ComponentInfo{com.android.bluetooth/com.android.bluetooth.hfpclient.connserv.HfpClientConnectionService}, ***, UserHandle{10}: TSI.aNIC@ADI
09-07 14:28:06.994  1033 10926 I Telecom : PhoneAccountRegistrar: getSimCallManager: SimCallManager for subId -1 queried, returning: null: TSI.aNIC@ADI
09-07 14:28:06.995  1033 10926 I Telecom : Call: CallerInfo lookup returned null, skipping update: TSI.aNIC@ADI
09-07 14:28:06.999  1033 10926 I Telecom : LogUtils: EventRecord added as Call: [Call id=TC@1, state=NEW, tpac=ComponentInfo{com.android.bluetooth/com.android.bluetooth.hfpclient.connserv.HfpClientConnectionService}, ***, UserHandle{10}, cmgr=null, handle=null, vidst=A, childs(0), has_parent(false), cap=[], prop=[]]: TSI.aNIC@ADI
09-07 14:28:07.000  1033 10926 I Telecom : Event: RecordEntry TC@1: CREATED, null: TSI.aNIC@ADI
09-07 14:28:07.002  1033 10926 I Telecom : PhoneAccountRegistrar: getSimCallManager: SimCallManager for subId -1 queried, returning: null: TSI.aNIC@ADI
09-07 14:28:07.003  1033 10926 I Telecom : CreateConnectionProcessor: Trying attempt CallAttemptRecord(ComponentInfo{com.android.bluetooth/com.android.bluetooth.hfpclient.connserv.HfpClientConnectionService}, ***, UserHandle{10},ComponentInfo{com.android.bluetooth/com.android.bluetooth.hfpclient.connserv.HfpClientConnectionService}, ***, UserHandle{10}): TSI.aNIC@ADI
09-07 14:28:07.004  1033 10926 I Telecom : ConnectionServiceWrapper: createConnection([Call id=TC@1, state=NEW, tpac=ComponentInfo{com.android.bluetooth/com.android.bluetooth.hfpclient.connserv.HfpClientConnectionService}, ***, UserHandle{10}, cmgr=ComponentInfo{com.android.bluetooth/com.android.bluetooth.hfpclient.connserv.HfpClientConnectionService}, ***, UserHandle{10}, handle=null, vidst=A, childs(0), has_parent(false), cap=[], prop=[]]) via ComponentInfo{com.android.bluetooth/com.android.bluetooth.hfpclient.connserv.HfpClientConnectionService}.: TSI.aNIC@ADI
09-07 14:28:07.005  1033 10926 I Telecom : Event: RecordEntry TC@1: BIND_CS, ComponentInfo{com.android.bluetooth/com.android.bluetooth.hfpclient.connserv.HfpClientConnectionService}: TSI.aNIC@ADI
09-07 14:28:07.007  1033  1033 I Telecom : ServiceBinderConnection: Service bound ComponentInfo{com.android.bluetooth/com.android.bluetooth.hfpclient.connserv.HfpClientConnectionService}: SBC.oSC(cab)@ADM
09-07 14:28:07.008  1033  1033 I Telecom : Event: RecordEntry TC@1: CS_BOUND, ComponentInfo{com.android.bluetooth/com.android.bluetooth.hfpclient.connserv.HfpClientConnectionService}: SBC.oSC(cab)@ADM
09-07 14:28:07.011  1033  1033 I Telecom : Event: RecordEntry TC@1: START_CONNECTION, null via:com.android.bluetooth: SBC.oSC(cab)@ADM
09-07 14:28:07.013   512 12206 D HarmanHAL: StreamIn::getCapturePositionImpl
09-07 14:28:07.018  1033 10926 I Telecom : PhoneAccountRegistrar: getSimCallManager: SimCallManager for subId -1 queried, returning: null: (...->CS.aCSA->H.CS.aCSA)->CSW.qRCS(cab)@E-E-ADM
09-07 14:28:07.020  2584  2584 D HfpClientConnService: onCreateIncomingConnection ComponentInfo{com.android.bluetooth/com.android.bluetooth.hfpclient.connserv.HfpClientConnectionService}, ***, UserHandle{10} req: ConnectionRequest  Bundle[android.telecom.extra.CALL_EXTERNAL_WAIT_TONE=false, android.telecom.extra.CALL_EXTERNAL_RINGER=false, android.telecom.extra.CALL_TELECOM_ROUTING_START_TIME_MILLIS=189990, android.telecom.extra.INCOMING_CALL_EXTRAS=BluetoothHeadsetClientCall{mDevice: -561146153, mId: 1, mUUID: 8523308e-40d7-495d-9425-3dc04832e473, mState: INCOMING, mNumber: 723873847, mMultiParty: false, mOutgoing: false, mInBandRing: false}, ] isAdhocConf: N
09-07 14:28:07.024  2584  2584 D HfpClientConnService: Finding block for handle ComponentInfo{com.android.bluetooth/com.android.bluetooth.hfpclient.connserv.HfpClientConnectionService}, ***, UserHandle{10} device A8:9C:ED:AC:1F:73
09-07 14:28:07.043   512 12206 D HarmanHAL: StreamIn::getCapturePositionImpl
09-07 14:28:07.048  1033  1942 I Telecom : Event: RecordEntry TC@1: CAPABILITY_CHANGE, Current: [[ sup_hld mut]], Removed [[]], Added [[ sup_hld mut]]: (...->CS.crCo->H.CS.crCo->H.CS.crCo.pICR)->CSW.hCCC(cab/cast)@E-E-ADM
09-07 14:28:07.049  1033  1033 I Telecom : TelecomSystem: CallerInfoAsyncQuery.startQuery number=*** cookie=(...->CS.crCo->H.CS.crCo->H.CS.crCo.pICR)->CSW.hCCC->CILH.sL->CILH.sL(cab/cast)@E-E-ADM: (...->CS.crCo->H.CS.crCo->H.CS.crCo.pICR)->CSW.hCCC->CILH.sL(cab/cast)@E-E-ADM
09-07 14:28:07.057   911  1386 D BufferPoolAccessor2.0: bufferpool2 0xb400007205c6d498 : 1(524288 size) total buffers - 0(0 size) used buffers - 2208/2214 (recycle/alloc) - 16/2214 (fetch/transfer)
09-07 14:28:07.058   911  1386 D BufferPoolAccessor2.0: evictor expired: 1, evicted: 1
09-07 14:28:07.059  1033  1942 W Telecom : AppLabelProxy: Could not determine app label. Package name is null: (...->CS.crCo->H.CS.crCo->H.CS.crCo.pICR)->CSW.hCCC(cab/cast)@E-E-ADM
09-07 14:28:07.061  2482  2885 E PhoneInterfaceManager: [PhoneIntfMgr] getIccId: No UICC
09-07 14:28:07.062  1033  1942 I Telecom : AppLabelProxy: package com.samsung.android.automotive.phone: name is Phone: (...->CS.crCo->H.CS.crCo->H.CS.crCo.pICR)->CSW.hCCC(cab/cast)@E-E-ADM
09-07 14:28:07.062  1033  1942 I Telecom : Event: RecordEntry TC@1: FILTERING_INITIATED, null: (...->CS.crCo->H.CS.crCo->H.CS.crCo.pICR)->CSW.hCCC(cab/cast)@E-E-ADM
09-07 14:28:07.063  1033  1942 I Telecom : IncomingCallFilterGraph: Filter com.android.server.telecom.callfiltering.CallFilter@b8ffd64 scheduled.: (...->CS.crCo->H.CS.crCo->H.CS.crCo.pICR)->CSW.hCCC(cab/cast)@E-E-ADM
09-07 14:28:07.064  1033 12825 I Telecom : IncomingCallFilterGraph: Filter com.android.server.telecom.callfiltering.CallFilter@b8ffd64 done, result: [Allow, logged, notified].: (...->CS.crCo->H.CS.crCo->H.CS.crCo.pICR)->CSW.hCCC->ICFG.sF->ICFG.sF(cab/cast)@E-E-ADM
09-07 14:28:07.064  1033 12825 I Telecom : IncomingCallFilterGraph: Filter com.android.server.telecom.callfiltering.DirectToVoicemailFilter@bbbbf93 scheduled.: (...->CS.crCo->H.CS.crCo->H.CS.crCo.pICR)->CSW.hCCC->ICFG.sF->ICFG.sF(cab/cast)@E-E-ADM
09-07 14:28:07.064  1033 12825 I Telecom : IncomingCallFilterGraph: Filter com.android.server.telecom.callfiltering.BlockCheckerFilter@2018bd0 scheduled.: (...->CS.crCo->H.CS.crCo->H.CS.crCo.pICR)->CSW.hCCC->ICFG.sF->ICFG.sF(cab/cast)@E-E-ADM
09-07 14:28:07.064  2584  2584 I TelecomFramework: HfpClientConnectionService: notifyCreateConnectionComplete TC@1_1: (...->CSW.hCCC)->CS.crCoC->H.CS.crCoC(cab/cast)@E-E-E-ADM
09-07 14:28:07.065  2584  2584 D HfpClientConnService: onCreateConnectionComplete : HfpClientConnection{tel:02123064500,RINGING,BluetoothHeadsetClientCall{mDevice: -561146153, mId: 1, mUUID: 8523308e-40d7-495d-9425-3dc04832e473, mState: INCOMING, mNumber: 723873847, mMultiParty: false, mOutgoing: false, mInBandRing: false}}
09-07 14:28:07.065  2584  2584 D HfpClientConnService: Finding block for device A8:9C:ED:AC:1F:73 blocks {A8:9C:ED:AC:1F:73=com.android.bluetooth.hfpclient.connserv.HfpClientDeviceBlock@84a2f3c}
09-07 14:28:07.065  1033 12825 I Telecom : Event: RecordEntry TC@1: DIRECT_TO_VM_INITIATED, null: (...->CS.crCo->H.CS.crCo->H.CS.crCo.pICR)->CSW.hCCC->ICFG.sF->ICFG.sF->ICFG.sF(cab/cast)@E-E-ADM
09-07 14:28:07.066  1033 12825 I Telecom : CallerInfoLookupHelper: There is a previously incomplete query for handle tel:*********00. Adding to listeners for this query.: (...->CS.crCo->H.CS.crCo->H.CS.crCo.pICR)->CSW.hCCC->ICFG.sF->ICFG.sF->ICFG.sF(cab/cast)@E-E-ADM
09-07 14:28:07.068  1033 12825 I Telecom : Event: RecordEntry TC@1: BLOCK_CHECK_INITIATED, null: (...->CS.crCo->H.CS.crCo->H.CS.crCo.pICR)->CSW.hCCC->ICFG.sF->ICFG.sF->ICFG.sF(cab/cast)@E-E-ADM
09-07 14:28:07.072  1033 12825 I Telecom : CallerInfoLookupHelper: There is a previously incomplete query for handle tel:*********00. Adding to listeners for this query.: (...->CS.crCo->H.CS.crCo->H.CS.crCo.pICR)->CSW.hCCC->ICFG.sF->ICFG.sF->ICFG.sF(cab/cast)@E-E-ADM
09-07 14:28:07.073   512 12206 D HarmanHAL: StreamIn::getCapturePositionImpl
09-07 14:28:07.114  1033  1033 I Telecom : CallerInfoLookupHelper: CI query for handle tel:*********00 has completed; notifying all listeners.: (...->CS.crCo->H.CS.crCo->H.CS.crCo.pICR)->CSW.hCCC->CILH.sL->CILH.oQC(cab/cast)@E-E-ADM
09-07 14:28:07.114  1033  1033 I Telecom : Call: CallerInfo received for tel:*********00: android.telecom.CallerInfo@bb3ae24 { name null, phoneNumber non-null }: (...->CS.crCo->H.CS.crCo->H.CS.crCo.pICR)->CSW.hCCC->CILH.sL->CILH.oQC(cab/cast)@E-E-ADM
09-07 14:28:07.115  1033 12825 I Telecom : IncomingCallFilterGraph: Filter com.android.server.telecom.callfiltering.DirectToVoicemailFilter@bbbbf93 done, result: [Allow, logged, notified].: (...->CS.crCo->H.CS.crCo->H.CS.crCo.pICR)->CSW.hCCC->CILH.sL->CILH.oQC->ICFG.sF(cab/cast)@E-E-ADM
09-07 14:28:07.116  1033  1033 I Telecom : Event: RecordEntry TC@1: DIRECT_TO_VM_FINISHED, null: (...->CS.crCo->H.CS.crCo->H.CS.crCo.pICR)->CSW.hCCC->CILH.sL->CILH.oQC(cab/cast)@E-E-ADM
09-07 14:28:07.120  1033  1033 I Telecom : CallerInfoLookupHelper: There is no photo for this contact, skipping photo query: (...->CS.crCo->H.CS.crCo->H.CS.crCo.pICR)->CSW.hCCC->CILH.sL->CILH.oQC(cab/cast)@E-E-ADM
09-07 14:28:07.120  1033 12826 E ActivityThread: Failed to find provider info for com.android.blockednumber
09-07 14:28:07.121  1033 12826 W Telecom : null: shouldSystemBlockNumber: provider not ready.: (...->CS.crCo->H.CS.crCo->H.CS.crCo.pICR)->CSW.hCCC->CILH.sL->CILH.oQC->BCF.gBS(cab/cast)@E-E-ADM
09-07 14:28:07.122  1033 12826 I Telecom : Event: RecordEntry TC@1: BLOCK_CHECK_FINISHED, not blocked [Allow, logged, notified]: (...->CS.crCo->H.CS.crCo->H.CS.crCo.pICR)->CSW.hCCC->CILH.sL->CILH.oQC->BCF.gBS->BCF.gBS(cab/cast)@E-E-ADM
09-07 14:28:07.122  1033 12825 I Telecom : IncomingCallFilterGraph: Filter com.android.server.telecom.callfiltering.BlockCheckerFilter@2018bd0 done, result: [Allow, logged, notified].: (...->CS.crCo->H.CS.crCo->H.CS.crCo.pICR)->CSW.hCCC->CILH.sL->CILH.oQC->BCF.gBS->BCF.gBS->ICFG.sF(cab/cast)@E-E-ADM
09-07 14:28:07.123  1033 12825 I Telecom : IncomingCallFilterGraph: Filter com.android.server.telecom.callfiltering.CallScreeningServiceFilter@2182b42: null scheduled.: (...->CS.crCo->H.CS.crCo->H.CS.crCo.pICR)->CSW.hCCC->CILH.sL->CILH.oQC->BCF.gBS->BCF.gBS->ICFG.sF(cab/cast)@E-E-ADM
09-07 14:28:07.123  1033 12825 I Telecom : IncomingCallFilterGraph: Filter com.android.server.telecom.callfiltering.CallScreeningServiceFilter@2182b42: null done, result: [Allow, logged, notified].: (...->CS.crCo->H.CS.crCo->H.CS.crCo.pICR)->CSW.hCCC->CILH.sL->CILH.oQC->BCF.gBS->BCF.gBS->ICFG.sF->ICFG.sF->ICFG.sF(cab/cast)@E-E-ADM
09-07 14:28:07.124  1033 12825 I Telecom : IncomingCallFilterGraph: Filter com.android.server.telecom.callfiltering.CallScreeningServiceFilter@884b753: com.samsung.android.automotive.phone scheduled.: (...->CS.crCo->H.CS.crCo->H.CS.crCo.pICR)->CSW.hCCC->CILH.sL->CILH.oQC->BCF.gBS->BCF.gBS->ICFG.sF->ICFG.sF->ICFG.sF(cab/cast)@E-E-ADM
09-07 14:28:07.125  1033 12825 I Telecom : CallScreeningServiceHelper: com.samsung.android.automotive.phone has no call screening service defined.: (...->CS.crCo->H.CS.crCo->H.CS.crCo.pICR)->CSW.hCCC->CILH.sL->CILH.oQC->BCF.gBS->BCF.gBS->ICFG.sF->ICFG.sF->ICFG.sF->ICFG.sF(cab/cast)@E-E-ADM
09-07 14:28:07.125  1033 12825 I Telecom : CallScreeningServiceFilter: Call screening service binding failed.: (...->CS.crCo->H.CS.crCo->H.CS.crCo.pICR)->CSW.hCCC->CILH.sL->CILH.oQC->BCF.gBS->BCF.gBS->ICFG.sF->ICFG.sF->ICFG.sF->ICFG.sF(cab/cast)@E-E-ADM
09-07 14:28:07.126  1033 12825 I Telecom : IncomingCallFilterGraph: Filter com.android.server.telecom.callfiltering.CallScreeningServiceFilter@884b753: com.samsung.android.automotive.phone done, result: [Allow, logged, notified].: (...->CS.crCo->H.CS.crCo->H.CS.crCo.pICR)->CSW.hCCC->CILH.sL->CILH.oQC->BCF.gBS->BCF.gBS->ICFG.sF->ICFG.sF->ICFG.sF->ICFG.sF->ICFG.sF(cab/cast)@E-E-ADM
09-07 14:28:07.126  1033 12825 I Telecom : IncomingCallFilterGraph: Filter com.android.server.telecom.callfiltering.CallFilter@d8f8890 scheduled.: (...->CS.crCo->H.CS.crCo->H.CS.crCo.pICR)->CSW.hCCC->CILH.sL->CILH.oQC->BCF.gBS->BCF.gBS->ICFG.sF->ICFG.sF->ICFG.sF->ICFG.sF->ICFG.sF(cab/cast)@E-E-ADM
09-07 14:28:07.126  1033 12825 I Telecom : IncomingCallFilterGraph: Filter com.android.server.telecom.callfiltering.CallFilter@d8f8890 done, result: [Allow, logged, notified].: (...->CS.crCo->H.CS.crCo->H.CS.crCo.pICR)->CSW.hCCC->CILH.sL->CILH.oQC->BCF.gBS->BCF.gBS->ICFG.sF->ICFG.sF->ICFG.sF->ICFG.sF->ICFG.sF->ICFG.sF->ICFG.sF(cab/cast)@E-E-ADM
09-07 14:28:07.127  1033 12825 I Telecom : CallsManager: setCallState NEW -> RINGING, call: [Call id=TC@1, state=NEW, tpac=ComponentInfo{com.android.bluetooth/com.android.bluetooth.hfpclient.connserv.HfpClientConnectionService}, ***, UserHandle{10}, cmgr=ComponentInfo{com.android.bluetooth/com.android.bluetooth.hfpclient.connserv.HfpClientConnectionService}, ***, UserHandle{10}, handle=tel:*********00, vidst=A, childs(0), has_parent(false), cap=[ sup_hld mut], prop=[]]: (...->CS.crCo->H.CS.crCo->H.CS.crCo.pICR)->CSW.hCCC->CILH.sL->CILH.oQC->BCF.gBS->BCF.gBS->ICFG.sF->ICFG.sF->ICFG.sF->ICFG.sF->ICFG.sF->ICFG.sF->ICFG.sF(cab/cast)@E-E-ADM
09-07 14:28:07.130  1033 12825 I Telecom : Event: RecordEntry TC@1: SET_RINGING, successful incoming call: (...->CS.crCo->H.CS.crCo->H.CS.crCo.pICR)->CSW.hCCC->CILH.sL->CILH.oQC->BCF.gBS->BCF.gBS->ICFG.sF->ICFG.sF->ICFG.sF->ICFG.sF->ICFG.sF->ICFG.sF->ICFG.sF(cab/cast)@E-E-ADM
09-07 14:28:07.134  1033 12825 I Telecom : InCallController: onCallAdded: [Call id=TC@1, state=RINGING, tpac=ComponentInfo{com.android.bluetooth/com.android.bluetooth.hfpclient.connserv.HfpClientConnectionService}, ***, UserHandle{10}, cmgr=ComponentInfo{com.android.bluetooth/com.android.bluetooth.hfpclient.connserv.HfpClientConnectionService}, ***, UserHandle{10}, handle=tel:*********00, vidst=A, childs(0), has_parent(false), cap=[ sup_hld mut], prop=[]]; not bound or connected.: (...->CS.crCo->H.CS.crCo->H.CS.crCo.pICR)->CSW.hCCC->CILH.sL->CILH.oQC->BCF.gBS->BCF.gBS->ICFG.sF->ICFG.sF->ICFG.sF->ICFG.sF->ICFG.sF->ICFG.sF->ICFG.sF(cab/cast)@E-E-ADM
09-07 14:28:07.136  1033 12825 I Telecom : InCallController: defaultDialer: [ComponentInfo{com.samsung.android.automotive.phone/com.samsung.android.automotive.phone.service.PhoneInCallService} supportsExternal? false supportsSelfMg?false]: (...->CS.crCo->H.CS.crCo->H.CS.crCo.pICR)->CSW.hCCC->CILH.sL->CILH.oQC->BCF.gBS->BCF.gBS->ICFG.sF->ICFG.sF->ICFG.sF->ICFG.sF->ICFG.sF->ICFG.sF->ICFG.sF(cab/cast)@E-E-ADM
09-07 14:28:07.136  1033 12825 I Telecom : InCallController: defaultDialer: com.android.server.telecom.InCallController$InCallServiceBindingConnection@1193589: (...->CS.crCo->H.CS.crCo->H.CS.crCo.pICR)->CSW.hCCC->CILH.sL->CILH.oQC->BCF.gBS->BCF.gBS->ICFG.sF->ICFG.sF->ICFG.sF->ICFG.sF->ICFG.sF->ICFG.sF->ICFG.sF(cab/cast)@E-E-ADM
09-07 14:28:07.138  1033 12825 E Telecom : InCallController: Package Manager could not find ComponentName: ComponentInfo{com.android.car.dialer/com.android.car.dialer.telecom.InCallServiceImpl}. Trying to bind anyway.: (...->CS.crCo->H.CS.crCo->H.CS.crCo.pICR)->CSW.hCCC->CILH.sL->CILH.oQC->BCF.gBS->BCF.gBS->ICFG.sF->ICFG.sF->ICFG.sF->ICFG.sF->ICFG.sF->ICFG.sF->ICFG.sF(cab/cast)@E-E-ADM
09-07 14:28:07.138  1033 12825 E Telecom : java.lang.Exception
09-07 14:28:07.138  1033 12825 E Telecom : 	at com.android.server.telecom.InCallController.getInCallServiceComponent(InCallController.java:1416)
09-07 14:28:07.138  1033 12825 E Telecom : 	at com.android.server.telecom.InCallController.bindToServices(InCallController.java:1320)
09-07 14:28:07.138  1033 12825 E Telecom : 	at com.android.server.telecom.InCallController.onCallAdded(InCallController.java:930)
09-07 14:28:07.138  1033 12825 E Telecom : 	at com.android.server.telecom.CallsManager.addCall(CallsManager.java:3638)
09-07 14:28:07.138  1033 12825 E Telecom : 	at com.android.server.telecom.CallsManager.onCallFilteringComplete(CallsManager.java:822)
09-07 14:28:07.138  1033 12825 E Telecom : 	at com.android.server.telecom.-$$Lambda$DHwVK2az6CP63VasdNK7jjDf66o.onCallFilteringComplete(Unknown Source:2)
09-07 14:28:07.138  1033 12825 E Telecom : 	at com.android.server.telecom.callfiltering.IncomingCallFilterGraph$PostFilterTask.whenDone(IncomingCallFilterGraph.java:76)
09-07 14:28:07.138  1033 12825 E Telecom : 	at com.android.server.telecom.callfiltering.-$$Lambda$cpuCQsNIaqLuhb9nbB5TPWVVRDQ.apply(Unknown Source:4)
09-07 14:28:07.138  1033 12825 E Telecom : 	at java.util.concurrent.CompletableFuture.uniApply(CompletableFuture.java:612)
09-07 14:28:07.138  1033 12825 E Telecom : 	at java.util.concurrent.CompletableFuture$UniApply.tryFire(CompletableFuture.java:587)
09-07 14:28:07.138  1033 12825 E Telecom : 	at java.util.concurrent.CompletableFuture$Completion.run(CompletableFuture.java:452)
09-07 14:28:07.138  1033 12825 E Telecom : 	at com.android.server.telecom.LoggedHandlerExecutor$1.loggedRun(LoggedHandlerExecutor.java:41)
09-07 14:28:07.138  1033 12825 E Telecom : 	at android.telecom.Logging.Runnable$1.run(Runnable.java:37)
09-07 14:28:07.138  1033 12825 E Telecom : 	at android.os.Handler.handleCallback(Handler.java:938)
09-07 14:28:07.138  1033 12825 E Telecom : 	at android.os.Handler.dispatchMessage(Handler.java:99)
09-07 14:28:07.138  1033 12825 E Telecom : 	at android.os.Looper.loop(Looper.java:223)
09-07 14:28:07.138  1033 12825 E Telecom : 	at android.os.HandlerThread.run(HandlerThread.java:67)
09-07 14:28:07.139  1033 12825 I Telecom : CarSwappingInCallServiceConnection: chooseInitialInCallService: false => false: (...->CS.crCo->H.CS.crCo->H.CS.crCo.pICR)->CSW.hCCC->CILH.sL->CILH.oQC->BCF.gBS->BCF.gBS->ICFG.sF->ICFG.sF->ICFG.sF->ICFG.sF->ICFG.sF->ICFG.sF->ICFG.sF(cab/cast)@E-E-ADM
09-07 14:28:07.139  1033 12825 I Telecom : InCallServiceBindingConnection: Attempting to bind to InCall [ComponentInfo{com.samsung.android.automotive.phone/com.samsung.android.automotive.phone.service.PhoneInCallService} supportsExternal? false supportsSelfMg?false], with Intent { act=android.telecom.InCallService cmp=com.samsung.android.automotive.phone/.service.PhoneInCallService }: (...->CS.crCo->H.CS.crCo->H.CS.crCo.pICR)->CSW.hCCC->CILH.sL->CILH.oQC->BCF.gBS->BCF.gBS->ICFG.sF->ICFG.sF->ICFG.sF->ICFG.sF->ICFG.sF->ICFG.sF->ICFG.sF(cab/cast)@E-E-ADM
09-07 14:28:07.142  1033 12825 I Telecom : InCallServiceBindingConnection: mCall: [Call id=TC@1, state=RINGING, tpac=ComponentInfo{com.android.bluetooth/com.android.bluetooth.hfpclient.connserv.HfpClientConnectionService}, ***, UserHandle{10}, cmgr=ComponentInfo{com.android.bluetooth/com.android.bluetooth.hfpclient.connserv.HfpClientConnectionService}, ***, UserHandle{10}, handle=tel:*********00, vidst=A, childs(0), has_parent(false), cap=[ sup_hld mut], prop=[]], mIsConnected: true: (...->CS.crCo->H.CS.crCo->H.CS.crCo.pICR)->CSW.hCCC->CILH.sL->CILH.oQC->BCF.gBS->BCF.gBS->ICFG.sF->ICFG.sF->ICFG.sF->ICFG.sF->ICFG.sF->ICFG.sF->ICFG.sF(cab/cast)@E-E-ADM
09-07 14:28:07.142  1033 12825 I Telecom : InCallServiceBindingConnection: Attempting to bind to InCall [ComponentInfo{com.harman.connectivity.carplay.app/com.harman.connectivity.carplay.telephony.CpInCallService} supportsExternal? true supportsSelfMg?false], with Intent { act=android.telecom.InCallService cmp=com.harman.connectivity.carplay.app/com.harman.connectivity.carplay.telephony.CpInCallService }: (...->CS.crCo->H.CS.crCo->H.CS.crCo.pICR)->CSW.hCCC->CILH.sL->CILH.oQC->BCF.gBS->BCF.gBS->ICFG.sF->ICFG.sF->ICFG.sF->ICFG.sF->ICFG.sF->ICFG.sF->ICFG.sF(cab/cast)@E-E-ADM
09-07 14:28:07.144  1033 12825 I Telecom : InCallServiceBindingConnection: mCall: [Call id=TC@1, state=RINGING, tpac=ComponentInfo{com.android.bluetooth/com.android.bluetooth.hfpclient.connserv.HfpClientConnectionService}, ***, UserHandle{10}, cmgr=ComponentInfo{com.android.bluetooth/com.android.bluetooth.hfpclient.connserv.HfpClientConnectionService}, ***, UserHandle{10}, handle=tel:*********00, vidst=A, childs(0), has_parent(false), cap=[ sup_hld mut], prop=[]], mIsConnected: true: (...->CS.crCo->H.CS.crCo->H.CS.crCo.pICR)->CSW.hCCC->CILH.sL->CILH.oQC->BCF.gBS->BCF.gBS->ICFG.sF->ICFG.sF->ICFG.sF->ICFG.sF->ICFG.sF->ICFG.sF->ICFG.sF(cab/cast)@E-E-ADM
09-07 14:28:07.103   512 12206 I chatty  : uid=1041(audioserver) reader identical 1 line
09-07 14:28:07.143   512 12206 D HarmanHAL: StreamIn::getCapturePositionImpl
09-07 14:28:07.145  4787  4787 I CarPhoneTAI.PhoneInCallService: onCreate
09-07 14:28:07.159 12011 12298 D CAR.PROJECTION: Notify projection status change, state: 0, pkg: null, listeners: 1, listenerToNotify: android.car.ICarProjectionStatusListener$Stub$Proxy@1df7bb9
09-07 14:28:07.159  1033 12825 I Telecom : IncomingCallNotifier: updateIncomingCall: foundIncomingcall = null: (...->CS.crCo->H.CS.crCo->H.CS.crCo.pICR)->CSW.hCCC->CILH.sL->CILH.oQC->BCF.gBS->BCF.gBS->ICFG.sF->ICFG.sF->ICFG.sF->ICFG.sF->ICFG.sF->ICFG.sF->ICFG.sF(cab/cast)@E-E-ADM
09-07 14:28:07.160  4787  4787 I CarPhoneTAI.PhoneInCallService: onBind: Intent { act=android.telecom.InCallService cmp=com.samsung.android.automotive.phone/.service.PhoneInCallService }
09-07 14:28:07.160  1033  2772 I Telecom : CallAudioRouteStateMachine: Message received: UPDATE_SYSTEM_AUDIO_ROUTE=1201, arg1=0: (...->CS.crCo->H.CS.crCo->H.CS.crCo.pICR)->CSW.hCCC->CILH.sL->CILH.oQC->BCF.gBS->BCF.gBS->ICFG.sF->ICFG.sF->ICFG.sF->ICFG.sF->ICFG.sF->ICFG.sF->ICFG.sF->CARSM.pM_UPDATE_SYSTEM_AUDIO_ROUTE(cab/cast)@E-E-ADM
09-07 14:28:07.161  1033  2772 I Telecom : QuiescentSpeakerRoute: Processing message UPDATE_SYSTEM_AUDIO_ROUTE: (...->CS.crCo->H.CS.crCo->H.CS.crCo.pICR)->CSW.hCCC->CILH.sL->CILH.oQC->BCF.gBS->BCF.gBS->ICFG.sF->ICFG.sF->ICFG.sF->ICFG.sF->ICFG.sF->ICFG.sF->ICFG.sF->CARSM.pM_UPDATE_SYSTEM_AUDIO_ROUTE(cab/cast)@E-E-ADM
09-07 14:28:07.161  1033  2772 I Telecom : BluetoothRouteManager: getBluetoothAudioConnectedDevice: no service available.: (...->CS.crCo->H.CS.crCo->H.CS.crCo.pICR)->CSW.hCCC->CILH.sL->CILH.oQC->BCF.gBS->BCF.gBS->ICFG.sF->ICFG.sF->ICFG.sF->ICFG.sF->ICFG.sF->ICFG.sF->ICFG.sF->CARSM.pM_UPDATE_SYSTEM_AUDIO_ROUTE(cab/cast)@E-E-ADM
09-07 14:28:07.162  4787  4787 I CarPhoneTAI.PhoneInCallService: onProjectionStatusChanged state = 0 packageName = null
09-07 14:28:07.162  4787  4787 I CarPhoneTAI.PhoneInCallService: Current calls = 0
09-07 14:28:07.163  1033 12825 I Telecom : TelecomWakeLock: Acquiring WakeLock with id: 26: (...->CS.crCo->H.CS.crCo->H.CS.crCo.pICR)->CSW.hCCC->CILH.sL->CILH.oQC->BCF.gBS->BCF.gBS->ICFG.sF->ICFG.sF->ICFG.sF->ICFG.sF->ICFG.sF->ICFG.sF->ICFG.sF(cab/cast)@E-E-ADM
09-07 14:28:07.163  1033 12825 I Telecom : InCallWakeLockController: Acquiring full wake lock: (...->CS.crCo->H.CS.crCo->H.CS.crCo.pICR)->CSW.hCCC->CILH.sL->CILH.oQC->BCF.gBS->BCF.gBS->ICFG.sF->ICFG.sF->ICFG.sF->ICFG.sF->ICFG.sF->ICFG.sF->ICFG.sF(cab/cast)@E-E-ADM
09-07 14:28:07.163  1033  2776 I Telecom : CallAudioModeStateMachine: Message received: NEW_RINGING_CALL.: (...->CS.crCo->H.CS.crCo->H.CS.crCo.pICR)->CSW.hCCC->CILH.sL->CILH.oQC->BCF.gBS->BCF.gBS->ICFG.sF->ICFG.sF->ICFG.sF->ICFG.sF->ICFG.sF->ICFG.sF->ICFG.sF->CAMSM.pM_2002(cab/cast)@E-E-ADM
09-07 14:28:07.163  1033  2776 I Telecom : CallAudioModeStateMachine: Audio focus entering RINGING state: (...->CS.crCo->H.CS.crCo->H.CS.crCo.pICR)->CSW.hCCC->CILH.sL->CILH.oQC->BCF.gBS->BCF.gBS->ICFG.sF->ICFG.sF->ICFG.sF->ICFG.sF->ICFG.sF->ICFG.sF->ICFG.sF->CAMSM.pM_2002(cab/cast)@E-E-ADM
09-07 14:28:07.166  1033  1100 V DisplayPowerController: Brightness [0.39763778] reason changing to: 'manual', previous reason: 'manual [ dim ]'.
09-07 14:28:07.167   576   576 D AudioFlinger: Client defaulted notificationFrames to 512 for frameCount 960
09-07 14:28:07.169   576   576 D AF::TrackHandle: OpPlayAudio: track:65 usage:3 not muted
09-07 14:28:07.172  1033 12829 I AudioTrack: createTrack_l(0): AUDIO_OUTPUT_FLAG_FAST successful; frameCount 960 -> 960
09-07 14:28:07.173   512 12206 D HarmanHAL: StreamIn::getCapturePositionImpl
09-07 14:28:07.175  1892  1892 I QCC:ActiveCareService: IPTH_EVENT_CALL_STATE_CHANGE
09-07 14:28:07.175  3596  3596 I DiscreteDataServiceManager:  handlePhoneCallStates state : 1
09-07 14:28:07.175  1892  1892 I QCC:ActiveCareService: IPTH_EVENT_CALL_OFF_HOOK
09-07 14:28:07.177  3942  3942 I QCC:ActiveCareService: IPTH_EVENT_CALL_STATE_CHANGE
09-07 14:28:07.177  3942  3942 I QCC:ActiveCareService: IPTH_EVENT_CALL_OFF_HOOK
09-07 14:28:07.177  3596  3596 I DiscreteData: getDoorPos is called
09-07 14:28:07.178  1033 12825 I Telecom : PhoneStateBroadcaster: Broadcasted state change: 1: (...->CS.crCo->H.CS.crCo->H.CS.crCo.pICR)->CSW.hCCC->CILH.sL->CILH.oQC->BCF.gBS->BCF.gBS->ICFG.sF->ICFG.sF->ICFG.sF->ICFG.sF->ICFG.sF->ICFG.sF->ICFG.sF(cab/cast)@E-E-ADM
09-07 14:28:07.178  1033 12825 I Telecom : Event: RecordEntry TC@1: FILTERING_COMPLETED, [Allow, logged, notified]: (...->CS.crCo->H.CS.crCo->H.CS.crCo.pICR)->CSW.hCCC->CILH.sL->CILH.oQC->BCF.gBS->BCF.gBS->ICFG.sF->ICFG.sF->ICFG.sF->ICFG.sF->ICFG.sF->ICFG.sF->ICFG.sF(cab/cast)@E-E-ADM
09-07 14:28:07.179  1033  2772 I Telecom : CallAudioRouteStateMachine: setSystemAudioState: changing from [AudioState isMuted: false, route: SPEAKER, supportedRouteMask: SPEAKER, activeBluetoothDevice: [null], supportedBluetoothDevices: []] to [AudioState isMuted: false, route: SPEAKER, supportedRouteMask: SPEAKER, activeBluetoothDevice: [null], supportedBluetoothDevices: []]: (...->CS.crCo->H.CS.crCo->H.CS.crCo.pICR)->CSW.hCCC->CILH.sL->CILH.oQC->BCF.gBS->BCF.gBS->ICFG.sF->ICFG.sF->ICFG.sF->ICFG.sF->ICFG.sF->ICFG.sF->ICFG.sF->CARSM.pM_UPDATE_SYSTEM_AUDIO_ROUTE(cab/cast)@E-E-ADM
09-07 14:28:07.179   538   538 E automotive.vehicle@2.0-impl: Failed to get value: config not found, property: 0x16400b00
09-07 14:28:07.181  1033  1033 I Telecom : InCallController: onConnected to ComponentInfo{com.harman.connectivity.carplay.app/com.harman.connectivity.carplay.telephony.CpInCallService}: ICSBC.oSC(chcca)@ADU
09-07 14:28:07.181  2122  2122 D SecUISvc.CallReceiver: Ringing
09-07 14:28:07.181  4113  4113 D SecUISvc.CallReceiver: Ringing
09-07 14:28:07.182  3596  3596 E DiscreteData:  StatusCode is 2
09-07 14:28:07.182  2122  2122 E SUI_svcsock: svc_sock_send_message(suisvc): invalid remote socket suitch
09-07 14:28:07.182  4113  4113 E SUI_svcsock: svc_sock_send_message(suisvc): invalid remote socket suitch
09-07 14:28:07.182  2122  2122 E SUI_svcsock: svc_sock_send_message(suisvc): invalid remote socket suilst
09-07 14:28:07.182  4113  4113 E SUI_svcsock: svc_sock_send_message(suisvc): invalid remote socket suilst
09-07 14:28:07.182  2584  2584 I TelecomFramework: HfpClientConnectionService: onAudioStateChanged TC@1_1 [AudioState isMuted: false, route: SPEAKER, supportedRouteMask: SPEAKER, activeBluetoothDevice: [null], supportedBluetoothDevices: []]: (...->CSW.hCCC->CILH.sL->CILH.oQC->BCF.gBS->BCF.gBS->ICFG.sF->ICFG.sF->ICFG.sF->ICFG.sF->ICFG.sF->ICFG.sF->ICFG.sF->CARSM.pM_UPDATE_SYSTEM_AUDIO_ROUTE)->CS.cASC->H.CS.cASC(cab/cast/cast)@E-E-E-ADM
09-07 14:28:07.182  3596  3596 I DiscreteDataServiceManager:  PhoneStateChangeListener DOOR_OPEN Status : false
09-07 14:28:07.183  1033  1033 I Telecom : InCallController: Adding 1 calls to InCallService after onConnected: ComponentInfo{com.harman.connectivity.carplay.app/com.harman.connectivity.carplay.telephony.CpInCallService}, including external calls: ICSBC.oSC(chcca)@ADU
09-07 14:28:07.185  1723  1723 D BluetoothHeadsetClient: getCurrentCalls()
09-07 14:28:07.186  1033  1033 I Telecom : InCallController: 1 calls sent to InCallService.: ICSBC.oSC(chcca)@ADU
09-07 14:28:07.188  2122  2122 D SecUISvc.CallReceiver: Ringing
09-07 14:28:07.188  2122  2122 E SUI_svcsock: svc_sock_send_message(suisvc): invalid remote socket suitch
09-07 14:28:07.188  2122  2122 E SUI_svcsock: svc_sock_send_message(suisvc): invalid remote socket suilst
09-07 14:28:07.188  4113  4113 D SecUISvc.CallReceiver: Ringing
09-07 14:28:07.189  1723  1723 I CarPlay : 2021-09-07 02:28:07.189140 PM [CarPlay][DomainCore] cpHMIClient::startAudioDND, BorrowID: phoneCall, Priority: 1
09-07 14:28:07.189  4113  4113 E SUI_svcsock: svc_sock_send_message(suisvc): invalid remote socket suitch
09-07 14:28:07.189  1723  1723 I CarPlay : 2021-09-07 02:28:07.189461 PM [CarPlay][DomainCore] cpAMClient::startAudioDND, BorrowID: phoneCall, Priority: 2
09-07 14:28:07.189  4113  4113 E SUI_svcsock: svc_sock_send_message(suisvc): invalid remote socket suilst
09-07 14:28:07.189  1723  1723 I CarPlay : 2021-09-07 02:28:07.189964 PM [CarPlay][DomainCore] cpBTClient::appPhoneStateNotification, Phone: Yes, BTAddr: A8:9C:ED:AC:1F:73, SpeechMode: 1
09-07 14:28:07.190  1723  1948 I CarPlay : 2021-09-07 02:28:07.190311 PM [CarPlay][ResMgr] Updating init App State: Phone: YES, Navi: NO, Speech :None
09-07 14:28:07.191  1723  1723 D BluetoothHeadsetClient: getCurrentCalls()
09-07 14:28:07.194  1723  1723 I CarPlay : CpInCallService onCallAdded: Call [id: TC@1, state: RINGING, details: [id: TC@1, pa: ComponentInfo{com.android.bluetooth/com.android.bluetooth.hfpclient.connserv.HfpClientConnectionService}, ***, UserHandle{10}, hdl: tel:*********00, hdlPres: 1, videoState: Audio Only, caps: [Capabilities: CAPABILITY_SUPPORT_HOLD CAPABILITY_MUTE], props: [Properties:]]]
09-07 14:28:07.198  2122  2122 D SecUISvc.CallReceiver: Ringing
09-07 14:28:07.198   530   602 E NetlinkEvent: NetlinkEvent::FindParam(): Parameter 'PRODUCT' not found
09-07 14:28:07.199   530   602 E NetlinkEvent: NetlinkEvent::FindParam(): Parameter 'DEVNAME' not found
09-07 14:28:07.199   530   602 E NetlinkEvent: NetlinkEvent::FindParam(): Parameter 'INTERFACE' not found
09-07 14:28:07.199  4113  4113 D SecUISvc.CallReceiver: Ringing
09-07 14:28:07.199  2122  2122 E SUI_svcsock: svc_sock_send_message(suisvc): invalid remote socket suitch
09-07 14:28:07.199   531   595 E NetlinkEvent: NetlinkEvent::FindParam(): Parameter 'dual_role_usb' not found
09-07 14:28:07.199   531   595 E NetlinkEvent: NetlinkEvent::FindParam(): Parameter 'OVER_CURRENT_PORT' not found
09-07 14:28:07.199  2122  2122 E SUI_svcsock: svc_sock_send_message(suisvc): invalid remote socket suilst
09-07 14:28:07.199   531   595 E NetlinkEvent: NetlinkEvent::FindParam(): Parameter 'UNRECOGNIZED_USB_DEVICE_ON_PORT' not found
09-07 14:28:07.199  4113  4113 E SUI_svcsock: svc_sock_send_message(suisvc): invalid remote socket suitch
09-07 14:28:07.199  4113  4113 E SUI_svcsock: svc_sock_send_message(suisvc): invalid remote socket suilst
09-07 14:28:07.202   530   602 E NetlinkEvent: NetlinkEvent::FindParam(): Parameter 'PRODUCT' not found
09-07 14:28:07.202  1723  1723 D BluetoothHeadsetClient: getCurrentCalls()
09-07 14:28:07.202   530   602 E NetlinkEvent: NetlinkEvent::FindParam(): Parameter 'DEVNAME' not found
09-07 14:28:07.202   530   602 E NetlinkEvent: NetlinkEvent::FindParam(): Parameter 'INTERFACE' not found
09-07 14:28:07.202   531   595 E NetlinkEvent: NetlinkEvent::FindParam(): Parameter 'dual_role_usb' not found
09-07 14:28:07.202   531   595 E NetlinkEvent: NetlinkEvent::FindParam(): Parameter 'OVER_CURRENT_PORT' not found
09-07 14:28:07.203   531   595 E NetlinkEvent: NetlinkEvent::FindParam(): Parameter 'UNRECOGNIZED_USB_DEVICE_ON_PORT' not found
09-07 14:28:07.203   512 12206 D HarmanHAL: StreamIn::getCapturePositionImpl
09-07 14:28:07.205  1033  2776 E Binder  : Outgoing transactions from this process must be FLAG_ONEWAY
09-07 14:28:07.205  1033  2776 E Binder  : java.lang.Throwable
09-07 14:28:07.205  1033  2776 E Binder  : 	at android.os.BinderProxy.transact(BinderProxy.java:507)
09-07 14:28:07.205  1033  2776 E Binder  : 	at android.content.ContentProviderProxy.openTypedAssetFile(ContentProviderNative.java:779)
09-07 14:28:07.205  1033  2776 E Binder  : 	at android.content.ContentResolver.openTypedAssetFileDescriptor(ContentResolver.java:1983)
09-07 14:28:07.205  1033  2776 E Binder  : 	at android.content.ContentResolver.openAssetFileDescriptor(ContentResolver.java:1798)
09-07 14:28:07.205  1033  2776 E Binder  : 	at android.content.ContentResolver.openAssetFileDescriptor(ContentResolver.java:1714)
09-07 14:28:07.205  1033  2776 E Binder  : 	at android.media.MediaPlayer.attemptDataSource(MediaPlayer.java:1105)
09-07 14:28:07.205  1033  2776 E Binder  : 	at android.media.MediaPlayer.setDataSource(MediaPlayer.java:1077)
09-07 14:28:07.205  1033  2776 E Binder  : 	at android.media.MediaPlayer.setDataSource(MediaPlayer.java:1005)
09-07 14:28:07.205  1033  2776 E Binder  : 	at android.media.Ringtone.setUri(Ringtone.java:332)
09-07 14:28:07.205  1033  2776 E Binder  : 	at android.media.RingtoneManager.getRingtone(RingtoneManager.java:735)
09-07 14:28:07.205  1033  2776 E Binder  : 	at android.media.RingtoneManager.getRingtone(RingtoneManager.java:694)
09-07 14:28:07.205  1033  2776 E Binder  : 	at com.android.server.telecom.RingtoneFactory.getRingtone(RingtoneFactory.java:94)
09-07 14:28:07.205  1033  2776 E Binder  : 	at com.android.server.telecom.RingtoneFactory.getRingtone(RingtoneFactory.java:107)
09-07 14:28:07.205  1033  2776 E Binder  : 	at com.android.server.telecom.Ringer.startRinging(Ringer.java:226)
09-07 14:28:07.205  1033  2776 E Binder  : 	at com.android.server.telecom.CallAudioManager.startRinging(CallAudioManager.java:459)
09-07 14:28:07.205  1033  2776 E Binder  : 	at com.android.server.telecom.CallAudioModeStateMachine$RingingFocusState.tryStartRinging(CallAudioModeStateMachine.java:367)
09-07 14:28:07.205  1033  2776 E Binder  : 	at com.android.server.telecom.CallAudioModeStateMachine$RingingFocusState.enter(CallAudioModeStateMachine.java:386)
09-07 14:28:07.205  1033  2776 E Binder  : 	at com.android.internal.util.StateMachine$SmHandler.invokeEnterMethods(StateMachine.java:1037)
09-07 14:28:07.205  1033  2776 E Binder  : 	at com.android.internal.util.StateMachine$SmHandler.performTransitions(StateMachine.java:879)
09-07 14:28:07.205  1033  2776 E Binder  : 	at com.android.internal.util.StateMachine$SmHandler.handleMessage(StateMachine.java:819)
09-07 14:28:07.205  1033  2776 E Binder  : 	at android.os.Handler.dispatchMessage(Handler.java:106)
09-07 14:28:07.205  1033  2776 E Binder  : 	at android.os.Looper.loop(Looper.java:223)
09-07 14:28:07.205  1033  2776 E Binder  : 	at android.os.HandlerThread.run(HandlerThread.java:67)
09-07 14:28:07.206  1033  1064 I DropBoxManagerService: add tag=system_server_wtf isTagEnabled=true flags=0x2
09-07 14:28:07.210  1033  2776 D CompatibilityChangeReporter: Compat change id reported: 149924527; UID 1000; state: ENABLED
09-07 14:28:07.213  1033  2776 D CompatibilityChangeReporter: Compat change id reported: 132649864; UID 1000; state: DISABLED
09-07 14:28:07.215   530   602 E NetlinkEvent: NetlinkEvent::FindParam(): Parameter 'PRODUCT' not found
09-07 14:28:07.216   530   602 E NetlinkEvent: NetlinkEvent::FindParam(): Parameter 'DEVNAME' not found
09-07 14:28:07.216   530   602 E NetlinkEvent: NetlinkEvent::FindParam(): Parameter 'INTERFACE' not found
09-07 14:28:07.216   531   595 E NetlinkEvent: NetlinkEvent::FindParam(): Parameter 'dual_role_usb' not found
09-07 14:28:07.216   531   595 E NetlinkEvent: NetlinkEvent::FindParam(): Parameter 'OVER_CURRENT_PORT' not found
09-07 14:28:07.216   531   595 E NetlinkEvent: NetlinkEvent::FindParam(): Parameter 'UNRECOGNIZED_USB_DEVICE_ON_PORT' not found
09-07 14:28:07.226  2901  2920 I MediaProvider: Using lower FS for /system/product/media/audio/ringtones/Ring_Synth_04.ogg
09-07 14:28:07.229   893   893 D NuPlayerDriver: NuPlayerDriver(0xebdc1cd0) created, clientPid(1033)
09-07 14:28:07.233   512 12206 D HarmanHAL: StreamIn::getCapturePositionImpl
09-07 14:28:07.240   530   602 E NetlinkEvent: NetlinkEvent::FindParam(): Parameter 'PRODUCT' not found
09-07 14:28:07.240   530   602 E NetlinkEvent: NetlinkEvent::FindParam(): Parameter 'DEVNAME' not found
09-07 14:28:07.240   530   602 E NetlinkEvent: NetlinkEvent::FindParam(): Parameter 'INTERFACE' not found
09-07 14:28:07.240   531   595 E NetlinkEvent: NetlinkEvent::FindParam(): Parameter 'dual_role_usb' not found
09-07 14:28:07.240   531   595 E NetlinkEvent: NetlinkEvent::FindParam(): Parameter 'OVER_CURRENT_PORT' not found
09-07 14:28:07.240   531   595 E NetlinkEvent: NetlinkEvent::FindParam(): Parameter 'UNRECOGNIZED_USB_DEVICE_ON_PORT' not found
09-07 14:28:07.252   893 12836 D GenericSource: FileSource remote
09-07 14:28:07.255   530   602 E NetlinkEvent: NetlinkEvent::FindParam(): Parameter 'PRODUCT' not found
09-07 14:28:07.255   530   602 E NetlinkEvent: NetlinkEvent::FindParam(): Parameter 'DEVNAME' not found
09-07 14:28:07.255   530   602 E NetlinkEvent: NetlinkEvent::FindParam(): Parameter 'INTERFACE' not found
09-07 14:28:07.255   531   595 E NetlinkEvent: NetlinkEvent::FindParam(): Parameter 'dual_role_usb' not found
09-07 14:28:07.255   531   595 E NetlinkEvent: NetlinkEvent::FindParam(): Parameter 'OVER_CURRENT_PORT' not found
09-07 14:28:07.255   531   595 E NetlinkEvent: NetlinkEvent::FindParam(): Parameter 'UNRECOGNIZED_USB_DEVICE_ON_PORT' not found
09-07 14:28:07.264   512 12206 D HarmanHAL: StreamIn::getCapturePositionImpl
09-07 14:28:07.270   530   602 E NetlinkEvent: NetlinkEvent::FindParam(): Parameter 'PRODUCT' not found
09-07 14:28:07.270   530   602 E NetlinkEvent: NetlinkEvent::FindParam(): Parameter 'DEVNAME' not found
09-07 14:28:07.270   530   602 E NetlinkEvent: NetlinkEvent::FindParam(): Parameter 'INTERFACE' not found
09-07 14:28:07.271   531   595 E NetlinkEvent: NetlinkEvent::FindParam(): Parameter 'dual_role_usb' not found
09-07 14:28:07.271   531   595 E NetlinkEvent: NetlinkEvent::FindParam(): Parameter 'OVER_CURRENT_PORT' not found
09-07 14:28:07.271   531   595 E NetlinkEvent: NetlinkEvent::FindParam(): Parameter 'UNRECOGNIZED_USB_DEVICE_ON_PORT' not found
09-07 14:28:07.272   890   890 E Utils   : did not find channel-count and/or sample-rate
09-07 14:28:07.273   890   890 E Utils   : did not find channel-count and/or sample-rate
09-07 14:28:07.280   512  3972 I HarmanHal.Routing: hacs alsa node(pcmMedia_p) adtm interval_min:0 ms, inverval_max:11 ms, inverval_mean:8 ms!
09-07 14:28:07.280   512  3972 I HarmanHal.Routing:  in printADTM() PcmAlsaWrapper.cpp:876
09-07 14:28:07.283  1033  2776 D Ringtone: Successfully created local player
09-07 14:28:07.283   893   893 D NuPlayerDriver: reset(0xebdc1cd0) at state 4
09-07 14:28:07.285   893 12832 D NuPlayerDriver: notifyResetComplete(0xebdc1cd0)
09-07 14:28:07.285   893   893 D NuPlayerDriver: reset(0xebdc1cd0) at state 0
09-07 14:28:07.287  1033  2776 V MediaPlayer: resetDrmState:  mDrmInfo=null mDrmProvisioningThread=null mPrepareDrmInProgress=false mActiveDrmScheme=false
09-07 14:28:07.287  1033  2776 V MediaPlayer: cleanDrmObj: mDrmObj=null mDrmSessionId=null
09-07 14:28:07.287  1033  2776 V MediaPlayer: resetDrmState:  mDrmInfo=null mDrmProvisioningThread=null mPrepareDrmInProgress=false mActiveDrmScheme=false
09-07 14:28:07.287  1033  2776 V MediaPlayer: cleanDrmObj: mDrmObj=null mDrmSessionId=null
09-07 14:28:07.289   530   602 E NetlinkEvent: NetlinkEvent::FindParam(): Parameter 'PRODUCT' not found
09-07 14:28:07.290   530   602 E NetlinkEvent: NetlinkEvent::FindParam(): Parameter 'DEVNAME' not found
09-07 14:28:07.290   530   602 E NetlinkEvent: NetlinkEvent::FindParam(): Parameter 'INTERFACE' not found
09-07 14:28:07.290   531   595 E NetlinkEvent: NetlinkEvent::FindParam(): Parameter 'dual_role_usb' not found
09-07 14:28:07.290   531   595 E NetlinkEvent: NetlinkEvent::FindParam(): Parameter 'OVER_CURRENT_PORT' not found
09-07 14:28:07.290   531   595 E NetlinkEvent: NetlinkEvent::FindParam(): Parameter 'UNRECOGNIZED_USB_DEVICE_ON_PORT' not found
09-07 14:28:07.297  2901  2920 I MediaProvider: Using lower FS for /system/product/media/audio/ringtones/Ring_Synth_04.ogg
09-07 14:28:07.298   893   893 D NuPlayerDriver: NuPlayerDriver(0xebdc0e70) created, clientPid(1033)
09-07 14:28:07.303   512 12206 D HarmanHAL: StreamIn::getCapturePositionImpl
09-07 14:28:07.307   530   602 E NetlinkEvent: NetlinkEvent::FindParam(): Parameter 'PRODUCT' not found
09-07 14:28:07.307   530   602 E NetlinkEvent: NetlinkEvent::FindParam(): Parameter 'DEVNAME' not found
09-07 14:28:07.307   530   602 E NetlinkEvent: NetlinkEvent::FindParam(): Parameter 'INTERFACE' not found
09-07 14:28:07.308   531   595 E NetlinkEvent: NetlinkEvent::FindParam(): Parameter 'dual_role_usb' not found
09-07 14:28:07.308   531   595 E NetlinkEvent: NetlinkEvent::FindParam(): Parameter 'OVER_CURRENT_PORT' not found
09-07 14:28:07.308   531   595 E NetlinkEvent: NetlinkEvent::FindParam(): Parameter 'UNRECOGNIZED_USB_DEVICE_ON_PORT' not found
09-07 14:28:07.311   893 12852 D GenericSource: FileSource remote
09-07 14:28:07.321   890  4858 E Utils   : did not find channel-count and/or sample-rate
09-07 14:28:07.321   530   602 E NetlinkEvent: NetlinkEvent::FindParam(): Parameter 'PRODUCT' not found
09-07 14:28:07.321   530   602 E NetlinkEvent: NetlinkEvent::FindParam(): Parameter 'DEVNAME' not found
09-07 14:28:07.321   530   602 E NetlinkEvent: NetlinkEvent::FindParam(): Parameter 'INTERFACE' not found
09-07 14:28:07.322   531   595 E NetlinkEvent: NetlinkEvent::FindParam(): Parameter 'dual_role_usb' not found
09-07 14:28:07.322   531   595 E NetlinkEvent: NetlinkEvent::FindParam(): Parameter 'OVER_CURRENT_PORT' not found
09-07 14:28:07.322   531   595 E NetlinkEvent: NetlinkEvent::FindParam(): Parameter 'UNRECOGNIZED_USB_DEVICE_ON_PORT' not found
09-07 14:28:07.322   890  4858 E Utils   : did not find channel-count and/or sample-rate
09-07 14:28:07.331  1033  2776 D Ringtone: Successfully created local player
09-07 14:28:07.333  1033  2776 I Telecom : Ringer: startRinging timings: isRingerAudible: 0, letDialerHandleRinging: 1, isVolumeOverZero: 2, hasExternalRinger: 0, isSilentRingRequested: 0, isSelfManaged: 0, getRingtone: 144, isTheaterModeOn: 0, shouldRingForContact: 0, : (...->CS.crCo->H.CS.crCo->H.CS.crCo.pICR)->CSW.hCCC->CILH.sL->CILH.oQC->BCF.gBS->BCF.gBS->ICFG.sF->ICFG.sF->ICFG.sF->ICFG.sF->ICFG.sF->ICFG.sF->ICFG.sF->CAMSM.pM_2002(cab/cast)@E-E-ADM
09-07 14:28:07.333   512 12206 D HarmanHAL: StreamIn::getCapturePositionImpl
09-07 14:28:07.335  1033  2776 I Telecom : Event: RecordEntry TC@1: SKIP_VIBRATION, hasVibrator=false, userRequestsVibrate=false, ringerMode=2, isVibrating=false: (...->CS.crCo->H.CS.crCo->H.CS.crCo.pICR)->CSW.hCCC->CILH.sL->CILH.oQC->BCF.gBS->BCF.gBS->ICFG.sF->ICFG.sF->ICFG.sF->ICFG.sF->ICFG.sF->ICFG.sF->ICFG.sF->CAMSM.pM_2002(cab/cast)@E-E-ADM
09-07 14:28:07.335  1033  2776 I Telecom : Event: RecordEntry TC@1: START_RINGER, null: (...->CS.crCo->H.CS.crCo->H.CS.crCo.pICR)->CSW.hCCC->CILH.sL->CILH.oQC->BCF.gBS->BCF.gBS->ICFG.sF->ICFG.sF->ICFG.sF->ICFG.sF->ICFG.sF->ICFG.sF->ICFG.sF->CAMSM.pM_2002(cab/cast)@E-E-ADM
09-07 14:28:07.337   530   602 E NetlinkEvent: NetlinkEvent::FindParam(): Parameter 'PRODUCT' not found
09-07 14:28:07.337   530   602 E NetlinkEvent: NetlinkEvent::FindParam(): Parameter 'DEVNAME' not found
09-07 14:28:07.337   530   602 E NetlinkEvent: NetlinkEvent::FindParam(): Parameter 'INTERFACE' not found
09-07 14:28:07.338   531   595 E NetlinkEvent: NetlinkEvent::FindParam(): Parameter 'dual_role_usb' not found
09-07 14:28:07.338   531   595 E NetlinkEvent: NetlinkEvent::FindParam(): Parameter 'OVER_CURRENT_PORT' not found
09-07 14:28:07.338   531   595 E NetlinkEvent: NetlinkEvent::FindParam(): Parameter 'UNRECOGNIZED_USB_DEVICE_ON_PORT' not found
09-07 14:28:07.338  1033 12857 I Telecom : AsyncRingtonePlayer: handlePlay: Play ringtone.: (...->CS.crCo->H.CS.crCo->H.CS.crCo.pICR)->CSW.hCCC->CILH.sL->CILH.oQC->BCF.gBS->BCF.gBS->ICFG.sF->ICFG.sF->ICFG.sF->ICFG.sF->ICFG.sF->ICFG.sF->ICFG.sF->CAMSM.pM_2002->ARP.hP(cab/cast)@E-E-ADM
09-07 14:28:07.353  2901  2920 I MediaProvider: Using lower FS for /system/product/media/audio/ringtones/Ring_Synth_04.ogg
09-07 14:28:07.354   893   893 D NuPlayerDriver: NuPlayerDriver(0xebdc10f0) created, clientPid(1033)
09-07 14:28:07.357   530   602 E NetlinkEvent: NetlinkEvent::FindParam(): Parameter 'PRODUCT' not found
09-07 14:28:07.357   530   602 E NetlinkEvent: NetlinkEvent::FindParam(): Parameter 'DEVNAME' not found
09-07 14:28:07.357   530   602 E NetlinkEvent: NetlinkEvent::FindParam(): Parameter 'INTERFACE' not found
09-07 14:28:07.358   531   595 E NetlinkEvent: NetlinkEvent::FindParam(): Parameter 'dual_role_usb' not found
09-07 14:28:07.358   531   595 E NetlinkEvent: NetlinkEvent::FindParam(): Parameter 'OVER_CURRENT_PORT' not found
09-07 14:28:07.358   531   595 E NetlinkEvent: NetlinkEvent::FindParam(): Parameter 'UNRECOGNIZED_USB_DEVICE_ON_PORT' not found
09-07 14:28:07.363  2901  3694 I MediaProvider: Using lower FS for /system/product/media/audio/ringtones/Ring_Synth_04.ogg
09-07 14:28:07.364   893  4885 D NuPlayerDriver: NuPlayerDriver(0xebdc0330) created, clientPid(1033)
09-07 14:28:07.365   512 12206 D HarmanHAL: StreamIn::getCapturePositionImpl
09-07 14:28:07.372   530   602 E NetlinkEvent: NetlinkEvent::FindParam(): Parameter 'PRODUCT' not found
09-07 14:28:07.372   530   602 E NetlinkEvent: NetlinkEvent::FindParam(): Parameter 'DEVNAME' not found
09-07 14:28:07.372   530   602 E NetlinkEvent: NetlinkEvent::FindParam(): Parameter 'INTERFACE' not found
09-07 14:28:07.372   531   595 E NetlinkEvent: NetlinkEvent::FindParam(): Parameter 'dual_role_usb' not found
09-07 14:28:07.372   531   595 E NetlinkEvent: NetlinkEvent::FindParam(): Parameter 'OVER_CURRENT_PORT' not found
09-07 14:28:07.372   531   595 E NetlinkEvent: NetlinkEvent::FindParam(): Parameter 'UNRECOGNIZED_USB_DEVICE_ON_PORT' not found
09-07 14:28:07.372   893 12868 D GenericSource: FileSource remote
09-07 14:28:07.382   893 12872 D GenericSource: FileSource remote
09-07 14:28:07.384   890  4858 E Utils   : did not find channel-count and/or sample-rate
09-07 14:28:07.387   530   602 E NetlinkEvent: NetlinkEvent::FindParam(): Parameter 'PRODUCT' not found
09-07 14:28:07.388   530   602 E NetlinkEvent: NetlinkEvent::FindParam(): Parameter 'DEVNAME' not found
09-07 14:28:07.388   530   602 E NetlinkEvent: NetlinkEvent::FindParam(): Parameter 'INTERFACE' not found
09-07 14:28:07.388   531   595 E NetlinkEvent: NetlinkEvent::FindParam(): Parameter 'dual_role_usb' not found
09-07 14:28:07.388   531   595 E NetlinkEvent: NetlinkEvent::FindParam(): Parameter 'OVER_CURRENT_PORT' not found
09-07 14:28:07.388   531   595 E NetlinkEvent: NetlinkEvent::FindParam(): Parameter 'UNRECOGNIZED_USB_DEVICE_ON_PORT' not found
09-07 14:28:07.392   890  4883 E Utils   : did not find channel-count and/or sample-rate
09-07 14:28:07.393   890   890 E Utils   : did not find channel-count and/or sample-rate
09-07 14:28:07.393   512 12206 D HarmanHAL: StreamIn::getCapturePositionImpl
09-07 14:28:07.397   890  1256 E Utils   : did not find channel-count and/or sample-rate
09-07 14:28:07.403  1033 12857 D Ringtone: Successfully created local player
09-07 14:28:07.404   893  4885 D NuPlayerDriver: reset(0xebdc0330) at state 4
09-07 14:28:07.404   530   602 E NetlinkEvent: NetlinkEvent::FindParam(): Parameter 'PRODUCT' not found
09-07 14:28:07.404   530   602 E NetlinkEvent: NetlinkEvent::FindParam(): Parameter 'DEVNAME' not found
09-07 14:28:07.404   530   602 E NetlinkEvent: NetlinkEvent::FindParam(): Parameter 'INTERFACE' not found
09-07 14:28:07.404  1033  2776 D Ringtone: Successfully created local player
09-07 14:28:07.404   531   595 E NetlinkEvent: NetlinkEvent::FindParam(): Parameter 'dual_role_usb' not found
09-07 14:28:07.405   531   595 E NetlinkEvent: NetlinkEvent::FindParam(): Parameter 'OVER_CURRENT_PORT' not found
09-07 14:28:07.405   531   595 E NetlinkEvent: NetlinkEvent::FindParam(): Parameter 'UNRECOGNIZED_USB_DEVICE_ON_PORT' not found
09-07 14:28:07.405   893   893 D NuPlayerDriver: reset(0xebdc10f0) at state 4
09-07 14:28:07.406   893 12867 D NuPlayerDriver: notifyResetComplete(0xebdc0330)
09-07 14:28:07.407   893 12862 D NuPlayerDriver: notifyResetComplete(0xebdc10f0)
09-07 14:28:07.408   893   893 D NuPlayerDriver: reset(0xebdc10f0) at state 0
09-07 14:28:07.407   893  4885 D NuPlayerDriver: reset(0xebdc0330) at state 0
09-07 14:28:07.409  1033  2776 V MediaPlayer: resetDrmState:  mDrmInfo=null mDrmProvisioningThread=null mPrepareDrmInProgress=false mActiveDrmScheme=false
09-07 14:28:07.409  1033  2776 V MediaPlayer: cleanDrmObj: mDrmObj=null mDrmSessionId=null
09-07 14:28:07.409  1033 12857 V MediaPlayer: resetDrmState:  mDrmInfo=null mDrmProvisioningThread=null mPrepareDrmInProgress=false mActiveDrmScheme=false
09-07 14:28:07.410  1033 12857 V MediaPlayer: cleanDrmObj: mDrmObj=null mDrmSessionId=null
09-07 14:28:07.410  1033 12857 V MediaPlayer: resetDrmState:  mDrmInfo=null mDrmProvisioningThread=null mPrepareDrmInProgress=false mActiveDrmScheme=false
09-07 14:28:07.410  1033 12857 V MediaPlayer: cleanDrmObj: mDrmObj=null mDrmSessionId=null
09-07 14:28:07.410  1033  2776 V MediaPlayer: resetDrmState:  mDrmInfo=null mDrmProvisioningThread=null mPrepareDrmInProgress=false mActiveDrmScheme=false
09-07 14:28:07.410  1033  2776 V MediaPlayer: cleanDrmObj: mDrmObj=null mDrmSessionId=null
09-07 14:28:07.421   530   602 E NetlinkEvent: NetlinkEvent::FindParam(): Parameter 'PRODUCT' not found
09-07 14:28:07.422   530   602 E NetlinkEvent: NetlinkEvent::FindParam(): Parameter 'DEVNAME' not found
09-07 14:28:07.422   530   602 E NetlinkEvent: NetlinkEvent::FindParam(): Parameter 'INTERFACE' not found
09-07 14:28:07.422   531   595 E NetlinkEvent: NetlinkEvent::FindParam(): Parameter 'dual_role_usb' not found
09-07 14:28:07.422   531   595 E NetlinkEvent: NetlinkEvent::FindParam(): Parameter 'OVER_CURRENT_PORT' not found
09-07 14:28:07.422   531   595 E NetlinkEvent: NetlinkEvent::FindParam(): Parameter 'UNRECOGNIZED_USB_DEVICE_ON_PORT' not found
09-07 14:28:07.424   512 12206 D HarmanHAL: StreamIn::getCapturePositionImpl
09-07 14:28:07.424  2901  2920 I MediaProvider: Using lower FS for /system/product/media/audio/ringtones/Ring_Synth_04.ogg
09-07 14:28:07.425   893   893 D NuPlayerDriver: NuPlayerDriver(0xebdc0470) created, clientPid(1033)
09-07 14:28:07.432  2901  3694 I MediaProvider: Using lower FS for /system/product/media/audio/ringtones/Ring_Synth_04.ogg
09-07 14:28:07.435   893  4885 D NuPlayerDriver: NuPlayerDriver(0xebdc00b0) created, clientPid(1033)
09-07 14:28:07.438   530   602 E NetlinkEvent: NetlinkEvent::FindParam(): Parameter 'PRODUCT' not found
09-07 14:28:07.438   530   602 E NetlinkEvent: NetlinkEvent::FindParam(): Parameter 'DEVNAME' not found
09-07 14:28:07.438   530   602 E NetlinkEvent: NetlinkEvent::FindParam(): Parameter 'INTERFACE' not found
09-07 14:28:07.439   531   595 E NetlinkEvent: NetlinkEvent::FindParam(): Parameter 'dual_role_usb' not found
09-07 14:28:07.439   531   595 E NetlinkEvent: NetlinkEvent::FindParam(): Parameter 'OVER_CURRENT_PORT' not found
09-07 14:28:07.439   531   595 E NetlinkEvent: NetlinkEvent::FindParam(): Parameter 'UNRECOGNIZED_USB_DEVICE_ON_PORT' not found
09-07 14:28:07.442   893 12891 D GenericSource: FileSource remote
09-07 14:28:07.454   893 12892 D GenericSource: FileSource remote
09-07 14:28:07.456   530   602 E NetlinkEvent: NetlinkEvent::FindParam(): Parameter 'PRODUCT' not found
09-07 14:28:07.456   530   602 E NetlinkEvent: NetlinkEvent::FindParam(): Parameter 'DEVNAME' not found
09-07 14:28:07.456   530   602 E NetlinkEvent: NetlinkEvent::FindParam(): Parameter 'INTERFACE' not found
09-07 14:28:07.456   531   595 E NetlinkEvent: NetlinkEvent::FindParam(): Parameter 'dual_role_usb' not found
09-07 14:28:07.456   531   595 E NetlinkEvent: NetlinkEvent::FindParam(): Parameter 'OVER_CURRENT_PORT' not found
09-07 14:28:07.457   531   595 E NetlinkEvent: NetlinkEvent::FindParam(): Parameter 'UNRECOGNIZED_USB_DEVICE_ON_PORT' not found
09-07 14:28:07.457   890  4858 E Utils   : did not find channel-count and/or sample-rate
09-07 14:28:07.457   890  4858 E Utils   : did not find channel-count and/or sample-rate
09-07 14:28:07.463   512 12206 D HarmanHAL: StreamIn::getCapturePositionImpl
09-07 14:28:07.464  1033  2776 D Ringtone: Successfully created local player
09-07 14:28:07.467  1033  1033 I Telecom : InCallController: onConnected to ComponentInfo{com.samsung.android.automotive.phone/com.samsung.android.automotive.phone.service.PhoneInCallService}: ICSBC.oSC(csaap)@ADc
09-07 14:28:07.467 12199 12199 D BluetoothHeadsetClient: getCurrentCalls()
09-07 14:28:07.468  1033  2776 I MediaFocusControl: requestAudioFocus() from uid/pid 1000/1033 clientId=AudioFocus_For_Phone_Ring_And_Calls callingPack=com.android.server.telecom req=2 flags=0x4 sdk=0
09-07 14:28:07.468   890  1255 E Utils   : did not find channel-count and/or sample-rate
09-07 14:28:07.468  1033  1033 I Telecom : InCallController: trackCallingUserInterfaceStarted: com.samsung.android.automotive.phone is now calling UX.: ICSBC.oSC(csaap)@ADc
09-07 14:28:07.469 12199 12199 D BluetoothHeadsetClient: getCurrentCalls()
09-07 14:28:07.469   890  4858 E Utils   : did not find channel-count and/or sample-rate
09-07 14:28:07.470  1033  1033 I Telecom : InCallController: Adding 1 calls to InCallService after onConnected: ComponentInfo{com.samsung.android.automotive.phone/com.samsung.android.automotive.phone.service.PhoneInCallService}, including external calls: ICSBC.oSC(csaap)@ADc
09-07 14:28:07.471 12199 12437 I Harman-Multi-VPA: [ExtVPA]CExtVPAEventsQueue::sendEvent()
09-07 14:28:07.473  1033  1033 I Telecom : InCallController: 1 calls sent to InCallService.: ICSBC.oSC(csaap)@ADc
09-07 14:28:07.473  1033  1033 W Looper  : Slow dispatch took 287ms main h=android.app.ActivityThread$H c=android.app.LoadedApk$ServiceDispatcher$RunConnection@7b1311 m=0
09-07 14:28:07.473  1033  1033 D MediaSessionService: Global priority session is updated, active=true
09-07 14:28:07.474  1033  1033 W Looper  : Slow delivery took 311ms main h=com.android.server.telecom.HeadsetMediaButton$2 c=null m=1
09-07 14:28:07.474 12011 12011 W CAR.OCCUPANT: Could not find occupantZoneId for userId0 returning invalid occupant zone id -1
09-07 14:28:07.475 12011 12011 W CAR.AUDIO: getZoneIdForUid userId 0 does not have a zone. Defaulting to PRIMARY_AUDIO_ZONE:0
09-07 14:28:07.475 12011 12011 I CarAudioFocus: Evaluating GAIN_TRANSIENT request for client AudioFocus_For_Phone_Ring_And_Calls with usage USAGE_NOTIFICATION_RINGTONE
09-07 14:28:07.475  1033  1033 W Looper  : Drained
09-07 14:28:07.475 12011 12011 I CarAudioFocus: Scanning focus holders...
09-07 14:28:07.475 12011 12011 I CarAudioFocus: Scanning those who've already lost focus...
09-07 14:28:07.476 12011 12011 I CarAudioFocus: AUDIOFOCUS_REQUEST_GRANTED
09-07 14:28:07.476   538   618 W ipcLib  : ipcLib: in ipc_lib. DV1 read called
09-07 14:28:07.477 12199 12199 D BluetoothHeadsetClient: getCurrentCalls()
09-07 14:28:07.477 12011 12011 I CarAudioFocus: onAudioFocusRequest for client AudioFocus_For_Phone_Ring_And_Calls with gain type GAIN_TRANSIENT resulted in REQUEST_GRANTED
09-07 14:28:07.478  4787  4787 I CarPhoneTAI.PhoneInCallService: onCallAdded, call = Call [id: TC@1, state: RINGING, details: [id: TC@1, pa: ComponentInfo{com.android.bluetooth/com.android.bluetooth.hfpclient.connserv.HfpClientConnectionService}, ***, UserHandle{10}, hdl: tel:*********00, hdlPres: 1, videoState: Audio Only, caps: [Capabilities: CAPABILITY_SUPPORT_HOLD CAPABILITY_MUTE], props: [Properties:]]]
09-07 14:28:07.478  4787  4787 I CarPhoneTAI.PhoneInCallService: startInCallUI, state = 2
09-07 14:28:07.479 12199 12433 I Harman-Multi-VPA: [ExtVPA]CSysCallEventsQueue::isExtVPAEventUnhandled()
09-07 14:28:07.479 12199 12433 I Harman-Multi-VPA: [ExtVPA]CSysCallEventsQueue::setExtVPAEventUnhandledStatus()
09-07 14:28:07.479  1033 12857 D Ringtone: Successfully created local player
09-07 14:28:07.479 12199 12429 I Harman-Multi-VPA: [ExtVPA]CExtVPAEventsQueue::run()
09-07 14:28:07.480 12199 12429 I Harman-Multi-VPA: [ExtVPA]CExtVPAEventsQueue::getEvent()
09-07 14:28:07.481 12199 12199 D BluetoothHeadsetClient: getCurrentCalls()
09-07 14:28:07.481   530   602 E NetlinkEvent: NetlinkEvent::FindParam(): Parameter 'PRODUCT' not found
09-07 14:28:07.481   530   602 E NetlinkEvent: NetlinkEvent::FindParam(): Parameter 'DEVNAME' not found
09-07 14:28:07.481   530   602 E NetlinkEvent: NetlinkEvent::FindParam(): Parameter 'INTERFACE' not found
09-07 14:28:07.482   531   595 E NetlinkEvent: NetlinkEvent::FindParam(): Parameter 'dual_role_usb' not found
09-07 14:28:07.482   531   595 E NetlinkEvent: NetlinkEvent::FindParam(): Parameter 'OVER_CURRENT_PORT' not found
09-07 14:28:07.482   531   595 E NetlinkEvent: NetlinkEvent::FindParam(): Parameter 'UNRECOGNIZED_USB_DEVICE_ON_PORT' not found
09-07 14:28:07.483  1033 12857 E Binder  : Outgoing transactions from this process must be FLAG_ONEWAY
09-07 14:28:07.483  1033 12857 E Binder  : java.lang.Throwable
09-07 14:28:07.483  1033 12857 E Binder  : 	at android.os.BinderProxy.transact(BinderProxy.java:507)
09-07 14:28:07.483  1033 12857 E Binder  : 	at android.content.ContentProviderProxy.openTypedAssetFile(ContentProviderNative.java:779)
09-07 14:28:07.483  1033 12857 E Binder  : 	at android.content.ContentResolver.openTypedAssetFileDescriptor(ContentResolver.java:1983)
09-07 14:28:07.483  1033 12857 E Binder  : 	at android.content.ContentResolver.openAssetFileDescriptor(ContentResolver.java:1798)
09-07 14:28:07.483  1033 12857 E Binder  : 	at android.content.ContentResolver.openAssetFileDescriptor(ContentResolver.java:1714)
09-07 14:28:07.483  1033 12857 E Binder  : 	at android.media.MediaExtractor.setDataSource(MediaExtractor.java:120)
09-07 14:28:07.483  1033 12857 E Binder  : 	at com.android.server.audio.AudioService.hasHapticChannels(AudioService.java:5258)
09-07 14:28:07.483  1033 12857 E Binder  : 	at android.media.AudioManager.hasHapticChannels(AudioManager.java:6172)
09-07 14:28:07.483  1033 12857 E Binder  : 	at android.media.RingtoneManager.hasHapticChannels(RingtoneManager.java:1089)
09-07 14:28:07.483  1033 12857 E Binder  : 	at com.android.server.telecom.RingtoneFactory.hasHapticChannels(RingtoneFactory.java:62)
09-07 14:28:07.483  1033 12857 E Binder  : 	at com.android.server.telecom.AsyncRingtonePlayer.handlePlay(AsyncRingtonePlayer.java:203)
09-07 14:28:07.483  1033 12857 E Binder  : 	at com.android.server.telecom.AsyncRingtonePlayer.access$000(AsyncRingtonePlayer.java:42)
09-07 14:28:07.483  1033 12857 E Binder  : 	at com.android.server.telecom.AsyncRingtonePlayer$1.handleMessage(AsyncRingtonePlayer.java:137)
09-07 14:28:07.483  1033 12857 E Binder  : 	at android.os.Handler.dispatchMessage(Handler.java:106)
09-07 14:28:07.483  1033 12857 E Binder  : 	at android.os.Looper.loop(Looper.java:223)
09-07 14:28:07.483  1033 12857 E Binder  : 	at android.os.HandlerThread.run(HandlerThread.java:67)
09-07 14:28:07.483 12199 12440 I Harman-Multi-VPA: [ExtVPA]CExtVPAEventsQueue::sendEvent()
09-07 14:28:07.483   576  1227 W APM::AudioPolicyEngine: getDevicesForStrategy() unknown strategy: -1
09-07 14:28:07.484  1033  1064 I DropBoxManagerService: add tag=system_server_wtf isTagEnabled=true flags=0x2
09-07 14:28:07.490   530   602 E NetlinkEvent: NetlinkEvent::FindParam(): Parameter 'PRODUCT' not found
09-07 14:28:07.490   530   602 E NetlinkEvent: NetlinkEvent::FindParam(): Parameter 'DEVNAME' not found
09-07 14:28:07.491   530   602 E NetlinkEvent: NetlinkEvent::FindParam(): Parameter 'INTERFACE' not found
09-07 14:28:07.491   531   595 E NetlinkEvent: NetlinkEvent::FindParam(): Parameter 'dual_role_usb' not found
09-07 14:28:07.491   531   595 E NetlinkEvent: NetlinkEvent::FindParam(): Parameter 'OVER_CURRENT_PORT' not found
09-07 14:28:07.491   531   595 E NetlinkEvent: NetlinkEvent::FindParam(): Parameter 'UNRECOGNIZED_USB_DEVICE_ON_PORT' not found
09-07 14:28:07.486   576  1227 I chatty  : uid=1041(audioserver) Binder:576_5 identical 1 line
09-07 14:28:07.486   576  1227 W APM::AudioPolicyEngine: getDevicesForStrategy() unknown strategy: -1
09-07 14:28:07.493   512 12206 D HarmanHAL: StreamIn::getCapturePositionImpl
09-07 14:28:07.495   512  3590 D HarmanHAL: StreamIn::updateSinkMetadata
09-07 14:28:07.495   512  1222 D HarmanHAL: StreamIn::standby
09-07 14:28:07.496   512  3590 I HarmanHal: Device::releaseAudioPatch for patch id :25 
09-07 14:28:07.496   512  3590 I HarmanHal: Device::releaseAudioPatch: disconnect handle = 0x19, mDeviceAddress[handle] =  successfully by Hal audio
09-07 14:28:07.499  1033 10926 I system_server: oneway function results will be dropped but finished with status OK and parcel size 4
09-07 14:28:07.499   512  3590 I HarmanHal.Routing: hacs handle = 62, stream(Tuner_Uplink) address = 0xb40000761bca3380 in closeInputStream() Device.cpp:154
09-07 14:28:07.499   512  3590 I HarmanHal.Routing: hacs name(pcmTunerIn_c), mPcmHandle(0xb40000761bc9fc00) this(0xb40000761bca35d0) in closePcmNode() PcmAlsaWrapper.cpp:49
09-07 14:28:07.499 12199 12433 I Harman-Multi-VPA: [ExtVPA]CSysCallEventsQueue::isExtVPAEventUnhandled()
09-07 14:28:07.500  1033  1824 I system_server: oneway function results will be dropped but finished with status OK and parcel size 4
09-07 14:28:07.500 12199 12433 I Harman-Multi-VPA: [ExtVPA]CSysCallEventsQueue::setExtVPAEventUnhandledStatus()
09-07 14:28:07.500 12199 12429 I Harman-Multi-VPA: [ExtVPA]CExtVPAEventsQueue::run()
09-07 14:28:07.500 12199 12429 I Harman-Multi-VPA: [ExtVPA]CExtVPAEventsQueue::getEvent()
09-07 14:28:07.501  1033  1942 I system_server: oneway function results will be dropped but finished with status OK and parcel size 4
01-01 00:03:10.492     0     0 I event_handler: reclaimed all bufs
09-07 14:28:07.504   530   602 E NetlinkEvent: NetlinkEvent::FindParam(): Parameter 'PRODUCT' not found
09-07 14:28:07.501  1033  1942 I chatty  : uid=1000(system) Binder:1033_B identical 1 line
09-07 14:28:07.501  1033  1942 I system_server: oneway function results will be dropped but finished with status OK and parcel size 4
09-07 14:28:07.504 12199 12199 D BluetoothHeadsetClient: getCurrentCalls()
09-07 14:28:07.504   530   602 E NetlinkEvent: NetlinkEvent::FindParam(): Parameter 'DEVNAME' not found
09-07 14:28:07.504   530   602 E NetlinkEvent: NetlinkEvent::FindParam(): Parameter 'INTERFACE' not found
09-07 14:28:07.504   531   595 E NetlinkEvent: NetlinkEvent::FindParam(): Parameter 'dual_role_usb' not found
09-07 14:28:07.504   531   595 E NetlinkEvent: NetlinkEvent::FindParam(): Parameter 'OVER_CURRENT_PORT' not found
09-07 14:28:07.504   531   595 E NetlinkEvent: NetlinkEvent::FindParam(): Parameter 'UNRECOGNIZED_USB_DEVICE_ON_PORT' not found
09-07 14:28:07.505 12199 12199 D BluetoothHeadsetClient: getCurrentCalls()
09-07 14:28:07.507 12199 12438 I Harman-Multi-VPA: [ExtVPA]CExtVPAEventsQueue::sendEvent()
09-07 14:28:07.513   512  3590 I HarmanHal.Routing: hacs alsa node(pcmTunerIn_c): closed in closePcmNode() PcmAlsaWrapper.cpp:61
09-07 14:28:07.514   512  3590 I HarmanHal.Routing: hacs release handler(0xb40000761bca35d0) start in releasePcmHandler() PcmHandlerFactory.cpp:256
09-07 14:28:07.514   512  3590 I HarmanHal.Routing: hacs module(0xb40000761bca35d0) name(pcmTunerIn_c) refCnt(0), delete it in releasePcmHandler() PcmHandlerFactory.cpp:264
09-07 14:28:07.514   512  3590 I HarmanHal.Routing: hacs delete handler(0xb40000761bca35d0) start in deletePcmHandler() PcmHandlerFactory.cpp:227
09-07 14:28:07.514   512  3590 I HarmanHal.Routing: hacs alsa node(pcmTunerIn_c): closed in closePcmNode() PcmAlsaWrapper.cpp:38
09-07 14:28:07.514   512  3590 I HarmanHal.Routing: hacs deactivateScenarioForAudioRecord for Tuner_Uplink 
09-07 14:28:07.514   512  3590 I HarmanHal.Routing:   in closeInputStream() Device.cpp:216
09-07 14:28:07.516   512  3590 W HarmanHal.Routing: hacs stream name:Tuner_Uplink return invalid state
09-07 14:28:07.516   512  3590 W HarmanHal.Routing:  in close() StreamIn.cpp:527
09-07 14:28:07.517   576  1227 W APM::AudioPolicyEngine: getDevicesForStrategy() unknown strategy: -1
09-07 14:28:07.520  1916  1945 I MediaProvider: Using lower FS for /system/product/media/audio/ringtones/Ring_Synth_04.ogg
09-07 14:28:07.521   530   602 E NetlinkEvent: NetlinkEvent::FindParam(): Parameter 'PRODUCT' not found
09-07 14:28:07.522   530   602 E NetlinkEvent: NetlinkEvent::FindParam(): Parameter 'DEVNAME' not found
09-07 14:28:07.522   530   602 E NetlinkEvent: NetlinkEvent::FindParam(): Parameter 'INTERFACE' not found
09-07 14:28:07.522 12199 12433 I Harman-Multi-VPA: [ExtVPA]CSysCallEventsQueue::isExtVPAEventUnhandled()
09-07 14:28:07.522   531   595 E NetlinkEvent: NetlinkEvent::FindParam(): Parameter 'dual_role_usb' not found
09-07 14:28:07.522  1033 12857 W FileSource: offset/length adjusted from 0/576460752303423487 to 0/43965
09-07 14:28:07.522   531   595 E NetlinkEvent: NetlinkEvent::FindParam(): Parameter 'OVER_CURRENT_PORT' not found
09-07 14:28:07.522 12199 12433 I Harman-Multi-VPA: [ExtVPA]CSysCallEventsQueue::setExtVPAEventUnhandledStatus()
09-07 14:28:07.522   531   595 E NetlinkEvent: NetlinkEvent::FindParam(): Parameter 'UNRECOGNIZED_USB_DEVICE_ON_PORT' not found
09-07 14:28:07.522 12199 12429 I Harman-Multi-VPA: [ExtVPA]CExtVPAEventsQueue::run()
09-07 14:28:07.522 12199 12429 I Harman-Multi-VPA: [ExtVPA]CExtVPAEventsQueue::getEvent()
09-07 14:28:07.533   890  4858 E Utils   : did not find channel-count and/or sample-rate
09-07 14:28:07.536  1033 12857 I Telecom : RingtoneFactory: hasHapticChannels content://media/internal/audio/media/46?title=Flutey%20Phone&canonical=1 -> false: (...->CS.crCo->H.CS.crCo->H.CS.crCo.pICR)->CSW.hCCC->CILH.sL->CILH.oQC->BCF.gBS->BCF.gBS->ICFG.sF->ICFG.sF->ICFG.sF->ICFG.sF->ICFG.sF->ICFG.sF->ICFG.sF->CAMSM.pM_2002->ARP.hP(cab/cast)@E-E-ADM
09-07 14:28:07.536  1033 12857 I Telecom : AsyncRingtonePlayer: handlePlay: hasHaptics=false, isVibrationEnabled=false: (...->CS.crCo->H.CS.crCo->H.CS.crCo.pICR)->CSW.hCCC->CILH.sL->CILH.oQC->BCF.gBS->BCF.gBS->ICFG.sF->ICFG.sF->ICFG.sF->ICFG.sF->ICFG.sF->ICFG.sF->ICFG.sF->CAMSM.pM_2002->ARP.hP(cab/cast)@E-E-ADM
09-07 14:28:07.537  1033 12857 I Telecom : Ringer: startRinging: fileHasHaptics=false, hapticsSupported=false: (...->CS.crCo->H.CS.crCo->H.CS.crCo.pICR)->CSW.hCCC->CILH.sL->CILH.oQC->BCF.gBS->BCF.gBS->ICFG.sF->ICFG.sF->ICFG.sF->ICFG.sF->ICFG.sF->ICFG.sF->ICFG.sF->CAMSM.pM_2002->ARP.hP(cab/cast)@E-E-ADM
09-07 14:28:07.538   530   602 E NetlinkEvent: NetlinkEvent::FindParam(): Parameter 'PRODUCT' not found
09-07 14:28:07.538   530   602 E NetlinkEvent: NetlinkEvent::FindParam(): Parameter 'DEVNAME' not found
09-07 14:28:07.539   530   602 E NetlinkEvent: NetlinkEvent::FindParam(): Parameter 'INTERFACE' not found
09-07 14:28:07.539   531   595 E NetlinkEvent: NetlinkEvent::FindParam(): Parameter 'dual_role_usb' not found
09-07 14:28:07.539   531   595 E NetlinkEvent: NetlinkEvent::FindParam(): Parameter 'OVER_CURRENT_PORT' not found
09-07 14:28:07.540   531   595 E NetlinkEvent: NetlinkEvent::FindParam(): Parameter 'UNRECOGNIZED_USB_DEVICE_ON_PORT' not found
09-07 14:28:07.541   512  3590 I HarmanHal: Device::createAudioPatch Entry
09-07 14:28:07.541   512  3590 I HarmanHal: Device::createAudioPatch: handle = 0x23, portHandle = 0x2, mDeviceAddress[handle] = bus0_media_out, mDeviceAddress2[portHandle] = bus1_navigation_out
09-07 14:28:07.541   512  3590 I HarmanHal: Device::createAudioPatch: handle = 0x23, portHandle = 0x2, mDeviceAddress[handle] = , mDeviceAddress2[portHandle] = bus0_media_out
09-07 14:28:07.548   530   602 E NetlinkEvent: NetlinkEvent::FindParam(): Parameter 'PRODUCT' not found
09-07 14:28:07.548   530   602 E NetlinkEvent: NetlinkEvent::FindParam(): Parameter 'DEVNAME' not found
09-07 14:28:07.548   530   602 E NetlinkEvent: NetlinkEvent::FindParam(): Parameter 'INTERFACE' not found
09-07 14:28:07.549   531   595 E NetlinkEvent: NetlinkEvent::FindParam(): Parameter 'dual_role_usb' not found
09-07 14:28:07.549   531   595 E NetlinkEvent: NetlinkEvent::FindParam(): Parameter 'OVER_CURRENT_PORT' not found
09-07 14:28:07.549   531   595 E NetlinkEvent: NetlinkEvent::FindParam(): Parameter 'UNRECOGNIZED_USB_DEVICE_ON_PORT' not found
09-07 14:28:07.553  1033  1942 I system_server: oneway function results will be dropped but finished with status OK and parcel size 4
09-07 14:28:07.556   512  3590 I HarmanHal.Routing: hacs handle: 70 devices: 80002000 flags: 0 srate: 48000 format 0x1 channels c address  source 1 in openInputStreamImpl() Device.cpp:541
09-07 14:28:07.556   512  3590 I HarmanHal.Routing: hacs handle = 70, devices = 0x80002000, flags = 0x0, address = , source = 1 in openAdaptiveInputStream() Device.cpp:1097
09-07 14:28:07.556   512  3590 I HarmanHal:  EffectsController::getUplinkPathNameBySrcType uplink path  to be set is 
09-07 14:28:07.557   512  3590 I HarmanHal.Routing: hacs Get HAR path Name: Tuner_Uplink in openAdaptiveInputStream() Device.cpp:1181
09-07 14:28:07.557   512  3590 I HarmanHal.Routing: hacs no name(pcmTunerIn_c) handler created bedore, creating a new instance now in getPcmHandlerByName() PcmHandlerFactory.cpp:282
09-07 14:28:07.557   512  3590 I HarmanHal.Routing: hacs new handler(pcmTunerIn_c) direction(1) start in createPcmHandler() PcmHandlerFactory.cpp:302
09-07 14:28:07.557   512  3590 I HarmanHal.Routing: hacs pcmTunerIn_c sample_rate(48000) num_channles(2) bitwidth(3) periodSize(1536) periodCount(4) channel_map(0) this(0xb40000761bca35d0) in setAlsaAudioParams() PcmHandler.cpp:104
09-07 14:28:07.557   512  3590 I HarmanHal.Routing: hacs sinkPort(0xb40000762bc73270) pathName(Tuner_Uplink) direction(1) in linkSinkPortToRoutingPath() AudioRoutingManager.cpp:228
09-07 14:28:07.557   512  3590 I HarmanHal.Routing: hacs channel mask = 0xc, channel = 2, format = 0x1, rate = 48000 in set() Stream.cpp:397
09-07 14:28:07.557   512  3590 I HarmanHal.Routing: hacs owner(pcmTunerIn_c): owner period ms 32, linked period ms 32 in initRBuffer() AudioPort.cpp:967
09-07 14:28:07.559   512  3590 V acdb-loader-wrapper: 323:acdb_loader_send_audio_cal_v4
09-07 14:28:07.559   512  3590 D acdb_loader_proxy: acdb_loader_send_audio_cal_v4: acdb_id(143), capability(2), app_id(69938), sample_rate(48000), use_case(0), afe_sample_rate(48000)
09-07 14:28:07.559   393  1492 D acdb_loader_server: onTransact SEND_AUDIO_CAL_V4: acdb_id(143), capability(2), app_id(69938), sample_rate(48000), use_case(0), afe_sample_rate(48000)
09-07 14:28:07.560   393  1492 D ACDB-LOADER: ACDB -> send_audio_cal, acdb_id = 143, path = 1, app id = 0x11132, sample rate = 48000, afe_sample_rate = 48000
09-07 14:28:07.560   393  1492 D ACDB-LOADER: ACDB -> send_asm_topology
09-07 14:28:07.560   393  1492 D ACDB-LOADER: ACDB -> ACDB_CMD_GET_AUDPROC_STREAM_TOPOLOGY_ID
09-07 14:28:07.560   393  1492 D ACDB-LOADER: ACDB -> send_adm_topology
09-07 14:28:07.560   393  1492 D ACDB-LOADER: ACDB -> ACDB_CMD_GET_AUDPROC_COMMON_TOPOLOGY_ID
09-07 14:28:07.560   393  1492 D ACDB-LOADER: ACDB -> send_audtable
09-07 14:28:07.560   393  1492 D ACDB-LOADER: ACDB -> ACDB_CMD_GET_AUDPROC_INSTANCE_COMMON_TABLE_SIZE
09-07 14:28:07.560   393  1492 D ACDB-LOADER: ACDB -> ACDB_CMD_GET_AUDPROC_INSTANCE_COMMON_TABLE
09-07 14:28:07.560   393  1492 D ACDB-LOADER: ACDB -> AUDIO_SET_AUDPROC_CAL cal_type[11] acdb_id[143] app_type[69938]
09-07 14:28:07.560   393  1492 D ACDB-LOADER: check_fnn_usecase_status: fnn usecase active 0
09-07 14:28:07.560   393  1492 D ACDB-LOADER: ACDB -> ACDB_CMD_GET_PERSISTENT_AUDPROC_INSTANCE_COMMON_TABLE_SIZE
09-07 14:28:07.560   393  1492 D acdb_loader_service: [Data Manager]-> No data found
09-07 14:28:07.560   393  1492 D ACDB-LOADER: Error: ACDB_CMD_GET_PERSISTENT_AUDPROC_INSTANCE_COMMON_TABLE_SIZE returned -18
09-07 14:28:07.561   393  1492 D ACDB-LOADER: ACDB -> send_audproc_persist_table -18 
09-07 14:28:07.561   393  1492 D ACDB-LOADER: Error: Invalid Audproc persist size = -18
09-07 14:28:07.561   393  1492 D ACDB-LOADER: ACDB -> ACDB_CMD_GET_AUDPROC_INSTANCE_STREAM_TABLE_SIZE
09-07 14:28:07.561   393  1492 D ACDB-LOADER: ACDB -> send_audstrmtable
09-07 14:28:07.561   393  1492 D ACDB-LOADER: ACDB -> ACDB_CMD_GET_AUDPROC_INSTANCE_STREAM_TABLE
09-07 14:28:07.561   393  1492 D ACDB-LOADER: ACDB -> audstrm_cal->cal_type.cal_data.cal_size = 48
09-07 14:28:07.561   393  1492 D ACDB-LOADER: ACDB -> send_afe_topology
09-07 14:28:07.561   393  1492 D ACDB-LOADER: ACDB -> ACDB_CMD_GET_AFE_TOPOLOGY_ID
09-07 14:28:07.561   393  1492 D ACDB-LOADER: ACDB -> GET_AFE_TOPOLOGY_ID for adcd_id 143, Topology Id 112fb
09-07 14:28:07.561   393  1492 D ACDB-LOADER: ACDB -> send_afe_cal
09-07 14:28:07.561   393  1492 D ACDB-LOADER: ACDB -> ACDB_CMD_GET_AFE_INSTANCE_COMMON_TABLE_SIZE
09-07 14:28:07.561   393  1492 D acdb_loader_service: Failed to fetch the lookup information of the device 0000008F 
09-07 14:28:07.561   393  1492 D ACDB-LOADER: Error: ACDB_CMD_GET_AFE_INSTANCE_COMMON_TABLE_SIZE Returned = -19
09-07 14:28:07.561   393  1492 D ACDB-LOADER: ACDB -> ACDB_CMD_GET_AFE_INSTANCE_COMMON_TABLE
09-07 14:28:07.561   393  1492 D acdb_loader_service: Failed to fetch the lookup information of the device 0000008F 
09-07 14:28:07.561   393  1492 D ACDB-LOADER: Error: ACDB AFE returned = -19
09-07 14:28:07.561   393  1492 D ACDB-LOADER: ACDB -> AUDIO_SET_AFE_CAL cal_type[17] acdb_id[143]
09-07 14:28:07.561   393  1492 D ACDB-LOADER: ACDB -> send_hw_delay : acdb_id = 143 path = 1
09-07 14:28:07.562   393  1492 D ACDB-LOADER: ACDB -> ACDB_AVSYNC_INFO: ACDB_CMD_GET_DEVICE_PROPERTY
09-07 14:28:07.562   512  3590 D audio_route: Apply path: pcmTunerIn_c
09-07 14:28:07.566   530   602 E NetlinkEvent: NetlinkEvent::FindParam(): Parameter 'PRODUCT' not found
09-07 14:28:07.566   530   602 E NetlinkEvent: NetlinkEvent::FindParam(): Parameter 'DEVNAME' not found
09-07 14:28:07.566   530   602 E NetlinkEvent: NetlinkEvent::FindParam(): Parameter 'INTERFACE' not found
09-07 14:28:07.566   531   595 E NetlinkEvent: NetlinkEvent::FindParam(): Parameter 'dual_role_usb' not found
09-07 14:28:07.566   531   595 E NetlinkEvent: NetlinkEvent::FindParam(): Parameter 'OVER_CURRENT_PORT' not found
09-07 14:28:07.566   531   595 E NetlinkEvent: NetlinkEvent::FindParam(): Parameter 'UNRECOGNIZED_USB_DEVICE_ON_PORT' not found
09-07 14:28:07.581   530   602 E NetlinkEvent: NetlinkEvent::FindParam(): Parameter 'PRODUCT' not found
09-07 14:28:07.581   530   602 E NetlinkEvent: NetlinkEvent::FindParam(): Parameter 'DEVNAME' not found
09-07 14:28:07.581   530   602 E NetlinkEvent: NetlinkEvent::FindParam(): Parameter 'INTERFACE' not found
09-07 14:28:07.581   531   595 E NetlinkEvent: NetlinkEvent::FindParam(): Parameter 'dual_role_usb' not found
09-07 14:28:07.582   531   595 E NetlinkEvent: NetlinkEvent::FindParam(): Parameter 'OVER_CURRENT_PORT' not found
09-07 14:28:07.582   531   595 E NetlinkEvent: NetlinkEvent::FindParam(): Parameter 'UNRECOGNIZED_USB_DEVICE_ON_PORT' not found
01-01 00:03:10.558     0     0 E tdm_param_set_slot_mask: invalid slot map setting
01-01 00:03:10.566     0     0 I afe_get_cal_topology_id: port_id = 0x9033 acdb_id = 143 topology_id = 0x112fb cal_type_index=8 ret=0
01-01 00:03:10.566     0     0 E send_afe_cal_type: No cal sent for cal_index 1, port_id = 0x9033! ret -22
01-01 00:03:10.574     0     0 I afe_send_hw_delay: port_id 0x9033 rate 48000 delay_usec 0 status 0
09-07 14:28:07.592  4787  4787 D BluetoothMapClient: Binding service...
09-07 14:28:07.599   512  3590 I HarmanHal.Routing: hacs alsa node(pcmTunerIn_c): opened in openPcmNode() PcmAlsaWrapper.cpp:98
09-07 14:28:07.599   512  3590 I HarmanHal: EffectsController:: setAudioSourceInfoForEcnr audioSource::1  channelMask::12  sampleRate::48000 inputBusName :  
09-07 14:28:07.599   512  3590 I HarmanHal.Routing: hacs setAudioSourceInfoForEcnr: source- 0x1, mask- 0xC address: 
09-07 14:28:07.599   512  3590 I HarmanHal.Routing:  in openAdaptiveInputStream() Device.cpp:1271
09-07 14:28:07.599   512  3590 I HarmanHal.Routing: hacs status 0 stream(80002000, 1, ) address 0xb40000761bca3380 in openInputStreamImpl() Device.cpp:565
09-07 14:28:07.599   512  3590 D HarmanHAL: StreamIn::updateSinkMetadata
09-07 14:28:07.599   512  1222 D HarmanHAL: StreamIn::getAudioProperties
09-07 14:28:07.600   512  1220 D HarmanHAL: StreamIn::getAudioProperties
09-07 14:28:07.600   512  1220 D HarmanHAL: StreamIn::getFrameSize
09-07 14:28:07.600   512  1222 D HarmanHAL: StreamIn::getBufferSize
09-07 14:28:07.601   512  1220 D HarmanHAL: StreamIn::getBufferSize
09-07 14:28:07.601   512  1222 D HarmanHAL: StreamIn::getAudioProperties
09-07 14:28:07.602   576 12914 I AudioFlinger: AudioFlinger's thread 0xb4000072482e1040 tid=12914 ready to run
09-07 14:28:07.602   512  1222 D HarmanHAL: StreamIn::standby
09-07 14:28:07.603   512  1222 I HarmanHal: Device::createAudioPatch Entry
09-07 14:28:07.604   512  1222 I HarmanHal: Device::createAudioPatch: handle = 0x24, portHandle = 0x0, mDeviceAddress[handle] = , mDeviceAddress2[portHandle] = 
09-07 14:28:07.604   512  1222 I HarmanHal: Device::createAudioPatch: source device = 0x80002000, address = tuner0, id = 0x0x1d
09-07 14:28:07.604   512  1222 I HarmanHal: CreateAudioPatch for bus: sink:
09-07 14:28:07.604   512  1222 I HarmanHal: #### CreateAudioPatch for bus is Empty #### 
09-07 14:28:07.604   512  1222 I HarmanHal: Device::createAudioPatch: handle = 0x24, portHandle = 0x1d, mDeviceAddress[handle] = , mDeviceAddress2[portHandle] = 
09-07 14:28:07.605   576 12914 W AudioSystem: ioConfigChanged() modifying unknown output! 70
09-07 14:28:07.605  1033  1942 I system_server: oneway function results will be dropped but finished with status OK and parcel size 4
09-07 14:28:07.605  1033  2748 W AudioSystem: ioConfigChanged() modifying unknown output! 70
09-07 14:28:07.605  2508  3591 W AudioSystem: ioConfigChanged() modifying unknown output! 70
09-07 14:28:07.605  2584  2609 W AudioSystem: ioConfigChanged() modifying unknown output! 70
09-07 14:28:07.605   893   893 W AudioSystem: ioConfigChanged() modifying unknown output! 70
09-07 14:28:07.605  4596  4617 W AudioSystem: ioConfigChanged() modifying unknown output! 70
09-07 14:28:07.606   512  1222 D HarmanHAL: StreamIn::standby
09-07 14:28:07.606 10939 10973 W AudioSystem: ioConfigChanged() modifying unknown output! 70
09-07 14:28:07.606  1033  1942 I system_server: oneway function results will be dropped but finished with status OK and parcel size 4
09-07 14:28:07.607   530   602 E NetlinkEvent: NetlinkEvent::FindParam(): Parameter 'PRODUCT' not found
09-07 14:28:07.607   530   602 E NetlinkEvent: NetlinkEvent::FindParam(): Parameter 'DEVNAME' not found
09-07 14:28:07.607   530   602 E NetlinkEvent: NetlinkEvent::FindParam(): Parameter 'INTERFACE' not found
09-07 14:28:07.607   531   595 E NetlinkEvent: NetlinkEvent::FindParam(): Parameter 'dual_role_usb' not found
09-07 14:28:07.607   531   595 E NetlinkEvent: NetlinkEvent::FindParam(): Parameter 'OVER_CURRENT_PORT' not found
09-07 14:28:07.607   531   595 E NetlinkEvent: NetlinkEvent::FindParam(): Parameter 'UNRECOGNIZED_USB_DEVICE_ON_PORT' not found
09-07 14:28:07.609   512  3590 I HarmanHal: Device::createAudioPatch Entry
09-07 14:28:07.609   512  3590 E HarmanHal: Device::createAudioPatch: sink address is empty! 
09-07 14:28:07.609   512  3590 I HarmanHal: Device::createAudioPatch: handle = 0x25, portHandle = 0x3, mDeviceAddress[handle] = , mDeviceAddress2[portHandle] = bus2_voice_command_out
09-07 14:28:07.609   512  3590 I HarmanHal: CreateAudioPatch for bus: sink:
09-07 14:28:07.609   512  3590 I HarmanHal: #### CreateAudioPatch for bus is Empty #### 
09-07 14:28:07.609   512  3590 I HarmanHal: Device::createAudioPatch: handle = 0x25, portHandle = 0x3, mDeviceAddress[handle] = , mDeviceAddress2[portHandle] = 
09-07 14:28:07.609  1033  1942 I system_server: oneway function results will be dropped but finished with status OK and parcel size 4
09-07 14:28:07.610  2584  2609 D AudioStreamLegacy: onAudioDeviceUpdate(deviceId = 2)
09-07 14:28:07.612   576  1076 D AF::TrackHandle: OpPlayAudio: not muting track:67 usage:0 for service UID 1041
09-07 14:28:07.613   576   676 E AudioFlinger::PatchPanel: Software patch connections leaked 316 324
09-07 14:28:07.613   576   676 E AudioFlinger::PatchPanel: A non empty Patch Endpoint leaked, handle 316
09-07 14:28:07.613   576   676 E AudioFlinger::PatchPanel: A non empty Patch Endpoint leaked, handle 324
09-07 14:28:07.615   512  1222 D HarmanHAL: StreamIn::updateSinkMetadata
09-07 14:28:07.615   512  1222 D HarmanHAL: StreamIn::prepareForReading
09-07 14:28:07.615   512  1222 E FMQ     : grantorIdx must be less than 3
09-07 14:28:07.615   512  1222 E FMQ     : grantorIdx must be less than 3
09-07 14:28:07.616   576 12914 E FMQ     : grantorIdx must be less than 3
09-07 14:28:07.616   576 12914 E FMQ     : grantorIdx must be less than 3
09-07 14:28:07.616   512 12918 I HarmanHal.Routing: hacs id(466236288) bufferNum(3) in createRingBuffer() RingBufferManager.cpp:105
09-07 14:28:07.616   512 12918 I HarmanHal.Routing: hacs channels(2) frames(1536) bufferNum(3) mIsInitialized(0) in initialize() RingBuffer.cpp:412
09-07 14:28:07.616   512 12918 I HarmanHal.Routing: hacs Different FormatAudioSampleItem 1, 3 in operator==() AudioSample.hpp:141
09-07 14:28:07.616   512 12918 I HarmanHal.Routing: hacs owner(Tuner_Uplink): dst param -- sampleRate(48000) format(1) channels(2) periodSize(1536) in ifNeedDoConvert() AudioPort.cpp:535
09-07 14:28:07.616   512 12918 I HarmanHal.Routing: hacs owner(Tuner_Uplink): NO NEED DO CONVERT in ifNeedDoConvert() AudioPort.cpp:543
09-07 14:28:07.616   512 12918 I HarmanHal.Routing: hacs id(466236880) bufferSize(12288) bufferNum(3) in createRingBuffer() RingBufferManager.cpp:77
09-07 14:28:07.616   512 12918 I HarmanHal.Routing: hacs bufferSize(12288 --> 12288) bufferNum(3) this(0xb4000075bbc80100) in initialize() RingBuffer.cpp:384
09-07 14:28:07.616   576  1227 W APM::AudioPolicyEngine: getDevicesForStrategy() unknown strategy: -1
09-07 14:28:07.617   576  1227 I chatty  : uid=1041(audioserver) Binder:576_5 identical 1 line
09-07 14:28:07.618   576  1227 W APM::AudioPolicyEngine: getDevicesForStrategy() unknown strategy: -1
09-07 14:28:07.619  1033  1942 I system_server: oneway function results will be dropped but finished with status OK and parcel size 4
09-07 14:28:07.619  1033  1942 I system_server: oneway function results will be dropped but finished with status OK and parcel size 4
09-07 14:28:07.622   576  1227 W APM::AudioPolicyEngine: getDevicesForStrategy() unknown strategy: -1
09-07 14:28:07.623   530   602 E NetlinkEvent: NetlinkEvent::FindParam(): Parameter 'PRODUCT' not found
09-07 14:28:07.623   530   602 E NetlinkEvent: NetlinkEvent::FindParam(): Parameter 'DEVNAME' not found
09-07 14:28:07.623   530   602 E NetlinkEvent: NetlinkEvent::FindParam(): Parameter 'INTERFACE' not found
09-07 14:28:07.624   531   595 E NetlinkEvent: NetlinkEvent::FindParam(): Parameter 'dual_role_usb' not found
09-07 14:28:07.624   531   595 E NetlinkEvent: NetlinkEvent::FindParam(): Parameter 'OVER_CURRENT_PORT' not found
09-07 14:28:07.624   531   595 E NetlinkEvent: NetlinkEvent::FindParam(): Parameter 'UNRECOGNIZED_USB_DEVICE_ON_PORT' not found
09-07 14:28:07.624   576  1227 I chatty  : uid=1041(audioserver) Binder:576_5 identical 1 line
09-07 14:28:07.624   576  1227 W APM::AudioPolicyEngine: getDevicesForStrategy() unknown strategy: -1
09-07 14:28:07.625  1033  1942 I system_server: oneway function results will be dropped but finished with status OK and parcel size 4
09-07 14:28:07.634   530   602 E NetlinkEvent: NetlinkEvent::FindParam(): Parameter 'PRODUCT' not found
09-07 14:28:07.635   530   602 E NetlinkEvent: NetlinkEvent::FindParam(): Parameter 'DEVNAME' not found
09-07 14:28:07.635   530   602 E NetlinkEvent: NetlinkEvent::FindParam(): Parameter 'INTERFACE' not found
09-07 14:28:07.635   531   595 E NetlinkEvent: NetlinkEvent::FindParam(): Parameter 'dual_role_usb' not found
09-07 14:28:07.635   531   595 E NetlinkEvent: NetlinkEvent::FindParam(): Parameter 'OVER_CURRENT_PORT' not found
09-07 14:28:07.635   531   595 E NetlinkEvent: NetlinkEvent::FindParam(): Parameter 'UNRECOGNIZED_USB_DEVICE_ON_PORT' not found
09-07 14:28:07.640  4787 12913 I AdrenoGLES-0: QUALCOMM build                   : 9201590, I35781d6962
09-07 14:28:07.640  4787 12913 I AdrenoGLES-0: Build Date                       : 04/26/21
09-07 14:28:07.640  4787 12913 I AdrenoGLES-0: OpenGL ES Shader Compiler Version: EV031.35.01.00
09-07 14:28:07.640  4787 12913 I AdrenoGLES-0: Local Branch                     : 
09-07 14:28:07.640  4787 12913 I AdrenoGLES-0: Remote Branch                    : 
09-07 14:28:07.640  4787 12913 I AdrenoGLES-0: Remote Branch                    : 
09-07 14:28:07.640  4787 12913 I AdrenoGLES-0: Reconstruct Branch               : 
09-07 14:28:07.640  4787 12913 I AdrenoGLES-0: Build Config                     : S P 10.0.7 AArch64
09-07 14:28:07.640  4787 12913 I AdrenoGLES-0: Driver Path                      : /vendor/lib64/egl/libGLESv2_adreno.so
09-07 14:28:07.653   512 12918 I HarmanHal.Routing: hacs Enable ADTM print for alsa node(pcmTunerIn_c) in printADTM() PcmAlsaWrapper.cpp:831
09-07 14:28:07.654   512 12918 D HarmanHAL: StreamIn::getCapturePositionImpl
09-07 14:28:07.657   530   602 E NetlinkEvent: NetlinkEvent::FindParam(): Parameter 'PRODUCT' not found
09-07 14:28:07.657   530   602 E NetlinkEvent: NetlinkEvent::FindParam(): Parameter 'DEVNAME' not found
09-07 14:28:07.657   530   602 E NetlinkEvent: NetlinkEvent::FindParam(): Parameter 'INTERFACE' not found
09-07 14:28:07.657  4787 12913 I AdrenoGLES-0: PFP: 0x016ee192, ME: 0x00000000
09-07 14:28:07.657   531   595 E NetlinkEvent: NetlinkEvent::FindParam(): Parameter 'dual_role_usb' not found
09-07 14:28:07.657   531   595 E NetlinkEvent: NetlinkEvent::FindParam(): Parameter 'OVER_CURRENT_PORT' not found
09-07 14:28:07.657   531   595 E NetlinkEvent: NetlinkEvent::FindParam(): Parameter 'UNRECOGNIZED_USB_DEVICE_ON_PORT' not found
09-07 14:28:07.658   512  1222 D HarmanHAL: StreamIn::updateSinkMetadata
09-07 14:28:07.658   512  1222 D HarmanHAL: StreamIn::standby
09-07 14:28:07.659  1033  1824 I system_server: oneway function results will be dropped but finished with status OK and parcel size 4
09-07 14:28:07.659   512  3590 I HarmanHal: Device::releaseAudioPatch for patch id :36 
09-07 14:28:07.660   512  3590 I HarmanHal: Device::releaseAudioPatch: disconnect handle = 0x24, mDeviceAddress[handle] =  successfully by Hal audio
09-07 14:28:07.662  1033  1824 I system_server: oneway function results will be dropped but finished with status OK and parcel size 4
09-07 14:28:07.665  1033 10926 I system_server: oneway function results will be dropped but finished with status OK and parcel size 4
09-07 14:28:07.666  1033  1824 I system_server: oneway function results will be dropped but finished with status OK and parcel size 4
09-07 14:28:07.668  1033  1824 I system_server: oneway function results will be dropped but finished with status OK and parcel size 4
09-07 14:28:07.671   512  3590 I HarmanHal: Device::releaseAudioPatch for patch id :37 
09-07 14:28:07.672   512  3590 I HarmanHal: Device::releaseAudioPatch: disconnect handle = 0x25, mDeviceAddress[handle] =  successfully by Hal audio
09-07 14:28:07.672   530   602 E NetlinkEvent: NetlinkEvent::FindParam(): Parameter 'PRODUCT' not found
09-07 14:28:07.673   530   602 E NetlinkEvent: NetlinkEvent::FindParam(): Parameter 'DEVNAME' not found
09-07 14:28:07.673   512  1222 I HarmanHal.Routing: hacs handle = 70, stream(Tuner_Uplink) address = 0xb40000761bca3380 in closeInputStream() Device.cpp:154
09-07 14:28:07.673   530   602 E NetlinkEvent: NetlinkEvent::FindParam(): Parameter 'INTERFACE' not found
09-07 14:28:07.673   512  1222 I HarmanHal.Routing: hacs name(pcmTunerIn_c), mPcmHandle(0xb40000761bca2350) this(0xb40000761bca35d0) in closePcmNode() PcmAlsaWrapper.cpp:49
09-07 14:28:07.673   531   595 E NetlinkEvent: NetlinkEvent::FindParam(): Parameter 'dual_role_usb' not found
09-07 14:28:07.673   531   595 E NetlinkEvent: NetlinkEvent::FindParam(): Parameter 'OVER_CURRENT_PORT' not found
09-07 14:28:07.673   531   595 E NetlinkEvent: NetlinkEvent::FindParam(): Parameter 'UNRECOGNIZED_USB_DEVICE_ON_PORT' not found
01-01 00:03:10.666     0     0 I event_handler: reclaimed all bufs
09-07 14:28:07.688   512  1222 I HarmanHal.Routing: hacs alsa node(pcmTunerIn_c): closed in closePcmNode() PcmAlsaWrapper.cpp:61
09-07 14:28:07.688   512  1222 I HarmanHal.Routing: hacs release handler(0xb40000761bca35d0) start in releasePcmHandler() PcmHandlerFactory.cpp:256
09-07 14:28:07.689   512  1222 I HarmanHal.Routing: hacs module(0xb40000761bca35d0) name(pcmTunerIn_c) refCnt(0), delete it in releasePcmHandler() PcmHandlerFactory.cpp:264
09-07 14:28:07.689   512  1222 I HarmanHal.Routing: hacs delete handler(0xb40000761bca35d0) start in deletePcmHandler() PcmHandlerFactory.cpp:227
09-07 14:28:07.689   512  1222 I HarmanHal.Routing: hacs alsa node(pcmTunerIn_c): closed in closePcmNode() PcmAlsaWrapper.cpp:38
09-07 14:28:07.689   512  1222 I HarmanHal.Routing: hacs deactivateScenarioForAudioRecord for Tuner_Uplink 
09-07 14:28:07.689   512  1222 I HarmanHal.Routing:   in closeInputStream() Device.cpp:216
09-07 14:28:07.691   512  1222 W HarmanHal.Routing: hacs stream name:Tuner_Uplink return invalid state
09-07 14:28:07.691   512  1222 W HarmanHal.Routing:  in close() StreamIn.cpp:527
09-07 14:28:07.693   576  1227 W APM::AudioPolicyEngine: getDevicesForStrategy() unknown strategy: -1
09-07 14:28:07.719   512  3590 I HarmanHal: Device::createAudioPatch Entry
09-07 14:28:07.719   512  3590 I HarmanHal: Device::createAudioPatch: handle = 0x26, portHandle = 0x2, mDeviceAddress[handle] = bus0_media_out, mDeviceAddress2[portHandle] = bus1_navigation_out
09-07 14:28:07.719   512  3590 I HarmanHal: Device::createAudioPatch: handle = 0x26, portHandle = 0x2, mDeviceAddress[handle] = , mDeviceAddress2[portHandle] = bus0_media_out
09-07 14:28:07.721  2584  2609 D AudioStreamLegacy: onAudioDeviceUpdate(deviceId = 2)
09-07 14:28:07.734  1033  1824 I system_server: oneway function results will be dropped but finished with status OK and parcel size 4
09-07 14:28:07.736   512  1222 I HarmanHal.Routing: hacs handle: 78 devices: 80002000 flags: 0 srate: 48000 format 0x1 channels c address  source 1 in openInputStreamImpl() Device.cpp:541
09-07 14:28:07.736   512  1222 I HarmanHal.Routing: hacs handle = 78, devices = 0x80002000, flags = 0x0, address = , source = 1 in openAdaptiveInputStream() Device.cpp:1097
09-07 14:28:07.736   512  1222 I HarmanHal:  EffectsController::getUplinkPathNameBySrcType uplink path  to be set is 
09-07 14:28:07.736   512  1222 I HarmanHal.Routing: hacs Get HAR path Name: Tuner_Uplink in openAdaptiveInputStream() Device.cpp:1181
09-07 14:28:07.737   512  1222 I HarmanHal.Routing: hacs no name(pcmTunerIn_c) handler created bedore, creating a new instance now in getPcmHandlerByName() PcmHandlerFactory.cpp:282
09-07 14:28:07.737   512  1222 I HarmanHal.Routing: hacs new handler(pcmTunerIn_c) direction(1) start in createPcmHandler() PcmHandlerFactory.cpp:302
09-07 14:28:07.737   512  1222 I HarmanHal.Routing: hacs pcmTunerIn_c sample_rate(48000) num_channles(2) bitwidth(3) periodSize(1536) periodCount(4) channel_map(0) this(0xb40000761bca35d0) in setAlsaAudioParams() PcmHandler.cpp:104
09-07 14:28:07.737   512  1222 I HarmanHal.Routing: hacs sinkPort(0xb40000762bc73270) pathName(Tuner_Uplink) direction(1) in linkSinkPortToRoutingPath() AudioRoutingManager.cpp:228
09-07 14:28:07.737   512  1222 I HarmanHal.Routing: hacs channel mask = 0xc, channel = 2, format = 0x1, rate = 48000 in set() Stream.cpp:397
09-07 14:28:07.737   512  1222 I HarmanHal.Routing: hacs owner(pcmTunerIn_c): owner period ms 32, linked period ms 32 in initRBuffer() AudioPort.cpp:967
09-07 14:28:07.738   512  1222 V acdb-loader-wrapper: 323:acdb_loader_send_audio_cal_v4
09-07 14:28:07.739   512  1222 D acdb_loader_proxy: acdb_loader_send_audio_cal_v4: acdb_id(143), capability(2), app_id(69938), sample_rate(48000), use_case(0), afe_sample_rate(48000)
09-07 14:28:07.739   393  1492 D acdb_loader_server: onTransact SEND_AUDIO_CAL_V4: acdb_id(143), capability(2), app_id(69938), sample_rate(48000), use_case(0), afe_sample_rate(48000)
09-07 14:28:07.739   393  1492 D ACDB-LOADER: ACDB -> send_audio_cal, acdb_id = 143, path = 1, app id = 0x11132, sample rate = 48000, afe_sample_rate = 48000
09-07 14:28:07.739   393  1492 D ACDB-LOADER: ACDB -> send_asm_topology
09-07 14:28:07.739   393  1492 D ACDB-LOADER: ACDB -> ACDB_CMD_GET_AUDPROC_STREAM_TOPOLOGY_ID
09-07 14:28:07.739   393  1492 D ACDB-LOADER: ACDB -> send_adm_topology
09-07 14:28:07.739   393  1492 D ACDB-LOADER: ACDB -> ACDB_CMD_GET_AUDPROC_COMMON_TOPOLOGY_ID
09-07 14:28:07.739   393  1492 D ACDB-LOADER: ACDB -> send_audtable
09-07 14:28:07.739   393  1492 D ACDB-LOADER: ACDB -> ACDB_CMD_GET_AUDPROC_INSTANCE_COMMON_TABLE_SIZE
09-07 14:28:07.739   393  1492 D ACDB-LOADER: ACDB -> ACDB_CMD_GET_AUDPROC_INSTANCE_COMMON_TABLE
09-07 14:28:07.740   393  1492 D ACDB-LOADER: ACDB -> AUDIO_SET_AUDPROC_CAL cal_type[11] acdb_id[143] app_type[69938]
09-07 14:28:07.740   393  1492 D ACDB-LOADER: check_fnn_usecase_status: fnn usecase active 0
09-07 14:28:07.740   393  1492 D ACDB-LOADER: ACDB -> ACDB_CMD_GET_PERSISTENT_AUDPROC_INSTANCE_COMMON_TABLE_SIZE
09-07 14:28:07.740   393  1492 D acdb_loader_service: [Data Manager]-> No data found
09-07 14:28:07.740   393  1492 D ACDB-LOADER: Error: ACDB_CMD_GET_PERSISTENT_AUDPROC_INSTANCE_COMMON_TABLE_SIZE returned -18
09-07 14:28:07.740   393  1492 D ACDB-LOADER: ACDB -> send_audproc_persist_table -18 
09-07 14:28:07.740   393  1492 D ACDB-LOADER: Error: Invalid Audproc persist size = -18
09-07 14:28:07.740   393  1492 D ACDB-LOADER: ACDB -> ACDB_CMD_GET_AUDPROC_INSTANCE_STREAM_TABLE_SIZE
09-07 14:28:07.740   393  1492 D ACDB-LOADER: ACDB -> send_audstrmtable
09-07 14:28:07.740   393  1492 D ACDB-LOADER: ACDB -> ACDB_CMD_GET_AUDPROC_INSTANCE_STREAM_TABLE
09-07 14:28:07.740   393  1492 D ACDB-LOADER: ACDB -> audstrm_cal->cal_type.cal_data.cal_size = 48
09-07 14:28:07.740   393  1492 D ACDB-LOADER: ACDB -> send_afe_topology
09-07 14:28:07.740   393  1492 D ACDB-LOADER: ACDB -> ACDB_CMD_GET_AFE_TOPOLOGY_ID
09-07 14:28:07.740   393  1492 D ACDB-LOADER: ACDB -> GET_AFE_TOPOLOGY_ID for adcd_id 143, Topology Id 112fb
09-07 14:28:07.740   393  1492 D ACDB-LOADER: ACDB -> send_afe_cal
09-07 14:28:07.740   393  1492 D ACDB-LOADER: ACDB -> ACDB_CMD_GET_AFE_INSTANCE_COMMON_TABLE_SIZE
09-07 14:28:07.740   393  1492 D acdb_loader_service: Failed to fetch the lookup information of the device 0000008F 
09-07 14:28:07.740   393  1492 D ACDB-LOADER: Error: ACDB_CMD_GET_AFE_INSTANCE_COMMON_TABLE_SIZE Returned = -19
09-07 14:28:07.741   393  1492 D ACDB-LOADER: ACDB -> ACDB_CMD_GET_AFE_INSTANCE_COMMON_TABLE
09-07 14:28:07.741   393  1492 D acdb_loader_service: Failed to fetch the lookup information of the device 0000008F 
09-07 14:28:07.741   393  1492 D ACDB-LOADER: Error: ACDB AFE returned = -19
09-07 14:28:07.741   393  1492 D ACDB-LOADER: ACDB -> AUDIO_SET_AFE_CAL cal_type[17] acdb_id[143]
09-07 14:28:07.741   393  1492 D ACDB-LOADER: ACDB -> send_hw_delay : acdb_id = 143 path = 1
09-07 14:28:07.741   393  1492 D ACDB-LOADER: ACDB -> ACDB_AVSYNC_INFO: ACDB_CMD_GET_DEVICE_PROPERTY
09-07 14:28:07.741   512  1222 D audio_route: Apply path: pcmTunerIn_c
01-01 00:03:10.737     0     0 E tdm_param_set_slot_mask: invalid slot map setting
01-01 00:03:10.744     0     0 I afe_get_cal_topology_id: port_id = 0x9033 acdb_id = 143 topology_id = 0x112fb cal_type_index=8 ret=0
01-01 00:03:10.745     0     0 E send_afe_cal_type: No cal sent for cal_index 1, port_id = 0x9033! ret -22
01-01 00:03:10.753     0     0 I afe_send_hw_delay: port_id 0x9033 rate 48000 delay_usec 0 status 0
09-07 14:28:07.766  4787  4787 D BluetoothMapClient: Proxy object connected
09-07 14:28:07.767  4787  4787 I CarPhoneTAI.PhoneInCallService: onBind: Intent { act=INCALL_ACTION_LOCAL_BIND cmp=com.samsung.android.automotive.phone/.service.PhoneInCallService }
09-07 14:28:07.777   512  1222 I HarmanHal.Routing: hacs alsa node(pcmTunerIn_c): opened in openPcmNode() PcmAlsaWrapper.cpp:98
09-07 14:28:07.778   512  1222 I HarmanHal: EffectsController:: setAudioSourceInfoForEcnr audioSource::1  channelMask::12  sampleRate::48000 inputBusName :  
09-07 14:28:07.778   512  1222 I HarmanHal.Routing: hacs setAudioSourceInfoForEcnr: source- 0x1, mask- 0xC address: 
09-07 14:28:07.778   512  1222 I HarmanHal.Routing:  in openAdaptiveInputStream() Device.cpp:1271
09-07 14:28:07.778   512  1222 I HarmanHal.Routing: hacs status 0 stream(80002000, 1, ) address 0xb40000761bca3380 in openInputStreamImpl() Device.cpp:565
09-07 14:28:07.778   512  1222 D HarmanHAL: StreamIn::updateSinkMetadata
09-07 14:28:07.778   512  3590 D HarmanHAL: StreamIn::getAudioProperties
09-07 14:28:07.779   512  1220 D HarmanHAL: StreamIn::getAudioProperties
09-07 14:28:07.779   512  3590 D HarmanHAL: StreamIn::getFrameSize
09-07 14:28:07.779   512  1220 D HarmanHAL: StreamIn::getBufferSize
09-07 14:28:07.779   512  1221 D HarmanHAL: StreamIn::getBufferSize
09-07 14:28:07.779   512  1221 D HarmanHAL: StreamIn::getAudioProperties
09-07 14:28:07.780   576 12933 I AudioFlinger: AudioFlinger's thread 0xb4000072482e1040 tid=12933 ready to run
09-07 14:28:07.780   512  1220 D HarmanHAL: StreamIn::standby
09-07 14:28:07.781   512  1220 I HarmanHal: Device::createAudioPatch Entry
09-07 14:28:07.782   512  1220 I HarmanHal: Device::createAudioPatch: handle = 0x27, portHandle = 0x0, mDeviceAddress[handle] = , mDeviceAddress2[portHandle] = 
09-07 14:28:07.782   512  1220 I HarmanHal: Device::createAudioPatch: source device = 0x80002000, address = tuner0, id = 0x0x1d
09-07 14:28:07.782   512  1220 I HarmanHal: CreateAudioPatch for bus: sink:
09-07 14:28:07.782   512  1220 I HarmanHal: #### CreateAudioPatch for bus is Empty #### 
09-07 14:28:07.782   512  1220 I HarmanHal: Device::createAudioPatch: handle = 0x27, portHandle = 0x1d, mDeviceAddress[handle] = , mDeviceAddress2[portHandle] = 
09-07 14:28:07.782  1033  1824 I system_server: oneway function results will be dropped but finished with status OK and parcel size 4
09-07 14:28:07.783   576 12933 W AudioSystem: ioConfigChanged() modifying unknown output! 78
09-07 14:28:07.783  1033  1824 I system_server: oneway function results will be dropped but finished with status OK and parcel size 4
09-07 14:28:07.783   893   893 W AudioSystem: ioConfigChanged() modifying unknown output! 78
09-07 14:28:07.783  1033  1824 W AudioSystem: ioConfigChanged() modifying unknown output! 78
09-07 14:28:07.783  2508  3591 W AudioSystem: ioConfigChanged() modifying unknown output! 78
09-07 14:28:07.783  4596  4617 W AudioSystem: ioConfigChanged() modifying unknown output! 78
09-07 14:28:07.783  2584  2609 W AudioSystem: ioConfigChanged() modifying unknown output! 78
09-07 14:28:07.784 10939 10973 W AudioSystem: ioConfigChanged() modifying unknown output! 78
09-07 14:28:07.784   512  1220 D HarmanHAL: StreamIn::standby
09-07 14:28:07.785  1033  1824 I system_server: oneway function results will be dropped but finished with status OK and parcel size 4
09-07 14:28:07.787   512  3590 I HarmanHal: Device::createAudioPatch Entry
09-07 14:28:07.787   512  3590 E HarmanHal: Device::createAudioPatch: sink address is empty! 
09-07 14:28:07.787   512  3590 I HarmanHal: Device::createAudioPatch: handle = 0x28, portHandle = 0x3, mDeviceAddress[handle] = , mDeviceAddress2[portHandle] = bus2_voice_command_out
09-07 14:28:07.788   512  3590 I HarmanHal: CreateAudioPatch for bus: sink:
09-07 14:28:07.788   512  3590 I HarmanHal: #### CreateAudioPatch for bus is Empty #### 
09-07 14:28:07.788   512  3590 I HarmanHal: Device::createAudioPatch: handle = 0x28, portHandle = 0x3, mDeviceAddress[handle] = , mDeviceAddress2[portHandle] = 
09-07 14:28:07.789  4787  4787 E CarPhoneTAI.IncomingCallPopupService: There is no active call
09-07 14:28:07.789  2584  2609 D AudioStreamLegacy: onAudioDeviceUpdate(deviceId = 2)
09-07 14:28:07.792   576  1076 D AF::TrackHandle: OpPlayAudio: not muting track:69 usage:0 for service UID 1041
09-07 14:28:07.793   576   676 E AudioFlinger::PatchPanel: Software patch connections leaked 348 356
09-07 14:28:07.793   576   676 E AudioFlinger::PatchPanel: A non empty Patch Endpoint leaked, handle 348
09-07 14:28:07.793   576   676 E AudioFlinger::PatchPanel: A non empty Patch Endpoint leaked, handle 356
09-07 14:28:07.794   512  1220 D HarmanHAL: StreamIn::updateSinkMetadata
09-07 14:28:07.794   512  1220 D HarmanHAL: StreamIn::prepareForReading
09-07 14:28:07.795   512  1220 E FMQ     : grantorIdx must be less than 3
09-07 14:28:07.796   512  1220 E FMQ     : grantorIdx must be less than 3
09-07 14:28:07.797   576 12933 E FMQ     : grantorIdx must be less than 3
09-07 14:28:07.797   576  1227 W APM::AudioPolicyEngine: getDevicesForStrategy() unknown strategy: -1
09-07 14:28:07.799   576  1227 I chatty  : uid=1041(audioserver) Binder:576_5 identical 2 lines
09-07 14:28:07.799   576  1227 W APM::AudioPolicyEngine: getDevicesForStrategy() unknown strategy: -1
09-07 14:28:07.799  1033 10926 I system_server: oneway function results will be dropped but finished with status OK and parcel size 4
09-07 14:28:07.801  1033 10926 I system_server: oneway function results will be dropped but finished with status OK and parcel size 4
09-07 14:28:07.801   576  1227 W APM::AudioPolicyEngine: getDevicesForStrategy() unknown strategy: -1
09-07 14:28:07.803   576 12933 E FMQ     : grantorIdx must be less than 3
09-07 14:28:07.803  1033  1942 I system_server: oneway function results will be dropped but finished with status OK and parcel size 4
09-07 14:28:07.803   512 12935 I HarmanHal.Routing: hacs id(466236288) bufferNum(3) in createRingBuffer() RingBufferManager.cpp:105
09-07 14:28:07.803   512 12935 I HarmanHal.Routing: hacs channels(2) frames(1536) bufferNum(3) mIsInitialized(0) in initialize() RingBuffer.cpp:412
09-07 14:28:07.803   512 12935 I HarmanHal.Routing: hacs Different FormatAudioSampleItem 1, 3 in operator==() AudioSample.hpp:141
09-07 14:28:07.804   512 12935 I HarmanHal.Routing: hacs owner(Tuner_Uplink): dst param -- sampleRate(48000) format(1) channels(2) periodSize(1536) in ifNeedDoConvert() AudioPort.cpp:535
09-07 14:28:07.804   512 12935 I HarmanHal.Routing: hacs owner(Tuner_Uplink): NO NEED DO CONVERT in ifNeedDoConvert() AudioPort.cpp:543
09-07 14:28:07.804   512 12935 I HarmanHal.Routing: hacs id(466236880) bufferSize(12288) bufferNum(3) in createRingBuffer() RingBufferManager.cpp:77
09-07 14:28:07.804   512 12935 I HarmanHal.Routing: hacs bufferSize(12288 --> 12288) bufferNum(3) this(0xb4000075bbc809f0) in initialize() RingBuffer.cpp:384
09-07 14:28:07.805   576  1227 W APM::AudioPolicyEngine: getDevicesForStrategy() unknown strategy: -1
09-07 14:28:07.815  4787  4787 E CarPhoneTAI.IncomingCallPopupService: Ringing call number is not exist in contact db
09-07 14:28:07.838   512  1220 I HarmanHal: Device::createAudioPatch Entry
09-07 14:28:07.838   512  1220 I HarmanHal: Device::createAudioPatch: handle = 0x29, portHandle = 0x2, mDeviceAddress[handle] = bus0_media_out, mDeviceAddress2[portHandle] = bus1_navigation_out
09-07 14:28:07.838   512  1220 I HarmanHal: Device::createAudioPatch: handle = 0x29, portHandle = 0x2, mDeviceAddress[handle] = , mDeviceAddress2[portHandle] = bus0_media_out
09-07 14:28:07.839  2584  2609 D AudioStreamLegacy: onAudioDeviceUpdate(deviceId = 2)
09-07 14:28:07.842   576  1227 W APM::AudioPolicyEngine: getDevicesForStrategy() unknown strategy: -1
09-07 14:28:07.842   512 12935 I HarmanHal.Routing: hacs Enable ADTM print for alsa node(pcmTunerIn_c) in printADTM() PcmAlsaWrapper.cpp:831
09-07 14:28:07.843   512 12935 D HarmanHAL: StreamIn::getCapturePositionImpl
09-07 14:28:07.864   512  1221 I HarmanHal: PrimaryDevice::updateAudioPatch received with previousPatch as 28
09-07 14:28:07.864   512  1221 I HarmanHal: Device::updateAudioPatch Old patch : 28
09-07 14:28:07.864   512  1221 I HarmanHal: Device::releaseAudioPatch for patch id :28 
09-07 14:28:07.864   512  1221 I HarmanHal: Device::releaseAudioPatch: disconnect handle = 0x1c, mDeviceAddress[handle] = bus1_navigation_out successfully by Hal audio
09-07 14:28:07.864   512  1221 I HarmanHal: Device::createAudioPatch Entry
09-07 14:28:07.864   512  1221 I HarmanHal: Device::createAudioPatch: handle = 0x2a, portHandle = 0x6, mDeviceAddress[handle] = bus1_navigation_out, mDeviceAddress2[portHandle] = bus5_alarm_out
09-07 14:28:07.864   512  1221 I HarmanHal: Device::createAudioPatch: handle = 0x2a, portHandle = 0x6, mDeviceAddress[handle] = , mDeviceAddress2[portHandle] = bus1_navigation_out
09-07 14:28:07.864  1033 10926 I system_server: oneway function results will be dropped but finished with status OK and parcel size 4
09-07 14:28:07.865  1033  1942 I system_server: oneway function results will be dropped but finished with status OK and parcel size 4
09-07 14:28:07.869   576  1227 W APM::AudioPolicyEngine: getDevicesForStrategy() unknown strategy: -1
09-07 14:28:07.872   512 12935 D HarmanHAL: StreamIn::getCapturePositionImpl
09-07 14:28:07.891   512  1220 I HarmanHal: PrimaryDevice::updateAudioPatch received with previousPatch as 29
09-07 14:28:07.891   512  1220 I HarmanHal: Device::updateAudioPatch Old patch : 29
09-07 14:28:07.891   512  1220 I HarmanHal: Device::releaseAudioPatch for patch id :29 
09-07 14:28:07.891   512  1220 I HarmanHal: Device::releaseAudioPatch: disconnect handle = 0x1d, mDeviceAddress[handle] = bus2_voice_command_out successfully by Hal audio
09-07 14:28:07.891   512  1220 I HarmanHal: Device::createAudioPatch Entry
09-07 14:28:07.892   512  1220 I HarmanHal: Device::createAudioPatch: handle = 0x2b, portHandle = 0x9, mDeviceAddress[handle] = bus2_voice_command_out, mDeviceAddress2[portHandle] = bus0_media_out
09-07 14:28:07.892   512  1220 I HarmanHal: Device::createAudioPatch: handle = 0x2b, portHandle = 0x9, mDeviceAddress[handle] = , mDeviceAddress2[portHandle] = bus2_voice_command_out
09-07 14:28:07.892  1033  1942 I system_server: oneway function results will be dropped but finished with status OK and parcel size 4
09-07 14:28:07.893  1033  1942 I system_server: oneway function results will be dropped but finished with status OK and parcel size 4
09-07 14:28:07.896   576  1227 W APM::AudioPolicyEngine: getDevicesForStrategy() unknown strategy: -1
09-07 14:28:07.902   512 12935 D HarmanHAL: StreamIn::getCapturePositionImpl
09-07 14:28:07.918   512  1221 I HarmanHal: PrimaryDevice::updateAudioPatch received with previousPatch as 30
09-07 14:28:07.918   512  1221 I HarmanHal: Device::updateAudioPatch Old patch : 30
09-07 14:28:07.918   512  1221 I HarmanHal: Device::releaseAudioPatch for patch id :30 
09-07 14:28:07.919   512  1221 I HarmanHal: Device::releaseAudioPatch: disconnect handle = 0x1e, mDeviceAddress[handle] = bus3_call_ring_out successfully by Hal audio
09-07 14:28:07.919   512  1221 I HarmanHal: Device::createAudioPatch Entry
09-07 14:28:07.919   512  1221 I HarmanHal: Device::createAudioPatch: handle = 0x2c, portHandle = 0xc, mDeviceAddress[handle] = bus3_call_ring_out, mDeviceAddress2[portHandle] = bus3_call_ring_out
09-07 14:28:07.919  1033  1942 I system_server: oneway function results will be dropped but finished with status OK and parcel size 4
09-07 14:28:07.919   512  1221 I HarmanHal: Device::createAudioPatch: handle = 0x2c, portHandle = 0xc, mDeviceAddress[handle] = , mDeviceAddress2[portHandle] = bus3_call_ring_out
09-07 14:28:07.919  1033  1942 I system_server: oneway function results will be dropped but finished with status OK and parcel size 4
09-07 14:28:07.924   576  1227 W APM::AudioPolicyEngine: getDevicesForStrategy() unknown strategy: -1
09-07 14:28:07.932   512 12935 D HarmanHAL: StreamIn::getCapturePositionImpl
09-07 14:28:07.952   512  1220 I HarmanHal: PrimaryDevice::updateAudioPatch received with previousPatch as 31
09-07 14:28:07.952   512  1220 I HarmanHal: Device::updateAudioPatch Old patch : 31
09-07 14:28:07.952   512  1220 I HarmanHal: Device::releaseAudioPatch for patch id :31 
09-07 14:28:07.952   512  1220 I HarmanHal: Device::releaseAudioPatch: disconnect handle = 0x1f, mDeviceAddress[handle] = bus4_call_out successfully by Hal audio
09-07 14:28:07.952   512  1220 I HarmanHal: Device::createAudioPatch Entry
09-07 14:28:07.952   512  1220 I HarmanHal: Device::createAudioPatch: handle = 0x2d, portHandle = 0xf, mDeviceAddress[handle] = bus4_call_out, mDeviceAddress2[portHandle] = bus6_notification_out
09-07 14:28:07.952  1033  1942 I system_server: oneway function results will be dropped but finished with status OK and parcel size 4
09-07 14:28:07.952   512  1220 I HarmanHal: Device::createAudioPatch: handle = 0x2d, portHandle = 0xf, mDeviceAddress[handle] = , mDeviceAddress2[portHandle] = bus4_call_out
09-07 14:28:07.953  1033  1942 I system_server: oneway function results will be dropped but finished with status OK and parcel size 4
09-07 14:28:07.956   576  1227 W APM::AudioPolicyEngine: getDevicesForStrategy() unknown strategy: -1
09-07 14:28:07.962   512 12935 D HarmanHAL: StreamIn::getCapturePositionImpl
09-07 14:28:07.978   512  1220 I HarmanHal: PrimaryDevice::updateAudioPatch received with previousPatch as 32
09-07 14:28:07.979   512  1220 I HarmanHal: Device::updateAudioPatch Old patch : 32
09-07 14:28:07.979   512  1220 I HarmanHal: Device::releaseAudioPatch for patch id :32 
09-07 14:28:07.979   512  1220 I HarmanHal: Device::releaseAudioPatch: disconnect handle = 0x20, mDeviceAddress[handle] = bus5_alarm_out successfully by Hal audio
09-07 14:28:07.979   512  1220 I HarmanHal: Device::createAudioPatch Entry
09-07 14:28:07.979   512  1220 I HarmanHal: Device::createAudioPatch: handle = 0x2e, portHandle = 0x12, mDeviceAddress[handle] = bus5_alarm_out, mDeviceAddress2[portHandle] = 
09-07 14:28:07.979   512  1220 I HarmanHal: Device::createAudioPatch: handle = 0x2e, portHandle = 0x12, mDeviceAddress[handle] = , mDeviceAddress2[portHandle] = bus5_alarm_out
09-07 14:28:07.979  1033  1942 I system_server: oneway function results will be dropped but finished with status OK and parcel size 4
09-07 14:28:07.979  1033  1942 I system_server: oneway function results will be dropped but finished with status OK and parcel size 4
09-07 14:28:07.983   576  1227 W APM::AudioPolicyEngine: getDevicesForStrategy() unknown strategy: -1
09-07 14:28:08.003   512 12935 D HarmanHAL: StreamIn::getCapturePositionImpl
09-07 14:28:08.005   512  1221 I HarmanHal: PrimaryDevice::updateAudioPatch received with previousPatch as 33
09-07 14:28:08.005   512  1221 I HarmanHal: Device::updateAudioPatch Old patch : 33
09-07 14:28:08.005   512  1221 I HarmanHal: Device::releaseAudioPatch for patch id :33 
09-07 14:28:08.005   512  1221 I HarmanHal: Device::releaseAudioPatch: disconnect handle = 0x21, mDeviceAddress[handle] = bus6_notification_out successfully by Hal audio
09-07 14:28:08.006   512  1221 I HarmanHal: Device::createAudioPatch Entry
09-07 14:28:08.006   512  1221 I HarmanHal: Device::createAudioPatch: handle = 0x2f, portHandle = 0x15, mDeviceAddress[handle] = bus6_notification_out, mDeviceAddress2[portHandle] = bus0_media_out
09-07 14:28:08.006   512  1221 I HarmanHal: Device::createAudioPatch: handle = 0x2f, portHandle = 0x15, mDeviceAddress[handle] = , mDeviceAddress2[portHandle] = bus6_notification_out
09-07 14:28:08.006  1033  1942 I system_server: oneway function results will be dropped but finished with status OK and parcel size 4
09-07 14:28:08.006  1033  1942 I system_server: oneway function results will be dropped but finished with status OK and parcel size 4
09-07 14:28:08.012   576  1227 W APM::AudioPolicyEngine: getDevicesForStrategy() unknown strategy: -1
09-07 14:28:08.032   512 12935 D HarmanHAL: StreamIn::getCapturePositionImpl
09-07 14:28:08.035   512  1220 I HarmanHal: PrimaryDevice::updateAudioPatch received with previousPatch as 34
09-07 14:28:08.035   512  1220 I HarmanHal: Device::updateAudioPatch Old patch : 34
09-07 14:28:08.035   512  1220 I HarmanHal: Device::releaseAudioPatch for patch id :34 
09-07 14:28:08.035   512  1220 I HarmanHal: Device::releaseAudioPatch: disconnect handle = 0x22, mDeviceAddress[handle] = bus7_system_sound_out successfully by Hal audio
09-07 14:28:08.035  1033  1942 I system_server: oneway function results will be dropped but finished with status OK and parcel size 4
09-07 14:28:08.035   512  1220 I HarmanHal: Device::createAudioPatch Entry
09-07 14:28:08.035   512  1220 I HarmanHal: Device::createAudioPatch: handle = 0x30, portHandle = 0x18, mDeviceAddress[handle] = bus7_system_sound_out, mDeviceAddress2[portHandle] = bus0_media_out
09-07 14:28:08.035   512  1220 I HarmanHal: Device::createAudioPatch: handle = 0x30, portHandle = 0x18, mDeviceAddress[handle] = , mDeviceAddress2[portHandle] = bus7_system_sound_out
09-07 14:28:08.036  1033  1942 I system_server: oneway function results will be dropped but finished with status OK and parcel size 4
09-07 14:28:08.040  1033 12857 I Telecom : AsyncRingtonePlayer: Play ringtone, looping.: (...->CS.crCo->H.CS.crCo->H.CS.crCo.pICR)->CSW.hCCC->CILH.sL->CILH.oQC->BCF.gBS->BCF.gBS->ICFG.sF->ICFG.sF->ICFG.sF->ICFG.sF->ICFG.sF->ICFG.sF->ICFG.sF->CAMSM.pM_2002->ARP.hP(cab/cast)@E-E-ADM
09-07 14:28:08.040   893 12887 I GenericSource: start
09-07 14:28:08.051   893 12952 D CCodec  : allocate(c2.android.vorbis.decoder)
09-07 14:28:08.055   893 12952 I CCodec  : setting up 'default' as default (vendor) store
09-07 14:28:08.056  1033  2772 I Telecom : CallAudioRouteStateMachine: Message received: SWITCH_FOCUS=4001, arg1=3: (...->CS.crCo->H.CS.crCo->H.CS.crCo.pICR)->CSW.hCCC->CILH.sL->CILH.oQC->BCF.gBS->BCF.gBS->ICFG.sF->ICFG.sF->ICFG.sF->ICFG.sF->ICFG.sF->ICFG.sF->ICFG.sF->CAMSM.pM_2002->CARSM.pM_SWITCH_FOCUS(cab/cast)@E-E-ADM
09-07 14:28:08.056   911   911 V C2Store : in init
09-07 14:28:08.057   911   911 V C2Store : loading dll
09-07 14:28:08.057  1033  2772 I Telecom : QuiescentSpeakerRoute: Processing message SWITCH_FOCUS: (...->CS.crCo->H.CS.crCo->H.CS.crCo.pICR)->CSW.hCCC->CILH.sL->CILH.oQC->BCF.gBS->BCF.gBS->ICFG.sF->ICFG.sF->ICFG.sF->ICFG.sF->ICFG.sF->ICFG.sF->ICFG.sF->CAMSM.pM_2002->CARSM.pM_SWITCH_FOCUS(cab/cast)@E-E-ADM
09-07 14:28:08.058  1033  2772 I Telecom : Event: RecordEntry TC@1: AUDIO_ROUTE, Leaving state QuiescentSpeakerRoute: (...->CS.crCo->H.CS.crCo->H.CS.crCo.pICR)->CSW.hCCC->CILH.sL->CILH.oQC->BCF.gBS->BCF.gBS->ICFG.sF->ICFG.sF->ICFG.sF->ICFG.sF->ICFG.sF->ICFG.sF->ICFG.sF->CAMSM.pM_2002->CARSM.pM_SWITCH_FOCUS(cab/cast)@E-E-ADM
09-07 14:28:08.059  1033  2772 I Telecom : Event: RecordEntry TC@1: AUDIO_ROUTE, Entering state ActiveSpeakerRoute: (...->CS.crCo->H.CS.crCo->H.CS.crCo.pICR)->CSW.hCCC->CILH.sL->CILH.oQC->BCF.gBS->BCF.gBS->ICFG.sF->ICFG.sF->ICFG.sF->ICFG.sF->ICFG.sF->ICFG.sF->ICFG.sF->CAMSM.pM_2002->CARSM.pM_SWITCH_FOCUS(cab/cast)@E-E-ADM
09-07 14:28:08.060  1033  2772 I Telecom : Event: RecordEntry TC@1: AUDIO_ROUTE_SPEAKER, null: (...->CS.crCo->H.CS.crCo->H.CS.crCo.pICR)->CSW.hCCC->CILH.sL->CILH.oQC->BCF.gBS->BCF.gBS->ICFG.sF->ICFG.sF->ICFG.sF->ICFG.sF->ICFG.sF->ICFG.sF->ICFG.sF->CAMSM.pM_2002->CARSM.pM_SWITCH_FOCUS(cab/cast)@E-E-ADM
09-07 14:28:08.060  1033  2772 I Telecom : CallAudioRouteStateMachine: turning speaker phone true: (...->CS.crCo->H.CS.crCo->H.CS.crCo.pICR)->CSW.hCCC->CILH.sL->CILH.oQC->BCF.gBS->BCF.gBS->ICFG.sF->ICFG.sF->ICFG.sF->ICFG.sF->ICFG.sF->ICFG.sF->ICFG.sF->CAMSM.pM_2002->CARSM.pM_SWITCH_FOCUS(cab/cast)@E-E-ADM
09-07 14:28:08.062   512 12935 D HarmanHAL: StreamIn::getCapturePositionImpl
09-07 14:28:08.066  1033  2772 I Telecom : CallAudioRouteStateMachine: setSystemAudioState: changing from [AudioState isMuted: false, route: SPEAKER, supportedRouteMask: SPEAKER, activeBluetoothDevice: [null], supportedBluetoothDevices: []] to [AudioState isMuted: false, route: SPEAKER, supportedRouteMask: SPEAKER, activeBluetoothDevice: [null], supportedBluetoothDevices: []]: (...->CS.crCo->H.CS.crCo->H.CS.crCo.pICR)->CSW.hCCC->CILH.sL->CILH.oQC->BCF.gBS->BCF.gBS->ICFG.sF->ICFG.sF->ICFG.sF->ICFG.sF->ICFG.sF->ICFG.sF->ICFG.sF->CAMSM.pM_2002->CARSM.pM_SWITCH_FOCUS(cab/cast)@E-E-ADM
09-07 14:28:08.066   893 12952 I CCodec  : Created component [c2.android.vorbis.decoder]
09-07 14:28:08.067   893 12952 D CCodecConfig: read media type: audio/vorbis
09-07 14:28:08.067  1033  2772 I Telecom : InCallController: Calling onAudioStateChanged, audioState: [AudioState isMuted: false, route: SPEAKER, supportedRouteMask: SPEAKER, activeBluetoothDevice: [null], supportedBluetoothDevices: []] -> [AudioState isMuted: false, route: SPEAKER, supportedRouteMask: SPEAKER, activeBluetoothDevice: [null], supportedBluetoothDevices: []]: (...->CS.crCo->H.CS.crCo->H.CS.crCo.pICR)->CSW.hCCC->CILH.sL->CILH.oQC->BCF.gBS->BCF.gBS->ICFG.sF->ICFG.sF->ICFG.sF->ICFG.sF->ICFG.sF->ICFG.sF->ICFG.sF->CAMSM.pM_2002->CARSM.pM_SWITCH_FOCUS(cab/cast)@E-E-ADM
09-07 14:28:08.068  1033  2772 I Telecom : BluetoothRouteManager: getBluetoothAudioConnectedDevice: no service available.: (...->CS.crCo->H.CS.crCo->H.CS.crCo.pICR)->CSW.hCCC->CILH.sL->CILH.oQC->BCF.gBS->BCF.gBS->ICFG.sF->ICFG.sF->ICFG.sF->ICFG.sF->ICFG.sF->ICFG.sF->ICFG.sF->CAMSM.pM_2002->CARSM.pM_SWITCH_FOCUS(cab/cast)@E-E-ADM
09-07 14:28:08.069  1033  2772 I Telecom : CallAudioRouteStateMachine: Message received: SPEAKER_ON=1006, arg1=0: CARSM.mSPCR->CARSM.pM_SPEAKER_ON@ADs
09-07 14:28:08.069  1033  2772 I Telecom : ActiveSpeakerRoute: Processing message SPEAKER_ON: CARSM.mSPCR->CARSM.pM_SPEAKER_ON@ADs
09-07 14:28:08.069  2584  2584 I TelecomFramework: HfpClientConnectionService: onAudioStateChanged TC@1_1 [AudioState isMuted: false, route: SPEAKER, supportedRouteMask: SPEAKER, activeBluetoothDevice: [null], supportedBluetoothDevices: []]: (...->CSW.hCCC->CILH.sL->CILH.oQC->BCF.gBS->BCF.gBS->ICFG.sF->ICFG.sF->ICFG.sF->ICFG.sF->ICFG.sF->ICFG.sF->ICFG.sF->CAMSM.pM_2002->CARSM.pM_SWITCH_FOCUS)->CS.cASC->H.CS.cASC(cab/cast/cast)@E-E-E-ADM
09-07 14:28:08.069   893 12952 D ReflectedParamUpdater: extent() != 1 for single value type: algo.buffers.max-count.values
09-07 14:28:08.070   893 12952 D ReflectedParamUpdater: extent() != 1 for single value type: output.subscribed-indices.values
09-07 14:28:08.070   893 12952 D ReflectedParamUpdater: extent() != 1 for single value type: input.buffers.allocator-ids.values
09-07 14:28:08.070   893 12952 D ReflectedParamUpdater: extent() != 1 for single value type: output.buffers.allocator-ids.values
09-07 14:28:08.070   893 12952 D ReflectedParamUpdater: extent() != 1 for single value type: algo.buffers.allocator-ids.values
09-07 14:28:08.071   893 12952 D ReflectedParamUpdater: extent() != 1 for single value type: output.buffers.pool-ids.values
09-07 14:28:08.071   893 12952 D ReflectedParamUpdater: extent() != 1 for single value type: algo.buffers.pool-ids.values
09-07 14:28:08.073   893 12952 I CCodecConfig: query failed after returning 7 values (BAD_INDEX)
09-07 14:28:08.073   893 12952 D CCodecConfig: c2 config diff is Dict {
09-07 14:28:08.073   893 12952 D CCodecConfig:   c2::u32 coded.bitrate.value = 64000
09-07 14:28:08.073   893 12952 D CCodecConfig:   c2::u32 input.buffers.max-size.value = 32768
09-07 14:28:08.073   893 12952 D CCodecConfig:   c2::u32 input.delay.value = 0
09-07 14:28:08.073   893 12952 D CCodecConfig:   string input.media-type.value = "audio/vorbis"
09-07 14:28:08.073   893 12952 D CCodecConfig:   string output.media-type.value = "audio/raw"
09-07 14:28:08.073   893 12952 D CCodecConfig:   c2::u32 raw.channel-count.value = 1
09-07 14:28:08.073   893 12952 D CCodecConfig:   c2::u32 raw.sample-rate.value = 48000
09-07 14:28:08.073   893 12952 D CCodecConfig: }
09-07 14:28:08.074   893 12952 D CCodec  : [c2.android.vorbis.decoder] buffers are bound to CCodec for this session
09-07 14:28:08.075   893 12952 D CCodecConfig: no c2 equivalents for durationUs
09-07 14:28:08.075   893 12952 D CCodecConfig: no c2 equivalents for csd-1
09-07 14:28:08.075   893 12952 D CCodecConfig: no c2 equivalents for channel-mask
09-07 14:28:08.075   893 12952 D CCodecConfig: no c2 equivalents for flags
09-07 14:28:08.076   893 12952 D CCodecConfig: c2 config diff is   c2::u32 raw.channel-count.value = 2
09-07 14:28:08.076   893 12952 D CCodecConfig:   c2::u32 raw.sample-rate.value = 44100
09-07 14:28:08.077   576   576 W APM::AudioPolicyEngine: getDevicesForStrategy() unknown strategy: -1
09-07 14:28:08.077   893 12952 W Codec2Client: query -- param skipped: index = 1107298332.
09-07 14:28:08.078   893 12952 D CCodec  : setup formats input: AMessage(what = 0x00000000) = {
09-07 14:28:08.078   893 12952 D CCodec  :   int32_t channel-count = 2
09-07 14:28:08.078   893 12952 D CCodec  :   int32_t max-input-size = 32768
09-07 14:28:08.078   893 12952 D CCodec  :   string mime = "audio/vorbis"
09-07 14:28:08.078   893 12952 D CCodec  :   int32_t sample-rate = 44100
09-07 14:28:08.078   893 12952 D CCodec  : } and output: AMessage(what = 0x00000000) = {
09-07 14:28:08.078   893 12952 D CCodec  :   int32_t channel-count = 2
09-07 14:28:08.078   893 12952 D CCodec  :   string mime = "audio/raw"
09-07 14:28:08.078   893 12952 D CCodec  :   int32_t sample-rate = 44100
09-07 14:28:08.078   893 12952 D CCodec  :   int32_t channel-mask = 3
09-07 14:28:08.078   893 12952 D CCodec  : }
09-07 14:28:08.079   576   576 W APM::AudioPolicyEngine: getDevicesForStrategy() unknown strategy: -1
09-07 14:28:08.079   893 12952 I MediaCodec: MediaCodec will operate in async mode
09-07 14:28:08.079   576   576 W APM::AudioPolicyEngine: getDevicesForStrategy() unknown strategy: -1
09-07 14:28:08.081   893 12952 W Codec2Client: query -- param skipped: index = 1342179345.
09-07 14:28:08.081   893 12952 W Codec2Client: query -- param skipped: index = 2415921170.
09-07 14:28:08.083   893 12952 E FMQ     : grantorIdx must be less than 3
09-07 14:28:08.083   893 12952 E FMQ     : grantorIdx must be less than 3
09-07 14:28:08.083   893 12952 D CCodecBufferChannel: [c2.android.vorbis.decoder#33] Created input block pool with allocatorID 16 => poolID 18 - OK (0)
09-07 14:28:08.083   911   911 D BufferPoolAccessor2.0: bufferpool2 0xb400007205c6a658 : 0(0 size) total buffers - 0(0 size) used buffers - 93/97 (recycle/alloc) - 4/96 (fetch/transfer)
09-07 14:28:08.083   911   911 D BufferPoolAccessor2.0: Destruction - bufferpool2 0xb400007205c6a658 cached: 0/0M, 0/0% in use; allocs: 97, 96% recycled; transfers: 96, 96% unfetched
09-07 14:28:08.084   911  1630 E FMQ     : grantorIdx must be less than 3
09-07 14:28:08.084   911  1630 E FMQ     : grantorIdx must be less than 3
09-07 14:28:08.085 10939 11065 D BufferPoolAccessor2.0: bufferpool2 0xb400007ddaf4f7e8 : 0(0 size) total buffers - 0(0 size) used buffers - 2/7 (recycle/alloc) - 6/38 (fetch/transfer)
09-07 14:28:08.085 10939 11065 D BufferPoolAccessor2.0: Destruction - bufferpool2 0xb400007ddaf4f7e8 cached: 0/0M, 0/0% in use; allocs: 7, 29% recycled; transfers: 38, 84% unfetched
09-07 14:28:08.085   893 12952 I CCodecBufferChannel: [c2.android.vorbis.decoder#33] Created output block pool with allocatorID 16 => poolID 32 - OK
09-07 14:28:08.085   893 12952 D CCodecBufferChannel: [c2.android.vorbis.decoder#33] Configured output block pool ids 32 => OK
09-07 14:28:08.085 10939 11065 D BufferPoolAccessor2.0: bufferpool2 0xb400007ddaf52628 : 0(0 size) total buffers - 0(0 size) used buffers - 1/7 (recycle/alloc) - 6/36 (fetch/transfer)
09-07 14:28:08.086 10939 11065 D BufferPoolAccessor2.0: Destruction - bufferpool2 0xb400007ddaf52628 cached: 0/0M, 0/0% in use; allocs: 7, 14% recycled; transfers: 36, 83% unfetched
09-07 14:28:08.086 10939 11065 D BufferPoolAccessor2.0: bufferpool2 0xb400007ddaf5bc78 : 0(0 size) total buffers - 0(0 size) used buffers - 1/7 (recycle/alloc) - 6/18 (fetch/transfer)
09-07 14:28:08.086 10939 11065 D BufferPoolAccessor2.0: Destruction - bufferpool2 0xb400007ddaf5bc78 cached: 0/0M, 0/0% in use; allocs: 7, 14% recycled; transfers: 18, 67% unfetched
09-07 14:28:08.087   911 12953 D SimpleC2Component: Using output block pool with poolID 32 => got 32 - 0
09-07 14:28:08.087   893 12952 E FMQ     : grantorIdx must be less than 3
09-07 14:28:08.087   911  1630 E FMQ     : grantorIdx must be less than 3
09-07 14:28:08.092   512 12935 D HarmanHAL: StreamIn::getCapturePositionImpl
09-07 14:28:08.093   512  1220 D HarmanHAL: StreamIn::updateSinkMetadata
09-07 14:28:08.093   512  1221 D HarmanHAL: StreamIn::standby
09-07 14:28:08.094   512  1221 I HarmanHal: Device::releaseAudioPatch for patch id :39 
09-07 14:28:08.094  1033  1942 I system_server: oneway function results will be dropped but finished with status OK and parcel size 4
09-07 14:28:08.094   512  1221 I HarmanHal: Device::releaseAudioPatch: disconnect handle = 0x27, mDeviceAddress[handle] =  successfully by Hal audio
09-07 14:28:08.095   911 12953 E FMQ     : grantorIdx must be less than 3
09-07 14:28:08.096   512  1221 I HarmanHal.Routing: hacs handle = 78, stream(Tuner_Uplink) address = 0xb40000761bca3380 in closeInputStream() Device.cpp:154
09-07 14:28:08.096   893  3129 E FMQ     : grantorIdx must be less than 3
09-07 14:28:08.096   512  1221 I HarmanHal.Routing: hacs name(pcmTunerIn_c), mPcmHandle(0xb40000761bca2350) this(0xb40000761bca35d0) in closePcmNode() PcmAlsaWrapper.cpp:49
09-07 14:28:08.097  1033  1942 I system_server: oneway function results will be dropped but finished with status OK and parcel size 4
09-07 14:28:08.098   893 12952 D CCodecBuffers: [c2.android.vorbis.decoder#33:Output[N]] popFromStashAndRegister: output format changed to AMessage(what = 0x00000000) = {
09-07 14:28:08.098   893 12952 D CCodecBuffers:   int32_t channel-count = 2
09-07 14:28:08.098   893 12952 D CCodecBuffers:   string mime = "audio/raw"
09-07 14:28:08.098   893 12952 D CCodecBuffers:   int32_t sample-rate = 44100
09-07 14:28:08.098   893 12952 D CCodecBuffers:   int32_t channel-mask = 3
09-07 14:28:08.098   893 12952 D CCodecBuffers: }
09-07 14:28:08.099  1033 10926 I system_server: oneway function results will be dropped but finished with status OK and parcel size 4
01-01 00:03:11.090     0     0 I event_handler: reclaimed all bufs
09-07 14:28:08.099  1033 10926 I system_server: oneway function results will be dropped but finished with status OK and parcel size 4
09-07 14:28:08.101  1033  2748 I system_server: oneway function results will be dropped but finished with status OK and parcel size 4
09-07 14:28:08.112   512  1221 I HarmanHal.Routing: hacs alsa node(pcmTunerIn_c): closed in closePcmNode() PcmAlsaWrapper.cpp:61
09-07 14:28:08.112   512  1221 I HarmanHal.Routing: hacs release handler(0xb40000761bca35d0) start in releasePcmHandler() PcmHandlerFactory.cpp:256
09-07 14:28:08.112   512  1221 I HarmanHal.Routing: hacs module(0xb40000761bca35d0) name(pcmTunerIn_c) refCnt(0), delete it in releasePcmHandler() PcmHandlerFactory.cpp:264
09-07 14:28:08.112   512  1221 I HarmanHal.Routing: hacs delete handler(0xb40000761bca35d0) start in deletePcmHandler() PcmHandlerFactory.cpp:227
09-07 14:28:08.112   512  1221 I HarmanHal.Routing: hacs alsa node(pcmTunerIn_c): closed in closePcmNode() PcmAlsaWrapper.cpp:38
09-07 14:28:08.112   512  1221 I HarmanHal.Routing: hacs deactivateScenarioForAudioRecord for Tuner_Uplink 
09-07 14:28:08.112   512  1221 I HarmanHal.Routing:   in closeInputStream() Device.cpp:216
09-07 14:28:08.114   512  1221 W HarmanHal.Routing: hacs stream name:Tuner_Uplink return invalid state
09-07 14:28:08.114   512  1221 W HarmanHal.Routing:  in close() StreamIn.cpp:527
09-07 14:28:08.118   576   576 W APM::AudioPolicyEngine: getDevicesForStrategy() unknown strategy: -1
09-07 14:28:08.142   512  1220 I HarmanHal: Device::createAudioPatch Entry
09-07 14:28:08.142   512  1220 I HarmanHal: Device::createAudioPatch: handle = 0x31, portHandle = 0x2, mDeviceAddress[handle] = bus0_media_out, mDeviceAddress2[portHandle] = bus1_navigation_out
09-07 14:28:08.142   512  1220 I HarmanHal: Device::createAudioPatch: handle = 0x31, portHandle = 0x2, mDeviceAddress[handle] = , mDeviceAddress2[portHandle] = bus0_media_out
09-07 14:28:08.155  1033  1942 I system_server: oneway function results will be dropped but finished with status OK and parcel size 4
09-07 14:28:08.158   512  1220 I HarmanHal.Routing: hacs handle: 86 devices: 80002000 flags: 0 srate: 48000 format 0x1 channels c address  source 1 in openInputStreamImpl() Device.cpp:541
09-07 14:28:08.158   512  1220 I HarmanHal.Routing: hacs handle = 86, devices = 0x80002000, flags = 0x0, address = , source = 1 in openAdaptiveInputStream() Device.cpp:1097
09-07 14:28:08.158   512  1220 I HarmanHal:  EffectsController::getUplinkPathNameBySrcType uplink path  to be set is 
09-07 14:28:08.158   512  1220 I HarmanHal.Routing: hacs Get HAR path Name: Tuner_Uplink in openAdaptiveInputStream() Device.cpp:1181
09-07 14:28:08.158   512  1220 I HarmanHal.Routing: hacs no name(pcmTunerIn_c) handler created bedore, creating a new instance now in getPcmHandlerByName() PcmHandlerFactory.cpp:282
09-07 14:28:08.158   512  1220 I HarmanHal.Routing: hacs new handler(pcmTunerIn_c) direction(1) start in createPcmHandler() PcmHandlerFactory.cpp:302
09-07 14:28:08.158   512  1220 I HarmanHal.Routing: hacs pcmTunerIn_c sample_rate(48000) num_channles(2) bitwidth(3) periodSize(1536) periodCount(4) channel_map(0) this(0xb40000761bc9dba0) in setAlsaAudioParams() PcmHandler.cpp:104
09-07 14:28:08.159   512  1220 I HarmanHal.Routing: hacs sinkPort(0xb40000762bc77730) pathName(Tuner_Uplink) direction(1) in linkSinkPortToRoutingPath() AudioRoutingManager.cpp:228
09-07 14:28:08.159   512  1220 I HarmanHal.Routing: hacs channel mask = 0xc, channel = 2, format = 0x1, rate = 48000 in set() Stream.cpp:397
09-07 14:28:08.159   512  1220 I HarmanHal.Routing: hacs owner(pcmTunerIn_c): owner period ms 32, linked period ms 32 in initRBuffer() AudioPort.cpp:967
09-07 14:28:08.160   512  1220 V acdb-loader-wrapper: 323:acdb_loader_send_audio_cal_v4
09-07 14:28:08.160   512  1220 D acdb_loader_proxy: acdb_loader_send_audio_cal_v4: acdb_id(143), capability(2), app_id(69938), sample_rate(48000), use_case(0), afe_sample_rate(48000)
09-07 14:28:08.161   393  1492 D acdb_loader_server: onTransact SEND_AUDIO_CAL_V4: acdb_id(143), capability(2), app_id(69938), sample_rate(48000), use_case(0), afe_sample_rate(48000)
09-07 14:28:08.161   393  1492 D ACDB-LOADER: ACDB -> send_audio_cal, acdb_id = 143, path = 1, app id = 0x11132, sample rate = 48000, afe_sample_rate = 48000
09-07 14:28:08.161   393  1492 D ACDB-LOADER: ACDB -> send_asm_topology
09-07 14:28:08.161   393  1492 D ACDB-LOADER: ACDB -> ACDB_CMD_GET_AUDPROC_STREAM_TOPOLOGY_ID
09-07 14:28:08.161   393  1492 D ACDB-LOADER: ACDB -> send_adm_topology
09-07 14:28:08.161   393  1492 D ACDB-LOADER: ACDB -> ACDB_CMD_GET_AUDPROC_COMMON_TOPOLOGY_ID
09-07 14:28:08.161   393  1492 D ACDB-LOADER: ACDB -> send_audtable
09-07 14:28:08.161   393  1492 D ACDB-LOADER: ACDB -> ACDB_CMD_GET_AUDPROC_INSTANCE_COMMON_TABLE_SIZE
09-07 14:28:08.161   393  1492 D ACDB-LOADER: ACDB -> ACDB_CMD_GET_AUDPROC_INSTANCE_COMMON_TABLE
09-07 14:28:08.161   393  1492 D ACDB-LOADER: ACDB -> AUDIO_SET_AUDPROC_CAL cal_type[11] acdb_id[143] app_type[69938]
09-07 14:28:08.161   393  1492 D ACDB-LOADER: check_fnn_usecase_status: fnn usecase active 0
09-07 14:28:08.161   393  1492 D ACDB-LOADER: ACDB -> ACDB_CMD_GET_PERSISTENT_AUDPROC_INSTANCE_COMMON_TABLE_SIZE
09-07 14:28:08.161   393  1492 D acdb_loader_service: [Data Manager]-> No data found
09-07 14:28:08.161   393  1492 D ACDB-LOADER: Error: ACDB_CMD_GET_PERSISTENT_AUDPROC_INSTANCE_COMMON_TABLE_SIZE returned -18
09-07 14:28:08.162   393  1492 D ACDB-LOADER: ACDB -> send_audproc_persist_table -18 
09-07 14:28:08.162   393  1492 D ACDB-LOADER: Error: Invalid Audproc persist size = -18
09-07 14:28:08.162   393  1492 D ACDB-LOADER: ACDB -> ACDB_CMD_GET_AUDPROC_INSTANCE_STREAM_TABLE_SIZE
09-07 14:28:08.162   393  1492 D ACDB-LOADER: ACDB -> send_audstrmtable
09-07 14:28:08.162   393  1492 D ACDB-LOADER: ACDB -> ACDB_CMD_GET_AUDPROC_INSTANCE_STREAM_TABLE
09-07 14:28:08.162   393  1492 D ACDB-LOADER: ACDB -> audstrm_cal->cal_type.cal_data.cal_size = 48
09-07 14:28:08.162   393  1492 D ACDB-LOADER: ACDB -> send_afe_topology
09-07 14:28:08.162   393  1492 D ACDB-LOADER: ACDB -> ACDB_CMD_GET_AFE_TOPOLOGY_ID
09-07 14:28:08.162   393  1492 D ACDB-LOADER: ACDB -> GET_AFE_TOPOLOGY_ID for adcd_id 143, Topology Id 112fb
09-07 14:28:08.162   393  1492 D ACDB-LOADER: ACDB -> send_afe_cal
09-07 14:28:08.162   393  1492 D ACDB-LOADER: ACDB -> ACDB_CMD_GET_AFE_INSTANCE_COMMON_TABLE_SIZE
09-07 14:28:08.162   393  1492 D acdb_loader_service: Failed to fetch the lookup information of the device 0000008F 
09-07 14:28:08.162   393  1492 D ACDB-LOADER: Error: ACDB_CMD_GET_AFE_INSTANCE_COMMON_TABLE_SIZE Returned = -19
09-07 14:28:08.162   393  1492 D ACDB-LOADER: ACDB -> ACDB_CMD_GET_AFE_INSTANCE_COMMON_TABLE
09-07 14:28:08.163   393  1492 D acdb_loader_service: Failed to fetch the lookup information of the device 0000008F 
09-07 14:28:08.163   393  1492 D ACDB-LOADER: Error: ACDB AFE returned = -19
09-07 14:28:08.163   393  1492 D ACDB-LOADER: ACDB -> AUDIO_SET_AFE_CAL cal_type[17] acdb_id[143]
09-07 14:28:08.163   393  1492 D ACDB-LOADER: ACDB -> send_hw_delay : acdb_id = 143 path = 1
09-07 14:28:08.163   393  1492 D ACDB-LOADER: ACDB -> ACDB_AVSYNC_INFO: ACDB_CMD_GET_DEVICE_PROPERTY
09-07 14:28:08.163   512  1220 D audio_route: Apply path: pcmTunerIn_c
01-01 00:03:11.160     0     0 E tdm_param_set_slot_mask: invalid slot map setting
01-01 00:03:11.167     0     0 I afe_get_cal_topology_id: port_id = 0x9033 acdb_id = 143 topology_id = 0x112fb cal_type_index=8 ret=0
01-01 00:03:11.167     0     0 E send_afe_cal_type: No cal sent for cal_index 1, port_id = 0x9033! ret -22
01-01 00:03:11.176     0     0 I afe_send_hw_delay: port_id 0x9033 rate 48000 delay_usec 0 status 0
09-07 14:28:08.202   512  1220 I HarmanHal.Routing: hacs alsa node(pcmTunerIn_c): opened in openPcmNode() PcmAlsaWrapper.cpp:98
09-07 14:28:08.203   512  1220 I HarmanHal: EffectsController:: setAudioSourceInfoForEcnr audioSource::1  channelMask::12  sampleRate::48000 inputBusName :  
09-07 14:28:08.203   512  1220 I HarmanHal.Routing: hacs setAudioSourceInfoForEcnr: source- 0x1, mask- 0xC address: 
09-07 14:28:08.203   512  1220 I HarmanHal.Routing:  in openAdaptiveInputStream() Device.cpp:1271
09-07 14:28:08.203   512  1220 I HarmanHal.Routing: hacs status 0 stream(80002000, 1, ) address 0xb40000761bca2a40 in openInputStreamImpl() Device.cpp:565
09-07 14:28:08.203   512  1220 D HarmanHAL: StreamIn::updateSinkMetadata
09-07 14:28:08.203   512  1221 D HarmanHAL: StreamIn::getAudioProperties
09-07 14:28:08.204   512  3590 D HarmanHAL: StreamIn::getAudioProperties
09-07 14:28:08.205   512  1221 D HarmanHAL: StreamIn::getFrameSize
09-07 14:28:08.205   512  1220 D HarmanHAL: StreamIn::getBufferSize
09-07 14:28:08.206   512  1221 D HarmanHAL: StreamIn::getBufferSize
09-07 14:28:08.206   512  3590 D HarmanHAL: StreamIn::getAudioProperties
09-07 14:28:08.207   576 12960 I AudioFlinger: AudioFlinger's thread 0xb4000072482e1040 tid=12960 ready to run
09-07 14:28:08.207   512  1220 D HarmanHAL: StreamIn::standby
09-07 14:28:08.208   512  1220 I HarmanHal: Device::createAudioPatch Entry
09-07 14:28:08.208   512  1220 I HarmanHal: Device::createAudioPatch: handle = 0x32, portHandle = 0x0, mDeviceAddress[handle] = , mDeviceAddress2[portHandle] = 
09-07 14:28:08.208   512  1220 I HarmanHal: Device::createAudioPatch: source device = 0x80002000, address = tuner0, id = 0x0x1d
09-07 14:28:08.209   512  1220 I HarmanHal: CreateAudioPatch for bus: sink:
09-07 14:28:08.209   512  1220 I HarmanHal: #### CreateAudioPatch for bus is Empty #### 
09-07 14:28:08.209   512  1220 I HarmanHal: Device::createAudioPatch: handle = 0x32, portHandle = 0x1d, mDeviceAddress[handle] = , mDeviceAddress2[portHandle] = 
09-07 14:28:08.209  1033  1942 I system_server: oneway function results will be dropped but finished with status OK and parcel size 4
09-07 14:28:08.209   576 12960 W AudioSystem: ioConfigChanged() modifying unknown output! 86
09-07 14:28:08.209  1033  2748 I system_server: oneway function results will be dropped but finished with status OK and parcel size 4
09-07 14:28:08.210   893   893 W AudioSystem: ioConfigChanged() modifying unknown output! 86
09-07 14:28:08.210  1033  2748 W AudioSystem: ioConfigChanged() modifying unknown output! 86
09-07 14:28:08.211  2508  3591 W AudioSystem: ioConfigChanged() modifying unknown output! 86
09-07 14:28:08.211  2584  2609 W AudioSystem: ioConfigChanged() modifying unknown output! 86
09-07 14:28:08.211  4596  4617 W AudioSystem: ioConfigChanged() modifying unknown output! 86
09-07 14:28:08.211 10939 10973 W AudioSystem: ioConfigChanged() modifying unknown output! 86
09-07 14:28:08.212   512  1220 D HarmanHAL: StreamIn::standby
09-07 14:28:08.213   512  3590 I HarmanHal: Device::createAudioPatch Entry
09-07 14:28:08.213   512  3590 E HarmanHal: Device::createAudioPatch: sink address is empty! 
09-07 14:28:08.213   512  3590 I HarmanHal: Device::createAudioPatch: handle = 0x33, portHandle = 0x3, mDeviceAddress[handle] = , mDeviceAddress2[portHandle] = bus2_voice_command_out
09-07 14:28:08.213   512  3590 I HarmanHal: CreateAudioPatch for bus: sink:
09-07 14:28:08.213   512  3590 I HarmanHal: #### CreateAudioPatch for bus is Empty #### 
09-07 14:28:08.213  1033  2748 I system_server: oneway function results will be dropped but finished with status OK and parcel size 4
09-07 14:28:08.213   512  3590 I HarmanHal: Device::createAudioPatch: handle = 0x33, portHandle = 0x3, mDeviceAddress[handle] = , mDeviceAddress2[portHandle] = 
09-07 14:28:08.218  2584  2609 D AudioStreamLegacy: onAudioDeviceUpdate(deviceId = 2)
09-07 14:28:08.218   576  1076 D AF::TrackHandle: OpPlayAudio: not muting track:71 usage:0 for service UID 1041
09-07 14:28:08.219   576   676 E AudioFlinger::PatchPanel: Software patch connections leaked 444 452
09-07 14:28:08.220   576   676 E AudioFlinger::PatchPanel: A non empty Patch Endpoint leaked, handle 444
09-07 14:28:08.220   576   676 E AudioFlinger::PatchPanel: A non empty Patch Endpoint leaked, handle 452
09-07 14:28:08.222   512  1220 D HarmanHAL: StreamIn::updateSinkMetadata
09-07 14:28:08.222   512  1220 D HarmanHAL: StreamIn::prepareForReading
09-07 14:28:08.222   512  1220 E FMQ     : grantorIdx must be less than 3
09-07 14:28:08.223   576   576 W APM::AudioPolicyEngine: getDevicesForStrategy() unknown strategy: -1
09-07 14:28:08.223   512  1220 E FMQ     : grantorIdx must be less than 3
09-07 14:28:08.223   576   576 W APM::AudioPolicyEngine: getDevicesForStrategy() unknown strategy: -1
09-07 14:28:08.224   576 12960 E FMQ     : grantorIdx must be less than 3
09-07 14:28:08.224   576 12960 E FMQ     : grantorIdx must be less than 3
09-07 14:28:08.224   512 12964 I HarmanHal.Routing: hacs id(466233920) bufferNum(3) in createRingBuffer() RingBufferManager.cpp:105
09-07 14:28:08.224   512 12964 I HarmanHal.Routing: hacs channels(2) frames(1536) bufferNum(3) mIsInitialized(0) in initialize() RingBuffer.cpp:412
09-07 14:28:08.224   512 12964 I HarmanHal.Routing: hacs Different FormatAudioSampleItem 1, 3 in operator==() AudioSample.hpp:141
09-07 14:28:08.224   512 12964 I HarmanHal.Routing: hacs owner(Tuner_Uplink): dst param -- sampleRate(48000) format(1) channels(2) periodSize(1536) in ifNeedDoConvert() AudioPort.cpp:535
09-07 14:28:08.224   512 12964 I HarmanHal.Routing: hacs owner(Tuner_Uplink): NO NEED DO CONVERT in ifNeedDoConvert() AudioPort.cpp:543
09-07 14:28:08.224   512 12964 I HarmanHal.Routing: hacs id(466213792) bufferSize(12288) bufferNum(3) in createRingBuffer() RingBufferManager.cpp:77
09-07 14:28:08.224   512 12964 I HarmanHal.Routing: hacs bufferSize(12288 --> 12288) bufferNum(3) this(0xb4000075bbc80100) in initialize() RingBuffer.cpp:384
09-07 14:28:08.224  1033  1942 I system_server: oneway function results will be dropped but finished with status OK and parcel size 4
09-07 14:28:08.225   576   576 W APM::AudioPolicyEngine: getDevicesForStrategy() unknown strategy: -1
09-07 14:28:08.225  1033  1942 I system_server: oneway function results will be dropped but finished with status OK and parcel size 4
09-07 14:28:08.226  1033  1942 I system_server: oneway function results will be dropped but finished with status OK and parcel size 4
09-07 14:28:08.228   576   576 W APM::AudioPolicyEngine: getDevicesForStrategy() unknown strategy: -1
09-07 14:28:08.231   576   576 I chatty  : uid=1041(audioserver) /system/bin/audioserver identical 1 line
09-07 14:28:08.232   576   576 W APM::AudioPolicyEngine: getDevicesForStrategy() unknown strategy: -1
09-07 14:28:08.261   512 12964 I HarmanHal.Routing: hacs Enable ADTM print for alsa node(pcmTunerIn_c) in printADTM() PcmAlsaWrapper.cpp:831
09-07 14:28:08.262   512 12964 D HarmanHAL: StreamIn::getCapturePositionImpl
09-07 14:28:08.264   512  1220 D HarmanHAL: StreamIn::updateSinkMetadata
09-07 14:28:08.264   512  1220 D HarmanHAL: StreamIn::standby
09-07 14:28:08.265  1033  1942 I system_server: oneway function results will be dropped but finished with status OK and parcel size 4
09-07 14:28:08.265   512  3590 I HarmanHal: Device::releaseAudioPatch for patch id :50 
09-07 14:28:08.265   512  3590 I HarmanHal: Device::releaseAudioPatch: disconnect handle = 0x32, mDeviceAddress[handle] =  successfully by Hal audio
09-07 14:28:08.267  1033  1942 I system_server: oneway function results will be dropped but finished with status OK and parcel size 4
09-07 14:28:08.271  1033  1824 I system_server: oneway function results will be dropped but finished with status OK and parcel size 4
09-07 14:28:08.271  1033  1824 I system_server: oneway function results will be dropped but finished with status OK and parcel size 4
09-07 14:28:08.272   512  3590 I HarmanHal: Device::releaseAudioPatch for patch id :51 
09-07 14:28:08.273   512  3590 I HarmanHal: Device::releaseAudioPatch: disconnect handle = 0x33, mDeviceAddress[handle] =  successfully by Hal audio
09-07 14:28:08.273  1033  1824 I system_server: oneway function results will be dropped but finished with status OK and parcel size 4
09-07 14:28:08.274   512  1220 I HarmanHal.Routing: hacs handle = 86, stream(Tuner_Uplink) address = 0xb40000761bca2a40 in closeInputStream() Device.cpp:154
09-07 14:28:08.274   512  1220 I HarmanHal.Routing: hacs name(pcmTunerIn_c), mPcmHandle(0xb40000761bca1320) this(0xb40000761bc9dba0) in closePcmNode() PcmAlsaWrapper.cpp:49
01-01 00:03:11.267     0     0 I event_handler: reclaimed all bufs
09-07 14:28:08.280   512  3972 I HarmanHal.Routing: hacs alsa node(pcmMedia_p) adtm interval_min:0 ms, inverval_max:16 ms, inverval_mean:8 ms!
09-07 14:28:08.280   512  3972 I HarmanHal.Routing:  in printADTM() PcmAlsaWrapper.cpp:876
09-07 14:28:08.288   512  1220 I HarmanHal.Routing: hacs alsa node(pcmTunerIn_c): closed in closePcmNode() PcmAlsaWrapper.cpp:61
09-07 14:28:08.289   512  1220 I HarmanHal.Routing: hacs release handler(0xb40000761bc9dba0) start in releasePcmHandler() PcmHandlerFactory.cpp:256
09-07 14:28:08.289   512  1220 I HarmanHal.Routing: hacs module(0xb40000761bc9dba0) name(pcmTunerIn_c) refCnt(0), delete it in releasePcmHandler() PcmHandlerFactory.cpp:264
09-07 14:28:08.289   512  1220 I HarmanHal.Routing: hacs delete handler(0xb40000761bc9dba0) start in deletePcmHandler() PcmHandlerFactory.cpp:227
09-07 14:28:08.289   512  1220 I HarmanHal.Routing: hacs alsa node(pcmTunerIn_c): closed in closePcmNode() PcmAlsaWrapper.cpp:38
09-07 14:28:08.289   512  1220 I HarmanHal.Routing: hacs deactivateScenarioForAudioRecord for Tuner_Uplink 
09-07 14:28:08.289   512  1220 I HarmanHal.Routing:   in closeInputStream() Device.cpp:216
09-07 14:28:08.292   512  1220 W HarmanHal.Routing: hacs stream name:Tuner_Uplink return invalid state
09-07 14:28:08.292   512  1220 W HarmanHal.Routing:  in close() StreamIn.cpp:527
09-07 14:28:08.297   576   576 W APM::AudioPolicyEngine: getDevicesForStrategy() unknown strategy: -1
09-07 14:28:08.321   512  3590 I HarmanHal: Device::createAudioPatch Entry
09-07 14:28:08.322   512  3590 I HarmanHal: Device::createAudioPatch: handle = 0x34, portHandle = 0x2, mDeviceAddress[handle] = bus0_media_out, mDeviceAddress2[portHandle] = bus1_navigation_out
09-07 14:28:08.322   512  3590 I HarmanHal: Device::createAudioPatch: handle = 0x34, portHandle = 0x2, mDeviceAddress[handle] = , mDeviceAddress2[portHandle] = bus0_media_out
09-07 14:28:08.324  2584  2609 D AudioStreamLegacy: onAudioDeviceUpdate(deviceId = 2)
09-07 14:28:08.336  1033  1824 I system_server: oneway function results will be dropped but finished with status OK and parcel size 4
09-07 14:28:08.340   512  1220 I HarmanHal.Routing: hacs handle: 94 devices: 80002000 flags: 0 srate: 48000 format 0x1 channels c address  source 1 in openInputStreamImpl() Device.cpp:541
09-07 14:28:08.340   512  1220 I HarmanHal.Routing: hacs handle = 94, devices = 0x80002000, flags = 0x0, address = , source = 1 in openAdaptiveInputStream() Device.cpp:1097
09-07 14:28:08.340   512  1220 I HarmanHal:  EffectsController::getUplinkPathNameBySrcType uplink path  to be set is 
09-07 14:28:08.340   512  1220 I HarmanHal.Routing: hacs Get HAR path Name: Tuner_Uplink in openAdaptiveInputStream() Device.cpp:1181
09-07 14:28:08.340   512  1220 I HarmanHal.Routing: hacs no name(pcmTunerIn_c) handler created bedore, creating a new instance now in getPcmHandlerByName() PcmHandlerFactory.cpp:282
09-07 14:28:08.340   512  1220 I HarmanHal.Routing: hacs new handler(pcmTunerIn_c) direction(1) start in createPcmHandler() PcmHandlerFactory.cpp:302
09-07 14:28:08.340   512  1220 I HarmanHal.Routing: hacs pcmTunerIn_c sample_rate(48000) num_channles(2) bitwidth(3) periodSize(1536) periodCount(4) channel_map(0) this(0xb40000761bca35d0) in setAlsaAudioParams() PcmHandler.cpp:104
09-07 14:28:08.340   512  1220 I HarmanHal.Routing: hacs sinkPort(0xb40000762bc73270) pathName(Tuner_Uplink) direction(1) in linkSinkPortToRoutingPath() AudioRoutingManager.cpp:228
09-07 14:28:08.340   512  1220 I HarmanHal.Routing: hacs channel mask = 0xc, channel = 2, format = 0x1, rate = 48000 in set() Stream.cpp:397
09-07 14:28:08.341   512  1220 I HarmanHal.Routing: hacs owner(pcmTunerIn_c): owner period ms 32, linked period ms 32 in initRBuffer() AudioPort.cpp:967
09-07 14:28:08.342   512  1220 V acdb-loader-wrapper: 323:acdb_loader_send_audio_cal_v4
09-07 14:28:08.342   512  1220 D acdb_loader_proxy: acdb_loader_send_audio_cal_v4: acdb_id(143), capability(2), app_id(69938), sample_rate(48000), use_case(0), afe_sample_rate(48000)
09-07 14:28:08.342   393  1492 D acdb_loader_server: onTransact SEND_AUDIO_CAL_V4: acdb_id(143), capability(2), app_id(69938), sample_rate(48000), use_case(0), afe_sample_rate(48000)
09-07 14:28:08.342   393  1492 D ACDB-LOADER: ACDB -> send_audio_cal, acdb_id = 143, path = 1, app id = 0x11132, sample rate = 48000, afe_sample_rate = 48000
09-07 14:28:08.342   393  1492 D ACDB-LOADER: ACDB -> send_asm_topology
09-07 14:28:08.342   393  1492 D ACDB-LOADER: ACDB -> ACDB_CMD_GET_AUDPROC_STREAM_TOPOLOGY_ID
09-07 14:28:08.343   393  1492 D ACDB-LOADER: ACDB -> send_adm_topology
09-07 14:28:08.343   393  1492 D ACDB-LOADER: ACDB -> ACDB_CMD_GET_AUDPROC_COMMON_TOPOLOGY_ID
09-07 14:28:08.343   393  1492 D ACDB-LOADER: ACDB -> send_audtable
09-07 14:28:08.343   393  1492 D ACDB-LOADER: ACDB -> ACDB_CMD_GET_AUDPROC_INSTANCE_COMMON_TABLE_SIZE
09-07 14:28:08.343   393  1492 D ACDB-LOADER: ACDB -> ACDB_CMD_GET_AUDPROC_INSTANCE_COMMON_TABLE
09-07 14:28:08.343   393  1492 D ACDB-LOADER: ACDB -> AUDIO_SET_AUDPROC_CAL cal_type[11] acdb_id[143] app_type[69938]
09-07 14:28:08.343   393  1492 D ACDB-LOADER: check_fnn_usecase_status: fnn usecase active 0
09-07 14:28:08.343   393  1492 D ACDB-LOADER: ACDB -> ACDB_CMD_GET_PERSISTENT_AUDPROC_INSTANCE_COMMON_TABLE_SIZE
09-07 14:28:08.343   393  1492 D acdb_loader_service: [Data Manager]-> No data found
09-07 14:28:08.343   393  1492 D ACDB-LOADER: Error: ACDB_CMD_GET_PERSISTENT_AUDPROC_INSTANCE_COMMON_TABLE_SIZE returned -18
09-07 14:28:08.343   393  1492 D ACDB-LOADER: ACDB -> send_audproc_persist_table -18 
09-07 14:28:08.343   393  1492 D ACDB-LOADER: Error: Invalid Audproc persist size = -18
09-07 14:28:08.343   393  1492 D ACDB-LOADER: ACDB -> ACDB_CMD_GET_AUDPROC_INSTANCE_STREAM_TABLE_SIZE
09-07 14:28:08.343   393  1492 D ACDB-LOADER: ACDB -> send_audstrmtable
09-07 14:28:08.343   393  1492 D ACDB-LOADER: ACDB -> ACDB_CMD_GET_AUDPROC_INSTANCE_STREAM_TABLE
09-07 14:28:08.343   393  1492 D ACDB-LOADER: ACDB -> audstrm_cal->cal_type.cal_data.cal_size = 48
09-07 14:28:08.343   393  1492 D ACDB-LOADER: ACDB -> send_afe_topology
09-07 14:28:08.344   393  1492 D ACDB-LOADER: ACDB -> ACDB_CMD_GET_AFE_TOPOLOGY_ID
09-07 14:28:08.344   393  1492 D ACDB-LOADER: ACDB -> GET_AFE_TOPOLOGY_ID for adcd_id 143, Topology Id 112fb
09-07 14:28:08.344   393  1492 D ACDB-LOADER: ACDB -> send_afe_cal
09-07 14:28:08.344   393  1492 D ACDB-LOADER: ACDB -> ACDB_CMD_GET_AFE_INSTANCE_COMMON_TABLE_SIZE
09-07 14:28:08.344   393  1492 D acdb_loader_service: Failed to fetch the lookup information of the device 0000008F 
09-07 14:28:08.344   393  1492 D ACDB-LOADER: Error: ACDB_CMD_GET_AFE_INSTANCE_COMMON_TABLE_SIZE Returned = -19
09-07 14:28:08.344   393  1492 D ACDB-LOADER: ACDB -> ACDB_CMD_GET_AFE_INSTANCE_COMMON_TABLE
09-07 14:28:08.344   393  1492 D acdb_loader_service: Failed to fetch the lookup information of the device 0000008F 
09-07 14:28:08.344   393  1492 D ACDB-LOADER: Error: ACDB AFE returned = -19
09-07 14:28:08.344   393  1492 D ACDB-LOADER: ACDB -> AUDIO_SET_AFE_CAL cal_type[17] acdb_id[143]
09-07 14:28:08.344   393  1492 D ACDB-LOADER: ACDB -> send_hw_delay : acdb_id = 143 path = 1
09-07 14:28:08.344   393  1492 D ACDB-LOADER: ACDB -> ACDB_AVSYNC_INFO: ACDB_CMD_GET_DEVICE_PROPERTY
09-07 14:28:08.344   512  1220 D audio_route: Apply path: pcmTunerIn_c
01-01 00:03:11.342     0     0 E tdm_param_set_slot_mask: invalid slot map setting
01-01 00:03:11.350     0     0 I afe_get_cal_topology_id: port_id = 0x9033 acdb_id = 143 topology_id = 0x112fb cal_type_index=8 ret=0
01-01 00:03:11.350     0     0 E send_afe_cal_type: No cal sent for cal_index 1, port_id = 0x9033! ret -22
01-01 00:03:11.358     0     0 I afe_send_hw_delay: port_id 0x9033 rate 48000 delay_usec 0 status 0
09-07 14:28:08.384   512  1220 I HarmanHal.Routing: hacs alsa node(pcmTunerIn_c): opened in openPcmNode() PcmAlsaWrapper.cpp:98
09-07 14:28:08.384   512  1220 I HarmanHal: EffectsController:: setAudioSourceInfoForEcnr audioSource::1  channelMask::12  sampleRate::48000 inputBusName :  
09-07 14:28:08.384   512  1220 I HarmanHal.Routing: hacs setAudioSourceInfoForEcnr: source- 0x1, mask- 0xC address: 
09-07 14:28:08.384   512  1220 I HarmanHal.Routing:  in openAdaptiveInputStream() Device.cpp:1271
09-07 14:28:08.384   512  1220 I HarmanHal.Routing: hacs status 0 stream(80002000, 1, ) address 0xb40000761bca3380 in openInputStreamImpl() Device.cpp:565
09-07 14:28:08.384   512  1220 D HarmanHAL: StreamIn::updateSinkMetadata
09-07 14:28:08.384   512  1221 D HarmanHAL: StreamIn::getAudioProperties
09-07 14:28:08.385   512  3590 D HarmanHAL: StreamIn::getAudioProperties
09-07 14:28:08.385   512  3590 D HarmanHAL: StreamIn::getFrameSize
09-07 14:28:08.385   512  1221 D HarmanHAL: StreamIn::getBufferSize
09-07 14:28:08.386   512  3590 D HarmanHAL: StreamIn::getBufferSize
09-07 14:28:08.386   512  1221 D HarmanHAL: StreamIn::getAudioProperties
09-07 14:28:08.386   576 12995 I AudioFlinger: AudioFlinger's thread 0xb4000072482e1040 tid=12995 ready to run
09-07 14:28:08.387   512  1221 D HarmanHAL: StreamIn::standby
09-07 14:28:08.389   512  1221 I HarmanHal: Device::createAudioPatch Entry
09-07 14:28:08.389   512  1221 I HarmanHal: Device::createAudioPatch: handle = 0x35, portHandle = 0x0, mDeviceAddress[handle] = , mDeviceAddress2[portHandle] = 
09-07 14:28:08.389   512  1221 I HarmanHal: Device::createAudioPatch: source device = 0x80002000, address = tuner0, id = 0x0x1d
09-07 14:28:08.389   512  1221 I HarmanHal: CreateAudioPatch for bus: sink:
09-07 14:28:08.389   512  1221 I HarmanHal: #### CreateAudioPatch for bus is Empty #### 
09-07 14:28:08.389   512  1221 I HarmanHal: Device::createAudioPatch: handle = 0x35, portHandle = 0x1d, mDeviceAddress[handle] = , mDeviceAddress2[portHandle] = 
09-07 14:28:08.390  1033  1824 I system_server: oneway function results will be dropped but finished with status OK and parcel size 4
09-07 14:28:08.390  1033  1824 I system_server: oneway function results will be dropped but finished with status OK and parcel size 4
09-07 14:28:08.390   576 12995 W AudioSystem: ioConfigChanged() modifying unknown output! 94
09-07 14:28:08.391   893   893 W AudioSystem: ioConfigChanged() modifying unknown output! 94
09-07 14:28:08.391  1033  2748 W AudioSystem: ioConfigChanged() modifying unknown output! 94
09-07 14:28:08.391  2584  2609 W AudioSystem: ioConfigChanged() modifying unknown output! 94
09-07 14:28:08.391  4596  4617 W AudioSystem: ioConfigChanged() modifying unknown output! 94
09-07 14:28:08.391  2508  3591 W AudioSystem: ioConfigChanged() modifying unknown output! 94
09-07 14:28:08.392   512  1221 D HarmanHAL: StreamIn::standby
09-07 14:28:08.392 10939 10973 W AudioSystem: ioConfigChanged() modifying unknown output! 94
09-07 14:28:08.393   512  3590 I HarmanHal: Device::createAudioPatch Entry
09-07 14:28:08.393   512  3590 E HarmanHal: Device::createAudioPatch: sink address is empty! 
09-07 14:28:08.393   512  3590 I HarmanHal: Device::createAudioPatch: handle = 0x36, portHandle = 0x3, mDeviceAddress[handle] = , mDeviceAddress2[portHandle] = bus2_voice_command_out
09-07 14:28:08.393   512  3590 I HarmanHal: CreateAudioPatch for bus: sink:
09-07 14:28:08.393  1033  2748 I system_server: oneway function results will be dropped but finished with status OK and parcel size 4
09-07 14:28:08.393   512  3590 I HarmanHal: #### CreateAudioPatch for bus is Empty #### 
09-07 14:28:08.393   512  3590 I HarmanHal: Device::createAudioPatch: handle = 0x36, portHandle = 0x3, mDeviceAddress[handle] = , mDeviceAddress2[portHandle] = 
09-07 14:28:08.395  2584  2609 D AudioStreamLegacy: onAudioDeviceUpdate(deviceId = 2)
09-07 14:28:08.396   576  1076 D AF::TrackHandle: OpPlayAudio: not muting track:73 usage:0 for service UID 1041
09-07 14:28:08.397   576   676 E AudioFlinger::PatchPanel: Software patch connections leaked 476 484
09-07 14:28:08.397   576   676 E AudioFlinger::PatchPanel: A non empty Patch Endpoint leaked, handle 476
09-07 14:28:08.397   576   676 E AudioFlinger::PatchPanel: A non empty Patch Endpoint leaked, handle 484
09-07 14:28:08.398  1033  2748 I system_server: oneway function results will be dropped but finished with status OK and parcel size 4
09-07 14:28:08.398   512  1221 D HarmanHAL: StreamIn::updateSinkMetadata
09-07 14:28:08.399   512  1221 D HarmanHAL: StreamIn::prepareForReading
09-07 14:28:08.399   512  1221 E FMQ     : grantorIdx must be less than 3
09-07 14:28:08.399  1033  1942 I system_server: oneway function results will be dropped but finished with status OK and parcel size 4
09-07 14:28:08.400   512  1221 E FMQ     : grantorIdx must be less than 3
09-07 14:28:08.401   576 12995 E FMQ     : grantorIdx must be less than 3
09-07 14:28:08.401   576 12995 E FMQ     : grantorIdx must be less than 3
09-07 14:28:08.402   512 12999 I HarmanHal.Routing: hacs id(466236288) bufferNum(3) in createRingBuffer() RingBufferManager.cpp:105
09-07 14:28:08.402   512 12999 I HarmanHal.Routing: hacs channels(2) frames(1536) bufferNum(3) mIsInitialized(0) in initialize() RingBuffer.cpp:412
09-07 14:28:08.402   512 12999 I HarmanHal.Routing: hacs Different FormatAudioSampleItem 1, 3 in operator==() AudioSample.hpp:141
09-07 14:28:08.402   512 12999 I HarmanHal.Routing: hacs owner(Tuner_Uplink): dst param -- sampleRate(48000) format(1) channels(2) periodSize(1536) in ifNeedDoConvert() AudioPort.cpp:535
09-07 14:28:08.402   576   576 W APM::AudioPolicyEngine: getDevicesForStrategy() unknown strategy: -1
09-07 14:28:08.402   512 12999 I HarmanHal.Routing: hacs owner(Tuner_Uplink): NO NEED DO CONVERT in ifNeedDoConvert() AudioPort.cpp:543
09-07 14:28:08.403   576   576 W APM::AudioPolicyEngine: getDevicesForStrategy() unknown strategy: -1
09-07 14:28:08.403   512 12999 I HarmanHal.Routing: hacs id(466236880) bufferSize(12288) bufferNum(3) in createRingBuffer() RingBufferManager.cpp:77
09-07 14:28:08.403   512 12999 I HarmanHal.Routing: hacs bufferSize(12288 --> 12288) bufferNum(3) this(0xb4000075bbc7ea50) in initialize() RingBuffer.cpp:384
09-07 14:28:08.403  1033  1824 I system_server: oneway function results will be dropped but finished with status OK and parcel size 4
09-07 14:28:08.404   576   576 W APM::AudioPolicyEngine: getDevicesForStrategy() unknown strategy: -1
09-07 14:28:08.404   576   576 I chatty  : uid=1041(audioserver) /system/bin/audioserver identical 1 line
09-07 14:28:08.407   576   576 W APM::AudioPolicyEngine: getDevicesForStrategy() unknown strategy: -1
09-07 14:28:08.443   512 12999 I HarmanHal.Routing: hacs Enable ADTM print for alsa node(pcmTunerIn_c) in printADTM() PcmAlsaWrapper.cpp:831
09-07 14:28:08.444   512 12999 D HarmanHAL: StreamIn::getCapturePositionImpl
09-07 14:28:08.468  2584 10896 W vCard   : Property name unsupported by vCard 2.1: N
09-07 14:28:08.473   512 12999 D HarmanHAL: StreamIn::getCapturePositionImpl
09-07 14:28:08.475   538   618 W ipcLib  : ipcLib: in ipc_lib. DV1 read called
09-07 14:28:08.503   512 12999 D HarmanHAL: StreamIn::getCapturePositionImpl
09-07 14:28:08.533  2584 10896 W vCard   : Property name unsupported by vCard 2.1: N
09-07 14:28:08.533   512 12999 D HarmanHAL: StreamIn::getCapturePositionImpl
09-07 14:28:08.533   512  1220 I HarmanHal: Device::createAudioPatch Entry
09-07 14:28:08.533   512  1220 I HarmanHal: Device::createAudioPatch: handle = 0x37, portHandle = 0x2, mDeviceAddress[handle] = bus0_media_out, mDeviceAddress2[portHandle] = bus1_navigation_out
09-07 14:28:08.533   512  1220 I HarmanHal: Device::createAudioPatch: handle = 0x37, portHandle = 0x2, mDeviceAddress[handle] = , mDeviceAddress2[portHandle] = bus0_media_out
09-07 14:28:08.536  2584  2609 D AudioStreamLegacy: onAudioDeviceUpdate(deviceId = 2)
09-07 14:28:08.551   576   576 W APM::AudioPolicyEngine: getDevicesForStrategy() unknown strategy: -1
09-07 14:28:08.564   512 12999 D HarmanHAL: StreamIn::getCapturePositionImpl
09-07 14:28:08.567   532   569 W ipcLib  : ipcLib: in ipc_lib. DV1 read called
09-07 14:28:08.568   532   568 I VPS     : VPS:IOCStatusInfo.VoltageStatus->0 
09-07 14:28:08.568   532   568 I VPS     : VPS:IOCStatusInfo.IOCStatusCmd->a6 
09-07 14:28:08.568   532   568 I VPS     : VPS:IOCStatusInfo.WakeUpReason->0 
09-07 14:28:08.568   532   568 I VPS     : VPS:IOCStatusInfo.DerivedIgnitionStatus->0 
09-07 14:28:08.568   532   568 I VPS     : VPS:IOCStatusInfo.PowerModeState->4 
09-07 14:28:08.568   532   568 I VPS     : VPS:IOCStatusInfo.SOCShutdownRequest->0 
09-07 14:28:08.568   532   568 I VPS     : VPS:IOCStatusInfo.AntiTheftState->0 
09-07 14:28:08.568   532   568 I VPS     : VPS:IOCStatusInfo.BatteryConnect->0 
09-07 14:28:08.572   512  1220 I HarmanHal: PrimaryDevice::updateAudioPatch received with previousPatch as 42
09-07 14:28:08.572   512  1220 I HarmanHal: Device::updateAudioPatch Old patch : 42
09-07 14:28:08.572   512  1220 I HarmanHal: Device::releaseAudioPatch for patch id :42 
09-07 14:28:08.572   512  1220 I HarmanHal: Device::releaseAudioPatch: disconnect handle = 0x2a, mDeviceAddress[handle] = bus1_navigation_out successfully by Hal audio
09-07 14:28:08.572   512  1220 I HarmanHal: Device::createAudioPatch Entry
09-07 14:28:08.572   512  1220 I HarmanHal: Device::createAudioPatch: handle = 0x38, portHandle = 0x6, mDeviceAddress[handle] = bus1_navigation_out, mDeviceAddress2[portHandle] = bus5_alarm_out
09-07 14:28:08.572   512  1220 I HarmanHal: Device::createAudioPatch: handle = 0x38, portHandle = 0x6, mDeviceAddress[handle] = , mDeviceAddress2[portHandle] = bus1_navigation_out
09-07 14:28:08.586   576   576 W APM::AudioPolicyEngine: getDevicesForStrategy() unknown strategy: -1
09-07 14:28:08.590  2584 10896 W vCard   : Property name unsupported by vCard 2.1: N
09-07 14:28:08.603   512 12999 D HarmanHAL: StreamIn::getCapturePositionImpl
09-07 14:28:08.608   512  1221 I HarmanHal: PrimaryDevice::updateAudioPatch received with previousPatch as 43
09-07 14:28:08.608   512  1221 I HarmanHal: Device::updateAudioPatch Old patch : 43
09-07 14:28:08.608   512  1221 I HarmanHal: Device::releaseAudioPatch for patch id :43 
09-07 14:28:08.608   512  1221 I HarmanHal: Device::releaseAudioPatch: disconnect handle = 0x2b, mDeviceAddress[handle] = bus2_voice_command_out successfully by Hal audio
09-07 14:28:08.608   512  1221 I HarmanHal: Device::createAudioPatch Entry
09-07 14:28:08.608   512  1221 I HarmanHal: Device::createAudioPatch: handle = 0x39, portHandle = 0x9, mDeviceAddress[handle] = bus2_voice_command_out, mDeviceAddress2[portHandle] = bus0_media_out
09-07 14:28:08.609   512  1221 I HarmanHal: Device::createAudioPatch: handle = 0x39, portHandle = 0x9, mDeviceAddress[handle] = , mDeviceAddress2[portHandle] = bus2_voice_command_out
09-07 14:28:08.622   576   576 W APM::AudioPolicyEngine: getDevicesForStrategy() unknown strategy: -1
09-07 14:28:08.633   512 12999 D HarmanHAL: StreamIn::getCapturePositionImpl
09-07 14:28:08.636  2584 10896 W vCard   : Property name unsupported by vCard 2.1: N
09-07 14:28:08.644   512  1220 I HarmanHal: PrimaryDevice::updateAudioPatch received with previousPatch as 44
09-07 14:28:08.644   512  1220 I HarmanHal: Device::updateAudioPatch Old patch : 44
09-07 14:28:08.644   512  1220 I HarmanHal: Device::releaseAudioPatch for patch id :44 
09-07 14:28:08.644   512  1220 I HarmanHal: Device::releaseAudioPatch: disconnect handle = 0x2c, mDeviceAddress[handle] = bus3_call_ring_out successfully by Hal audio
09-07 14:28:08.644   512  1220 I HarmanHal: Device::createAudioPatch Entry
09-07 14:28:08.644   512  1220 I HarmanHal: Device::createAudioPatch: handle = 0x3a, portHandle = 0xc, mDeviceAddress[handle] = bus3_call_ring_out, mDeviceAddress2[portHandle] = bus3_call_ring_out
09-07 14:28:08.644   512  1220 I HarmanHal: Device::createAudioPatch: handle = 0x3a, portHandle = 0xc, mDeviceAddress[handle] = , mDeviceAddress2[portHandle] = bus3_call_ring_out
09-07 14:28:08.657   576   576 W APM::AudioPolicyEngine: getDevicesForStrategy() unknown strategy: -1
09-07 14:28:08.664   512 12999 D HarmanHAL: StreamIn::getCapturePositionImpl
09-07 14:28:08.672  2584 10896 W vCard   : Property name unsupported by vCard 2.1: N
09-07 14:28:08.684   512  1221 I HarmanHal: PrimaryDevice::updateAudioPatch received with previousPatch as 45
09-07 14:28:08.684   512  1221 I HarmanHal: Device::updateAudioPatch Old patch : 45
09-07 14:28:08.684   512  1221 I HarmanHal: Device::releaseAudioPatch for patch id :45 
09-07 14:28:08.684   512  1221 I HarmanHal: Device::releaseAudioPatch: disconnect handle = 0x2d, mDeviceAddress[handle] = bus4_call_out successfully by Hal audio
09-07 14:28:08.684   512  1221 I HarmanHal: Device::createAudioPatch Entry
09-07 14:28:08.684   512  1221 I HarmanHal: Device::createAudioPatch: handle = 0x3b, portHandle = 0xf, mDeviceAddress[handle] = bus4_call_out, mDeviceAddress2[portHandle] = bus6_notification_out
09-07 14:28:08.684   512  1221 I HarmanHal: Device::createAudioPatch: handle = 0x3b, portHandle = 0xf, mDeviceAddress[handle] = , mDeviceAddress2[portHandle] = bus4_call_out
09-07 14:28:08.693   512 12999 D HarmanHAL: StreamIn::getCapturePositionImpl
09-07 14:28:08.706   576   576 W APM::AudioPolicyEngine: getDevicesForStrategy() unknown strategy: -1
09-07 14:28:08.723   512 12999 D HarmanHAL: StreamIn::getCapturePositionImpl
09-07 14:28:08.728   512  1220 I HarmanHal: PrimaryDevice::updateAudioPatch received with previousPatch as 46
09-07 14:28:08.728   512  1220 I HarmanHal: Device::updateAudioPatch Old patch : 46
09-07 14:28:08.728   512  1220 I HarmanHal: Device::releaseAudioPatch for patch id :46 
09-07 14:28:08.728   512  1220 I HarmanHal: Device::releaseAudioPatch: disconnect handle = 0x2e, mDeviceAddress[handle] = bus5_alarm_out successfully by Hal audio
09-07 14:28:08.728   512  1220 I HarmanHal: Device::createAudioPatch Entry
09-07 14:28:08.728   512  1220 I HarmanHal: Device::createAudioPatch: handle = 0x3c, portHandle = 0x12, mDeviceAddress[handle] = bus5_alarm_out, mDeviceAddress2[portHandle] = 
09-07 14:28:08.728   512  1220 I HarmanHal: Device::createAudioPatch: handle = 0x3c, portHandle = 0x12, mDeviceAddress[handle] = , mDeviceAddress2[portHandle] = bus5_alarm_out
09-07 14:28:08.729  2584 10896 W vCard   : Property name unsupported by vCard 2.1: N
09-07 14:28:08.744   576   576 W APM::AudioPolicyEngine: getDevicesForStrategy() unknown strategy: -1
09-07 14:28:08.764   512 12999 D HarmanHAL: StreamIn::getCapturePositionImpl
09-07 14:28:08.765   512  1221 I HarmanHal: PrimaryDevice::updateAudioPatch received with previousPatch as 47
09-07 14:28:08.766   512  1221 I HarmanHal: Device::updateAudioPatch Old patch : 47
09-07 14:28:08.766   512  1221 I HarmanHal: Device::releaseAudioPatch for patch id :47 
09-07 14:28:08.766   512  1221 I HarmanHal: Device::releaseAudioPatch: disconnect handle = 0x2f, mDeviceAddress[handle] = bus6_notification_out successfully by Hal audio
09-07 14:28:08.766   512  1221 I HarmanHal: Device::createAudioPatch Entry
09-07 14:28:08.766   512  1221 I HarmanHal: Device::createAudioPatch: handle = 0x3d, portHandle = 0x15, mDeviceAddress[handle] = bus6_notification_out, mDeviceAddress2[portHandle] = bus0_media_out
09-07 14:28:08.766   512  1221 I HarmanHal: Device::createAudioPatch: handle = 0x3d, portHandle = 0x15, mDeviceAddress[handle] = , mDeviceAddress2[portHandle] = bus6_notification_out
09-07 14:28:08.767  2584 10896 W vCard   : Property name unsupported by vCard 2.1: N
09-07 14:28:08.783   576   576 W APM::AudioPolicyEngine: getDevicesForStrategy() unknown strategy: -1
09-07 14:28:08.794   512 12999 D HarmanHAL: StreamIn::getCapturePositionImpl
09-07 14:28:08.805   512  1220 I HarmanHal: PrimaryDevice::updateAudioPatch received with previousPatch as 48
09-07 14:28:08.805   512  1220 I HarmanHal: Device::updateAudioPatch Old patch : 48
09-07 14:28:08.805   512  1220 I HarmanHal: Device::releaseAudioPatch for patch id :48 
09-07 14:28:08.805   512  1220 I HarmanHal: Device::releaseAudioPatch: disconnect handle = 0x30, mDeviceAddress[handle] = bus7_system_sound_out successfully by Hal audio
09-07 14:28:08.805   512  1220 I HarmanHal: Device::createAudioPatch Entry
09-07 14:28:08.806   512  1220 I HarmanHal: Device::createAudioPatch: handle = 0x3e, portHandle = 0x18, mDeviceAddress[handle] = bus7_system_sound_out, mDeviceAddress2[portHandle] = bus0_media_out
09-07 14:28:08.806   512  1220 I HarmanHal: Device::createAudioPatch: handle = 0x3e, portHandle = 0x18, mDeviceAddress[handle] = , mDeviceAddress2[portHandle] = bus7_system_sound_out
09-07 14:28:08.812  2584 10896 W vCard   : Property name unsupported by vCard 2.1: N
09-07 14:28:08.823   512 12999 D HarmanHAL: StreamIn::getCapturePositionImpl
09-07 14:28:08.830   576  2800 D AudioFlinger: Client defaulted notificationFrames to 11280 for frameCount 22560
09-07 14:28:08.834   576  2800 D AF::TrackHandle: OpPlayAudio: track:74 usage:6 not muted
09-07 14:28:08.840   512  1220 E EffectFactoryHAL: Error querying effect descriptor for 0956df94-0590-11e5-bdbe-0025b32654a0: No such file or directory
09-07 14:28:08.841   576  2800 W AudioFlinger: createEffect() error -2 from getEffectDescriptor
09-07 14:28:08.841   576  2800 E AudioEffect: set(): AudioFlinger could not create effect NULL / 0956df94-0590-11e5-bdbe-0025b32654a0, status: -2
09-07 14:28:08.841   576  2800 E AudioPolicyEffects: addOutputSessionEffects(): failed to create Fx  ring_helper on session 81
09-07 14:28:08.853   512 12999 D HarmanHAL: StreamIn::getCapturePositionImpl
09-07 14:28:08.871  2584 10896 W vCard   : Property name unsupported by vCard 2.1: N
09-07 14:28:08.883   512 12999 D HarmanHAL: StreamIn::getCapturePositionImpl
09-07 14:28:08.891   512  1220 E FMQ     : grantorIdx must be less than 3
09-07 14:28:08.892   512  1220 E FMQ     : grantorIdx must be less than 3
09-07 14:28:08.892   576  1103 E FMQ     : grantorIdx must be less than 3
09-07 14:28:08.893   576  1103 E FMQ     : grantorIdx must be less than 3
09-07 14:28:08.894   512 13015 I HarmanHal.Routing: hacs busActivated : bus3_call_ring_out in setStandby() StreamOut.cpp:1080
09-07 14:28:08.894   512 13015 I HarmanHal: ----- ConnectionController::handleBusActivation, Newbus:bus3_call_ring_out sinkAddress: -----
09-07 14:28:08.894   512 13015 W HarmanHal: AudioSourceSettings::getAudioSourceBySourceAndSink either bus and sink is empty bus: bus3_call_ring_out  sink:
09-07 14:28:08.895   512 13015 I HarmanHal: DefaultCrossAction is updated to: MIX_NODUCK
09-07 14:28:08.895   512 13015 I HarmanHal: ****** bus name : bus3_call_ring_out   sink:   isRouted : 0  ConnectInProgess : 1   disconnectInProgress : 0  audiosource SOURCE_RING******
09-07 14:28:08.895   512 13015 I HarmanHal: New Connect entry is added to the message queue with bus:bus3_call_ring_out action:MIX_NODUCK
09-07 14:28:08.895   512 13015 I HarmanHal: Connection controller:: busActivated returning success for bus bus3_call_ring_out
09-07 14:28:08.895   512 13015 I HarmanHal: ConnectionController::busActivated, is PowerModeEnabled 0
09-07 14:28:08.895   512  1065 I HarmanHal: after handling cmEvtCnt event in idle state changing next state to st_rampDown in Info2 state machine
09-07 14:28:08.898   512  1065 I HarmanHal: ------- ConnectionController::rampDownCurrentBus ----------
09-07 14:28:08.898   512  1065 I HarmanHal: DefaultCrossAction is updated to: MIX_NODUCK
09-07 14:28:08.899   512  1065 I HarmanHal: Entering state IntSrcSM::st_rampDown in Info2_StateMachine
09-07 14:28:08.899   512  1065 I HarmanHal: ------ doRampDownDone - bus: bus3_call_ring_out, audio source type : 4
09-07 14:28:08.899   512  1065 I HarmanHal: after handling cmEvtRampDownDone event in rampDown state changing next state to st_disconnect in Info2 state machine
09-07 14:28:08.899   512  1065 I HarmanHal: ------- ConnectionController::disconnectCurrentBus ----------
09-07 14:28:08.899   512  1065 I HarmanHal: DefaultCrossAction is updated to: MIX_NODUCK
09-07 14:28:08.899   512  1065 I HarmanHal: Entering state IntSrcSM::st_disconnect in Info2_StateMachine
09-07 14:28:08.899   512  1065 I HarmanHal: ------ doOutputDisConnectDone for bus : bus3_call_ring_out , audio source type : 4
09-07 14:28:08.899   512  1065 I HarmanHal: after handling cmEvtDisCntDone event in disconnect state changing next state to st_connect in Info2 state machine
09-07 14:28:08.899   512  1065 I HarmanHal: 
09-07 14:28:08.899   512  1065 I HarmanHal: ------- ConnectionController::connect request for bus:bus3_call_ring_out----------
09-07 14:28:08.899   512  1065 I HarmanHal: OutputController::connect requestedBus:bus3_call_ring_out currentbus: sinkAddress:
09-07 14:28:08.899   512  1065 I HarmanHal: OutputController::Connect connecting to outputType :3 streamType:3 zoneId : 0 
09-07 14:28:08.898  1033  1942 I system_server: oneway function results will be dropped but finished with status OK and parcel size 4
09-07 14:28:08.899   512  1065 I HarmanHal: PluginInterface connect zone=0 streamType=3 out=3 sourceGain=0.000000
09-07 14:28:08.900   512  1065 I HarmanAudioControl: hacs PluginMgr connect start. in connect() PluginManager.cpp:501
09-07 14:28:08.900  1033  2748 I system_server: oneway function results will be dropped but finished with status OK and parcel size 8
09-07 14:28:08.900   512  1065 I HarmanAudioControl: hacs optConcurrence funcname(connect) sessionValue(60) done. in optConcurrence() PluginManager.h:412
09-07 14:28:08.900   512   725 I HarmanAudioControl: hacs zoneId: 0, streamType: 3, output: 3, sourceGain: 0.000000, mIsExternalAmp:0 in connect() ADSPPluginImp.cpp:213
09-07 14:28:08.900   512   725 I HarmanAudioControl: hacs ::setOutPut() zoneId = 0, streamType = 3, output = 0x3 in setOutPut() ADSPPluginImp.cpp:692
09-07 14:28:08.900   512   725 I HarmanAudioControl: hacs ::setOutPut() zoneId = 0, streamType = 3, channelSubId = 0 in setOutPut() AudioWorxXtp.cpp:141
09-07 14:28:08.900   512   725 V acdb-loader-wrapper: 479:acdb_loader_set_audio_cal_v2
09-07 14:28:08.900   512   725 D acdb_loader_proxy: acdb_loader_set_audio_cal_v2: datalen(272)
09-07 14:28:08.900   393  1492 D acdb_loader_server: onTransact SET_AUDIO_CAL_V2: datalen(272)
09-07 14:28:08.902   512   725 V acdb-loader-wrapper: 494:acdb_loader_get_audio_cal_v2
09-07 14:28:08.902   512   725 D acdb_loader_proxy: acdb_loader_get_audio_cal_v2: provided datalen(272)
09-07 14:28:08.902   393  1492 D acdb_loader_server: onTransact GET_AUDIO_CAL_V2
09-07 14:28:08.902   393  1492 D acdb_loader_server: onTransact: provided datalen(272)
09-07 14:28:08.903   393  1492 D acdb_loader_server: onTransact: returned datalen(272)
09-07 14:28:08.903   512   725 D acdb_loader_proxy: acdb_loader_get_audio_cal_v2: returned datalen(272)
09-07 14:28:08.903   512   725 I HarmanAudioControl: hacs ::setOutPut() zoneId = 0, streamType = 3, channelSubId = 1 in setOutPut() AudioWorxXtp.cpp:141
09-07 14:28:08.904   512   725 V acdb-loader-wrapper: 479:acdb_loader_set_audio_cal_v2
09-07 14:28:08.904   512   725 D acdb_loader_proxy: acdb_loader_set_audio_cal_v2: datalen(272)
09-07 14:28:08.904   393  1492 D acdb_loader_server: onTransact SET_AUDIO_CAL_V2: datalen(272)
09-07 14:28:08.905   512   725 V acdb-loader-wrapper: 494:acdb_loader_get_audio_cal_v2
09-07 14:28:08.905   512   725 D acdb_loader_proxy: acdb_loader_get_audio_cal_v2: provided datalen(272)
09-07 14:28:08.906   393   399 D acdb_loader_server: onTransact GET_AUDIO_CAL_V2
09-07 14:28:08.906   393   399 D acdb_loader_server: onTransact: provided datalen(272)
09-07 14:28:08.906   512  1065 I HarmanHal: PluginInterface sessionId for connect is 60
09-07 14:28:08.906   512  1065 I HarmanHal: Entering state IntSrcSM::st_connect in Info2_StateMachine
09-07 14:28:08.906   393   399 D acdb_loader_server: onTransact: returned datalen(272)
09-07 14:28:08.906   512   725 D acdb_loader_proxy: acdb_loader_get_audio_cal_v2: returned datalen(272)
09-07 14:28:08.907   512   725 I HarmanAudioControl: hacs ::setOutPut() zoneId = 0, streamType = 3, channelSubId = 2 in setOutPut() AudioWorxXtp.cpp:141
09-07 14:28:08.907   512   725 V acdb-loader-wrapper: 479:acdb_loader_set_audio_cal_v2
09-07 14:28:08.907   512   725 D acdb_loader_proxy: acdb_loader_set_audio_cal_v2: datalen(272)
09-07 14:28:08.907   393   399 D acdb_loader_server: onTransact SET_AUDIO_CAL_V2: datalen(272)
09-07 14:28:08.908   512   725 V acdb-loader-wrapper: 494:acdb_loader_get_audio_cal_v2
09-07 14:28:08.908   512   725 D acdb_loader_proxy: acdb_loader_get_audio_cal_v2: provided datalen(272)
09-07 14:28:08.909   393   399 D acdb_loader_server: onTransact GET_AUDIO_CAL_V2
09-07 14:28:08.909   393   399 D acdb_loader_server: onTransact: provided datalen(272)
09-07 14:28:08.914   393   399 D acdb_loader_server: onTransact: returned datalen(272)
09-07 14:28:08.914   512   725 D acdb_loader_proxy: acdb_loader_get_audio_cal_v2: returned datalen(272)
09-07 14:28:08.918  2584 10896 W vCard   : Property name unsupported by vCard 2.1: N
09-07 14:28:08.922   512   725 I HarmanAudioControl: hacs ::setOutPut() zoneId = 0, streamType = 3, channelSubId = 3 in setOutPut() AudioWorxXtp.cpp:141
09-07 14:28:08.922   512   725 V acdb-loader-wrapper: 479:acdb_loader_set_audio_cal_v2
09-07 14:28:08.922   512   725 D acdb_loader_proxy: acdb_loader_set_audio_cal_v2: datalen(272)
09-07 14:28:08.923   393   399 D acdb_loader_server: onTransact SET_AUDIO_CAL_V2: datalen(272)
09-07 14:28:08.923   512 12999 D HarmanHAL: StreamIn::getCapturePositionImpl
09-07 14:28:08.925   512   725 V acdb-loader-wrapper: 494:acdb_loader_get_audio_cal_v2
09-07 14:28:08.925   512   725 D acdb_loader_proxy: acdb_loader_get_audio_cal_v2: provided datalen(272)
09-07 14:28:08.925   393   399 D acdb_loader_server: onTransact GET_AUDIO_CAL_V2
09-07 14:28:08.926   393   399 D acdb_loader_server: onTransact: provided datalen(272)
09-07 14:28:08.927   393   399 D acdb_loader_server: onTransact: returned datalen(272)
01-01 00:03:11.916     0     0 I init    : starting service 'qccsyshalservice'...
09-07 14:28:08.927   512   725 D acdb_loader_proxy: acdb_loader_get_audio_cal_v2: returned datalen(272)
09-07 14:28:08.928   512   725 I HarmanAudioControl: hacs ::setConnect InChannelId:4 OutChannelId:4 enable:1. in setConnect() AudioWorxXtp.cpp:66
09-07 14:28:08.928   512   725 V acdb-loader-wrapper: 479:acdb_loader_set_audio_cal_v2
09-07 14:28:08.928   512   725 D acdb_loader_proxy: acdb_loader_set_audio_cal_v2: datalen(272)
09-07 14:28:08.929   393   399 D acdb_loader_server: onTransact SET_AUDIO_CAL_V2: datalen(272)
09-07 14:28:08.931   512   725 V acdb-loader-wrapper: 494:acdb_loader_get_audio_cal_v2
09-07 14:28:08.931   512   725 D acdb_loader_proxy: acdb_loader_get_audio_cal_v2: provided datalen(272)
09-07 14:28:08.932   393   399 D acdb_loader_server: onTransact GET_AUDIO_CAL_V2
09-07 14:28:08.933   393   399 D acdb_loader_server: onTransact: provided datalen(272)
09-07 14:28:08.935   393   399 D acdb_loader_server: onTransact: returned datalen(272)
09-07 14:28:08.935   512   725 D acdb_loader_proxy: acdb_loader_get_audio_cal_v2: returned datalen(272)
09-07 14:28:08.936   512 13016 I HarmanAudioControl: hacs funcname(connect) sessionValue(60) reply with result(0) in operator()() PluginManager.h:383
09-07 14:28:08.936   512 13016 I HarmanHal: PluginInterface::handlePluginReply session found sessionId 60 result 0
09-07 14:28:08.937   512  1065 I HarmanHal: ------ doOutputConnectDone for bus : bus3_call_ring_out , audio source type : 4
09-07 14:28:08.937   512  1065 I HarmanHal: ****** bus name : bus3_call_ring_out   sink:   isRouted : 1  ConnectInProgess : 1   disconnectInProgress : 0  audiosource SOURCE_RING******
09-07 14:28:08.937   512  1065 I HarmanHal: after handling cmEvtCntDone event in connect state changing next state to st_loadParams in Info2 state machine
09-07 14:28:08.937   512  1065 I HarmanHal: ConnectionController::loadParams : bus:bus3_call_ring_out need params to be loaded 
09-07 14:28:08.937   512  1065 I HarmanHal: AudioSourceSettings::isECNRNeededForBus: busname : bus3_call_ring_out ecnrNeeded  : 0
09-07 14:28:08.937   512  1065 I HarmanHal: Entering state IntSrcSM::st_loadParams in Info2_StateMachine
09-07 14:28:08.937   512  1065 I HarmanHal: ------ LoadParamsDone for bus : bus3_call_ring_out, audio source type : 4
09-07 14:28:08.937   512  1065 I HarmanHal: after handling cmEvtLoadParamsDone event in loadparams state changing next state to st_SetSrcVol in Info2 state machine
09-07 14:28:08.937   512  1065 I HarmanHal: ------ setSourceVolume bus: bus3_call_ring_out --------
09-07 14:28:08.937   512  1065 I HarmanHal: Entering state IntSrcSM::st_SetSrcVol in Info2_StateMachine
09-07 14:28:08.937   512  1068 I HarmanHal: VolumeController::doSetVolume bus: bus3_call_ring_out  value: -1
01-01 00:03:11.926     0     0 I init    : starting service 'vendor.sensors-hal-1-0'...
09-07 14:28:08.941   512  1068 I HarmanHal: VolumeController::doSetVolume step:10 gain:-24.000000 timing:500.000000
09-07 14:28:08.941   512  1068 I HarmanHal: plugin interface volume cmd streamType = 3 sourceType =4 gain=-24.000000 timing=500.000000 step=10
09-07 14:28:08.941   512  1068 I HarmanAudioControl: hacs PluginMgr setVolume start. in setVolume() PluginManager.cpp:906
09-07 14:28:08.942   512  1068 I HarmanAudioControl: hacs optConcurrence funcname(setVolume) sessionValue(61) done. in optConcurrence() PluginManager.h:412
09-07 14:28:08.942   512   725 I HarmanAudioControl: hacs zoneId: 0, volumeParam.streamType: 3, volumeParam.gain: -24.000000, boost: 0x4bd302f0, size: 2, time:500.000000 in setVolume() ADSPPluginImp.cpp:451
09-07 14:28:08.942   512  1068 I HarmanHal: PluginInterface sessionId for volume is 61
09-07 14:28:08.942   512   725 I HarmanAudioControl: hacs zoneId: 0, streamType: 3, lastGain: -24.000000, curGain: -24.000000, time: 500.000000 in setVolumeRampTime() ADSPPluginImp.cpp:409
09-07 14:28:08.942   512   725 W HarmanAudioControl: hacs The current gain value is the same as the last gain value, diff gain(0.000000), skip set Ramptime in calRampTimeRate() ADSPPluginImp.cpp:2757
09-07 14:28:08.942   512   725 I HarmanAudioControl: hacs Set Loudness gain, value is: 11.000000, SubblockID is: 0, offset is: 4 in setLoudness() ADSPPluginImp.cpp:2444
09-07 14:28:08.942   512   725 V acdb-loader-wrapper: 479:acdb_loader_set_audio_cal_v2
09-07 14:28:08.942   512   725 D acdb_loader_proxy: acdb_loader_set_audio_cal_v2: datalen(272)
09-07 14:28:08.942   393   399 D acdb_loader_server: onTransact SET_AUDIO_CAL_V2: datalen(272)
09-07 14:28:08.944   512   725 V acdb-loader-wrapper: 494:acdb_loader_get_audio_cal_v2
09-07 14:28:08.944   512   725 D acdb_loader_proxy: acdb_loader_get_audio_cal_v2: provided datalen(272)
09-07 14:28:08.945   393   399 D acdb_loader_server: onTransact GET_AUDIO_CAL_V2
09-07 14:28:08.945   393   399 D acdb_loader_server: onTransact: provided datalen(272)
09-07 14:28:08.947   393   399 D acdb_loader_server: onTransact: returned datalen(272)
09-07 14:28:08.948   512   725 D acdb_loader_proxy: acdb_loader_get_audio_cal_v2: returned datalen(272)
09-07 14:28:08.949   512   725 I HarmanAudioControl: hacs Set Loudness gain, value is: 2.000000, SubblockID is: 0, offset is: 24 in setLoudness() ADSPPluginImp.cpp:2444
09-07 14:28:08.949   512   725 V acdb-loader-wrapper: 479:acdb_loader_set_audio_cal_v2
09-07 14:28:08.949   512   725 D acdb_loader_proxy: acdb_loader_set_audio_cal_v2: datalen(272)
09-07 14:28:08.949   393   399 D acdb_loader_server: onTransact SET_AUDIO_CAL_V2: datalen(272)
09-07 14:28:08.954   512 12999 D HarmanHAL: StreamIn::getCapturePositionImpl
09-07 14:28:08.954   512   725 V acdb-loader-wrapper: 494:acdb_loader_get_audio_cal_v2
09-07 14:28:08.954   512   725 D acdb_loader_proxy: acdb_loader_get_audio_cal_v2: provided datalen(272)
09-07 14:28:08.954   393   399 D acdb_loader_server: onTransact GET_AUDIO_CAL_V2
09-07 14:28:08.954   393   399 D acdb_loader_server: onTransact: provided datalen(272)
09-07 14:28:08.955   393   399 D acdb_loader_server: onTransact: returned datalen(272)
09-07 14:28:08.956   512   725 D acdb_loader_proxy: acdb_loader_get_audio_cal_v2: returned datalen(272)
09-07 14:28:08.956   512   725 I HarmanAudioControl: hacs Set Loudness gain, value is: 11.000000, SubblockID is: 1, offset is: 4 in setLoudness() ADSPPluginImp.cpp:2444
09-07 14:28:08.957   512   725 V acdb-loader-wrapper: 479:acdb_loader_set_audio_cal_v2
09-07 14:28:08.957   512   725 D acdb_loader_proxy: acdb_loader_set_audio_cal_v2: datalen(272)
09-07 14:28:08.957   393   399 D acdb_loader_server: onTransact SET_AUDIO_CAL_V2: datalen(272)
01-01 00:03:11.946     0     0 I init    : starting service 'LogManager'...
09-07 14:28:08.958   512   725 V acdb-loader-wrapper: 494:acdb_loader_get_audio_cal_v2
09-07 14:28:08.958   512   725 D acdb_loader_proxy: acdb_loader_get_audio_cal_v2: provided datalen(272)
09-07 14:28:08.959   393   399 D acdb_loader_server: onTransact GET_AUDIO_CAL_V2
09-07 14:28:08.959   393   399 D acdb_loader_server: onTransact: provided datalen(272)
09-07 14:28:08.960   393   399 D acdb_loader_server: onTransact: returned datalen(272)
09-07 14:28:08.960   512   725 D acdb_loader_proxy: acdb_loader_get_audio_cal_v2: returned datalen(272)
09-07 14:28:08.960   512   725 I HarmanAudioControl: hacs Set Loudness gain, value is: 2.000000, SubblockID is: 1, offset is: 24 in setLoudness() ADSPPluginImp.cpp:2444
09-07 14:28:08.961   512   725 V acdb-loader-wrapper: 479:acdb_loader_set_audio_cal_v2
09-07 14:28:08.961   512   725 D acdb_loader_proxy: acdb_loader_set_audio_cal_v2: datalen(272)
09-07 14:28:08.961   393   399 D acdb_loader_server: onTransact SET_AUDIO_CAL_V2: datalen(272)
09-07 14:28:08.964 13020 13020 I qccsyshalservice: Start with system binder
09-07 14:28:08.964   512   725 V acdb-loader-wrapper: 494:acdb_loader_get_audio_cal_v2
09-07 14:28:08.964 13020 13020 I qccsyshalservice: Registering qccsyshal service...
09-07 14:28:08.967  2584 10896 W vCard   : Property name unsupported by vCard 2.1: N
09-07 14:28:08.968   376   376 I hwservicemanager: getTransport: Cannot find entry vendor.qti.hardware.qccsyshal@1.0::IQccsyshal/qccsyshal in either framework or device manifest.
09-07 14:28:08.969   512   725 D acdb_loader_proxy: acdb_loader_get_audio_cal_v2: provided datalen(272)
09-07 14:28:08.969   393   399 D acdb_loader_server: onTransact GET_AUDIO_CAL_V2
09-07 14:28:08.969   393   399 D acdb_loader_server: onTransact: provided datalen(272)
09-07 14:28:08.970   393   399 D acdb_loader_server: onTransact: returned datalen(272)
09-07 14:28:08.970   512   725 D acdb_loader_proxy: acdb_loader_get_audio_cal_v2: returned datalen(272)
09-07 14:28:08.970   512   725 V acdb-loader-wrapper: 479:acdb_loader_set_audio_cal_v2
09-07 14:28:08.970   512   725 D acdb_loader_proxy: acdb_loader_set_audio_cal_v2: datalen(272)
09-07 14:28:08.971   393   399 D acdb_loader_server: onTransact SET_AUDIO_CAL_V2: datalen(272)
09-07 14:28:08.971   512   725 V acdb-loader-wrapper: 494:acdb_loader_get_audio_cal_v2
09-07 14:28:08.971   512   725 D acdb_loader_proxy: acdb_loader_get_audio_cal_v2: provided datalen(272)
09-07 14:28:08.972   393   399 D acdb_loader_server: onTransact GET_AUDIO_CAL_V2
09-07 14:28:08.972   393   399 D acdb_loader_server: onTransact: provided datalen(272)
09-07 14:28:08.972   393   399 D acdb_loader_server: onTransact: returned datalen(272)
09-07 14:28:08.973   512   725 D acdb_loader_proxy: acdb_loader_get_audio_cal_v2: returned datalen(272)
09-07 14:28:08.974   512 13025 I HarmanAudioControl: hacs funcname(setVolume) sessionValue(61) reply with result(0) in operator()() PluginManager.h:383
09-07 14:28:08.974   512 13025 I HarmanHal: PluginInterface::handlePluginReply session found sessionId 61 result 0
09-07 14:28:08.974   512 13025 I KPI_Marker: [193.547485] [HarmanAudioEffect] Audio_Volume_Changed
09-07 14:28:08.974 13020 13020 E HidlServiceManagement: Service vendor.qti.hardware.qccsyshal@1.0::IQccsyshal/qccsyshal must be in VINTF manifest in order to register/get.
09-07 14:28:08.974 13020 13020 E qccsyshalservice: [ERROR] registerAsService() failed with status: -2147483648
09-07 14:28:08.975   512  1065 I HarmanHal: doSrcVolumeDone, cmEvtVolDone for bus : bus3_call_ring_out , audio source type : 4
09-07 14:28:08.975   512  1065 I HarmanHal: after handling cmEvtVolDone event in setsrcVol state changing next state to st_rampUp in Info2 state machine
09-07 14:28:08.975   512  1065 I HarmanHal: ------- ConnectionController::rampUp bus : bus3_call_ring_out ----------
09-07 14:28:08.976   512  1065 I HarmanHal: MuteController:: Handling setMute request : muteState : 0 
09-07 14:28:08.977   512  1065 I KPI_Marker: [193.549943] [HarmanAudioControl] Audio_Fade_In
09-07 14:28:08.977   512  1065 I HarmanHal: Entering state IntSrcSM::st_rampUp in Info2_StateMachine
09-07 14:28:08.979   512  1066 I HarmanHal: MuteController::doSetMute Busname:bus3_call_ring_out, Stream Type=3, Source type=4  mute status : 0 
09-07 14:28:08.979   512  1066 I HarmanHal: plugin interface mute streamType = 3 sourceType =4 state=0 timing=100.000000 fadingmute=9 newBus:bus3_call_ring_out
09-07 14:28:08.979   512  1066 I HarmanAudioControl: hacs PluginMgr setMute start. in setMute() PluginManager.cpp:929
09-07 14:28:08.979   512  1066 I HarmanAudioControl: hacs optConcurrence funcname(setMute) sessionValue(62) done. in optConcurrence() PluginManager.h:412
09-07 14:28:08.980   512  1066 I HarmanHal: PluginInterface sessionId for mute is 62
09-07 14:28:08.980   512   725 I HarmanAudioControl: hacs zoneId: 0, muteParam.streamType: 3, muteParam.state: 0, muteParam.timing: 100.000000 in setMute() ADSPPluginImp.cpp:526
09-07 14:28:08.980   512   725 I HarmanAudioControl: hacs zoneId: 0, streamType: 3, lastGain: -128.000000, curGain: -24.000000, time: 100.000000 in setMuteRampTime() ADSPPluginImp.cpp:370
09-07 14:28:08.981   512   725 I HarmanAudioControl: hacs ::setMuteRampTime() zoneId = 0, streamType = 3, type = 0, timeRate = 0.961538 in setMuteRampTime() AudioWorxXtp.cpp:164
09-07 14:28:08.981   512   725 V acdb-loader-wrapper: 479:acdb_loader_set_audio_cal_v2
09-07 14:28:08.981   512   725 D acdb_loader_proxy: acdb_loader_set_audio_cal_v2: datalen(272)
09-07 14:28:08.981   393   399 D acdb_loader_server: onTransact SET_AUDIO_CAL_V2: datalen(272)
09-07 14:28:08.983   512   725 V acdb-loader-wrapper: 494:acdb_loader_get_audio_cal_v2
09-07 14:28:08.983   512 12999 D HarmanHAL: StreamIn::getCapturePositionImpl
09-07 14:28:08.983   376   376 I hwservicemanager: getTransport: Cannot find entry android.hardware.sensors@1.0::ISensors/default in either framework or device manifest.
09-07 14:28:08.984   512   725 D acdb_loader_proxy: acdb_loader_get_audio_cal_v2: provided datalen(272)
09-07 14:28:08.984   393   399 D acdb_loader_server: onTransact GET_AUDIO_CAL_V2
09-07 14:28:08.984   393   399 D acdb_loader_server: onTransact: provided datalen(272)
09-07 14:28:08.985   393   399 D acdb_loader_server: onTransact: returned datalen(272)
09-07 14:28:08.985   512   725 D acdb_loader_proxy: acdb_loader_get_audio_cal_v2: returned datalen(272)
01-01 00:03:11.972     0     0 I init    : Service 'qccsyshalservice' (pid 13020) exited with status 1
01-01 00:03:11.972     0     0 I init    : Sending signal 9 to service 'qccsyshalservice' (pid 13020) process group...
01-01 00:03:11.973     0     0 I libprocessgroup: Successfully killed process cgroup uid 1000 pid 13020 in 0ms
09-07 14:28:08.987   512   725 V acdb-loader-wrapper: 479:acdb_loader_set_audio_cal_v2
09-07 14:28:08.987   512   725 D acdb_loader_proxy: acdb_loader_set_audio_cal_v2: datalen(272)
09-07 14:28:08.987   393   399 D acdb_loader_server: onTransact SET_AUDIO_CAL_V2: datalen(272)
09-07 14:28:08.988 13024 13024 E android.hardware.sensors@1.0-service: Couldn't load sensors module (Unknown error -2147483648)
09-07 14:28:08.988 13024 13024 D RefBase : RefBase: Explicit destruction, weak count = 0 (in 0xb4000072291b4e58)
09-07 14:28:08.988 13024 13024 W RefBase : CallStack::getCurrentInternal not linked, returning null
09-07 14:28:08.988 13024 13024 W RefBase : CallStack::logStackInternal not linked
09-07 14:28:08.989 13024 13024 E LegacySupport: Could not get passthrough implementation for android.hardware.sensors@1.0::ISensors/default.
09-07 14:28:08.989   512   725 V acdb-loader-wrapper: 494:acdb_loader_get_audio_cal_v2
09-07 14:28:08.990   512   725 D acdb_loader_proxy: acdb_loader_get_audio_cal_v2: provided datalen(272)
09-07 14:28:08.991   393   399 D acdb_loader_server: onTransact GET_AUDIO_CAL_V2
09-07 14:28:08.991   393   399 D acdb_loader_server: onTransact: provided datalen(272)
09-07 14:28:08.992   393   399 D acdb_loader_server: onTransact: returned datalen(272)
09-07 14:28:08.992   512   725 D acdb_loader_proxy: acdb_loader_get_audio_cal_v2: returned datalen(272)
01-01 00:03:11.983     0     0 I init    : Service 'vendor.sensors-hal-1-0' (pid 13024) exited with status 1
01-01 00:03:11.983     0     0 I init    : Sending signal 9 to service 'vendor.sensors-hal-1-0' (pid 13024) process group...
01-01 00:03:11.983     0     0 I libprocessgroup: Successfully killed process cgroup uid 1000 pid 13024 in 0ms
09-07 14:28:08.995   512 13036 I HarmanAudioControl: hacs funcname(setMute) sessionValue(62) reply with result(0) in operator()() PluginManager.h:383
09-07 14:28:08.995   512 13036 I HarmanHal: PluginInterface::handlePluginReply session found sessionId 62 result 0
09-07 14:28:08.996   512  1066 I HarmanHal: MuteController::handleMessage:: handling callback from Plugin
09-07 14:28:08.996   512  1065 I HarmanHal: ------ doRampUpDone for bus: bus3_call_ring_out , audio source type : 4
09-07 14:28:08.998   512  1065 I HarmanHal: after handling cmEvtRampUpDone event in rampup state changing next state to st_idle in Info2 state machine
09-07 14:28:08.998   512  1065 I HarmanHal: ****** bus name : bus3_call_ring_out   sink:   isRouted : 1  ConnectInProgess : 0   disconnectInProgress : 0  audiosource SOURCE_RING******
09-07 14:28:08.998   512  1065 I HarmanHal: ----- ConnectionController::connectCompleted bus: bus3_call_ring_out -----
09-07 14:28:08.998   512  1065 I HarmanHal: Found the entry for bus: bus3_call_ring_out deleting from the activation queue 
09-07 14:28:08.999   512  1065 W HarmanHal: busActivated: callback return package is abnormal, you may get the incorrect return value
09-07 14:28:08.999   512  1065 I HarmanHal: Entering state IntSrcSM::st_idle in Info2_StateMachine
09-07 14:28:08.999   512 13015 I HarmanHal.Routing: hacs owner(bus3_call_ring_out): owner period ms 8, linked period ms 8 in initRBuffer() AudioPort.cpp:967
09-07 14:28:08.999   512 13015 V acdb-loader-wrapper: 323:acdb_loader_send_audio_cal_v4
09-07 14:28:08.999   512 13015 D acdb_loader_proxy: acdb_loader_send_audio_cal_v4: acdb_id(122), capability(1), app_id(69936), sample_rate(48000), use_case(0), afe_sample_rate(48000)
09-07 14:28:08.999   393   399 D acdb_loader_server: onTransact SEND_AUDIO_CAL_V4: acdb_id(122), capability(1), app_id(69936), sample_rate(48000), use_case(0), afe_sample_rate(48000)
09-07 14:28:09.000   393   399 D ACDB-LOADER: ACDB -> send_audio_cal, acdb_id = 122, path = 0, app id = 0x11130, sample rate = 48000, afe_sample_rate = 48000
09-07 14:28:09.000   393   399 D ACDB-LOADER: ACDB -> send_asm_topology
09-07 14:28:09.000   393   399 D ACDB-LOADER: ACDB -> ACDB_CMD_GET_AUDPROC_STREAM_TOPOLOGY_ID
09-07 14:28:09.000   393   399 D ACDB-LOADER: ACDB -> send_adm_topology
09-07 14:28:09.000   393   399 D ACDB-LOADER: ACDB -> ACDB_CMD_GET_AUDPROC_COMMON_TOPOLOGY_ID
09-07 14:28:09.000   393   399 D ACDB-LOADER: ACDB -> send_audtable
09-07 14:28:09.000   393   399 D ACDB-LOADER: ACDB -> ACDB_CMD_GET_AUDPROC_INSTANCE_COMMON_TABLE_SIZE
09-07 14:28:09.000   393   399 D ACDB-LOADER: ACDB -> ACDB_CMD_GET_AUDPROC_INSTANCE_COMMON_TABLE
09-07 14:28:09.000   393   399 D ACDB-LOADER: ACDB -> AUDIO_SET_AUDPROC_CAL cal_type[11] acdb_id[122] app_type[69936]
09-07 14:28:09.000   393   399 D ACDB-LOADER: ACDB -> send_audvoltable
09-07 14:28:09.000   393   399 D ACDB-LOADER: ACDB -> ACDB_CMD_GET_AUDPROC_INSTANCE_GAIN_DEP_STEP_TABLE_SIZE
09-07 14:28:09.000   393   399 D acdb_loader_service: Failed to fetch the lookup information of the device 0000007A 
09-07 14:28:09.000   393   399 D ACDB-LOADER: Error: ACDB_CMD_GET_AUDPROC_INSTANCE_GAIN_DEP_STEP_TABLE_SIZE Returned = -19
09-07 14:28:09.000   393   399 D ACDB-LOADER: ACDB -> ACDB_CMD_GET_AUDPROC_INSTANCE_GAIN_DEP_STEP_TABLE, vol index 0
09-07 14:28:09.000   393   399 D acdb_loader_service: Failed to fetch the lookup information of the device 0000007A 
09-07 14:28:09.000   393   399 D ACDB-LOADER: Error: ACDB AudProc vol returned = -19
09-07 14:28:09.000   393   399 D ACDB-LOADER: ACDB -> AUDIO_SET_VOL_CAL cal type = 12
09-07 14:28:09.000   393   399 D ACDB-LOADER: ACDB -> ACDB_CMD_GET_AUDPROC_INSTANCE_STREAM_TABLE_SIZE
09-07 14:28:09.000   393   399 D ACDB-LOADER: ACDB -> send_audstrmtable
09-07 14:28:09.000   393   399 D ACDB-LOADER: ACDB -> ACDB_CMD_GET_AUDPROC_INSTANCE_STREAM_TABLE
09-07 14:28:09.000   393   399 D ACDB-LOADER: ACDB -> audstrm_cal->cal_type.cal_data.cal_size = 20
09-07 14:28:09.000   393   399 D ACDB-LOADER: ACDB -> send_afe_topology
09-07 14:28:09.000   393   399 D ACDB-LOADER: ACDB -> ACDB_CMD_GET_AFE_TOPOLOGY_ID
09-07 14:28:09.000   393   399 D ACDB-LOADER: ACDB -> GET_AFE_TOPOLOGY_ID for adcd_id 122, Topology Id 112fc
09-07 14:28:09.000   393   399 D ACDB-LOADER: ACDB -> send_afe_cal
09-07 14:28:09.000   393   399 D ACDB-LOADER: ACDB -> ACDB_CMD_GET_AFE_INSTANCE_COMMON_TABLE_SIZE
09-07 14:28:09.000   393   399 D acdb_loader_service: Failed to fetch the lookup information of the device 0000007A 
09-07 14:28:09.000   393   399 D ACDB-LOADER: Error: ACDB_CMD_GET_AFE_INSTANCE_COMMON_TABLE_SIZE Returned = -19
09-07 14:28:09.000   393   399 D ACDB-LOADER: ACDB -> ACDB_CMD_GET_AFE_INSTANCE_COMMON_TABLE
09-07 14:28:09.000   393   399 D acdb_loader_service: Failed to fetch the lookup information of the device 0000007A 
09-07 14:28:09.000   393   399 D ACDB-LOADER: Error: ACDB AFE returned = -19
09-07 14:28:09.000   393   399 D ACDB-LOADER: ACDB -> AUDIO_SET_AFE_CAL cal_type[16] acdb_id[122]
09-07 14:28:09.000   393   399 D ACDB-LOADER: ACDB -> send_hw_delay : acdb_id = 122 path = 0
09-07 14:28:09.000   393   399 D ACDB-LOADER: ACDB -> ACDB_AVSYNC_INFO: ACDB_CMD_GET_DEVICE_PROPERTY
09-07 14:28:09.001   532   569 I VPS     : VPS:VehiclePlatformSOCHeartBeatHandler IVI HeartBeat sent successfully SOCHeartBeatInfo.SOCStatus->2
09-07 14:28:09.001   532   569 W ipcLib  : ipcLib: in ipc_lib. DV1 write called
09-07 14:28:09.003   532   569 W ipcLib  : ipcLib: in ipc_lib. DV1 read called
09-07 14:28:09.005   512 13015 D audio_route: Apply path: pcmRing_p-INT
09-07 14:28:09.010 13029 13029 D LOGMANAGER: LOGMANAGER HAL service init() start
09-07 14:28:09.010 13029 13029 D LOGMANAGER: Logmanager configured rpcthreadpool
09-07 14:28:09.007 13029 13029 I vendor.harman.L: type=1400 audit(0.0:2560): avc: denied { read } for name="u:object_r:hwservicemanager_prop:s0" dev="tmpfs" ino=24519 scontext=u:r:logmanagerd:s0 tcontext=u:object_r:hwservicemanager_prop:s0 tclass=file permissive=1
09-07 14:28:09.007 13029 13029 I vendor.harman.L: type=1400 audit(0.0:2561): avc: denied { open } for path="/dev/__properties__/u:object_r:hwservicemanager_prop:s0" dev="tmpfs" ino=24519 scontext=u:r:logmanagerd:s0 tcontext=u:object_r:hwservicemanager_prop:s0 tclass=file permissive=1
09-07 14:28:09.007 13029 13029 I vendor.harman.L: type=1400 audit(0.0:2562): avc: denied { getattr } for path="/dev/__properties__/u:object_r:hwservicemanager_prop:s0" dev="tmpfs" ino=24519 scontext=u:r:logmanagerd:s0 tcontext=u:object_r:hwservicemanager_prop:s0 tclass=file permissive=1
09-07 14:28:09.013   512 12999 D HarmanHAL: StreamIn::getCapturePositionImpl
09-07 14:28:09.014 13029 13029 I HidlServiceManagement: Registered vendor.harman.hardware.LogManager@1.0::ILogManager/default
09-07 14:28:09.014 13029 13029 D LOGMANAGER: Logmanager HAL Service is registered and ready
09-07 14:28:09.014 13029 13029 I LOGMANAGER: ThreadPoolWrapper::initThreadPool
09-07 14:28:09.014 13029 13029 I LOGMANAGER: ThreadPoolWrapper : exit
09-07 14:28:09.014 13029 13029 D LOGMANAGER: Logmanager threadpoolwrapper created
09-07 14:28:09.014 13029 13029 D LOGMANAGER: User argument is -c
09-07 14:28:09.014 13029 13040 I LOGMANAGER: ThreadPoolWrapper:  enter the joinRpcThreadpool()
09-07 14:28:09.015 13029 13029 I LOGMANAGER: LogmanagerConfig is configured under config file
09-07 14:28:09.015 13029 13029 I LOGMANAGER: LoggingLevel is : 4
09-07 14:28:09.015 13029 13029 I LOGMANAGER: LogEnableState is : 0
09-07 14:28:09.015 13029 13029 I LOGMANAGER: OutputPluginConfiguration PluginType : LOGWRITTER
09-07 14:28:09.015 13029 13029 I LOGMANAGER: LM_OutputConfiguration : 1
09-07 14:28:09.015 13029 13029 I LOGMANAGER: LM_OfflineTraceDirectory : /data/cache
09-07 14:28:09.015 13029 13029 I LOGMANAGER: LM_OfflineTraceFILESize : 1000000
09-07 14:28:09.015 13029 13029 I LOGMANAGER: LM_OfflineTotalFILESSize : 20000000
09-07 14:28:09.015 13029 13029 I LOGMANAGER: LM_FileNameTimeStampBased : 0
09-07 14:28:09.015 13029 13029 I LOGMANAGER: Got IOC plugin
09-07 14:28:09.015 13029 13029 I LOGMANAGER: IOCIPCChannelNumber :6
09-07 14:28:09.015 13029 13029 I LOGMANAGER: keyseq: HOME + VOLUMEDOWN  for domain is AudioDump
09-07 14:28:09.015 13029 13029 I LOGMANAGER: keyseq: HOME + VOLUMEUP  for domain is HCIDump
09-07 14:28:09.015 13029 13029 I LOGMANAGER: Domains parsing is done
09-07 14:28:09.007 13029 13029 I vendor.harman.L: type=1400 audit(0.0:2563): avc: denied { map } for path="/dev/__properties__/u:object_r:hwservicemanager_prop:s0" dev="tmpfs" ino=24519 scontext=u:r:logmanagerd:s0 tcontext=u:object_r:hwservicemanager_prop:s0 tclass=file permissive=1
09-07 14:28:09.011 13029 13029 I vendor.harman.L: type=1400 audit(0.0:2564): avc: denied { dac_read_search } for capability=2 scontext=u:r:logmanagerd:s0 tcontext=u:r:logmanagerd:s0 tclass=capability permissive=1
09-07 14:28:09.021   512 13015 I HarmanHal.Routing: hacs owner(pcmRing_p): dst param -- sampleRate(48000) format(3) channels(1) periodSize(384) in ifNeedDoConvert() AudioPort.cpp:535
09-07 14:28:09.021   512 13015 I HarmanHal.Routing: hacs owner(pcmRing_p): NEED DO CONFIGURATION FOR CONVERT in ifNeedDoConvert() AudioPort.cpp:537
09-07 14:28:09.021   512 13015 I HarmanHal.Routing: hacs Different ChannelCountAudioSampleItem 2, 1 in operator==() AudioSample.hpp:136
09-07 14:28:09.021   512 13015 I HarmanHal.Routing: hacs Different FormatAudioSampleItem 1, 3 in operator==() AudioSample.hpp:141
09-07 14:28:09.021   512 13015 I HarmanHal.Routing: hacs SRC rate=48000, format=1, channels=2 in configure() AudioConversion.cpp:122
09-07 14:28:09.021   512 13015 I HarmanHal.Routing: hacs DST rate=48000, format=3, channels=1 in configure() AudioConversion.cpp:123
09-07 14:28:09.021   512 13015 I HarmanHal.Routing: hacs mAudioConverter[0] = 0xb4000075fbc73c10 in doConfigureAndAddConverter() AudioConversion.cpp:273
09-07 14:28:09.021   512 13015 I HarmanHal.Routing: hacs Different FormatAudioSampleItem 1, 3 in operator==() AudioSample.hpp:141
09-07 14:28:09.021   512 13015 I HarmanHal.Routing: hacs id(734469264) for new buffer, type = 2 in createRingBuffer() RingBufferManager.cpp:32
09-07 14:28:09.021   512 13015 I HarmanHal.Routing: hacs channels(24) frames(768) bufferNum(3) mIsInitialized(0) in initialize() RingBuffer.cpp:412
09-07 14:28:09.021   512 13015 I HarmanHal.Routing: hacs owner(pcmRing_p) success to create a buffer: type = 1, interleaved = 0 in getRingBuffer() AudioPort.cpp:607
09-07 14:28:09.021   512 13015 I HarmanHal.Routing: hacs id(466243392) bufferSize(1536) bufferNum(3) in createRingBuffer() RingBufferManager.cpp:77
09-07 14:28:09.021   512 13015 I HarmanHal.Routing: hacs bufferSize(1536 --> 1536) bufferNum(3) this(0xb4000075bbc7edc0) in initialize() RingBuffer.cpp:384
09-07 14:28:09.021   512 13015 I HarmanHal.Routing: hacs Enable ADTM print for alsa node(pcmRing_p) in printADTM() PcmAlsaWrapper.cpp:831
09-07 14:28:09.022 13029 13029 E LOGMANAGER: Failed to load plugin /vendor/lib64/libIOCDLogReader.so with error code dlopen failed: library "/vendor/lib64/libIOCDLogReader.so" not found 
01-01 00:03:12.005     0     0 W audit   : audit_lost=1099 audit_rate_limit=5 audit_backlog_limit=64
09-07 14:28:09.011 13029 13029 I vendor.harman.L: type=1400 audit(0.0:2567): avc: denied { write } for name="cache" dev="dm-4" ino=262146 scontext=u:r:logmanagerd:s0 tcontext=u:object_r:cache_file:s0 tclass=dir permissive=1
01-01 00:03:12.005     0     0 E audit   : rate limit exceeded
09-07 14:28:09.026 13029 13029 F libc    : Fatal signal 11 (SIGSEGV), code 1 (SEGV_MAPERR), fault addr 0x0 in tid 13029 (vendor.harman.L), pid 13029 (vendor.harman.L)
09-07 14:28:09.034  2584 10896 W vCard   : Property name unsupported by vCard 2.1: N
09-07 14:28:09.043   512 12999 D HarmanHAL: StreamIn::getCapturePositionImpl
09-07 14:28:09.054 13052 13052 I crash_dump64: obtaining output fd from tombstoned, type: kDebuggerdTombstone
09-07 14:28:09.055   463   463 I tombstoned: received crash request for pid 13029
09-07 14:28:09.056 13052 13052 I crash_dump64: performing dump of process 13029 (target tid = 13029)
09-07 14:28:09.059 13052 13052 F DEBUG   : *** *** *** *** *** *** *** *** *** *** *** *** *** *** *** ***
09-07 14:28:09.061 13052 13052 F DEBUG   : Build fingerprint: 'qti/titan_tml_b2/titan_tml_b2:11/RQ3A.210605.005/eng.ksong.20210907.134230:userdebug/test-keys'
09-07 14:28:09.061 13052 13052 F DEBUG   : Revision: '0'
09-07 14:28:09.061 13052 13052 F DEBUG   : ABI: 'arm64'
09-07 14:28:09.063 13052 13052 F DEBUG   : Timestamp: 2021-09-07 14:28:09+0000
09-07 14:28:09.063 13052 13052 F DEBUG   : pid: 13029, tid: 13029, name: vendor.harman.L  >>> /vendor/bin/hw/vendor.harman.LogManager@1.0-service <<<
09-07 14:28:09.063 13052 13052 F DEBUG   : uid: 0
09-07 14:28:09.063 13052 13052 F DEBUG   : signal 11 (SIGSEGV), code 1 (SEGV_MAPERR), fault addr 0x0
09-07 14:28:09.063 13052 13052 F DEBUG   : Cause: null pointer dereference
09-07 14:28:09.063 13052 13052 F DEBUG   :     x0  0000000000000000  x1  0000000000000000  x2  0000000000080001  x3  0000000000000000
09-07 14:28:09.064 13052 13052 F DEBUG   :     x4  0000000000000000  x5  0000000000000090  x6  fefefefefefefeff  x7  7f7f7f7f7f7f7f7f
09-07 14:28:09.064 13052 13052 F DEBUG   :     x8  0101010101010101  x9  ac464bdc276f637a  x10 0000007ff8466d58  x11 fffffffffffffffd
09-07 14:28:09.064 13052 13052 F DEBUG   :     x12 0000007ff8466ee0  x13 000000000000008e  x14 0001312cbdff8400  x15 0000000034155555
09-07 14:28:09.064 13052 13052 F DEBUG   :     x16 0000005d829eb7e0  x17 0000007700f4eb30  x18 0000007701e00000  x19 0000000000000000
09-07 14:28:09.064 13052 13052 F DEBUG   :     x20 00000077011f1c50  x21 0000007ff84675f9  x22 b400007600e2c8e8  x23 0000007ff8467618
09-07 14:28:09.064 13052 13052 F DEBUG   :     x24 0000000000000000  x25 0000007701a85000  x26 0000007ff84675f9  x27 0000007ff84675c9
09-07 14:28:09.064 13052 13052 F DEBUG   :     x28 0000000000000000  x29 0000007ff8467500
09-07 14:28:09.064 13052 13052 F DEBUG   :     lr  0000005d829e2048  sp  0000007ff8467500  pc  0000007700f4eb40  pst 0000000080000000
09-07 14:28:09.069 13052 13052 F DEBUG   : backtrace:
09-07 14:28:09.069 13052 13052 F DEBUG   :       #00 pc 000000000004ab40  /apex/com.android.runtime/lib64/bionic/libc.so (strlen_default+16) (BuildId: 2b7c6e33413ac7278a15dfc3ea383089)
09-07 14:28:09.071 13052 13052 F DEBUG   :       #01 pc 0000000000009044  /vendor/bin/hw/vendor.harman.LogManager@1.0-service (BuildId: 3e966ab64050b441b920ba0e8960d123)
09-07 14:28:09.071 13052 13052 F DEBUG   :       #02 pc 0000000000008df0  /vendor/bin/hw/vendor.harman.LogManager@1.0-service (LM::LogManagerImpl::load_plugin_conf(void*, std::__1::basic_string<char, std::__1::char_traits<char>, std::__1::allocator<char> >, std::__1::multimap<std::__1::basic_string<char, std::__1::char_traits<char>, std::__1::allocator<char> >, int, std::__1::less<std::__1::basic_string<char, std::__1::char_traits<char>, std::__1::allocator<char> > >, std::__1::allocator<std::__1::pair<std::__1::basic_string<char, std::__1::char_traits<char>, std::__1::allocator<char> > const, int> > >&)+752) (BuildId: 3e966ab64050b441b920ba0e8960d123)
09-07 14:28:09.072 13052 13052 F DEBUG   :       #03 pc 00000000000088c0  /vendor/bin/hw/vendor.harman.LogManager@1.0-service (LM::LogManagerImpl::loadplugins()+436) (BuildId: 3e966ab64050b441b920ba0e8960d123)
09-07 14:28:09.072 13052 13052 F DEBUG   :       #04 pc 0000000000007af8  /vendor/bin/hw/vendor.harman.LogManager@1.0-service (main+1112) (BuildId: 3e966ab64050b441b920ba0e8960d123)
09-07 14:28:09.072 13052 13052 F DEBUG   :       #05 pc 000000000004988c  /apex/com.android.runtime/lib64/bionic/libc.so (__libc_init+108) (BuildId: 2b7c6e33413ac7278a15dfc3ea383089)
09-07 14:28:09.084   512 12999 D HarmanHAL: StreamIn::getCapturePositionImpl
09-07 14:28:09.101  2584 10896 W vCard   : Property name unsupported by vCard 2.1: N
01-01 00:03:12.086     0     0 D logd    : logdr: UID=0 GID=1000 PID=13052 n tail=50 logMask=8 pid=13029 start=0ns timeout=0ns
09-07 14:28:09.113   512 12999 D HarmanHAL: StreamIn::getCapturePositionImpl
01-01 00:03:12.095     0     0 D logd    : logdr: UID=0 GID=1000 PID=13052 n tail=50 logMask=1 pid=13029 start=0ns timeout=0ns
01-01 00:03:12.122     0     0 D logd    : logdr: UID=0 GID=1000 PID=13052 n tail=0 logMask=8 pid=13029 start=0ns timeout=0ns
01-01 00:03:12.135     0     0 D logd    : logdr: UID=0 GID=1000 PID=13052 n tail=0 logMask=1 pid=13029 start=0ns timeout=0ns
09-07 14:28:09.154  1033  1270 W NativeCrashListener: Couldn't find ProcessRecord for pid 13029
09-07 14:28:09.144   512 12999 D HarmanHAL: StreamIn::getCapturePositionImpl
09-07 14:28:09.154 13052 13052 E crash_dump64: AM data write failed: Broken pipe
09-07 14:28:09.155   463   463 E tombstoned: Tombstone written to: /data/tombstones/tombstone_04
01-01 00:03:12.146     0     0 I init    : Service 'LogManager' (pid 13029) received signal 11
09-07 14:28:09.163  1033  1095 I BootReceiver: Copying /data/tombstones/tombstone_04 to DropBox (SYSTEM_TOMBSTONE)
09-07 14:28:09.165  1033  1095 I DropBoxManagerService: add tag=SYSTEM_TOMBSTONE isTagEnabled=true flags=0x2
09-07 14:28:09.168  2584 10896 W vCard   : Property name unsupported by vCard 2.1: N
09-07 14:28:09.173   512 12999 D HarmanHAL: StreamIn::getCapturePositionImpl
09-07 14:28:09.203   512 12999 D HarmanHAL: StreamIn::getCapturePositionImpl
09-07 14:28:09.227  2584 10896 W vCard   : Property name unsupported by vCard 2.1: N
09-07 14:28:09.243   512 12999 D HarmanHAL: StreamIn::getCapturePositionImpl
09-07 14:28:09.273   512 12999 D HarmanHAL: StreamIn::getCapturePositionImpl
09-07 14:28:09.280   512  3972 I HarmanHal.Routing: hacs alsa node(pcmMedia_p) adtm interval_min:0 ms, inverval_max:10 ms, inverval_mean:8 ms!
09-07 14:28:09.280   512  3972 I HarmanHal.Routing:  in printADTM() PcmAlsaWrapper.cpp:876
09-07 14:28:09.294  2584 10896 W vCard   : Property name unsupported by vCard 2.1: N
09-07 14:28:09.303   512 12999 D HarmanHAL: StreamIn::getCapturePositionImpl
09-07 14:28:09.333   512 12999 D HarmanHAL: StreamIn::getCapturePositionImpl
09-07 14:28:09.356  2584 10896 W vCard   : Property name unsupported by vCard 2.1: N
09-07 14:28:09.363   512 12999 D HarmanHAL: StreamIn::getCapturePositionImpl
09-07 14:28:09.403   512 12999 I HarmanHal.Routing: hacs alsa node(pcmTunerIn_c) adtm interval_min:29 ms, inverval_max:41 ms, inverval_mean:30 ms!
09-07 14:28:09.403   512 12999 I HarmanHal.Routing:  in printADTM() PcmAlsaWrapper.cpp:876
09-07 14:28:09.404   512 12999 D HarmanHAL: StreamIn::getCapturePositionImpl
09-07 14:28:09.433   512 12999 D HarmanHAL: StreamIn::getCapturePositionImpl
09-07 14:28:09.449  2584 10896 W vCard   : Property name unsupported by vCard 2.1: N
09-07 14:28:09.464   512 12999 D HarmanHAL: StreamIn::getCapturePositionImpl
09-07 14:28:09.475   538   618 W ipcLib  : ipcLib: in ipc_lib. DV1 read called
09-07 14:28:09.493   512 12999 D HarmanHAL: StreamIn::getCapturePositionImpl
09-07 14:28:09.513  2584 10896 W vCard   : Property name unsupported by vCard 2.1: N
09-07 14:28:09.523   512 12999 D HarmanHAL: StreamIn::getCapturePositionImpl
09-07 14:28:09.563   512 12999 D HarmanHAL: StreamIn::getCapturePositionImpl
09-07 14:28:09.592  2584 10896 W vCard   : Property name unsupported by vCard 2.1: N
09-07 14:28:09.593   512 12999 D HarmanHAL: StreamIn::getCapturePositionImpl
09-07 14:28:09.623   512 12999 D HarmanHAL: StreamIn::getCapturePositionImpl
09-07 14:28:09.642  2584 10896 W vCard   : Property name unsupported by vCard 2.1: N
09-07 14:28:09.653   512 12999 D HarmanHAL: StreamIn::getCapturePositionImpl
09-07 14:28:09.656   536   612 E pathology: [ProcessCrashHandler:: parseTombstoneFileName]string not found
09-07 14:28:09.657   536   612 I chatty  : uid=0(root) vendor.harman.p identical 4 lines
09-07 14:28:09.657   536   612 E pathology: [ProcessCrashHandler:: parseTombstoneFileName]string not found
09-07 14:28:09.683   512 12999 D HarmanHAL: StreamIn::getCapturePositionImpl
09-07 14:28:09.702  2584 10896 W vCard   : Property name unsupported by vCard 2.1: N
09-07 14:28:09.723   512 12999 D HarmanHAL: StreamIn::getCapturePositionImpl
09-07 14:28:09.738   537   722 I TunerCommon: CTunerTimer::startTimer: altMsecTimeout = 15000
09-07 14:28:09.738   537   711 W TunerCommon: EventThd::run:deliverEvent: OK
09-07 14:28:09.753   512 12999 D HarmanHAL: StreamIn::getCapturePositionImpl
09-07 14:28:09.757  2584 10896 W vCard   : Property name unsupported by vCard 2.1: N
09-07 14:28:09.783   512 12999 D HarmanHAL: StreamIn::getCapturePositionImpl
09-07 14:28:09.813   512 12999 D HarmanHAL: StreamIn::getCapturePositionImpl
09-07 14:28:09.828  2584 10896 W vCard   : Property name unsupported by vCard 2.1: N
09-07 14:28:09.843   512 12999 D HarmanHAL: StreamIn::getCapturePositionImpl
09-07 14:28:09.870  1033  1942 I system_server: oneway function results will be dropped but finished with status OK and parcel size 4
09-07 14:28:09.883   512 12999 D HarmanHAL: StreamIn::getCapturePositionImpl
09-07 14:28:09.896  1033  1942 I system_server: oneway function results will be dropped but finished with status OK and parcel size 4
09-07 14:28:09.913   512 12999 D HarmanHAL: StreamIn::getCapturePositionImpl
09-07 14:28:09.944   512 12999 D HarmanHAL: StreamIn::getCapturePositionImpl
09-07 14:28:09.962  1033  2748 I system_server: oneway function results will be dropped but finished with status OK and parcel size 4
09-07 14:28:09.967  2584 10896 W vCard   : Property name unsupported by vCard 2.1: N
09-07 14:28:09.973   512 12999 D HarmanHAL: StreamIn::getCapturePositionImpl
09-07 14:28:09.980   512 13015 I HarmanHal.Routing: hacs alsa node(pcmRing_p) adtm interval_min:0 ms, inverval_max:10 ms, inverval_mean:7 ms!
09-07 14:28:09.980   512 13015 I HarmanHal.Routing:  in printADTM() PcmAlsaWrapper.cpp:876
09-07 14:28:09.980  1033  1942 I system_server: oneway function results will be dropped but finished with status OK and parcel size 4
09-07 14:28:10.004   512 12999 D HarmanHAL: StreamIn::getCapturePositionImpl
09-07 14:28:10.011  1033  1942 I system_server: oneway function results will be dropped but finished with status OK and parcel size 4
09-07 14:28:10.025  2584 10896 W vCard   : Property name unsupported by vCard 2.1: N
09-07 14:28:10.043  1033  1942 I system_server: oneway function results will be dropped but finished with status OK and parcel size 4
09-07 14:28:10.044   512 12999 D HarmanHAL: StreamIn::getCapturePositionImpl
09-07 14:28:10.073   512 12999 D HarmanHAL: StreamIn::getCapturePositionImpl
09-07 14:28:10.087  2584 10896 W vCard   : Property name unsupported by vCard 2.1: N
09-07 14:28:10.095   536   536 I vendor.harman.p: type=1400 audit(0.0:2593): avc: denied { remove_name } for name="GPUMONITOR_PF_1631024730.lz4" dev="dm-4" ino=49337 scontext=u:r:pathologyd:s0 tcontext=u:object_r:vendor_data_file:s0 tclass=dir permissive=1
09-07 14:28:10.095   536   536 I vendor.harman.p: type=1400 audit(0.0:2594): avc: denied { unlink } for name="GPUMONITOR_PF_1631024730.lz4" dev="dm-4" ino=49337 scontext=u:r:pathologyd:s0 tcontext=u:object_r:vendor_data_file:s0 tclass=file permissive=1
09-07 14:28:10.104   512 12999 D HarmanHAL: StreamIn::getCapturePositionImpl
09-07 14:28:10.133   512 12999 D HarmanHAL: StreamIn::getCapturePositionImpl
09-07 14:28:10.147  2584 10896 W vCard   : Property name unsupported by vCard 2.1: N
09-07 14:28:10.164   512 12999 D HarmanHAL: StreamIn::getCapturePositionImpl
09-07 14:28:10.203   512 12999 D HarmanHAL: StreamIn::getCapturePositionImpl
09-07 14:28:10.205  2584 10896 W vCard   : Property name unsupported by vCard 2.1: N
09-07 14:28:10.234   512 12999 D HarmanHAL: StreamIn::getCapturePositionImpl
09-07 14:28:10.263   512 12999 D HarmanHAL: StreamIn::getCapturePositionImpl
09-07 14:28:10.267  2584 10896 W vCard   : Property name unsupported by vCard 2.1: N
09-07 14:28:10.280   512  3972 I HarmanHal.Routing: hacs alsa node(pcmMedia_p) adtm interval_min:0 ms, inverval_max:10 ms, inverval_mean:8 ms!
09-07 14:28:10.280   512  3972 I HarmanHal.Routing:  in printADTM() PcmAlsaWrapper.cpp:876
09-07 14:28:10.293   512 12999 D HarmanHAL: StreamIn::getCapturePositionImpl
09-07 14:28:10.323   512 12999 D HarmanHAL: StreamIn::getCapturePositionImpl
09-07 14:28:10.343  2584 10896 W vCard   : Property name unsupported by vCard 2.1: N
09-07 14:28:10.363   512 12999 D HarmanHAL: StreamIn::getCapturePositionImpl
09-07 14:28:10.393   512 12999 I HarmanHal.Routing: hacs alsa node(pcmTunerIn_c) adtm interval_min:30 ms, inverval_max:40 ms, inverval_mean:31 ms!
09-07 14:28:10.393   512 12999 I HarmanHal.Routing:  in printADTM() PcmAlsaWrapper.cpp:876
09-07 14:28:10.394   512 12999 D HarmanHAL: StreamIn::getCapturePositionImpl
09-07 14:28:10.403  2584 10896 W vCard   : Property name unsupported by vCard 2.1: N
09-07 14:28:10.423   512 12999 D HarmanHAL: StreamIn::getCapturePositionImpl
09-07 14:28:10.453  2584 10896 W vCard   : Property name unsupported by vCard 2.1: N
09-07 14:28:10.453   512 12999 D HarmanHAL: StreamIn::getCapturePositionImpl
09-07 14:28:10.476   538   618 W ipcLib  : ipcLib: in ipc_lib. DV1 read called
09-07 14:28:10.484   512 12999 D HarmanHAL: StreamIn::getCapturePositionImpl
09-07 14:28:10.507  2584 10896 W vCard   : Property name unsupported by vCard 2.1: N
09-07 14:28:10.523   512 12999 D HarmanHAL: StreamIn::getCapturePositionImpl
09-07 14:28:10.553   512 12999 D HarmanHAL: StreamIn::getCapturePositionImpl
09-07 14:28:10.564  2584 10896 W vCard   : Property name unsupported by vCard 2.1: N
09-07 14:28:10.583   512 12999 D HarmanHAL: StreamIn::getCapturePositionImpl
09-07 14:28:10.613   512 12999 D HarmanHAL: StreamIn::getCapturePositionImpl
09-07 14:28:10.619  2584 10896 W vCard   : Property name unsupported by vCard 2.1: N
09-07 14:28:10.643   512 12999 D HarmanHAL: StreamIn::getCapturePositionImpl
09-07 14:28:10.667   532   569 W ipcLib  : ipcLib: in ipc_lib. DV1 read called
09-07 14:28:10.668   532   568 I VPS     : VPS:IOCStatusInfo.VoltageStatus->0 
09-07 14:28:10.668   532   568 I VPS     : VPS:IOCStatusInfo.IOCStatusCmd->a6 
09-07 14:28:10.668   532   568 I VPS     : VPS:IOCStatusInfo.WakeUpReason->0 
09-07 14:28:10.668   532   568 I VPS     : VPS:IOCStatusInfo.DerivedIgnitionStatus->0 
09-07 14:28:10.668   532   568 I VPS     : VPS:IOCStatusInfo.PowerModeState->4 
09-07 14:28:10.668   532   568 I VPS     : VPS:IOCStatusInfo.SOCShutdownRequest->0 
09-07 14:28:10.668   532   568 I VPS     : VPS:IOCStatusInfo.AntiTheftState->0 
09-07 14:28:10.668   532   568 I VPS     : VPS:IOCStatusInfo.BatteryConnect->0 
09-07 14:28:10.683   512 12999 D HarmanHAL: StreamIn::getCapturePositionImpl
09-07 14:28:10.694  2584 10896 W vCard   : Property name unsupported by vCard 2.1: N
09-07 14:28:10.713   512 12999 D HarmanHAL: StreamIn::getCapturePositionImpl
09-07 14:28:10.719   536   536 I vendor.harman.p: type=1400 audit(0.0:2595): avc: denied { read } for name="2" dev="dm-4" ino=49241 scontext=u:r:pathologyd:s0 tcontext=u:object_r:vendor_data_file:s0 tclass=dir permissive=1
09-07 14:28:10.719   536   536 I vendor.harman.p: type=1400 audit(0.0:2596): avc: denied { open } for path="/data/vendor/pathologyArchive/2" dev="dm-4" ino=49241 scontext=u:r:pathologyd:s0 tcontext=u:object_r:vendor_data_file:s0 tclass=dir permissive=1
09-07 14:28:10.735  2584 10896 W vCard   : Property name unsupported by vCard 2.1: N
09-07 14:28:10.743   512 12999 D HarmanHAL: StreamIn::getCapturePositionImpl
09-07 14:28:10.773   512 12999 D HarmanHAL: StreamIn::getCapturePositionImpl
09-07 14:28:10.775 13120 13120 I cat     : type=1400 audit(0.0:2597): avc: denied { read } for name="interrupts" dev="proc" ino=4026532028 scontext=u:r:pathologyd:s0 tcontext=u:object_r:proc_interrupts:s0 tclass=file permissive=1
01-01 00:03:13.770     0     0 W audit   : audit_lost=1124 audit_rate_limit=5 audit_backlog_limit=64
01-01 00:03:13.770     0     0 E audit   : rate limit exceeded
09-07 14:28:10.792  2584 10896 W vCard   : Property name unsupported by vCard 2.1: N
09-07 14:28:10.803   512 12999 D HarmanHAL: StreamIn::getCapturePositionImpl
09-07 14:28:10.843   512 12999 D HarmanHAL: StreamIn::getCapturePositionImpl
09-07 14:28:10.851  2584 10896 W vCard   : Property name unsupported by vCard 2.1: N
09-07 14:28:10.873   512 12999 D HarmanHAL: StreamIn::getCapturePositionImpl
09-07 14:28:10.903  2584 10896 W vCard   : Property name unsupported by vCard 2.1: N
09-07 14:28:10.903   512 12999 D HarmanHAL: StreamIn::getCapturePositionImpl
09-07 14:28:10.933   512 12999 I chatty  : uid=1041(audioserver) reader identical 1 line
09-07 14:28:10.963   512 12999 D HarmanHAL: StreamIn::getCapturePositionImpl
09-07 14:28:10.968  2584 10896 W vCard   : Property name unsupported by vCard 2.1: N
09-07 14:28:10.980   512 13015 I HarmanHal.Routing: hacs alsa node(pcmRing_p) adtm interval_min:0 ms, inverval_max:11 ms, inverval_mean:8 ms!
09-07 14:28:10.980   512 13015 I HarmanHal.Routing:  in printADTM() PcmAlsaWrapper.cpp:876
09-07 14:28:10.995   909   958 I TuningService: void *rxThread(void *),waitnum is 0
09-07 14:28:10.995   909   958 I TuningService:  in rxThread() rxthread.cpp:220
09-07 14:28:10.995   909   958 I TuningService: void *rxThread(void *),wait for timeout in rxThread() rxthread.cpp:224
09-07 14:28:11.003   512 12999 D HarmanHAL: StreamIn::getCapturePositionImpl
09-07 14:28:11.028  2584 10896 W vCard   : Property name unsupported by vCard 2.1: N
09-07 14:28:11.033   512 12999 D HarmanHAL: StreamIn::getCapturePositionImpl
09-07 14:28:11.063   512 12999 D HarmanHAL: StreamIn::getCapturePositionImpl
09-07 14:28:11.086  2584 10896 W vCard   : Property name unsupported by vCard 2.1: N
09-07 14:28:11.095   512 12999 D HarmanHAL: StreamIn::getCapturePositionImpl
09-07 14:28:11.123   512 12999 D HarmanHAL: StreamIn::getCapturePositionImpl
09-07 14:28:11.153  2584 10896 W vCard   : Property name unsupported by vCard 2.1: N
09-07 14:28:11.163   512 12999 D HarmanHAL: StreamIn::getCapturePositionImpl
09-07 14:28:11.193   512 12999 D HarmanHAL: StreamIn::getCapturePositionImpl
09-07 14:28:11.217  2584 10896 W vCard   : Property name unsupported by vCard 2.1: N
09-07 14:28:11.223   512 12999 D HarmanHAL: StreamIn::getCapturePositionImpl
09-07 14:28:11.253   512 12999 D HarmanHAL: StreamIn::getCapturePositionImpl
09-07 14:28:11.281   512  3972 I HarmanHal.Routing: hacs alsa node(pcmMedia_p) adtm interval_min:0 ms, inverval_max:11 ms, inverval_mean:8 ms!
09-07 14:28:11.281   512  3972 I HarmanHal.Routing:  in printADTM() PcmAlsaWrapper.cpp:876
09-07 14:28:11.283   512 12999 D HarmanHAL: StreamIn::getCapturePositionImpl
09-07 14:28:11.287  2584 10896 W vCard   : Property name unsupported by vCard 2.1: N
09-07 14:28:11.323   512 12999 D HarmanHAL: StreamIn::getCapturePositionImpl
09-07 14:28:11.350  2584 10896 W vCard   : Property name unsupported by vCard 2.1: N
09-07 14:28:11.354   512 12999 D HarmanHAL: StreamIn::getCapturePositionImpl
09-07 14:28:11.383   512 12999 I HarmanHal.Routing: hacs alsa node(pcmTunerIn_c) adtm interval_min:28 ms, inverval_max:40 ms, inverval_mean:31 ms!
09-07 14:28:11.383   512 12999 I HarmanHal.Routing:  in printADTM() PcmAlsaWrapper.cpp:876
09-07 14:28:11.384   512 12999 D HarmanHAL: StreamIn::getCapturePositionImpl
09-07 14:28:11.394  2584  2790 D BluetoothHeadsetClientServiceJni: callsetup_cb bdaddr a8:9c:ed:ac:1f:73
09-07 14:28:11.396  1033  1942 E ActivityManager: Sending non-protected broadcast com.harman.bluetooth.hfpclient.ACTION_AG_CALL_EVENT from system 2584:com.android.bluetooth/u10s1002 pkg com.android.bluetooth
09-07 14:28:11.396  1033  1942 E ActivityManager: java.lang.Throwable
09-07 14:28:11.396  1033  1942 E ActivityManager: 	at com.android.server.am.ActivityManagerService.checkBroadcastFromSystem(ActivityManagerService.java:15910)
09-07 14:28:11.396  1033  1942 E ActivityManager: 	at com.android.server.am.ActivityManagerService.broadcastIntentLocked(ActivityManagerService.java:16491)
09-07 14:28:11.396  1033  1942 E ActivityManager: 	at com.android.server.am.ActivityManagerService.broadcastIntentLocked(ActivityManagerService.java:15927)
09-07 14:28:11.396  1033  1942 E ActivityManager: 	at com.android.server.am.ActivityManagerService.broadcastIntentWithFeature(ActivityManagerService.java:16741)
09-07 14:28:11.396  1033  1942 E ActivityManager: 	at android.app.IActivityManager$Stub.onTransact(IActivityManager.java:2283)
09-07 14:28:11.396  1033  1942 E ActivityManager: 	at com.android.server.am.ActivityManagerService.onTransact(ActivityManagerService.java:2875)
09-07 14:28:11.396  1033  1942 E ActivityManager: 	at android.os.Binder.execTransactInternal(Binder.java:1159)
09-07 14:28:11.396  1033  1942 E ActivityManager: 	at android.os.Binder.execTransact(Binder.java:1123)
09-07 14:28:11.397  1033  1942 E ActivityManager: Sending non-protected broadcast com.harman.bluetooth.hfpclient.ACTION_AG_CALL_EVENT from system 2584:com.android.bluetooth/u10s1002 pkg com.android.bluetooth
09-07 14:28:11.397  1033  1942 E ActivityManager: java.lang.Throwable
09-07 14:28:11.397  1033  1942 E ActivityManager: 	at com.android.server.am.ActivityManagerService.checkBroadcastFromSystem(ActivityManagerService.java:15910)
09-07 14:28:11.397  1033  1942 E ActivityManager: 	at com.android.server.am.ActivityManagerService.broadcastIntentLocked(ActivityManagerService.java:16585)
09-07 14:28:11.397  1033  1942 E ActivityManager: 	at com.android.server.am.ActivityManagerService.broadcastIntentLocked(ActivityManagerService.java:15927)
09-07 14:28:11.397  1033  1942 E ActivityManager: 	at com.android.server.am.ActivityManagerService.broadcastIntentWithFeature(ActivityManagerService.java:16741)
09-07 14:28:11.397  1033  1942 E ActivityManager: 	at android.app.IActivityManager$Stub.onTransact(IActivityManager.java:2283)
09-07 14:28:11.397  1033  1942 E ActivityManager: 	at com.android.server.am.ActivityManagerService.onTransact(ActivityManagerService.java:2875)
09-07 14:28:11.397  1033  1942 E ActivityManager: 	at android.os.Binder.execTransactInternal(Binder.java:1159)
09-07 14:28:11.397  1033  1942 E ActivityManager: 	at android.os.Binder.execTransact(Binder.java:1123)
09-07 14:28:11.400  1033  1064 I DropBoxManagerService: add tag=system_server_wtf isTagEnabled=true flags=0x2
09-07 14:28:11.400  1033  2748 E ActivityManager: Sending non-protected broadcast com.harman.bluetooth.hfpclient.ACTION_AG_CALL_EVENT from system 2584:com.android.bluetooth/u10s1002 pkg com.android.bluetooth
09-07 14:28:11.400  1033  2748 E ActivityManager: java.lang.Throwable
09-07 14:28:11.400  1033  2748 E ActivityManager: 	at com.android.server.am.ActivityManagerService.checkBroadcastFromSystem(ActivityManagerService.java:15910)
09-07 14:28:11.400  1033  2748 E ActivityManager: 	at com.android.server.am.ActivityManagerService.broadcastIntentLocked(ActivityManagerService.java:16491)
09-07 14:28:11.400  1033  2748 E ActivityManager: 	at com.android.server.am.ActivityManagerService.broadcastIntentLocked(ActivityManagerService.java:15927)
09-07 14:28:11.400  1033  2748 E ActivityManager: 	at com.android.server.am.ActivityManagerService.broadcastIntentWithFeature(ActivityManagerService.java:16741)
09-07 14:28:11.400  1033  2748 E ActivityManager: 	at android.app.IActivityManager$Stub.onTransact(IActivityManager.java:2283)
09-07 14:28:11.400  1033  2748 E ActivityManager: 	at com.android.server.am.ActivityManagerService.onTransact(ActivityManagerService.java:2875)
09-07 14:28:11.400  1033  2748 E ActivityManager: 	at android.os.Binder.execTransactInternal(Binder.java:1159)
09-07 14:28:11.400  1033  2748 E ActivityManager: 	at android.os.Binder.execTransact(Binder.java:1123)
09-07 14:28:11.401  1033  2748 E ActivityManager: Sending non-protected broadcast com.harman.bluetooth.hfpclient.ACTION_AG_CALL_EVENT from system 2584:com.android.bluetooth/u10s1002 pkg com.android.bluetooth
09-07 14:28:11.401  1033  2748 E ActivityManager: java.lang.Throwable
09-07 14:28:11.401  1033  2748 E ActivityManager: 	at com.android.server.am.ActivityManagerService.checkBroadcastFromSystem(ActivityManagerService.java:15910)
09-07 14:28:11.401  1033  2748 E ActivityManager: 	at com.android.server.am.ActivityManagerService.broadcastIntentLocked(ActivityManagerService.java:16585)
09-07 14:28:11.401  1033  2748 E ActivityManager: 	at com.android.server.am.ActivityManagerService.broadcastIntentLocked(ActivityManagerService.java:15927)
09-07 14:28:11.401  1033  2748 E ActivityManager: 	at com.android.server.am.ActivityManagerService.broadcastIntentWithFeature(ActivityManagerService.java:16741)
09-07 14:28:11.401  1033  2748 E ActivityManager: 	at android.app.IActivityManager$Stub.onTransact(IActivityManager.java:2283)
09-07 14:28:11.401  1033  2748 E ActivityManager: 	at com.android.server.am.ActivityManagerService.onTransact(ActivityManagerService.java:2875)
09-07 14:28:11.401  1033  2748 E ActivityManager: 	at android.os.Binder.execTransactInternal(Binder.java:1159)
09-07 14:28:11.401  1033  2748 E ActivityManager: 	at android.os.Binder.execTransact(Binder.java:1123)
09-07 14:28:11.409  2584  3085 I bt_stack: [INFO:bta_av_main.cc(1044)] bta_av_sco_chg_cback: status=4, num_links=1
09-07 14:28:11.409  2584  2584 E HeadsetClientService: getStateMachine failed: Device cannot be null
09-07 14:28:11.409  2584  2584 E HeadsetClientService: Cannot allocate SM for device null
09-07 14:28:11.413   512 12999 D HarmanHAL: StreamIn::getCapturePositionImpl
09-07 14:28:11.415  2584  3085 I bt_stack: [INFO:bta_av_main.cc(1044)] bta_av_sco_chg_cback: status=4, num_links=1
09-07 14:28:11.415  2584 10896 W vCard   : Property name unsupported by vCard 2.1: N
09-07 14:28:11.428   512  1220 I HarmanHal: Device::halSetParameters, keyValuePairs:hfp_volume=15
09-07 14:28:11.428   512  1220 I HarmanHal: ------ EffectsController::setParameters str : hfp_volume=15 -----------
09-07 14:28:11.428   512  1220 W HarmanHal: EffectsController::setParameters invalid Scenario string! : hfp_volume=15
09-07 14:28:11.428   512  1220 W HarmanHal: EffectsController::setParameters, No valid scenario found! 
09-07 14:28:11.428   512  1220 I HarmanAudioControl: hacs PluginMgr setParameters start. in setParameters() PluginManager.cpp:1074
09-07 14:28:11.428 10939 11109 I vol.Events: writeEvent level_changed STREAM_BLUETOOTH_SCO 15
09-07 14:28:11.428   512  1220 I HarmanAudioControl: hacs optConcurrence funcname(setParameters) sessionValue(63) done. in optConcurrence() PluginManager.h:412
09-07 14:28:11.428   512  1220 I HarmanHal: PluginInterface sessionId for setParameter is 63
09-07 14:28:11.429   512   775 I HarmanAudioControl: hacs keyValuePairs: hfp_volume=15 in setParameters() EcnrPluginImp.cpp:1017
09-07 14:28:11.429   512   775 W HarmanAudioControl: hacs setEcnrVolume hfp_volume NOT handled! in setEcnrVolume() EcnrPluginImp.cpp:736
09-07 14:28:11.429   512 13122 I HarmanAudioControl: hacs funcname(setParameters) sessionValue(63) reply with result(0) in operator()() PluginManager.h:383
09-07 14:28:11.429   512 13122 I HarmanHal: PluginInterface::handlePluginReply session found sessionId 63 result 0
09-07 14:28:11.429   512  1220 D HarmanHAL: LegacyDevice::setParameters
09-07 14:28:11.429   512  1220 D HarmanHAL: LegacyDevice::halSetParameters
09-07 14:28:11.430   512  1220 D HarmanHAL: LegacyDevice::setParameters
09-07 14:28:11.430   512  1220 D HarmanHAL: LegacyDevice::halSetParameters
09-07 14:28:11.431 10939 11109 I vol.Events: writeEvent level_changed STREAM_VOICE_CALL 5
09-07 14:28:11.431  2584  3223 D BluetoothAdapterService: getAdapterService() - returning com.android.bluetooth.btservice.AdapterService@7fb51f1
09-07 14:28:11.431  2584  3223 D BluetoothAdapterService: getAdapterService() - returning com.android.bluetooth.btservice.AdapterService@7fb51f1
09-07 14:28:11.436 10939 11001 D CachedBluetoothDevice: onProfileStateChanged: profile HEADSET_CLIENT, device=A8:9C:ED:AC:1F:73, newProfileState 2
09-07 14:28:11.435  4341  4341 D CachedBluetoothDevice: onProfileStateChanged: profile HEADSET_CLIENT, device=A8:9C:ED:AC:1F:73, newProfileState 2
09-07 14:28:11.443   512 12999 D HarmanHAL: StreamIn::getCapturePositionImpl
09-07 14:28:11.475   538   618 W ipcLib  : ipcLib: in ipc_lib. DV1 read called
09-07 14:28:11.483  2584  2584 D HfpClientConnService: onReceive Intent { act=android.bluetooth.headsetclient.profile.action.AG_CALL_CHANGED flg=0x10000010 (has extras) }
09-07 14:28:11.483   512 12999 D HarmanHAL: StreamIn::getCapturePositionImpl
09-07 14:28:11.484  2584  2584 D HfpClientConnService: Finding block for device A8:9C:ED:AC:1F:73 blocks {A8:9C:ED:AC:1F:73=com.android.bluetooth.hfpclient.connserv.HfpClientDeviceBlock@84a2f3c}
09-07 14:28:11.485  2584  2584 E HfpClientDeviceBlock.A8:9C:ED:AC:1F:73: Invalid call or connection state
09-07 14:28:11.488  1033  1942 I Telecom : InCallController: Sending updateCall [Call id=TC@1, state=RINGING, tpac=ComponentInfo{com.android.bluetooth/com.android.bluetooth.hfpclient.connserv.HfpClientConnectionService}, ***, UserHandle{10}, cmgr=ComponentInfo{com.android.bluetooth/com.android.bluetooth.hfpclient.connserv.HfpClientConnectionService}, ***, UserHandle{10}, handle=tel:*********00, vidst=A, childs(0), has_parent(false), cap=[ hld sup_hld mut], prop=[]]: CSW.sCC(cab)@AD0
09-07 14:28:11.489  2584  2584 D HfpClientConnService: onConnectionServiceFocusGained : enable ECNR params
09-07 14:28:11.492  2584 10896 W vCard   : Property name unsupported by vCard 2.1: N
09-07 14:28:11.494   512  1220 I HarmanHal: Device::halSetParameters, keyValuePairs:hfp_set_sampling_rate=16000
09-07 14:28:11.494  1033  1942 I Telecom : InCallController: Components updated: [ComponentInfo{com.harman.connectivity.carplay.app/com.harman.connectivity.carplay.telephony.CpInCallService}, ComponentInfo{com.samsung.android.automotive.phone/com.samsung.android.automotive.phone.service.PhoneInCallService}]: CSW.sCC(cab)@AD0
09-07 14:28:11.494   512  1220 I HarmanHal: ------ EffectsController::setParameters str : hfp_set_sampling_rate=16000 -----------
09-07 14:28:11.494   512  1220 I HarmanAudioControl: hacs PluginMgr setParameters start. in setParameters() PluginManager.cpp:1074
09-07 14:28:11.494   512  1220 I HarmanAudioControl: hacs optConcurrence funcname(setParameters) sessionValue(64) done. in optConcurrence() PluginManager.h:412
09-07 14:28:11.494   512  1220 I HarmanHal: PluginInterface sessionId for setParameter is 64
09-07 14:28:11.495   512   775 I HarmanAudioControl: hacs keyValuePairs: hfp_set_sampling_rate=16000 in setParameters() EcnrPluginImp.cpp:1017
09-07 14:28:11.495  1033  1942 I Telecom : Event: RecordEntry TC@1: CAPABILITY_CHANGE, Current: [[ hld sup_hld mut]], Removed [[]], Added [[ hld]]: CSW.sCC(cab)@AD0
09-07 14:28:11.495   512   775 I HarmanAudioControl: hacs setEcnrHFPSampleRate to 16000 in setEcnrHFPSampleRate() EcnrPluginImp.cpp:163
09-07 14:28:11.495   512   775 I HarmanAudioControl: hacs setEcnrScenario, scenario = 2MIC_Handsfree_BT_Tel_WB in setEcnrScenario() EcnrPluginImp.cpp:109
09-07 14:28:11.495   512  1220 D HarmanHAL: LegacyDevice::setParameters
09-07 14:28:11.495   512  1220 D HarmanHAL: LegacyDevice::halSetParameters
09-07 14:28:11.495  1033  2779 I Telecom : CallsManager: setCallState RINGING -> ACTIVE, call: [Call id=TC@1, state=RINGING, tpac=ComponentInfo{com.android.bluetooth/com.android.bluetooth.hfpclient.connserv.HfpClientConnectionService}, ***, UserHandle{10}, cmgr=ComponentInfo{com.android.bluetooth/com.android.bluetooth.hfpclient.connserv.HfpClientConnectionService}, ***, UserHandle{10}, handle=tel:*********00, vidst=A, childs(0), has_parent(false), cap=[ hld sup_hld mut], prop=[]]: CSW.sA->CSFM.rF(cab)@ADw
09-07 14:28:11.496   512  1220 D HarmanHAL: LegacyDevice::setParameters
09-07 14:28:11.496  1033  2779 I Telecom : Event: RecordEntry TC@1: SET_ACTIVE, active set explicitly for system-managed: CSW.sA->CSFM.rF(cab)@ADw
09-07 14:28:11.496   512  1220 D HarmanHAL: LegacyDevice::halSetParameters
09-07 14:28:11.497  1033  2779 I Telecom : InCallController: Sending updateCall [Call id=TC@1, state=ACTIVE, tpac=ComponentInfo{com.android.bluetooth/com.android.bluetooth.hfpclient.connserv.HfpClientConnectionService}, ***, UserHandle{10}, cmgr=ComponentInfo{com.android.bluetooth/com.android.bluetooth.hfpclient.connserv.HfpClientConnectionService}, ***, UserHandle{10}, handle=tel:*********00, vidst=A, childs(0), has_parent(false), cap=[ hld sup_hld mut], prop=[]]: CSW.sA->CSFM.rF(cab)@ADw
09-07 14:28:11.499  1033  2779 I Telecom : InCallController: Components updated: [ComponentInfo{com.harman.connectivity.carplay.app/com.harman.connectivity.carplay.telephony.CpInCallService}, ComponentInfo{com.samsung.android.automotive.phone/com.samsung.android.automotive.phone.service.PhoneInCallService}]: CSW.sA->CSFM.rF(cab)@ADw
09-07 14:28:11.500  1033  2779 I Telecom : IncomingCallNotifier: updateIncomingCall: foundIncomingcall = null: CSW.sA->CSFM.rF(cab)@ADw
09-07 14:28:11.500  1033  1824 I MediaFocusControl: requestAudioFocus() from uid/pid 1001002/2584 clientId=android.media.AudioManager@cdc4ee2 callingPack=com.android.bluetooth req=2 flags=0x0 sdk=30
09-07 14:28:11.501  1033  2779 I Telecom : TelecomWakeLock: Releasing WakeLock with id: 26: CSW.sA->CSFM.rF(cab)@ADw
09-07 14:28:11.501  1033  2779 I Telecom : InCallWakeLockController: Releasing full wake lock: CSW.sA->CSFM.rF(cab)@ADw
09-07 14:28:11.502   512 13123 I HarmanAudioControl: hacs funcname(setParameters) sessionValue(64) reply with result(0) in operator()() PluginManager.h:383
09-07 14:28:11.502   512 13123 I HarmanHal: PluginInterface::handlePluginReply session found sessionId 64 result 0
09-07 14:28:11.503  1033  2776 I Telecom : CallAudioModeStateMachine: Message received: NO_MORE_RINGING_CALLS.: CSW.sA->CSFM.rF->CAMSM.pM_1002(cab)@ADw
09-07 14:28:11.504  4787  4787 I CarPhoneTAI.PhoneInCallService: onStateChanged, call = Call [id: TC@1, state: ACTIVE, details: [id: TC@1, pa: ComponentInfo{com.android.bluetooth/com.android.bluetooth.hfpclient.connserv.HfpClientConnectionService}, ***, UserHandle{10}, hdl: tel:*********00, hdlPres: 1, videoState: Audio Only, caps: [Capabilities: CAPABILITY_HOLD CAPABILITY_SUPPORT_HOLD CAPABILITY_MUTE], props: [Properties:]]]
09-07 14:28:11.504  1033  1100 V DisplayPowerController: Brightness [0.05] reason changing to: 'manual [ dim ]', previous reason: 'manual'.
09-07 14:28:11.506 12011 12011 W CAR.AUDIO: getZoneIdForUid userId 10 does not have a zone. Defaulting to PRIMARY_AUDIO_ZONE:0
09-07 14:28:11.507 12011 12011 I CarAudioFocus: Evaluating GAIN_TRANSIENT request for client android.media.AudioManager@cdc4ee2 with usage USAGE_VOICE_COMMUNICATION
09-07 14:28:11.507 12011 12011 I CarAudioFocus: Scanning focus holders...
09-07 14:28:11.507 12011 12011 D CarAudioFocus: Evaluating focus holder: AudioFocus_For_Phone_Ring_And_Calls
09-07 14:28:11.507 12011 12011 I CarAudioFocus: Scanning those who've already lost focus...
09-07 14:28:11.511  3596  3596 I DiscreteDataServiceManager:  handlePhoneCallStates state : 2
09-07 14:28:11.511 12011 12011 E CarAudioFocus: Failure to signal loss of audio focus with error: 0
09-07 14:28:11.511  1892  1892 I QCC:ActiveCareService: IPTH_EVENT_CALL_STATE_CHANGE
09-07 14:28:11.512  1892  1892 I QCC:ActiveCareService: IPTH_EVENT_CALL_OFF_HOOK
09-07 14:28:11.512  3596  3596 I DiscreteData: getDoorPos is called
09-07 14:28:11.513   538   538 E automotive.vehicle@2.0-impl: Failed to get value: config not found, property: 0x16400b00
09-07 14:28:11.513   512 12999 D HarmanHAL: StreamIn::getCapturePositionImpl
09-07 14:28:11.513  3596  3596 E DiscreteData:  StatusCode is 2
09-07 14:28:11.514  3596  3596 I DiscreteDataServiceManager:  PhoneStateChangeListener DOOR_OPEN Status : false
09-07 14:28:11.514 12011 12011 I CarAudioFocus: sendFocusLoss for client AudioFocus_For_Phone_Ring_And_Calls with loss type LOSS_TRANSIENT resulted in REQUEST_FAILED
09-07 14:28:11.514 12011 12011 I CarAudioFocus: AUDIOFOCUS_REQUEST_GRANTED
09-07 14:28:11.514  3942  3942 I QCC:ActiveCareService: IPTH_EVENT_CALL_STATE_CHANGE
09-07 14:28:11.514 12011 12011 I CarAudioFocus: onAudioFocusRequest for client android.media.AudioManager@cdc4ee2 with gain type GAIN_TRANSIENT resulted in REQUEST_GRANTED
09-07 14:28:11.514  3942  3942 I QCC:ActiveCareService: IPTH_EVENT_CALL_OFF_HOOK
09-07 14:28:11.515  1033  2779 I Telecom : PhoneStateBroadcaster: Broadcasted state change: 2: CSW.sA->CSFM.rF(cab)@ADw
09-07 14:28:11.517  1723  1723 D BluetoothHeadsetClient: getCurrentCalls()
09-07 14:28:11.518  2122  2122 D SecUISvc.CallReceiver: Off Hook
09-07 14:28:11.519  2122  2122 E SUI_svcsock: svc_sock_send_message(suisvc): invalid remote socket suitch
09-07 14:28:11.519  4113  4113 D SecUISvc.CallReceiver: Off Hook
09-07 14:28:11.519  2122  2122 E SUI_svcsock: svc_sock_send_message(suisvc): invalid remote socket suilst
09-07 14:28:11.519  1033  2776 I Telecom : Event: RecordEntry TC@1: STOP_RINGER, null: CSW.sA->CSFM.rF->CAMSM.pM_1002(cab)@ADw
09-07 14:28:11.519  4113  4113 E SUI_svcsock: svc_sock_send_message(suisvc): invalid remote socket suitch
09-07 14:28:11.520  1033  2776 I Telecom : CallAudioModeStateMachine: Audio focus entering SIM CALL state: CSW.sA->CSFM.rF->CAMSM.pM_1002(cab)@ADw
09-07 14:28:11.520  4113  4113 E SUI_svcsock: svc_sock_send_message(suisvc): invalid remote socket suilst
09-07 14:28:11.520  1033  2776 I MediaFocusControl: requestAudioFocus() from uid/pid 1000/1033 clientId=AudioFocus_For_Phone_Ring_And_Calls callingPack=com.android.server.telecom req=2 flags=0x4 sdk=0
09-07 14:28:11.520  1033 12857 I Telecom : AsyncRingtonePlayer: Stop ringtone.: (...->CS.crCo->H.CS.crCo->H.CS.crCo.pICR)->CSW.hCCC->CILH.sL->CILH.oQC->BCF.gBS->BCF.gBS->ICFG.sF->ICFG.sF->ICFG.sF->ICFG.sF->ICFG.sF->ICFG.sF->ICFG.sF->CAMSM.pM_2002->ARP.hP(cab/cast)@0
09-07 14:28:11.521   512  1220 I HarmanHal: Device::halSetParameters, keyValuePairs:hfp_enable=true
09-07 14:28:11.521   512  1220 I HarmanHal: ------ EffectsController::setParameters str : hfp_enable=true -----------
09-07 14:28:11.521   893   893 D NuPlayerDriver: reset(0xebdc00b0) at state 5
09-07 14:28:11.521   512  1220 I HarmanHal: --- DL Scenario : ecnr_scenario=2MIC_Handsfree_BT_Tel_WB_DL;ecnr_zenable=1 and UL Scenario : ecnr_scenario=2MIC_Handsfree_BT_Tel_WB_UL;ecnr_zenable=1 ---
09-07 14:28:11.521   512  1220 I HarmanAudioControl: hacs PluginMgr setParameters start. in setParameters() PluginManager.cpp:1074
09-07 14:28:11.521   512  1220 I HarmanAudioControl: hacs optConcurrence funcname(setParameters) sessionValue(65) done. in optConcurrence() PluginManager.h:412
09-07 14:28:11.521   512  1220 I HarmanHal: PluginInterface sessionId for setParameter is 65
09-07 14:28:11.522   512  1220 I HarmanHal: ############### BUS 7 BT call active ###############
09-07 14:28:11.522   512  1220 I HarmanHal: 
09-07 14:28:11.522   512  1220 I HarmanHal: ----- ConnectionController::handleBusActivation, Newbus:bus7_bt_dnlink_in sinkAddress:bus4_call_out -----
09-07 14:28:11.522   512  1220 I HarmanHal: ------- PriorityController::getAction currentBus : bus3_call_ring_out  newBus:bus7_bt_dnlink_in action is STOP 
09-07 14:28:11.522   512  1220 I HarmanHal: ****** bus name : bus3_call_ring_out   sink:   isRouted : 1  ConnectInProgess : 0   disconnectInProgress : 0  audiosource SOURCE_RING******
09-07 14:28:11.519   512   512 I audio@6.0-harma: type=1400 audit(0.0:2599): avc: denied { write } for name="property_service" dev="tmpfs" ino=26740 scontext=u:r:hal_audio_default:s0 tcontext=u:object_r:property_socket:s0 tclass=sock_file permissive=1
09-07 14:28:11.522   512  1220 I HarmanHal: ****** bus name : bus7_bt_dnlink_in   sink:bus4_call_out   isRouted : 0  ConnectInProgess : 1   disconnectInProgress : 0  audiosource SOURCE_VOICE_CALL******
09-07 14:28:11.522   512  1220 I HarmanHal: New Connect entry is added to the message queue with bus:bus7_bt_dnlink_in action:STOP
09-07 14:28:11.522   512  1220 I HarmanHal: Connection controller:: busActivated returning success for bus bus7_bt_dnlink_in
09-07 14:28:11.519   512   512 I audio@6.0-harma: type=1400 audit(0.0:2600): avc: denied { connectto } for path="/dev/socket/property_service" scontext=u:r:hal_audio_default:s0 tcontext=u:r:init:s0 tclass=unix_stream_socket permissive=1
09-07 14:28:11.522   512  1220 I HarmanHal: ConnectionController::busActivated, is PowerModeEnabled 0
09-07 14:28:11.522   512   775 I HarmanAudioControl: hacs keyValuePairs: hfp_enable=true in setParameters() EcnrPluginImp.cpp:1017
09-07 14:28:11.522   512  1065 I HarmanHal: after handling cmEvtCnt event in idle state changing next state to st_rampDown in Info2 state machine
09-07 14:28:11.523   512  1065 I HarmanHal: ------- ConnectionController::rampDownCurrentBus ----------
09-07 14:28:11.523   512   775 E HarmanAudioControl: hacs setHFPStatus strStatus: true, m_strNewScenario: 2MIC_Handsfree_BT_Tel_WB in setHFPStatus() EcnrPluginImp.cpp:672
09-07 14:28:11.523   512  1065 I HarmanHal: ------- PriorityController::getAction currentBus : bus3_call_ring_out  newBus:bus7_bt_dnlink_in action is STOP 
09-07 14:28:11.523   512  1065 I HarmanHal: MuteController:: Handling setMute request : muteState : 1 
09-07 14:28:11.523   512  1065 I HarmanHal: Entering state IntSrcSM::st_rampDown in Info2_StateMachine
09-07 14:28:11.524   512  1066 I HarmanHal: MuteController::doSetMute Busname:bus3_call_ring_out, Stream Type=3, Source type=4  mute status : 1 
09-07 14:28:11.524   512  1066 I HarmanHal: plugin interface mute streamType = 3 sourceType =4 state=1 timing=100.000000 fadingmute=9 newBus:bus7_bt_dnlink_in
09-07 14:28:11.524   512  1066 I HarmanAudioControl: hacs PluginMgr setMute start. in setMute() PluginManager.cpp:929
09-07 14:28:11.525   512  1066 I HarmanAudioControl: hacs optConcurrence funcname(setMute) sessionValue(66) done. in optConcurrence() PluginManager.h:412
09-07 14:28:11.525  2122  2122 D SecUISvc.CallReceiver: Off Hook
09-07 14:28:11.525   512  1066 I HarmanHal: PluginInterface sessionId for mute is 66
09-07 14:28:11.525   512   725 I HarmanAudioControl: hacs zoneId: 0, muteParam.streamType: 3, muteParam.state: 1, muteParam.timing: 100.000000 in setMute() ADSPPluginImp.cpp:526
09-07 14:28:11.525   512   725 I HarmanAudioControl: hacs zoneId: 0, streamType: 3, lastGain: -24.000000, curGain: -128.000000, time: 100.000000 in setMuteRampTime() ADSPPluginImp.cpp:370
09-07 14:28:11.525   512   725 I HarmanAudioControl: hacs ::setMuteRampTime() zoneId = 0, streamType = 3, type = 1, timeRate = 0.961538 in setMuteRampTime() AudioWorxXtp.cpp:164
09-07 14:28:11.523     1     1 I /system/bin/init: type=1107 audit(0.0:2601): uid=0 auid=4294967295 ses=4294967295 subj=u:r:init:s0 msg='avc: denied { set } for property=sys.audiocontrol.ecnr.scenario.new pid=512 uid=1041 gid=1005 scontext=u:r:hal_audio_default:s0 tcontext=u:object_r:system_prop:s0 tclass=property_service permissive=1'
09-07 14:28:11.523   512   512 I audio@6.0-harma: type=1400 audit(0.0:2602): avc: denied { open } for path="/mnt/misc/hal/dump" dev="tmpfs" ino=39148 scontext=u:r:hal_audio_default:s0 tcontext=u:object_r:tmpfs:s0 tclass=dir permissive=1
09-07 14:28:11.523   512   512 I audio@6.0-harma: type=1400 audit(0.0:2603): avc: denied { sys_nice } for capability=23 scontext=u:r:hal_audio_default:s0 tcontext=u:r:hal_audio_default:s0 tclass=capability permissive=1
09-07 14:28:11.525   512   725 V acdb-loader-wrapper: 479:acdb_loader_set_audio_cal_v2
09-07 14:28:11.525   512   725 D acdb_loader_proxy: acdb_loader_set_audio_cal_v2: datalen(272)
09-07 14:28:11.526   393   399 D acdb_loader_server: onTransact SET_AUDIO_CAL_V2: datalen(272)
09-07 14:28:11.527   512   725 V acdb-loader-wrapper: 494:acdb_loader_get_audio_cal_v2
09-07 14:28:11.527   512   725 D acdb_loader_proxy: acdb_loader_get_audio_cal_v2: provided datalen(272)
09-07 14:28:11.527  2122  2122 E SUI_svcsock: svc_sock_send_message(suisvc): invalid remote socket suitch
09-07 14:28:11.527   393   399 D acdb_loader_server: onTransact GET_AUDIO_CAL_V2
09-07 14:28:11.527   393   399 D acdb_loader_server: onTransact: provided datalen(272)
09-07 14:28:11.527 12011 12011 W CAR.OCCUPANT: Could not find occupantZoneId for userId0 returning invalid occupant zone id -1
09-07 14:28:11.527 12011 12011 W CAR.AUDIO: getZoneIdForUid userId 0 does not have a zone. Defaulting to PRIMARY_AUDIO_ZONE:0
09-07 14:28:11.527 12011 12011 I CarAudioFocus: Evaluating GAIN_TRANSIENT request for client AudioFocus_For_Phone_Ring_And_Calls with usage USAGE_VOICE_COMMUNICATION
09-07 14:28:11.527   393   399 D acdb_loader_server: onTransact: returned datalen(272)
09-07 14:28:11.527 12011 12011 I CarAudioFocus: Scanning focus holders...
09-07 14:28:11.527   893 12952 D CCodecBuffers: [c2.android.vorbis.decoder#33:1D-Output.Impl[N]] Client returned a buffer it does not own according to our record: 0
09-07 14:28:11.527 12011 12011 D CarAudioFocus: Evaluating focus holder: android.media.AudioManager@cdc4ee2
09-07 14:28:11.527   512   725 D acdb_loader_proxy: acdb_loader_get_audio_cal_v2: returned datalen(272)
09-07 14:28:11.528   893 12952 D CCodecBuffers: [c2.android.vorbis.decoder#33:1D-Output.Impl[N]] Client returned a buffer it does not own according to our record: 1
09-07 14:28:11.528 12011 12011 I CarAudioFocus: Scanning those who've already lost focus...
09-07 14:28:11.528 12011 12011 I CarAudioFocus: AudioFocus_For_Phone_Ring_And_Calls
09-07 14:28:11.528   512   725 V acdb-loader-wrapper: 479:acdb_loader_set_audio_cal_v2
09-07 14:28:11.528   512   725 D acdb_loader_proxy: acdb_loader_set_audio_cal_v2: datalen(272)
09-07 14:28:11.528 12011 12011 E CarAudioFocus: Client AudioFocus_For_Phone_Ring_And_Calls has already requested focus for USAGE_NOTIFICATION_RINGTONE - cannot request focus for USAGE_VOICE_COMMUNICATION on same listener.
09-07 14:28:11.528   512   775 I HarmanAudioControl: hacs scenario: 2MIC_Handsfree_BT_Tel_WB_UL, status: true in setEcnrScenarioStatus() EcnrPluginImp.cpp:484
09-07 14:28:11.528   393   399 D acdb_loader_server: onTransact SET_AUDIO_CAL_V2: datalen(272)
09-07 14:28:11.528   512   775 I HarmanAudioControl: hacs createRoutingPath (2MIC_Handsfree_BT_Tel_WB_UL-Bt_Uplink_16k) in createRoutingPath() EcnrAudioRouter.cpp:99
09-07 14:28:11.528   512   775 I HarmanHal.Routing: hacs cmdString(Bt_Uplink_16k) start in createRoutingPath() AudioRoutingManager.cpp:302
09-07 14:28:11.528   512   775 E HarmanHal.Routing: hacs can not find module dispatcher_ul_for_mic_48k parameter in getModuleParam() SetupGraph.cpp:357
09-07 14:28:11.529  4113  4113 D SecUISvc.CallReceiver: Off Hook
09-07 14:28:11.530   512 13133 I HarmanHal.Routing: hacs module(dispatcher_ul_for_mic_48k): -->processDataForUplink in processDataThreadFunc() DispatcherModule.cpp:232
09-07 14:28:11.530   512 13133 I HarmanHal.Routing: hacs module(dispatcher_ul_for_mic_48k): mIsModuleThreadStopped 0 in processDataForUplink() DispatcherModule.cpp:243
09-07 14:28:11.530   512   775 I HarmanHal.Routing: hacs module(dispatcher_ul_for_mic_48k): input port(0xb40000762bc77730) in createModule() ModuleFactory.cpp:162
09-07 14:28:11.530   512 13133 I HarmanHal.Routing: hacs module(dispatcher_ul_for_mic_48k): all of ports have been closed, wait for signal in processDataForUplink() DispatcherModule.cpp:263
09-07 14:28:11.530   512   775 I HarmanHal.Routing: hacs module(dispatcher_ul_for_mic_48k): output port(0xb40000762bc7c870) in createModule() ModuleFactory.cpp:194
09-07 14:28:11.530   512   775 I HarmanHal.Routing: hacs module(dispatcher_ul_for_mic_48k): output port(0xb40000762bc7e7b0) in createModule() ModuleFactory.cpp:194
09-07 14:28:11.530   512   725 V acdb-loader-wrapper: 494:acdb_loader_get_audio_cal_v2
09-07 14:28:11.530   512   725 D acdb_loader_proxy: acdb_loader_get_audio_cal_v2: provided datalen(272)
09-07 14:28:11.530   512   775 I HarmanHal.Routing: hacs module(dispatcher_ul_for_mic_48k): output port(0xb40000762bc79350) in createModule() ModuleFactory.cpp:194
09-07 14:28:11.530   393   399 D acdb_loader_server: onTransact GET_AUDIO_CAL_V2
09-07 14:28:11.531   393   399 D acdb_loader_server: onTransact: provided datalen(272)
09-07 14:28:11.531   512   775 I HarmanHal.Routing: hacs module(dispatcher_ul_for_mic_48k): output port(0xb40000762bc7d1d0) in createModule() ModuleFactory.cpp:194
09-07 14:28:11.531   512   775 I HarmanHal.Routing: hacs module(dispatcher_ul_for_mic_48k) uuid(30017) : successful to get in getModuleById() ModuleFactory.cpp:86
09-07 14:28:11.531   393   399 D acdb_loader_server: onTransact: returned datalen(272)
09-07 14:28:11.531   512   725 D acdb_loader_proxy: acdb_loader_get_audio_cal_v2: returned datalen(272)
09-07 14:28:11.531   512   775 I HarmanHal.Routing: hacs module(connected_module_for_btcall_ul): input port(0xb40000762bc7db30) in createModule() ModuleFactory.cpp:162
09-07 14:28:11.531   530   602 E NetlinkEvent: NetlinkEvent::FindParam(): Parameter 'PRODUCT' not found
09-07 14:28:11.531   530   602 E NetlinkEvent: NetlinkEvent::FindParam(): Parameter 'DEVNAME' not found
09-07 14:28:11.531   512   775 I HarmanHal.Routing: hacs module(connected_module_for_btcall_ul): output port(0xb40000762bc7af70) in createModule() ModuleFactory.cpp:194
09-07 14:28:11.531   530   602 E NetlinkEvent: NetlinkEvent::FindParam(): Parameter 'INTERFACE' not found
09-07 14:28:11.531   512   775 I HarmanHal.Routing: hacs module(connected_module_for_btcall_ul) uuid(30021) : successful to get in getModuleById() ModuleFactory.cpp:86
09-07 14:28:11.532 12011 12011 I CarAudioFocus: onAudioFocusRequest for client AudioFocus_For_Phone_Ring_And_Calls with gain type GAIN_TRANSIENT resulted in REQUEST_FAILED
09-07 14:28:11.532   531   595 E NetlinkEvent: NetlinkEvent::FindParam(): Parameter 'dual_role_usb' not found
09-07 14:28:11.532  4113  4113 E SUI_svcsock: svc_sock_send_message(suisvc): invalid remote socket suitch
09-07 14:28:11.532   531   595 E NetlinkEvent: NetlinkEvent::FindParam(): Parameter 'OVER_CURRENT_PORT' not found
09-07 14:28:11.532   531   595 E NetlinkEvent: NetlinkEvent::FindParam(): Parameter 'UNRECOGNIZED_USB_DEVICE_ON_PORT' not found
09-07 14:28:11.532   512   775 I HarmanHal.Routing: hacs module(sse_bt_call_ul): input port(0xb40000762bc7f430) in createModule() ModuleFactory.cpp:162
09-07 14:28:11.532   512   775 I HarmanHal.Routing: hacs module(sse_bt_call_ul): output port(0xb40000762bc78d10) in createModule() ModuleFactory.cpp:194
09-07 14:28:11.532   512   775 I HarmanHal.Routing: hacs module(sse_bt_call_ul) uuid(10012) : successful to get in getModuleById() ModuleFactory.cpp:86
09-07 14:28:11.532  4113  4113 E SUI_svcsock: svc_sock_send_message(suisvc): invalid remote socket suilst
09-07 14:28:11.532   512   775 I HarmanHal.Routing: hacs uuid = 10012 in createAPModuleObject() AudioProcessingManager.cpp:50
09-07 14:28:11.532   512   775 I HarmanHal.Routing: hacs input/output =0, chmaps[0], chanIdx = 0, nChan = 2 in createAudioProcessingInstance() AudioProcessingModule.cpp:111
09-07 14:28:11.533   512   775 I HarmanHal.Routing: hacs input/output =0, chmaps[1], chanIdx = 2, nChan = 4 in createAudioProcessingInstance() AudioProcessingModule.cpp:111
09-07 14:28:11.529  2122  2122 E SUI_svcsock: svc_sock_send_message(suisvc): invalid remote socket suilst
09-07 14:28:11.533   512   775 I HarmanHal.Routing: hacs input/output =1, chmaps[2], chanIdx = 0, nChan = 6 in createAudioProcessingInstance() AudioProcessingModule.cpp:111
09-07 14:28:11.533   512   775 I HarmanHal.Routing: hacs open audioprocessing lib /vendor/lib64/libaudioprocessingplugin-sse.so in AudioProcessingPluginLib() AudioProcessingModule.cpp:40
09-07 14:28:11.533  2122  2122 D SecUISvc.CallReceiver: Off Hook
09-07 14:28:11.534  2122  2122 E SUI_svcsock: svc_sock_send_message(suisvc): invalid remote socket suitch
09-07 14:28:11.535  2122  2122 E SUI_svcsock: svc_sock_send_message(suisvc): invalid remote socket suilst
09-07 14:28:11.536 12199 12199 D BluetoothHeadsetClient: getCurrentCalls()
09-07 14:28:11.536   893 12952 I hw-BpHwBinder: onLastStrongRef automatically unlinking death recipients
09-07 14:28:11.538  4113  4113 D SecUISvc.CallReceiver: Off Hook
09-07 14:28:11.538   911  1630 I hw-BpHwBinder: onLastStrongRef automatically unlinking death recipients
09-07 14:28:11.539  4113  4113 E SUI_svcsock: svc_sock_send_message(suisvc): invalid remote socket suitch
09-07 14:28:11.540  4113  4113 E SUI_svcsock: svc_sock_send_message(suisvc): invalid remote socket suilst
09-07 14:28:11.542   530   602 E NetlinkEvent: NetlinkEvent::FindParam(): Parameter 'PRODUCT' not found
09-07 14:28:11.542   530   602 E NetlinkEvent: NetlinkEvent::FindParam(): Parameter 'DEVNAME' not found
09-07 14:28:11.542   530   602 E NetlinkEvent: NetlinkEvent::FindParam(): Parameter 'INTERFACE' not found
09-07 14:28:11.543   512 13128 I HarmanAudioControl: hacs funcname(setMute) sessionValue(66) reply with result(0) in operator()() PluginManager.h:383
09-07 14:28:11.543   911  1630 V C2Store : in ~ComponentModule
09-07 14:28:11.543   911  1630 V C2Store : unloading dll
09-07 14:28:11.543   512 13128 I HarmanHal: PluginInterface::handlePluginReply session found sessionId 66 result 0
09-07 14:28:11.544   512 12999 D HarmanHAL: StreamIn::getCapturePositionImpl
09-07 14:28:11.545   531   595 E NetlinkEvent: NetlinkEvent::FindParam(): Parameter 'dual_role_usb' not found
09-07 14:28:11.545   531   595 E NetlinkEvent: NetlinkEvent::FindParam(): Parameter 'OVER_CURRENT_PORT' not found
09-07 14:28:11.545   531   595 E NetlinkEvent: NetlinkEvent::FindParam(): Parameter 'UNRECOGNIZED_USB_DEVICE_ON_PORT' not found
09-07 14:28:11.548   512  1066 I HarmanHal: MuteController::handleMessage:: handling callback from Plugin
09-07 14:28:11.549   512  1065 I HarmanHal: ------ doRampDownDone - bus: bus7_bt_dnlink_in, audio source type : 4
09-07 14:28:11.549   512  1065 I HarmanHal: after handling cmEvtRampDownDone event in rampDown state changing next state to st_disconnect in Info2 state machine
09-07 14:28:11.549   512  1065 I HarmanHal: ------- ConnectionController::disconnectCurrentBus ----------
09-07 14:28:11.549   512  1065 I HarmanHal: ------- PriorityController::getAction currentBus : bus3_call_ring_out  newBus:bus7_bt_dnlink_in action is STOP 
09-07 14:28:11.549   512  1065 I HarmanHal: OutputController::disConnect disconnecting current bus :bus3_call_ring_out  with sink address  with stream type : 3  from all outputs 
09-07 14:28:11.549   512  1065 I HarmanHal: PluginInterface disconnect zone=0 streamType=3 out=63
09-07 14:28:11.549   512  1065 I HarmanAudioControl: hacs PluginMgr disconnect start. in disconnect() PluginManager.cpp:527
09-07 14:28:11.551   512   775 D AudioProcessing: [EB_AudioProcessing_Create] AudioProcessingPlugin(SSE) version is 1.1.0 ;reserve is 0
09-07 14:28:11.551   893 12887 D NuPlayerDriver: notifyResetComplete(0xebdc00b0)
09-07 14:28:11.551   512   775 D AudioProcessing: [EB_AudioProcessing_Create] specificConfigInfo is 0x0x0
09-07 14:28:11.551   512   775 D AudioProcessing: [EB_AudioProcessing_Create] sampleFreq:16000 frameLength:256 xAPInputNum:2 APOutputNum:1
09-07 14:28:11.551   512   775 D AudioProcessing: [EB_AudioProcessing_Create]xAP input index:0
09-07 14:28:11.551   512   775 D AudioProcessing: [EB_AudioProcessing_Create]chanIdx is 0 nChan is :2
09-07 14:28:11.551   512   775 D AudioProcessing: [EB_AudioProcessing_Create]xAP input index:1
09-07 14:28:11.551   512   775 D AudioProcessing: [EB_AudioProcessing_Create]chanIdx is 2 nChan is :4
09-07 14:28:11.551   512   775 D AudioProcessing: [EB_AudioProcessing_Create]xAP output index:0
09-07 14:28:11.551   512   775 D AudioProcessing: [EB_AudioProcessing_Create]chanIdx is 0 nChan is :6
09-07 14:28:11.551   512   775 I AudioProcessing: audio processing start create procedure
09-07 14:28:11.552   512   775 I AudioProcessing: [sseInitObj] start.
09-07 14:28:11.552   512   725 I HarmanAudioControl: hacs zoneId: 0, streamType: 3, output: 63, mIsExternalAmp:0 in disconnect() ADSPPluginImp.cpp:276
09-07 14:28:11.552   512  1065 I HarmanAudioControl: hacs optConcurrence funcname(disconnect) sessionValue(67) done. in optConcurrence() PluginManager.h:412
09-07 14:28:11.552   512   725 I HarmanAudioControl: hacs ::setConnect InChannelId:4 OutChannelId:4 enable:0. in setConnect() AudioWorxXtp.cpp:66
09-07 14:28:11.552   512   725 V acdb-loader-wrapper: 479:acdb_loader_set_audio_cal_v2
09-07 14:28:11.552   512   725 D acdb_loader_proxy: acdb_loader_set_audio_cal_v2: datalen(272)
09-07 14:28:11.552   893   893 D NuPlayerDriver: reset(0xebdc00b0) at state 0
09-07 14:28:11.553   393   399 D acdb_loader_server: onTransact SET_AUDIO_CAL_V2: datalen(272)
09-07 14:28:11.554   512   775 D AudioProcessing: [sseInitObj] dlopen successful: sse->pDlopenHandleSse 0x0x15e575a1deb5ed37.
09-07 14:28:11.554   512   775 I AudioProcessing: [sseInitObj] dlsym successful: sse->sseCreate 0x0x7522683fa0.
09-07 14:28:11.554   512   775 D AudioProcessing: [sseInitObj] dlsym successful: sse->sseInitialize 0x577258572.
09-07 14:28:11.554   512   775 D AudioProcessing: [sseInitObj] dlsym successful: sse->sseDestroy 0x0x752268b9d8.
09-07 14:28:11.554   512   775 D AudioProcessing: [sseInitObj] dlsym successful: sse->sseReset 0x0x752268cb38.
09-07 14:28:11.554   512   775 D AudioProcessing: [sseInitObj] dlsym successful: sse->sseProcess 0x0x752268f864.
09-07 14:28:11.554   512   775 D AudioProcessing: [sseInitObj] dlsym successful: sse->sseSetData 0x0x7522693d5c.
09-07 14:28:11.554   512   775 D AudioProcessing: [sseInitObj] dlsym successful: sse->sseGetData 0x0x7522699530.
09-07 14:28:11.554   512   775 D AudioProcessing: [sseInitObj] dlsym successful: sse->sseGetVersion 0x0x752269aa50.
09-07 14:28:11.554   512   775 D AudioProcessing: [sseInitObj] dlsym successful: sse->sseSetConfigData 0x0x752269b374.
09-07 14:28:11.554   512   775 D AudioProcessing: [sseInitObj] paramter->sampleType[1].
09-07 14:28:11.554   512   775 D AudioProcessing: [sseInitObj] paramter->sampleRate[16000].
09-07 14:28:11.555   512  1065 I HarmanHal: PluginInterface sessionId for disconnect is 67
09-07 14:28:11.555   512  1065 I HarmanHal: OutputController::disConnect disconnecting current bus :bus3_call_ring_out  with sink address  with stream type : 3  from all outputs 
09-07 14:28:11.555   512  1065 I HarmanHal: PluginInterface disconnect zone=0 streamType=3 out=63
09-07 14:28:11.555   512  1065 I HarmanAudioControl: hacs PluginMgr disconnect start. in disconnect() PluginManager.cpp:527
09-07 14:28:11.555   512  1065 W HarmanAudioControl: hacs preStatus not matched, preStatus:INITED, currentStatus:BUSY in regStateAction() PluginStatus.h:158
09-07 14:28:11.555   512  1065 I HarmanAudioControl: hacs optConcurrence funcname(disconnect) sessionValue(68) done. in optConcurrence() PluginManager.h:412
09-07 14:28:11.555   512  1065 I HarmanHal: PluginInterface sessionId for disconnect is 68
09-07 14:28:11.555   512  1065 I HarmanHal: Entering state IntSrcSM::st_disconnect in Info2_StateMachine
09-07 14:28:11.555   512   775 D AudioProcessing: [sseInitObj] version is 1.0. !
09-07 14:28:11.555   512   775 D AudioProcessing: [sseInitObj] find scdconf section !
09-07 14:28:11.555   512   775 D AudioProcessing: [ParseScds] scenario_idx [0]  direction_idx [0]
09-07 14:28:11.555   512   775 D AudioProcessing: [ParseScds] scd File Name : /vendor/etc/scd/SSE_CP_Tel_WB_UL.scd
09-07 14:28:11.555   512   775 D AudioProcessing: [ParseScds] scenario_idx [0]  direction_idx [1]
09-07 14:28:11.555   512   775 D AudioProcessing: [ParseScds] scd File Name : /vendor/etc/scd/SSE_CP_Tel_WB_DL.scd
09-07 14:28:11.556   512   775 D AudioProcessing: [ParseScds] scenario_idx [1]  direction_idx [0]
09-07 14:28:11.556   512   775 D AudioProcessing: [ParseScds] scd File Name : /vendor/etc/scd/SSE_CP_Tel_NB_UL.scd
09-07 14:28:11.556   512   775 D AudioProcessing: [ParseScds] scenario_idx [1]  direction_idx [1]
09-07 14:28:11.556   512   775 D AudioProcessing: [ParseScds] scd File Name : /vendor/etc/scd/SSE_CP_Tel_NB_DL.scd
09-07 14:28:11.556   512   775 D AudioProcessing: [ParseScds] scenario_idx [2]  direction_idx [0]
09-07 14:28:11.556   512   775 D AudioProcessing: [ParseScds] scd File Name : /vendor/etc/scd/SSE_CP_FT_UL.scd
09-07 14:28:11.556   512   775 D AudioProcessing: [ParseScds] scenario_idx [2]  direction_idx [1]
09-07 14:28:11.556   512   775 D AudioProcessing: [ParseScds] scd File Name : /vendor/etc/scd/SSE_CP_FT_DL.scd
09-07 14:28:11.556   512   775 D AudioProcessing: [ParseScds] scenario_idx [3]  direction_idx [0]
09-07 14:28:11.556   512   775 D AudioProcessing: [ParseScds] scd File Name : /vendor/etc/scd/SSE_BT_HF_WB.scd
09-07 14:28:11.556   512   775 D AudioProcessing: [ParseScds] scenario_idx [3]  direction_idx [1]
09-07 14:28:11.556   512   775 D AudioProcessing: [ParseScds] scd File Name : /vendor/etc/scd/SSE_BT_HF_WB.scd
09-07 14:28:11.556   512   775 D AudioProcessing: [ParseScds] scenario_idx [4]  direction_idx [0]
09-07 14:28:11.556   512   775 D AudioProcessing: [ParseScds] scd File Name : /vendor/etc/scd/SSE_BT_HF_NB.scd
09-07 14:28:11.556   512   775 D AudioProcessing: [ParseScds] scenario_idx [4]  direction_idx [1]
09-07 14:28:11.556   512   775 D AudioProcessing: [ParseScds] scd File Name : /vendor/etc/scd/SSE_BT_HF_NB.scd
09-07 14:28:11.556   512   775 D AudioProcessing: [ParseScds] scenario_idx [7]  direction_idx [0]
09-07 14:28:11.556   512   775 D AudioProcessing: [ParseScds] scd File Name : /vendor/etc/scd/SSE_CP_Tel_Wifi_WB_UL.scd
09-07 14:28:11.556   512   775 D AudioProcessing: [ParseScds] scenario_idx [7]  direction_idx [1]
09-07 14:28:11.556   512   775 D AudioProcessing: [ParseScds] scd File Name : /vendor/etc/scd/SSE_CP_Tel_Wifi_WB_DL.scd
09-07 14:28:11.556   512   775 D AudioProcessing: [ParseScds] scenario_idx [8]  direction_idx [0]
09-07 14:28:11.556   512   775 D AudioProcessing: [ParseScds] scd File Name : /vendor/etc/scd/SSE_CP_Tel_Wifi_NB_UL.scd
09-07 14:28:11.556   512   775 D AudioProcessing: [ParseScds] scenario_idx [8]  direction_idx [1]
09-07 14:28:11.556   512   775 D AudioProcessing: [ParseScds] scd File Name : /vendor/etc/scd/SSE_CP_Tel_Wifi_NB_DL.scd
09-07 14:28:11.556   512   775 D AudioProcessing: [ParseScds] scenario_idx [9]  direction_idx [0]
09-07 14:28:11.556   512   775 D AudioProcessing: [ParseScds] scd File Name : /vendor/etc/scd/SSE_CP_FT_Wifi_UL.scd
09-07 14:28:11.556   512   775 D AudioProcessing: [ParseScds] scenario_idx [9]  direction_idx [1]
09-07 14:28:11.556   512   775 D AudioProcessing: [ParseScds] scd File Name : /vendor/etc/scd/SSE_CP_FT_Wifi_DL.scd
09-07 14:28:11.556   512   775 D AudioProcessing: [ParseScds] scenario_idx [10]  direction_idx [0]
09-07 14:28:11.556   512   775 D AudioProcessing: [ParseScds] scd File Name : /vendor/etc/scd/SSE_BT_HF_WB.scd
09-07 14:28:11.556   512   775 D AudioProcessing: [ParseScds] scenario_idx [10]  direction_idx [1]
09-07 14:28:11.556   512   775 D AudioProcessing: [ParseScds] scd File Name : /vendor/etc/scd/SSE_BT_HF_WB.scd
09-07 14:28:11.556   512   775 D AudioProcessing: [ParseScds] scenario_idx [13]  direction_idx [0]
09-07 14:28:11.556   512   775 D AudioProcessing: [ParseScds] scd File Name : /vendor/etc/scd/SSE_Native_VR_BI.scd
09-07 14:28:11.556   512   775 D AudioProcessing: [ParseScds] scenario_idx [13]  direction_idx [1]
09-07 14:28:11.556   512   775 D AudioProcessing: [ParseScds] scd File Name : /vendor/etc/scd/SSE_Native_VR_BI.scd
09-07 14:28:11.556   512   775 D AudioProcessing: [ParseScds] scenario_idx [15]  direction_idx [0]
09-07 14:28:11.556   512   775 D AudioProcessing: [ParseScds] scd File Name : /vendor/etc/scd/SSE_Native_VR_WUW.scd
09-07 14:28:11.556   512   775 D AudioProcessing: [ParseScds] scenario_idx [15]  direction_idx [1]
09-07 14:28:11.556   512   775 D AudioProcessing: [ParseScds] scd File Name : /vendor/etc/scd/SSE_Native_VR_WUW.scd
09-07 14:28:11.556   512   775 D AudioProcessing: [ParseScds] scenario_idx [18]  direction_idx [0]
09-07 14:28:11.556   512   775 D AudioProcessing: [ParseScds] scd File Name : /vendor/etc/scd/SSE_CP_Siri_UL.scd
09-07 14:28:11.556   512   775 D AudioProcessing: [ParseScds] scenario_idx [19]  direction_idx [0]
09-07 14:28:11.556   512   775 D AudioProcessing: [ParseScds] scd File Name : /vendor/etc/scd/SSE_AA_VR.scd
09-07 14:28:11.556   512   775 D AudioProcessing: [ParseScds] scenario_idx [19]  direction_idx [1]
09-07 14:28:11.556   512   775 D AudioProcessing: [ParseScds] scd File Name : /vendor/etc/scd/SSE_AA_VR.scd
09-07 14:28:11.556   512   775 D AudioProcessing: [ParseScds] scenario_idx [20]  direction_idx [0]
09-07 14:28:11.556   512   775 D AudioProcessing: [ParseScds] scd File Name : /vendor/etc/scd/SSE_VR_Server_BT_WB.scd
09-07 14:28:11.556   512   775 D AudioProcessing: [ParseScds] scenario_idx [20]  direction_idx [1]
09-07 14:28:11.556   512   775 D AudioProcessing: [ParseScds] scd File Name : /vendor/etc/scd/SSE_VR_Server_BT_WB.scd
09-07 14:28:11.556   512   775 D AudioProcessing: [ParseScds] scenario_idx [23]  direction_idx [0]
09-07 14:28:11.556   512   775 D AudioProcessing: [ParseScds] scd File Name : /vendor/etc/scd/SSE_CP_Enhanced_Siri_UL.scd
09-07 14:28:11.556   512   775 D AudioProcessing: [ParseScds] scenario_idx [24]  direction_idx [0]
09-07 14:28:11.556   512   775 D AudioProcessing: [ParseScds] scd File Name : /vendor/etc/scd/SSE_CP_Enhanced_Siri_Wifi_UL.scd
09-07 14:28:11.556   512   775 D AudioProcessing: [ParseScds] scenario_idx [25]  direction_idx [0]
09-07 14:28:11.556   512   775 D AudioProcessing: [ParseScds] scd File Name : /vendor/etc/scd/SSE_CP_Siri_Wifi_UL.scd
09-07 14:28:11.556   512   775 D AudioProcessing: [ParseScds] scenario_idx [26]  direction_idx [0]
09-07 14:28:11.556   512   775 D AudioProcessing: [ParseScds] scd File Name : /vendor/etc/scd/SSE_CP_Tel_SWB_UL.scd
09-07 14:28:11.556   512   775 D AudioProcessing: [ParseScds] scenario_idx [26]  direction_idx [1]
09-07 14:28:11.556   512   775 D AudioProcessing: [ParseScds] scd File Name : /vendor/etc/scd/SSE_CP_Tel_SWB_DL.scd
09-07 14:28:11.556   512   775 D AudioProcessing: [ParseScds] scenario_idx [27]  direction_idx [0]
09-07 14:28:11.556   512   775 D AudioProcessing: [ParseScds] scd File Name : /vendor/etc/scd/SSE_CP_Tel_Wifi_SWB_UL.scd
09-07 14:28:11.556   512   775 D AudioProcessing: [ParseScds] scenario_idx [27]  direction_idx [1]
09-07 14:28:11.556   512   775 D AudioProcessing: [ParseScds] scd File Name : /vendor/etc/scd/SSE_CP_Tel_Wifi_SWB_DL.scd
09-07 14:28:11.556   512   725 V acdb-loader-wrapper: 494:acdb_loader_get_audio_cal_v2
09-07 14:28:11.556   512   775 I AudioProcessing: [sseInitObj]  Current version is :4.9.0.10002
09-07 14:28:11.556   512   725 D acdb_loader_proxy: acdb_loader_get_audio_cal_v2: provided datalen(272)
09-07 14:28:11.556   512   775 I AudioProcessing: [sseInitObj] sseCreate successful
09-07 14:28:11.556   512   775 D AudioProcessing: [sseInitObj][handle 0xbc80d90] pthread_mutex_init return iError = 0
09-07 14:28:11.556   512   775 D AudioProcessing: [sseInitObj][handle 0xbc80d90] OK.
09-07 14:28:11.557   512   775 I AudioProcessing: [sseSetSampleFreq] handle is 0x0xb40000760bc80d90.  e_SampleFreq is 0x3e80. Ignored!
09-07 14:28:11.557   512   775 I AudioProcessing: [Xbar_create first alloc] h_Xbar:0x9bce2500
09-07 14:28:11.557   512   775 I AudioProcessing: [Xbar_create return] h_Xbar:0x9bce2500
09-07 14:28:11.557   512   775 I AudioProcessing: [Xbar_create finished] hAP:0x0xb4000075bbc812e0
09-07 14:28:11.557   512   775 D AudioProcessing: [p_AudioFrame->data.nChannels] :6. 
09-07 14:28:11.557   512   775 I AudioProcessing: [EB_AudioProcessing_Create],uplink,AudioProcessing_create successful! pObj->processHandle:0x0xb4000075bbc812e0
09-07 14:28:11.557   512   775 I AudioProcessing: [AudioProcessing_getXBarHandle] hAP:0x0xb4000075bbc812e0
09-07 14:28:11.557  1033 12857 V MediaPlayer: resetDrmState:  mDrmInfo=null mDrmProvisioningThread=null mPrepareDrmInProgress=false mActiveDrmScheme=false
09-07 14:28:11.557   512   775 I AudioProcessing: [EB_AudioProcessing_Create], AC_create successful! pObj->controlHandle:0x0xb4000075fbc719b0
09-07 14:28:11.557   512   775 I AudioProcessing: [EB_AudioProcessing_Create] sse module handle found!
09-07 14:28:11.557   512   775 I AudioProcessing: [EB_AudioProcessing_Create] finish! return EB handle:0x0xb4000075bbc80310
09-07 14:28:11.557   512   775 I HarmanHal.Routing: hacs module(bt_loopback_ul): input port(0xb40000762bc800b0) in createModule() ModuleFactory.cpp:162
09-07 14:28:11.557   512   775 I HarmanHal.Routing: hacs module(bt_loopback_ul): output port(0xb40000762bc7a2f0) in createModule() ModuleFactory.cpp:194
09-07 14:28:11.557   393   399 D acdb_loader_server: onTransact GET_AUDIO_CAL_V2
09-07 14:28:11.557   512   775 I HarmanHal.Routing: hacs module(bt_loopback_ul) uuid(30003) : successful to get in getModuleById() ModuleFactory.cpp:86
09-07 14:28:11.557   512   775 I HarmanHal.Routing: hacs no name(pcmBtHfp_ul_pro_p) handler created bedore, creating a new instance now in getPcmHandlerByName() PcmHandlerFactory.cpp:282
09-07 14:28:11.557   512   775 I HarmanHal.Routing: hacs new handler(pcmBtHfp_ul_pro_p) direction(2) start in createPcmHandler() PcmHandlerFactory.cpp:302
09-07 14:28:11.557   393   399 D acdb_loader_server: onTransact: provided datalen(272)
09-07 14:28:11.557   512   775 I HarmanHal.Routing: hacs pcmBtHfp_ul_pro_p sample_rate(16000) num_channles(1) bitwidth(3) periodSize(128) periodCount(3) channel_map(0) this(0xb40000761bca10d0) in setAlsaAudioParams() PcmHandler.cpp:104
09-07 14:28:11.557  1033 12857 V MediaPlayer: cleanDrmObj: mDrmObj=null mDrmSessionId=null
09-07 14:28:11.557   512   775 I HarmanHal.Routing: hacs no name(pcmMicRefIn_c) handler created bedore, creating a new instance now in getPcmHandlerByName() PcmHandlerFactory.cpp:282
09-07 14:28:11.557   512   775 I HarmanHal.Routing: hacs new handler(pcmMicRefIn_c) direction(1) start in createPcmHandler() PcmHandlerFactory.cpp:302
09-07 14:28:11.557   512   775 I HarmanHal.Routing: hacs pcmMicRefIn_c sample_rate(48000) num_channles(6) bitwidth(3) periodSize(384) periodCount(6) channel_map(0) this(0xb40000761bca2c90) in setAlsaAudioParams() PcmHandler.cpp:104
09-07 14:28:11.557   512   775 I HarmanHal.Routing: hacs id(1272139120) bufferNum(6) in createRingBuffer() RingBufferManager.cpp:105
09-07 14:28:11.557   512   775 I HarmanHal.Routing: hacs channels(6) frames(384) bufferNum(6) mIsInitialized(0) in initialize() RingBuffer.cpp:412
09-07 14:28:11.557   512   775 I HarmanHal.Routing: hacs module(bt_loopback_ul): start loopback(mIsThreadInit 0), isInterleaved(0) ,mThreadCount(2) in startLoopbackProcessing() LoopbackModule.cpp:176
09-07 14:28:11.557   512   775 I HarmanHal.Routing: hacs module(bt_loopback_ul): send OPEN to audio port, thread count 2, type 2 in startLoopbackProcessing() LoopbackModule.cpp:185
09-07 14:28:11.557   512   775 I HarmanHal.Routing: hacs owner(bt_loopback_ul): owner period ms 8, linked period ms 8 in initRBuffer() AudioPort.cpp:967
09-07 14:28:11.557  1033 12857 V MediaPlayer: resetDrmState:  mDrmInfo=null mDrmProvisioningThread=null mPrepareDrmInProgress=false mActiveDrmScheme=false
09-07 14:28:11.558   393   399 D acdb_loader_server: onTransact: returned datalen(272)
09-07 14:28:11.558  1033 12857 V MediaPlayer: cleanDrmObj: mDrmObj=null mDrmSessionId=null
09-07 14:28:11.558   512   775 V acdb-loader-wrapper: 323:acdb_loader_send_audio_cal_v4
09-07 14:28:11.558   512   775 D acdb_loader_proxy: acdb_loader_send_audio_cal_v4: acdb_id(140), capability(1), app_id(69936), sample_rate(16000), use_case(0), afe_sample_rate(16000)
09-07 14:28:11.558   393  1492 D acdb_loader_server: onTransact SEND_AUDIO_CAL_V4: acdb_id(140), capability(1), app_id(69936), sample_rate(16000), use_case(0), afe_sample_rate(16000)
09-07 14:28:11.558   393  1492 D ACDB-LOADER: ACDB -> send_audio_cal, acdb_id = 140, path = 0, app id = 0x11130, sample rate = 16000, afe_sample_rate = 16000
09-07 14:28:11.558   393  1492 D ACDB-LOADER: ACDB -> send_asm_topology
09-07 14:28:11.558   393  1492 D ACDB-LOADER: ACDB -> ACDB_CMD_GET_AUDPROC_STREAM_TOPOLOGY_ID
09-07 14:28:11.558   393  1492 D ACDB-LOADER: ACDB -> send_adm_topology
09-07 14:28:11.558   393  1492 D ACDB-LOADER: ACDB -> ACDB_CMD_GET_AUDPROC_COMMON_TOPOLOGY_ID
09-07 14:28:11.558   393  1492 D ACDB-LOADER: ACDB -> send_audtable
09-07 14:28:11.558   393  1492 D ACDB-LOADER: ACDB -> ACDB_CMD_GET_AUDPROC_INSTANCE_COMMON_TABLE_SIZE
09-07 14:28:11.558   393  1492 D ACDB-LOADER: ACDB -> ACDB_CMD_GET_AUDPROC_INSTANCE_COMMON_TABLE
09-07 14:28:11.558   393  1492 D ACDB-LOADER: ACDB -> AUDIO_SET_AUDPROC_CAL cal_type[11] acdb_id[140] app_type[69936]
09-07 14:28:11.558   393  1492 D ACDB-LOADER: ACDB -> send_audvoltable
09-07 14:28:11.558   393  1492 D ACDB-LOADER: ACDB -> ACDB_CMD_GET_AUDPROC_INSTANCE_GAIN_DEP_STEP_TABLE_SIZE
09-07 14:28:11.558   393  1492 D acdb_loader_service: Failed to fetch the lookup information of the device 0000008C 
09-07 14:28:11.558   393  1492 D ACDB-LOADER: Error: ACDB_CMD_GET_AUDPROC_INSTANCE_GAIN_DEP_STEP_TABLE_SIZE Returned = -19
09-07 14:28:11.558   393  1492 D ACDB-LOADER: ACDB -> ACDB_CMD_GET_AUDPROC_INSTANCE_GAIN_DEP_STEP_TABLE, vol index 0
09-07 14:28:11.558   393  1492 D acdb_loader_service: Failed to fetch the lookup information of the device 0000008C 
09-07 14:28:11.558   393  1492 D ACDB-LOADER: Error: ACDB AudProc vol returned = -19
09-07 14:28:11.558   393  1492 D ACDB-LOADER: ACDB -> AUDIO_SET_VOL_CAL cal type = 12
09-07 14:28:11.558  1033  1033 V MediaRouter: Selecting route: RouteInfo{ name=Phone, description=null, status=null, category=RouteCategory{ name=System types=ROUTE_TYPE_LIVE_AUDIO ROUTE_TYPE_LIVE_VIDEO  groupable=false }, supportedTypes=ROUTE_TYPE_LIVE_AUDIO ROUTE_TYPE_LIVE_VIDEO , presentationDisplay=null }
09-07 14:28:11.558   393  1492 D ACDB-LOADER: ACDB -> ACDB_CMD_GET_AUDPROC_INSTANCE_STREAM_TABLE_SIZE
09-07 14:28:11.558   393  1492 D ACDB-LOADER: ACDB -> send_audstrmtable
09-07 14:28:11.558   393  1492 D ACDB-LOADER: ACDB -> ACDB_CMD_GET_AUDPROC_INSTANCE_STREAM_TABLE
09-07 14:28:11.558   393  1492 D ACDB-LOADER: ACDB -> audstrm_cal->cal_type.cal_data.cal_size = 20
09-07 14:28:11.558   393  1492 D ACDB-LOADER: ACDB -> send_afe_topology
09-07 14:28:11.558   393  1492 D ACDB-LOADER: ACDB -> ACDB_CMD_GET_AFE_TOPOLOGY_ID
09-07 14:28:11.558   393  1492 D ACDB-LOADER: ACDB -> GET_AFE_TOPOLOGY_ID for adcd_id 140, Topology Id 112fc
09-07 14:28:11.558   393  1492 D ACDB-LOADER: ACDB -> send_afe_cal
09-07 14:28:11.558   393  1492 D ACDB-LOADER: ACDB -> ACDB_CMD_GET_AFE_INSTANCE_COMMON_TABLE_SIZE
09-07 14:28:11.558   393  1492 D acdb_loader_service: Failed to fetch the lookup information of the device 0000008C 
09-07 14:28:11.558   393  1492 D ACDB-LOADER: Error: ACDB_CMD_GET_AFE_INSTANCE_COMMON_TABLE_SIZE Returned = -19
09-07 14:28:11.558   393  1492 D ACDB-LOADER: ACDB -> ACDB_CMD_GET_AFE_INSTANCE_COMMON_TABLE
09-07 14:28:11.558   393  1492 D acdb_loader_service: Failed to fetch the lookup information of the device 0000008C 
09-07 14:28:11.559   393  1492 D ACDB-LOADER: Error: ACDB AFE returned = -19
09-07 14:28:11.559   393  1492 D ACDB-LOADER: ACDB -> AUDIO_SET_AFE_CAL cal_type[16] acdb_id[140]
09-07 14:28:11.559   393  1492 D ACDB-LOADER: ACDB -> send_hw_delay : acdb_id = 140 path = 0
09-07 14:28:11.559   393  1492 D ACDB-LOADER: ACDB -> ACDB_AVSYNC_INFO: ACDB_CMD_GET_DEVICE_PROPERTY
09-07 14:28:11.559   512   725 D acdb_loader_proxy: acdb_loader_get_audio_cal_v2: returned datalen(272)
09-07 14:28:11.559   512   775 D audio_route: Apply path: pcmBtHfp_ul_pro_p-WB
09-07 14:28:11.559   530   602 E NetlinkEvent: NetlinkEvent::FindParam(): Parameter 'PRODUCT' not found
09-07 14:28:11.559   530   602 E NetlinkEvent: NetlinkEvent::FindParam(): Parameter 'DEVNAME' not found
09-07 14:28:11.559   530   602 E NetlinkEvent: NetlinkEvent::FindParam(): Parameter 'INTERFACE' not found
09-07 14:28:11.559   531   595 E NetlinkEvent: NetlinkEvent::FindParam(): Parameter 'dual_role_usb' not found
09-07 14:28:11.559   531   595 E NetlinkEvent: NetlinkEvent::FindParam(): Parameter 'OVER_CURRENT_PORT' not found
09-07 14:28:11.559   512 13138 I HarmanAudioControl: hacs funcname(disconnect) sessionValue(67) reply with result(0) in operator()() PluginManager.h:383
09-07 14:28:11.559   512   725 I HarmanAudioControl: hacs zoneId: 0, streamType: 3, output: 63, mIsExternalAmp:0 in disconnect() ADSPPluginImp.cpp:276
09-07 14:28:11.559   531   595 E NetlinkEvent: NetlinkEvent::FindParam(): Parameter 'UNRECOGNIZED_USB_DEVICE_ON_PORT' not found
09-07 14:28:11.559   512 13138 I HarmanHal: PluginInterface::handlePluginReply session found sessionId 67 result 0
09-07 14:28:11.559   512   725 I HarmanAudioControl: hacs ::setConnect InChannelId:4 OutChannelId:4 enable:0. in setConnect() AudioWorxXtp.cpp:66
09-07 14:28:11.559   512  1065 I HarmanHal: ------ doOutputDisConnectDone for bus : bus7_bt_dnlink_in , audio source type : 4
09-07 14:28:11.559   512   725 V acdb-loader-wrapper: 479:acdb_loader_set_audio_cal_v2
09-07 14:28:11.559   512  1065 I HarmanHal: after handling cmEvtDisCntDone event in disconnect state changing next state to st_connect in Info2 state machine
09-07 14:28:11.559   512   725 D acdb_loader_proxy: acdb_loader_set_audio_cal_v2: datalen(272)
09-07 14:28:11.560   512  1065 I HarmanHal: 
09-07 14:28:11.560   512  1065 I HarmanHal: ------- ConnectionController::connect request for bus:bus7_bt_dnlink_in----------
09-07 14:28:11.560   512  1065 I HarmanHal: OutputController::connect requestedBus:bus7_bt_dnlink_in currentbus:bus3_call_ring_out sinkAddress:bus4_call_out
09-07 14:28:11.560   393  1492 D acdb_loader_server: onTransact SET_AUDIO_CAL_V2: datalen(272)
09-07 14:28:11.560   512  1065 I HarmanHal: OutputController::connect Priority Source Name is set to AltAudio for Bus:bus3_call_ring_out
09-07 14:28:11.560   512  1065 I HarmanHal: OutputController::connect Priority Source Name is set to AltAudio for Bus:bus7_bt_dnlink_in
09-07 14:28:11.560   512  1065 I HarmanHal: OutputController::Connect connecting to outputType :3 streamType:1 zoneId : 0 
09-07 14:28:11.560   512  1065 I HarmanHal: PluginInterface connect zone=0 streamType=1 out=3 sourceGain=0.000000
09-07 14:28:11.561   512  1065 I HarmanAudioControl: hacs PluginMgr connect start. in connect() PluginManager.cpp:501
09-07 14:28:11.561   512  1065 W HarmanAudioControl: hacs preStatus not matched, preStatus:INITED, currentStatus:BUSY in regStateAction() PluginStatus.h:158
09-07 14:28:11.561   512  1065 I HarmanAudioControl: hacs optConcurrence funcname(connect) sessionValue(69) done. in optConcurrence() PluginManager.h:412
09-07 14:28:11.561   512  1065 I HarmanHal: PluginInterface sessionId for connect is 69
09-07 14:28:11.561   512  1065 I HarmanHal: Entering state IntSrcSM::st_connect in Info2_StateMachine
09-07 14:28:11.561   512   725 V acdb-loader-wrapper: 494:acdb_loader_get_audio_cal_v2
09-07 14:28:11.561   512   725 D acdb_loader_proxy: acdb_loader_get_audio_cal_v2: provided datalen(272)
09-07 14:28:11.562   393  1492 D acdb_loader_server: onTransact GET_AUDIO_CAL_V2
09-07 14:28:11.562   393  1492 D acdb_loader_server: onTransact: provided datalen(272)
09-07 14:28:11.562   393  1492 D acdb_loader_server: onTransact: returned datalen(272)
09-07 14:28:11.563   512   725 D acdb_loader_proxy: acdb_loader_get_audio_cal_v2: returned datalen(272)
09-07 14:28:11.563   512   725 I HarmanAudioControl: hacs zoneId: 0, streamType: 1, output: 3, sourceGain: 0.000000, mIsExternalAmp:0 in connect() ADSPPluginImp.cpp:213
09-07 14:28:11.563   512   725 I HarmanAudioControl: hacs ::setOutPut() zoneId = 0, streamType = 1, output = 0x3 in setOutPut() ADSPPluginImp.cpp:692
09-07 14:28:11.563   512   725 I HarmanAudioControl: hacs ::setOutPut() zoneId = 0, streamType = 1, channelSubId = 0 in setOutPut() AudioWorxXtp.cpp:141
09-07 14:28:11.563   512   725 V acdb-loader-wrapper: 479:acdb_loader_set_audio_cal_v2
09-07 14:28:11.563   512   725 D acdb_loader_proxy: acdb_loader_set_audio_cal_v2: datalen(272)
09-07 14:28:11.564   393  1492 D acdb_loader_server: onTransact SET_AUDIO_CAL_V2: datalen(272)
09-07 14:28:11.564   512 13139 I HarmanAudioControl: hacs funcname(disconnect) sessionValue(68) reply with result(0) in operator()() PluginManager.h:383
09-07 14:28:11.564   512 13139 I HarmanHal: PluginInterface::handlePluginReply session found sessionId 68 result 0
09-07 14:28:11.564   512  1065 I HarmanHal: ------ doOutputDisConnectDone for bus : bus7_bt_dnlink_in , audio source type : 4
09-07 14:28:11.564   512  1065 I HarmanHal: after handling cmEvtDisCntDone event in connect state remaining in st_connect state in Info2 state machine
09-07 14:28:11.564   512  1065 I HarmanHal: ----- disconnectCompleted bus: bus7_bt_dnlink_in -----
09-07 14:28:11.564   512  1065 W HarmanHal: DeActivation record not found in deActivation_cbQ
09-07 14:28:11.565   530   602 E NetlinkEvent: NetlinkEvent::FindParam(): Parameter 'PRODUCT' not found
09-07 14:28:11.565   530   602 E NetlinkEvent: NetlinkEvent::FindParam(): Parameter 'DEVNAME' not found
09-07 14:28:11.565   530   602 E NetlinkEvent: NetlinkEvent::FindParam(): Parameter 'INTERFACE' not found
09-07 14:28:11.565   531   595 E NetlinkEvent: NetlinkEvent::FindParam(): Parameter 'dual_role_usb' not found
09-07 14:28:11.565   531   595 E NetlinkEvent: NetlinkEvent::FindParam(): Parameter 'OVER_CURRENT_PORT' not found
09-07 14:28:11.565   531   595 E NetlinkEvent: NetlinkEvent::FindParam(): Parameter 'UNRECOGNIZED_USB_DEVICE_ON_PORT' not found
09-07 14:28:11.565   512   725 V acdb-loader-wrapper: 494:acdb_loader_get_audio_cal_v2
09-07 14:28:11.565   512   725 D acdb_loader_proxy: acdb_loader_get_audio_cal_v2: provided datalen(272)
09-07 14:28:11.566   393  1492 D acdb_loader_server: onTransact GET_AUDIO_CAL_V2
09-07 14:28:11.566   393  1492 D acdb_loader_server: onTransact: provided datalen(272)
09-07 14:28:11.566  2584 10896 W vCard   : Property name unsupported by vCard 2.1: N
09-07 14:28:11.567   393  1492 D acdb_loader_server: onTransact: returned datalen(272)
09-07 14:28:11.568   512   725 D acdb_loader_proxy: acdb_loader_get_audio_cal_v2: returned datalen(272)
09-07 14:28:11.568   512   725 I HarmanAudioControl: hacs ::setOutPut() zoneId = 0, streamType = 1, channelSubId = 1 in setOutPut() AudioWorxXtp.cpp:141
09-07 14:28:11.568   512   725 V acdb-loader-wrapper: 479:acdb_loader_set_audio_cal_v2
09-07 14:28:11.568   512   725 D acdb_loader_proxy: acdb_loader_set_audio_cal_v2: datalen(272)
09-07 14:28:11.569   393  1492 D acdb_loader_server: onTransact SET_AUDIO_CAL_V2: datalen(272)
09-07 14:28:11.570   512   725 V acdb-loader-wrapper: 494:acdb_loader_get_audio_cal_v2
09-07 14:28:11.572   512   725 D acdb_loader_proxy: acdb_loader_get_audio_cal_v2: provided datalen(272)
09-07 14:28:11.572   393  1492 D acdb_loader_server: onTransact GET_AUDIO_CAL_V2
09-07 14:28:11.572   393  1492 D acdb_loader_server: onTransact: provided datalen(272)
09-07 14:28:11.573   393  1492 D acdb_loader_server: onTransact: returned datalen(272)
09-07 14:28:11.573   512   725 D acdb_loader_proxy: acdb_loader_get_audio_cal_v2: returned datalen(272)
09-07 14:28:11.573   512 12999 D HarmanHAL: StreamIn::getCapturePositionImpl
09-07 14:28:11.574   512   725 I HarmanAudioControl: hacs ::setOutPut() zoneId = 0, streamType = 1, channelSubId = 2 in setOutPut() AudioWorxXtp.cpp:141
09-07 14:28:11.574   512   725 V acdb-loader-wrapper: 479:acdb_loader_set_audio_cal_v2
09-07 14:28:11.574   512   725 D acdb_loader_proxy: acdb_loader_set_audio_cal_v2: datalen(272)
09-07 14:28:11.574   393  1492 D acdb_loader_server: onTransact SET_AUDIO_CAL_V2: datalen(272)
09-07 14:28:11.575   512   725 V acdb-loader-wrapper: 494:acdb_loader_get_audio_cal_v2
09-07 14:28:11.575   512   725 D acdb_loader_proxy: acdb_loader_get_audio_cal_v2: provided datalen(272)
09-07 14:28:11.576   393  1492 D acdb_loader_server: onTransact GET_AUDIO_CAL_V2
09-07 14:28:11.576   393  1492 D acdb_loader_server: onTransact: provided datalen(272)
09-07 14:28:11.576   393  1492 D acdb_loader_server: onTransact: returned datalen(272)
09-07 14:28:11.576   512   725 D acdb_loader_proxy: acdb_loader_get_audio_cal_v2: returned datalen(272)
09-07 14:28:11.577   512   725 I HarmanAudioControl: hacs ::setOutPut() zoneId = 0, streamType = 1, channelSubId = 3 in setOutPut() AudioWorxXtp.cpp:141
09-07 14:28:11.577   512   725 V acdb-loader-wrapper: 479:acdb_loader_set_audio_cal_v2
09-07 14:28:11.577   512   725 D acdb_loader_proxy: acdb_loader_set_audio_cal_v2: datalen(272)
09-07 14:28:11.578   393  1492 D acdb_loader_server: onTransact SET_AUDIO_CAL_V2: datalen(272)
01-01 00:03:14.562     0     0 I afe_get_cal_topology_id: port_id = 0x9000 acdb_id = 140 topology_id = 0x112fc cal_type_index=8 ret=0
09-07 14:28:11.580   512   725 V acdb-loader-wrapper: 494:acdb_loader_get_audio_cal_v2
09-07 14:28:11.581   512   725 D acdb_loader_proxy: acdb_loader_get_audio_cal_v2: provided datalen(272)
09-07 14:28:11.581   393  1492 D acdb_loader_server: onTransact GET_AUDIO_CAL_V2
01-01 00:03:14.562     0     0 E send_afe_cal_type: No cal sent for cal_index 0, port_id = 0x9000! ret -22
09-07 14:28:11.581   393  1492 D acdb_loader_server: onTransact: provided datalen(272)
09-07 14:28:11.582   393  1492 D acdb_loader_server: onTransact: returned datalen(272)
09-07 14:28:11.582   512   725 D acdb_loader_proxy: acdb_loader_get_audio_cal_v2: returned datalen(272)
09-07 14:28:11.582   512   725 I HarmanAudioControl: hacs ::setConnect InChannelId:9 OutChannelId:3 enable:1. in setConnect() AudioWorxXtp.cpp:66
09-07 14:28:11.583   512   725 V acdb-loader-wrapper: 479:acdb_loader_set_audio_cal_v2
09-07 14:28:11.583   512   725 D acdb_loader_proxy: acdb_loader_set_audio_cal_v2: datalen(272)
09-07 14:28:11.583   393  1492 D acdb_loader_server: onTransact SET_AUDIO_CAL_V2: datalen(272)
09-07 14:28:11.583   530   602 E NetlinkEvent: NetlinkEvent::FindParam(): Parameter 'PRODUCT' not found
09-07 14:28:11.584   530   602 E NetlinkEvent: NetlinkEvent::FindParam(): Parameter 'DEVNAME' not found
09-07 14:28:11.584   530   602 E NetlinkEvent: NetlinkEvent::FindParam(): Parameter 'INTERFACE' not found
09-07 14:28:11.584   531   595 E NetlinkEvent: NetlinkEvent::FindParam(): Parameter 'dual_role_usb' not found
09-07 14:28:11.584   531   595 E NetlinkEvent: NetlinkEvent::FindParam(): Parameter 'OVER_CURRENT_PORT' not found
09-07 14:28:11.584   531   595 E NetlinkEvent: NetlinkEvent::FindParam(): Parameter 'UNRECOGNIZED_USB_DEVICE_ON_PORT' not found
09-07 14:28:11.585   512   725 V acdb-loader-wrapper: 494:acdb_loader_get_audio_cal_v2
09-07 14:28:11.585   512   725 D acdb_loader_proxy: acdb_loader_get_audio_cal_v2: provided datalen(272)
09-07 14:28:11.586   393  1492 D acdb_loader_server: onTransact GET_AUDIO_CAL_V2
01-01 00:03:14.574     0     0 I afe_send_hw_delay: port_id 0x9000 rate 16000 delay_usec 0 status 0
09-07 14:28:11.586   393  1492 D acdb_loader_server: onTransact: provided datalen(272)
09-07 14:28:11.586   393  1492 D acdb_loader_server: onTransact: returned datalen(272)
09-07 14:28:11.587   512   725 D acdb_loader_proxy: acdb_loader_get_audio_cal_v2: returned datalen(272)
09-07 14:28:11.588   512 13143 I HarmanAudioControl: hacs funcname(connect) sessionValue(69) reply with result(0) in operator()() PluginManager.h:383
09-07 14:28:11.588   512 13143 I HarmanHal: PluginInterface::handlePluginReply session found sessionId 69 result 0
09-07 14:28:11.588   512  1065 I HarmanHal: ------ doOutputConnectDone for bus : bus7_bt_dnlink_in , audio source type : 4
09-07 14:28:11.588   512  1065 I HarmanHal: ****** bus name : bus3_call_ring_out   sink:   isRouted : 1  ConnectInProgess : 0   disconnectInProgress : 0  audiosource SOURCE_RING******
09-07 14:28:11.588   512  1065 I HarmanHal: ****** bus name : bus7_bt_dnlink_in   sink:bus4_call_out   isRouted : 1  ConnectInProgess : 1   disconnectInProgress : 0  audiosource SOURCE_VOICE_CALL******
09-07 14:28:11.588   512  1065 I HarmanHal: after handling cmEvtCntDone event in connect state changing next state to st_loadParams in Info2 state machine
09-07 14:28:11.588   512  1065 I HarmanHal: ConnectionController::loadParams : bus:bus7_bt_dnlink_in need params to be loaded 
09-07 14:28:11.589   512  1065 I HarmanHal: AudioSourceSettings::isECNRNeededForBus: busname : bus7_bt_dnlink_in ecnrNeeded  : 1
09-07 14:28:11.589   512  1065 I HarmanHal: ------- ConnectionController::setECNRScenario bus : bus7_bt_dnlink_in bNeedToSet:1 ---------
09-07 14:28:11.589   512  1065 I HarmanHal: ------- requesting Effects controller to set the scenario for bus bus7_bt_dnlink_in and sink bus4_call_out --------- 
09-07 14:28:11.589   512  1065 I HarmanHal: Effects controller setECNRScenario
09-07 14:28:11.589   512  1065 I HarmanHal: Entering state IntSrcSM::st_loadParams in Info2_StateMachine
09-07 14:28:11.589   512  1070 I HarmanHal: AudioSourceSettings::isECNRNeededForBus: busname : bus7_bt_dnlink_in ecnrNeeded  : 1
09-07 14:28:11.589   512  1070 I HarmanHal: EffectsController::doActivateECNRScenario setting both dl and ul scenarios for external bus bus7_bt_dnlink_in 
09-07 14:28:11.589   512  1070 I HarmanHal: setting the DL ecnr_scenario=2MIC_Handsfree_BT_Tel_WB_DL;ecnr_zenable=1 and UL ecnr_scenario=2MIC_Handsfree_BT_Tel_WB_UL;ecnr_zenable=1  scenario for the BT phone call bus 
09-07 14:28:11.589   512  1070 I HarmanAudioControl: hacs PluginMgr setParameters start. in setParameters() PluginManager.cpp:1074
09-07 14:28:11.589   512  1070 W HarmanAudioControl: hacs preStatus not matched, preStatus:INITED, currentStatus:BUSY in regStateAction() PluginStatus.h:158
09-07 14:28:11.589   512  1070 I HarmanAudioControl: hacs optConcurrence funcname(setParameters) sessionValue(70) done. in optConcurrence() PluginManager.h:412
09-07 14:28:11.589   512  1070 I HarmanHal: PluginInterface sessionId for setParameter is 70
09-07 14:28:11.590   512  1070 I HarmanAudioControl: hacs PluginMgr setParameters start. in setParameters() PluginManager.cpp:1074
09-07 14:28:11.590   512  1070 W HarmanAudioControl: hacs preStatus not matched, preStatus:INITED, currentStatus:BUSY in regStateAction() PluginStatus.h:158
09-07 14:28:11.590   512  1070 I HarmanAudioControl: hacs optConcurrence funcname(setParameters) sessionValue(71) done. in optConcurrence() PluginManager.h:412
09-07 14:28:11.590   512  1070 I HarmanHal: PluginInterface sessionId for setParameter is 71
09-07 14:28:11.598   530   602 E NetlinkEvent: NetlinkEvent::FindParam(): Parameter 'PRODUCT' not found
09-07 14:28:11.599   530   602 E NetlinkEvent: NetlinkEvent::FindParam(): Parameter 'DEVNAME' not found
09-07 14:28:11.599   530   602 E NetlinkEvent: NetlinkEvent::FindParam(): Parameter 'INTERFACE' not found
09-07 14:28:11.599   531   595 E NetlinkEvent: NetlinkEvent::FindParam(): Parameter 'dual_role_usb' not found
09-07 14:28:11.599   531   595 E NetlinkEvent: NetlinkEvent::FindParam(): Parameter 'OVER_CURRENT_PORT' not found
09-07 14:28:11.599   531   595 E NetlinkEvent: NetlinkEvent::FindParam(): Parameter 'UNRECOGNIZED_USB_DEVICE_ON_PORT' not found
09-07 14:28:11.603   512 12999 D HarmanHAL: StreamIn::getCapturePositionImpl
09-07 14:28:11.604   512   775 I HarmanHal.Routing: hacs alsa node(pcmBtHfp_ul_pro_p): opened in openPcmNode() PcmAlsaWrapper.cpp:98
09-07 14:28:11.604   512   775 I HarmanHal.Routing: hacs owner(sse_bt_call_ul): owner period ms 16, linked period ms 8 in initRBuffer() AudioPort.cpp:967
09-07 14:28:11.604   512   775 I HarmanHal.Routing: hacs id(734498064) for new buffer, type = 4 in createRingBuffer() RingBufferManager.cpp:32
09-07 14:28:11.605   512   775 I HarmanHal.Routing: hacs owner(sse_bt_call_ul) success to create a buffer: type = 2, interleaved = 0 in getRingBuffer() AudioPort.cpp:607
09-07 14:28:11.605   512   775 I HarmanHal.Routing: hacs owner(connected_module_for_btcall_ul): owner period ms 8, linked period ms 16 in initRBuffer() AudioPort.cpp:967
09-07 14:28:11.605   512   775 I HarmanHal.Routing: hacs id(734506864) for new buffer, type = 4 in createRingBuffer() RingBufferManager.cpp:32
09-07 14:28:11.605   512   775 I HarmanHal.Routing: hacs owner(connected_module_for_btcall_ul) success to create a buffer: type = 2, interleaved = 0 in getRingBuffer() AudioPort.cpp:607
09-07 14:28:11.605   512   775 I HarmanHal.Routing: hacs owner(dispatcher_ul_for_mic_48k): owner period ms 8, linked period ms 8 in initRBuffer() AudioPort.cpp:967
09-07 14:28:11.605   512   775 I HarmanHal.Routing: hacs module(dispatcher_ul_for_mic_48k): port(0xb40000762bc7c870), type = 4, cmd = 2 in setCmd() DispatcherModule.cpp:60
09-07 14:28:11.606   512   775 E HarmanHal.Routing: hacs module(dispatcher_ul_for_mic_48k): mPortAssignmentMap.size(1), mPortList->size(4) in prepareRingBufferForModule() ThreadModule.cpp:55
09-07 14:28:11.606   512   775 I HarmanHal.Routing: hacs owner(pcmMicRefIn_c): owner period ms 8, linked period ms 8 in initRBuffer() AudioPort.cpp:967
09-07 14:28:11.606   512   775 V acdb-loader-wrapper: 323:acdb_loader_send_audio_cal_v4
09-07 14:28:11.606   512   775 D acdb_loader_proxy: acdb_loader_send_audio_cal_v4: acdb_id(146), capability(2), app_id(69938), sample_rate(48000), use_case(0), afe_sample_rate(48000)
09-07 14:28:11.606   393  1492 D acdb_loader_server: onTransact SEND_AUDIO_CAL_V4: acdb_id(146), capability(2), app_id(69938), sample_rate(48000), use_case(0), afe_sample_rate(48000)
09-07 14:28:11.606   393  1492 D ACDB-LOADER: ACDB -> send_audio_cal, acdb_id = 146, path = 1, app id = 0x11132, sample rate = 48000, afe_sample_rate = 48000
09-07 14:28:11.606   393  1492 D ACDB-LOADER: ACDB -> send_asm_topology
09-07 14:28:11.606   393  1492 D ACDB-LOADER: ACDB -> ACDB_CMD_GET_AUDPROC_STREAM_TOPOLOGY_ID
09-07 14:28:11.606   393  1492 D ACDB-LOADER: ACDB -> send_adm_topology
09-07 14:28:11.607   393  1492 D ACDB-LOADER: ACDB -> ACDB_CMD_GET_AUDPROC_COMMON_TOPOLOGY_ID
09-07 14:28:11.607   393  1492 D ACDB-LOADER: ACDB -> send_audtable
09-07 14:28:11.607   393  1492 D ACDB-LOADER: ACDB -> ACDB_CMD_GET_AUDPROC_INSTANCE_COMMON_TABLE_SIZE
09-07 14:28:11.607   393  1492 D ACDB-LOADER: ACDB -> ACDB_CMD_GET_AUDPROC_INSTANCE_COMMON_TABLE
09-07 14:28:11.607   393  1492 D ACDB-LOADER: ACDB -> AUDIO_SET_AUDPROC_CAL cal_type[11] acdb_id[146] app_type[69938]
09-07 14:28:11.607   393  1492 D ACDB-LOADER: check_fnn_usecase_status: fnn usecase active 0
09-07 14:28:11.607   393  1492 D ACDB-LOADER: ACDB -> ACDB_CMD_GET_PERSISTENT_AUDPROC_INSTANCE_COMMON_TABLE_SIZE
09-07 14:28:11.607   393  1492 D acdb_loader_service: [Data Manager]-> No data found
09-07 14:28:11.607   393  1492 D ACDB-LOADER: Error: ACDB_CMD_GET_PERSISTENT_AUDPROC_INSTANCE_COMMON_TABLE_SIZE returned -18
09-07 14:28:11.607   393  1492 D ACDB-LOADER: ACDB -> send_audproc_persist_table -18 
09-07 14:28:11.607   393  1492 D ACDB-LOADER: Error: Invalid Audproc persist size = -18
09-07 14:28:11.607   393  1492 D ACDB-LOADER: ACDB -> ACDB_CMD_GET_AUDPROC_INSTANCE_STREAM_TABLE_SIZE
09-07 14:28:11.607   393  1492 D ACDB-LOADER: ACDB -> send_audstrmtable
09-07 14:28:11.607   393  1492 D ACDB-LOADER: ACDB -> ACDB_CMD_GET_AUDPROC_INSTANCE_STREAM_TABLE
09-07 14:28:11.607   393  1492 D ACDB-LOADER: ACDB -> audstrm_cal->cal_type.cal_data.cal_size = 48
09-07 14:28:11.607   393  1492 D ACDB-LOADER: ACDB -> send_afe_topology
09-07 14:28:11.607   393  1492 D ACDB-LOADER: ACDB -> ACDB_CMD_GET_AFE_TOPOLOGY_ID
09-07 14:28:11.607   393  1492 D ACDB-LOADER: ACDB -> GET_AFE_TOPOLOGY_ID for adcd_id 146, Topology Id 112fb
09-07 14:28:11.607   393  1492 D ACDB-LOADER: ACDB -> send_afe_cal
09-07 14:28:11.607   393  1492 D ACDB-LOADER: ACDB -> ACDB_CMD_GET_AFE_INSTANCE_COMMON_TABLE_SIZE
09-07 14:28:11.607   393  1492 D acdb_loader_service: Failed to fetch the lookup information of the device 00000092 
09-07 14:28:11.607   393  1492 D ACDB-LOADER: Error: ACDB_CMD_GET_AFE_INSTANCE_COMMON_TABLE_SIZE Returned = -19
09-07 14:28:11.607   393  1492 D ACDB-LOADER: ACDB -> ACDB_CMD_GET_AFE_INSTANCE_COMMON_TABLE
09-07 14:28:11.607   393  1492 D acdb_loader_service: Failed to fetch the lookup information of the device 00000092 
09-07 14:28:11.607   393  1492 D ACDB-LOADER: Error: ACDB AFE returned = -19
09-07 14:28:11.607   393  1492 D ACDB-LOADER: ACDB -> AUDIO_SET_AFE_CAL cal_type[17] acdb_id[146]
09-07 14:28:11.607   393  1492 D ACDB-LOADER: ACDB -> send_hw_delay : acdb_id = 146 path = 1
09-07 14:28:11.607   393  1492 D ACDB-LOADER: ACDB -> ACDB_AVSYNC_INFO: ACDB_CMD_GET_DEVICE_PROPERTY
09-07 14:28:11.612   512   775 V acdb-loader-wrapper: 323:acdb_loader_send_audio_cal_v4
09-07 14:28:11.612   512   775 D acdb_loader_proxy: acdb_loader_send_audio_cal_v4: acdb_id(147), capability(2), app_id(69938), sample_rate(48000), use_case(1), afe_sample_rate(48000)
09-07 14:28:11.612   393  1492 D acdb_loader_server: onTransact SEND_AUDIO_CAL_V4: acdb_id(147), capability(2), app_id(69938), sample_rate(48000), use_case(1), afe_sample_rate(48000)
09-07 14:28:11.612   393  1492 D ACDB-LOADER: ACDB -> send_audio_cal, acdb_id = 147, path = 1, app id = 0x11132, sample rate = 48000, afe_sample_rate = 48000
09-07 14:28:11.612   393  1492 D ACDB-LOADER: ACDB -> send_asm_topology
09-07 14:28:11.612   393  1492 D ACDB-LOADER: ACDB -> ACDB_CMD_GET_AUDPROC_STREAM_TOPOLOGY_ID
09-07 14:28:11.612   393  1492 D ACDB-LOADER: ACDB -> create_cal_node: New Node!
09-07 14:28:11.612   393  1492 D ACDB-LOADER: ACDB -> send_adm_topology
09-07 14:28:11.612   393  1492 D ACDB-LOADER: ACDB -> ACDB_CMD_GET_AUDPROC_COMMON_TOPOLOGY_ID
09-07 14:28:11.612   393  1492 D ACDB-LOADER: ACDB -> send_audtable
09-07 14:28:11.612   393  1492 D ACDB-LOADER: ACDB -> create_cal_node: New Node!
09-07 14:28:11.613   393  1492 E ion     : ioctl c0184900 failed with code -1: No such device
09-07 14:28:11.613   393  1492 D ACDB-LOADER: ACDB -> allocate_cal_block: ION alloc failed with heap mask 0x100, cal type 11, errno: -19, trying system heap...
09-07 14:28:11.613  4787  4787 D BluetoothMapClient: Unbinding service...
09-07 14:28:11.614   393  1492 D ACDB-LOADER: ACDB -> ACDB_CMD_GET_AUDPROC_INSTANCE_COMMON_TABLE_SIZE
09-07 14:28:11.614   393  1492 D ACDB-LOADER: ACDB -> ACDB_CMD_GET_AUDPROC_INSTANCE_COMMON_TABLE
09-07 14:28:11.614   393  1492 D ACDB-LOADER: ACDB -> AUDIO_SET_AUDPROC_CAL cal_type[11] acdb_id[147] app_type[69938]
09-07 14:28:11.614   393  1492 D ACDB-LOADER: check_fnn_usecase_status: fnn usecase active 0
09-07 14:28:11.614   393  1492 D ACDB-LOADER: ACDB -> ACDB_CMD_GET_PERSISTENT_AUDPROC_INSTANCE_COMMON_TABLE_SIZE
09-07 14:28:11.614   393  1492 D acdb_loader_service: [Data Manager]-> No data found
09-07 14:28:11.614   393  1492 D ACDB-LOADER: Error: ACDB_CMD_GET_PERSISTENT_AUDPROC_INSTANCE_COMMON_TABLE_SIZE returned -18
09-07 14:28:11.615   393  1492 D ACDB-LOADER: ACDB -> send_audproc_persist_table -18 
09-07 14:28:11.615   393  1492 D ACDB-LOADER: Error: Invalid Audproc persist size = -18
09-07 14:28:11.615   393  1492 D ACDB-LOADER: ACDB -> create_cal_node: New Node!
09-07 14:28:11.615   393  1492 E ion     : ioctl c0184900 failed with code -1: No such device
09-07 14:28:11.615   393  1492 D ACDB-LOADER: ACDB -> allocate_cal_block: ION alloc failed with heap mask 0x100, cal type 15, errno: -19, trying system heap...
09-07 14:28:11.615   393  1492 D ACDB-LOADER: ACDB -> ACDB_CMD_GET_AUDPROC_INSTANCE_STREAM_TABLE_SIZE
09-07 14:28:11.615   393  1492 D ACDB-LOADER: ACDB -> send_audstrmtable
09-07 14:28:11.615   393  1492 D ACDB-LOADER: ACDB -> ACDB_CMD_GET_AUDPROC_INSTANCE_STREAM_TABLE
09-07 14:28:11.615   393  1492 D ACDB-LOADER: ACDB -> audstrm_cal->cal_type.cal_data.cal_size = 48
09-07 14:28:11.615   393  1492 D ACDB-LOADER: ACDB -> create_cal_node: New Node!
09-07 14:28:11.615   393  1492 D ACDB-LOADER: ACDB -> send_afe_topology
09-07 14:28:11.615   393  1492 D ACDB-LOADER: ACDB -> ACDB_CMD_GET_AFE_TOPOLOGY_ID
09-07 14:28:11.615   393  1492 D ACDB-LOADER: ACDB -> GET_AFE_TOPOLOGY_ID for adcd_id 147, Topology Id 112fb
09-07 14:28:11.615   393  1492 D ACDB-LOADER: ACDB -> send_afe_cal
09-07 14:28:11.616   393  1492 E ion     : ioctl c0184900 failed with code -1: No such device
09-07 14:28:11.616   393  1492 D ACDB-LOADER: ACDB -> allocate_cal_block: ION alloc failed with heap mask 0x100, cal type 17, errno: -19, trying system heap...
09-07 14:28:11.616   393  1492 D ACDB-LOADER: ACDB -> ACDB_CMD_GET_AFE_INSTANCE_COMMON_TABLE_SIZE
09-07 14:28:11.616   393  1492 D acdb_loader_service: Failed to fetch the lookup information of the device 00000093 
09-07 14:28:11.616   393  1492 D ACDB-LOADER: Error: ACDB_CMD_GET_AFE_INSTANCE_COMMON_TABLE_SIZE Returned = -19
09-07 14:28:11.616   393  1492 D ACDB-LOADER: ACDB -> ACDB_CMD_GET_AFE_INSTANCE_COMMON_TABLE
09-07 14:28:11.616   393  1492 D acdb_loader_service: Failed to fetch the lookup information of the device 00000093 
09-07 14:28:11.616   393  1492 D ACDB-LOADER: Error: ACDB AFE returned = -19
09-07 14:28:11.616   393  1492 D ACDB-LOADER: ACDB -> AUDIO_SET_AFE_CAL cal_type[17] acdb_id[147]
09-07 14:28:11.617   393  1492 D ACDB-LOADER: ACDB -> send_hw_delay : acdb_id = 147 path = 1
09-07 14:28:11.617   393  1492 D ACDB-LOADER: ACDB -> create_cal_node: New Node!
09-07 14:28:11.617   393  1492 D ACDB-LOADER: ACDB -> ACDB_AVSYNC_INFO: ACDB_CMD_GET_DEVICE_PROPERTY
09-07 14:28:11.622   512   775 D audio_route: Apply path: pcmMicRefIn_c-ANA
09-07 14:28:11.624   530   602 E NetlinkEvent: NetlinkEvent::FindParam(): Parameter 'PRODUCT' not found
09-07 14:28:11.624   530   602 E NetlinkEvent: NetlinkEvent::FindParam(): Parameter 'DEVNAME' not found
09-07 14:28:11.624   530   602 E NetlinkEvent: NetlinkEvent::FindParam(): Parameter 'INTERFACE' not found
09-07 14:28:11.624   531   595 E NetlinkEvent: NetlinkEvent::FindParam(): Parameter 'dual_role_usb' not found
09-07 14:28:11.625   531   595 E NetlinkEvent: NetlinkEvent::FindParam(): Parameter 'OVER_CURRENT_PORT' not found
09-07 14:28:11.625   531   595 E NetlinkEvent: NetlinkEvent::FindParam(): Parameter 'UNRECOGNIZED_USB_DEVICE_ON_PORT' not found
01-01 00:03:14.614     0     0 E tdm_param_set_slot_mask: invalid slot map setting
01-01 00:03:14.625     0     0 I afe_get_cal_topology_id: port_id = 0x9031 acdb_id = 146 topology_id = 0x112fb cal_type_index=8 ret=0
09-07 14:28:11.642   530   602 E NetlinkEvent: NetlinkEvent::FindParam(): Parameter 'PRODUCT' not found
09-07 14:28:11.642   530   602 E NetlinkEvent: NetlinkEvent::FindParam(): Parameter 'DEVNAME' not found
09-07 14:28:11.642   530   602 E NetlinkEvent: NetlinkEvent::FindParam(): Parameter 'INTERFACE' not found
09-07 14:28:11.642   531   595 E NetlinkEvent: NetlinkEvent::FindParam(): Parameter 'dual_role_usb' not found
09-07 14:28:11.642   531   595 E NetlinkEvent: NetlinkEvent::FindParam(): Parameter 'OVER_CURRENT_PORT' not found
09-07 14:28:11.642   531   595 E NetlinkEvent: NetlinkEvent::FindParam(): Parameter 'UNRECOGNIZED_USB_DEVICE_ON_PORT' not found
09-07 14:28:11.644   512 12999 D HarmanHAL: StreamIn::getCapturePositionImpl
09-07 14:28:11.651   530   602 E NetlinkEvent: NetlinkEvent::FindParam(): Parameter 'PRODUCT' not found
09-07 14:28:11.651   530   602 E NetlinkEvent: NetlinkEvent::FindParam(): Parameter 'DEVNAME' not found
09-07 14:28:11.652   530   602 E NetlinkEvent: NetlinkEvent::FindParam(): Parameter 'INTERFACE' not found
09-07 14:28:11.652   531   595 E NetlinkEvent: NetlinkEvent::FindParam(): Parameter 'dual_role_usb' not found
09-07 14:28:11.652   531   595 E NetlinkEvent: NetlinkEvent::FindParam(): Parameter 'OVER_CURRENT_PORT' not found
01-01 00:03:14.628     0     0 E send_afe_cal_type: No cal sent for cal_index 1, port_id = 0x9031! ret -22
09-07 14:28:11.652   531   595 E NetlinkEvent: NetlinkEvent::FindParam(): Parameter 'UNRECOGNIZED_USB_DEVICE_ON_PORT' not found
01-01 00:03:14.644     0     0 I afe_send_hw_delay: port_id 0x9031 rate 48000 delay_usec 0 status 0
09-07 14:28:11.665  2584 10896 W vCard   : Property name unsupported by vCard 2.1: N
01-01 00:03:14.648     0     0 I afe_get_cal_topology_id: port_id = 0x9035 acdb_id = 147 topology_id = 0x112fb cal_type_index=8 ret=0
01-01 00:03:14.649     0     0 E send_afe_cal_type: No cal sent for cal_index 1, port_id = 0x9035! ret -22
09-07 14:28:11.673   512 12999 D HarmanHAL: StreamIn::getCapturePositionImpl
09-07 14:28:11.673   530   602 E NetlinkEvent: NetlinkEvent::FindParam(): Parameter 'PRODUCT' not found
09-07 14:28:11.674   530   602 E NetlinkEvent: NetlinkEvent::FindParam(): Parameter 'DEVNAME' not found
09-07 14:28:11.674   530   602 E NetlinkEvent: NetlinkEvent::FindParam(): Parameter 'INTERFACE' not found
09-07 14:28:11.674   531   595 E NetlinkEvent: NetlinkEvent::FindParam(): Parameter 'dual_role_usb' not found
09-07 14:28:11.674   531   595 E NetlinkEvent: NetlinkEvent::FindParam(): Parameter 'OVER_CURRENT_PORT' not found
09-07 14:28:11.674   531   595 E NetlinkEvent: NetlinkEvent::FindParam(): Parameter 'UNRECOGNIZED_USB_DEVICE_ON_PORT' not found
01-01 00:03:14.664     0     0 I afe_send_hw_delay: port_id 0x9035 rate 48000 delay_usec 0 status 0
09-07 14:28:11.683   531   595 E NetlinkEvent: NetlinkEvent::FindParam(): Parameter 'dual_role_usb' not found
09-07 14:28:11.683   531   595 E NetlinkEvent: NetlinkEvent::FindParam(): Parameter 'OVER_CURRENT_PORT' not found
09-07 14:28:11.683   531   595 E NetlinkEvent: NetlinkEvent::FindParam(): Parameter 'UNRECOGNIZED_USB_DEVICE_ON_PORT' not found
09-07 14:28:11.684   530   602 E NetlinkEvent: NetlinkEvent::FindParam(): Parameter 'PRODUCT' not found
09-07 14:28:11.684   530   602 E NetlinkEvent: NetlinkEvent::FindParam(): Parameter 'DEVNAME' not found
09-07 14:28:11.684   530   602 E NetlinkEvent: NetlinkEvent::FindParam(): Parameter 'INTERFACE' not found
09-07 14:28:11.698   530   602 E NetlinkEvent: NetlinkEvent::FindParam(): Parameter 'PRODUCT' not found
09-07 14:28:11.698   530   602 E NetlinkEvent: NetlinkEvent::FindParam(): Parameter 'DEVNAME' not found
09-07 14:28:11.698   530   602 E NetlinkEvent: NetlinkEvent::FindParam(): Parameter 'INTERFACE' not found
09-07 14:28:11.699   531   595 E NetlinkEvent: NetlinkEvent::FindParam(): Parameter 'dual_role_usb' not found
09-07 14:28:11.699   531   595 E NetlinkEvent: NetlinkEvent::FindParam(): Parameter 'OVER_CURRENT_PORT' not found
09-07 14:28:11.699   531   595 E NetlinkEvent: NetlinkEvent::FindParam(): Parameter 'UNRECOGNIZED_USB_DEVICE_ON_PORT' not found
09-07 14:28:11.706   512 12999 D HarmanHAL: StreamIn::getCapturePositionImpl
09-07 14:28:11.706   512   775 I HarmanHal.Routing: hacs alsa node(pcmMicRefIn_c): opened in openPcmNode() PcmAlsaWrapper.cpp:98
09-07 14:28:11.706   512   775 I HarmanHal.Routing: hacs module(dispatcher_ul_for_mic_48k): port(0xb40000762bc7c870), mPcmStatus_cv.notify_all() in setCmd() DispatcherModule.cpp:96
09-07 14:28:11.706   512 13133 I HarmanHal.Routing: hacs module(dispatcher_ul_for_mic_48k): FINISH WAIT in processDataForUplink() DispatcherModule.cpp:279
09-07 14:28:11.706   512 13133 I HarmanHal.Routing: hacs id(1003206832) bufferNum(3) in createRingBuffer() RingBufferManager.cpp:105
09-07 14:28:11.706   512 13133 I HarmanHal.Routing: hacs channels(6) frames(384) bufferNum(3) mIsInitialized(0) in initialize() RingBuffer.cpp:412
09-07 14:28:11.707   512 13159 I HarmanHal.Routing: hacs id(734500464) bufferNum(10) in createRingBuffer() RingBufferManager.cpp:105
09-07 14:28:11.707   512 13133 I HarmanHal.Routing: hacs owner(dispatcher_ul_for_mic_48k): NO NEED DO CONVERT in ifNeedDoConvert() AudioPort.cpp:546
09-07 14:28:11.707   512 13159 I HarmanHal.Routing: hacs channels(1) frames(128) bufferNum(10) mIsInitialized(0) in initialize() RingBuffer.cpp:412
09-07 14:28:11.707   512   775 I HarmanHal.Routing: hacs module(bt_loopback_ul): start loopback(mIsThreadInit 1), isInterleaved(0) ,mThreadCount(2) in startLoopbackProcessing() LoopbackModule.cpp:176
09-07 14:28:11.707   512 13133 I HarmanHal.Routing: hacs id(466234512) bufferSize(9216) bufferNum(3) in createRingBuffer() RingBufferManager.cpp:77
09-07 14:28:11.707   512   775 I HarmanAudioControl: hacs scenario(2MIC_Handsfree_BT_Tel_WB_UL) createRoutingPath(1) ok in createRoutingPath() EcnrAudioRouter.cpp:109
09-07 14:28:11.707   512   775 I HarmanAudioControl: hacs registerCallback, insId = 10012 in registerCallback() EcnrPluginImp.cpp:80
09-07 14:28:11.707   512   775 I HarmanAudioControl: hacs registerCallback e_AC_Destination=0x0,e_Msg_Destination=0x4,e_Asp_Module=0x2d,    x_AM_Params.[Session_ID=0x0,Cmd_ID=0x227e,Cmd_Type=0x2,InstID=0x0,Length=0x8] in printACCIParser() EcnrAcProtocol.cpp:32
09-07 14:28:11.707   512 13133 I HarmanHal.Routing: hacs bufferSize(9216 --> 9216) bufferNum(3) this(0xb4000075bbc7fa20) in initialize() RingBuffer.cpp:384
09-07 14:28:11.707   512   775 I HarmanAudioControl: hacs registerCallbackx_AM_Params.Data - 0x0,0x0,0x0,0x75,0x38,0x2f,0x2f,0x18, in printACCIParser() EcnrAcProtocol.cpp:39
09-07 14:28:11.707   512   775 I HarmanAudioControl: hacs mSessionId=0, instanceId=0x271c, buf_size=280 in sendCmd() EcnrAudioRouter.cpp:268
09-07 14:28:11.707   512   775 D AudioProcessing: EB_AspControl:e_AC_Destination:0, e_Asp_Module:45, e_Msg_Destination:4, now 1.
09-07 14:28:11.707   512   775 D AudioProcessing: EB_AspControl:Session_ID:0x0, Cmd_ID:0x227e, Cmd_Type:0x2, InstID(Zone number):0x0.
09-07 14:28:11.707   512 13158 I HarmanHal.Routing: hacs Different ChannelCountAudioSampleItem 1, 6 in operator==() AudioSample.hpp:136
09-07 14:28:11.707   512   775 D AudioProcessing: EB_AspControl:Length:8.
09-07 14:28:11.707   512   775 D AudioProcessing: EB_AspControl:x_A_Params.Data[0]:0x0
09-07 14:28:11.707   512   775 D AudioProcessing: EB_AspControl:x_A_Params.Data[1]:0x0
09-07 14:28:11.707   512   775 D AudioProcessing: EB_AspControl:x_A_Params.Data[2]:0x0
09-07 14:28:11.707   512   775 D AudioProcessing: EB_AspControl:x_A_Params.Data[3]:0x75
09-07 14:28:11.707   512   775 D AudioProcessing: EB_AspControl:x_A_Params.Data[4]:0x38
09-07 14:28:11.707   512   775 D AudioProcessing: EB_AspControl:x_A_Params.Data[5]:0x2f
09-07 14:28:11.707   512   775 D AudioProcessing: EB_AspControl:x_A_Params.Data[6]:0x2f
09-07 14:28:11.707   512   775 D AudioProcessing: EB_AspControl:x_A_Params.Data[7]:0x18
09-07 14:28:11.707   512   775 I AudioProcessing: Transp_Mode_State process command 0x227e result 0
09-07 14:28:11.707   512   775 D AudioProcessing: commandExecuteCallback:INPUT PARS:pThis:0x0x75382f2f18, commandId:0x227e, sessionId:0x0, exeResult:0x3826c534.
09-07 14:28:11.707   512   775 I HarmanAudioControl: hacs OnCmdCallBack returned:sessionId:0 result:0 in onAudioProcessing() EcnrAudioRouter.cpp:51
09-07 14:28:11.707   512   775 D AudioProcessing: EB_AspControl:e_AC_Destination:0, e_Asp_Module:45, e_Msg_Destination:0, now 1.
09-07 14:28:11.707   512   775 D AudioProcessing: EB_AspControl:Session_ID:0x0, Cmd_ID:0x227e, Cmd_Type:0xc, InstID(Zone number):0x0.
09-07 14:28:11.707   512   775 D AudioProcessing: EB_AspControl:Length:8.
09-07 14:28:11.707   512   775 I AudioProcessing: == EB_AspControl finish ==
09-07 14:28:11.707   512 13158 I HarmanHal.Routing: hacs owner(bt_loopback_ul): do remap channels! in ifNeedDoConvert() AudioPort.cpp:528
09-07 14:28:11.707   512   775 I HarmanAudioControl: hacs start e_AC_Destination=0x0,e_Msg_Destination=0x4,e_Asp_Module=0x2d,    x_AM_Params.[Session_ID=0x1,Cmd_ID=0x227d,Cmd_Type=0x2,InstID=0x0,Length=0x9] in printACCIParser() EcnrAcProtocol.cpp:32
09-07 14:28:11.707   512   775 I HarmanAudioControl: hacs startx_AM_Params.Data - 0x1,0x0,0x5,0x0,0x0,0x0,0x0,0x2,0x0, in printACCIParser() EcnrAcProtocol.cpp:39
09-07 14:28:11.707   512   775 I HarmanAudioControl: hacs mSessionId=1, instanceId=0x271c, buf_size=280 in sendCmd() EcnrAudioRouter.cpp:268
09-07 14:28:11.707   512   775 D AudioProcessing: EB_AspControl:e_AC_Destination:0, e_Asp_Module:45, e_Msg_Destination:4, now 1.
09-07 14:28:11.707   512   775 D AudioProcessing: EB_AspControl:Session_ID:0x1, Cmd_ID:0x227d, Cmd_Type:0x2, InstID(Zone number):0x0.
09-07 14:28:11.707   512   775 D AudioProcessing: EB_AspControl:Length:9.
09-07 14:28:11.707   512   775 D AudioProcessing: EB_AspControl:x_A_Params.Data[0]:0x1
09-07 14:28:11.707   512   775 D AudioProcessing: EB_AspControl:x_A_Params.Data[1]:0x0
09-07 14:28:11.707   512   775 D AudioProcessing: EB_AspControl:x_A_Params.Data[2]:0x5
09-07 14:28:11.707   512   775 D AudioProcessing: EB_AspControl:x_A_Params.Data[3]:0x0
09-07 14:28:11.707   512 13158 I HarmanHal.Routing: hacs owner(bt_loopback_ul): dst param -- sampleRate(16000) format(3) channels(1) periodSize(128) in ifNeedDoConvert() AudioPort.cpp:535
09-07 14:28:11.707   512   775 D AudioProcessing: EB_AspControl:x_A_Params.Data[4]:0x0
09-07 14:28:11.707   512   775 D AudioProcessing: EB_AspControl:x_A_Params.Data[5]:0x0
09-07 14:28:11.707   512   775 D AudioProcessing: EB_AspControl:x_A_Params.Data[6]:0x0
09-07 14:28:11.707   512   775 D AudioProcessing: EB_AspControl:x_A_Params.Data[7]:0x2
09-07 14:28:11.707   512   775 D AudioProcessing: EB_AspControl:x_A_Params.Data[8]:0x0
09-07 14:28:11.707   512   775 D AudioProcessing: [sseSetScenario] ==== start ==== [handle 0xbc80d90][enable 0x1]
09-07 14:28:11.707   512   775 D AudioProcessing: [sseSetScenario] ==== start ==== [scenario 0x50000][type 512]
09-07 14:28:11.707   512   775 D AudioProcessing: [sseSetScenario] ==== start ==== [sampleRate 16000][frameLength 256]
09-07 14:28:11.707   512   775 I AudioProcessing: [sseSetScenario] scdFileFullName : /vendor/etc/scd/SSE_BT_HF_WB.scd.
09-07 14:28:11.707   512 13158 I HarmanHal.Routing: hacs owner(bt_loopback_ul): NEED DO CONFIGURATION FOR CONVERT in ifNeedDoConvert() AudioPort.cpp:537
09-07 14:28:11.708   512 13158 I HarmanHal.Routing: hacs Different ChannelCountAudioSampleItem 6, 1 in operator==() AudioSample.hpp:136
09-07 14:28:11.708   512 13158 I HarmanHal.Routing: hacs SRC rate=16000, format=3, channels=6 in configure() AudioConversion.cpp:122
09-07 14:28:11.708   512 13158 I HarmanHal.Routing: hacs DST rate=16000, format=3, channels=1 in configure() AudioConversion.cpp:123
09-07 14:28:11.708   512 13158 I HarmanHal.Routing: hacs mAudioConverter[0] = 0xb4000075fbc72770 in doConfigureAndAddConverter() AudioConversion.cpp:273
09-07 14:28:11.708   512 13158 I HarmanHal.Routing: hacs SUCCESS in configure() AudioConversion.cpp:137
09-07 14:28:11.708   512 13158 I HarmanHal.Routing: hacs id(734527664) for new buffer, type = 2 in createRingBuffer() RingBufferManager.cpp:32
09-07 14:28:11.709   512 13158 I HarmanHal.Routing: hacs channels(24) frames(768) bufferNum(3) mIsInitialized(0) in initialize() RingBuffer.cpp:412
09-07 14:28:11.710  2584 10896 W vCard   : Property name unsupported by vCard 2.1: N
09-07 14:28:11.710   512   775 E AudioProcessing: [sseSetScenario] size of scd file: 272 bytes ; 68 DWORDS! 
09-07 14:28:11.711   512 13158 I HarmanHal.Routing: hacs owner(bt_loopback_ul) success to create a buffer: type = 1, interleaved = 0 in getRingBuffer() AudioPort.cpp:607
09-07 14:28:11.711   512   775 I AudioProcessing: [sseSetScenario] read scd file successful: 68 DWORDS! 
09-07 14:28:11.711   512 13158 I HarmanHal.Routing: hacs Different RateAudioSampleItem 16000, 48000 in operator==() AudioSample.hpp:145
09-07 14:28:11.711   512   775 I AudioProcessing: [sseSetScenario] sse->sseSetConfigData finished:ret :0
09-07 14:28:11.712   512   775 I AudioProcessing: [sseSetScenario] **will do check params with scd params**
09-07 14:28:11.712   512   775 D AudioProcessing: [sseSetScenario] [handle 0xbc80d90][type 0]
09-07 14:28:11.712   512   775 D AudioProcessing: [sseSetScenario]  sseGetData GET sse_AudioIOType sucessful ! pscdPara->SampleType:1
09-07 14:28:11.712   512   775 D AudioProcessing: [sseSetScenario] sse->sampleRate:16000,pscdPara->SampleRate:16000
09-07 14:28:11.712   512   775 D AudioProcessing: [sseSetScenario] sse->frameLength:256,pscdPara->frameShift:256
09-07 14:28:11.712   512   775 D AudioProcessing: [sseSetScenario] pAudioIO->MicInBufferCnt:2,pscdPara->MicInCnt:1
09-07 14:28:11.712   512 13158 I HarmanHal.Routing: hacs owner(connected_module_for_btcall_ul): do SRC! in ifNeedDoConvert() AudioPort.cpp:515
09-07 14:28:11.712   512 13158 I HarmanHal.Routing: hacs owner(connected_module_for_btcall_ul): dst param -- sampleRate(16000) format(3) channels(6) periodSize(128) in ifNeedDoConvert() AudioPort.cpp:535
09-07 14:28:11.712   512   775 D AudioProcessing: [sseSetScenario] pAudioIO->RefInBufferCnt:4,pscdPara->RefInCnt:1
09-07 14:28:11.712   512   775 D AudioProcessing: [sseSetScenario] pAudioIO->MicProcBufferCnt:6,pscdPara->MicProcCnt:1
09-07 14:28:11.712   512   775 I AudioProcessing: [sseSetScenario] **will do sseInitialize**
09-07 14:28:11.712   512   775 D AudioProcessing: [sseSetScenario] [handle 0xbc80d90][type 0]
09-07 14:28:11.712   512   775 D AudioProcessing: [sseSetScenario] phase -1 - sseSetConfigData successful:direction=512, sco=327680.
09-07 14:28:11.712   512 13158 I HarmanHal.Routing: hacs owner(connected_module_for_btcall_ul): NEED DO CONFIGURATION FOR CONVERT in ifNeedDoConvert() AudioPort.cpp:537
09-07 14:28:11.712   512 13158 I HarmanHal.Routing: hacs Different RateAudioSampleItem 48000, 16000 in operator==() AudioSample.hpp:145
09-07 14:28:11.712   512 13158 I HarmanHal.Routing: hacs SRC rate=48000, format=3, channels=6 in configure() AudioConversion.cpp:122
09-07 14:28:11.712   512   775 D AudioProcessing: [sseSetScenario] [handle 0xbc80d90][type 0]
09-07 14:28:11.712   512 13158 I HarmanHal.Routing: hacs DST rate=16000, format=3, channels=6 in configure() AudioConversion.cpp:123
09-07 14:28:11.713   512   775 D AudioProcessing: [sseSetScenario] adtm  print enable [0]
09-07 14:28:11.713   512   775 I AudioProcessing: [sseSetScenario] phase -2 - sseInitialize successful .
09-07 14:28:11.713   512 13158 I HarmanHal.Routing: hacs id(197672144) bufferNum(3) in createRingBuffer() RingBufferManager.cpp:105
09-07 14:28:11.713   512 13158 I HarmanHal.Routing: hacs channels(6) frames(384) bufferNum(3) mIsInitialized(0) in initialize() RingBuffer.cpp:412
09-07 14:28:11.713   512 13158 I HarmanHal.Routing: hacs format = 3, in_sample_rate = 48000, out_sample_rate = 16000, max_channel_num = 6, max_sample_num = 384 mRingBufferSize = 256 in configure_deinterleave() AudioResampler.cpp:210
09-07 14:28:11.713   512 13158 I AudioProcessing: [SRC_Create] src wrapper version is 1.0.0.
09-07 14:28:11.714   512 13158 I HarmanHal.Routing: hacs mAudioConverter[2] = 0xb40000760bc83cd0 in doConfigureAndAddConverter() AudioConversion.cpp:273
09-07 14:28:11.714   512 13158 I HarmanHal.Routing: hacs SUCCESS in configure() AudioConversion.cpp:137
09-07 14:28:11.714   512 13158 I HarmanHal.Routing: hacs id(734518064) for new buffer, type = 2 in createRingBuffer() RingBufferManager.cpp:32
09-07 14:28:11.715   512 13158 I HarmanHal.Routing: hacs channels(24) frames(768) bufferNum(3) mIsInitialized(0) in initialize() RingBuffer.cpp:412
09-07 14:28:11.715   530   602 E NetlinkEvent: NetlinkEvent::FindParam(): Parameter 'PRODUCT' not found
09-07 14:28:11.713   512   775 I AudioProcessing: Transp_Mode_State process command 0x227d result 0
09-07 14:28:11.715   530   602 E NetlinkEvent: NetlinkEvent::FindParam(): Parameter 'DEVNAME' not found
09-07 14:28:11.715   530   602 E NetlinkEvent: NetlinkEvent::FindParam(): Parameter 'INTERFACE' not found
09-07 14:28:11.715   512   775 D AudioProcessing: commandExecuteCallback:INPUT PARS:pThis:0x0x75382f2f18, commandId:0x227d, sessionId:0x1, exeResult:0x3826c574.
09-07 14:28:11.715   512   775 I HarmanAudioControl: hacs OnCmdCallBack returned:sessionId:1 result:0 in onAudioProcessing() EcnrAudioRouter.cpp:51
09-07 14:28:11.715   512   775 D AudioProcessing: EB_AspControl:e_AC_Destination:0, e_Asp_Module:45, e_Msg_Destination:0, now 1.
09-07 14:28:11.715   512   775 D AudioProcessing: EB_AspControl:Session_ID:0x1, Cmd_ID:0x227d, Cmd_Type:0xc, InstID(Zone number):0x0.
09-07 14:28:11.715   512   775 D AudioProcessing: EB_AspControl:Length:9.
09-07 14:28:11.715   512   775 I AudioProcessing: == EB_AspControl finish ==
09-07 14:28:11.715   512   775 I HarmanAudioControl: hacs dataId=0x50000 in getReply() EcnrAcProtocol.cpp:273
09-07 14:28:11.715   512   775 I HarmanAudioControl: hacs getVersion e_AC_Destination=0x0,e_Msg_Destination=0x4,e_Asp_Module=0x2d,    x_AM_Params.[Session_ID=0x2,Cmd_ID=0x227f,Cmd_Type=0x1,InstID=0x0,Length=0x6] in printACCIParser() EcnrAcProtocol.cpp:32
09-07 14:28:11.715   512   775 I HarmanAudioControl: hacs getVersionx_AM_Params.Data - 0x0,0x0,0x0,0x0,0x0,0x0, in printACCIParser() EcnrAcProtocol.cpp:39
09-07 14:28:11.715   512   775 I HarmanAudioControl: hacs mSessionId=2, instanceId=0x271c, buf_size=280 in sendCmd() EcnrAudioRouter.cpp:268
09-07 14:28:11.715   512   775 D AudioProcessing: EB_AspControl:e_AC_Destination:0, e_Asp_Module:45, e_Msg_Destination:4, now 1.
09-07 14:28:11.715   512   775 D AudioProcessing: EB_AspControl:Session_ID:0x2, Cmd_ID:0x227f, Cmd_Type:0x1, InstID(Zone number):0x0.
09-07 14:28:11.715   512   775 D AudioProcessing: EB_AspControl:Length:6.
09-07 14:28:11.715   512 13133 I HarmanHal.Routing: hacs Enable ADTM print for alsa node(pcmMicRefIn_c) in printADTM() PcmAlsaWrapper.cpp:831
09-07 14:28:11.715   531   595 E NetlinkEvent: NetlinkEvent::FindParam(): Parameter 'dual_role_usb' not found
09-07 14:28:11.715   512   775 D AudioProcessing: EB_AspControl:x_A_Params.Data[0]:0x0
09-07 14:28:11.715   512   775 D AudioProcessing: EB_AspControl:x_A_Params.Data[1]:0x0
09-07 14:28:11.715   512   775 D AudioProcessing: EB_AspControl:x_A_Params.Data[2]:0x0
09-07 14:28:11.715   512   775 D AudioProcessing: EB_AspControl:x_A_Params.Data[3]:0x0
09-07 14:28:11.715   512   775 D AudioProcessing: EB_AspControl:x_A_Params.Data[4]:0x0
09-07 14:28:11.715   512   775 D AudioProcessing: EB_AspControl:x_A_Params.Data[5]:0x0
09-07 14:28:11.715   531   595 E NetlinkEvent: NetlinkEvent::FindParam(): Parameter 'OVER_CURRENT_PORT' not found
09-07 14:28:11.715   512   775 I AudioProcessing: [sseGetVersionInfo] handle:0x0xb40000760bc80d90, Current version :4.9.0
09-07 14:28:11.715   512   775 I AudioProcessing: Transp_Mode_State process command 0x227f result 0
09-07 14:28:11.716   512   775 D AudioProcessing: commandExecuteCallback:INPUT PARS:pThis:0x0x75382f2f18, commandId:0x227f, sessionId:0x2, exeResult:0x3826c544.
09-07 14:28:11.716   512   775 I HarmanAudioControl: hacs OnCmdCallBack returned:sessionId:2 result:0 in onAudioProcessing() EcnrAudioRouter.cpp:51
09-07 14:28:11.716   531   595 E NetlinkEvent: NetlinkEvent::FindParam(): Parameter 'UNRECOGNIZED_USB_DEVICE_ON_PORT' not found
09-07 14:28:11.716   512   775 D AudioProcessing: EB_AspControl:e_AC_Destination:0, e_Asp_Module:45, e_Msg_Destination:0, now 1.
09-07 14:28:11.716   512   775 D AudioProcessing: EB_AspControl:Session_ID:0x2, Cmd_ID:0x227f, Cmd_Type:0xc, InstID(Zone number):0x0.
09-07 14:28:11.716   512   775 D AudioProcessing: EB_AspControl:Length:6.
09-07 14:28:11.716   512   775 I AudioProcessing: == EB_AspControl finish ==
09-07 14:28:11.716   512   775 I HarmanAudioControl: hacs AudioProcessing Plugin version:1.1.0,SSE version:4.9.0 in getReply() EcnrAcProtocol.cpp:260
09-07 14:28:11.716   512   775 I HarmanAudioControl: hacs getAecActive e_AC_Destination=0x0,e_Msg_Destination=0x4,e_Asp_Module=0x2d,    x_AM_Params.[Session_ID=0x3,Cmd_ID=0x227c,Cmd_Type=0x1,InstID=0x0,Length=0x11] in printACCIParser() EcnrAcProtocol.cpp:32
09-07 14:28:11.716   512   775 I HarmanAudioControl: hacs getAecActivex_AM_Params.Data - 0x1,0xf0,0xc5,0xa3,0xda,0x0,0x0,0x0,0x0,0x0,0x0,0x0,0x4,0x0,0x0,0x0,0x0, in printACCIParser() EcnrAcProtocol.cpp:39
09-07 14:28:11.716   512   775 I HarmanAudioControl: hacs mSessionId=3, instanceId=0x271c, buf_size=280 in sendCmd() EcnrAudioRouter.cpp:268
09-07 14:28:11.716   512   775 D AudioProcessing: EB_AspControl:e_AC_Destination:0, e_Asp_Module:45, e_Msg_Destination:4, now 1.
09-07 14:28:11.716   512   775 D AudioProcessing: EB_AspControl:Session_ID:0x3, Cmd_ID:0x227c, Cmd_Type:0x1, InstID(Zone number):0x0.
09-07 14:28:11.716   512   775 D AudioProcessing: EB_AspControl:Length:17.
09-07 14:28:11.716   512   775 D AudioProcessing: EB_AspControl:x_A_Params.Data[0]:0x1
09-07 14:28:11.716   512   775 D AudioProcessing: EB_AspControl:x_A_Params.Data[1]:0xf0
09-07 14:28:11.716   512   775 D AudioProcessing: EB_AspControl:x_A_Params.Data[2]:0xc5
09-07 14:28:11.716   512   775 D AudioProcessing: EB_AspControl:x_A_Params.Data[3]:0xa3
09-07 14:28:11.716   512   775 D AudioProcessing: EB_AspControl:x_A_Params.Data[4]:0xda
09-07 14:28:11.716   512   775 D AudioProcessing: EB_AspControl:x_A_Params.Data[5]:0x0
09-07 14:28:11.716   512   775 D AudioProcessing: EB_AspControl:x_A_Params.Data[6]:0x0
09-07 14:28:11.716   512   775 D AudioProcessing: EB_AspControl:x_A_Params.Data[7]:0x0
09-07 14:28:11.716   512   775 D AudioProcessing: EB_AspControl:x_A_Params.Data[8]:0x0
09-07 14:28:11.716   512   775 D AudioProcessing: EB_AspControl:x_A_Params.Data[9]:0x0
09-07 14:28:11.716   512   775 D AudioProcessing: EB_AspControl:x_A_Params.Data[10]:0x0
09-07 14:28:11.716   512   775 D AudioProcessing: EB_AspControl:x_A_Params.Data[11]:0x0
09-07 14:28:11.716   512   775 D AudioProcessing: EB_AspControl:x_A_Params.Data[12]:0x4
09-07 14:28:11.716   512   775 D AudioProcessing: EB_AspControl:x_A_Params.Data[13]:0x0
09-07 14:28:11.716   512   775 D AudioProcessing: EB_AspControl:x_A_Params.Data[14]:0x0
09-07 14:28:11.716   512   775 D AudioProcessing: EB_AspControl:x_A_Params.Data[15]:0x0
09-07 14:28:11.716   512   775 D AudioProcessing: EB_AspControl:x_A_Params.Data[16]:0x0
09-07 14:28:11.716   512   775 D AudioProcessing: [sseGetDataParameter->sseGetData] DataID[0xf0c5a3da]
09-07 14:28:11.716   512   775 D AudioProcessing: [sseGetDataParameter->sseGetData] iChannel[0]
09-07 14:28:11.716   512   775 D AudioProcessing: [sseGetDataParameter->sseGetData] puSize[4]
09-07 14:28:11.716   512   775 D AudioProcessing: [sseGetDataParameter->sseGetData] i is 0, p[i] is 0
09-07 14:28:11.716   512   775 I AudioProcessing: sseGetDataParameter->sseGetData finish
09-07 14:28:11.716   512   775 I AudioProcessing: Transp_Mode_State process command 0x227c result 0
09-07 14:28:11.716   512   775 D AudioProcessing: commandExecuteCallback:INPUT PARS:pThis:0x0x75382f2f18, commandId:0x227c, sessionId:0x3, exeResult:0x3826c4c4.
09-07 14:28:11.716   512   775 I HarmanAudioControl: hacs OnCmdCallBack returned:sessionId:3 result:0 in onAudioProcessing() EcnrAudioRouter.cpp:51
09-07 14:28:11.716   512   775 D AudioProcessing: EB_AspControl:e_AC_Destination:0, e_Asp_Module:45, e_Msg_Destination:0, now 1.
09-07 14:28:11.716   512   775 D AudioProcessing: EB_AspControl:Session_ID:0x3, Cmd_ID:0x227c, Cmd_Type:0xc, InstID(Zone number):0x0.
09-07 14:28:11.716   512   775 D AudioProcessing: EB_AspControl:Length:17.
09-07 14:28:11.716   512   775 I AudioProcessing: == EB_AspControl finish ==
09-07 14:28:11.716   512   775 I HarmanAudioControl: hacs dataId=0xf0c5a3da in getReply() EcnrAcProtocol.cpp:273
09-07 14:28:11.716   512   775 I HarmanAudioControl: hacs data=1 in getReply() EcnrAcProtocol.cpp:286
09-07 14:28:11.716   512   775 I HarmanAudioControl: hacs getRefAnaLatency e_AC_Destination=0x0,e_Msg_Destination=0x4,e_Asp_Module=0x2d,    x_AM_Params.[Session_ID=0x4,Cmd_ID=0x227c,Cmd_Type=0x1,InstID=0x0,Length=0x11] in printACCIParser() EcnrAcProtocol.cpp:32
09-07 14:28:11.716   512   775 I HarmanAudioControl: hacs getRefAnaLatencyx_AM_Params.Data - 0x1,0xf2,0x43,0x80,0x4c,0x0,0x0,0x0,0x0,0x0,0x0,0x0,0x4,0x0,0x0,0x0,0x0, in printACCIParser() EcnrAcProtocol.cpp:39
09-07 14:28:11.716   512   775 I HarmanAudioControl: hacs mSessionId=4, instanceId=0x271c, buf_size=280 in sendCmd() EcnrAudioRouter.cpp:268
09-07 14:28:11.716   512   775 D AudioProcessing: EB_AspControl:e_AC_Destination:0, e_Asp_Module:45, e_Msg_Destination:4, now 1.
09-07 14:28:11.716   512   775 D AudioProcessing: EB_AspControl:Session_ID:0x4, Cmd_ID:0x227c, Cmd_Type:0x1, InstID(Zone number):0x0.
09-07 14:28:11.716   512   775 D AudioProcessing: EB_AspControl:Length:17.
09-07 14:28:11.716   512   775 D AudioProcessing: EB_AspControl:x_A_Params.Data[0]:0x1
09-07 14:28:11.716   512   775 D AudioProcessing: EB_AspControl:x_A_Params.Data[1]:0xf2
09-07 14:28:11.716   512   775 D AudioProcessing: EB_AspControl:x_A_Params.Data[2]:0x43
09-07 14:28:11.716   512   775 D AudioProcessing: EB_AspControl:x_A_Params.Data[3]:0x80
09-07 14:28:11.716   512   775 D AudioProcessing: EB_AspControl:x_A_Params.Data[4]:0x4c
09-07 14:28:11.716   512   775 D AudioProcessing: EB_AspControl:x_A_Params.Data[5]:0x0
09-07 14:28:11.716   512   775 D AudioProcessing: EB_AspControl:x_A_Params.Data[6]:0x0
09-07 14:28:11.716   512   775 D AudioProcessing: EB_AspControl:x_A_Params.Data[7]:0x0
09-07 14:28:11.716   512   775 D AudioProcessing: EB_AspControl:x_A_Params.Data[8]:0x0
09-07 14:28:11.716   512   775 D AudioProcessing: EB_AspControl:x_A_Params.Data[9]:0x0
09-07 14:28:11.716   512   775 D AudioProcessing: EB_AspControl:x_A_Params.Data[10]:0x0
09-07 14:28:11.716   512   775 D AudioProcessing: EB_AspControl:x_A_Params.Data[11]:0x0
09-07 14:28:11.716   512   775 D AudioProcessing: EB_AspControl:x_A_Params.Data[12]:0x4
09-07 14:28:11.716   512   775 D AudioProcessing: EB_AspControl:x_A_Params.Data[13]:0x0
09-07 14:28:11.716   512   775 D AudioProcessing: EB_AspControl:x_A_Params.Data[14]:0x0
09-07 14:28:11.716   512   775 D AudioProcessing: EB_AspControl:x_A_Params.Data[15]:0x0
09-07 14:28:11.716   512   775 D AudioProcessing: EB_AspControl:x_A_Params.Data[16]:0x0
09-07 14:28:11.716   512   775 D AudioProcessing: [sseGetDataParameter->sseGetData] DataID[0xf243804c]
09-07 14:28:11.716   512   775 D AudioProcessing: [sseGetDataParameter->sseGetData] iChannel[0]
09-07 14:28:11.716   512   775 D AudioProcessing: [sseGetDataParameter->sseGetData] puSize[4]
09-07 14:28:11.716   512   775 D AudioProcessing: [sseGetDataParameter->sseGetData] i is 0, p[i] is 0
09-07 14:28:11.716   512   775 I AudioProcessing: sseGetDataParameter->sseGetData finish
09-07 14:28:11.716   512   775 I AudioProcessing: Transp_Mode_State process command 0x227c result 0
09-07 14:28:11.716   512   775 D AudioProcessing: commandExecuteCallback:INPUT PARS:pThis:0x0x75382f2f18, commandId:0x227c, sessionId:0x4, exeResult:0x3826c3e4.
09-07 14:28:11.716   512   775 I HarmanAudioControl: hacs OnCmdCallBack returned:sessionId:4 result:0 in onAudioProcessing() EcnrAudioRouter.cpp:51
09-07 14:28:11.716   512   775 D AudioProcessing: EB_AspControl:e_AC_Destination:0, e_Asp_Module:45, e_Msg_Destination:0, now 1.
09-07 14:28:11.716   512   775 D AudioProcessing: EB_AspControl:Session_ID:0x4, Cmd_ID:0x227c, Cmd_Type:0xc, InstID(Zone number):0x0.
09-07 14:28:11.716   512   775 D AudioProcessing: EB_AspControl:Length:17.
09-07 14:28:11.716   512   775 I AudioProcessing: == EB_AspControl finish ==
09-07 14:28:11.716   512   775 I HarmanAudioControl: hacs dataId=0xf243804c in getReply() EcnrAcProtocol.cpp:273
09-07 14:28:11.716   512   775 I HarmanAudioControl: hacs data=0 in getReply() EcnrAcProtocol.cpp:286
09-07 14:28:11.716   512   775 I HarmanAudioControl: hacs getNrFloorGeneralFloor e_AC_Destination=0x0,e_Msg_Destination=0x4,e_Asp_Module=0x2d,    x_AM_Params.[Session_ID=0x5,Cmd_ID=0x227c,Cmd_Type=0x1,InstID=0x0,Length=0x11] in printACCIParser() EcnrAcProtocol.cpp:32
09-07 14:28:11.717   512   775 I HarmanAudioControl: hacs getNrFloorGeneralFloorx_AM_Params.Data - 0x1,0x4,0x1,0xb0,0x40,0x0,0x0,0x0,0x0,0x0,0x0,0x0,0x4,0x0,0x0,0x0,0x0, in printACCIParser() EcnrAcProtocol.cpp:39
09-07 14:28:11.717   512   775 I HarmanAudioControl: hacs mSessionId=5, instanceId=0x271c, buf_size=280 in sendCmd() EcnrAudioRouter.cpp:268
09-07 14:28:11.717   512   775 D AudioProcessing: EB_AspControl:e_AC_Destination:0, e_Asp_Module:45, e_Msg_Destination:4, now 1.
09-07 14:28:11.717   512   775 D AudioProcessing: EB_AspControl:Session_ID:0x5, Cmd_ID:0x227c, Cmd_Type:0x1, InstID(Zone number):0x0.
09-07 14:28:11.717   512   775 D AudioProcessing: EB_AspControl:Length:17.
09-07 14:28:11.717   512   775 D AudioProcessing: EB_AspControl:x_A_Params.Data[0]:0x1
09-07 14:28:11.717   512   775 D AudioProcessing: EB_AspControl:x_A_Params.Data[1]:0x4
09-07 14:28:11.717   512   775 D AudioProcessing: EB_AspControl:x_A_Params.Data[2]:0x1
09-07 14:28:11.717   512   775 D AudioProcessing: EB_AspControl:x_A_Params.Data[3]:0xb0
09-07 14:28:11.717   512   775 D AudioProcessing: EB_AspControl:x_A_Params.Data[4]:0x40
09-07 14:28:11.717   512   775 D AudioProcessing: EB_AspControl:x_A_Params.Data[5]:0x0
09-07 14:28:11.717   512   775 D AudioProcessing: EB_AspControl:x_A_Params.Data[6]:0x0
09-07 14:28:11.717   512   775 D AudioProcessing: EB_AspControl:x_A_Params.Data[7]:0x0
09-07 14:28:11.717   512   775 D AudioProcessing: EB_AspControl:x_A_Params.Data[8]:0x0
09-07 14:28:11.717   512   775 D AudioProcessing: EB_AspControl:x_A_Params.Data[9]:0x0
09-07 14:28:11.717   512   775 D AudioProcessing: EB_AspControl:x_A_Params.Data[10]:0x0
09-07 14:28:11.717   512   775 D AudioProcessing: EB_AspControl:x_A_Params.Data[11]:0x0
09-07 14:28:11.717   512   775 D AudioProcessing: EB_AspControl:x_A_Params.Data[12]:0x4
09-07 14:28:11.717   512   775 D AudioProcessing: EB_AspControl:x_A_Params.Data[13]:0x0
09-07 14:28:11.717   512   775 D AudioProcessing: EB_AspControl:x_A_Params.Data[14]:0x0
09-07 14:28:11.717   512   775 D AudioProcessing: EB_AspControl:x_A_Params.Data[15]:0x0
09-07 14:28:11.717   512   775 D AudioProcessing: EB_AspControl:x_A_Params.Data[16]:0x0
09-07 14:28:11.717   512   775 D AudioProcessing: [sseGetDataParameter->sseGetData] DataID[0x401b040]
09-07 14:28:11.717   512   775 D AudioProcessing: [sseGetDataParameter->sseGetData] iChannel[0]
09-07 14:28:11.717   512   775 D AudioProcessing: [sseGetDataParameter->sseGetData] puSize[4]
09-07 14:28:11.717   512   775 D AudioProcessing: [sseGetDataParameter->sseGetData] i is 0, p[i] is 0
09-07 14:28:11.717   512   775 I AudioProcessing: sseGetDataParameter->sseGetData finish
09-07 14:28:11.717   512   775 I AudioProcessing: Transp_Mode_State process command 0x227c result 0
09-07 14:28:11.717   512   775 D AudioProcessing: commandExecuteCallback:INPUT PARS:pThis:0x0x75382f2f18, commandId:0x227c, sessionId:0x5, exeResult:0x3826c4c4.
09-07 14:28:11.717   512   775 I HarmanAudioControl: hacs OnCmdCallBack returned:sessionId:5 result:0 in onAudioProcessing() EcnrAudioRouter.cpp:51
09-07 14:28:11.717   512   775 D AudioProcessing: EB_AspControl:e_AC_Destination:0, e_Asp_Module:45, e_Msg_Destination:0, now 1.
09-07 14:28:11.717   512   775 D AudioProcessing: EB_AspControl:Session_ID:0x5, Cmd_ID:0x227c, Cmd_Type:0xc, InstID(Zone number):0x0.
09-07 14:28:11.717   512   775 D AudioProcessing: EB_AspControl:Length:17.
09-07 14:28:11.717   512   775 I AudioProcessing: == EB_AspControl finish ==
09-07 14:28:11.717   512   775 I HarmanAudioControl: hacs dataId=0x401b040 in getReply() EcnrAcProtocol.cpp:273
09-07 14:28:11.717   512   775 I HarmanAudioControl: hacs data=-1000 in getReply() EcnrAcProtocol.cpp:286
09-07 14:28:11.717   512   775 I HarmanAudioControl: hacs getSuppressionDisable e_AC_Destination=0x0,e_Msg_Destination=0x4,e_Asp_Module=0x2d,    x_AM_Params.[Session_ID=0x6,Cmd_ID=0x227c,Cmd_Type=0x1,InstID=0x0,Length=0x11] in printACCIParser() EcnrAcProtocol.cpp:32
09-07 14:28:11.717   512   775 I HarmanAudioControl: hacs getSuppressionDisablex_AM_Params.Data - 0x1,0xd,0xe9,0x38,0x88,0x0,0x0,0x0,0x0,0x0,0x0,0x0,0x4,0x0,0x0,0x0,0x0, in printACCIParser() EcnrAcProtocol.cpp:39
09-07 14:28:11.717   512   775 I HarmanAudioControl: hacs mSessionId=6, instanceId=0x271c, buf_size=280 in sendCmd() EcnrAudioRouter.cpp:268
09-07 14:28:11.717   512   775 D AudioProcessing: EB_AspControl:e_AC_Destination:0, e_Asp_Module:45, e_Msg_Destination:4, now 1.
09-07 14:28:11.717   512   775 D AudioProcessing: EB_AspControl:Session_ID:0x6, Cmd_ID:0x227c, Cmd_Type:0x1, InstID(Zone number):0x0.
09-07 14:28:11.717   512   775 D AudioProcessing: EB_AspControl:Length:17.
09-07 14:28:11.717   512   775 D AudioProcessing: EB_AspControl:x_A_Params.Data[0]:0x1
09-07 14:28:11.717   512   775 D AudioProcessing: EB_AspControl:x_A_Params.Data[1]:0xd
09-07 14:28:11.717   512   775 D AudioProcessing: EB_AspControl:x_A_Params.Data[2]:0xe9
09-07 14:28:11.717   512   775 D AudioProcessing: EB_AspControl:x_A_Params.Data[3]:0x38
09-07 14:28:11.717   512   775 D AudioProcessing: EB_AspControl:x_A_Params.Data[4]:0x88
09-07 14:28:11.717   512   775 D AudioProcessing: EB_AspControl:x_A_Params.Data[5]:0x0
09-07 14:28:11.717   512   775 D AudioProcessing: EB_AspControl:x_A_Params.Data[6]:0x0
09-07 14:28:11.717   512   775 D AudioProcessing: EB_AspControl:x_A_Params.Data[7]:0x0
09-07 14:28:11.717   512   775 D AudioProcessing: EB_AspControl:x_A_Params.Data[8]:0x0
09-07 14:28:11.717   512   775 D AudioProcessing: EB_AspControl:x_A_Params.Data[9]:0x0
09-07 14:28:11.717   512   775 D AudioProcessing: EB_AspControl:x_A_Params.Data[10]:0x0
09-07 14:28:11.717   512   775 D AudioProcessing: EB_AspControl:x_A_Params.Data[11]:0x0
09-07 14:28:11.717   512   775 D AudioProcessing: EB_AspControl:x_A_Params.Data[12]:0x4
09-07 14:28:11.717   512   775 D AudioProcessing: EB_AspControl:x_A_Params.Data[13]:0x0
09-07 14:28:11.717   512   775 D AudioProcessing: EB_AspControl:x_A_Params.Data[14]:0x0
09-07 14:28:11.717   512   775 D AudioProcessing: EB_AspControl:x_A_Params.Data[15]:0x0
09-07 14:28:11.717   512   775 D AudioProcessing: EB_AspControl:x_A_Params.Data[16]:0x0
09-07 14:28:11.717   512   775 D AudioProcessing: [sseGetDataParameter->sseGetData] DataID[0xde93888]
09-07 14:28:11.717   512   775 D AudioProcessing: [sseGetDataParameter->sseGetData] iChannel[0]
09-07 14:28:11.717   512   775 D AudioProcessing: [sseGetDataParameter->sseGetData] puSize[4]
09-07 14:28:11.717   512   775 D AudioProcessing: [sseGetDataParameter->sseGetData] i is 0, p[i] is 0
09-07 14:28:11.717   512   775 I AudioProcessing: sseGetDataParameter->sseGetData finish
09-07 14:28:11.717   512   775 I AudioProcessing: Transp_Mode_State process command 0x227c result 0
09-07 14:28:11.717   512   775 D AudioProcessing: commandExecuteCallback:INPUT PARS:pThis:0x0x75382f2f18, commandId:0x227c, sessionId:0x6, exeResult:0x3826c3e4.
09-07 14:28:11.717   512   775 I HarmanAudioControl: hacs OnCmdCallBack returned:sessionId:6 result:0 in onAudioProcessing() EcnrAudioRouter.cpp:51
09-07 14:28:11.717   512   775 D AudioProcessing: EB_AspControl:e_AC_Destination:0, e_Asp_Module:45, e_Msg_Destination:0, now 1.
09-07 14:28:11.717   512   775 D AudioProcessing: EB_AspControl:Session_ID:0x6, Cmd_ID:0x227c, Cmd_Type:0xc, InstID(Zone number):0x0.
09-07 14:28:11.717   512   775 D AudioProcessing: EB_AspControl:Length:17.
09-07 14:28:11.717   512   775 I AudioProcessing: == EB_AspControl finish ==
09-07 14:28:11.717   512   775 I HarmanAudioControl: hacs dataId=0xde93888 in getReply() EcnrAcProtocol.cpp:273
09-07 14:28:11.717   512   775 I HarmanAudioControl: hacs data=0 in getReply() EcnrAcProtocol.cpp:286
09-07 14:28:11.717   512   775 I HarmanAudioControl: hacs getMultiChannelBypass e_AC_Destination=0x0,e_Msg_Destination=0x4,e_Asp_Module=0x2d,    x_AM_Params.[Session_ID=0x7,Cmd_ID=0x227c,Cmd_Type=0x1,InstID=0x0,Length=0x11] in printACCIParser() EcnrAcProtocol.cpp:32
09-07 14:28:11.717   512   775 I HarmanAudioControl: hacs getMultiChannelBypassx_AM_Params.Data - 0x1,0xe7,0x58,0xa9,0xe1,0x0,0x0,0x0,0x0,0x0,0x0,0x0,0x4,0x0,0x0,0x0,0x0, in printACCIParser() EcnrAcProtocol.cpp:39
09-07 14:28:11.717   512   775 I HarmanAudioControl: hacs mSessionId=7, instanceId=0x271c, buf_size=280 in sendCmd() EcnrAudioRouter.cpp:268
09-07 14:28:11.717   512   775 D AudioProcessing: EB_AspControl:e_AC_Destination:0, e_Asp_Module:45, e_Msg_Destination:4, now 1.
09-07 14:28:11.717   512   775 D AudioProcessing: EB_AspControl:Session_ID:0x7, Cmd_ID:0x227c, Cmd_Type:0x1, InstID(Zone number):0x0.
09-07 14:28:11.717   512   775 D AudioProcessing: EB_AspControl:Length:17.
09-07 14:28:11.717   512   775 D AudioProcessing: EB_AspControl:x_A_Params.Data[0]:0x1
09-07 14:28:11.717   512   775 D AudioProcessing: EB_AspControl:x_A_Params.Data[1]:0xe7
09-07 14:28:11.717   512 13158 I HarmanHal.Routing: hacs owner(connected_module_for_btcall_ul) success to create a buffer: type = 1, interleaved = 0 in getRingBuffer() AudioPort.cpp:607
09-07 14:28:11.717   512   775 D AudioProcessing: EB_AspControl:x_A_Params.Data[2]:0x58
09-07 14:28:11.717   512   775 D AudioProcessing: EB_AspControl:x_A_Params.Data[3]:0xa9
09-07 14:28:11.717   512   775 D AudioProcessing: EB_AspControl:x_A_Params.Data[4]:0xe1
09-07 14:28:11.717   512   775 D AudioProcessing: EB_AspControl:x_A_Params.Data[5]:0x0
09-07 14:28:11.717   512   775 D AudioProcessing: EB_AspControl:x_A_Params.Data[6]:0x0
09-07 14:28:11.717   512   775 D AudioProcessing: EB_AspControl:x_A_Params.Data[7]:0x0
09-07 14:28:11.717   512   775 D AudioProcessing: EB_AspControl:x_A_Params.Data[8]:0x0
09-07 14:28:11.718   512   775 D AudioProcessing: EB_AspControl:x_A_Params.Data[9]:0x0
09-07 14:28:11.718   512   775 D AudioProcessing: EB_AspControl:x_A_Params.Data[10]:0x0
09-07 14:28:11.718   512   775 D AudioProcessing: EB_AspControl:x_A_Params.Data[11]:0x0
09-07 14:28:11.718   512   775 D AudioProcessing: EB_AspControl:x_A_Params.Data[12]:0x4
09-07 14:28:11.718   512   775 D AudioProcessing: EB_AspControl:x_A_Params.Data[13]:0x0
09-07 14:28:11.718   512   775 D AudioProcessing: EB_AspControl:x_A_Params.Data[14]:0x0
09-07 14:28:11.718   512   775 D AudioProcessing: EB_AspControl:x_A_Params.Data[15]:0x0
09-07 14:28:11.718   512   775 D AudioProcessing: EB_AspControl:x_A_Params.Data[16]:0x0
09-07 14:28:11.718   512   775 D AudioProcessing: [sseGetDataParameter->sseGetData] DataID[0xe758a9e1]
09-07 14:28:11.718   512   775 D AudioProcessing: [sseGetDataParameter->sseGetData] iChannel[0]
09-07 14:28:11.718   512   775 D AudioProcessing: [sseGetDataParameter->sseGetData] puSize[4]
09-07 14:28:11.718   512   775 D AudioProcessing: [sseGetDataParameter->sseGetData] i is 0, p[i] is 0
09-07 14:28:11.718   512   775 I AudioProcessing: sseGetDataParameter->sseGetData finish
09-07 14:28:11.718   512   775 I AudioProcessing: Transp_Mode_State process command 0x227c result 0
09-07 14:28:11.718   512   775 D AudioProcessing: commandExecuteCallback:INPUT PARS:pThis:0x0x75382f2f18, commandId:0x227c, sessionId:0x7, exeResult:0x3826c3e4.
09-07 14:28:11.718   512   775 I HarmanAudioControl: hacs OnCmdCallBack returned:sessionId:7 result:0 in onAudioProcessing() EcnrAudioRouter.cpp:51
09-07 14:28:11.718   512   775 D AudioProcessing: EB_AspControl:e_AC_Destination:0, e_Asp_Module:45, e_Msg_Destination:0, now 1.
09-07 14:28:11.718   512   775 D AudioProcessing: EB_AspControl:Session_ID:0x7, Cmd_ID:0x227c, Cmd_Type:0xc, InstID(Zone number):0x0.
09-07 14:28:11.718   512   775 D AudioProcessing: EB_AspControl:Length:17.
09-07 14:28:11.718   512   775 I AudioProcessing: == EB_AspControl finish ==
09-07 14:28:11.718   512   775 I HarmanAudioControl: hacs dataId=0xe758a9e1 in getReply() EcnrAcProtocol.cpp:273
09-07 14:28:11.718   512   775 I HarmanAudioControl: hacs data=1 in getReply() EcnrAcProtocol.cpp:286
09-07 14:28:11.718   512   775 I HarmanAudioControl: hacs scenario: 2MIC_Handsfree_BT_Tel_WB_DL, status: true in setEcnrScenarioStatus() EcnrPluginImp.cpp:484
09-07 14:28:11.718   512   775 I HarmanAudioControl: hacs createRoutingPath (2MIC_Handsfree_BT_Tel_WB_DL-Bt_Downlink_16k) in createRoutingPath() EcnrAudioRouter.cpp:99
09-07 14:28:11.718   512   775 I HarmanHal.Routing: hacs cmdString(Bt_Downlink_16k) start in createRoutingPath() AudioRoutingManager.cpp:302
09-07 14:28:11.718   512   775 I HarmanHal.Routing: hacs module(bt_loopback_dl): input port(0xb40000762bc85510) in createModule() ModuleFactory.cpp:162
09-07 14:28:11.718   512   775 I HarmanHal.Routing: hacs module(bt_loopback_dl): output port(0xb40000762bc8cef0) in createModule() ModuleFactory.cpp:194
09-07 14:28:11.718   512   775 I HarmanHal.Routing: hacs module(bt_loopback_dl) uuid(30005) : successful to get in getModuleById() ModuleFactory.cpp:86
09-07 14:28:11.718   512   775 I HarmanHal.Routing: hacs no name(pcmHfp_dl_p) handler created bedore, creating a new instance now in getPcmHandlerByName() PcmHandlerFactory.cpp:282
09-07 14:28:11.718   512   775 I HarmanHal.Routing: hacs new handler(pcmHfp_dl_p) direction(2) start in createPcmHandler() PcmHandlerFactory.cpp:302
09-07 14:28:11.718   512   775 I HarmanHal.Routing: hacs pcmHfp_dl_p sample_rate(48000) num_channles(1) bitwidth(3) periodSize(384) periodCount(3) channel_map(0) this(0xb40000761bcaa720) in setAlsaAudioParams() PcmHandler.cpp:104
09-07 14:28:11.718   512   775 I HarmanHal.Routing: hacs no name(pcmBtHfp_dl_pre_c) handler created bedore, creating a new instance now in getPcmHandlerByName() PcmHandlerFactory.cpp:282
09-07 14:28:11.718   512   775 I HarmanHal.Routing: hacs new handler(pcmBtHfp_dl_pre_c) direction(1) start in createPcmHandler() PcmHandlerFactory.cpp:302
09-07 14:28:11.718   512   775 I HarmanHal.Routing: hacs pcmBtHfp_dl_pre_c sample_rate(16000) num_channles(1) bitwidth(3) periodSize(128) periodCount(3) channel_map(0) this(0xb40000761bca8910) in setAlsaAudioParams() PcmHandler.cpp:104
09-07 14:28:11.719   512   775 I HarmanHal.Routing: hacs module(sse_bt_call_dl): input port(0xb40000762bc8afb0) in createModule() ModuleFactory.cpp:162
09-07 14:28:11.719   512   775 I HarmanHal.Routing: hacs module(sse_bt_call_dl): output port(0xb40000762bc8d530) in createModule() ModuleFactory.cpp:194
09-07 14:28:11.719   512   775 I HarmanHal.Routing: hacs module(sse_bt_call_dl) uuid(10010) : successful to get in getModuleById() ModuleFactory.cpp:86
09-07 14:28:11.719   512   775 I HarmanHal.Routing: hacs uuid = 10010 in createAPModuleObject() AudioProcessingManager.cpp:50
09-07 14:28:11.719   512   775 I HarmanHal.Routing: hacs input/output =0, chmaps[0], chanIdx = 0, nChan = 1 in createAudioProcessingInstance() AudioProcessingModule.cpp:111
09-07 14:28:11.719   512   775 I HarmanHal.Routing: hacs input/output =1, chmaps[1], chanIdx = 0, nChan = 1 in createAudioProcessingInstance() AudioProcessingModule.cpp:111
09-07 14:28:11.719   512   775 I HarmanHal.Routing: hacs open audioprocessing lib /vendor/lib64/libaudioprocessingplugin-sse.so in AudioProcessingPluginLib() AudioProcessingModule.cpp:40
09-07 14:28:11.720   512   775 D AudioProcessing: [EB_AudioProcessing_Create] AudioProcessingPlugin(SSE) version is 1.1.0 ;reserve is 0
09-07 14:28:11.720   512   775 D AudioProcessing: [EB_AudioProcessing_Create] specificConfigInfo is 0x0x0
09-07 14:28:11.720   512   775 D AudioProcessing: [EB_AudioProcessing_Create] sampleFreq:16000 frameLength:256 xAPInputNum:1 APOutputNum:1
09-07 14:28:11.720   512   775 D AudioProcessing: [EB_AudioProcessing_Create]xAP input index:0
09-07 14:28:11.720   512   775 D AudioProcessing: [EB_AudioProcessing_Create]chanIdx is 0 nChan is :1
09-07 14:28:11.720   512   775 D AudioProcessing: [EB_AudioProcessing_Create]xAP output index:0
09-07 14:28:11.720   512   775 D AudioProcessing: [EB_AudioProcessing_Create]chanIdx is 0 nChan is :1
09-07 14:28:11.720   512   775 I AudioProcessing: audio processing start create procedure
09-07 14:28:11.720   512   775 I AudioProcessing: [sseInitObj] start.
09-07 14:28:11.720   512   775 D AudioProcessing: [sseInitObj] dlopen successful: sse->pDlopenHandleSse 0x0x15e575a1deb5ed37.
09-07 14:28:11.720   512   775 I AudioProcessing: [sseInitObj] dlsym successful: sse->sseCreate 0x0x7522683fa0.
09-07 14:28:11.720   512   775 D AudioProcessing: [sseInitObj] dlsym successful: sse->sseInitialize 0x577258572.
09-07 14:28:11.720   512   775 D AudioProcessing: [sseInitObj] dlsym successful: sse->sseDestroy 0x0x752268b9d8.
09-07 14:28:11.720   512   775 D AudioProcessing: [sseInitObj] dlsym successful: sse->sseReset 0x0x752268cb38.
09-07 14:28:11.720   512   775 D AudioProcessing: [sseInitObj] dlsym successful: sse->sseProcess 0x0x752268f864.
09-07 14:28:11.721   512   775 D AudioProcessing: [sseInitObj] dlsym successful: sse->sseSetData 0x0x7522693d5c.
09-07 14:28:11.721   512   775 D AudioProcessing: [sseInitObj] dlsym successful: sse->sseGetData 0x0x7522699530.
09-07 14:28:11.721   512   775 D AudioProcessing: [sseInitObj] dlsym successful: sse->sseGetVersion 0x0x752269aa50.
09-07 14:28:11.721   512   775 D AudioProcessing: [sseInitObj] dlsym successful: sse->sseSetConfigData 0x0x752269b374.
09-07 14:28:11.721   512   775 D AudioProcessing: [sseInitObj] paramter->sampleType[1].
09-07 14:28:11.721   512   775 D AudioProcessing: [sseInitObj] paramter->sampleRate[16000].
09-07 14:28:11.721   512 13159 I HarmanHal.Routing: hacs owner(pcmBtHfp_ul_pro_p): NO NEED DO CONVERT in ifNeedDoConvert() AudioPort.cpp:546
09-07 14:28:11.721   512   775 D AudioProcessing: [sseInitObj] version is 1.0. !
09-07 14:28:11.721   512   775 D AudioProcessing: [sseInitObj] find scdconf section !
09-07 14:28:11.721   512 13159 I HarmanHal.Routing: hacs id(466227408) bufferSize(512) bufferNum(3) in createRingBuffer() RingBufferManager.cpp:77
09-07 14:28:11.721   512   775 D AudioProcessing: [ParseScds] scenario_idx [0]  direction_idx [0]
09-07 14:28:11.721   512 13159 I HarmanHal.Routing: hacs bufferSize(512 --> 512) bufferNum(3) this(0xb4000075bbc7dd40) in initialize() RingBuffer.cpp:384
09-07 14:28:11.721   512   775 D AudioProcessing: [ParseScds] scd File Name : /vendor/etc/scd/SSE_CP_Tel_WB_UL.scd
09-07 14:28:11.721   512   775 D AudioProcessing: [ParseScds] scenario_idx [0]  direction_idx [1]
09-07 14:28:11.721   512   775 D AudioProcessing: [ParseScds] scd File Name : /vendor/etc/scd/SSE_CP_Tel_WB_DL.scd
09-07 14:28:11.721   512   775 D AudioProcessing: [ParseScds] scenario_idx [1]  direction_idx [0]
09-07 14:28:11.721   512   775 D AudioProcessing: [ParseScds] scd File Name : /vendor/etc/scd/SSE_CP_Tel_NB_UL.scd
09-07 14:28:11.721   512 13159 I HarmanHal.Routing: hacs Enable ADTM print for alsa node(pcmBtHfp_ul_pro_p) in printADTM() PcmAlsaWrapper.cpp:831
09-07 14:28:11.721   512   775 D AudioProcessing: [ParseScds] scenario_idx [1]  direction_idx [1]
09-07 14:28:11.721   512   775 D AudioProcessing: [ParseScds] scd File Name : /vendor/etc/scd/SSE_CP_Tel_NB_DL.scd
09-07 14:28:11.721   512   775 D AudioProcessing: [ParseScds] scenario_idx [2]  direction_idx [0]
09-07 14:28:11.721   512   775 D AudioProcessing: [ParseScds] scd File Name : /vendor/etc/scd/SSE_CP_FT_UL.scd
09-07 14:28:11.721   512   775 D AudioProcessing: [ParseScds] scenario_idx [2]  direction_idx [1]
09-07 14:28:11.721   512   775 D AudioProcessing: [ParseScds] scd File Name : /vendor/etc/scd/SSE_CP_FT_DL.scd
09-07 14:28:11.721   512   775 D AudioProcessing: [ParseScds] scenario_idx [3]  direction_idx [0]
09-07 14:28:11.721   512   775 D AudioProcessing: [ParseScds] scd File Name : /vendor/etc/scd/SSE_BT_HF_WB.scd
09-07 14:28:11.721   512   775 D AudioProcessing: [ParseScds] scenario_idx [3]  direction_idx [1]
09-07 14:28:11.721   512   775 D AudioProcessing: [ParseScds] scd File Name : /vendor/etc/scd/SSE_BT_HF_WB.scd
09-07 14:28:11.721   512   775 D AudioProcessing: [ParseScds] scenario_idx [4]  direction_idx [0]
09-07 14:28:11.721   512   775 D AudioProcessing: [ParseScds] scd File Name : /vendor/etc/scd/SSE_BT_HF_NB.scd
09-07 14:28:11.721   512   775 D AudioProcessing: [ParseScds] scenario_idx [4]  direction_idx [1]
09-07 14:28:11.721   512   775 D AudioProcessing: [ParseScds] scd File Name : /vendor/etc/scd/SSE_BT_HF_NB.scd
09-07 14:28:11.721   512   775 D AudioProcessing: [ParseScds] scenario_idx [7]  direction_idx [0]
09-07 14:28:11.721   512   775 D AudioProcessing: [ParseScds] scd File Name : /vendor/etc/scd/SSE_CP_Tel_Wifi_WB_UL.scd
09-07 14:28:11.721   512   775 D AudioProcessing: [ParseScds] scenario_idx [7]  direction_idx [1]
09-07 14:28:11.721   512   775 D AudioProcessing: [ParseScds] scd File Name : /vendor/etc/scd/SSE_CP_Tel_Wifi_WB_DL.scd
09-07 14:28:11.721   512   775 D AudioProcessing: [ParseScds] scenario_idx [8]  direction_idx [0]
09-07 14:28:11.721   512   775 D AudioProcessing: [ParseScds] scd File Name : /vendor/etc/scd/SSE_CP_Tel_Wifi_NB_UL.scd
09-07 14:28:11.721   512   775 D AudioProcessing: [ParseScds] scenario_idx [8]  direction_idx [1]
09-07 14:28:11.721   512   775 D AudioProcessing: [ParseScds] scd File Name : /vendor/etc/scd/SSE_CP_Tel_Wifi_NB_DL.scd
09-07 14:28:11.721   512   775 D AudioProcessing: [ParseScds] scenario_idx [9]  direction_idx [0]
09-07 14:28:11.721   512   775 D AudioProcessing: [ParseScds] scd File Name : /vendor/etc/scd/SSE_CP_FT_Wifi_UL.scd
09-07 14:28:11.721   512   775 D AudioProcessing: [ParseScds] scenario_idx [9]  direction_idx [1]
09-07 14:28:11.721   512   775 D AudioProcessing: [ParseScds] scd File Name : /vendor/etc/scd/SSE_CP_FT_Wifi_DL.scd
09-07 14:28:11.721   512   775 D AudioProcessing: [ParseScds] scenario_idx [10]  direction_idx [0]
09-07 14:28:11.721   512   775 D AudioProcessing: [ParseScds] scd File Name : /vendor/etc/scd/SSE_BT_HF_WB.scd
09-07 14:28:11.721   512   775 D AudioProcessing: [ParseScds] scenario_idx [10]  direction_idx [1]
09-07 14:28:11.721   512   775 D AudioProcessing: [ParseScds] scd File Name : /vendor/etc/scd/SSE_BT_HF_WB.scd
09-07 14:28:11.721   512   775 D AudioProcessing: [ParseScds] scenario_idx [13]  direction_idx [0]
09-07 14:28:11.721   512   775 D AudioProcessing: [ParseScds] scd File Name : /vendor/etc/scd/SSE_Native_VR_BI.scd
09-07 14:28:11.722   512   775 D AudioProcessing: [ParseScds] scenario_idx [13]  direction_idx [1]
09-07 14:28:11.722   512   775 D AudioProcessing: [ParseScds] scd File Name : /vendor/etc/scd/SSE_Native_VR_BI.scd
09-07 14:28:11.722   512   775 D AudioProcessing: [ParseScds] scenario_idx [15]  direction_idx [0]
09-07 14:28:11.722   512   775 D AudioProcessing: [ParseScds] scd File Name : /vendor/etc/scd/SSE_Native_VR_WUW.scd
09-07 14:28:11.722   512   775 D AudioProcessing: [ParseScds] scenario_idx [15]  direction_idx [1]
09-07 14:28:11.722   512   775 D AudioProcessing: [ParseScds] scd File Name : /vendor/etc/scd/SSE_Native_VR_WUW.scd
09-07 14:28:11.722   512   775 D AudioProcessing: [ParseScds] scenario_idx [18]  direction_idx [0]
09-07 14:28:11.722   512   775 D AudioProcessing: [ParseScds] scd File Name : /vendor/etc/scd/SSE_CP_Siri_UL.scd
09-07 14:28:11.722   512   775 D AudioProcessing: [ParseScds] scenario_idx [19]  direction_idx [0]
09-07 14:28:11.722   512   775 D AudioProcessing: [ParseScds] scd File Name : /vendor/etc/scd/SSE_AA_VR.scd
09-07 14:28:11.722   512   775 D AudioProcessing: [ParseScds] scenario_idx [19]  direction_idx [1]
09-07 14:28:11.722   512   775 D AudioProcessing: [ParseScds] scd File Name : /vendor/etc/scd/SSE_AA_VR.scd
09-07 14:28:11.722   512   775 D AudioProcessing: [ParseScds] scenario_idx [20]  direction_idx [0]
09-07 14:28:11.722   512   775 D AudioProcessing: [ParseScds] scd File Name : /vendor/etc/scd/SSE_VR_Server_BT_WB.scd
09-07 14:28:11.722   512   775 D AudioProcessing: [ParseScds] scenario_idx [20]  direction_idx [1]
09-07 14:28:11.722   512   775 D AudioProcessing: [ParseScds] scd File Name : /vendor/etc/scd/SSE_VR_Server_BT_WB.scd
09-07 14:28:11.722   512   775 D AudioProcessing: [ParseScds] scenario_idx [23]  direction_idx [0]
09-07 14:28:11.722   512   775 D AudioProcessing: [ParseScds] scd File Name : /vendor/etc/scd/SSE_CP_Enhanced_Siri_UL.scd
09-07 14:28:11.722   512   775 D AudioProcessing: [ParseScds] scenario_idx [24]  direction_idx [0]
09-07 14:28:11.722   512   775 D AudioProcessing: [ParseScds] scd File Name : /vendor/etc/scd/SSE_CP_Enhanced_Siri_Wifi_UL.scd
09-07 14:28:11.722   512   775 D AudioProcessing: [ParseScds] scenario_idx [25]  direction_idx [0]
09-07 14:28:11.722   512   775 D AudioProcessing: [ParseScds] scd File Name : /vendor/etc/scd/SSE_CP_Siri_Wifi_UL.scd
09-07 14:28:11.722   512   775 D AudioProcessing: [ParseScds] scenario_idx [26]  direction_idx [0]
09-07 14:28:11.722   512   775 D AudioProcessing: [ParseScds] scd File Name : /vendor/etc/scd/SSE_CP_Tel_SWB_UL.scd
09-07 14:28:11.722   512   775 D AudioProcessing: [ParseScds] scenario_idx [26]  direction_idx [1]
09-07 14:28:11.722   512   775 D AudioProcessing: [ParseScds] scd File Name : /vendor/etc/scd/SSE_CP_Tel_SWB_DL.scd
09-07 14:28:11.722   512   775 D AudioProcessing: [ParseScds] scenario_idx [27]  direction_idx [0]
09-07 14:28:11.722   512   775 D AudioProcessing: [ParseScds] scd File Name : /vendor/etc/scd/SSE_CP_Tel_Wifi_SWB_UL.scd
09-07 14:28:11.722   512   775 D AudioProcessing: [ParseScds] scenario_idx [27]  direction_idx [1]
09-07 14:28:11.722   512   775 D AudioProcessing: [ParseScds] scd File Name : /vendor/etc/scd/SSE_CP_Tel_Wifi_SWB_DL.scd
09-07 14:28:11.722   512   775 I AudioProcessing: [sseInitObj]  Current version is :4.9.0.10002
09-07 14:28:11.722   512   775 I AudioProcessing: [sseInitObj] sseCreate successful
09-07 14:28:11.722   512   775 D AudioProcessing: [sseInitObj][handle 0xbc83090] pthread_mutex_init return iError = 0
09-07 14:28:11.722   512   775 D AudioProcessing: [sseInitObj][handle 0xbc83090] OK.
09-07 14:28:11.722   512   775 I AudioProcessing: [sseSetSampleFreq] handle is 0x0xb40000760bc83090.  e_SampleFreq is 0x3e80. Ignored!
09-07 14:28:11.722   512   775 I AudioProcessing: [Xbar_create first alloc] h_Xbar:0x9bcdf9b0
09-07 14:28:11.722   512   775 I AudioProcessing: [Xbar_create return] h_Xbar:0x9bcdf9b0
09-07 14:28:11.722   512   775 I AudioProcessing: [Xbar_create finished] hAP:0x0xb4000075bbc7f080
09-07 14:28:11.722   512   775 D AudioProcessing: [p_AudioFrame->data.nChannels] :1. 
09-07 14:28:11.722   512   775 I AudioProcessing: [EB_AudioProcessing_Create], downlink,AudioProcessing_create successful! pObj->processHandle:0x0xb4000075bbc7f080
09-07 14:28:11.722   512   775 I AudioProcessing: [AudioProcessing_getXBarHandle] hAP:0x0xb4000075bbc7f080
09-07 14:28:11.722   512   775 I AudioProcessing: [EB_AudioProcessing_Create], AC_create successful! pObj->controlHandle:0x0xb4000075fbc749d0
09-07 14:28:11.722   512   775 I AudioProcessing: [EB_AudioProcessing_Create] sse module handle found!
09-07 14:28:11.722   512   775 I AudioProcessing: [EB_AudioProcessing_Create] finish! return EB handle:0x0xb4000075bbc7fef0
09-07 14:28:11.722   512   775 I HarmanHal.Routing: hacs module(bt_loopback_dl): start loopback(mIsThreadInit 0), isInterleaved(0) ,mThreadCount(1) in startLoopbackProcessing() LoopbackModule.cpp:176
09-07 14:28:11.722   512   775 I HarmanHal.Routing: hacs module(bt_loopback_dl): send OPEN to audio port, thread count 1, type 2 in startLoopbackProcessing() LoopbackModule.cpp:185
09-07 14:28:11.722   512   775 I HarmanHal.Routing: hacs owner(bt_loopback_dl): owner period ms 8, linked period ms 8 in initRBuffer() AudioPort.cpp:967
09-07 14:28:11.723   512   775 V acdb-loader-wrapper: 323:acdb_loader_send_audio_cal_v4
09-07 14:28:11.723   512   775 D acdb_loader_proxy: acdb_loader_send_audio_cal_v4: acdb_id(122), capability(1), app_id(69936), sample_rate(48000), use_case(0), afe_sample_rate(48000)
09-07 14:28:11.723   393  1492 D acdb_loader_server: onTransact SEND_AUDIO_CAL_V4: acdb_id(122), capability(1), app_id(69936), sample_rate(48000), use_case(0), afe_sample_rate(48000)
09-07 14:28:11.723   393  1492 D ACDB-LOADER: ACDB -> send_audio_cal, acdb_id = 122, path = 0, app id = 0x11130, sample rate = 48000, afe_sample_rate = 48000
09-07 14:28:11.723   393  1492 D ACDB-LOADER: ACDB -> send_asm_topology
09-07 14:28:11.723   393  1492 D ACDB-LOADER: ACDB -> ACDB_CMD_GET_AUDPROC_STREAM_TOPOLOGY_ID
09-07 14:28:11.724   393  1492 D ACDB-LOADER: ACDB -> send_adm_topology
09-07 14:28:11.724   393  1492 D ACDB-LOADER: ACDB -> ACDB_CMD_GET_AUDPROC_COMMON_TOPOLOGY_ID
09-07 14:28:11.724   393  1492 D ACDB-LOADER: ACDB -> send_audtable
09-07 14:28:11.724   393  1492 D ACDB-LOADER: ACDB -> ACDB_CMD_GET_AUDPROC_INSTANCE_COMMON_TABLE_SIZE
09-07 14:28:11.724   393  1492 D ACDB-LOADER: ACDB -> ACDB_CMD_GET_AUDPROC_INSTANCE_COMMON_TABLE
09-07 14:28:11.724   393  1492 D ACDB-LOADER: ACDB -> AUDIO_SET_AUDPROC_CAL cal_type[11] acdb_id[122] app_type[69936]
09-07 14:28:11.724   393  1492 D ACDB-LOADER: ACDB -> send_audvoltable
09-07 14:28:11.724   393  1492 D ACDB-LOADER: ACDB -> ACDB_CMD_GET_AUDPROC_INSTANCE_GAIN_DEP_STEP_TABLE_SIZE
09-07 14:28:11.724   393  1492 D acdb_loader_service: Failed to fetch the lookup information of the device 0000007A 
09-07 14:28:11.724   393  1492 D ACDB-LOADER: Error: ACDB_CMD_GET_AUDPROC_INSTANCE_GAIN_DEP_STEP_TABLE_SIZE Returned = -19
09-07 14:28:11.724   393  1492 D ACDB-LOADER: ACDB -> ACDB_CMD_GET_AUDPROC_INSTANCE_GAIN_DEP_STEP_TABLE, vol index 0
09-07 14:28:11.724   393  1492 D acdb_loader_service: Failed to fetch the lookup information of the device 0000007A 
09-07 14:28:11.724   393  1492 D ACDB-LOADER: Error: ACDB AudProc vol returned = -19
09-07 14:28:11.724   393  1492 D ACDB-LOADER: ACDB -> AUDIO_SET_VOL_CAL cal type = 12
09-07 14:28:11.724   393  1492 D ACDB-LOADER: ACDB -> ACDB_CMD_GET_AUDPROC_INSTANCE_STREAM_TABLE_SIZE
09-07 14:28:11.724   393  1492 D ACDB-LOADER: ACDB -> send_audstrmtable
09-07 14:28:11.724   393  1492 D ACDB-LOADER: ACDB -> ACDB_CMD_GET_AUDPROC_INSTANCE_STREAM_TABLE
09-07 14:28:11.724   393  1492 D ACDB-LOADER: ACDB -> audstrm_cal->cal_type.cal_data.cal_size = 20
09-07 14:28:11.724   393  1492 D ACDB-LOADER: ACDB -> send_afe_topology
09-07 14:28:11.724   393  1492 D ACDB-LOADER: ACDB -> ACDB_CMD_GET_AFE_TOPOLOGY_ID
09-07 14:28:11.724   393  1492 D ACDB-LOADER: ACDB -> GET_AFE_TOPOLOGY_ID for adcd_id 122, Topology Id 112fc
09-07 14:28:11.724   393  1492 D ACDB-LOADER: ACDB -> send_afe_cal
09-07 14:28:11.724   393  1492 D ACDB-LOADER: ACDB -> ACDB_CMD_GET_AFE_INSTANCE_COMMON_TABLE_SIZE
09-07 14:28:11.724   393  1492 D acdb_loader_service: Failed to fetch the lookup information of the device 0000007A 
09-07 14:28:11.724   393  1492 D ACDB-LOADER: Error: ACDB_CMD_GET_AFE_INSTANCE_COMMON_TABLE_SIZE Returned = -19
09-07 14:28:11.724   393  1492 D ACDB-LOADER: ACDB -> ACDB_CMD_GET_AFE_INSTANCE_COMMON_TABLE
09-07 14:28:11.724   393  1492 D acdb_loader_service: Failed to fetch the lookup information of the device 0000007A 
09-07 14:28:11.724   393  1492 D ACDB-LOADER: Error: ACDB AFE returned = -19
09-07 14:28:11.724   393  1492 D ACDB-LOADER: ACDB -> AUDIO_SET_AFE_CAL cal_type[16] acdb_id[122]
09-07 14:28:11.724   393  1492 D ACDB-LOADER: ACDB -> send_hw_delay : acdb_id = 122 path = 0
09-07 14:28:11.724   393  1492 D ACDB-LOADER: ACDB -> ACDB_AVSYNC_INFO: ACDB_CMD_GET_DEVICE_PROPERTY
09-07 14:28:11.732   512   775 D audio_route: Apply path: pcmHfp_dl_p-INT
09-07 14:28:11.732   530   602 E NetlinkEvent: NetlinkEvent::FindParam(): Parameter 'PRODUCT' not found
09-07 14:28:11.732   530   602 E NetlinkEvent: NetlinkEvent::FindParam(): Parameter 'DEVNAME' not found
09-07 14:28:11.732   530   602 E NetlinkEvent: NetlinkEvent::FindParam(): Parameter 'INTERFACE' not found
09-07 14:28:11.732   531   595 E NetlinkEvent: NetlinkEvent::FindParam(): Parameter 'dual_role_usb' not found
09-07 14:28:11.733   531   595 E NetlinkEvent: NetlinkEvent::FindParam(): Parameter 'OVER_CURRENT_PORT' not found
09-07 14:28:11.733   531   595 E NetlinkEvent: NetlinkEvent::FindParam(): Parameter 'UNRECOGNIZED_USB_DEVICE_ON_PORT' not found
09-07 14:28:11.733   512 12999 D HarmanHAL: StreamIn::getCapturePositionImpl
09-07 14:28:11.737   512 13158 I HarmanHal.Routing: hacs owner(sse_bt_call_ul): NO NEED DO CONVERT in ifNeedDoConvert() AudioPort.cpp:546
09-07 14:28:11.739   512 13159 E HarmanHal.Routing: hacs module(pcmBtHfp_ul_pro_p): try recover from Error: Broken pipe in writeFrame() PcmAlsaWrapper.cpp:362
09-07 14:28:11.744  4787  4787 I CarPhoneTAI.ActiveCallTickerService: PhoneInCallService connected, current calls = 1
09-07 14:28:11.744  4787  4787 I CarPhoneTAI.ActiveCallTickerService: 	Call [id: TC@1, state: ACTIVE, details: [id: TC@1, pa: ComponentInfo{com.android.bluetooth/com.android.bluetooth.hfpclient.connserv.HfpClientConnectionService}, ***, UserHandle{10}, hdl: tel:*********00, hdlPres: 1, videoState: Audio Only, caps: [Capabilities: CAPABILITY_HOLD CAPABILITY_SUPPORT_HOLD CAPABILITY_MUTE], props: [Properties:]]]
09-07 14:28:11.751   512   775 I HarmanHal.Routing: hacs alsa node(pcmHfp_dl_p): opened in openPcmNode() PcmAlsaWrapper.cpp:98
09-07 14:28:11.752   512   775 I HarmanHal.Routing: hacs owner(sse_bt_call_dl): owner period ms 16, linked period ms 8 in initRBuffer() AudioPort.cpp:967
09-07 14:28:11.752   512   775 I HarmanHal.Routing: hacs id(734582064) for new buffer, type = 4 in createRingBuffer() RingBufferManager.cpp:32
09-07 14:28:11.752   512   775 I HarmanHal.Routing: hacs owner(sse_bt_call_dl) success to create a buffer: type = 2, interleaved = 0 in getRingBuffer() AudioPort.cpp:607
09-07 14:28:11.752   512   775 I HarmanHal.Routing: hacs owner(pcmBtHfp_dl_pre_c): owner period ms 8, linked period ms 16 in initRBuffer() AudioPort.cpp:967
09-07 14:28:11.752   512   775 I HarmanHal.Routing: hacs id(734584464) for new buffer, type = 4 in createRingBuffer() RingBufferManager.cpp:32
09-07 14:28:11.753   512   775 I HarmanHal.Routing: hacs owner(pcmBtHfp_dl_pre_c) success to create a buffer: type = 2, interleaved = 0 in getRingBuffer() AudioPort.cpp:607
09-07 14:28:11.754   512   775 V acdb-loader-wrapper: 323:acdb_loader_send_audio_cal_v4
09-07 14:28:11.754   512   775 D acdb_loader_proxy: acdb_loader_send_audio_cal_v4: acdb_id(141), capability(2), app_id(69938), sample_rate(16000), use_case(0), afe_sample_rate(16000)
09-07 14:28:11.754   393  1492 D acdb_loader_server: onTransact SEND_AUDIO_CAL_V4: acdb_id(141), capability(2), app_id(69938), sample_rate(16000), use_case(0), afe_sample_rate(16000)
09-07 14:28:11.754   393  1492 D ACDB-LOADER: ACDB -> send_audio_cal, acdb_id = 141, path = 1, app id = 0x11132, sample rate = 16000, afe_sample_rate = 16000
09-07 14:28:11.754   393  1492 D ACDB-LOADER: ACDB -> send_asm_topology
09-07 14:28:11.754   393  1492 D ACDB-LOADER: ACDB -> ACDB_CMD_GET_AUDPROC_STREAM_TOPOLOGY_ID
09-07 14:28:11.754   393  1492 D ACDB-LOADER: ACDB -> send_adm_topology
09-07 14:28:11.754   393  1492 D ACDB-LOADER: ACDB -> ACDB_CMD_GET_AUDPROC_COMMON_TOPOLOGY_ID
09-07 14:28:11.754   393  1492 D ACDB-LOADER: ACDB -> send_audtable
09-07 14:28:11.754   393  1492 D ACDB-LOADER: ACDB -> ACDB_CMD_GET_AUDPROC_INSTANCE_COMMON_TABLE_SIZE
09-07 14:28:11.754   393  1492 D ACDB-LOADER: ACDB -> ACDB_CMD_GET_AUDPROC_INSTANCE_COMMON_TABLE
09-07 14:28:11.754   393  1492 D ACDB-LOADER: ACDB -> AUDIO_SET_AUDPROC_CAL cal_type[11] acdb_id[141] app_type[69938]
09-07 14:28:11.754   393  1492 D ACDB-LOADER: check_fnn_usecase_status: fnn usecase active 0
09-07 14:28:11.754   393  1492 D ACDB-LOADER: ACDB -> ACDB_CMD_GET_PERSISTENT_AUDPROC_INSTANCE_COMMON_TABLE_SIZE
09-07 14:28:11.754   393  1492 D acdb_loader_service: [Data Manager]-> No data found
09-07 14:28:11.754   393  1492 D ACDB-LOADER: Error: ACDB_CMD_GET_PERSISTENT_AUDPROC_INSTANCE_COMMON_TABLE_SIZE returned -18
09-07 14:28:11.754   393  1492 D ACDB-LOADER: ACDB -> send_audproc_persist_table -18 
09-07 14:28:11.754   393  1492 D ACDB-LOADER: Error: Invalid Audproc persist size = -18
09-07 14:28:11.754   393  1492 D ACDB-LOADER: ACDB -> ACDB_CMD_GET_AUDPROC_INSTANCE_STREAM_TABLE_SIZE
09-07 14:28:11.754   393  1492 D ACDB-LOADER: ACDB -> send_audstrmtable
09-07 14:28:11.754   393  1492 D ACDB-LOADER: ACDB -> ACDB_CMD_GET_AUDPROC_INSTANCE_STREAM_TABLE
09-07 14:28:11.754   393  1492 D ACDB-LOADER: ACDB -> audstrm_cal->cal_type.cal_data.cal_size = 48
09-07 14:28:11.754   393  1492 D ACDB-LOADER: ACDB -> send_afe_topology
09-07 14:28:11.754   393  1492 D ACDB-LOADER: ACDB -> ACDB_CMD_GET_AFE_TOPOLOGY_ID
09-07 14:28:11.754   393  1492 D ACDB-LOADER: ACDB -> GET_AFE_TOPOLOGY_ID for adcd_id 141, Topology Id 112fb
09-07 14:28:11.754   393  1492 D ACDB-LOADER: ACDB -> send_afe_cal
09-07 14:28:11.754   393  1492 D ACDB-LOADER: ACDB -> ACDB_CMD_GET_AFE_INSTANCE_COMMON_TABLE_SIZE
09-07 14:28:11.754   393  1492 D acdb_loader_service: Failed to fetch the lookup information of the device 0000008D 
09-07 14:28:11.754   393  1492 D ACDB-LOADER: Error: ACDB_CMD_GET_AFE_INSTANCE_COMMON_TABLE_SIZE Returned = -19
09-07 14:28:11.754   393  1492 D ACDB-LOADER: ACDB -> ACDB_CMD_GET_AFE_INSTANCE_COMMON_TABLE
09-07 14:28:11.754   393  1492 D acdb_loader_service: Failed to fetch the lookup information of the device 0000008D 
09-07 14:28:11.754   393  1492 D ACDB-LOADER: Error: ACDB AFE returned = -19
09-07 14:28:11.754   393  1492 D ACDB-LOADER: ACDB -> AUDIO_SET_AFE_CAL cal_type[17] acdb_id[141]
09-07 14:28:11.754   393  1492 D ACDB-LOADER: ACDB -> send_hw_delay : acdb_id = 141 path = 1
09-07 14:28:11.754   393  1492 D ACDB-LOADER: ACDB -> ACDB_AVSYNC_INFO: ACDB_CMD_GET_DEVICE_PROPERTY
09-07 14:28:11.754   512   775 D audio_route: Apply path: pcmBtHfp_dl_pre_c-WB
09-07 14:28:11.757   530   602 E NetlinkEvent: NetlinkEvent::FindParam(): Parameter 'PRODUCT' not found
09-07 14:28:11.757   530   602 E NetlinkEvent: NetlinkEvent::FindParam(): Parameter 'DEVNAME' not found
09-07 14:28:11.757   530   602 E NetlinkEvent: NetlinkEvent::FindParam(): Parameter 'INTERFACE' not found
09-07 14:28:11.757   531   595 E NetlinkEvent: NetlinkEvent::FindParam(): Parameter 'dual_role_usb' not found
09-07 14:28:11.758   531   595 E NetlinkEvent: NetlinkEvent::FindParam(): Parameter 'OVER_CURRENT_PORT' not found
09-07 14:28:11.758   531   595 E NetlinkEvent: NetlinkEvent::FindParam(): Parameter 'UNRECOGNIZED_USB_DEVICE_ON_PORT' not found
09-07 14:28:11.758   512 13159 E HarmanHal.Routing: hacs module(pcmBtHfp_ul_pro_p): try recover from Error: Broken pipe in writeFrame() PcmAlsaWrapper.cpp:362
09-07 14:28:11.764   512 12999 D HarmanHAL: StreamIn::getCapturePositionImpl
09-07 14:28:11.767  2584 10896 W vCard   : Property name unsupported by vCard 2.1: N
09-07 14:28:11.778   512 13159 E HarmanHal.Routing: hacs module(pcmBtHfp_ul_pro_p): try recover from Error: Broken pipe in writeFrame() PcmAlsaWrapper.cpp:362
01-01 00:03:14.764     0     0 I afe_get_cal_topology_id: port_id = 0x9001 acdb_id = 141 topology_id = 0x112fb cal_type_index=8 ret=0
01-01 00:03:14.764     0     0 E send_afe_cal_type: No cal sent for cal_index 1, port_id = 0x9001! ret -22
09-07 14:28:11.782   530   602 E NetlinkEvent: NetlinkEvent::FindParam(): Parameter 'PRODUCT' not found
09-07 14:28:11.783   530   602 E NetlinkEvent: NetlinkEvent::FindParam(): Parameter 'DEVNAME' not found
09-07 14:28:11.784   530   602 E NetlinkEvent: NetlinkEvent::FindParam(): Parameter 'INTERFACE' not found
09-07 14:28:11.784   531   595 E NetlinkEvent: NetlinkEvent::FindParam(): Parameter 'dual_role_usb' not found
09-07 14:28:11.784   531   595 E NetlinkEvent: NetlinkEvent::FindParam(): Parameter 'OVER_CURRENT_PORT' not found
09-07 14:28:11.784   531   595 E NetlinkEvent: NetlinkEvent::FindParam(): Parameter 'UNRECOGNIZED_USB_DEVICE_ON_PORT' not found
01-01 00:03:14.773     0     0 I afe_send_hw_delay: port_id 0x9001 rate 16000 delay_usec 0 status 0
09-07 14:28:11.802   530   602 E NetlinkEvent: NetlinkEvent::FindParam(): Parameter 'PRODUCT' not found
09-07 14:28:11.802   530   602 E NetlinkEvent: NetlinkEvent::FindParam(): Parameter 'DEVNAME' not found
09-07 14:28:11.803   530   602 E NetlinkEvent: NetlinkEvent::FindParam(): Parameter 'INTERFACE' not found
09-07 14:28:11.803   531   595 E NetlinkEvent: NetlinkEvent::FindParam(): Parameter 'dual_role_usb' not found
09-07 14:28:11.803   531   595 E NetlinkEvent: NetlinkEvent::FindParam(): Parameter 'OVER_CURRENT_PORT' not found
09-07 14:28:11.804   531   595 E NetlinkEvent: NetlinkEvent::FindParam(): Parameter 'UNRECOGNIZED_USB_DEVICE_ON_PORT' not found
09-07 14:28:11.806   512 12999 D HarmanHAL: StreamIn::getCapturePositionImpl
09-07 14:28:11.807  4787  4787 E CarPhoneTAI.CallTickerView: CallTicker call number is not exist in contact db
09-07 14:28:11.807   530   602 E NetlinkEvent: NetlinkEvent::FindParam(): Parameter 'PRODUCT' not found
09-07 14:28:11.808   530   602 E NetlinkEvent: NetlinkEvent::FindParam(): Parameter 'DEVNAME' not found
09-07 14:28:11.808   530   602 E NetlinkEvent: NetlinkEvent::FindParam(): Parameter 'INTERFACE' not found
09-07 14:28:11.808   531   595 E NetlinkEvent: NetlinkEvent::FindParam(): Parameter 'dual_role_usb' not found
09-07 14:28:11.808   531   595 E NetlinkEvent: NetlinkEvent::FindParam(): Parameter 'OVER_CURRENT_PORT' not found
09-07 14:28:11.808   531   595 E NetlinkEvent: NetlinkEvent::FindParam(): Parameter 'UNRECOGNIZED_USB_DEVICE_ON_PORT' not found
09-07 14:28:11.813   512   775 I HarmanHal.Routing: hacs alsa node(pcmBtHfp_dl_pre_c): opened in openPcmNode() PcmAlsaWrapper.cpp:98
09-07 14:28:11.813   512 13169 I HarmanHal.Routing: hacs module(bt_loopback_dl): start single thread in LoopBack,isInterleaved(0) in singleThreadFunc() LoopbackModule.cpp:251
09-07 14:28:11.813   512 13169 I HarmanHal.Routing: hacs id(734550064) bufferNum(10) in createRingBuffer() RingBufferManager.cpp:105
09-07 14:28:11.813   512 13169 I HarmanHal.Routing: hacs channels(1) frames(128) bufferNum(10) mIsInitialized(0) in initialize() RingBuffer.cpp:412
09-07 14:28:11.813   512 13169 I HarmanHal.Routing: hacs owner(bt_loopback_dl): NO NEED DO CONVERT in ifNeedDoConvert() AudioPort.cpp:546
09-07 14:28:11.813   512 13169 I HarmanHal.Routing: hacs id(466258192) bufferSize(512) bufferNum(3) in createRingBuffer() RingBufferManager.cpp:77
09-07 14:28:11.813   512 13169 I HarmanHal.Routing: hacs bufferSize(512 --> 512) bufferNum(3) this(0xb4000075bbc7fc30) in initialize() RingBuffer.cpp:384
09-07 14:28:11.815   512   775 I HarmanHal.Routing: hacs module(bt_loopback_dl): start loopback(mIsThreadInit 1), isInterleaved(0) ,mThreadCount(1) in startLoopbackProcessing() LoopbackModule.cpp:176
09-07 14:28:11.815   512   775 I HarmanAudioControl: hacs scenario(2MIC_Handsfree_BT_Tel_WB_DL) createRoutingPath(2) ok in createRoutingPath() EcnrAudioRouter.cpp:109
09-07 14:28:11.815   512   775 I HarmanAudioControl: hacs registerCallback, insId = 10010 in registerCallback() EcnrPluginImp.cpp:80
09-07 14:28:11.815   512   775 I HarmanAudioControl: hacs registerCallback e_AC_Destination=0x0,e_Msg_Destination=0x4,e_Asp_Module=0x2d,    x_AM_Params.[Session_ID=0x8,Cmd_ID=0x227e,Cmd_Type=0x2,InstID=0x0,Length=0x8] in printACCIParser() EcnrAcProtocol.cpp:32
09-07 14:28:11.815   512   775 I HarmanAudioControl: hacs registerCallbackx_AM_Params.Data - 0x0,0x0,0x0,0x75,0x38,0x2f,0x2f,0x18, in printACCIParser() EcnrAcProtocol.cpp:39
09-07 14:28:11.815   512   775 I HarmanAudioControl: hacs mSessionId=8, instanceId=0x271a, buf_size=280 in sendCmd() EcnrAudioRouter.cpp:268
09-07 14:28:11.815   512   775 D AudioProcessing: EB_AspControl:e_AC_Destination:0, e_Asp_Module:45, e_Msg_Destination:4, now 1.
09-07 14:28:11.815   512   775 D AudioProcessing: EB_AspControl:Session_ID:0x8, Cmd_ID:0x227e, Cmd_Type:0x2, InstID(Zone number):0x0.
09-07 14:28:11.815   512   775 D AudioProcessing: EB_AspControl:Length:8.
09-07 14:28:11.815   512   775 D AudioProcessing: EB_AspControl:x_A_Params.Data[0]:0x0
09-07 14:28:11.815   512   775 D AudioProcessing: EB_AspControl:x_A_Params.Data[1]:0x0
09-07 14:28:11.815   512   775 D AudioProcessing: EB_AspControl:x_A_Params.Data[2]:0x0
09-07 14:28:11.815   512   775 D AudioProcessing: EB_AspControl:x_A_Params.Data[3]:0x75
09-07 14:28:11.815   512   775 D AudioProcessing: EB_AspControl:x_A_Params.Data[4]:0x38
09-07 14:28:11.815   512   775 D AudioProcessing: EB_AspControl:x_A_Params.Data[5]:0x2f
09-07 14:28:11.815   512   775 D AudioProcessing: EB_AspControl:x_A_Params.Data[6]:0x2f
09-07 14:28:11.815   512   775 D AudioProcessing: EB_AspControl:x_A_Params.Data[7]:0x18
09-07 14:28:11.815   512   775 I AudioProcessing: Transp_Mode_State process command 0x227e result 0
09-07 14:28:11.815   512   775 D AudioProcessing: commandExecuteCallback:INPUT PARS:pThis:0x0x75382f2f18, commandId:0x227e, sessionId:0x8, exeResult:0x3826c534.
09-07 14:28:11.815   512   775 I HarmanAudioControl: hacs OnCmdCallBack returned:sessionId:8 result:0 in onAudioProcessing() EcnrAudioRouter.cpp:51
09-07 14:28:11.815   512   775 D AudioProcessing: EB_AspControl:e_AC_Destination:0, e_Asp_Module:45, e_Msg_Destination:0, now 1.
09-07 14:28:11.815   512   775 D AudioProcessing: EB_AspControl:Session_ID:0x8, Cmd_ID:0x227e, Cmd_Type:0xc, InstID(Zone number):0x0.
09-07 14:28:11.815   512   775 D AudioProcessing: EB_AspControl:Length:8.
09-07 14:28:11.815   512   775 I AudioProcessing: == EB_AspControl finish ==
09-07 14:28:11.815   512   775 I HarmanAudioControl: hacs start e_AC_Destination=0x0,e_Msg_Destination=0x4,e_Asp_Module=0x2d,    x_AM_Params.[Session_ID=0x9,Cmd_ID=0x227d,Cmd_Type=0x2,InstID=0x0,Length=0x9] in printACCIParser() EcnrAcProtocol.cpp:32
09-07 14:28:11.815   512   775 I HarmanAudioControl: hacs startx_AM_Params.Data - 0x1,0x0,0x5,0x0,0x0,0x0,0x0,0x3,0x0, in printACCIParser() EcnrAcProtocol.cpp:39
09-07 14:28:11.815   512   775 I HarmanAudioControl: hacs mSessionId=9, instanceId=0x271a, buf_size=280 in sendCmd() EcnrAudioRouter.cpp:268
09-07 14:28:11.815   512   775 D AudioProcessing: EB_AspControl:e_AC_Destination:0, e_Asp_Module:45, e_Msg_Destination:4, now 1.
09-07 14:28:11.815   512   775 D AudioProcessing: EB_AspControl:Session_ID:0x9, Cmd_ID:0x227d, Cmd_Type:0x2, InstID(Zone number):0x0.
09-07 14:28:11.815   512   775 D AudioProcessing: EB_AspControl:Length:9.
09-07 14:28:11.815   512   775 D AudioProcessing: EB_AspControl:x_A_Params.Data[0]:0x1
09-07 14:28:11.815   512   775 D AudioProcessing: EB_AspControl:x_A_Params.Data[1]:0x0
09-07 14:28:11.815   512   775 D AudioProcessing: EB_AspControl:x_A_Params.Data[2]:0x5
09-07 14:28:11.815   512   775 D AudioProcessing: EB_AspControl:x_A_Params.Data[3]:0x0
09-07 14:28:11.815   512   775 D AudioProcessing: EB_AspControl:x_A_Params.Data[4]:0x0
09-07 14:28:11.815   512   775 D AudioProcessing: EB_AspControl:x_A_Params.Data[5]:0x0
09-07 14:28:11.815   512   775 D AudioProcessing: EB_AspControl:x_A_Params.Data[6]:0x0
09-07 14:28:11.815   512   775 D AudioProcessing: EB_AspControl:x_A_Params.Data[7]:0x3
09-07 14:28:11.815   512   775 D AudioProcessing: EB_AspControl:x_A_Params.Data[8]:0x0
09-07 14:28:11.815   512   775 D AudioProcessing: [sseSetScenario] ==== start ==== [handle 0xbc83090][enable 0x1]
09-07 14:28:11.815   512   775 D AudioProcessing: [sseSetScenario] ==== start ==== [scenario 0x50000][type 768]
09-07 14:28:11.815   512   775 D AudioProcessing: [sseSetScenario] ==== start ==== [sampleRate 16000][frameLength 256]
09-07 14:28:11.815   512   775 I AudioProcessing: [sseSetScenario] scdFileFullName : /vendor/etc/scd/SSE_BT_HF_WB.scd.
09-07 14:28:11.815   512   775 E AudioProcessing: [sseSetScenario] size of scd file: 272 bytes ; 68 DWORDS! 
09-07 14:28:11.815   512   775 I AudioProcessing: [sseSetScenario] read scd file successful: 68 DWORDS! 
09-07 14:28:11.815   512   775 I AudioProcessing: [sseSetScenario] sse->sseSetConfigData finished:ret :0
09-07 14:28:11.815   512   775 I AudioProcessing: [sseSetScenario] **will do check params with scd params**
09-07 14:28:11.815   512   775 D AudioProcessing: [sseSetScenario] [handle 0xbc83090][type 0]
09-07 14:28:11.815   512   775 D AudioProcessing: [sseSetScenario]  sseGetData GET sse_AudioIOType sucessful ! pscdPara->SampleType:1
09-07 14:28:11.815   512   775 D AudioProcessing: [sseSetScenario] sse->sampleRate:16000,pscdPara->SampleRate:16000
09-07 14:28:11.815   512   775 D AudioProcessing: [sseSetScenario] sse->frameLength:256,pscdPara->frameShift:256
09-07 14:28:11.815   512   775 D AudioProcessing: [sseSetScenario] pAudioIO->RcvInBufferCnt:1,pscdPara->RcvInCnt:1
09-07 14:28:11.815   512   775 I AudioProcessing: [sseSetScenario] **will do sseInitialize**
09-07 14:28:11.815   512   775 D AudioProcessing: [sseSetScenario] [handle 0xbc83090][type 0]
09-07 14:28:11.815   512   775 D AudioProcessing: [sseSetScenario] phase -1 - sseSetConfigData successful:direction=768, sco=327680.
09-07 14:28:11.816   512   775 D AudioProcessing: [sseSetScenario] [handle 0xbc83090][type 0]
09-07 14:28:11.816   512   775 D AudioProcessing: [sseSetScenario] adtm  print enable [0]
09-07 14:28:11.816   512   775 I AudioProcessing: [sseSetScenario] phase -2 - sseInitialize successful .
09-07 14:28:11.816   512   775 I AudioProcessing: Transp_Mode_State process command 0x227d result 0
09-07 14:28:11.816   512   775 D AudioProcessing: commandExecuteCallback:INPUT PARS:pThis:0x0x75382f2f18, commandId:0x227d, sessionId:0x9, exeResult:0x3826c574.
09-07 14:28:11.816   512   775 I HarmanAudioControl: hacs OnCmdCallBack returned:sessionId:9 result:0 in onAudioProcessing() EcnrAudioRouter.cpp:51
09-07 14:28:11.816   512   775 D AudioProcessing: EB_AspControl:e_AC_Destination:0, e_Asp_Module:45, e_Msg_Destination:0, now 1.
09-07 14:28:11.816   512   775 D AudioProcessing: EB_AspControl:Session_ID:0x9, Cmd_ID:0x227d, Cmd_Type:0xc, InstID(Zone number):0x0.
09-07 14:28:11.816   512   775 D AudioProcessing: EB_AspControl:Length:9.
09-07 14:28:11.816   512   775 I AudioProcessing: == EB_AspControl finish ==
09-07 14:28:11.816   512   775 I HarmanAudioControl: hacs dataId=0x50000 in getReply() EcnrAcProtocol.cpp:273
09-07 14:28:11.816   512   775 I HarmanAudioControl: hacs getVersion e_AC_Destination=0x0,e_Msg_Destination=0x4,e_Asp_Module=0x2d,    x_AM_Params.[Session_ID=0xa,Cmd_ID=0x227f,Cmd_Type=0x1,InstID=0x0,Length=0x6] in printACCIParser() EcnrAcProtocol.cpp:32
09-07 14:28:11.816   512   775 I HarmanAudioControl: hacs getVersionx_AM_Params.Data - 0x0,0x0,0x0,0x0,0x0,0x0, in printACCIParser() EcnrAcProtocol.cpp:39
09-07 14:28:11.816   512   775 I HarmanAudioControl: hacs mSessionId=10, instanceId=0x271a, buf_size=280 in sendCmd() EcnrAudioRouter.cpp:268
09-07 14:28:11.816   512   775 D AudioProcessing: EB_AspControl:e_AC_Destination:0, e_Asp_Module:45, e_Msg_Destination:4, now 1.
09-07 14:28:11.816   512   775 D AudioProcessing: EB_AspControl:Session_ID:0xa, Cmd_ID:0x227f, Cmd_Type:0x1, InstID(Zone number):0x0.
09-07 14:28:11.816   512   775 D AudioProcessing: EB_AspControl:Length:6.
09-07 14:28:11.816   512   775 D AudioProcessing: EB_AspControl:x_A_Params.Data[0]:0x0
09-07 14:28:11.816   512   775 D AudioProcessing: EB_AspControl:x_A_Params.Data[1]:0x0
09-07 14:28:11.816   512   775 D AudioProcessing: EB_AspControl:x_A_Params.Data[2]:0x0
09-07 14:28:11.816   512   775 D AudioProcessing: EB_AspControl:x_A_Params.Data[3]:0x0
09-07 14:28:11.816   512   775 D AudioProcessing: EB_AspControl:x_A_Params.Data[4]:0x0
09-07 14:28:11.816   512   775 D AudioProcessing: EB_AspControl:x_A_Params.Data[5]:0x0
09-07 14:28:11.816   512   775 I AudioProcessing: [sseGetVersionInfo] handle:0x0xb40000760bc83090, Current version :4.9.0
09-07 14:28:11.816   512   775 I AudioProcessing: Transp_Mode_State process command 0x227f result 0
09-07 14:28:11.816   512   775 D AudioProcessing: commandExecuteCallback:INPUT PARS:pThis:0x0x75382f2f18, commandId:0x227f, sessionId:0xa, exeResult:0x3826c544.
09-07 14:28:11.816   512   775 I HarmanAudioControl: hacs OnCmdCallBack returned:sessionId:10 result:0 in onAudioProcessing() EcnrAudioRouter.cpp:51
09-07 14:28:11.816   512   775 D AudioProcessing: EB_AspControl:e_AC_Destination:0, e_Asp_Module:45, e_Msg_Destination:0, now 1.
09-07 14:28:11.816   512   775 D AudioProcessing: EB_AspControl:Session_ID:0xa, Cmd_ID:0x227f, Cmd_Type:0xc, InstID(Zone number):0x0.
09-07 14:28:11.816   512   775 D AudioProcessing: EB_AspControl:Length:6.
09-07 14:28:11.816   512   775 I AudioProcessing: == EB_AspControl finish ==
09-07 14:28:11.816   512   775 I HarmanAudioControl: hacs AudioProcessing Plugin version:1.1.0,SSE version:4.9.0 in getReply() EcnrAcProtocol.cpp:260
09-07 14:28:11.816   512   775 I HarmanAudioControl: hacs getAecActive e_AC_Destination=0x0,e_Msg_Destination=0x4,e_Asp_Module=0x2d,    x_AM_Params.[Session_ID=0xb,Cmd_ID=0x227c,Cmd_Type=0x1,InstID=0x0,Length=0x11] in printACCIParser() EcnrAcProtocol.cpp:32
09-07 14:28:11.816   512   775 I HarmanAudioControl: hacs getAecActivex_AM_Params.Data - 0x1,0xf0,0xc5,0xa3,0xda,0x0,0x0,0x0,0x0,0x0,0x0,0x0,0x4,0x0,0x0,0x0,0x0, in printACCIParser() EcnrAcProtocol.cpp:39
09-07 14:28:11.816   512   775 I HarmanAudioControl: hacs mSessionId=11, instanceId=0x271a, buf_size=280 in sendCmd() EcnrAudioRouter.cpp:268
09-07 14:28:11.816   512   775 D AudioProcessing: EB_AspControl:e_AC_Destination:0, e_Asp_Module:45, e_Msg_Destination:4, now 1.
09-07 14:28:11.816   512   775 D AudioProcessing: EB_AspControl:Session_ID:0xb, Cmd_ID:0x227c, Cmd_Type:0x1, InstID(Zone number):0x0.
09-07 14:28:11.816   512   775 D AudioProcessing: EB_AspControl:Length:17.
09-07 14:28:11.816   512   775 D AudioProcessing: EB_AspControl:x_A_Params.Data[0]:0x1
09-07 14:28:11.816   512   775 D AudioProcessing: EB_AspControl:x_A_Params.Data[1]:0xf0
09-07 14:28:11.816   512   775 D AudioProcessing: EB_AspControl:x_A_Params.Data[2]:0xc5
09-07 14:28:11.816   512   775 D AudioProcessing: EB_AspControl:x_A_Params.Data[3]:0xa3
09-07 14:28:11.816   512   775 D AudioProcessing: EB_AspControl:x_A_Params.Data[4]:0xda
09-07 14:28:11.816   512   775 D AudioProcessing: EB_AspControl:x_A_Params.Data[5]:0x0
09-07 14:28:11.816   512   775 D AudioProcessing: EB_AspControl:x_A_Params.Data[6]:0x0
09-07 14:28:11.816   512   775 D AudioProcessing: EB_AspControl:x_A_Params.Data[7]:0x0
09-07 14:28:11.816   512   775 D AudioProcessing: EB_AspControl:x_A_Params.Data[8]:0x0
09-07 14:28:11.816   512   775 D AudioProcessing: EB_AspControl:x_A_Params.Data[9]:0x0
09-07 14:28:11.816   512   775 D AudioProcessing: EB_AspControl:x_A_Params.Data[10]:0x0
09-07 14:28:11.816   512   775 D AudioProcessing: EB_AspControl:x_A_Params.Data[11]:0x0
09-07 14:28:11.816   512   775 D AudioProcessing: EB_AspControl:x_A_Params.Data[12]:0x4
09-07 14:28:11.816   512   775 D AudioProcessing: EB_AspControl:x_A_Params.Data[13]:0x0
09-07 14:28:11.816   512   775 D AudioProcessing: EB_AspControl:x_A_Params.Data[14]:0x0
09-07 14:28:11.816   512   775 D AudioProcessing: EB_AspControl:x_A_Params.Data[15]:0x0
09-07 14:28:11.816   512   775 D AudioProcessing: EB_AspControl:x_A_Params.Data[16]:0x0
09-07 14:28:11.816   512   775 D AudioProcessing: [sseGetDataParameter->sseGetData] DataID[0xf0c5a3da]
09-07 14:28:11.816   512   775 D AudioProcessing: [sseGetDataParameter->sseGetData] iChannel[0]
09-07 14:28:11.816   512   775 D AudioProcessing: [sseGetDataParameter->sseGetData] puSize[4]
09-07 14:28:11.816   512   775 D AudioProcessing: [sseGetDataParameter->sseGetData] i is 0, p[i] is 0
09-07 14:28:11.816   512   775 I AudioProcessing: sseGetDataParameter->sseGetData finish
09-07 14:28:11.816   512   775 I AudioProcessing: Transp_Mode_State process command 0x227c result 0
09-07 14:28:11.816   512   775 D AudioProcessing: commandExecuteCallback:INPUT PARS:pThis:0x0x75382f2f18, commandId:0x227c, sessionId:0xb, exeResult:0x3826c4c4.
09-07 14:28:11.816   512   775 I HarmanAudioControl: hacs OnCmdCallBack returned:sessionId:11 result:0 in onAudioProcessing() EcnrAudioRouter.cpp:51
09-07 14:28:11.817   512   775 D AudioProcessing: EB_AspControl:e_AC_Destination:0, e_Asp_Module:45, e_Msg_Destination:0, now 1.
09-07 14:28:11.817   512   775 D AudioProcessing: EB_AspControl:Session_ID:0xb, Cmd_ID:0x227c, Cmd_Type:0xc, InstID(Zone number):0x0.
09-07 14:28:11.817   512   775 D AudioProcessing: EB_AspControl:Length:17.
09-07 14:28:11.817   512   775 I AudioProcessing: == EB_AspControl finish ==
09-07 14:28:11.817   512   775 I HarmanAudioControl: hacs dataId=0xf0c5a3da in getReply() EcnrAcProtocol.cpp:273
09-07 14:28:11.817   512   775 I HarmanAudioControl: hacs data=1 in getReply() EcnrAcProtocol.cpp:286
09-07 14:28:11.817   512   775 I HarmanAudioControl: hacs getRefAnaLatency e_AC_Destination=0x0,e_Msg_Destination=0x4,e_Asp_Module=0x2d,    x_AM_Params.[Session_ID=0xc,Cmd_ID=0x227c,Cmd_Type=0x1,InstID=0x0,Length=0x11] in printACCIParser() EcnrAcProtocol.cpp:32
09-07 14:28:11.817   512   775 I HarmanAudioControl: hacs getRefAnaLatencyx_AM_Params.Data - 0x1,0xf2,0x43,0x80,0x4c,0x0,0x0,0x0,0x0,0x0,0x0,0x0,0x4,0x0,0x0,0x0,0x0, in printACCIParser() EcnrAcProtocol.cpp:39
09-07 14:28:11.817   512   775 I HarmanAudioControl: hacs mSessionId=12, instanceId=0x271a, buf_size=280 in sendCmd() EcnrAudioRouter.cpp:268
09-07 14:28:11.817   512   775 D AudioProcessing: EB_AspControl:e_AC_Destination:0, e_Asp_Module:45, e_Msg_Destination:4, now 1.
09-07 14:28:11.817   512   775 D AudioProcessing: EB_AspControl:Session_ID:0xc, Cmd_ID:0x227c, Cmd_Type:0x1, InstID(Zone number):0x0.
09-07 14:28:11.817   512   775 D AudioProcessing: EB_AspControl:Length:17.
09-07 14:28:11.817   512   775 D AudioProcessing: EB_AspControl:x_A_Params.Data[0]:0x1
09-07 14:28:11.817   512   775 D AudioProcessing: EB_AspControl:x_A_Params.Data[1]:0xf2
09-07 14:28:11.817   512   775 D AudioProcessing: EB_AspControl:x_A_Params.Data[2]:0x43
09-07 14:28:11.817   512   775 D AudioProcessing: EB_AspControl:x_A_Params.Data[3]:0x80
09-07 14:28:11.817   512   775 D AudioProcessing: EB_AspControl:x_A_Params.Data[4]:0x4c
09-07 14:28:11.817   512   775 D AudioProcessing: EB_AspControl:x_A_Params.Data[5]:0x0
09-07 14:28:11.817   512   775 D AudioProcessing: EB_AspControl:x_A_Params.Data[6]:0x0
09-07 14:28:11.817   512   775 D AudioProcessing: EB_AspControl:x_A_Params.Data[7]:0x0
09-07 14:28:11.817   512   775 D AudioProcessing: EB_AspControl:x_A_Params.Data[8]:0x0
09-07 14:28:11.817   512   775 D AudioProcessing: EB_AspControl:x_A_Params.Data[9]:0x0
09-07 14:28:11.817   512   775 D AudioProcessing: EB_AspControl:x_A_Params.Data[10]:0x0
09-07 14:28:11.817   512   775 D AudioProcessing: EB_AspControl:x_A_Params.Data[11]:0x0
09-07 14:28:11.817   512   775 D AudioProcessing: EB_AspControl:x_A_Params.Data[12]:0x4
09-07 14:28:11.817   512   775 D AudioProcessing: EB_AspControl:x_A_Params.Data[13]:0x0
09-07 14:28:11.817   512   775 D AudioProcessing: EB_AspControl:x_A_Params.Data[14]:0x0
09-07 14:28:11.817   512   775 D AudioProcessing: EB_AspControl:x_A_Params.Data[15]:0x0
09-07 14:28:11.817   512   775 D AudioProcessing: EB_AspControl:x_A_Params.Data[16]:0x0
09-07 14:28:11.817   512   775 D AudioProcessing: [sseGetDataParameter->sseGetData] DataID[0xf243804c]
09-07 14:28:11.817   512   775 D AudioProcessing: [sseGetDataParameter->sseGetData] iChannel[0]
09-07 14:28:11.817   512   775 D AudioProcessing: [sseGetDataParameter->sseGetData] puSize[4]
09-07 14:28:11.817   512   775 D AudioProcessing: [sseGetDataParameter->sseGetData] i is 0, p[i] is 0
09-07 14:28:11.817   512   775 I AudioProcessing: sseGetDataParameter->sseGetData finish
09-07 14:28:11.817   512   775 I AudioProcessing: Transp_Mode_State process command 0x227c result 0
09-07 14:28:11.817   512   775 D AudioProcessing: commandExecuteCallback:INPUT PARS:pThis:0x0x75382f2f18, commandId:0x227c, sessionId:0xc, exeResult:0x3826c3e4.
09-07 14:28:11.817   512   775 I HarmanAudioControl: hacs OnCmdCallBack returned:sessionId:12 result:0 in onAudioProcessing() EcnrAudioRouter.cpp:51
09-07 14:28:11.817   512   775 D AudioProcessing: EB_AspControl:e_AC_Destination:0, e_Asp_Module:45, e_Msg_Destination:0, now 1.
09-07 14:28:11.817   512   775 D AudioProcessing: EB_AspControl:Session_ID:0xc, Cmd_ID:0x227c, Cmd_Type:0xc, InstID(Zone number):0x0.
09-07 14:28:11.817   512   775 D AudioProcessing: EB_AspControl:Length:17.
09-07 14:28:11.817   512   775 I AudioProcessing: == EB_AspControl finish ==
09-07 14:28:11.817   512   775 I HarmanAudioControl: hacs dataId=0xf243804c in getReply() EcnrAcProtocol.cpp:273
09-07 14:28:11.817   512   775 I HarmanAudioControl: hacs data=0 in getReply() EcnrAcProtocol.cpp:286
09-07 14:28:11.817   512   775 I HarmanAudioControl: hacs getNrFloorGeneralFloor e_AC_Destination=0x0,e_Msg_Destination=0x4,e_Asp_Module=0x2d,    x_AM_Params.[Session_ID=0xd,Cmd_ID=0x227c,Cmd_Type=0x1,InstID=0x0,Length=0x11] in printACCIParser() EcnrAcProtocol.cpp:32
09-07 14:28:11.817   512   775 I HarmanAudioControl: hacs getNrFloorGeneralFloorx_AM_Params.Data - 0x1,0x4,0x1,0xb0,0x40,0x0,0x0,0x0,0x0,0x0,0x0,0x0,0x4,0x0,0x0,0x0,0x0, in printACCIParser() EcnrAcProtocol.cpp:39
09-07 14:28:11.817   512   775 I HarmanAudioControl: hacs mSessionId=13, instanceId=0x271a, buf_size=280 in sendCmd() EcnrAudioRouter.cpp:268
09-07 14:28:11.817   512   775 D AudioProcessing: EB_AspControl:e_AC_Destination:0, e_Asp_Module:45, e_Msg_Destination:4, now 1.
09-07 14:28:11.817   512   775 D AudioProcessing: EB_AspControl:Session_ID:0xd, Cmd_ID:0x227c, Cmd_Type:0x1, InstID(Zone number):0x0.
09-07 14:28:11.817   512   775 D AudioProcessing: EB_AspControl:Length:17.
09-07 14:28:11.817   512   775 D AudioProcessing: EB_AspControl:x_A_Params.Data[0]:0x1
09-07 14:28:11.817   512   775 D AudioProcessing: EB_AspControl:x_A_Params.Data[1]:0x4
09-07 14:28:11.817   512   775 D AudioProcessing: EB_AspControl:x_A_Params.Data[2]:0x1
09-07 14:28:11.817   512   775 D AudioProcessing: EB_AspControl:x_A_Params.Data[3]:0xb0
09-07 14:28:11.817   512   775 D AudioProcessing: EB_AspControl:x_A_Params.Data[4]:0x40
09-07 14:28:11.817   512   775 D AudioProcessing: EB_AspControl:x_A_Params.Data[5]:0x0
09-07 14:28:11.817   512   775 D AudioProcessing: EB_AspControl:x_A_Params.Data[6]:0x0
09-07 14:28:11.817   512   775 D AudioProcessing: EB_AspControl:x_A_Params.Data[7]:0x0
09-07 14:28:11.817   512   775 D AudioProcessing: EB_AspControl:x_A_Params.Data[8]:0x0
09-07 14:28:11.817   512   775 D AudioProcessing: EB_AspControl:x_A_Params.Data[9]:0x0
09-07 14:28:11.817   512   775 D AudioProcessing: EB_AspControl:x_A_Params.Data[10]:0x0
09-07 14:28:11.817   512   775 D AudioProcessing: EB_AspControl:x_A_Params.Data[11]:0x0
09-07 14:28:11.817   512   775 D AudioProcessing: EB_AspControl:x_A_Params.Data[12]:0x4
09-07 14:28:11.817   512   775 D AudioProcessing: EB_AspControl:x_A_Params.Data[13]:0x0
09-07 14:28:11.817   512   775 D AudioProcessing: EB_AspControl:x_A_Params.Data[14]:0x0
09-07 14:28:11.817   512   775 D AudioProcessing: EB_AspControl:x_A_Params.Data[15]:0x0
09-07 14:28:11.817   512   775 D AudioProcessing: EB_AspControl:x_A_Params.Data[16]:0x0
09-07 14:28:11.817   512   775 D AudioProcessing: [sseGetDataParameter->sseGetData] DataID[0x401b040]
09-07 14:28:11.817   512   775 D AudioProcessing: [sseGetDataParameter->sseGetData] iChannel[0]
09-07 14:28:11.817   512   775 D AudioProcessing: [sseGetDataParameter->sseGetData] puSize[4]
09-07 14:28:11.817   512   775 D AudioProcessing: [sseGetDataParameter->sseGetData] i is 0, p[i] is 0
09-07 14:28:11.817   512   775 I AudioProcessing: sseGetDataParameter->sseGetData finish
09-07 14:28:11.817   512   775 I AudioProcessing: Transp_Mode_State process command 0x227c result 0
09-07 14:28:11.817   512   775 D AudioProcessing: commandExecuteCallback:INPUT PARS:pThis:0x0x75382f2f18, commandId:0x227c, sessionId:0xd, exeResult:0x3826c4c4.
09-07 14:28:11.817   512   775 I HarmanAudioControl: hacs OnCmdCallBack returned:sessionId:13 result:0 in onAudioProcessing() EcnrAudioRouter.cpp:51
09-07 14:28:11.817   512   775 D AudioProcessing: EB_AspControl:e_AC_Destination:0, e_Asp_Module:45, e_Msg_Destination:0, now 1.
09-07 14:28:11.817   512   775 D AudioProcessing: EB_AspControl:Session_ID:0xd, Cmd_ID:0x227c, Cmd_Type:0xc, InstID(Zone number):0x0.
09-07 14:28:11.817   512   775 D AudioProcessing: EB_AspControl:Length:17.
09-07 14:28:11.817   512   775 I AudioProcessing: == EB_AspControl finish ==
09-07 14:28:11.817   512   775 I HarmanAudioControl: hacs dataId=0x401b040 in getReply() EcnrAcProtocol.cpp:273
09-07 14:28:11.817   512   775 I HarmanAudioControl: hacs data=-1000 in getReply() EcnrAcProtocol.cpp:286
09-07 14:28:11.817   512   775 I HarmanAudioControl: hacs getSuppressionDisable e_AC_Destination=0x0,e_Msg_Destination=0x4,e_Asp_Module=0x2d,    x_AM_Params.[Session_ID=0xe,Cmd_ID=0x227c,Cmd_Type=0x1,InstID=0x0,Length=0x11] in printACCIParser() EcnrAcProtocol.cpp:32
09-07 14:28:11.817   512   775 I HarmanAudioControl: hacs getSuppressionDisablex_AM_Params.Data - 0x1,0xd,0xe9,0x38,0x88,0x0,0x0,0x0,0x0,0x0,0x0,0x0,0x4,0x0,0x0,0x0,0x0, in printACCIParser() EcnrAcProtocol.cpp:39
09-07 14:28:11.817   512   775 I HarmanAudioControl: hacs mSessionId=14, instanceId=0x271a, buf_size=280 in sendCmd() EcnrAudioRouter.cpp:268
09-07 14:28:11.817   512   775 D AudioProcessing: EB_AspControl:e_AC_Destination:0, e_Asp_Module:45, e_Msg_Destination:4, now 1.
09-07 14:28:11.817   512   775 D AudioProcessing: EB_AspControl:Session_ID:0xe, Cmd_ID:0x227c, Cmd_Type:0x1, InstID(Zone number):0x0.
09-07 14:28:11.817   512   775 D AudioProcessing: EB_AspControl:Length:17.
09-07 14:28:11.817   512   775 D AudioProcessing: EB_AspControl:x_A_Params.Data[0]:0x1
09-07 14:28:11.817   512   775 D AudioProcessing: EB_AspControl:x_A_Params.Data[1]:0xd
09-07 14:28:11.817   512   775 D AudioProcessing: EB_AspControl:x_A_Params.Data[2]:0xe9
09-07 14:28:11.817   512   775 D AudioProcessing: EB_AspControl:x_A_Params.Data[3]:0x38
09-07 14:28:11.817   512   775 D AudioProcessing: EB_AspControl:x_A_Params.Data[4]:0x88
09-07 14:28:11.817   512   775 D AudioProcessing: EB_AspControl:x_A_Params.Data[5]:0x0
09-07 14:28:11.817   512   775 D AudioProcessing: EB_AspControl:x_A_Params.Data[6]:0x0
09-07 14:28:11.817   512   775 D AudioProcessing: EB_AspControl:x_A_Params.Data[7]:0x0
09-07 14:28:11.817   512   775 D AudioProcessing: EB_AspControl:x_A_Params.Data[8]:0x0
09-07 14:28:11.818   512   775 D AudioProcessing: EB_AspControl:x_A_Params.Data[9]:0x0
09-07 14:28:11.818   512   775 D AudioProcessing: EB_AspControl:x_A_Params.Data[10]:0x0
09-07 14:28:11.818   512   775 D AudioProcessing: EB_AspControl:x_A_Params.Data[11]:0x0
09-07 14:28:11.818   512   775 D AudioProcessing: EB_AspControl:x_A_Params.Data[12]:0x4
09-07 14:28:11.818   512   775 D AudioProcessing: EB_AspControl:x_A_Params.Data[13]:0x0
09-07 14:28:11.818   512   775 D AudioProcessing: EB_AspControl:x_A_Params.Data[14]:0x0
09-07 14:28:11.818   512   775 D AudioProcessing: EB_AspControl:x_A_Params.Data[15]:0x0
09-07 14:28:11.818   512   775 D AudioProcessing: EB_AspControl:x_A_Params.Data[16]:0x0
09-07 14:28:11.818   512   775 D AudioProcessing: [sseGetDataParameter->sseGetData] DataID[0xde93888]
09-07 14:28:11.818   512   775 D AudioProcessing: [sseGetDataParameter->sseGetData] iChannel[0]
09-07 14:28:11.818   512   775 D AudioProcessing: [sseGetDataParameter->sseGetData] puSize[4]
09-07 14:28:11.818   512   775 D AudioProcessing: [sseGetDataParameter->sseGetData] i is 0, p[i] is 0
09-07 14:28:11.818   512   775 I AudioProcessing: sseGetDataParameter->sseGetData finish
09-07 14:28:11.818   512   775 I AudioProcessing: Transp_Mode_State process command 0x227c result 0
09-07 14:28:11.818   512   775 D AudioProcessing: commandExecuteCallback:INPUT PARS:pThis:0x0x75382f2f18, commandId:0x227c, sessionId:0xe, exeResult:0x3826c3e4.
09-07 14:28:11.818   512   775 I HarmanAudioControl: hacs OnCmdCallBack returned:sessionId:14 result:0 in onAudioProcessing() EcnrAudioRouter.cpp:51
09-07 14:28:11.818   512   775 D AudioProcessing: EB_AspControl:e_AC_Destination:0, e_Asp_Module:45, e_Msg_Destination:0, now 1.
09-07 14:28:11.818   512   775 D AudioProcessing: EB_AspControl:Session_ID:0xe, Cmd_ID:0x227c, Cmd_Type:0xc, InstID(Zone number):0x0.
09-07 14:28:11.818   512   775 D AudioProcessing: EB_AspControl:Length:17.
09-07 14:28:11.820   512   775 I AudioProcessing: == EB_AspControl finish ==
09-07 14:28:11.821   512   775 I HarmanAudioControl: hacs dataId=0xde93888 in getReply() EcnrAcProtocol.cpp:273
09-07 14:28:11.821   512   775 I HarmanAudioControl: hacs data=0 in getReply() EcnrAcProtocol.cpp:286
09-07 14:28:11.821   512   775 I HarmanAudioControl: hacs getMultiChannelBypass e_AC_Destination=0x0,e_Msg_Destination=0x4,e_Asp_Module=0x2d,    x_AM_Params.[Session_ID=0xf,Cmd_ID=0x227c,Cmd_Type=0x1,InstID=0x0,Length=0x11] in printACCIParser() EcnrAcProtocol.cpp:32
09-07 14:28:11.821   512   775 I HarmanAudioControl: hacs getMultiChannelBypassx_AM_Params.Data - 0x1,0xe7,0x58,0xa9,0xe1,0x0,0x0,0x0,0x0,0x0,0x0,0x0,0x4,0x0,0x0,0x0,0x0, in printACCIParser() EcnrAcProtocol.cpp:39
09-07 14:28:11.821   512   775 I HarmanAudioControl: hacs mSessionId=15, instanceId=0x271a, buf_size=280 in sendCmd() EcnrAudioRouter.cpp:268
09-07 14:28:11.821   512   775 D AudioProcessing: EB_AspControl:e_AC_Destination:0, e_Asp_Module:45, e_Msg_Destination:4, now 1.
09-07 14:28:11.821   512   775 D AudioProcessing: EB_AspControl:Session_ID:0xf, Cmd_ID:0x227c, Cmd_Type:0x1, InstID(Zone number):0x0.
09-07 14:28:11.821   512   775 D AudioProcessing: EB_AspControl:Length:17.
09-07 14:28:11.821   512   775 D AudioProcessing: EB_AspControl:x_A_Params.Data[0]:0x1
09-07 14:28:11.821   512   775 D AudioProcessing: EB_AspControl:x_A_Params.Data[1]:0xe7
09-07 14:28:11.821   512   775 D AudioProcessing: EB_AspControl:x_A_Params.Data[2]:0x58
09-07 14:28:11.821   512   775 D AudioProcessing: EB_AspControl:x_A_Params.Data[3]:0xa9
09-07 14:28:11.821   512   775 D AudioProcessing: EB_AspControl:x_A_Params.Data[4]:0xe1
09-07 14:28:11.821   512   775 D AudioProcessing: EB_AspControl:x_A_Params.Data[5]:0x0
09-07 14:28:11.821   512   775 D AudioProcessing: EB_AspControl:x_A_Params.Data[6]:0x0
09-07 14:28:11.821   512   775 D AudioProcessing: EB_AspControl:x_A_Params.Data[7]:0x0
09-07 14:28:11.821   512   775 D AudioProcessing: EB_AspControl:x_A_Params.Data[8]:0x0
09-07 14:28:11.821   512   775 D AudioProcessing: EB_AspControl:x_A_Params.Data[9]:0x0
09-07 14:28:11.821   512   775 D AudioProcessing: EB_AspControl:x_A_Params.Data[10]:0x0
09-07 14:28:11.821   512   775 D AudioProcessing: EB_AspControl:x_A_Params.Data[11]:0x0
09-07 14:28:11.821   512   775 D AudioProcessing: EB_AspControl:x_A_Params.Data[12]:0x4
09-07 14:28:11.821   512   775 D AudioProcessing: EB_AspControl:x_A_Params.Data[13]:0x0
09-07 14:28:11.821   512   775 D AudioProcessing: EB_AspControl:x_A_Params.Data[14]:0x0
09-07 14:28:11.821   512   775 D AudioProcessing: EB_AspControl:x_A_Params.Data[15]:0x0
09-07 14:28:11.821   512   775 D AudioProcessing: EB_AspControl:x_A_Params.Data[16]:0x0
09-07 14:28:11.821   512   775 D AudioProcessing: [sseGetDataParameter->sseGetData] DataID[0xe758a9e1]
09-07 14:28:11.821   512   775 D AudioProcessing: [sseGetDataParameter->sseGetData] iChannel[0]
09-07 14:28:11.821   512   775 D AudioProcessing: [sseGetDataParameter->sseGetData] puSize[4]
09-07 14:28:11.821   512   775 D AudioProcessing: [sseGetDataParameter->sseGetData] i is 0, p[i] is 0
09-07 14:28:11.821   512   775 I AudioProcessing: sseGetDataParameter->sseGetData finish
09-07 14:28:11.821   512   775 I AudioProcessing: Transp_Mode_State process command 0x227c result 0
09-07 14:28:11.821   512   775 D AudioProcessing: commandExecuteCallback:INPUT PARS:pThis:0x0x75382f2f18, commandId:0x227c, sessionId:0xf, exeResult:0x3826c3e4.
09-07 14:28:11.821   512   775 I HarmanAudioControl: hacs OnCmdCallBack returned:sessionId:15 result:0 in onAudioProcessing() EcnrAudioRouter.cpp:51
09-07 14:28:11.821   512   775 D AudioProcessing: EB_AspControl:e_AC_Destination:0, e_Asp_Module:45, e_Msg_Destination:0, now 1.
09-07 14:28:11.821   512   775 D AudioProcessing: EB_AspControl:Session_ID:0xf, Cmd_ID:0x227c, Cmd_Type:0xc, InstID(Zone number):0x0.
09-07 14:28:11.821   512   775 D AudioProcessing: EB_AspControl:Length:17.
09-07 14:28:11.821   512   775 I AudioProcessing: == EB_AspControl finish ==
09-07 14:28:11.821   512   775 I HarmanAudioControl: hacs dataId=0xe758a9e1 in getReply() EcnrAcProtocol.cpp:273
09-07 14:28:11.821   512   775 I HarmanAudioControl: hacs data=1 in getReply() EcnrAcProtocol.cpp:286
09-07 14:28:11.824  2584 10896 W vCard   : Property name unsupported by vCard 2.1: N
09-07 14:28:11.825   512   775 I HarmanAudioControl: hacs keyValuePairs: ecnr_scenario=2MIC_Handsfree_BT_Tel_WB_DL;ecnr_zenable=1 in setParameters() EcnrPluginImp.cpp:1017
09-07 14:28:11.825   512   775 I HarmanAudioControl: hacs setEcnrScenario, scenario = 2MIC_Handsfree_BT_Tel_WB_DL in setEcnrScenario() EcnrPluginImp.cpp:109
09-07 14:28:11.825   512 13127 I HarmanAudioControl: hacs funcname(setParameters) sessionValue(65) reply with result(0) in operator()() PluginManager.h:383
09-07 14:28:11.825   512 13127 I HarmanHal: PluginInterface::handlePluginReply session found sessionId 65 result 0
09-07 14:28:11.826   512   775 I HarmanAudioControl: hacs scenario: 2MIC_Handsfree_BT_Tel_WB_DL, status: 1 in setEcnrScenarioStatus() EcnrPluginImp.cpp:484
09-07 14:28:11.826   512   775 W HarmanAudioControl: hacs The same. Do nothing. in setEcnrScenarioStatus() EcnrPluginImp.cpp:511
09-07 14:28:11.826   512   775 I HarmanAudioControl: hacs keyValuePairs: ecnr_scenario=2MIC_Handsfree_BT_Tel_WB_UL;ecnr_zenable=1 in setParameters() EcnrPluginImp.cpp:1017
09-07 14:28:11.826   512   775 I HarmanAudioControl: hacs setEcnrScenario, scenario = 2MIC_Handsfree_BT_Tel_WB_UL in setEcnrScenario() EcnrPluginImp.cpp:109
09-07 14:28:11.826   512 13144 I HarmanAudioControl: hacs funcname(setParameters) sessionValue(70) reply with result(0) in operator()() PluginManager.h:383
09-07 14:28:11.826   512 13144 I HarmanHal: PluginInterface::handlePluginReply session found sessionId 70 result 0
09-07 14:28:11.827   512 13169 I HarmanHal.Routing: hacs Enable ADTM print for alsa node(pcmBtHfp_dl_pre_c) in printADTM() PcmAlsaWrapper.cpp:831
09-07 14:28:11.827   512 13169 I HarmanHal.Routing: hacs Different RateAudioSampleItem 48000, 16000 in operator==() AudioSample.hpp:145
09-07 14:28:11.827   512 13169 I HarmanHal.Routing: hacs owner(pcmHfp_dl_p): do SRC! in ifNeedDoConvert() AudioPort.cpp:515
09-07 14:28:11.827   512 13169 I HarmanHal.Routing: hacs owner(pcmHfp_dl_p): dst param -- sampleRate(48000) format(3) channels(1) periodSize(384) in ifNeedDoConvert() AudioPort.cpp:535
09-07 14:28:11.827   512 13169 I HarmanHal.Routing: hacs owner(pcmHfp_dl_p): NEED DO CONFIGURATION FOR CONVERT in ifNeedDoConvert() AudioPort.cpp:537
09-07 14:28:11.827   512  1065 I HarmanHal: ------ LoadParamsDone for bus : bus7_bt_dnlink_in, audio source type : 4
09-07 14:28:11.827   512 13169 I HarmanHal.Routing: hacs Different RateAudioSampleItem 16000, 48000 in operator==() AudioSample.hpp:145
09-07 14:28:11.827   512 13169 I HarmanHal.Routing: hacs SRC rate=16000, format=3, channels=1 in configure() AudioConversion.cpp:122
09-07 14:28:11.827   512 13169 I HarmanHal.Routing: hacs DST rate=48000, format=3, channels=1 in configure() AudioConversion.cpp:123
09-07 14:28:11.827   512 13169 I HarmanHal.Routing: hacs id(197651984) bufferNum(3) in createRingBuffer() RingBufferManager.cpp:105
09-07 14:28:11.827   512 13169 I HarmanHal.Routing: hacs channels(1) frames(128) bufferNum(3) mIsInitialized(0) in initialize() RingBuffer.cpp:412
09-07 14:28:11.827   512  1065 I HarmanHal: after handling cmEvtLoadParamsDone event in loadparams state changing next state to st_SetSrcVol in Info2 state machine
09-07 14:28:11.827   512 13169 I HarmanHal.Routing: hacs format = 3, in_sample_rate = 16000, out_sample_rate = 48000, max_channel_num = 1, max_sample_num = 128 mRingBufferSize = 768 in configure_deinterleave() AudioResampler.cpp:210
09-07 14:28:11.827   512 13169 I AudioProcessing: [SRC_Create] src wrapper version is 1.0.0.
09-07 14:28:11.827   512  1065 I HarmanHal: ------ setSourceVolume bus: bus7_bt_dnlink_in --------
09-07 14:28:11.827   512 13169 I HarmanHal.Routing: hacs mAudioConverter[2] = 0xb40000760bc7ee10 in doConfigureAndAddConverter() AudioConversion.cpp:273
09-07 14:28:11.827   512 13169 I HarmanHal.Routing: hacs SUCCESS in configure() AudioConversion.cpp:137
09-07 14:28:11.827   512 13169 I HarmanHal.Routing: hacs id(734569264) for new buffer, type = 2 in createRingBuffer() RingBufferManager.cpp:32
09-07 14:28:11.827   512 13169 I HarmanHal.Routing: hacs channels(24) frames(768) bufferNum(3) mIsInitialized(0) in initialize() RingBuffer.cpp:412
09-07 14:28:11.827   512  1065 I HarmanHal: Entering state IntSrcSM::st_SetSrcVol in Info2_StateMachine
09-07 14:28:11.827   512  1068 I HarmanHal: VolumeController::doSetVolume bus: bus7_bt_dnlink_in  value: -1
09-07 14:28:11.827   512 13169 I HarmanHal.Routing: hacs owner(pcmHfp_dl_p) success to create a buffer: type = 1, interleaved = 0 in getRingBuffer() AudioPort.cpp:607
09-07 14:28:11.828   512 13169 I HarmanHal.Routing: hacs id(466265888) bufferSize(1536) bufferNum(3) in createRingBuffer() RingBufferManager.cpp:77
09-07 14:28:11.828   512 13169 I HarmanHal.Routing: hacs bufferSize(1536 --> 1536) bufferNum(3) this(0xb4000075bbc7ca00) in initialize() RingBuffer.cpp:384
09-07 14:28:11.828   512 13169 I HarmanHal.Routing: hacs Enable ADTM print for alsa node(pcmHfp_dl_p) in printADTM() PcmAlsaWrapper.cpp:831
09-07 14:28:11.830   512  1068 I HarmanHal: VolumeController::doSetVolume step:10 gain:-24.000000 timing:500.000000
09-07 14:28:11.830   512  1068 I HarmanHal: plugin interface volume cmd streamType = 1 sourceType =4 gain=-24.000000 timing=500.000000 step=10
09-07 14:28:11.830   512  1068 I HarmanAudioControl: hacs PluginMgr setVolume start. in setVolume() PluginManager.cpp:906
09-07 14:28:11.831   512  1068 I HarmanAudioControl: hacs optConcurrence funcname(setVolume) sessionValue(72) done. in optConcurrence() PluginManager.h:412
09-07 14:28:11.831   512   725 I HarmanAudioControl: hacs zoneId: 0, volumeParam.streamType: 1, volumeParam.gain: -24.000000, boost: 0x4bd37b10, size: 2, time:500.000000 in setVolume() ADSPPluginImp.cpp:451
09-07 14:28:11.831   512  1068 I HarmanHal: PluginInterface sessionId for volume is 72
09-07 14:28:11.831   512   725 I HarmanAudioControl: hacs zoneId: 0, streamType: 1, lastGain: -24.000000, curGain: -24.000000, time: 500.000000 in setVolumeRampTime() ADSPPluginImp.cpp:409
09-07 14:28:11.831   512   725 W HarmanAudioControl: hacs The current gain value is the same as the last gain value, diff gain(0.000000), skip set Ramptime in calRampTimeRate() ADSPPluginImp.cpp:2757
09-07 14:28:11.831   512   725 I HarmanAudioControl: hacs Set Loudness gain, value is: 11.000000, SubblockID is: 0, offset is: 4 in setLoudness() ADSPPluginImp.cpp:2444
09-07 14:28:11.831   512   725 V acdb-loader-wrapper: 479:acdb_loader_set_audio_cal_v2
09-07 14:28:11.831   512   725 D acdb_loader_proxy: acdb_loader_set_audio_cal_v2: datalen(272)
09-07 14:28:11.832   393  1492 D acdb_loader_server: onTransact SET_AUDIO_CAL_V2: datalen(272)
09-07 14:28:11.833   512   725 V acdb-loader-wrapper: 494:acdb_loader_get_audio_cal_v2
09-07 14:28:11.833   512   725 D acdb_loader_proxy: acdb_loader_get_audio_cal_v2: provided datalen(272)
09-07 14:28:11.834   512 12999 D HarmanHAL: StreamIn::getCapturePositionImpl
09-07 14:28:11.834   393  1492 D acdb_loader_server: onTransact GET_AUDIO_CAL_V2
09-07 14:28:11.834   393  1492 D acdb_loader_server: onTransact: provided datalen(272)
09-07 14:28:11.835   393  1492 D acdb_loader_server: onTransact: returned datalen(272)
09-07 14:28:11.836   512   725 D acdb_loader_proxy: acdb_loader_get_audio_cal_v2: returned datalen(272)
09-07 14:28:11.837   512   725 I HarmanAudioControl: hacs Set Loudness gain, value is: 2.000000, SubblockID is: 0, offset is: 24 in setLoudness() ADSPPluginImp.cpp:2444
09-07 14:28:11.837   512   725 V acdb-loader-wrapper: 479:acdb_loader_set_audio_cal_v2
09-07 14:28:11.837   512   725 D acdb_loader_proxy: acdb_loader_set_audio_cal_v2: datalen(272)
09-07 14:28:11.837   393  1492 D acdb_loader_server: onTransact SET_AUDIO_CAL_V2: datalen(272)
09-07 14:28:11.838   512   725 V acdb-loader-wrapper: 494:acdb_loader_get_audio_cal_v2
09-07 14:28:11.839   512   725 D acdb_loader_proxy: acdb_loader_get_audio_cal_v2: provided datalen(272)
09-07 14:28:11.839   512   775 I HarmanAudioControl: hacs scenario: 2MIC_Handsfree_BT_Tel_WB_UL, status: 1 in setEcnrScenarioStatus() EcnrPluginImp.cpp:484
09-07 14:28:11.839   393  1492 D acdb_loader_server: onTransact GET_AUDIO_CAL_V2
09-07 14:28:11.839   512   775 W HarmanAudioControl: hacs The same. Do nothing. in setEcnrScenarioStatus() EcnrPluginImp.cpp:511
09-07 14:28:11.839   393  1492 D acdb_loader_server: onTransact: provided datalen(272)
09-07 14:28:11.839   512 13145 I HarmanAudioControl: hacs funcname(setParameters) sessionValue(71) reply with result(0) in operator()() PluginManager.h:383
09-07 14:28:11.839   512 13145 I HarmanHal: PluginInterface::handlePluginReply session found sessionId 71 result 0
09-07 14:28:11.840   530   602 E NetlinkEvent: NetlinkEvent::FindParam(): Parameter 'PRODUCT' not found
09-07 14:28:11.840   530   602 E NetlinkEvent: NetlinkEvent::FindParam(): Parameter 'DEVNAME' not found
09-07 14:28:11.840   530   602 E NetlinkEvent: NetlinkEvent::FindParam(): Parameter 'INTERFACE' not found
09-07 14:28:11.840   531   595 E NetlinkEvent: NetlinkEvent::FindParam(): Parameter 'dual_role_usb' not found
09-07 14:28:11.840   531   595 E NetlinkEvent: NetlinkEvent::FindParam(): Parameter 'OVER_CURRENT_PORT' not found
09-07 14:28:11.840   531   595 E NetlinkEvent: NetlinkEvent::FindParam(): Parameter 'UNRECOGNIZED_USB_DEVICE_ON_PORT' not found
09-07 14:28:11.841   393  1492 D acdb_loader_server: onTransact: returned datalen(272)
09-07 14:28:11.841   512   725 D acdb_loader_proxy: acdb_loader_get_audio_cal_v2: returned datalen(272)
09-07 14:28:11.841   512   725 I HarmanAudioControl: hacs Set Loudness gain, value is: 11.000000, SubblockID is: 1, offset is: 4 in setLoudness() ADSPPluginImp.cpp:2444
09-07 14:28:11.841   512   725 V acdb-loader-wrapper: 479:acdb_loader_set_audio_cal_v2
09-07 14:28:11.841   512   725 D acdb_loader_proxy: acdb_loader_set_audio_cal_v2: datalen(272)
09-07 14:28:11.842   393  1492 D acdb_loader_server: onTransact SET_AUDIO_CAL_V2: datalen(272)
09-07 14:28:11.843   512   725 V acdb-loader-wrapper: 494:acdb_loader_get_audio_cal_v2
09-07 14:28:11.843   512   725 D acdb_loader_proxy: acdb_loader_get_audio_cal_v2: provided datalen(272)
09-07 14:28:11.843   393  1492 D acdb_loader_server: onTransact GET_AUDIO_CAL_V2
09-07 14:28:11.843   393  1492 D acdb_loader_server: onTransact: provided datalen(272)
09-07 14:28:11.843   512 13169 I HarmanHal.Routing: hacs owner(sse_bt_call_dl): NO NEED DO CONVERT in ifNeedDoConvert() AudioPort.cpp:546
09-07 14:28:11.844   512 13169 E HarmanHal.Routing: hacs module(pcmHfp_dl_p): try recover from Error: Broken pipe in writeFrame() PcmAlsaWrapper.cpp:362
09-07 14:28:11.845   530   602 E NetlinkEvent: NetlinkEvent::FindParam(): Parameter 'PRODUCT' not found
09-07 14:28:11.845   530   602 E NetlinkEvent: NetlinkEvent::FindParam(): Parameter 'DEVNAME' not found
09-07 14:28:11.845   530   602 E NetlinkEvent: NetlinkEvent::FindParam(): Parameter 'INTERFACE' not found
09-07 14:28:11.845   531   595 E NetlinkEvent: NetlinkEvent::FindParam(): Parameter 'dual_role_usb' not found
09-07 14:28:11.845   531   595 E NetlinkEvent: NetlinkEvent::FindParam(): Parameter 'OVER_CURRENT_PORT' not found
09-07 14:28:11.845   531   595 E NetlinkEvent: NetlinkEvent::FindParam(): Parameter 'UNRECOGNIZED_USB_DEVICE_ON_PORT' not found
09-07 14:28:11.847   393  1492 D acdb_loader_server: onTransact: returned datalen(272)
09-07 14:28:11.848   512   725 D acdb_loader_proxy: acdb_loader_get_audio_cal_v2: returned datalen(272)
09-07 14:28:11.848   512   725 I HarmanAudioControl: hacs Set Loudness gain, value is: 2.000000, SubblockID is: 1, offset is: 24 in setLoudness() ADSPPluginImp.cpp:2444
09-07 14:28:11.848   512   725 V acdb-loader-wrapper: 479:acdb_loader_set_audio_cal_v2
09-07 14:28:11.848   512   725 D acdb_loader_proxy: acdb_loader_set_audio_cal_v2: datalen(272)
09-07 14:28:11.848   530   602 E NetlinkEvent: NetlinkEvent::FindParam(): Parameter 'PRODUCT' not found
09-07 14:28:11.848   530   602 E NetlinkEvent: NetlinkEvent::FindParam(): Parameter 'DEVNAME' not found
09-07 14:28:11.848   393  1492 D acdb_loader_server: onTransact SET_AUDIO_CAL_V2: datalen(272)
09-07 14:28:11.849   530   602 E NetlinkEvent: NetlinkEvent::FindParam(): Parameter 'INTERFACE' not found
09-07 14:28:11.849   531   595 E NetlinkEvent: NetlinkEvent::FindParam(): Parameter 'dual_role_usb' not found
09-07 14:28:11.849   531   595 E NetlinkEvent: NetlinkEvent::FindParam(): Parameter 'OVER_CURRENT_PORT' not found
09-07 14:28:11.849   531   595 E NetlinkEvent: NetlinkEvent::FindParam(): Parameter 'UNRECOGNIZED_USB_DEVICE_ON_PORT' not found
09-07 14:28:11.851   512   725 V acdb-loader-wrapper: 494:acdb_loader_get_audio_cal_v2
09-07 14:28:11.851   512   725 D acdb_loader_proxy: acdb_loader_get_audio_cal_v2: provided datalen(272)
09-07 14:28:11.852   393  1492 D acdb_loader_server: onTransact GET_AUDIO_CAL_V2
09-07 14:28:11.852   393  1492 D acdb_loader_server: onTransact: provided datalen(272)
09-07 14:28:11.852   393  1492 D acdb_loader_server: onTransact: returned datalen(272)
09-07 14:28:11.852   512   725 D acdb_loader_proxy: acdb_loader_get_audio_cal_v2: returned datalen(272)
09-07 14:28:11.853   512   725 V acdb-loader-wrapper: 479:acdb_loader_set_audio_cal_v2
09-07 14:28:11.853   512   725 D acdb_loader_proxy: acdb_loader_set_audio_cal_v2: datalen(272)
09-07 14:28:11.854   393  1492 D acdb_loader_server: onTransact SET_AUDIO_CAL_V2: datalen(272)
09-07 14:28:11.854   512 13169 E HarmanHal.Routing: hacs module(pcmHfp_dl_p): try recover from Error: Broken pipe in writeFrame() PcmAlsaWrapper.cpp:362
09-07 14:28:11.856   512   725 V acdb-loader-wrapper: 494:acdb_loader_get_audio_cal_v2
09-07 14:28:11.856   512   725 D acdb_loader_proxy: acdb_loader_get_audio_cal_v2: provided datalen(272)
09-07 14:28:11.856   393  1492 D acdb_loader_server: onTransact GET_AUDIO_CAL_V2
09-07 14:28:11.857   393  1492 D acdb_loader_server: onTransact: provided datalen(272)
09-07 14:28:11.857   393  1492 D acdb_loader_server: onTransact: returned datalen(272)
09-07 14:28:11.858   512   725 D acdb_loader_proxy: acdb_loader_get_audio_cal_v2: returned datalen(272)
09-07 14:28:11.859   512 13176 I HarmanAudioControl: hacs funcname(setVolume) sessionValue(72) reply with result(0) in operator()() PluginManager.h:383
09-07 14:28:11.859   512 13176 I HarmanHal: PluginInterface::handlePluginReply session found sessionId 72 result 0
09-07 14:28:11.859   512 13176 I KPI_Marker: [196.432607] [HarmanAudioEffect] Audio_Volume_Changed
09-07 14:28:11.859   512  1065 I HarmanHal: doSrcVolumeDone, cmEvtVolDone for bus : bus7_bt_dnlink_in , audio source type : 4
09-07 14:28:11.859   512  1065 I HarmanHal: after handling cmEvtVolDone event in setsrcVol state changing next state to st_rampUp in Info2 state machine
09-07 14:28:11.860   512  1065 I HarmanHal: ------- ConnectionController::rampUp bus : bus7_bt_dnlink_in ----------
09-07 14:28:11.860   512  1065 I HarmanHal: MuteController:: Handling setMute request : muteState : 0 
09-07 14:28:11.860   512  1065 I KPI_Marker: [196.433592] [HarmanAudioControl] Audio_Fade_In
09-07 14:28:11.860   512  1065 I HarmanHal: Entering state IntSrcSM::st_rampUp in Info2_StateMachine
09-07 14:28:11.862   512  1066 I HarmanHal: MuteController::doSetMute Busname:bus7_bt_dnlink_in, Stream Type=1, Source type=4  mute status : 0 
09-07 14:28:11.862   512  1066 I HarmanHal: plugin interface mute streamType = 1 sourceType =4 state=0 timing=100.000000 fadingmute=9 newBus:bus7_bt_dnlink_in
09-07 14:28:11.862   512  1066 I HarmanAudioControl: hacs PluginMgr setMute start. in setMute() PluginManager.cpp:929
09-07 14:28:11.862   512  1066 I HarmanAudioControl: hacs optConcurrence funcname(setMute) sessionValue(73) done. in optConcurrence() PluginManager.h:412
09-07 14:28:11.862   512   725 I HarmanAudioControl: hacs zoneId: 0, muteParam.streamType: 1, muteParam.state: 0, muteParam.timing: 100.000000 in setMute() ADSPPluginImp.cpp:526
09-07 14:28:11.862   512  1066 I HarmanHal: PluginInterface sessionId for mute is 73
09-07 14:28:11.862   512   725 I HarmanAudioControl: hacs zoneId: 0, streamType: 1, lastGain: -128.000000, curGain: -24.000000, time: 100.000000 in setMuteRampTime() ADSPPluginImp.cpp:370
09-07 14:28:11.862   512   725 I HarmanAudioControl: hacs ::setMuteRampTime() zoneId = 0, streamType = 1, type = 0, timeRate = 0.961538 in setMuteRampTime() AudioWorxXtp.cpp:164
09-07 14:28:11.862   512   725 V acdb-loader-wrapper: 479:acdb_loader_set_audio_cal_v2
09-07 14:28:11.863   512   725 D acdb_loader_proxy: acdb_loader_set_audio_cal_v2: datalen(272)
09-07 14:28:11.864   512 12999 D HarmanHAL: StreamIn::getCapturePositionImpl
09-07 14:28:11.864   393  1492 D acdb_loader_server: onTransact SET_AUDIO_CAL_V2: datalen(272)
09-07 14:28:11.865   530   602 E NetlinkEvent: NetlinkEvent::FindParam(): Parameter 'PRODUCT' not found
09-07 14:28:11.865   530   602 E NetlinkEvent: NetlinkEvent::FindParam(): Parameter 'DEVNAME' not found
09-07 14:28:11.865   530   602 E NetlinkEvent: NetlinkEvent::FindParam(): Parameter 'INTERFACE' not found
09-07 14:28:11.866   531   595 E NetlinkEvent: NetlinkEvent::FindParam(): Parameter 'dual_role_usb' not found
09-07 14:28:11.866   512   725 V acdb-loader-wrapper: 494:acdb_loader_get_audio_cal_v2
09-07 14:28:11.866   512   725 D acdb_loader_proxy: acdb_loader_get_audio_cal_v2: provided datalen(272)
09-07 14:28:11.866   531   595 E NetlinkEvent: NetlinkEvent::FindParam(): Parameter 'OVER_CURRENT_PORT' not found
09-07 14:28:11.866   531   595 E NetlinkEvent: NetlinkEvent::FindParam(): Parameter 'UNRECOGNIZED_USB_DEVICE_ON_PORT' not found
09-07 14:28:11.866   393  1492 D acdb_loader_server: onTransact GET_AUDIO_CAL_V2
09-07 14:28:11.866   393  1492 D acdb_loader_server: onTransact: provided datalen(272)
09-07 14:28:11.866   393  1492 D acdb_loader_server: onTransact: returned datalen(272)
09-07 14:28:11.867   512   725 D acdb_loader_proxy: acdb_loader_get_audio_cal_v2: returned datalen(272)
09-07 14:28:11.867   512   725 V acdb-loader-wrapper: 479:acdb_loader_set_audio_cal_v2
09-07 14:28:11.867   512   725 D acdb_loader_proxy: acdb_loader_set_audio_cal_v2: datalen(272)
09-07 14:28:11.867   393  1492 D acdb_loader_server: onTransact SET_AUDIO_CAL_V2: datalen(272)
09-07 14:28:11.868   512   725 V acdb-loader-wrapper: 494:acdb_loader_get_audio_cal_v2
09-07 14:28:11.868   512   725 D acdb_loader_proxy: acdb_loader_get_audio_cal_v2: provided datalen(272)
09-07 14:28:11.868   393  1492 D acdb_loader_server: onTransact GET_AUDIO_CAL_V2
09-07 14:28:11.869   393  1492 D acdb_loader_server: onTransact: provided datalen(272)
09-07 14:28:11.871   393  1492 D acdb_loader_server: onTransact: returned datalen(272)
09-07 14:28:11.871   512   725 D acdb_loader_proxy: acdb_loader_get_audio_cal_v2: returned datalen(272)
09-07 14:28:11.872   512 13180 I HarmanAudioControl: hacs funcname(setMute) sessionValue(73) reply with result(0) in operator()() PluginManager.h:383
09-07 14:28:11.872   512 13180 I HarmanHal: PluginInterface::handlePluginReply session found sessionId 73 result 0
09-07 14:28:11.872   512  1066 I HarmanHal: MuteController::handleMessage:: handling callback from Plugin
09-07 14:28:11.873   512  1065 I HarmanHal: ------ doRampUpDone for bus: bus7_bt_dnlink_in , audio source type : 4
09-07 14:28:11.873   512  1065 I HarmanHal: after handling cmEvtRampUpDone event in rampup state changing next state to st_idle in Info2 state machine
09-07 14:28:11.873   512  1065 I HarmanHal: ****** bus name : bus3_call_ring_out   sink:   isRouted : 1  ConnectInProgess : 0   disconnectInProgress : 0  audiosource SOURCE_RING******
09-07 14:28:11.873   512  1065 I HarmanHal: ****** bus name : bus7_bt_dnlink_in   sink:bus4_call_out   isRouted : 1  ConnectInProgess : 0   disconnectInProgress : 0  audiosource SOURCE_VOICE_CALL******
09-07 14:28:11.873   512  1065 I HarmanHal: ----- ConnectionController::connectCompleted bus: bus7_bt_dnlink_in -----
09-07 14:28:11.873   512  1065 I HarmanHal: Found the entry for bus: bus7_bt_dnlink_in deleting from the activation queue 
09-07 14:28:11.873   512  1065 W HarmanHal: busActivated: callback return package is abnormal, you may get the incorrect return value
09-07 14:28:11.873   512  1065 I HarmanHal: Entering state IntSrcSM::st_idle in Info2_StateMachine
09-07 14:28:11.874   512  1220 D HarmanHAL: LegacyDevice::setParameters
09-07 14:28:11.874   512  1220 D HarmanHAL: LegacyDevice::halSetParameters
09-07 14:28:11.874   512  1220 D HarmanHAL: LegacyDevice::setParameters
09-07 14:28:11.874   512  1220 D HarmanHAL: LegacyDevice::halSetParameters
09-07 14:28:11.875  2584  3179 W droid.bluetoot: Long monitor contention with owner HeadsetClient.SM (3223) at void com.android.bluetooth.hfpclient.HeadsetClientStateMachine.routeHfpAudio(boolean)(HeadsetClientStateMachine.java:935) waiters=0 in int com.android.bluetooth.hfpclient.HeadsetClientStateMachine.getConnectionState(android.bluetooth.BluetoothDevice) for 356ms
09-07 14:28:11.877 12199 12199 I Harman-Multi-VPA: [App][10][10]Received CALL_STATE_OFFHOOK
09-07 14:28:11.879 12199 12441 I Harman-Multi-VPA: [ExtVPA]CExtVPAEventsQueue::sendEvent()
09-07 14:28:11.882  1723  1723 I CarPlay : 2021-09-07 02:28:11.882012 PM [CarPlay][DomainCore] cpBTClient::appPhoneStateNotification, Phone: Yes, BTAddr: A8:9C:ED:AC:1F:73, SpeechMode: 2
09-07 14:28:11.882  1723  1948 I CarPlay : 2021-09-07 02:28:11.882575 PM [CarPlay][ResMgr] Updating init App State: Phone: YES, Navi: NO, Speech :Speaking
09-07 14:28:11.882   530   602 E NetlinkEvent: NetlinkEvent::FindParam(): Parameter 'PRODUCT' not found
09-07 14:28:11.882   530   602 E NetlinkEvent: NetlinkEvent::FindParam(): Parameter 'DEVNAME' not found
09-07 14:28:11.882   530   602 E NetlinkEvent: NetlinkEvent::FindParam(): Parameter 'INTERFACE' not found
09-07 14:28:11.883   531   595 E NetlinkEvent: NetlinkEvent::FindParam(): Parameter 'dual_role_usb' not found
09-07 14:28:11.883   531   595 E NetlinkEvent: NetlinkEvent::FindParam(): Parameter 'OVER_CURRENT_PORT' not found
09-07 14:28:11.883   531   595 E NetlinkEvent: NetlinkEvent::FindParam(): Parameter 'UNRECOGNIZED_USB_DEVICE_ON_PORT' not found
09-07 14:28:11.883  1723  1723 D BluetoothHeadsetClient: getCurrentCalls()
09-07 14:28:11.883   512 13169 E HarmanHal.Routing: hacs module(pcmHfp_dl_p): try recover from Error: Broken pipe in writeFrame() PcmAlsaWrapper.cpp:362
09-07 14:28:11.885  1723  1723 D BluetoothHeadsetClient: getCurrentCalls()
09-07 14:28:11.890   576  1159 W APM::AudioPolicyEngine: getDevicesForStrategy() unknown strategy: -1
09-07 14:28:11.891   576  1159 W APM::AudioPolicyEngine: getDevicesForStrategy() unknown strategy: -1
09-07 14:28:11.892 12199 12433 I Harman-Multi-VPA: [ExtVPA]CSysCallEventsQueue::isExtVPAEventUnhandled()
09-07 14:28:11.892   576  1159 W APM::AudioPolicyEngine: getDevicesForStrategy() unknown strategy: -1
09-07 14:28:11.892   576  1159 W APM::AudioPolicyEngine: getDevicesForStrategy() unknown strategy: -1
09-07 14:28:11.892 12199 12433 I Harman-Multi-VPA: [ExtVPA]CSysCallEventsQueue::setExtVPAEventUnhandledStatus()
09-07 14:28:11.892 12199 12429 I Harman-Multi-VPA: [ExtVPA]CExtVPAEventsQueue::run()
09-07 14:28:11.893 12199 12429 I Harman-Multi-VPA: [ExtVPA]CExtVPAEventsQueue::getEvent()
09-07 14:28:11.893 12199 12429 I Harman-Multi-VPA: [ExtVPA]CGSysCallDispatcherBase::stopVoiceSession()
09-07 14:28:11.894   512 12999 D HarmanHAL: StreamIn::getCapturePositionImpl
09-07 14:28:11.895 12199 12442 I Harman-Multi-VPA: [ARB]CSysCallArbEventCommon::processEvent()
09-07 14:28:11.895   512  1220 D HarmanHAL: StreamIn::updateSinkMetadata
09-07 14:28:11.895   512  1221 D HarmanHAL: StreamIn::standby
09-07 14:28:11.896  1033  1431 I system_server: oneway function results will be dropped but finished with status OK and parcel size 4
09-07 14:28:11.896   512  1221 I HarmanHal: Device::releaseAudioPatch for patch id :53 
09-07 14:28:11.896 12199 12199 D BluetoothHeadsetClient: getCurrentCalls()
09-07 14:28:11.897   512  1221 I HarmanHal: Device::releaseAudioPatch: disconnect handle = 0x35, mDeviceAddress[handle] =  successfully by Hal audio
09-07 14:28:11.897  1033  2748 I system_server: oneway function results will be dropped but finished with status OK and parcel size 4
09-07 14:28:11.898  1033  2748 I system_server: oneway function results will be dropped but finished with status OK and parcel size 4
09-07 14:28:11.898   512  1220 I HarmanHal.Routing: hacs handle = 94, stream(Tuner_Uplink) address = 0xb40000761bca3380 in closeInputStream() Device.cpp:154
09-07 14:28:11.898   512  1220 I HarmanHal.Routing: hacs name(pcmTunerIn_c), mPcmHandle(0xb40000761bca2350) this(0xb40000761bca35d0) in closePcmNode() PcmAlsaWrapper.cpp:49
09-07 14:28:11.898  1033  2748 I system_server: oneway function results will be dropped but finished with status OK and parcel size 4
09-07 14:28:11.900   530   602 E NetlinkEvent: NetlinkEvent::FindParam(): Parameter 'PRODUCT' not found
09-07 14:28:11.899  1033  2748 I system_server: oneway function results will be dropped but finished with status OK and parcel size 4
09-07 14:28:11.900 12199 12199 I Harman-Multi-VPA: [App][10][10]Received CALL_STATE_OFFHOOK
09-07 14:28:11.900   530   602 E NetlinkEvent: NetlinkEvent::FindParam(): Parameter 'DEVNAME' not found
09-07 14:28:11.900   530   602 E NetlinkEvent: NetlinkEvent::FindParam(): Parameter 'INTERFACE' not found
09-07 14:28:11.901   531   595 E NetlinkEvent: NetlinkEvent::FindParam(): Parameter 'dual_role_usb' not found
09-07 14:28:11.901   531   595 E NetlinkEvent: NetlinkEvent::FindParam(): Parameter 'OVER_CURRENT_PORT' not found
09-07 14:28:11.901   531   595 E NetlinkEvent: NetlinkEvent::FindParam(): Parameter 'UNRECOGNIZED_USB_DEVICE_ON_PORT' not found
09-07 14:28:11.903  2584 10896 W vCard   : Property name unsupported by vCard 2.1: N
09-07 14:28:11.904 12199 12447 I Harman-Multi-VPA: [ExtVPA]CExtVPAEventsQueue::sendEvent()
01-01 00:03:14.895     0     0 I event_handler: reclaimed all bufs
09-07 14:28:11.913 12199 12433 I Harman-Multi-VPA: [ExtVPA]CSysCallEventsQueue::isExtVPAEventUnhandled()
09-07 14:28:11.913 12199 12433 I Harman-Multi-VPA: [ExtVPA]CSysCallEventsQueue::setExtVPAEventUnhandledStatus()
09-07 14:28:11.913 12199 12429 I Harman-Multi-VPA: [ExtVPA]CExtVPAEventsQueue::run()
09-07 14:28:11.913 12199 12429 I Harman-Multi-VPA: [ExtVPA]CExtVPAEventsQueue::getEvent()
09-07 14:28:11.913 12199 12429 I Harman-Multi-VPA: [ExtVPA]CGSysCallDispatcherBase::stopVoiceSession()
09-07 14:28:11.914 12199 12445 I Harman-Multi-VPA: [ARB]CSysCallArbEventCommon::processEvent()
09-07 14:28:11.915 12199 12199 D BluetoothHeadsetClient: getCurrentCalls()
09-07 14:28:11.917 12199 12199 I Harman-Multi-VPA: [App][10][10]Received CALL_STATE_OFFHOOK
09-07 14:28:11.919 12199 12434 I Harman-Multi-VPA: [ExtVPA]CExtVPAEventsQueue::sendEvent()
09-07 14:28:11.922   512  1220 I HarmanHal.Routing: hacs alsa node(pcmTunerIn_c): closed in closePcmNode() PcmAlsaWrapper.cpp:61
09-07 14:28:11.922   512  1220 I HarmanHal.Routing: hacs release handler(0xb40000761bca35d0) start in releasePcmHandler() PcmHandlerFactory.cpp:256
09-07 14:28:11.922   512  1220 I HarmanHal.Routing: hacs module(0xb40000761bca35d0) name(pcmTunerIn_c) refCnt(0), delete it in releasePcmHandler() PcmHandlerFactory.cpp:264
09-07 14:28:11.923   512  1220 I HarmanHal.Routing: hacs delete handler(0xb40000761bca35d0) start in deletePcmHandler() PcmHandlerFactory.cpp:227
09-07 14:28:11.923   512  1220 I HarmanHal.Routing: hacs alsa node(pcmTunerIn_c): closed in closePcmNode() PcmAlsaWrapper.cpp:38
09-07 14:28:11.923   512  1220 I HarmanHal.Routing: hacs deactivateScenarioForAudioRecord for Tuner_Uplink 
09-07 14:28:11.923   512  1220 I HarmanHal.Routing:   in closeInputStream() Device.cpp:216
09-07 14:28:11.923 12199 12435 I Harman-Multi-VPA: [ARB]CSysCallArbEventCommon::processEvent()
09-07 14:28:11.923   512  1220 W HarmanHal.Routing: hacs stream name:Tuner_Uplink return invalid state
09-07 14:28:11.923   512  1220 W HarmanHal.Routing:  in close() StreamIn.cpp:527
09-07 14:28:11.929   576  1159 W APM::AudioPolicyEngine: getDevicesForStrategy() unknown strategy: -1
09-07 14:28:11.929   530   602 E NetlinkEvent: NetlinkEvent::FindParam(): Parameter 'PRODUCT' not found
09-07 14:28:11.929   530   602 E NetlinkEvent: NetlinkEvent::FindParam(): Parameter 'DEVNAME' not found
09-07 14:28:11.929   530   602 E NetlinkEvent: NetlinkEvent::FindParam(): Parameter 'INTERFACE' not found
09-07 14:28:11.929   531   595 E NetlinkEvent: NetlinkEvent::FindParam(): Parameter 'dual_role_usb' not found
09-07 14:28:11.929   531   595 E NetlinkEvent: NetlinkEvent::FindParam(): Parameter 'OVER_CURRENT_PORT' not found
09-07 14:28:11.929   531   595 E NetlinkEvent: NetlinkEvent::FindParam(): Parameter 'UNRECOGNIZED_USB_DEVICE_ON_PORT' not found
09-07 14:28:11.933 12199 12433 I Harman-Multi-VPA: [ExtVPA]CSysCallEventsQueue::isExtVPAEventUnhandled()
09-07 14:28:11.933 12199 12433 I Harman-Multi-VPA: [ExtVPA]CSysCallEventsQueue::setExtVPAEventUnhandledStatus()
09-07 14:28:11.934 12199 12429 I Harman-Multi-VPA: [ExtVPA]CExtVPAEventsQueue::run()
09-07 14:28:11.934 12199 12429 I Harman-Multi-VPA: [ExtVPA]CExtVPAEventsQueue::getEvent()
09-07 14:28:11.934 12199 12429 I Harman-Multi-VPA: [ExtVPA]CGSysCallDispatcherBase::stopVoiceSession()
09-07 14:28:11.935   576  1104 I AudioFlinger: BUFFER TIMEOUT: remove(74) from active list on thread 0xb4000074f291a040
09-07 14:28:11.938  1033  2748 I system_server: oneway function results will be dropped but finished with status OK and parcel size 4
09-07 14:28:11.941   530   602 E NetlinkEvent: NetlinkEvent::FindParam(): Parameter 'PRODUCT' not found
09-07 14:28:11.941   530   602 E NetlinkEvent: NetlinkEvent::FindParam(): Parameter 'DEVNAME' not found
09-07 14:28:11.942   530   602 E NetlinkEvent: NetlinkEvent::FindParam(): Parameter 'INTERFACE' not found
09-07 14:28:11.942   531   595 E NetlinkEvent: NetlinkEvent::FindParam(): Parameter 'dual_role_usb' not found
09-07 14:28:11.942   531   595 E NetlinkEvent: NetlinkEvent::FindParam(): Parameter 'OVER_CURRENT_PORT' not found
09-07 14:28:11.942   531   595 E NetlinkEvent: NetlinkEvent::FindParam(): Parameter 'UNRECOGNIZED_USB_DEVICE_ON_PORT' not found
09-07 14:28:11.952  1033  2748 I system_server: oneway function results will be dropped but finished with status OK and parcel size 4
09-07 14:28:11.954   512  1220 I HarmanHal: Device::createAudioPatch Entry
09-07 14:28:11.954   512  1220 I HarmanHal: Device::createAudioPatch: handle = 0x3f, portHandle = 0x2, mDeviceAddress[handle] = bus0_media_out, mDeviceAddress2[portHandle] = bus1_navigation_out
09-07 14:28:11.954   512  1220 I HarmanHal: Device::createAudioPatch: handle = 0x3f, portHandle = 0x2, mDeviceAddress[handle] = , mDeviceAddress2[portHandle] = bus0_media_out
09-07 14:28:11.955  2584 10896 W vCard   : Property name unsupported by vCard 2.1: N
09-07 14:28:11.957   512  1221 I HarmanHal.Routing: hacs handle: 102 devices: 80002000 flags: 0 srate: 48000 format 0x1 channels c address  source 1 in openInputStreamImpl() Device.cpp:541
09-07 14:28:11.957   530   602 E NetlinkEvent: NetlinkEvent::FindParam(): Parameter 'PRODUCT' not found
09-07 14:28:11.957   512  1221 I HarmanHal.Routing: hacs handle = 102, devices = 0x80002000, flags = 0x0, address = , source = 1 in openAdaptiveInputStream() Device.cpp:1097
09-07 14:28:11.957   530   602 E NetlinkEvent: NetlinkEvent::FindParam(): Parameter 'DEVNAME' not found
09-07 14:28:11.957   512  1221 I HarmanHal:  EffectsController::getUplinkPathNameBySrcType uplink path  to be set is 
09-07 14:28:11.957   512  1221 I HarmanHal.Routing: hacs Get HAR path Name: Tuner_Uplink in openAdaptiveInputStream() Device.cpp:1181
09-07 14:28:11.957   512  1221 I HarmanHal.Routing: hacs no name(pcmTunerIn_c) handler created bedore, creating a new instance now in getPcmHandlerByName() PcmHandlerFactory.cpp:282
09-07 14:28:11.957   512  1221 I HarmanHal.Routing: hacs new handler(pcmTunerIn_c) direction(1) start in createPcmHandler() PcmHandlerFactory.cpp:302
09-07 14:28:11.957   512  1221 I HarmanHal.Routing: hacs pcmTunerIn_c sample_rate(48000) num_channles(2) bitwidth(3) periodSize(1536) periodCount(4) channel_map(0) this(0xb40000761bca35d0) in setAlsaAudioParams() PcmHandler.cpp:104
09-07 14:28:11.957   512  1221 I HarmanHal.Routing: hacs sinkPort(0xb40000762bc73270) pathName(Tuner_Uplink) direction(1) in linkSinkPortToRoutingPath() AudioRoutingManager.cpp:228
09-07 14:28:11.957   512  1221 I HarmanHal.Routing: hacs channel mask = 0xc, channel = 2, format = 0x1, rate = 48000 in set() Stream.cpp:397
09-07 14:28:11.958   512  1221 I HarmanHal.Routing: hacs owner(pcmTunerIn_c): owner period ms 32, linked period ms 32 in initRBuffer() AudioPort.cpp:967
09-07 14:28:11.958   530   602 E NetlinkEvent: NetlinkEvent::FindParam(): Parameter 'INTERFACE' not found
09-07 14:28:11.958   531   595 E NetlinkEvent: NetlinkEvent::FindParam(): Parameter 'dual_role_usb' not found
09-07 14:28:11.958   531   595 E NetlinkEvent: NetlinkEvent::FindParam(): Parameter 'OVER_CURRENT_PORT' not found
09-07 14:28:11.959   531   595 E NetlinkEvent: NetlinkEvent::FindParam(): Parameter 'UNRECOGNIZED_USB_DEVICE_ON_PORT' not found
09-07 14:28:11.959   512  1221 V acdb-loader-wrapper: 323:acdb_loader_send_audio_cal_v4
09-07 14:28:11.960   512  1221 D acdb_loader_proxy: acdb_loader_send_audio_cal_v4: acdb_id(143), capability(2), app_id(69938), sample_rate(48000), use_case(0), afe_sample_rate(48000)
09-07 14:28:11.960   393  1492 D acdb_loader_server: onTransact SEND_AUDIO_CAL_V4: acdb_id(143), capability(2), app_id(69938), sample_rate(48000), use_case(0), afe_sample_rate(48000)
09-07 14:28:11.960   393  1492 D ACDB-LOADER: ACDB -> send_audio_cal, acdb_id = 143, path = 1, app id = 0x11132, sample rate = 48000, afe_sample_rate = 48000
09-07 14:28:11.960   393  1492 D ACDB-LOADER: ACDB -> send_asm_topology
09-07 14:28:11.960   393  1492 D ACDB-LOADER: ACDB -> ACDB_CMD_GET_AUDPROC_STREAM_TOPOLOGY_ID
09-07 14:28:11.960   393  1492 D ACDB-LOADER: ACDB -> send_adm_topology
09-07 14:28:11.960   393  1492 D ACDB-LOADER: ACDB -> ACDB_CMD_GET_AUDPROC_COMMON_TOPOLOGY_ID
09-07 14:28:11.960   393  1492 D ACDB-LOADER: ACDB -> send_audtable
09-07 14:28:11.960   393  1492 D ACDB-LOADER: ACDB -> ACDB_CMD_GET_AUDPROC_INSTANCE_COMMON_TABLE_SIZE
09-07 14:28:11.960   393  1492 D ACDB-LOADER: ACDB -> ACDB_CMD_GET_AUDPROC_INSTANCE_COMMON_TABLE
09-07 14:28:11.960   393  1492 D ACDB-LOADER: ACDB -> AUDIO_SET_AUDPROC_CAL cal_type[11] acdb_id[143] app_type[69938]
09-07 14:28:11.960   393  1492 D ACDB-LOADER: check_fnn_usecase_status: fnn usecase active 0
09-07 14:28:11.961   393  1492 D ACDB-LOADER: ACDB -> ACDB_CMD_GET_PERSISTENT_AUDPROC_INSTANCE_COMMON_TABLE_SIZE
09-07 14:28:11.961   393  1492 D acdb_loader_service: [Data Manager]-> No data found
09-07 14:28:11.961   393  1492 D ACDB-LOADER: Error: ACDB_CMD_GET_PERSISTENT_AUDPROC_INSTANCE_COMMON_TABLE_SIZE returned -18
09-07 14:28:11.961   393  1492 D ACDB-LOADER: ACDB -> send_audproc_persist_table -18 
09-07 14:28:11.961   393  1492 D ACDB-LOADER: Error: Invalid Audproc persist size = -18
09-07 14:28:11.961   393  1492 D ACDB-LOADER: ACDB -> ACDB_CMD_GET_AUDPROC_INSTANCE_STREAM_TABLE_SIZE
09-07 14:28:11.961   393  1492 D ACDB-LOADER: ACDB -> send_audstrmtable
09-07 14:28:11.961   393  1492 D ACDB-LOADER: ACDB -> ACDB_CMD_GET_AUDPROC_INSTANCE_STREAM_TABLE
09-07 14:28:11.961   393  1492 D ACDB-LOADER: ACDB -> audstrm_cal->cal_type.cal_data.cal_size = 48
09-07 14:28:11.961   393  1492 D ACDB-LOADER: ACDB -> send_afe_topology
09-07 14:28:11.961   393  1492 D ACDB-LOADER: ACDB -> ACDB_CMD_GET_AFE_TOPOLOGY_ID
09-07 14:28:11.961   393  1492 D ACDB-LOADER: ACDB -> GET_AFE_TOPOLOGY_ID for adcd_id 143, Topology Id 112fb
09-07 14:28:11.961   393  1492 D ACDB-LOADER: ACDB -> send_afe_cal
09-07 14:28:11.961   393  1492 D ACDB-LOADER: ACDB -> ACDB_CMD_GET_AFE_INSTANCE_COMMON_TABLE_SIZE
09-07 14:28:11.961   393  1492 D acdb_loader_service: Failed to fetch the lookup information of the device 0000008F 
09-07 14:28:11.961   393  1492 D ACDB-LOADER: Error: ACDB_CMD_GET_AFE_INSTANCE_COMMON_TABLE_SIZE Returned = -19
09-07 14:28:11.961   393  1492 D ACDB-LOADER: ACDB -> ACDB_CMD_GET_AFE_INSTANCE_COMMON_TABLE
09-07 14:28:11.961   393  1492 D acdb_loader_service: Failed to fetch the lookup information of the device 0000008F 
09-07 14:28:11.961   393  1492 D ACDB-LOADER: Error: ACDB AFE returned = -19
09-07 14:28:11.962   393  1492 D ACDB-LOADER: ACDB -> AUDIO_SET_AFE_CAL cal_type[17] acdb_id[143]
09-07 14:28:11.962   393  1492 D ACDB-LOADER: ACDB -> send_hw_delay : acdb_id = 143 path = 1
09-07 14:28:11.962   393  1492 D ACDB-LOADER: ACDB -> ACDB_AVSYNC_INFO: ACDB_CMD_GET_DEVICE_PROPERTY
09-07 14:28:11.962   512  1221 D audio_route: Apply path: pcmTunerIn_c
09-07 14:28:11.973   530   602 E NetlinkEvent: NetlinkEvent::FindParam(): Parameter 'PRODUCT' not found
09-07 14:28:11.973   530   602 E NetlinkEvent: NetlinkEvent::FindParam(): Parameter 'DEVNAME' not found
09-07 14:28:11.974   530   602 E NetlinkEvent: NetlinkEvent::FindParam(): Parameter 'INTERFACE' not found
09-07 14:28:11.974   531   595 E NetlinkEvent: NetlinkEvent::FindParam(): Parameter 'dual_role_usb' not found
09-07 14:28:11.974   531   595 E NetlinkEvent: NetlinkEvent::FindParam(): Parameter 'OVER_CURRENT_PORT' not found
09-07 14:28:11.974   531   595 E NetlinkEvent: NetlinkEvent::FindParam(): Parameter 'UNRECOGNIZED_USB_DEVICE_ON_PORT' not found
09-07 14:28:11.980   512 13015 I HarmanHal.Routing: hacs alsa node(pcmRing_p) adtm interval_min:0 ms, inverval_max:11 ms, inverval_mean:8 ms!
09-07 14:28:11.980   512 13015 I HarmanHal.Routing:  in printADTM() PcmAlsaWrapper.cpp:876
01-01 00:03:14.959     0     0 E tdm_param_set_slot_mask: invalid slot map setting
01-01 00:03:14.966     0     0 I afe_get_cal_topology_id: port_id = 0x9033 acdb_id = 143 topology_id = 0x112fb cal_type_index=8 ret=0
01-01 00:03:14.966     0     0 E send_afe_cal_type: No cal sent for cal_index 1, port_id = 0x9033! ret -22
01-01 00:03:14.975     0     0 I afe_send_hw_delay: port_id 0x9033 rate 48000 delay_usec 0 status 0
09-07 14:28:11.989   530   602 E NetlinkEvent: NetlinkEvent::FindParam(): Parameter 'PRODUCT' not found
09-07 14:28:11.989   530   602 E NetlinkEvent: NetlinkEvent::FindParam(): Parameter 'DEVNAME' not found
09-07 14:28:11.989   530   602 E NetlinkEvent: NetlinkEvent::FindParam(): Parameter 'INTERFACE' not found
09-07 14:28:11.989   531   595 E NetlinkEvent: NetlinkEvent::FindParam(): Parameter 'dual_role_usb' not found
09-07 14:28:11.989   531   595 E NetlinkEvent: NetlinkEvent::FindParam(): Parameter 'OVER_CURRENT_PORT' not found
09-07 14:28:11.989   531   595 E NetlinkEvent: NetlinkEvent::FindParam(): Parameter 'UNRECOGNIZED_USB_DEVICE_ON_PORT' not found
09-07 14:28:12.005   530   602 E NetlinkEvent: NetlinkEvent::FindParam(): Parameter 'PRODUCT' not found
09-07 14:28:12.005   530   602 E NetlinkEvent: NetlinkEvent::FindParam(): Parameter 'DEVNAME' not found
09-07 14:28:12.005   530   602 E NetlinkEvent: NetlinkEvent::FindParam(): Parameter 'INTERFACE' not found
09-07 14:28:12.005   531   595 E NetlinkEvent: NetlinkEvent::FindParam(): Parameter 'dual_role_usb' not found
09-07 14:28:12.005   531   595 E NetlinkEvent: NetlinkEvent::FindParam(): Parameter 'OVER_CURRENT_PORT' not found
09-07 14:28:12.005   531   595 E NetlinkEvent: NetlinkEvent::FindParam(): Parameter 'UNRECOGNIZED_USB_DEVICE_ON_PORT' not found
09-07 14:28:12.009   512  1221 I HarmanHal.Routing: hacs alsa node(pcmTunerIn_c): opened in openPcmNode() PcmAlsaWrapper.cpp:98
09-07 14:28:12.009   512  1221 I HarmanHal: EffectsController:: setAudioSourceInfoForEcnr audioSource::1  channelMask::12  sampleRate::48000 inputBusName :  
09-07 14:28:12.009   512  1221 I HarmanHal.Routing: hacs setAudioSourceInfoForEcnr: source- 0x1, mask- 0xC address: 
09-07 14:28:12.009   512  1221 I HarmanHal.Routing:  in openAdaptiveInputStream() Device.cpp:1271
09-07 14:28:12.009   512  1221 I HarmanHal.Routing: hacs status 0 stream(80002000, 1, ) address 0xb40000761bca3380 in openInputStreamImpl() Device.cpp:565
09-07 14:28:12.009   512  1221 D HarmanHAL: StreamIn::updateSinkMetadata
09-07 14:28:12.010   512  1220 D HarmanHAL: StreamIn::getAudioProperties
09-07 14:28:12.011   512  3590 D HarmanHAL: StreamIn::getAudioProperties
09-07 14:28:12.012   512  1220 D HarmanHAL: StreamIn::getFrameSize
09-07 14:28:12.012   512  1221 D HarmanHAL: StreamIn::getBufferSize
09-07 14:28:12.013   512  1220 D HarmanHAL: StreamIn::getBufferSize
09-07 14:28:12.013   512  3590 D HarmanHAL: StreamIn::getAudioProperties
09-07 14:28:12.014   576 13199 I AudioFlinger: AudioFlinger's thread 0xb4000072482e1040 tid=13199 ready to run
09-07 14:28:12.014   512  3590 D HarmanHAL: StreamIn::standby
09-07 14:28:12.015   512  3590 I HarmanHal: Device::createAudioPatch Entry
09-07 14:28:12.015   512  3590 I HarmanHal: Device::createAudioPatch: handle = 0x40, portHandle = 0x0, mDeviceAddress[handle] = , mDeviceAddress2[portHandle] = 
09-07 14:28:12.015   512  3590 I HarmanHal: Device::createAudioPatch: source device = 0x80002000, address = tuner0, id = 0x0x1d
09-07 14:28:12.015   512  3590 I HarmanHal: CreateAudioPatch for bus: sink:
09-07 14:28:12.015   512  3590 I HarmanHal: #### CreateAudioPatch for bus is Empty #### 
09-07 14:28:12.015   512  3590 I HarmanHal: Device::createAudioPatch: handle = 0x40, portHandle = 0x1d, mDeviceAddress[handle] = , mDeviceAddress2[portHandle] = 
09-07 14:28:12.015   576 13199 W AudioSystem: ioConfigChanged() modifying unknown output! 102
09-07 14:28:12.016  1033  2748 W AudioSystem: ioConfigChanged() modifying unknown output! 102
09-07 14:28:12.016  2508  3591 W AudioSystem: ioConfigChanged() modifying unknown output! 102
09-07 14:28:12.016  2584 10657 W AudioSystem: ioConfigChanged() modifying unknown output! 102
09-07 14:28:12.016   893  4885 W AudioSystem: ioConfigChanged() modifying unknown output! 102
09-07 14:28:12.016   512  3590 D HarmanHAL: StreamIn::standby
09-07 14:28:12.016  1033 10926 I system_server: oneway function results will be dropped but finished with status OK and parcel size 4
09-07 14:28:12.016 10939 12010 W AudioSystem: ioConfigChanged() modifying unknown output! 102
09-07 14:28:12.016  4596  4617 W AudioSystem: ioConfigChanged() modifying unknown output! 102
09-07 14:28:12.017  1033  2748 I system_server: oneway function results will be dropped but finished with status OK and parcel size 4
09-07 14:28:12.017  1033  2748 I system_server: oneway function results will be dropped but finished with status OK and parcel size 4
09-07 14:28:12.021   512  1221 I HarmanHal: Device::createAudioPatch Entry
09-07 14:28:12.022   512  1221 E HarmanHal: Device::createAudioPatch: sink address is empty! 
09-07 14:28:12.022   512  1221 I HarmanHal: Device::createAudioPatch: handle = 0x41, portHandle = 0x3, mDeviceAddress[handle] = , mDeviceAddress2[portHandle] = bus2_voice_command_out
09-07 14:28:12.022   512  1221 I HarmanHal: CreateAudioPatch for bus: sink:
09-07 14:28:12.022   512  1221 I HarmanHal: #### CreateAudioPatch for bus is Empty #### 
09-07 14:28:12.022   512  1221 I HarmanHal: Device::createAudioPatch: handle = 0x41, portHandle = 0x3, mDeviceAddress[handle] = , mDeviceAddress2[portHandle] = 
09-07 14:28:12.024  2584 10657 D AudioStreamLegacy: onAudioDeviceUpdate(deviceId = 2)
09-07 14:28:12.029   576  1076 D AF::TrackHandle: OpPlayAudio: not muting track:76 usage:0 for service UID 1041
09-07 14:28:12.029   576   676 E AudioFlinger::PatchPanel: Software patch connections leaked 572 580
09-07 14:28:12.030   576   676 E AudioFlinger::PatchPanel: A non empty Patch Endpoint leaked, handle 572
09-07 14:28:12.030   576   676 E AudioFlinger::PatchPanel: A non empty Patch Endpoint leaked, handle 580
09-07 14:28:12.031  1033  2748 I system_server: oneway function results will be dropped but finished with status OK and parcel size 4
09-07 14:28:12.031  1033  2748 I chatty  : uid=1000(system) Binder:1033_D identical 1 line
09-07 14:28:12.032  1033  2748 I system_server: oneway function results will be dropped but finished with status OK and parcel size 4
09-07 14:28:12.032   512  1221 D HarmanHAL: StreamIn::updateSinkMetadata
09-07 14:28:12.033   512  3590 D HarmanHAL: StreamIn::prepareForReading
09-07 14:28:12.034   512  3590 E FMQ     : grantorIdx must be less than 3
09-07 14:28:12.036   512  3590 E FMQ     : grantorIdx must be less than 3
09-07 14:28:12.037   576 13199 E FMQ     : grantorIdx must be less than 3
09-07 14:28:12.038   576 13199 E FMQ     : grantorIdx must be less than 3
09-07 14:28:12.039   512 13203 I HarmanHal.Routing: hacs id(466236288) bufferNum(3) in createRingBuffer() RingBufferManager.cpp:105
09-07 14:28:12.039   512 13203 I HarmanHal.Routing: hacs channels(2) frames(1536) bufferNum(3) mIsInitialized(0) in initialize() RingBuffer.cpp:412
09-07 14:28:12.039   512 13203 I HarmanHal.Routing: hacs Different FormatAudioSampleItem 1, 3 in operator==() AudioSample.hpp:141
09-07 14:28:12.039   512 13203 I HarmanHal.Routing: hacs owner(Tuner_Uplink): dst param -- sampleRate(48000) format(1) channels(2) periodSize(1536) in ifNeedDoConvert() AudioPort.cpp:535
09-07 14:28:12.039   512 13203 I HarmanHal.Routing: hacs owner(Tuner_Uplink): NO NEED DO CONVERT in ifNeedDoConvert() AudioPort.cpp:543
09-07 14:28:12.039   512 13203 I HarmanHal.Routing: hacs id(466236880) bufferSize(12288) bufferNum(3) in createRingBuffer() RingBufferManager.cpp:77
09-07 14:28:12.039   512 13203 I HarmanHal.Routing: hacs bufferSize(12288 --> 12288) bufferNum(3) this(0xb4000075bbc7f4a0) in initialize() RingBuffer.cpp:384
09-07 14:28:12.047   576  1159 W APM::AudioPolicyEngine: getDevicesForStrategy() unknown strategy: -1
09-07 14:28:12.060   576  1159 I chatty  : uid=1041(audioserver) Binder:576_3 identical 5 lines
09-07 14:28:12.060   576  1159 W APM::AudioPolicyEngine: getDevicesForStrategy() unknown strategy: -1
09-07 14:28:12.069  2584 10896 W vCard   : Property name unsupported by vCard 2.1: N
09-07 14:28:12.071   576  1091 D AudioMixer: previous float ramp hasn't finished, prev:0.000000  set_to:1.000000
09-07 14:28:12.071   576  1091 D AudioMixer: previous float ramp hasn't finished, prev:0.000000  set_to:1.000000
09-07 14:28:12.080   512 13203 I HarmanHal.Routing: hacs Enable ADTM print for alsa node(pcmTunerIn_c) in printADTM() PcmAlsaWrapper.cpp:831
09-07 14:28:12.081   512 13203 D HarmanHAL: StreamIn::getCapturePositionImpl
09-07 14:28:12.082   512  3590 D HarmanHAL: StreamIn::updateSinkMetadata
09-07 14:28:12.082   512  3590 D HarmanHAL: StreamIn::standby
09-07 14:28:12.084  1033  2748 I system_server: oneway function results will be dropped but finished with status OK and parcel size 4
09-07 14:28:12.085   512  3590 I HarmanHal: Device::releaseAudioPatch for patch id :64 
09-07 14:28:12.085   512  3590 I HarmanHal: Device::releaseAudioPatch: disconnect handle = 0x40, mDeviceAddress[handle] =  successfully by Hal audio
09-07 14:28:12.088  1033  2748 I system_server: oneway function results will be dropped but finished with status OK and parcel size 4
09-07 14:28:12.090  1033  2748 I chatty  : uid=1000(system) Binder:1033_D identical 2 lines
09-07 14:28:12.092  1033  2748 I system_server: oneway function results will be dropped but finished with status OK and parcel size 4
09-07 14:28:12.100   512  1221 I HarmanHal: Device::releaseAudioPatch for patch id :65 
09-07 14:28:12.101   512  1221 I HarmanHal: Device::releaseAudioPatch: disconnect handle = 0x41, mDeviceAddress[handle] =  successfully by Hal audio
09-07 14:28:12.102   512  3590 I HarmanHal.Routing: hacs handle = 102, stream(Tuner_Uplink) address = 0xb40000761bca3380 in closeInputStream() Device.cpp:154
09-07 14:28:12.102   512  3590 I HarmanHal.Routing: hacs name(pcmTunerIn_c), mPcmHandle(0xb40000761bc9f070) this(0xb40000761bca35d0) in closePcmNode() PcmAlsaWrapper.cpp:49
01-01 00:03:15.098     0     0 I event_handler: reclaimed all bufs
09-07 14:28:12.120  2584 10896 W vCard   : Property name unsupported by vCard 2.1: N
09-07 14:28:12.123   512  3590 I HarmanHal.Routing: hacs alsa node(pcmTunerIn_c): closed in closePcmNode() PcmAlsaWrapper.cpp:61
09-07 14:28:12.123   512  3590 I HarmanHal.Routing: hacs release handler(0xb40000761bca35d0) start in releasePcmHandler() PcmHandlerFactory.cpp:256
09-07 14:28:12.123   512  3590 I HarmanHal.Routing: hacs module(0xb40000761bca35d0) name(pcmTunerIn_c) refCnt(0), delete it in releasePcmHandler() PcmHandlerFactory.cpp:264
09-07 14:28:12.123   512  3590 I HarmanHal.Routing: hacs delete handler(0xb40000761bca35d0) start in deletePcmHandler() PcmHandlerFactory.cpp:227
09-07 14:28:12.123   512  3590 I HarmanHal.Routing: hacs alsa node(pcmTunerIn_c): closed in closePcmNode() PcmAlsaWrapper.cpp:38
09-07 14:28:12.123   512  3590 I HarmanHal.Routing: hacs deactivateScenarioForAudioRecord for Tuner_Uplink 
09-07 14:28:12.123   512  3590 I HarmanHal.Routing:   in closeInputStream() Device.cpp:216
09-07 14:28:12.125   512  3590 W HarmanHal.Routing: hacs stream name:Tuner_Uplink return invalid state
09-07 14:28:12.125   512  3590 W HarmanHal.Routing:  in close() StreamIn.cpp:527
09-07 14:28:12.126   576  1159 W APM::AudioPolicyEngine: getDevicesForStrategy() unknown strategy: -1
09-07 14:28:12.145  1033  2748 I system_server: oneway function results will be dropped but finished with status OK and parcel size 4
09-07 14:28:12.152   512  1221 I HarmanHal: Device::createAudioPatch Entry
09-07 14:28:12.152   512  1221 I HarmanHal: Device::createAudioPatch: handle = 0x42, portHandle = 0x2, mDeviceAddress[handle] = bus0_media_out, mDeviceAddress2[portHandle] = bus1_navigation_out
09-07 14:28:12.152   512  1221 I HarmanHal: Device::createAudioPatch: handle = 0x42, portHandle = 0x2, mDeviceAddress[handle] = , mDeviceAddress2[portHandle] = bus0_media_out
09-07 14:28:12.154  2584 10657 D AudioStreamLegacy: onAudioDeviceUpdate(deviceId = 2)
09-07 14:28:12.155   512  3590 I HarmanHal.Routing: hacs handle: 110 devices: 80002000 flags: 0 srate: 48000 format 0x1 channels c address  source 1 in openInputStreamImpl() Device.cpp:541
09-07 14:28:12.156   512  3590 I HarmanHal.Routing: hacs handle = 110, devices = 0x80002000, flags = 0x0, address = , source = 1 in openAdaptiveInputStream() Device.cpp:1097
09-07 14:28:12.156   512  3590 I HarmanHal:  EffectsController::getUplinkPathNameBySrcType uplink path  to be set is 
09-07 14:28:12.156   512  3590 I HarmanHal.Routing: hacs Get HAR path Name: Tuner_Uplink in openAdaptiveInputStream() Device.cpp:1181
09-07 14:28:12.156   512  3590 I HarmanHal.Routing: hacs no name(pcmTunerIn_c) handler created bedore, creating a new instance now in getPcmHandlerByName() PcmHandlerFactory.cpp:282
09-07 14:28:12.156   512  3590 I HarmanHal.Routing: hacs new handler(pcmTunerIn_c) direction(1) start in createPcmHandler() PcmHandlerFactory.cpp:302
09-07 14:28:12.156   512  3590 I HarmanHal.Routing: hacs pcmTunerIn_c sample_rate(48000) num_channles(2) bitwidth(3) periodSize(1536) periodCount(4) channel_map(0) this(0xb40000761bca35d0) in setAlsaAudioParams() PcmHandler.cpp:104
09-07 14:28:12.156   512  3590 I HarmanHal.Routing: hacs sinkPort(0xb40000762bc73270) pathName(Tuner_Uplink) direction(1) in linkSinkPortToRoutingPath() AudioRoutingManager.cpp:228
09-07 14:28:12.156   512  3590 I HarmanHal.Routing: hacs channel mask = 0xc, channel = 2, format = 0x1, rate = 48000 in set() Stream.cpp:397
09-07 14:28:12.156   512  3590 I HarmanHal.Routing: hacs owner(pcmTunerIn_c): owner period ms 32, linked period ms 32 in initRBuffer() AudioPort.cpp:967
09-07 14:28:12.158   512  3590 V acdb-loader-wrapper: 323:acdb_loader_send_audio_cal_v4
09-07 14:28:12.158   512  3590 D acdb_loader_proxy: acdb_loader_send_audio_cal_v4: acdb_id(143), capability(2), app_id(69938), sample_rate(48000), use_case(0), afe_sample_rate(48000)
09-07 14:28:12.158   393  1492 D acdb_loader_server: onTransact SEND_AUDIO_CAL_V4: acdb_id(143), capability(2), app_id(69938), sample_rate(48000), use_case(0), afe_sample_rate(48000)
09-07 14:28:12.158   393  1492 D ACDB-LOADER: ACDB -> send_audio_cal, acdb_id = 143, path = 1, app id = 0x11132, sample rate = 48000, afe_sample_rate = 48000
09-07 14:28:12.158   393  1492 D ACDB-LOADER: ACDB -> send_asm_topology
09-07 14:28:12.158   393  1492 D ACDB-LOADER: ACDB -> ACDB_CMD_GET_AUDPROC_STREAM_TOPOLOGY_ID
09-07 14:28:12.159   393  1492 D ACDB-LOADER: ACDB -> send_adm_topology
09-07 14:28:12.159   393  1492 D ACDB-LOADER: ACDB -> ACDB_CMD_GET_AUDPROC_COMMON_TOPOLOGY_ID
09-07 14:28:12.159   393  1492 D ACDB-LOADER: ACDB -> send_audtable
09-07 14:28:12.159   393  1492 D ACDB-LOADER: ACDB -> ACDB_CMD_GET_AUDPROC_INSTANCE_COMMON_TABLE_SIZE
09-07 14:28:12.159   393  1492 D ACDB-LOADER: ACDB -> ACDB_CMD_GET_AUDPROC_INSTANCE_COMMON_TABLE
09-07 14:28:12.159   393  1492 D ACDB-LOADER: ACDB -> AUDIO_SET_AUDPROC_CAL cal_type[11] acdb_id[143] app_type[69938]
09-07 14:28:12.159   393  1492 D ACDB-LOADER: check_fnn_usecase_status: fnn usecase active 0
09-07 14:28:12.159   393  1492 D ACDB-LOADER: ACDB -> ACDB_CMD_GET_PERSISTENT_AUDPROC_INSTANCE_COMMON_TABLE_SIZE
09-07 14:28:12.159   393  1492 D acdb_loader_service: [Data Manager]-> No data found
09-07 14:28:12.159   393  1492 D ACDB-LOADER: Error: ACDB_CMD_GET_PERSISTENT_AUDPROC_INSTANCE_COMMON_TABLE_SIZE returned -18
09-07 14:28:12.159   393  1492 D ACDB-LOADER: ACDB -> send_audproc_persist_table -18 
09-07 14:28:12.159   393  1492 D ACDB-LOADER: Error: Invalid Audproc persist size = -18
09-07 14:28:12.159   393  1492 D ACDB-LOADER: ACDB -> ACDB_CMD_GET_AUDPROC_INSTANCE_STREAM_TABLE_SIZE
09-07 14:28:12.159   393  1492 D ACDB-LOADER: ACDB -> send_audstrmtable
09-07 14:28:12.159   393  1492 D ACDB-LOADER: ACDB -> ACDB_CMD_GET_AUDPROC_INSTANCE_STREAM_TABLE
09-07 14:28:12.159   393  1492 D ACDB-LOADER: ACDB -> audstrm_cal->cal_type.cal_data.cal_size = 48
09-07 14:28:12.159   393  1492 D ACDB-LOADER: ACDB -> send_afe_topology
09-07 14:28:12.159   393  1492 D ACDB-LOADER: ACDB -> ACDB_CMD_GET_AFE_TOPOLOGY_ID
09-07 14:28:12.160   393  1492 D ACDB-LOADER: ACDB -> GET_AFE_TOPOLOGY_ID for adcd_id 143, Topology Id 112fb
09-07 14:28:12.160   393  1492 D ACDB-LOADER: ACDB -> send_afe_cal
09-07 14:28:12.160   393  1492 D ACDB-LOADER: ACDB -> ACDB_CMD_GET_AFE_INSTANCE_COMMON_TABLE_SIZE
09-07 14:28:12.160   393  1492 D acdb_loader_service: Failed to fetch the lookup information of the device 0000008F 
09-07 14:28:12.160   393  1492 D ACDB-LOADER: Error: ACDB_CMD_GET_AFE_INSTANCE_COMMON_TABLE_SIZE Returned = -19
09-07 14:28:12.160   393  1492 D ACDB-LOADER: ACDB -> ACDB_CMD_GET_AFE_INSTANCE_COMMON_TABLE
09-07 14:28:12.160   393  1492 D acdb_loader_service: Failed to fetch the lookup information of the device 0000008F 
09-07 14:28:12.160   393  1492 D ACDB-LOADER: Error: ACDB AFE returned = -19
09-07 14:28:12.160   393  1492 D ACDB-LOADER: ACDB -> AUDIO_SET_AFE_CAL cal_type[17] acdb_id[143]
09-07 14:28:12.160   393  1492 D ACDB-LOADER: ACDB -> send_hw_delay : acdb_id = 143 path = 1
09-07 14:28:12.161   393  1492 D ACDB-LOADER: ACDB -> ACDB_AVSYNC_INFO: ACDB_CMD_GET_DEVICE_PROPERTY
09-07 14:28:12.161   512  3590 D audio_route: Apply path: pcmTunerIn_c
09-07 14:28:12.164  2584 10896 W vCard   : Property name unsupported by vCard 2.1: N
01-01 00:03:15.163     0     0 E tdm_param_set_slot_mask: invalid slot map setting
01-01 00:03:15.170     0     0 I afe_get_cal_topology_id: port_id = 0x9033 acdb_id = 143 topology_id = 0x112fb cal_type_index=8 ret=0
01-01 00:03:15.170     0     0 E send_afe_cal_type: No cal sent for cal_index 1, port_id = 0x9033! ret -22
01-01 00:03:15.179     0     0 I afe_send_hw_delay: port_id 0x9033 rate 48000 delay_usec 0 status 0
09-07 14:28:12.214   512  3590 I HarmanHal.Routing: hacs alsa node(pcmTunerIn_c): opened in openPcmNode() PcmAlsaWrapper.cpp:98
09-07 14:28:12.214   512  3590 I HarmanHal: EffectsController:: setAudioSourceInfoForEcnr audioSource::1  channelMask::12  sampleRate::48000 inputBusName :  
09-07 14:28:12.214   512  3590 I HarmanHal.Routing: hacs setAudioSourceInfoForEcnr: source- 0x1, mask- 0xC address: 
09-07 14:28:12.214   512  3590 I HarmanHal.Routing:  in openAdaptiveInputStream() Device.cpp:1271
09-07 14:28:12.214   512  3590 I HarmanHal.Routing: hacs status 0 stream(80002000, 1, ) address 0xb40000761bca3380 in openInputStreamImpl() Device.cpp:565
09-07 14:28:12.215   512  3590 D HarmanHAL: StreamIn::updateSinkMetadata
09-07 14:28:12.216   512  1221 D HarmanHAL: StreamIn::getAudioProperties
09-07 14:28:12.217   512  3590 D HarmanHAL: StreamIn::getAudioProperties
09-07 14:28:12.217   512  1221 D HarmanHAL: StreamIn::getFrameSize
09-07 14:28:12.217   512  1220 D HarmanHAL: StreamIn::getBufferSize
09-07 14:28:12.218  2584 10896 W vCard   : Property name unsupported by vCard 2.1: N
09-07 14:28:12.218   512  1221 D HarmanHAL: StreamIn::getBufferSize
09-07 14:28:12.219   512  1220 D HarmanHAL: StreamIn::getAudioProperties
09-07 14:28:12.220   576 13237 I AudioFlinger: AudioFlinger's thread 0xb4000072482e1040 tid=13237 ready to run
09-07 14:28:12.220   512  3590 D HarmanHAL: StreamIn::standby
09-07 14:28:12.223   512  3590 I HarmanHal: Device::createAudioPatch Entry
09-07 14:28:12.223   512  3590 I HarmanHal: Device::createAudioPatch: handle = 0x43, portHandle = 0x0, mDeviceAddress[handle] = , mDeviceAddress2[portHandle] = 
09-07 14:28:12.223   512  3590 I HarmanHal: Device::createAudioPatch: source device = 0x80002000, address = tuner0, id = 0x0x1d
09-07 14:28:12.223   512  3590 I HarmanHal: CreateAudioPatch for bus: sink:
09-07 14:28:12.223   512  3590 I HarmanHal: #### CreateAudioPatch for bus is Empty #### 
09-07 14:28:12.223   512  3590 I HarmanHal: Device::createAudioPatch: handle = 0x43, portHandle = 0x1d, mDeviceAddress[handle] = , mDeviceAddress2[portHandle] = 
09-07 14:28:12.224  1033 10926 I system_server: oneway function results will be dropped but finished with status OK and parcel size 4
09-07 14:28:12.224   576 13237 W AudioSystem: ioConfigChanged() modifying unknown output! 110
09-07 14:28:12.225  1033 10926 I system_server: oneway function results will be dropped but finished with status OK and parcel size 4
09-07 14:28:12.225  2584 10657 W AudioSystem: ioConfigChanged() modifying unknown output! 110
09-07 14:28:12.225  4596  4617 W AudioSystem: ioConfigChanged() modifying unknown output! 110
09-07 14:28:12.226   512  3590 D HarmanHAL: StreamIn::standby
09-07 14:28:12.226 10939 12010 W AudioSystem: ioConfigChanged() modifying unknown output! 110
09-07 14:28:12.226  2508  3591 W AudioSystem: ioConfigChanged() modifying unknown output! 110
09-07 14:28:12.225   893  4885 W AudioSystem: ioConfigChanged() modifying unknown output! 110
09-07 14:28:12.227   512  1221 I HarmanHal: Device::createAudioPatch Entry
09-07 14:28:12.227   512  1221 E HarmanHal: Device::createAudioPatch: sink address is empty! 
09-07 14:28:12.227   512  1221 I HarmanHal: Device::createAudioPatch: handle = 0x44, portHandle = 0x3, mDeviceAddress[handle] = , mDeviceAddress2[portHandle] = bus2_voice_command_out
09-07 14:28:12.227   512  1221 I HarmanHal: CreateAudioPatch for bus: sink:
09-07 14:28:12.227   512  1221 I HarmanHal: #### CreateAudioPatch for bus is Empty #### 
09-07 14:28:12.227   512  1221 I HarmanHal: Device::createAudioPatch: handle = 0x44, portHandle = 0x3, mDeviceAddress[handle] = , mDeviceAddress2[portHandle] = 
09-07 14:28:12.227  1033  2748 I system_server: oneway function results will be dropped but finished with status OK and parcel size 4
09-07 14:28:12.228  2584 10657 D AudioStreamLegacy: onAudioDeviceUpdate(deviceId = 2)
09-07 14:28:12.228  1033  1431 W AudioSystem: ioConfigChanged() modifying unknown output! 110
09-07 14:28:12.230   576  1076 D AF::TrackHandle: OpPlayAudio: not muting track:78 usage:0 for service UID 1041
09-07 14:28:12.231   576   676 E AudioFlinger::PatchPanel: Software patch connections leaked 604 612
09-07 14:28:12.231   576   676 E AudioFlinger::PatchPanel: A non empty Patch Endpoint leaked, handle 604
09-07 14:28:12.232   576   676 E AudioFlinger::PatchPanel: A non empty Patch Endpoint leaked, handle 612
09-07 14:28:12.233  1033  2748 I system_server: oneway function results will be dropped but finished with status OK and parcel size 4
09-07 14:28:12.233   512  3590 D HarmanHAL: StreamIn::updateSinkMetadata
09-07 14:28:12.234   512  3590 D HarmanHAL: StreamIn::prepareForReading
09-07 14:28:12.234   512  3590 E FMQ     : grantorIdx must be less than 3
09-07 14:28:12.234   512  3590 E FMQ     : grantorIdx must be less than 3
09-07 14:28:12.235   576 13237 E FMQ     : grantorIdx must be less than 3
09-07 14:28:12.235   576 13237 E FMQ     : grantorIdx must be less than 3
09-07 14:28:12.235  1033 10926 I system_server: oneway function results will be dropped but finished with status OK and parcel size 4
09-07 14:28:12.235   576  1159 W APM::AudioPolicyEngine: getDevicesForStrategy() unknown strategy: -1
09-07 14:28:12.235   512 13241 I HarmanHal.Routing: hacs id(466236288) bufferNum(3) in createRingBuffer() RingBufferManager.cpp:105
09-07 14:28:12.235   512 13241 I HarmanHal.Routing: hacs channels(2) frames(1536) bufferNum(3) mIsInitialized(0) in initialize() RingBuffer.cpp:412
09-07 14:28:12.235   512 13241 I HarmanHal.Routing: hacs Different FormatAudioSampleItem 1, 3 in operator==() AudioSample.hpp:141
09-07 14:28:12.235   512 13241 I HarmanHal.Routing: hacs owner(Tuner_Uplink): dst param -- sampleRate(48000) format(1) channels(2) periodSize(1536) in ifNeedDoConvert() AudioPort.cpp:535
09-07 14:28:12.235   512 13241 I HarmanHal.Routing: hacs owner(Tuner_Uplink): NO NEED DO CONVERT in ifNeedDoConvert() AudioPort.cpp:543
09-07 14:28:12.235   512 13241 I HarmanHal.Routing: hacs id(466236880) bufferSize(12288) bufferNum(3) in createRingBuffer() RingBufferManager.cpp:77
09-07 14:28:12.235   512 13241 I HarmanHal.Routing: hacs bufferSize(12288 --> 12288) bufferNum(3) this(0xb4000075bbc809f0) in initialize() RingBuffer.cpp:384
09-07 14:28:12.236   576  1159 W APM::AudioPolicyEngine: getDevicesForStrategy() unknown strategy: -1
09-07 14:28:12.236   576  1159 I chatty  : uid=1041(audioserver) Binder:576_3 identical 1 line
09-07 14:28:12.236   576  1159 W APM::AudioPolicyEngine: getDevicesForStrategy() unknown strategy: -1
09-07 14:28:12.245  1033 10926 I system_server: oneway function results will be dropped but finished with status OK and parcel size 4
09-07 14:28:12.246  1033 10926 I system_server: oneway function results will be dropped but finished with status OK and parcel size 4
09-07 14:28:12.247  1033  2748 I system_server: oneway function results will be dropped but finished with status OK and parcel size 4
09-07 14:28:12.249  1033  2748 I chatty  : uid=1000(system) Binder:1033_D identical 2 lines
09-07 14:28:12.251  1033  2748 I system_server: oneway function results will be dropped but finished with status OK and parcel size 4
09-07 14:28:12.252  1033 10926 I system_server: oneway function results will be dropped but finished with status OK and parcel size 4
09-07 14:28:12.259  1033 10926 I chatty  : uid=1000(system) Binder:1033_F identical 4 lines
09-07 14:28:12.261  1033 10926 I system_server: oneway function results will be dropped but finished with status OK and parcel size 4
09-07 14:28:12.261   576  1159 W APM::AudioPolicyEngine: getDevicesForStrategy() unknown strategy: -1
09-07 14:28:12.261  1033 10926 I system_server: oneway function results will be dropped but finished with status OK and parcel size 4
09-07 14:28:12.269  2584 10896 W vCard   : Property name unsupported by vCard 2.1: N
09-07 14:28:12.274   512 13241 I HarmanHal.Routing: hacs Enable ADTM print for alsa node(pcmTunerIn_c) in printADTM() PcmAlsaWrapper.cpp:831
09-07 14:28:12.275   512 13241 D HarmanHAL: StreamIn::getCapturePositionImpl
09-07 14:28:12.280   512  3972 I HarmanHal.Routing: hacs alsa node(pcmMedia_p) adtm interval_min:0 ms, inverval_max:12 ms, inverval_mean:7 ms!
09-07 14:28:12.280   512  3972 I HarmanHal.Routing:  in printADTM() PcmAlsaWrapper.cpp:876
09-07 14:28:12.304   512 13241 D HarmanHAL: StreamIn::getCapturePositionImpl
09-07 14:28:12.324  2584 10896 W vCard   : Property name unsupported by vCard 2.1: N
09-07 14:28:12.334   512 13241 D HarmanHAL: StreamIn::getCapturePositionImpl
09-07 14:28:12.364   512 13241 D HarmanHAL: StreamIn::getCapturePositionImpl
09-07 14:28:12.373   512  1221 I HarmanHal: Device::createAudioPatch Entry
09-07 14:28:12.373   512  1221 I HarmanHal: Device::createAudioPatch: handle = 0x45, portHandle = 0x2, mDeviceAddress[handle] = bus0_media_out, mDeviceAddress2[portHandle] = bus1_navigation_out
09-07 14:28:12.373   512  1221 I HarmanHal: Device::createAudioPatch: handle = 0x45, portHandle = 0x2, mDeviceAddress[handle] = , mDeviceAddress2[portHandle] = bus0_media_out
09-07 14:28:12.376  2584 10657 D AudioStreamLegacy: onAudioDeviceUpdate(deviceId = 2)
09-07 14:28:12.378  2584 10896 W vCard   : Property name unsupported by vCard 2.1: N
09-07 14:28:12.383   576  1159 W APM::AudioPolicyEngine: getDevicesForStrategy() unknown strategy: -1
09-07 14:28:12.394   512 13241 D HarmanHAL: StreamIn::getCapturePositionImpl
09-07 14:28:12.405   512  1221 I HarmanHal: PrimaryDevice::updateAudioPatch received with previousPatch as 56
09-07 14:28:12.405   512  1221 I HarmanHal: Device::updateAudioPatch Old patch : 56
09-07 14:28:12.405   512  1221 I HarmanHal: Device::releaseAudioPatch for patch id :56 
09-07 14:28:12.405   512  1221 I HarmanHal: Device::releaseAudioPatch: disconnect handle = 0x38, mDeviceAddress[handle] = bus1_navigation_out successfully by Hal audio
09-07 14:28:12.405   512  1221 I HarmanHal: Device::createAudioPatch Entry
09-07 14:28:12.405   512  1221 I HarmanHal: Device::createAudioPatch: handle = 0x46, portHandle = 0x6, mDeviceAddress[handle] = bus1_navigation_out, mDeviceAddress2[portHandle] = bus5_alarm_out
09-07 14:28:12.405   512  1221 I HarmanHal: Device::createAudioPatch: handle = 0x46, portHandle = 0x6, mDeviceAddress[handle] = , mDeviceAddress2[portHandle] = bus1_navigation_out
09-07 14:28:12.412   576  1159 W APM::AudioPolicyEngine: getDevicesForStrategy() unknown strategy: -1
09-07 14:28:12.434   512  1220 I HarmanHal: PrimaryDevice::updateAudioPatch received with previousPatch as 57
09-07 14:28:12.434   512  1220 I HarmanHal: Device::updateAudioPatch Old patch : 57
09-07 14:28:12.434   512  1220 I HarmanHal: Device::releaseAudioPatch for patch id :57 
09-07 14:28:12.434   512  1220 I HarmanHal: Device::releaseAudioPatch: disconnect handle = 0x39, mDeviceAddress[handle] = bus2_voice_command_out successfully by Hal audio
09-07 14:28:12.434   512  1220 I HarmanHal: Device::createAudioPatch Entry
09-07 14:28:12.434   512  1220 I HarmanHal: Device::createAudioPatch: handle = 0x47, portHandle = 0x9, mDeviceAddress[handle] = bus2_voice_command_out, mDeviceAddress2[portHandle] = bus0_media_out
09-07 14:28:12.434   512 13241 D HarmanHAL: StreamIn::getCapturePositionImpl
09-07 14:28:12.434   512  1220 I HarmanHal: Device::createAudioPatch: handle = 0x47, portHandle = 0x9, mDeviceAddress[handle] = , mDeviceAddress2[portHandle] = bus2_voice_command_out
09-07 14:28:12.440   576  1159 W APM::AudioPolicyEngine: getDevicesForStrategy() unknown strategy: -1
09-07 14:28:12.448  2482  3104 D MmsSmsProvider: getSingleAddressId: insert new canonical_address for xxxxxx, _id=293
09-07 14:28:12.450  2482  3104 D MmsSmsProvider: getThreadId: create new thread_id for recipients xxxxxxxx
09-07 14:28:12.451  2482  3104 D MmsSmsProvider: insertThread: created new thread_id 293 for recipientIds xxxxxxx
09-07 14:28:12.464   512 13241 D HarmanHAL: StreamIn::getCapturePositionImpl
09-07 14:28:12.468   512  1221 I HarmanHal: PrimaryDevice::updateAudioPatch received with previousPatch as 58
09-07 14:28:12.468   512  1221 I HarmanHal: Device::updateAudioPatch Old patch : 58
09-07 14:28:12.468   512  1221 I HarmanHal: Device::releaseAudioPatch for patch id :58 
09-07 14:28:12.468   512  1221 I HarmanHal: Device::releaseAudioPatch: disconnect handle = 0x3a, mDeviceAddress[handle] = bus3_call_ring_out successfully by Hal audio
09-07 14:28:12.468   512  1221 I HarmanHal: Device::createAudioPatch Entry
09-07 14:28:12.468   512  1221 I HarmanHal: Device::createAudioPatch: handle = 0x48, portHandle = 0xc, mDeviceAddress[handle] = bus3_call_ring_out, mDeviceAddress2[portHandle] = bus3_call_ring_out
09-07 14:28:12.468   512  1221 I HarmanHal: Device::createAudioPatch: handle = 0x48, portHandle = 0xc, mDeviceAddress[handle] = , mDeviceAddress2[portHandle] = bus3_call_ring_out
09-07 14:28:12.474   576  1159 W APM::AudioPolicyEngine: getDevicesForStrategy() unknown strategy: -1
09-07 14:28:12.475   538   618 W ipcLib  : ipcLib: in ipc_lib. DV1 read called
09-07 14:28:12.494   512 13241 D HarmanHAL: StreamIn::getCapturePositionImpl
09-07 14:28:12.502   512  1220 I HarmanHal: PrimaryDevice::updateAudioPatch received with previousPatch as 59
09-07 14:28:12.502   512  1220 I HarmanHal: Device::updateAudioPatch Old patch : 59
09-07 14:28:12.502   512  1220 I HarmanHal: Device::releaseAudioPatch for patch id :59 
09-07 14:28:12.502   512  1220 I HarmanHal: Device::releaseAudioPatch: disconnect handle = 0x3b, mDeviceAddress[handle] = bus4_call_out successfully by Hal audio
09-07 14:28:12.502   512  1220 I HarmanHal: Device::createAudioPatch Entry
09-07 14:28:12.502   512  1220 I HarmanHal: Device::createAudioPatch: handle = 0x49, portHandle = 0xf, mDeviceAddress[handle] = bus4_call_out, mDeviceAddress2[portHandle] = bus6_notification_out
09-07 14:28:12.502   512  1220 I HarmanHal: Device::createAudioPatch: handle = 0x49, portHandle = 0xf, mDeviceAddress[handle] = , mDeviceAddress2[portHandle] = bus4_call_out
09-07 14:28:12.508   576  1159 W APM::AudioPolicyEngine: getDevicesForStrategy() unknown strategy: -1
09-07 14:28:12.513   911  4981 D BufferPoolAccessor2.0: bufferpool2 0xb400007205c6d498 : 2(1048576 size) total buffers - 1(524288 size) used buffers - 2315/2325 (recycle/alloc) - 21/2324 (fetch/transfer)
09-07 14:28:12.525   512 13241 D HarmanHAL: StreamIn::getCapturePositionImpl
09-07 14:28:12.529   512  1221 I HarmanHal: PrimaryDevice::updateAudioPatch received with previousPatch as 60
09-07 14:28:12.530   512  1221 I HarmanHal: Device::updateAudioPatch Old patch : 60
09-07 14:28:12.530   512  1221 I HarmanHal: Device::releaseAudioPatch for patch id :60 
09-07 14:28:12.530   512  1221 I HarmanHal: Device::releaseAudioPatch: disconnect handle = 0x3c, mDeviceAddress[handle] = bus5_alarm_out successfully by Hal audio
09-07 14:28:12.531   512  1221 I HarmanHal: Device::createAudioPatch Entry
09-07 14:28:12.531   512  1221 I HarmanHal: Device::createAudioPatch: handle = 0x4a, portHandle = 0x12, mDeviceAddress[handle] = bus5_alarm_out, mDeviceAddress2[portHandle] = 
09-07 14:28:12.531   512  1221 I HarmanHal: Device::createAudioPatch: handle = 0x4a, portHandle = 0x12, mDeviceAddress[handle] = , mDeviceAddress2[portHandle] = bus5_alarm_out
09-07 14:28:12.537   576  1159 W APM::AudioPolicyEngine: getDevicesForStrategy() unknown strategy: -1
09-07 14:28:12.555   512 13241 D HarmanHAL: StreamIn::getCapturePositionImpl
09-07 14:28:12.559   512  1220 I HarmanHal: PrimaryDevice::updateAudioPatch received with previousPatch as 61
09-07 14:28:12.559   512  1220 I HarmanHal: Device::updateAudioPatch Old patch : 61
09-07 14:28:12.559   512  1220 I HarmanHal: Device::releaseAudioPatch for patch id :61 
09-07 14:28:12.559   512  1220 I HarmanHal: Device::releaseAudioPatch: disconnect handle = 0x3d, mDeviceAddress[handle] = bus6_notification_out successfully by Hal audio
09-07 14:28:12.559   512  1220 I HarmanHal: Device::createAudioPatch Entry
09-07 14:28:12.560   512  1220 I HarmanHal: Device::createAudioPatch: handle = 0x4b, portHandle = 0x15, mDeviceAddress[handle] = bus6_notification_out, mDeviceAddress2[portHandle] = bus0_media_out
09-07 14:28:12.560   512  1220 I HarmanHal: Device::createAudioPatch: handle = 0x4b, portHandle = 0x15, mDeviceAddress[handle] = , mDeviceAddress2[portHandle] = bus6_notification_out
09-07 14:28:12.568   576  1159 W APM::AudioPolicyEngine: getDevicesForStrategy() unknown strategy: -1
09-07 14:28:12.590   512  1220 I HarmanHal: PrimaryDevice::updateAudioPatch received with previousPatch as 62
09-07 14:28:12.590   512  1220 I HarmanHal: Device::updateAudioPatch Old patch : 62
09-07 14:28:12.590   512  1220 I HarmanHal: Device::releaseAudioPatch for patch id :62 
09-07 14:28:12.590   512  1220 I HarmanHal: Device::releaseAudioPatch: disconnect handle = 0x3e, mDeviceAddress[handle] = bus7_system_sound_out successfully by Hal audio
09-07 14:28:12.590   512  1220 I HarmanHal: Device::createAudioPatch Entry
09-07 14:28:12.590   512  1220 I HarmanHal: Device::createAudioPatch: handle = 0x4c, portHandle = 0x18, mDeviceAddress[handle] = bus7_system_sound_out, mDeviceAddress2[portHandle] = bus0_media_out
09-07 14:28:12.590   512  1220 I HarmanHal: Device::createAudioPatch: handle = 0x4c, portHandle = 0x18, mDeviceAddress[handle] = , mDeviceAddress2[portHandle] = bus7_system_sound_out
09-07 14:28:12.594   512 13241 D HarmanHAL: StreamIn::getCapturePositionImpl
09-07 14:28:12.599   576  1077 W APM::AudioPolicyEngine: getDevicesForStrategy() unknown strategy: -1
09-07 14:28:12.603   576  1077 W APM::AudioPolicyEngine: getDevicesForStrategy() unknown strategy: -1
09-07 14:28:12.607   893   893 D AudioTrack: stop(53): called with 0 frames delivered
09-07 14:28:12.624   512 13241 D HarmanHAL: StreamIn::getCapturePositionImpl
09-07 14:28:12.631  1033  2776 I Telecom : CallAudioModeStateMachine: Message received: NEW_ACTIVE_OR_DIALING_CALL.: CSW.sA->CSFM.rF->CAMSM.pM_2001(cab)@ADw
09-07 14:28:12.631  1033  2772 I Telecom : CallAudioRouteStateMachine: Message received: SWITCH_FOCUS=4001, arg1=2: CSW.sA->CSFM.rF->CAMSM.pM_1002->CARSM.pM_SWITCH_FOCUS(cab)@ADw
09-07 14:28:12.631  1033  2772 I Telecom : ActiveSpeakerRoute: Processing message SWITCH_FOCUS: CSW.sA->CSFM.rF->CAMSM.pM_1002->CARSM.pM_SWITCH_FOCUS(cab)@ADw
09-07 14:28:12.642  2482 12752 D MmsSmsProvider: getSingleAddressId: insert new canonical_address for xxxxxx, _id=294
09-07 14:28:12.643  2482 12752 D MmsSmsProvider: getThreadId: create new thread_id for recipients xxxxxxxx
09-07 14:28:12.643  2482 12752 D MmsSmsProvider: insertThread: created new thread_id 294 for recipientIds xxxxxxx
09-07 14:28:12.654   512 13241 D HarmanHAL: StreamIn::getCapturePositionImpl
09-07 14:28:12.684   512 13241 D HarmanHAL: StreamIn::getCapturePositionImpl
09-07 14:28:12.706   512 13133 I HarmanHal.Routing: hacs alsa node(pcmMicRefIn_c) adtm interval_min:0 ms, inverval_max:12 ms, inverval_mean:7 ms!
09-07 14:28:12.706   512 13133 I HarmanHal.Routing:  in printADTM() PcmAlsaWrapper.cpp:876
09-07 14:28:12.711   512 13159 I HarmanHal.Routing: hacs alsa node(pcmBtHfp_ul_pro_p) adtm interval_min:0 ms, inverval_max:43 ms, inverval_mean:7 ms!
09-07 14:28:12.711   512 13159 I HarmanHal.Routing:  in printADTM() PcmAlsaWrapper.cpp:876
09-07 14:28:12.715   512 13241 D HarmanHAL: StreamIn::getCapturePositionImpl
09-07 14:28:12.728  2482  2510 D MmsSmsProvider: getSingleAddressId: insert new canonical_address for xxxxxx, _id=295
09-07 14:28:12.728  2482  2510 D MmsSmsProvider: getThreadId: create new thread_id for recipients xxxxxxxx
09-07 14:28:12.729  2482  2510 D MmsSmsProvider: insertThread: created new thread_id 295 for recipientIds xxxxxxx
09-07 14:28:12.754   512 13241 D HarmanHAL: StreamIn::getCapturePositionImpl
09-07 14:28:12.768   532   569 W ipcLib  : ipcLib: in ipc_lib. DV1 read called
09-07 14:28:12.768   532   568 I VPS     : VPS:IOCStatusInfo.VoltageStatus->0 
09-07 14:28:12.768   532   568 I VPS     : VPS:IOCStatusInfo.IOCStatusCmd->a6 
09-07 14:28:12.768   532   568 I VPS     : VPS:IOCStatusInfo.WakeUpReason->0 
09-07 14:28:12.768   532   568 I VPS     : VPS:IOCStatusInfo.DerivedIgnitionStatus->0 
09-07 14:28:12.768   532   568 I VPS     : VPS:IOCStatusInfo.PowerModeState->4 
09-07 14:28:12.768   532   568 I VPS     : VPS:IOCStatusInfo.SOCShutdownRequest->0 
09-07 14:28:12.768   532   568 I VPS     : VPS:IOCStatusInfo.AntiTheftState->0 
09-07 14:28:12.768   532   568 I VPS     : VPS:IOCStatusInfo.BatteryConnect->0 
09-07 14:28:12.784   512 13241 D HarmanHAL: StreamIn::getCapturePositionImpl
09-07 14:28:12.813   512 13169 I HarmanHal.Routing: hacs alsa node(pcmBtHfp_dl_pre_c) adtm interval_min:0 ms, inverval_max:13 ms, inverval_mean:7 ms!
09-07 14:28:12.813   512 13169 I HarmanHal.Routing:  in printADTM() PcmAlsaWrapper.cpp:876
09-07 14:28:12.815   512 13169 I HarmanHal.Routing: hacs alsa node(pcmHfp_dl_p) adtm interval_min:0 ms, inverval_max:14 ms, inverval_mean:7 ms!
09-07 14:28:12.815   512 13169 I HarmanHal.Routing:  in printADTM() PcmAlsaWrapper.cpp:876
09-07 14:28:12.815   512 13241 D HarmanHAL: StreamIn::getCapturePositionImpl
09-07 14:28:12.844   512 13241 I chatty  : uid=1041(audioserver) reader identical 1 line
09-07 14:28:12.874   512 13241 D HarmanHAL: StreamIn::getCapturePositionImpl
09-07 14:28:12.895  2482  2510 D MmsSmsProvider: getSingleAddressId: insert new canonical_address for xxxxxx, _id=296
09-07 14:28:12.896  2482  2510 D MmsSmsProvider: getThreadId: create new thread_id for recipients xxxxxxxx
09-07 14:28:12.897  2482  2510 D MmsSmsProvider: insertThread: created new thread_id 296 for recipientIds xxxxxxx
09-07 14:28:12.914   512 13241 D HarmanHAL: StreamIn::getCapturePositionImpl
09-07 14:28:12.945   512 13241 I chatty  : uid=1041(audioserver) reader identical 1 line
09-07 14:28:12.974   512 13241 D HarmanHAL: StreamIn::getCapturePositionImpl
09-07 14:28:12.980   512 13015 I HarmanHal.Routing: hacs alsa node(pcmRing_p) adtm interval_min:1 ms, inverval_max:11 ms, inverval_mean:8 ms!
09-07 14:28:12.980   512 13015 I HarmanHal.Routing:  in printADTM() PcmAlsaWrapper.cpp:876
09-07 14:28:13.005   512 13241 D HarmanHAL: StreamIn::getCapturePositionImpl
09-07 14:28:13.034   512 13241 D HarmanHAL: StreamIn::getCapturePositionImpl
09-07 14:28:13.041  2482 12752 D MmsSmsProvider: getSingleAddressId: insert new canonical_address for xxxxxx, _id=297
09-07 14:28:13.042  2482 12752 D MmsSmsProvider: getThreadId: create new thread_id for recipients xxxxxxxx
09-07 14:28:13.043  2482 12752 D MmsSmsProvider: insertThread: created new thread_id 297 for recipientIds xxxxxxx
09-07 14:28:13.075   512 13241 D HarmanHAL: StreamIn::getCapturePositionImpl
09-07 14:28:13.090 10939 11064 D BufferPoolAccessor2.0: evictor expired: 3, evicted: 0
09-07 14:28:13.104   512 13241 D HarmanHAL: StreamIn::getCapturePositionImpl
09-07 14:28:13.165   512 13241 I chatty  : uid=1041(audioserver) reader identical 2 lines
09-07 14:28:13.194   512 13241 D HarmanHAL: StreamIn::getCapturePositionImpl
09-07 14:28:13.234   512 13241 I HarmanHal.Routing: hacs alsa node(pcmTunerIn_c) adtm interval_min:29 ms, inverval_max:40 ms, inverval_mean:30 ms!
09-07 14:28:13.234   512 13241 I HarmanHal.Routing:  in printADTM() PcmAlsaWrapper.cpp:876
09-07 14:28:13.235   512 13241 D HarmanHAL: StreamIn::getCapturePositionImpl
09-07 14:28:13.264   512 13241 D HarmanHAL: StreamIn::getCapturePositionImpl
09-07 14:28:13.280   512  3972 I HarmanHal.Routing: hacs alsa node(pcmMedia_p) adtm interval_min:1 ms, inverval_max:11 ms, inverval_mean:8 ms!
09-07 14:28:13.280   512  3972 I HarmanHal.Routing:  in printADTM() PcmAlsaWrapper.cpp:876
09-07 14:28:13.295   512 13241 D HarmanHAL: StreamIn::getCapturePositionImpl
09-07 14:28:13.318   512 13158 D AudioProcessing: sseApply [handle 0xbc80d90][type 512] start..
09-07 14:28:13.318   512 13158 D AudioProcessing: sseProcess ul audioIO content print-1 [256] [2] [4] [1] 
09-07 14:28:13.318   512 13158 D AudioProcessing: sseProcess ul audioIO content print-2 [6] [1] [0x3bcbc5a0] [0x5bc7ede0] 
09-07 14:28:13.318   512 13158 D AudioProcessing: sseProcess ul audioIO content print-3 [0x1bca1320 [0x8bc84110] [0x1bc9f9b0] sse->pMain is [0x2bca4a60] 
09-07 14:28:13.319   512 13158 D AudioProcessing: sseProcess ul [handle 0xbc80d90]  ret[0]
09-07 14:28:13.319   512 13158 D AudioProcessing: sseProcess ul AudioBufferSampleCnt[256] type[512] finish..
09-07 14:28:13.324   512 13241 D HarmanHAL: StreamIn::getCapturePositionImpl
09-07 14:28:13.354   512 13241 I chatty  : uid=1041(audioserver) reader identical 1 line
09-07 14:28:13.394   512 13241 D HarmanHAL: StreamIn::getCapturePositionImpl
09-07 14:28:13.391   536   536 I vendor.harman.p: type=1400 audit(0.0:2608): avc: denied { sys_ptrace } for capability=19 scontext=u:r:pathologyd:s0 tcontext=u:r:pathologyd:s0 tclass=capability permissive=1
09-07 14:28:13.423   512 13169 D AudioProcessing: sseApply [handle 0xbc83090][type 768] start..
09-07 14:28:13.423   512 13169 D AudioProcessing: sseProcess dl audioIO content print-1 [256] [2] [1] [1] 
09-07 14:28:13.423   512 13169 D AudioProcessing: sseProcess dl audioIO content print-2 [1] [1] [0x0xb40000763bcc28d0] [0x0xb40000761bca6b00] 
09-07 14:28:13.423   512 13169 D AudioProcessing: sseProcess dl audioIO content print-3 [0x0xb40000761bca7fd0] [0x0xb40000761bcabe40] [0x0xb40000761bca5880] sse->pMain is [0x0xb40000772bcb4e80] 
09-07 14:28:13.424   512 13169 D AudioProcessing: sseProcess dl [handle 0xbc83090] ret[0]
09-07 14:28:13.424   512 13169 D AudioProcessing: sseProcess dl AudioBufferSampleCnt[256] type[768] finish..
09-07 14:28:13.425   512 13241 D HarmanHAL: StreamIn::getCapturePositionImpl
09-07 14:28:13.451   345   345 I Binder:345_2: type=1400 audit(0.0:2609): avc: denied { call } for scontext=u:r:carwatchdogd:s0 tcontext=u:r:hal_audio_default:s0 tclass=binder permissive=1
09-07 14:28:13.455   512 13241 D HarmanHAL: StreamIn::getCapturePositionImpl
09-07 14:28:13.455   512   512 E android.hardware.audio@6.0-harman-service: [CXmlParser]: nodeset is empty for xpath: /audioConfiguration/EnableWatchdog
09-07 14:28:13.455   512   512 E android.hardware.audio@6.0-harman-service: [CXmlParser::GetOneEleValue] Xpath object is NULL. XPath: /audioConfiguration/EnableWatchdog
09-07 14:28:13.455   512   512 W HarmanHal: ConfigSettings::GetOneEleValue Error while reading the path /audioConfiguration/EnableWatchdog
09-07 14:28:13.455   512   512 W HarmanHal: ConfigSettings::GetOneEleValue Error in checkifWatchdogTobeEnabled
09-07 14:28:13.455   512   512 I HarmanHal: WatchdogClient::isClientHealthy, Value Of checkifWatchdogTobeEnabled:0
09-07 14:28:13.476   538   618 W ipcLib  : ipcLib: in ipc_lib. DV1 read called
09-07 14:28:13.484   512 13241 D HarmanHAL: StreamIn::getCapturePositionImpl
09-07 14:28:13.514   512 13241 D HarmanHAL: StreamIn::getCapturePositionImpl
09-07 14:28:13.542   512  1220 I HarmanHal.Routing: hacs bus-De-Activated : bus3_call_ring_out in setStandby() StreamOut.cpp:1060
09-07 14:28:13.542   512  1220 I HarmanHal: ----- ConnectionController::busDeActivated Bus Address:bus3_call_ring_out ----- 
09-07 14:28:13.542   512  1220 I HarmanHal: ****** bus name : bus3_call_ring_out   sink:   isRouted : 1  ConnectInProgess : 0   disconnectInProgress : 1  audiosource SOURCE_RING******
09-07 14:28:13.542   512  1065 I HarmanHal: ----- doBusDeActivated ---------
09-07 14:28:13.542   512  1220 I HarmanHal: ****** bus name : bus7_bt_dnlink_in   sink:bus4_call_out   isRouted : 1  ConnectInProgess : 0   disconnectInProgress : 0  audiosource SOURCE_VOICE_CALL******
09-07 14:28:13.542   512  1065 I HarmanHal: after handling cmEvtDisCnt event in idle state changing next state to st_disconnect in Info2 state machine
09-07 14:28:13.542   512  1220 I HarmanHal: Returning success for busDeActivated from CC 
09-07 14:28:13.542   512  1065 I HarmanHal: ------- ConnectionController::disConnect request for bus:bus3_call_ring_out----------
09-07 14:28:13.542   512  1065 I HarmanHal: OutputController::disConnect disconnecting current bus :bus3_call_ring_out  with sink address  with stream type : 3  from all outputs 
09-07 14:28:13.542   512  1065 I HarmanHal: PluginInterface disconnect zone=0 streamType=3 out=63
09-07 14:28:13.542   512  1065 I HarmanAudioControl: hacs PluginMgr disconnect start. in disconnect() PluginManager.cpp:527
09-07 14:28:13.543   512  1065 I HarmanAudioControl: hacs optConcurrence funcname(disconnect) sessionValue(74) done. in optConcurrence() PluginManager.h:412
09-07 14:28:13.543   512   725 I HarmanAudioControl: hacs zoneId: 0, streamType: 3, output: 63, mIsExternalAmp:0 in disconnect() ADSPPluginImp.cpp:276
09-07 14:28:13.543   512   725 I HarmanAudioControl: hacs ::setConnect InChannelId:4 OutChannelId:4 enable:0. in setConnect() AudioWorxXtp.cpp:66
09-07 14:28:13.543   512  1065 I HarmanHal: PluginInterface sessionId for disconnect is 74
09-07 14:28:13.543   512   725 V acdb-loader-wrapper: 479:acdb_loader_set_audio_cal_v2
09-07 14:28:13.543   512  1065 I HarmanHal: Entering state IntSrcSM::st_disconnect in Info2_StateMachine
09-07 14:28:13.543   512   725 D acdb_loader_proxy: acdb_loader_set_audio_cal_v2: datalen(272)
09-07 14:28:13.543   393  1492 D acdb_loader_server: onTransact SET_AUDIO_CAL_V2: datalen(272)
09-07 14:28:13.546   512   725 V acdb-loader-wrapper: 494:acdb_loader_get_audio_cal_v2
09-07 14:28:13.546   512   725 D acdb_loader_proxy: acdb_loader_get_audio_cal_v2: provided datalen(272)
09-07 14:28:13.547   393  1492 D acdb_loader_server: onTransact GET_AUDIO_CAL_V2
09-07 14:28:13.547   393  1492 D acdb_loader_server: onTransact: provided datalen(272)
09-07 14:28:13.547   393  1492 D acdb_loader_server: onTransact: returned datalen(272)
09-07 14:28:13.547   512   725 D acdb_loader_proxy: acdb_loader_get_audio_cal_v2: returned datalen(272)
09-07 14:28:13.549   512 13282 I HarmanAudioControl: hacs funcname(disconnect) sessionValue(74) reply with result(0) in operator()() PluginManager.h:383
09-07 14:28:13.550   512 13282 I HarmanHal: PluginInterface::handlePluginReply session found sessionId 74 result 0
09-07 14:28:13.552   512  1065 I HarmanHal: ------ doOutputDisConnectDone for bus : bus3_call_ring_out , audio source type : 4
09-07 14:28:13.552   512  1065 I HarmanHal: after handling cmEvtDisCntDone event in disconnect state changing next state to st_unloadParams in Info2 state machine
09-07 14:28:13.552   512  1065 I HarmanHal: ConnectionController::loadParams : bus:bus3_call_ring_out need params to be unloaded 
09-07 14:28:13.553   512  1065 I HarmanHal: AudioSourceSettings::isECNRNeededForBus: busname : bus3_call_ring_out ecnrNeeded  : 0
09-07 14:28:13.553   512  1065 I HarmanHal: Entering state IntSrcSM::st_unloadParams in Info2_StateMachine
09-07 14:28:13.553   512  1065 I HarmanHal: ------ UnLoadParamsDone for bus : bus3_call_ring_out , audio source type : 4
09-07 14:28:13.553   512  1065 I HarmanHal: after handling cmEvtUnLoadParamsDone event in unloadParams state changing next state to st_idle in Info2 state machine
09-07 14:28:13.553   512  1065 I HarmanHal: ----- disconnectCompleted bus: bus3_call_ring_out -----
09-07 14:28:13.553   512  1065 W HarmanHal: busDeActivated: callback return package is abnormal, you may get the incorrect return value
09-07 14:28:13.553   512  1065 W HarmanHal: AudioSourceSettings::getAudioSourceBySourceAndSink either bus and sink is empty bus: bus3_call_ring_out  sink:
09-07 14:28:13.553   512  1220 I HarmanHal.Routing: hacs name(pcmRing_p), mPcmHandle(0xb40000761bc9ddf0) this(0xb40000761bca4f40) in closePcmNode() PcmAlsaWrapper.cpp:49
09-07 14:28:13.553   512  1065 I HarmanHal: FallbackStrategy::checkIfFallbackNeeded Fallback is  needed after disconnecting the bus bus3_call_ring_out
09-07 14:28:13.554   512  1065 I HarmanHal: removeBusFromStack: bus(bus3_call_ring_out)  is removed from the audio stack of sink(1)
09-07 14:28:13.554   512  1065 I HarmanHal: ****** bus name : bus7_bt_dnlink_in   sink:bus4_call_out   isRouted : 1  ConnectInProgess : 0   disconnectInProgress : 0  audiosource SOURCE_VOICE_CALL******
09-07 14:28:13.554   512  1065 I HarmanHal: FallbackStrategy::getFallbackBus next bus to fallback is bus7_bt_dnlink_in
09-07 14:28:13.554   512  1065 I HarmanHal: Deleting the stack entry for bus bus7_bt_dnlink_in as it will be reactivated
09-07 14:28:13.554   512  1065 I HarmanHal: removeBusFromStack: bus(bus7_bt_dnlink_in)  is removed from the audio stack of sink(1)
09-07 14:28:13.554   512  1065 I HarmanHal: ----- ConnectionController::handleBusActivation, Newbus:bus7_bt_dnlink_in sinkAddress:bus4_call_out -----
09-07 14:28:13.554   512 13241 D HarmanHAL: StreamIn::getCapturePositionImpl
09-07 14:28:13.555   512  1065 I HarmanHal: DefaultCrossAction is updated to: MIX_NODUCK
09-07 14:28:13.555   512  1065 I HarmanHal: ****** bus name : bus7_bt_dnlink_in   sink:bus4_call_out   isRouted : 0  ConnectInProgess : 1   disconnectInProgress : 0  audiosource SOURCE_VOICE_CALL******
09-07 14:28:13.555   512  1065 I HarmanHal: New Connect entry is added to the message queue with bus:bus7_bt_dnlink_in action:MIX_NODUCK
09-07 14:28:13.555   512  1065 I HarmanHal: Connection controller:: busActivated returning success for bus bus7_bt_dnlink_in
09-07 14:28:13.555   512  1065 I HarmanHal: ConnectionController::busActivated, is PowerModeEnabled 0
09-07 14:28:13.555   512  1065 I HarmanHal: Entering state IntSrcSM::st_idle in Info2_StateMachine
09-07 14:28:13.555   512  1065 I HarmanHal: after handling cmEvtCnt event in idle state changing next state to st_rampDown in Info2 state machine
09-07 14:28:13.556   512  1065 I HarmanHal: ------- ConnectionController::rampDownCurrentBus ----------
09-07 14:28:13.556   512  1065 I HarmanHal: DefaultCrossAction is updated to: MIX_NODUCK
09-07 14:28:13.556   512  1065 I HarmanHal: Entering state IntSrcSM::st_rampDown in Info2_StateMachine
09-07 14:28:13.556   512  1065 I HarmanHal: ------ doRampDownDone - bus: bus7_bt_dnlink_in, audio source type : 4
09-07 14:28:13.556   512  1065 I HarmanHal: after handling cmEvtRampDownDone event in rampDown state changing next state to st_disconnect in Info2 state machine
09-07 14:28:13.556   512  1065 I HarmanHal: ------- ConnectionController::disconnectCurrentBus ----------
09-07 14:28:13.556   512  1065 I HarmanHal: DefaultCrossAction is updated to: MIX_NODUCK
09-07 14:28:13.556   512  1065 I HarmanHal: Entering state IntSrcSM::st_disconnect in Info2_StateMachine
09-07 14:28:13.556   512  1065 I HarmanHal: ------ doOutputDisConnectDone for bus : bus7_bt_dnlink_in , audio source type : 4
09-07 14:28:13.556   512  1065 I HarmanHal: after handling cmEvtDisCntDone event in disconnect state changing next state to st_connect in Info2 state machine
09-07 14:28:13.556   512  1065 I HarmanHal: 
09-07 14:28:13.556   512  1065 I HarmanHal: ------- ConnectionController::connect request for bus:bus7_bt_dnlink_in----------
09-07 14:28:13.556   512  1065 I HarmanHal: OutputController::connect requestedBus:bus7_bt_dnlink_in currentbus: sinkAddress:bus4_call_out
09-07 14:28:13.556   512  1065 I HarmanHal: OutputController::Connect connecting to outputType :3 streamType:1 zoneId : 0 
09-07 14:28:13.556   512  1065 I HarmanHal: PluginInterface connect zone=0 streamType=1 out=3 sourceGain=0.000000
09-07 14:28:13.557   512  1065 I HarmanAudioControl: hacs PluginMgr connect start. in connect() PluginManager.cpp:501
09-07 14:28:13.557   512  1065 I HarmanAudioControl: hacs optConcurrence funcname(connect) sessionValue(75) done. in optConcurrence() PluginManager.h:412
09-07 14:28:13.557   512  1065 I HarmanHal: PluginInterface sessionId for connect is 75
09-07 14:28:13.557   512  1065 I HarmanHal: Entering state IntSrcSM::st_connect in Info2_StateMachine
09-07 14:28:13.559   512   725 I HarmanAudioControl: hacs zoneId: 0, streamType: 1, output: 3, sourceGain: 0.000000, mIsExternalAmp:0 in connect() ADSPPluginImp.cpp:213
09-07 14:28:13.559   512   725 I HarmanAudioControl: hacs ::setOutPut() zoneId = 0, streamType = 1, output = 0x3 in setOutPut() ADSPPluginImp.cpp:692
09-07 14:28:13.559   512   725 I HarmanAudioControl: hacs ::setOutPut() zoneId = 0, streamType = 1, channelSubId = 0 in setOutPut() AudioWorxXtp.cpp:141
09-07 14:28:13.559   512   725 V acdb-loader-wrapper: 479:acdb_loader_set_audio_cal_v2
09-07 14:28:13.559   512   725 D acdb_loader_proxy: acdb_loader_set_audio_cal_v2: datalen(272)
09-07 14:28:13.560   393  1492 D acdb_loader_server: onTransact SET_AUDIO_CAL_V2: datalen(272)
09-07 14:28:13.561   512   725 V acdb-loader-wrapper: 494:acdb_loader_get_audio_cal_v2
09-07 14:28:13.561   512   725 D acdb_loader_proxy: acdb_loader_get_audio_cal_v2: provided datalen(272)
09-07 14:28:13.561   393  1492 D acdb_loader_server: onTransact GET_AUDIO_CAL_V2
09-07 14:28:13.561   393  1492 D acdb_loader_server: onTransact: provided datalen(272)
09-07 14:28:13.562   393  1492 D acdb_loader_server: onTransact: returned datalen(272)
09-07 14:28:13.562   512   725 D acdb_loader_proxy: acdb_loader_get_audio_cal_v2: returned datalen(272)
09-07 14:28:13.563   512   725 I HarmanAudioControl: hacs ::setOutPut() zoneId = 0, streamType = 1, channelSubId = 1 in setOutPut() AudioWorxXtp.cpp:141
09-07 14:28:13.563   512   725 V acdb-loader-wrapper: 479:acdb_loader_set_audio_cal_v2
09-07 14:28:13.563   512   725 D acdb_loader_proxy: acdb_loader_set_audio_cal_v2: datalen(272)
09-07 14:28:13.563   393  1492 D acdb_loader_server: onTransact SET_AUDIO_CAL_V2: datalen(272)
09-07 14:28:13.565   512   725 V acdb-loader-wrapper: 494:acdb_loader_get_audio_cal_v2
09-07 14:28:13.566   512   725 D acdb_loader_proxy: acdb_loader_get_audio_cal_v2: provided datalen(272)
09-07 14:28:13.566   393  1492 D acdb_loader_server: onTransact GET_AUDIO_CAL_V2
09-07 14:28:13.566   393  1492 D acdb_loader_server: onTransact: provided datalen(272)
09-07 14:28:13.566   393  1492 D acdb_loader_server: onTransact: returned datalen(272)
09-07 14:28:13.567   512   725 D acdb_loader_proxy: acdb_loader_get_audio_cal_v2: returned datalen(272)
09-07 14:28:13.567   512   725 I HarmanAudioControl: hacs ::setOutPut() zoneId = 0, streamType = 1, channelSubId = 2 in setOutPut() AudioWorxXtp.cpp:141
09-07 14:28:13.567   512   725 V acdb-loader-wrapper: 479:acdb_loader_set_audio_cal_v2
09-07 14:28:13.568   512   725 D acdb_loader_proxy: acdb_loader_set_audio_cal_v2: datalen(272)
09-07 14:28:13.568   393   399 D acdb_loader_server: onTransact SET_AUDIO_CAL_V2: datalen(272)
09-07 14:28:13.571   512   725 V acdb-loader-wrapper: 494:acdb_loader_get_audio_cal_v2
09-07 14:28:13.571   512   725 D acdb_loader_proxy: acdb_loader_get_audio_cal_v2: provided datalen(272)
09-07 14:28:13.572   393   399 D acdb_loader_server: onTransact GET_AUDIO_CAL_V2
09-07 14:28:13.572   393   399 D acdb_loader_server: onTransact: provided datalen(272)
09-07 14:28:13.572   393   399 D acdb_loader_server: onTransact: returned datalen(272)
09-07 14:28:13.573   512   725 D acdb_loader_proxy: acdb_loader_get_audio_cal_v2: returned datalen(272)
09-07 14:28:13.573   512   725 I HarmanAudioControl: hacs ::setOutPut() zoneId = 0, streamType = 1, channelSubId = 3 in setOutPut() AudioWorxXtp.cpp:141
09-07 14:28:13.573   512   725 V acdb-loader-wrapper: 479:acdb_loader_set_audio_cal_v2
09-07 14:28:13.573   512   725 D acdb_loader_proxy: acdb_loader_set_audio_cal_v2: datalen(272)
09-07 14:28:13.574   393   399 D acdb_loader_server: onTransact SET_AUDIO_CAL_V2: datalen(272)
09-07 14:28:13.575   512   725 V acdb-loader-wrapper: 494:acdb_loader_get_audio_cal_v2
09-07 14:28:13.576   512   725 D acdb_loader_proxy: acdb_loader_get_audio_cal_v2: provided datalen(272)
09-07 14:28:13.576   393   399 D acdb_loader_server: onTransact GET_AUDIO_CAL_V2
09-07 14:28:13.576   393   399 D acdb_loader_server: onTransact: provided datalen(272)
09-07 14:28:13.577   393   399 D acdb_loader_server: onTransact: returned datalen(272)
09-07 14:28:13.577   512   725 D acdb_loader_proxy: acdb_loader_get_audio_cal_v2: returned datalen(272)
09-07 14:28:13.578   512   725 I HarmanAudioControl: hacs ::setConnect InChannelId:9 OutChannelId:3 enable:1. in setConnect() AudioWorxXtp.cpp:66
09-07 14:28:13.578   512   725 V acdb-loader-wrapper: 479:acdb_loader_set_audio_cal_v2
09-07 14:28:13.578   512   725 D acdb_loader_proxy: acdb_loader_set_audio_cal_v2: datalen(272)
09-07 14:28:13.578   393   399 D acdb_loader_server: onTransact SET_AUDIO_CAL_V2: datalen(272)
09-07 14:28:13.581   512   725 V acdb-loader-wrapper: 494:acdb_loader_get_audio_cal_v2
09-07 14:28:13.581   512   725 D acdb_loader_proxy: acdb_loader_get_audio_cal_v2: provided datalen(272)
09-07 14:28:13.581   393   399 D acdb_loader_server: onTransact GET_AUDIO_CAL_V2
09-07 14:28:13.581   393   399 D acdb_loader_server: onTransact: provided datalen(272)
09-07 14:28:13.583   393   399 D acdb_loader_server: onTransact: returned datalen(272)
09-07 14:28:13.583   512   725 D acdb_loader_proxy: acdb_loader_get_audio_cal_v2: returned datalen(272)
09-07 14:28:13.584   512 13241 D HarmanHAL: StreamIn::getCapturePositionImpl
09-07 14:28:13.584   512 13283 I HarmanAudioControl: hacs funcname(connect) sessionValue(75) reply with result(0) in operator()() PluginManager.h:383
09-07 14:28:13.585   512 13283 I HarmanHal: PluginInterface::handlePluginReply session found sessionId 75 result 0
09-07 14:28:13.585   512  1065 I HarmanHal: ------ doOutputConnectDone for bus : bus7_bt_dnlink_in , audio source type : 4
09-07 14:28:13.591   512  1065 I HarmanHal: ****** bus name : bus7_bt_dnlink_in   sink:bus4_call_out   isRouted : 1  ConnectInProgess : 1   disconnectInProgress : 0  audiosource SOURCE_VOICE_CALL******
09-07 14:28:13.591   512  1065 I HarmanHal: after handling cmEvtCntDone event in connect state changing next state to st_loadParams in Info2 state machine
09-07 14:28:13.592   512  1065 I HarmanHal: ConnectionController::loadParams : bus:bus7_bt_dnlink_in need params to be loaded 
09-07 14:28:13.592   512  1065 I HarmanHal: AudioSourceSettings::isECNRNeededForBus: busname : bus7_bt_dnlink_in ecnrNeeded  : 1
09-07 14:28:13.592   512  1065 I HarmanHal: ------- ConnectionController::setECNRScenario bus : bus7_bt_dnlink_in bNeedToSet:1 ---------
09-07 14:28:13.592   512  1065 I HarmanHal: ------- requesting Effects controller to set the scenario for bus bus7_bt_dnlink_in and sink bus4_call_out --------- 
09-07 14:28:13.592   512  1065 I HarmanHal: Effects controller setECNRScenario
09-07 14:28:13.592   512  1065 I HarmanHal: Entering state IntSrcSM::st_loadParams in Info2_StateMachine
09-07 14:28:13.592   512  1070 I HarmanHal: AudioSourceSettings::isECNRNeededForBus: busname : bus7_bt_dnlink_in ecnrNeeded  : 1
09-07 14:28:13.592   512  1070 I HarmanHal: EffectsController::doActivateECNRScenario setting both dl and ul scenarios for external bus bus7_bt_dnlink_in 
09-07 14:28:13.592   512  1070 I HarmanHal: setting the DL ecnr_scenario=2MIC_Handsfree_BT_Tel_WB_DL;ecnr_zenable=1 and UL ecnr_scenario=2MIC_Handsfree_BT_Tel_WB_UL;ecnr_zenable=1  scenario for the BT phone call bus 
09-07 14:28:13.592   512  1070 I HarmanAudioControl: hacs PluginMgr setParameters start. in setParameters() PluginManager.cpp:1074
09-07 14:28:13.592   512  1070 I HarmanAudioControl: hacs optConcurrence funcname(setParameters) sessionValue(76) done. in optConcurrence() PluginManager.h:412
09-07 14:28:13.592   512  1070 I HarmanHal: PluginInterface sessionId for setParameter is 76
09-07 14:28:13.593   512   775 I HarmanAudioControl: hacs keyValuePairs: ecnr_scenario=2MIC_Handsfree_BT_Tel_WB_DL;ecnr_zenable=1 in setParameters() EcnrPluginImp.cpp:1017
09-07 14:28:13.593   512   775 I HarmanAudioControl: hacs setEcnrScenario, scenario = 2MIC_Handsfree_BT_Tel_WB_DL in setEcnrScenario() EcnrPluginImp.cpp:109
09-07 14:28:13.587   512   512 I audio@6.0-harma: type=1400 audit(0.0:2610): avc: denied { connectto } for path="/dev/socket/property_service" scontext=u:r:hal_audio_default:s0 tcontext=u:r:init:s0 tclass=unix_stream_socket permissive=1
09-07 14:28:13.593   512  1070 I HarmanAudioControl: hacs PluginMgr setParameters start. in setParameters() PluginManager.cpp:1074
09-07 14:28:13.593   512  1070 W HarmanAudioControl: hacs preStatus not matched, preStatus:INITED, currentStatus:BUSY in regStateAction() PluginStatus.h:158
09-07 14:28:13.593   512  1070 I HarmanAudioControl: hacs optConcurrence funcname(setParameters) sessionValue(77) done. in optConcurrence() PluginManager.h:412
09-07 14:28:13.593   512  1070 I HarmanHal: PluginInterface sessionId for setParameter is 77
09-07 14:28:13.594   512   775 I HarmanAudioControl: hacs scenario: 2MIC_Handsfree_BT_Tel_WB_DL, status: 1 in setEcnrScenarioStatus() EcnrPluginImp.cpp:484
09-07 14:28:13.594   512   775 W HarmanAudioControl: hacs The same. Do nothing. in setEcnrScenarioStatus() EcnrPluginImp.cpp:511
09-07 14:28:13.594   512   775 I HarmanAudioControl: hacs keyValuePairs: ecnr_scenario=2MIC_Handsfree_BT_Tel_WB_UL;ecnr_zenable=1 in setParameters() EcnrPluginImp.cpp:1017
09-07 14:28:13.594   512   775 I HarmanAudioControl: hacs setEcnrScenario, scenario = 2MIC_Handsfree_BT_Tel_WB_UL in setEcnrScenario() EcnrPluginImp.cpp:109
09-07 14:28:13.595   512   775 I HarmanAudioControl: hacs scenario: 2MIC_Handsfree_BT_Tel_WB_UL, status: 1 in setEcnrScenarioStatus() EcnrPluginImp.cpp:484
09-07 14:28:13.595   512   775 W HarmanAudioControl: hacs The same. Do nothing. in setEcnrScenarioStatus() EcnrPluginImp.cpp:511
09-07 14:28:13.595   512 13293 I HarmanAudioControl: hacs funcname(setParameters) sessionValue(76) reply with result(0) in operator()() PluginManager.h:383
09-07 14:28:13.595   512 13293 I HarmanHal: PluginInterface::handlePluginReply session found sessionId 76 result 0
09-07 14:28:13.595   512  1065 I HarmanHal: ------ LoadParamsDone for bus : bus7_bt_dnlink_in, audio source type : 4
09-07 14:28:13.595   512  1065 I HarmanHal: after handling cmEvtLoadParamsDone event in loadparams state changing next state to st_SetSrcVol in Info2 state machine
09-07 14:28:13.596   512  1065 I HarmanHal: ------ setSourceVolume bus: bus7_bt_dnlink_in --------
09-07 14:28:13.595   512 13294 I HarmanAudioControl: hacs funcname(setParameters) sessionValue(77) reply with result(0) in operator()() PluginManager.h:383
09-07 14:28:13.596   512  1065 I HarmanHal: Entering state IntSrcSM::st_SetSrcVol in Info2_StateMachine
09-07 14:28:13.596   512  1068 I HarmanHal: VolumeController::doSetVolume bus: bus7_bt_dnlink_in  value: -1
09-07 14:28:13.597   512  1068 I HarmanHal: VolumeController::doSetVolume step:10 gain:-24.000000 timing:500.000000
09-07 14:28:13.597   512  1068 I HarmanHal: plugin interface volume cmd streamType = 1 sourceType =4 gain=-24.000000 timing=500.000000 step=10
09-07 14:28:13.597   512  1068 I HarmanAudioControl: hacs PluginMgr setVolume start. in setVolume() PluginManager.cpp:906
09-07 14:28:13.597   512  1068 I HarmanAudioControl: hacs optConcurrence funcname(setVolume) sessionValue(78) done. in optConcurrence() PluginManager.h:412
09-07 14:28:13.597   512   725 I HarmanAudioControl: hacs zoneId: 0, volumeParam.streamType: 1, volumeParam.gain: -24.000000, boost: 0x4bd36ef0, size: 2, time:500.000000 in setVolume() ADSPPluginImp.cpp:451
09-07 14:28:13.597   512  1068 I HarmanHal: PluginInterface sessionId for volume is 78
09-07 14:28:13.597   512   725 I HarmanAudioControl: hacs zoneId: 0, streamType: 1, lastGain: -24.000000, curGain: -24.000000, time: 500.000000 in setVolumeRampTime() ADSPPluginImp.cpp:409
09-07 14:28:13.597   512   725 W HarmanAudioControl: hacs The current gain value is the same as the last gain value, diff gain(0.000000), skip set Ramptime in calRampTimeRate() ADSPPluginImp.cpp:2757
09-07 14:28:13.597   512 13294 I HarmanHal: PluginInterface::handlePluginReply session found sessionId 77 result 0
09-07 14:28:13.597   512   725 I HarmanAudioControl: hacs Set Loudness gain, value is: 11.000000, SubblockID is: 0, offset is: 4 in setLoudness() ADSPPluginImp.cpp:2444
09-07 14:28:13.597   512   725 V acdb-loader-wrapper: 479:acdb_loader_set_audio_cal_v2
09-07 14:28:13.598   512   725 D acdb_loader_proxy: acdb_loader_set_audio_cal_v2: datalen(272)
09-07 14:28:13.598   393   399 D acdb_loader_server: onTransact SET_AUDIO_CAL_V2: datalen(272)
09-07 14:28:13.601   512   725 V acdb-loader-wrapper: 494:acdb_loader_get_audio_cal_v2
09-07 14:28:13.601   512   725 D acdb_loader_proxy: acdb_loader_get_audio_cal_v2: provided datalen(272)
09-07 14:28:13.601   393   399 D acdb_loader_server: onTransact GET_AUDIO_CAL_V2
09-07 14:28:13.601   393   399 D acdb_loader_server: onTransact: provided datalen(272)
09-07 14:28:13.601   393   399 D acdb_loader_server: onTransact: returned datalen(272)
09-07 14:28:13.602   512   725 D acdb_loader_proxy: acdb_loader_get_audio_cal_v2: returned datalen(272)
09-07 14:28:13.602   512   725 I HarmanAudioControl: hacs Set Loudness gain, value is: 2.000000, SubblockID is: 0, offset is: 24 in setLoudness() ADSPPluginImp.cpp:2444
09-07 14:28:13.602   512   725 V acdb-loader-wrapper: 479:acdb_loader_set_audio_cal_v2
09-07 14:28:13.602   512   725 D acdb_loader_proxy: acdb_loader_set_audio_cal_v2: datalen(272)
09-07 14:28:13.603   393   399 D acdb_loader_server: onTransact SET_AUDIO_CAL_V2: datalen(272)
09-07 14:28:13.605   512   725 V acdb-loader-wrapper: 494:acdb_loader_get_audio_cal_v2
09-07 14:28:13.606   512   725 D acdb_loader_proxy: acdb_loader_get_audio_cal_v2: provided datalen(272)
09-07 14:28:13.606   393   399 D acdb_loader_server: onTransact GET_AUDIO_CAL_V2
09-07 14:28:13.606   393   399 D acdb_loader_server: onTransact: provided datalen(272)
09-07 14:28:13.606   393   399 D acdb_loader_server: onTransact: returned datalen(272)
09-07 14:28:13.607   512   725 D acdb_loader_proxy: acdb_loader_get_audio_cal_v2: returned datalen(272)
09-07 14:28:13.607   512   725 I HarmanAudioControl: hacs Set Loudness gain, value is: 11.000000, SubblockID is: 1, offset is: 4 in setLoudness() ADSPPluginImp.cpp:2444
09-07 14:28:13.607   512   725 V acdb-loader-wrapper: 479:acdb_loader_set_audio_cal_v2
09-07 14:28:13.607   512   725 D acdb_loader_proxy: acdb_loader_set_audio_cal_v2: datalen(272)
09-07 14:28:13.608   393   399 D acdb_loader_server: onTransact SET_AUDIO_CAL_V2: datalen(272)
09-07 14:28:13.608   512   725 V acdb-loader-wrapper: 494:acdb_loader_get_audio_cal_v2
09-07 14:28:13.609   512   725 D acdb_loader_proxy: acdb_loader_get_audio_cal_v2: provided datalen(272)
09-07 14:28:13.609   393   399 D acdb_loader_server: onTransact GET_AUDIO_CAL_V2
09-07 14:28:13.609   393   399 D acdb_loader_server: onTransact: provided datalen(272)
09-07 14:28:13.611   393   399 D acdb_loader_server: onTransact: returned datalen(272)
09-07 14:28:13.611   512   725 D acdb_loader_proxy: acdb_loader_get_audio_cal_v2: returned datalen(272)
09-07 14:28:13.612   512   725 I HarmanAudioControl: hacs Set Loudness gain, value is: 2.000000, SubblockID is: 1, offset is: 24 in setLoudness() ADSPPluginImp.cpp:2444
09-07 14:28:13.612   512   725 V acdb-loader-wrapper: 479:acdb_loader_set_audio_cal_v2
09-07 14:28:13.612   512   725 D acdb_loader_proxy: acdb_loader_set_audio_cal_v2: datalen(272)
09-07 14:28:13.612   393   399 D acdb_loader_server: onTransact SET_AUDIO_CAL_V2: datalen(272)
09-07 14:28:13.613   512   725 V acdb-loader-wrapper: 494:acdb_loader_get_audio_cal_v2
09-07 14:28:13.613   512   725 D acdb_loader_proxy: acdb_loader_get_audio_cal_v2: provided datalen(272)
09-07 14:28:13.614   393   399 D acdb_loader_server: onTransact GET_AUDIO_CAL_V2
09-07 14:28:13.614   393   399 D acdb_loader_server: onTransact: provided datalen(272)
09-07 14:28:13.616   393   399 D acdb_loader_server: onTransact: returned datalen(272)
09-07 14:28:13.616   512   725 D acdb_loader_proxy: acdb_loader_get_audio_cal_v2: returned datalen(272)
09-07 14:28:13.617   512   725 V acdb-loader-wrapper: 479:acdb_loader_set_audio_cal_v2
09-07 14:28:13.617   512   725 D acdb_loader_proxy: acdb_loader_set_audio_cal_v2: datalen(272)
09-07 14:28:13.617   512 13241 D HarmanHAL: StreamIn::getCapturePositionImpl
09-07 14:28:13.617   393   399 D acdb_loader_server: onTransact SET_AUDIO_CAL_V2: datalen(272)
09-07 14:28:13.619   512   725 V acdb-loader-wrapper: 494:acdb_loader_get_audio_cal_v2
09-07 14:28:13.619   512   725 D acdb_loader_proxy: acdb_loader_get_audio_cal_v2: provided datalen(272)
09-07 14:28:13.619   393   399 D acdb_loader_server: onTransact GET_AUDIO_CAL_V2
09-07 14:28:13.619   393   399 D acdb_loader_server: onTransact: provided datalen(272)
09-07 14:28:13.620   393   399 D acdb_loader_server: onTransact: returned datalen(272)
09-07 14:28:13.621   512   725 D acdb_loader_proxy: acdb_loader_get_audio_cal_v2: returned datalen(272)
09-07 14:28:13.621   512 13295 I HarmanAudioControl: hacs funcname(setVolume) sessionValue(78) reply with result(0) in operator()() PluginManager.h:383
09-07 14:28:13.621   512 13295 I HarmanHal: PluginInterface::handlePluginReply session found sessionId 78 result 0
09-07 14:28:13.622   512 13295 I KPI_Marker: [198.195181] [HarmanAudioEffect] Audio_Volume_Changed
09-07 14:28:13.622   512  1065 I HarmanHal: doSrcVolumeDone, cmEvtVolDone for bus : bus7_bt_dnlink_in , audio source type : 4
09-07 14:28:13.622   512  1065 I HarmanHal: after handling cmEvtVolDone event in setsrcVol state changing next state to st_rampUp in Info2 state machine
09-07 14:28:13.622   512  1065 I HarmanHal: ------- ConnectionController::rampUp bus : bus7_bt_dnlink_in ----------
09-07 14:28:13.623   512  1065 I HarmanHal: MuteController:: Handling setMute request : muteState : 0 
09-07 14:28:13.623   512  1065 I KPI_Marker: [198.196670] [HarmanAudioControl] Audio_Fade_In
09-07 14:28:13.623   512  1065 I HarmanHal: Entering state IntSrcSM::st_rampUp in Info2_StateMachine
09-07 14:28:13.623   512  1220 I HarmanHal.Routing: hacs alsa node(pcmRing_p): closed in closePcmNode() PcmAlsaWrapper.cpp:61
09-07 14:28:13.624   512  1066 I HarmanHal: MuteController::doSetMute Busname:bus7_bt_dnlink_in, Stream Type=1, Source type=4  mute status : 0 
09-07 14:28:13.624   512  1066 I HarmanHal: plugin interface mute streamType = 1 sourceType =4 state=0 timing=100.000000 fadingmute=9 newBus:bus7_bt_dnlink_in
09-07 14:28:13.624   512  1066 I HarmanAudioControl: hacs PluginMgr setMute start. in setMute() PluginManager.cpp:929
09-07 14:28:13.624   512  1066 I HarmanAudioControl: hacs optConcurrence funcname(setMute) sessionValue(79) done. in optConcurrence() PluginManager.h:412
09-07 14:28:13.624   512   725 I HarmanAudioControl: hacs zoneId: 0, muteParam.streamType: 1, muteParam.state: 0, muteParam.timing: 100.000000 in setMute() ADSPPluginImp.cpp:526
09-07 14:28:13.624   512  1066 I HarmanHal: PluginInterface sessionId for mute is 79
09-07 14:28:13.624   512   725 I HarmanAudioControl: hacs zoneId: 0, streamType: 1, lastGain: -128.000000, curGain: -24.000000, time: 100.000000 in setMuteRampTime() ADSPPluginImp.cpp:370
09-07 14:28:13.624   512   725 I HarmanAudioControl: hacs ::setMuteRampTime() zoneId = 0, streamType = 1, type = 0, timeRate = 0.961538 in setMuteRampTime() AudioWorxXtp.cpp:164
09-07 14:28:13.624   512   725 V acdb-loader-wrapper: 479:acdb_loader_set_audio_cal_v2
09-07 14:28:13.624   512   725 D acdb_loader_proxy: acdb_loader_set_audio_cal_v2: datalen(272)
09-07 14:28:13.625   393   399 D acdb_loader_server: onTransact SET_AUDIO_CAL_V2: datalen(272)
09-07 14:28:13.626  1033  1942 I system_server: oneway function results will be dropped but finished with status OK and parcel size 4
09-07 14:28:13.631   512   725 V acdb-loader-wrapper: 494:acdb_loader_get_audio_cal_v2
09-07 14:28:13.632   512   725 D acdb_loader_proxy: acdb_loader_get_audio_cal_v2: provided datalen(272)
09-07 14:28:13.632   393   399 D acdb_loader_server: onTransact GET_AUDIO_CAL_V2
09-07 14:28:13.632   393   399 D acdb_loader_server: onTransact: provided datalen(272)
09-07 14:28:13.633   393   399 D acdb_loader_server: onTransact: returned datalen(272)
09-07 14:28:13.633   512   725 D acdb_loader_proxy: acdb_loader_get_audio_cal_v2: returned datalen(272)
09-07 14:28:13.634   512   725 V acdb-loader-wrapper: 479:acdb_loader_set_audio_cal_v2
09-07 14:28:13.634   512   725 D acdb_loader_proxy: acdb_loader_set_audio_cal_v2: datalen(272)
09-07 14:28:13.635   393   399 D acdb_loader_server: onTransact SET_AUDIO_CAL_V2: datalen(272)
09-07 14:28:13.636   512   725 V acdb-loader-wrapper: 494:acdb_loader_get_audio_cal_v2
09-07 14:28:13.636   512   725 D acdb_loader_proxy: acdb_loader_get_audio_cal_v2: provided datalen(272)
09-07 14:28:13.636   393   399 D acdb_loader_server: onTransact GET_AUDIO_CAL_V2
09-07 14:28:13.636   393   399 D acdb_loader_server: onTransact: provided datalen(272)
09-07 14:28:13.637   393   399 D acdb_loader_server: onTransact: returned datalen(272)
09-07 14:28:13.637   512   725 D acdb_loader_proxy: acdb_loader_get_audio_cal_v2: returned datalen(272)
09-07 14:28:13.638   512 13299 I HarmanAudioControl: hacs funcname(setMute) sessionValue(79) reply with result(0) in operator()() PluginManager.h:383
09-07 14:28:13.638   512 13299 I HarmanHal: PluginInterface::handlePluginReply session found sessionId 79 result 0
09-07 14:28:13.638   512  1066 I HarmanHal: MuteController::handleMessage:: handling callback from Plugin
09-07 14:28:13.638   512  1065 I HarmanHal: ------ doRampUpDone for bus: bus7_bt_dnlink_in , audio source type : 4
09-07 14:28:13.639   512  1065 I HarmanHal: after handling cmEvtRampUpDone event in rampup state changing next state to st_idle in Info2 state machine
09-07 14:28:13.639   512  1065 I HarmanHal: ****** bus name : bus7_bt_dnlink_in   sink:bus4_call_out   isRouted : 1  ConnectInProgess : 0   disconnectInProgress : 0  audiosource SOURCE_VOICE_CALL******
09-07 14:28:13.639   512  1065 I HarmanHal: ----- ConnectionController::connectCompleted bus: bus7_bt_dnlink_in -----
09-07 14:28:13.639   512  1065 I HarmanHal: Found the entry for bus: bus7_bt_dnlink_in deleting from the activation queue 
09-07 14:28:13.639   512  1065 I HarmanHal: ConnectionController::restoreAudioStack: busActivate callback is recieved in operator()
09-07 14:28:13.639   512  1065 I HarmanHal: Entering state IntSrcSM::st_idle in Info2_StateMachine
09-07 14:28:13.644   512 13241 D HarmanHAL: StreamIn::getCapturePositionImpl
09-07 14:28:13.674   512 13241 D HarmanHAL: StreamIn::getCapturePositionImpl
09-07 14:28:13.706   512 13133 I HarmanHal.Routing: hacs alsa node(pcmMicRefIn_c) adtm interval_min:0 ms, inverval_max:11 ms, inverval_mean:7 ms!
09-07 14:28:13.706   512 13133 I HarmanHal.Routing:  in printADTM() PcmAlsaWrapper.cpp:876
09-07 14:28:13.711   512 13159 I HarmanHal.Routing: hacs alsa node(pcmBtHfp_ul_pro_p) adtm interval_min:2 ms, inverval_max:12 ms, inverval_mean:8 ms!
09-07 14:28:13.711   512 13159 I HarmanHal.Routing:  in printADTM() PcmAlsaWrapper.cpp:876
09-07 14:28:13.716   512 13241 D HarmanHAL: StreamIn::getCapturePositionImpl
09-07 14:28:13.774   512 13241 I chatty  : uid=1041(audioserver) reader identical 2 lines
09-07 14:28:13.804   512 13241 D HarmanHAL: StreamIn::getCapturePositionImpl
09-07 14:28:13.814   512 13169 I HarmanHal.Routing: hacs alsa node(pcmBtHfp_dl_pre_c) adtm interval_min:0 ms, inverval_max:13 ms, inverval_mean:8 ms!
09-07 14:28:13.814   512 13169 I HarmanHal.Routing:  in printADTM() PcmAlsaWrapper.cpp:876
09-07 14:28:13.815   512 13169 I HarmanHal.Routing: hacs alsa node(pcmHfp_dl_p) adtm interval_min:0 ms, inverval_max:12 ms, inverval_mean:8 ms!
09-07 14:28:13.815   512 13169 I HarmanHal.Routing:  in printADTM() PcmAlsaWrapper.cpp:876
09-07 14:28:13.835   512 13241 D HarmanHAL: StreamIn::getCapturePositionImpl
01-01 00:03:16.921     0     0 I init    : starting service 'qccsyshalservice'...
01-01 00:03:16.933     0     0 I init    : starting service 'vendor.sensors-hal-1-0'...
01-01 00:03:16.949     0     0 I init    : starting service 'LogManager'...
09-07 14:28:13.904   512 13241 I chatty  : uid=1041(audioserver) reader identical 2 lines
09-07 14:28:13.935   512 13241 D HarmanHAL: StreamIn::getCapturePositionImpl
09-07 14:28:13.962 13342 13342 I qccsyshalservice: Start with system binder
09-07 14:28:13.963 13342 13342 I qccsyshalservice: Registering qccsyshal service...
09-07 14:28:13.964   376   376 I hwservicemanager: getTransport: Cannot find entry vendor.qti.hardware.qccsyshal@1.0::IQccsyshal/qccsyshal in either framework or device manifest.
09-07 14:28:13.965   512 13241 D HarmanHAL: StreamIn::getCapturePositionImpl
09-07 14:28:13.965 13342 13342 E HidlServiceManagement: Service vendor.qti.hardware.qccsyshal@1.0::IQccsyshal/qccsyshal must be in VINTF manifest in order to register/get.
09-07 14:28:13.965 13342 13342 E qccsyshalservice: [ERROR] registerAsService() failed with status: -2147483648
01-01 00:03:16.962     0     0 I init    : Service 'qccsyshalservice' (pid 13342) exited with status 1
01-01 00:03:16.962     0     0 I init    : Sending signal 9 to service 'qccsyshalservice' (pid 13342) process group...
01-01 00:03:16.963     0     0 I libprocessgroup: Successfully killed process cgroup uid 1000 pid 13342 in 0ms
09-07 14:28:13.977   376   376 I hwservicemanager: getTransport: Cannot find entry android.hardware.sensors@1.0::ISensors/default in either framework or device manifest.
09-07 14:28:13.980 13343 13343 E android.hardware.sensors@1.0-service: Couldn't load sensors module (Unknown error -2147483648)
09-07 14:28:13.980 13343 13343 D RefBase : RefBase: Explicit destruction, weak count = 0 (in 0xb40000744a7b30c8)
09-07 14:28:13.980 13343 13343 W RefBase : CallStack::getCurrentInternal not linked, returning null
09-07 14:28:13.980 13343 13343 W RefBase : CallStack::logStackInternal not linked
09-07 14:28:13.981 13343 13343 E LegacySupport: Could not get passthrough implementation for android.hardware.sensors@1.0::ISensors/default.
01-01 00:03:16.973     0     0 I init    : Service 'vendor.sensors-hal-1-0' (pid 13343) exited with status 1
01-01 00:03:16.973     0     0 I init    : Sending signal 9 to service 'vendor.sensors-hal-1-0' (pid 13343) process group...
01-01 00:03:16.974     0     0 I libprocessgroup: Successfully killed process cgroup uid 1000 pid 13343 in 0ms
09-07 14:28:13.995   512 13241 D HarmanHAL: StreamIn::getCapturePositionImpl
09-07 14:28:13.997 13344 13344 D LOGMANAGER: LOGMANAGER HAL service init() start
09-07 14:28:13.997 13344 13344 D LOGMANAGER: Logmanager configured rpcthreadpool
09-07 14:28:13.991 13344 13344 I vendor.harman.L: type=1400 audit(0.0:2611): avc: denied { read } for name="u:object_r:hwservicemanager_prop:s0" dev="tmpfs" ino=24519 scontext=u:r:logmanagerd:s0 tcontext=u:object_r:hwservicemanager_prop:s0 tclass=file permissive=1
09-07 14:28:13.991 13344 13344 I vendor.harman.L: type=1400 audit(0.0:2612): avc: denied { open } for path="/dev/__properties__/u:object_r:hwservicemanager_prop:s0" dev="tmpfs" ino=24519 scontext=u:r:logmanagerd:s0 tcontext=u:object_r:hwservicemanager_prop:s0 tclass=file permissive=1
09-07 14:28:14.000   532   569 I VPS     : VPS:VehiclePlatformSOCHeartBeatHandler IVI HeartBeat sent successfully SOCHeartBeatInfo.SOCStatus->2
09-07 14:28:14.000   532   569 W ipcLib  : ipcLib: in ipc_lib. DV1 write called
01-01 00:03:16.987     0     0 W audit   : audit_lost=1129 audit_rate_limit=5 audit_backlog_limit=64
01-01 00:03:16.987     0     0 E audit   : rate limit exceeded
09-07 14:28:14.001   532   569 W ipcLib  : ipcLib: in ipc_lib. DV1 read called
09-07 14:28:14.003 13344 13344 I HidlServiceManagement: Registered vendor.harman.hardware.LogManager@1.0::ILogManager/default
09-07 14:28:14.004 13344 13344 D LOGMANAGER: Logmanager HAL Service is registered and ready
09-07 14:28:14.004 13344 13344 I LOGMANAGER: ThreadPoolWrapper::initThreadPool
09-07 14:28:14.004 13344 13344 I LOGMANAGER: ThreadPoolWrapper : exit
09-07 14:28:14.004 13344 13344 D LOGMANAGER: Logmanager threadpoolwrapper created
09-07 14:28:14.004 13344 13344 D LOGMANAGER: User argument is -c
09-07 14:28:14.004 13344 13345 I LOGMANAGER: ThreadPoolWrapper:  enter the joinRpcThreadpool()
09-07 14:28:14.004 13344 13344 I LOGMANAGER: LogmanagerConfig is configured under config file
09-07 14:28:14.004 13344 13344 I LOGMANAGER: LoggingLevel is : 4
09-07 14:28:14.004 13344 13344 I LOGMANAGER: LogEnableState is : 0
09-07 14:28:14.004 13344 13344 I LOGMANAGER: OutputPluginConfiguration PluginType : LOGWRITTER
09-07 14:28:14.004 13344 13344 I LOGMANAGER: LM_OutputConfiguration : 1
09-07 14:28:14.004 13344 13344 I LOGMANAGER: LM_OfflineTraceDirectory : /data/cache
09-07 14:28:14.004 13344 13344 I LOGMANAGER: LM_OfflineTraceFILESize : 1000000
09-07 14:28:14.004 13344 13344 I LOGMANAGER: LM_OfflineTotalFILESSize : 20000000
09-07 14:28:14.004 13344 13344 I LOGMANAGER: LM_FileNameTimeStampBased : 0
09-07 14:28:14.004 13344 13344 I LOGMANAGER: Got IOC plugin
09-07 14:28:14.004 13344 13344 I LOGMANAGER: IOCIPCChannelNumber :6
09-07 14:28:14.004 13344 13344 I LOGMANAGER: keyseq: HOME + VOLUMEDOWN  for domain is AudioDump
09-07 14:28:14.004 13344 13344 I LOGMANAGER: keyseq: HOME + VOLUMEUP  for domain is HCIDump
09-07 14:28:14.005 13344 13344 I LOGMANAGER: Domains parsing is done
09-07 14:28:14.006 13344 13344 E LOGMANAGER: Failed to load plugin /vendor/lib64/libIOCDLogReader.so with error code dlopen failed: library "/vendor/lib64/libIOCDLogReader.so" not found 
09-07 14:28:14.006 13344 13344 F libc    : Fatal signal 11 (SIGSEGV), code 1 (SEGV_MAPERR), fault addr 0x0 in tid 13344 (vendor.harman.L), pid 13344 (vendor.harman.L)
09-07 14:28:14.035   512 13241 D HarmanHAL: StreamIn::getCapturePositionImpl
09-07 14:28:14.045 13351 13351 I crash_dump64: obtaining output fd from tombstoned, type: kDebuggerdTombstone
09-07 14:28:14.046   463   463 I tombstoned: received crash request for pid 13344
09-07 14:28:14.047 13351 13351 I crash_dump64: performing dump of process 13344 (target tid = 13344)
09-07 14:28:14.049 13351 13351 F DEBUG   : *** *** *** *** *** *** *** *** *** *** *** *** *** *** *** ***
09-07 14:28:14.050 13351 13351 F DEBUG   : Build fingerprint: 'qti/titan_tml_b2/titan_tml_b2:11/RQ3A.210605.005/eng.ksong.20210907.134230:userdebug/test-keys'
09-07 14:28:14.050 13351 13351 F DEBUG   : Revision: '0'
09-07 14:28:14.050 13351 13351 F DEBUG   : ABI: 'arm64'
09-07 14:28:14.051 13351 13351 F DEBUG   : Timestamp: 2021-09-07 14:28:14+0000
09-07 14:28:14.051 13351 13351 F DEBUG   : pid: 13344, tid: 13344, name: vendor.harman.L  >>> /vendor/bin/hw/vendor.harman.LogManager@1.0-service <<<
09-07 14:28:14.051 13351 13351 F DEBUG   : uid: 0
09-07 14:28:14.051 13351 13351 F DEBUG   : signal 11 (SIGSEGV), code 1 (SEGV_MAPERR), fault addr 0x0
09-07 14:28:14.051 13351 13351 F DEBUG   : Cause: null pointer dereference
09-07 14:28:14.052 13351 13351 F DEBUG   :     x0  0000000000000000  x1  0000000000000000  x2  0000000000080001  x3  0000000000000000
09-07 14:28:14.052 13351 13351 F DEBUG   :     x4  0000000000000000  x5  0000000000000090  x6  fefefefefefefeff  x7  7f7f7f7f7f7f7f7f
09-07 14:28:14.052 13351 13351 F DEBUG   :     x8  0101010101010101  x9  54fc041ea6beee4d  x10 0000007fc10d9878  x11 fffffffffffffffd
09-07 14:28:14.052 13351 13351 F DEBUG   :     x12 0000007fc10d9a00  x13 000000000000008e  x14 00003d08bc18cc00  x15 0000000034155555
09-07 14:28:14.052 13351 13351 F DEBUG   :     x16 0000005c653fa7e0  x17 0000007f0cd50b30  x18 0000007f0d584000  x19 0000000000000000
09-07 14:28:14.052 13351 13351 F DEBUG   :     x20 0000007f0ceedc50  x21 0000007fc10da119  x22 b400007e0c6ec8b8  x23 0000007fc10da138
09-07 14:28:14.052 13351 13351 F DEBUG   :     x24 0000000000000000  x25 0000007f0d32a000  x26 0000007fc10da119  x27 0000007fc10da0e9
09-07 14:28:14.052 13351 13351 F DEBUG   :     x28 0000000000000000  x29 0000007fc10da020
09-07 14:28:14.052 13351 13351 F DEBUG   :     lr  0000005c653f1048  sp  0000007fc10da020  pc  0000007f0cd50b40  pst 0000000080000000
09-07 14:28:14.056 13351 13351 F DEBUG   : backtrace:
09-07 14:28:14.057 13351 13351 F DEBUG   :       #00 pc 000000000004ab40  /apex/com.android.runtime/lib64/bionic/libc.so (strlen_default+16) (BuildId: 2b7c6e33413ac7278a15dfc3ea383089)
09-07 14:28:14.057 13351 13351 F DEBUG   :       #01 pc 0000000000009044  /vendor/bin/hw/vendor.harman.LogManager@1.0-service (BuildId: 3e966ab64050b441b920ba0e8960d123)
09-07 14:28:14.057 13351 13351 F DEBUG   :       #02 pc 0000000000008df0  /vendor/bin/hw/vendor.harman.LogManager@1.0-service (LM::LogManagerImpl::load_plugin_conf(void*, std::__1::basic_string<char, std::__1::char_traits<char>, std::__1::allocator<char> >, std::__1::multimap<std::__1::basic_string<char, std::__1::char_traits<char>, std::__1::allocator<char> >, int, std::__1::less<std::__1::basic_string<char, std::__1::char_traits<char>, std::__1::allocator<char> > >, std::__1::allocator<std::__1::pair<std::__1::basic_string<char, std::__1::char_traits<char>, std::__1::allocator<char> > const, int> > >&)+752) (BuildId: 3e966ab64050b441b920ba0e8960d123)
09-07 14:28:14.057 13351 13351 F DEBUG   :       #03 pc 00000000000088c0  /vendor/bin/hw/vendor.harman.LogManager@1.0-service (LM::LogManagerImpl::loadplugins()+436) (BuildId: 3e966ab64050b441b920ba0e8960d123)
09-07 14:28:14.057 13351 13351 F DEBUG   :       #04 pc 0000000000007af8  /vendor/bin/hw/vendor.harman.LogManager@1.0-service (main+1112) (BuildId: 3e966ab64050b441b920ba0e8960d123)
09-07 14:28:14.057 13351 13351 F DEBUG   :       #05 pc 000000000004988c  /apex/com.android.runtime/lib64/bionic/libc.so (__libc_init+108) (BuildId: 2b7c6e33413ac7278a15dfc3ea383089)
09-07 14:28:14.059   911  1386 D BufferPoolAccessor2.0: evictor expired: 1, evicted: 0
09-07 14:28:14.064   512 13241 D HarmanHAL: StreamIn::getCapturePositionImpl
01-01 00:03:17.107     0     0 D logd    : logdr: UID=0 GID=1000 PID=13351 n tail=0 logMask=8 pid=13344 start=0ns timeout=0ns
01-01 00:03:17.115     0     0 D logd    : logdr: UID=0 GID=1000 PID=13351 n tail=0 logMask=1 pid=13344 start=0ns timeout=0ns
09-07 14:28:14.134  1033  1270 W NativeCrashListener: Couldn't find ProcessRecord for pid 13344
09-07 14:28:14.095   512 13241 I chatty  : uid=1041(audioserver) reader identical 1 line
09-07 14:28:14.124   512 13241 D HarmanHAL: StreamIn::getCapturePositionImpl
09-07 14:28:14.134 13351 13351 E crash_dump64: AM data write failed: Broken pipe
09-07 14:28:14.136   463   463 E tombstoned: Tombstone written to: /data/tombstones/tombstone_05
01-01 00:03:17.127     0     0 I init    : Service 'LogManager' (pid 13344) received signal 11
09-07 14:28:14.146  1033  1095 I BootReceiver: Copying /data/tombstones/tombstone_05 to DropBox (SYSTEM_TOMBSTONE)
09-07 14:28:14.148  1033  1095 I DropBoxManagerService: add tag=SYSTEM_TOMBSTONE isTagEnabled=true flags=0x2
09-07 14:28:14.154   512 13241 D HarmanHAL: StreamIn::getCapturePositionImpl
09-07 14:28:14.194   512 13241 D HarmanHAL: StreamIn::getCapturePositionImpl
09-07 14:28:14.224   512 13241 I HarmanHal.Routing: hacs alsa node(pcmTunerIn_c) adtm interval_min:27 ms, inverval_max:40 ms, inverval_mean:31 ms!
09-07 14:28:14.224   512 13241 I HarmanHal.Routing:  in printADTM() PcmAlsaWrapper.cpp:876
09-07 14:28:14.225   512 13241 D HarmanHAL: StreamIn::getCapturePositionImpl
09-07 14:28:14.249  1033  1942 I system_server: oneway function results will be dropped but finished with status OK and parcel size 4
09-07 14:28:14.254   512 13241 D HarmanHAL: StreamIn::getCapturePositionImpl
09-07 14:28:14.255  1033  1942 I system_server: oneway function results will be dropped but finished with status OK and parcel size 4
09-07 14:28:14.256  1033  1942 I chatty  : uid=1000(system) Binder:1033_B identical 1 line
09-07 14:28:14.257  1033  1942 I system_server: oneway function results will be dropped but finished with status OK and parcel size 4
09-07 14:28:14.262  1033  2748 I system_server: oneway function results will be dropped but finished with status OK and parcel size 4
09-07 14:28:14.264  1033  2748 I system_server: oneway function results will be dropped but finished with status OK and parcel size 4
09-07 14:28:14.280   512  3972 I HarmanHal.Routing: hacs alsa node(pcmMedia_p) adtm interval_min:0 ms, inverval_max:11 ms, inverval_mean:8 ms!
09-07 14:28:14.280   512  3972 I HarmanHal.Routing:  in printADTM() PcmAlsaWrapper.cpp:876
09-07 14:28:14.284   512 13241 D HarmanHAL: StreamIn::getCapturePositionImpl
09-07 14:28:14.445   512 13241 I chatty  : uid=1041(audioserver) reader identical 5 lines
09-07 14:28:14.475   512 13241 D HarmanHAL: StreamIn::getCapturePositionImpl
09-07 14:28:14.476   538   618 W ipcLib  : ipcLib: in ipc_lib. DV1 read called
09-07 14:28:14.514   512 13241 D HarmanHAL: StreamIn::getCapturePositionImpl
09-07 14:28:14.604   512 13241 I chatty  : uid=1041(audioserver) reader identical 3 lines
09-07 14:28:14.634   512 13241 D HarmanHAL: StreamIn::getCapturePositionImpl
09-07 14:28:14.631   536   536 I vendor.harman.p: type=1400 audit(0.0:2631): avc: denied { search } for name="tombstones" dev="dm-4" ino=90113 scontext=u:r:pathologyd:s0 tcontext=u:object_r:tombstone_data_file:s0 tclass=dir permissive=1
09-07 14:28:14.631   536   536 I vendor.harman.p: type=1400 audit(0.0:2632): avc: denied { read } for name="tombstone_05" dev="dm-4" ino=90118 scontext=u:r:pathologyd:s0 tcontext=u:object_r:tombstone_data_file:s0 tclass=file permissive=1
09-07 14:28:14.631   536   536 I vendor.harman.p: type=1400 audit(0.0:2633): avc: denied { open } for path="/data/tombstones/tombstone_05" dev="dm-4" ino=90118 scontext=u:r:pathologyd:s0 tcontext=u:object_r:tombstone_data_file:s0 tclass=file permissive=1
09-07 14:28:14.631   536   536 I vendor.harman.p: type=1400 audit(0.0:2634): avc: denied { getattr } for path="/data/tombstones/tombstone_05" dev="dm-4" ino=90118 scontext=u:r:pathologyd:s0 tcontext=u:object_r:tombstone_data_file:s0 tclass=file permissive=1
09-07 14:28:14.636   536   612 E pathology: [ProcessCrashHandler:: parseTombstoneFileName]string not found
09-07 14:28:14.637   536   612 I chatty  : uid=0(root) vendor.harman.p identical 4 lines
09-07 14:28:14.637   536   612 E pathology: [ProcessCrashHandler:: parseTombstoneFileName]string not found
09-07 14:28:14.655 13376 13376 I cp      : type=1400 audit(0.0:2635): avc: denied { create } for name="tombstone_05_vendor.harman.L" scontext=u:r:pathologyd:s0 tcontext=u:object_r:vendor_data_file:s0 tclass=file permissive=1
09-07 14:28:14.674   512 13241 D HarmanHAL: StreamIn::getCapturePositionImpl
09-07 14:28:14.705   512 13241 D HarmanHAL: StreamIn::getCapturePositionImpl
09-07 14:28:14.706   512 13133 I HarmanHal.Routing: hacs alsa node(pcmMicRefIn_c) adtm interval_min:0 ms, inverval_max:11 ms, inverval_mean:8 ms!
09-07 14:28:14.706   512 13133 I HarmanHal.Routing:  in printADTM() PcmAlsaWrapper.cpp:876
09-07 14:28:14.711   512 13159 I HarmanHal.Routing: hacs alsa node(pcmBtHfp_ul_pro_p) adtm interval_min:2 ms, inverval_max:12 ms, inverval_mean:8 ms!
09-07 14:28:14.711   512 13159 I HarmanHal.Routing:  in printADTM() PcmAlsaWrapper.cpp:876
09-07 14:28:14.734   512 13241 D HarmanHAL: StreamIn::getCapturePositionImpl
09-07 14:28:14.764   512 13241 I chatty  : uid=1041(audioserver) reader identical 1 line
09-07 14:28:14.795   512 13241 D HarmanHAL: StreamIn::getCapturePositionImpl
09-07 14:28:14.813   512 13169 I HarmanHal.Routing: hacs alsa node(pcmBtHfp_dl_pre_c) adtm interval_min:0 ms, inverval_max:10 ms, inverval_mean:7 ms!
09-07 14:28:14.813   512 13169 I HarmanHal.Routing:  in printADTM() PcmAlsaWrapper.cpp:876
09-07 14:28:14.814   512 13169 I HarmanHal.Routing: hacs alsa node(pcmHfp_dl_p) adtm interval_min:0 ms, inverval_max:12 ms, inverval_mean:7 ms!
09-07 14:28:14.814   512 13169 I HarmanHal.Routing:  in printADTM() PcmAlsaWrapper.cpp:876
09-07 14:28:14.835   512 13241 D HarmanHAL: StreamIn::getCapturePositionImpl
09-07 14:28:14.864   512 13241 D HarmanHAL: StreamIn::getCapturePositionImpl
09-07 14:28:14.867   532   569 W ipcLib  : ipcLib: in ipc_lib. DV1 read called
09-07 14:28:14.868   532   568 I VPS     : VPS:IOCStatusInfo.VoltageStatus->0 
09-07 14:28:14.868   532   568 I VPS     : VPS:IOCStatusInfo.IOCStatusCmd->a6 
09-07 14:28:14.868   532   568 I VPS     : VPS:IOCStatusInfo.WakeUpReason->0 
09-07 14:28:14.868   532   568 I VPS     : VPS:IOCStatusInfo.DerivedIgnitionStatus->0 
09-07 14:28:14.868   532   568 I VPS     : VPS:IOCStatusInfo.PowerModeState->4 
09-07 14:28:14.868   532   568 I VPS     : VPS:IOCStatusInfo.SOCShutdownRequest->0 
09-07 14:28:14.868   532   568 I VPS     : VPS:IOCStatusInfo.AntiTheftState->0 
09-07 14:28:14.868   532   568 I VPS     : VPS:IOCStatusInfo.BatteryConnect->0 
09-07 14:28:14.894   512 13241 D HarmanHAL: StreamIn::getCapturePositionImpl
09-07 14:28:14.918   512 13158 D AudioProcessing: sseApply [handle 0xbc80d90][type 512] start..
09-07 14:28:14.918   512 13158 D AudioProcessing: sseProcess ul audioIO content print-1 [256] [2] [4] [1] 
09-07 14:28:14.918   512 13158 D AudioProcessing: sseProcess ul audioIO content print-2 [6] [1] [0x3bcbc5a0] [0x5bc7ede0] 
09-07 14:28:14.918   512 13158 D AudioProcessing: sseProcess ul audioIO content print-3 [0x1bca1320 [0x8bc84110] [0x1bc9f9b0] sse->pMain is [0x2bca4a60] 
09-07 14:28:14.919   512 13158 D AudioProcessing: sseProcess ul [handle 0xbc80d90]  ret[0]
09-07 14:28:14.919   512 13158 D AudioProcessing: sseProcess ul AudioBufferSampleCnt[256] type[512] finish..
09-07 14:28:14.924   512 13241 D HarmanHAL: StreamIn::getCapturePositionImpl
09-07 14:28:14.954   512 13241 I chatty  : uid=1041(audioserver) reader identical 1 line
09-07 14:28:14.995   512 13241 D HarmanHAL: StreamIn::getCapturePositionImpl
09-07 14:28:15.023   512 13169 D AudioProcessing: sseApply [handle 0xbc83090][type 768] start..
09-07 14:28:15.023   512 13169 D AudioProcessing: sseProcess dl audioIO content print-1 [256] [2] [1] [1] 
09-07 14:28:15.023   512 13169 D AudioProcessing: sseProcess dl audioIO content print-2 [1] [1] [0x0xb40000763bcc28d0] [0x0xb40000761bca6b00] 
09-07 14:28:15.023   512 13169 D AudioProcessing: sseProcess dl audioIO content print-3 [0x0xb40000761bca7fd0] [0x0xb40000761bcabe40] [0x0xb40000761bca5880] sse->pMain is [0x0xb40000772bcb4e80] 
09-07 14:28:15.024   512 13169 D AudioProcessing: sseProcess dl [handle 0xbc83090] ret[0]
09-07 14:28:15.024   512 13169 D AudioProcessing: sseProcess dl AudioBufferSampleCnt[256] type[768] finish..
09-07 14:28:15.025   512 13241 D HarmanHAL: StreamIn::getCapturePositionImpl
09-07 14:28:15.154   512 13241 I chatty  : uid=1041(audioserver) reader identical 4 lines
09-07 14:28:15.184   512 13241 D HarmanHAL: StreamIn::getCapturePositionImpl
09-07 14:28:15.214   512 13241 I HarmanHal.Routing: hacs alsa node(pcmTunerIn_c) adtm interval_min:29 ms, inverval_max:41 ms, inverval_mean:31 ms!
09-07 14:28:15.214   512 13241 I HarmanHal.Routing:  in printADTM() PcmAlsaWrapper.cpp:876
09-07 14:28:15.215   512 13241 D HarmanHAL: StreamIn::getCapturePositionImpl
09-07 14:28:15.244   512 13241 I chatty  : uid=1041(audioserver) reader identical 1 line
09-07 14:28:15.274   512 13241 D HarmanHAL: StreamIn::getCapturePositionImpl
09-07 14:28:15.280   512  3972 I HarmanHal.Routing: hacs alsa node(pcmMedia_p) adtm interval_min:1 ms, inverval_max:10 ms, inverval_mean:8 ms!
09-07 14:28:15.280   512  3972 I HarmanHal.Routing:  in printADTM() PcmAlsaWrapper.cpp:876
09-07 14:28:15.314   512 13241 D HarmanHAL: StreamIn::getCapturePositionImpl
09-07 14:28:15.435   512 13241 I chatty  : uid=1041(audioserver) reader identical 4 lines
09-07 14:28:15.474   512 13241 D HarmanHAL: StreamIn::getCapturePositionImpl
09-07 14:28:15.475   538   618 W ipcLib  : ipcLib: in ipc_lib. DV1 read called
09-07 14:28:15.504   512 13241 D HarmanHAL: StreamIn::getCapturePositionImpl
09-07 14:28:15.664   512 13241 I chatty  : uid=1041(audioserver) reader identical 5 lines
09-07 14:28:15.696   512 13241 D HarmanHAL: StreamIn::getCapturePositionImpl
09-07 14:28:15.706   512 13133 I HarmanHal.Routing: hacs alsa node(pcmMicRefIn_c) adtm interval_min:0 ms, inverval_max:10 ms, inverval_mean:8 ms!
09-07 14:28:15.706   512 13133 I HarmanHal.Routing:  in printADTM() PcmAlsaWrapper.cpp:876
09-07 14:28:15.711   512 13159 I HarmanHal.Routing: hacs alsa node(pcmBtHfp_ul_pro_p) adtm interval_min:2 ms, inverval_max:12 ms, inverval_mean:8 ms!
09-07 14:28:15.711   512 13159 I HarmanHal.Routing:  in printADTM() PcmAlsaWrapper.cpp:876
09-07 14:28:15.725   512 13241 D HarmanHAL: StreamIn::getCapturePositionImpl
09-07 14:28:15.754   512 13241 I chatty  : uid=1041(audioserver) reader identical 1 line
09-07 14:28:15.795   512 13241 D HarmanHAL: StreamIn::getCapturePositionImpl
09-07 14:28:15.814   512 13169 I HarmanHal.Routing: hacs alsa node(pcmBtHfp_dl_pre_c) adtm interval_min:0 ms, inverval_max:10 ms, inverval_mean:8 ms!
09-07 14:28:15.814   512 13169 I HarmanHal.Routing:  in printADTM() PcmAlsaWrapper.cpp:876
09-07 14:28:15.814   512 13169 I HarmanHal.Routing: hacs alsa node(pcmHfp_dl_p) adtm interval_min:0 ms, inverval_max:11 ms, inverval_mean:8 ms!
09-07 14:28:15.814   512 13169 I HarmanHal.Routing:  in printADTM() PcmAlsaWrapper.cpp:876
09-07 14:28:15.824   512 13241 D HarmanHAL: StreamIn::getCapturePositionImpl
09-07 14:28:16.144   512 13241 I chatty  : uid=1041(audioserver) reader identical 10 lines
09-07 14:28:16.174   512 13241 D HarmanHAL: StreamIn::getCapturePositionImpl
09-07 14:28:16.204   512 13241 I HarmanHal.Routing: hacs alsa node(pcmTunerIn_c) adtm interval_min:28 ms, inverval_max:40 ms, inverval_mean:31 ms!
09-07 14:28:16.204   512 13241 I HarmanHal.Routing:  in printADTM() PcmAlsaWrapper.cpp:876
09-07 14:28:16.205   512 13241 D HarmanHAL: StreamIn::getCapturePositionImpl
09-07 14:28:16.235   512 13241 I chatty  : uid=1041(audioserver) reader identical 1 line
09-07 14:28:16.274   512 13241 D HarmanHAL: StreamIn::getCapturePositionImpl
09-07 14:28:16.280   512  3972 I HarmanHal.Routing: hacs alsa node(pcmMedia_p) adtm interval_min:1 ms, inverval_max:10 ms, inverval_mean:8 ms!
09-07 14:28:16.280   512  3972 I HarmanHal.Routing:  in printADTM() PcmAlsaWrapper.cpp:876
09-07 14:28:16.304   512 13241 D HarmanHAL: StreamIn::getCapturePositionImpl
09-07 14:28:16.435   512 13241 I chatty  : uid=1041(audioserver) reader identical 4 lines
09-07 14:28:16.465   512 13241 D HarmanHAL: StreamIn::getCapturePositionImpl
09-07 14:28:16.476   538   618 W ipcLib  : ipcLib: in ipc_lib. DV1 read called
09-07 14:28:16.495   512 13241 D HarmanHAL: StreamIn::getCapturePositionImpl
09-07 14:28:16.517   512 13158 D AudioProcessing: sseApply [handle 0xbc80d90][type 512] start..
09-07 14:28:16.518   512 13158 D AudioProcessing: sseProcess ul audioIO content print-1 [256] [2] [4] [1] 
09-07 14:28:16.518   512 13158 D AudioProcessing: sseProcess ul audioIO content print-2 [6] [1] [0x3bcbc5a0] [0x5bc7ede0] 
09-07 14:28:16.518   512 13158 D AudioProcessing: sseProcess ul audioIO content print-3 [0x1bca1320 [0x8bc84110] [0x1bc9f9b0] sse->pMain is [0x2bca4a60] 
09-07 14:28:16.519   512 13158 D AudioProcessing: sseProcess ul [handle 0xbc80d90]  ret[0]
09-07 14:28:16.519   512 13158 D AudioProcessing: sseProcess ul AudioBufferSampleCnt[256] type[512] finish..
09-07 14:28:16.524   512 13241 D HarmanHAL: StreamIn::getCapturePositionImpl
09-07 14:28:16.554   512 13241 I chatty  : uid=1041(audioserver) reader identical 1 line
09-07 14:28:16.594   512 13241 D HarmanHAL: StreamIn::getCapturePositionImpl
09-07 14:28:16.623   512 13169 D AudioProcessing: sseApply [handle 0xbc83090][type 768] start..
09-07 14:28:16.623   512 13169 D AudioProcessing: sseProcess dl audioIO content print-1 [256] [2] [1] [1] 
09-07 14:28:16.623   512 13169 D AudioProcessing: sseProcess dl audioIO content print-2 [1] [1] [0x0xb40000763bcc28d0] [0x0xb40000761bca6b00] 
09-07 14:28:16.623   512 13169 D AudioProcessing: sseProcess dl audioIO content print-3 [0x0xb40000761bca7fd0] [0x0xb40000761bcabe40] [0x0xb40000761bca5880] sse->pMain is [0x0xb40000772bcb4e80] 
09-07 14:28:16.624   512 13169 D AudioProcessing: sseProcess dl [handle 0xbc83090] ret[0]
09-07 14:28:16.624   512 13169 D AudioProcessing: sseProcess dl AudioBufferSampleCnt[256] type[768] finish..
09-07 14:28:16.625   512 13241 D HarmanHAL: StreamIn::getCapturePositionImpl
09-07 14:28:16.654   512 13241 I chatty  : uid=1041(audioserver) reader identical 1 line
09-07 14:28:16.685   512 13241 D HarmanHAL: StreamIn::getCapturePositionImpl
09-07 14:28:16.706   512 13133 I HarmanHal.Routing: hacs alsa node(pcmMicRefIn_c) adtm interval_min:0 ms, inverval_max:11 ms, inverval_mean:7 ms!
09-07 14:28:16.706   512 13133 I HarmanHal.Routing:  in printADTM() PcmAlsaWrapper.cpp:876
09-07 14:28:16.711   512 13159 I HarmanHal.Routing: hacs alsa node(pcmBtHfp_ul_pro_p) adtm interval_min:2 ms, inverval_max:13 ms, inverval_mean:8 ms!
09-07 14:28:16.711   512 13159 I HarmanHal.Routing:  in printADTM() PcmAlsaWrapper.cpp:876
09-07 14:28:16.714   512 13241 D HarmanHAL: StreamIn::getCapturePositionImpl
09-07 14:28:16.755   512 13241 I chatty  : uid=1041(audioserver) reader identical 1 line
09-07 14:28:16.784   512 13241 D HarmanHAL: StreamIn::getCapturePositionImpl
09-07 14:28:16.813   512 13169 I HarmanHal.Routing: hacs alsa node(pcmBtHfp_dl_pre_c) adtm interval_min:0 ms, inverval_max:11 ms, inverval_mean:7 ms!
09-07 14:28:16.813   512 13169 I HarmanHal.Routing:  in printADTM() PcmAlsaWrapper.cpp:876
09-07 14:28:16.815   512 13169 I HarmanHal.Routing: hacs alsa node(pcmHfp_dl_p) adtm interval_min:0 ms, inverval_max:11 ms, inverval_mean:8 ms!
09-07 14:28:16.815   512 13169 I HarmanHal.Routing:  in printADTM() PcmAlsaWrapper.cpp:876
09-07 14:28:16.815   512 13241 D HarmanHAL: StreamIn::getCapturePositionImpl
09-07 14:28:16.915   512 13241 I chatty  : uid=1041(audioserver) reader identical 3 lines
09-07 14:28:16.944   512 13241 D HarmanHAL: StreamIn::getCapturePositionImpl
09-07 14:28:16.968   532   569 W ipcLib  : ipcLib: in ipc_lib. DV1 read called
09-07 14:28:16.968   532   568 I VPS     : VPS:IOCStatusInfo.VoltageStatus->0 
09-07 14:28:16.968   532   568 I VPS     : VPS:IOCStatusInfo.IOCStatusCmd->a6 
09-07 14:28:16.968   532   568 I VPS     : VPS:IOCStatusInfo.WakeUpReason->0 
09-07 14:28:16.968   532   568 I VPS     : VPS:IOCStatusInfo.DerivedIgnitionStatus->0 
09-07 14:28:16.968   532   568 I VPS     : VPS:IOCStatusInfo.PowerModeState->4 
09-07 14:28:16.968   532   568 I VPS     : VPS:IOCStatusInfo.SOCShutdownRequest->0 
09-07 14:28:16.968   532   568 I VPS     : VPS:IOCStatusInfo.AntiTheftState->0 
09-07 14:28:16.968   532   568 I VPS     : VPS:IOCStatusInfo.BatteryConnect->0 
09-07 14:28:16.974   512 13241 D HarmanHAL: StreamIn::getCapturePositionImpl
09-07 14:28:17.004   512 13241 I chatty  : uid=1041(audioserver) reader identical 1 line
09-07 14:28:17.035   512 13241 D HarmanHAL: StreamIn::getCapturePositionImpl
09-07 14:28:17.060   911  1386 D BufferPoolAccessor2.0: bufferpool2 0xb400007205c6b8d8 : 0(0 size) total buffers - 0(0 size) used buffers - 129/133 (recycle/alloc) - 4/132 (fetch/transfer)
09-07 14:28:17.060   911  1386 D BufferPoolAccessor2.0: evictor expired: 1, evicted: 1
09-07 14:28:17.074   512 13241 D HarmanHAL: StreamIn::getCapturePositionImpl
09-07 14:28:17.087   893  3120 D BufferPoolAccessor2.0: bufferpool2 0xe8c81e88 : 0(0 size) total buffers - 0(0 size) used buffers - 128/136 (recycle/alloc) - 8/270 (fetch/transfer)
09-07 14:28:17.087   893  3120 D BufferPoolAccessor2.0: evictor expired: 1, evicted: 1
09-07 14:28:17.105   512 13241 D HarmanHAL: StreamIn::getCapturePositionImpl
09-07 14:28:17.134   512 13241 I chatty  : uid=1041(audioserver) reader identical 1 line
09-07 14:28:17.165   512 13241 D HarmanHAL: StreamIn::getCapturePositionImpl
09-07 14:28:17.194   512 13241 I HarmanHal.Routing: hacs alsa node(pcmTunerIn_c) adtm interval_min:29 ms, inverval_max:40 ms, inverval_mean:31 ms!
09-07 14:28:17.194   512 13241 I HarmanHal.Routing:  in printADTM() PcmAlsaWrapper.cpp:876
09-07 14:28:17.195   512 13241 D HarmanHAL: StreamIn::getCapturePositionImpl
09-07 14:28:17.235   512 13241 I chatty  : uid=1041(audioserver) reader identical 1 line
09-07 14:28:17.264   512 13241 D HarmanHAL: StreamIn::getCapturePositionImpl
09-07 14:28:17.280   512  3972 I HarmanHal.Routing: hacs alsa node(pcmMedia_p) adtm interval_min:1 ms, inverval_max:10 ms, inverval_mean:8 ms!
09-07 14:28:17.280   512  3972 I HarmanHal.Routing:  in printADTM() PcmAlsaWrapper.cpp:876
09-07 14:28:17.294   512 13241 D HarmanHAL: StreamIn::getCapturePositionImpl
09-07 14:28:17.355   512 13241 I chatty  : uid=1041(audioserver) reader identical 2 lines
09-07 14:28:17.397   512 13241 D HarmanHAL: StreamIn::getCapturePositionImpl
09-07 14:28:17.407   536   536 I vendor.harman.p: type=1400 audit(0.0:2639): avc: denied { sys_ptrace } for capability=19 scontext=u:r:pathologyd:s0 tcontext=u:r:pathologyd:s0 tclass=capability permissive=1
09-07 14:28:17.424   512 13241 D HarmanHAL: StreamIn::getCapturePositionImpl
09-07 14:28:17.454   512 13241 D HarmanHAL: StreamIn::getCapturePositionImpl
09-07 14:28:17.476   538   618 W ipcLib  : ipcLib: in ipc_lib. DV1 read called
09-07 14:28:17.484   512 13241 D HarmanHAL: StreamIn::getCapturePositionImpl
09-07 14:28:17.644   512 13241 I chatty  : uid=1041(audioserver) reader identical 5 lines
09-07 14:28:17.676   512 13241 D HarmanHAL: StreamIn::getCapturePositionImpl
09-07 14:28:17.706   512 13133 I HarmanHal.Routing: hacs alsa node(pcmMicRefIn_c) adtm interval_min:0 ms, inverval_max:11 ms, inverval_mean:8 ms!
09-07 14:28:17.706   512 13133 I HarmanHal.Routing:  in printADTM() PcmAlsaWrapper.cpp:876
09-07 14:28:17.711   512 13159 I HarmanHal.Routing: hacs alsa node(pcmBtHfp_ul_pro_p) adtm interval_min:2 ms, inverval_max:12 ms, inverval_mean:8 ms!
09-07 14:28:17.711   512 13159 I HarmanHal.Routing:  in printADTM() PcmAlsaWrapper.cpp:876
09-07 14:28:17.714   512 13241 D HarmanHAL: StreamIn::getCapturePositionImpl
09-07 14:28:17.745   512 13241 I chatty  : uid=1041(audioserver) reader identical 1 line
09-07 14:28:17.774   512 13241 D HarmanHAL: StreamIn::getCapturePositionImpl
09-07 14:28:17.788   911  4981 D BufferPoolAccessor2.0: bufferpool2 0xb400007205c6d498 : 2(1048576 size) total buffers - 1(524288 size) used buffers - 2383/2393 (recycle/alloc) - 22/2392 (fetch/transfer)
09-07 14:28:17.804   512 13241 D HarmanHAL: StreamIn::getCapturePositionImpl
09-07 14:28:17.814   512 13169 I HarmanHal.Routing: hacs alsa node(pcmBtHfp_dl_pre_c) adtm interval_min:0 ms, inverval_max:10 ms, inverval_mean:8 ms!
09-07 14:28:17.814   512 13169 I HarmanHal.Routing:  in printADTM() PcmAlsaWrapper.cpp:876
09-07 14:28:17.815   512 13169 I HarmanHal.Routing: hacs alsa node(pcmHfp_dl_p) adtm interval_min:0 ms, inverval_max:11 ms, inverval_mean:8 ms!
09-07 14:28:17.815   512 13169 I HarmanHal.Routing:  in printADTM() PcmAlsaWrapper.cpp:876
09-07 14:28:17.834   512 13241 D HarmanHAL: StreamIn::getCapturePositionImpl
09-07 14:28:18.065   512 13241 I chatty  : uid=1041(audioserver) reader identical 7 lines
09-07 14:28:18.094   512 13241 D HarmanHAL: StreamIn::getCapturePositionImpl
09-07 14:28:18.117   512 13158 D AudioProcessing: sseApply [handle 0xbc80d90][type 512] start..
09-07 14:28:18.118   512 13158 D AudioProcessing: sseProcess ul audioIO content print-1 [256] [2] [4] [1] 
09-07 14:28:18.118   512 13158 D AudioProcessing: sseProcess ul audioIO content print-2 [6] [1] [0x3bcbc5a0] [0x5bc7ede0] 
09-07 14:28:18.118   512 13158 D AudioProcessing: sseProcess ul audioIO content print-3 [0x1bca1320 [0x8bc84110] [0x1bc9f9b0] sse->pMain is [0x2bca4a60] 
09-07 14:28:18.119   512 13158 D AudioProcessing: sseProcess ul [handle 0xbc80d90]  ret[0]
09-07 14:28:18.119   512 13158 D AudioProcessing: sseProcess ul AudioBufferSampleCnt[256] type[512] finish..
09-07 14:28:18.124   512 13241 D HarmanHAL: StreamIn::getCapturePositionImpl
09-07 14:28:18.154   512 13241 D HarmanHAL: StreamIn::getCapturePositionImpl
09-07 14:28:18.194   512 13241 I HarmanHal.Routing: hacs alsa node(pcmTunerIn_c) adtm interval_min:29 ms, inverval_max:41 ms, inverval_mean:32 ms!
09-07 14:28:18.194   512 13241 I HarmanHal.Routing:  in printADTM() PcmAlsaWrapper.cpp:876
09-07 14:28:18.195   512 13241 D HarmanHAL: StreamIn::getCapturePositionImpl
09-07 14:28:18.223   512 13169 D AudioProcessing: sseApply [handle 0xbc83090][type 768] start..
09-07 14:28:18.223   512 13169 D AudioProcessing: sseProcess dl audioIO content print-1 [256] [2] [1] [1] 
09-07 14:28:18.223   512 13169 D AudioProcessing: sseProcess dl audioIO content print-2 [1] [1] [0x0xb40000763bcc28d0] [0x0xb40000761bca6b00] 
09-07 14:28:18.223   512 13169 D AudioProcessing: sseProcess dl audioIO content print-3 [0x0xb40000761bca7fd0] [0x0xb40000761bcabe40] [0x0xb40000761bca5880] sse->pMain is [0x0xb40000772bcb4e80] 
09-07 14:28:18.224   512 13169 D AudioProcessing: sseProcess dl [handle 0xbc83090] ret[0]
09-07 14:28:18.224   512 13169 D AudioProcessing: sseProcess dl AudioBufferSampleCnt[256] type[768] finish..
09-07 14:28:18.225   512 13241 D HarmanHAL: StreamIn::getCapturePositionImpl
09-07 14:28:18.254   512 13241 D HarmanHAL: StreamIn::getCapturePositionImpl
09-07 14:28:18.280   512  3972 I HarmanHal.Routing: hacs alsa node(pcmMedia_p) adtm interval_min:1 ms, inverval_max:11 ms, inverval_mean:8 ms!
09-07 14:28:18.280   512  3972 I HarmanHal.Routing:  in printADTM() PcmAlsaWrapper.cpp:876
09-07 14:28:18.284   512 13241 D HarmanHAL: StreamIn::getCapturePositionImpl
09-07 14:28:18.444   512 13241 I chatty  : uid=1041(audioserver) reader identical 5 lines
09-07 14:28:18.475   512 13241 D HarmanHAL: StreamIn::getCapturePositionImpl
09-07 14:28:18.476   538   618 W ipcLib  : ipcLib: in ipc_lib. DV1 read called
09-07 14:28:18.514   512 13241 D HarmanHAL: StreamIn::getCapturePositionImpl
09-07 14:28:18.675   512 13241 I chatty  : uid=1041(audioserver) reader identical 5 lines
09-07 14:28:18.704   512 13241 D HarmanHAL: StreamIn::getCapturePositionImpl
09-07 14:28:18.706   512 13133 I HarmanHal.Routing: hacs alsa node(pcmMicRefIn_c) adtm interval_min:0 ms, inverval_max:12 ms, inverval_mean:7 ms!
09-07 14:28:18.706   512 13133 I HarmanHal.Routing:  in printADTM() PcmAlsaWrapper.cpp:876
09-07 14:28:18.711   512 13159 I HarmanHal.Routing: hacs alsa node(pcmBtHfp_ul_pro_p) adtm interval_min:2 ms, inverval_max:13 ms, inverval_mean:8 ms!
09-07 14:28:18.711   512 13159 I HarmanHal.Routing:  in printADTM() PcmAlsaWrapper.cpp:876
09-07 14:28:18.734   512 13241 D HarmanHAL: StreamIn::getCapturePositionImpl
09-07 14:28:18.764   512 13241 I chatty  : uid=1041(audioserver) reader identical 1 line
09-07 14:28:18.795   512 13241 D HarmanHAL: StreamIn::getCapturePositionImpl
09-07 14:28:18.813   512 13169 I HarmanHal.Routing: hacs alsa node(pcmBtHfp_dl_pre_c) adtm interval_min:0 ms, inverval_max:11 ms, inverval_mean:7 ms!
09-07 14:28:18.813   512 13169 I HarmanHal.Routing:  in printADTM() PcmAlsaWrapper.cpp:876
09-07 14:28:18.814   512 13169 I HarmanHal.Routing: hacs alsa node(pcmHfp_dl_p) adtm interval_min:0 ms, inverval_max:11 ms, inverval_mean:7 ms!
09-07 14:28:18.814   512 13169 I HarmanHal.Routing:  in printADTM() PcmAlsaWrapper.cpp:876
09-07 14:28:18.835   512 13241 D HarmanHAL: StreamIn::getCapturePositionImpl
01-01 00:03:21.929     0     0 I init    : starting service 'qccsyshalservice'...
01-01 00:03:21.937     0     0 I init    : starting service 'vendor.sensors-hal-1-0'...
01-01 00:03:21.956     0     0 I init    : starting service 'LogManager'...
09-07 14:28:18.924   512 13241 I chatty  : uid=1041(audioserver) reader identical 3 lines
09-07 14:28:18.954   512 13241 D HarmanHAL: StreamIn::getCapturePositionImpl
09-07 14:28:18.970 13515 13515 I qccsyshalservice: Start with system binder
09-07 14:28:18.971 13515 13515 I qccsyshalservice: Registering qccsyshal service...
09-07 14:28:18.975   376   376 I hwservicemanager: getTransport: Cannot find entry vendor.qti.hardware.qccsyshal@1.0::IQccsyshal/qccsyshal in either framework or device manifest.
09-07 14:28:18.976   376   376 I hwservicemanager: getTransport: Cannot find entry android.hardware.sensors@1.0::ISensors/default in either framework or device manifest.
09-07 14:28:18.976 13515 13515 E HidlServiceManagement: Service vendor.qti.hardware.qccsyshal@1.0::IQccsyshal/qccsyshal must be in VINTF manifest in order to register/get.
09-07 14:28:18.976 13515 13515 E qccsyshalservice: [ERROR] registerAsService() failed with status: -2147483648
01-01 00:03:21.969     0     0 I init    : Service 'qccsyshalservice' (pid 13515) exited with status 1
01-01 00:03:21.969     0     0 I init    : Sending signal 9 to service 'qccsyshalservice' (pid 13515) process group...
01-01 00:03:21.969     0     0 I libprocessgroup: Successfully killed process cgroup uid 1000 pid 13515 in 0ms
09-07 14:28:18.986 13516 13516 E android.hardware.sensors@1.0-service: Couldn't load sensors module (Unknown error -2147483648)
09-07 14:28:18.986 13516 13516 D RefBase : RefBase: Explicit destruction, weak count = 0 (in 0xb40000730f4b7d78)
09-07 14:28:18.986 13516 13516 W RefBase : CallStack::getCurrentInternal not linked, returning null
09-07 14:28:18.986 13516 13516 W RefBase : CallStack::logStackInternal not linked
09-07 14:28:18.987 13516 13516 E LegacySupport: Could not get passthrough implementation for android.hardware.sensors@1.0::ISensors/default.
01-01 00:03:21.979     0     0 I init    : Service 'vendor.sensors-hal-1-0' (pid 13516) exited with status 1
01-01 00:03:21.980     0     0 I init    : Sending signal 9 to service 'vendor.sensors-hal-1-0' (pid 13516) process group...
01-01 00:03:21.980     0     0 I libprocessgroup: Successfully killed process cgroup uid 1000 pid 13516 in 0ms
09-07 14:28:18.994   512 13241 D HarmanHAL: StreamIn::getCapturePositionImpl
09-07 14:28:19.000   532   569 I VPS     : VPS:VehiclePlatformSOCHeartBeatHandler IVI HeartBeat sent successfully SOCHeartBeatInfo.SOCStatus->2
09-07 14:28:19.000   532   569 W ipcLib  : ipcLib: in ipc_lib. DV1 write called
09-07 14:28:19.002   532   569 W ipcLib  : ipcLib: in ipc_lib. DV1 read called
09-07 14:28:19.003 13517 13517 D LOGMANAGER: LOGMANAGER HAL service init() start
09-07 14:28:19.003 13517 13517 D LOGMANAGER: Logmanager configured rpcthreadpool
09-07 14:28:18.999 13517 13517 I vendor.harman.L: type=1400 audit(0.0:2640): avc: denied { read } for name="u:object_r:hwservicemanager_prop:s0" dev="tmpfs" ino=24519 scontext=u:r:logmanagerd:s0 tcontext=u:object_r:hwservicemanager_prop:s0 tclass=file permissive=1
09-07 14:28:18.999 13517 13517 I vendor.harman.L: type=1400 audit(0.0:2641): avc: denied { open } for path="/dev/__properties__/u:object_r:hwservicemanager_prop:s0" dev="tmpfs" ino=24519 scontext=u:r:logmanagerd:s0 tcontext=u:object_r:hwservicemanager_prop:s0 tclass=file permissive=1
09-07 14:28:19.007 13517 13517 I HidlServiceManagement: Registered vendor.harman.hardware.LogManager@1.0::ILogManager/default
09-07 14:28:19.007 13517 13517 D LOGMANAGER: Logmanager HAL Service is registered and ready
09-07 14:28:19.007 13517 13517 I LOGMANAGER: ThreadPoolWrapper::initThreadPool
09-07 14:28:19.007 13517 13517 I LOGMANAGER: ThreadPoolWrapper : exit
09-07 14:28:19.007 13517 13517 D LOGMANAGER: Logmanager threadpoolwrapper created
09-07 14:28:19.007 13517 13517 D LOGMANAGER: User argument is -c
09-07 14:28:19.007 13517 13521 I LOGMANAGER: ThreadPoolWrapper:  enter the joinRpcThreadpool()
09-07 14:28:19.008 13517 13517 I LOGMANAGER: LogmanagerConfig is configured under config file
09-07 14:28:19.008 13517 13517 I LOGMANAGER: LoggingLevel is : 4
09-07 14:28:19.008 13517 13517 I LOGMANAGER: LogEnableState is : 0
09-07 14:28:19.008 13517 13517 I LOGMANAGER: OutputPluginConfiguration PluginType : LOGWRITTER
09-07 14:28:19.008 13517 13517 I LOGMANAGER: LM_OutputConfiguration : 1
09-07 14:28:19.008 13517 13517 I LOGMANAGER: LM_OfflineTraceDirectory : /data/cache
09-07 14:28:19.008 13517 13517 I LOGMANAGER: LM_OfflineTraceFILESize : 1000000
09-07 14:28:19.008 13517 13517 I LOGMANAGER: LM_OfflineTotalFILESSize : 20000000
09-07 14:28:19.008 13517 13517 I LOGMANAGER: LM_FileNameTimeStampBased : 0
09-07 14:28:19.008 13517 13517 I LOGMANAGER: Got IOC plugin
09-07 14:28:19.008 13517 13517 I LOGMANAGER: IOCIPCChannelNumber :6
09-07 14:28:19.008 13517 13517 I LOGMANAGER: keyseq: HOME + VOLUMEDOWN  for domain is AudioDump
09-07 14:28:19.008 13517 13517 I LOGMANAGER: keyseq: HOME + VOLUMEUP  for domain is HCIDump
09-07 14:28:19.008 13517 13517 I LOGMANAGER: Domains parsing is done
09-07 14:28:19.003 13517 13517 I vendor.harman.L: type=1400 audit(0.0:2644): avc: denied { dac_read_search } for capability=2 scontext=u:r:logmanagerd:s0 tcontext=u:r:logmanagerd:s0 tclass=capability permissive=1
09-07 14:28:19.003 13517 13517 I vendor.harman.L: type=1400 audit(0.0:2645): avc: denied { search } for name="cache" dev="dm-4" ino=262146 scontext=u:r:logmanagerd:s0 tcontext=u:object_r:cache_file:s0 tclass=dir permissive=1
09-07 14:28:19.003 13517 13517 I vendor.harman.L: type=1400 audit(0.0:2646): avc: denied { dac_override } for capability=1 scontext=u:r:logmanagerd:s0 tcontext=u:r:logmanagerd:s0 tclass=capability permissive=1
09-07 14:28:19.003 13517 13517 I vendor.harman.L: type=1400 audit(0.0:2647): avc: denied { write } for name="cache" dev="dm-4" ino=262146 scontext=u:r:logmanagerd:s0 tcontext=u:object_r:cache_file:s0 tclass=dir permissive=1
09-07 14:28:19.003 13517 13517 I vendor.harman.L: type=1400 audit(0.0:2648): avc: denied { remove_name } for name="lm" dev="dm-4" ino=262151 scontext=u:r:logmanagerd:s0 tcontext=u:object_r:cache_file:s0 tclass=dir permissive=1
01-01 00:03:21.998     0     0 W audit   : audit_lost=1150 audit_rate_limit=5 audit_backlog_limit=64
01-01 00:03:21.998     0     0 E audit   : rate limit exceeded
09-07 14:28:19.013 13517 13517 E LOGMANAGER: Failed to load plugin /vendor/lib64/libIOCDLogReader.so with error code dlopen failed: library "/vendor/lib64/libIOCDLogReader.so" not found 
09-07 14:28:19.013 13517 13517 F libc    : Fatal signal 11 (SIGSEGV), code 1 (SEGV_MAPERR), fault addr 0x0 in tid 13517 (vendor.harman.L), pid 13517 (vendor.harman.L)
09-07 14:28:19.025   512 13241 D HarmanHAL: StreamIn::getCapturePositionImpl
09-07 14:28:19.051 13524 13524 I crash_dump64: obtaining output fd from tombstoned, type: kDebuggerdTombstone
09-07 14:28:19.053   463   463 I tombstoned: received crash request for pid 13517
09-07 14:28:19.054 13524 13524 I crash_dump64: performing dump of process 13517 (target tid = 13517)
09-07 14:28:19.054   512 13241 D HarmanHAL: StreamIn::getCapturePositionImpl
09-07 14:28:19.057 13524 13524 F DEBUG   : *** *** *** *** *** *** *** *** *** *** *** *** *** *** *** ***
09-07 14:28:19.059 13524 13524 F DEBUG   : Build fingerprint: 'qti/titan_tml_b2/titan_tml_b2:11/RQ3A.210605.005/eng.ksong.20210907.134230:userdebug/test-keys'
09-07 14:28:19.059 13524 13524 F DEBUG   : Revision: '0'
09-07 14:28:19.059 13524 13524 F DEBUG   : ABI: 'arm64'
09-07 14:28:19.059 13524 13524 F DEBUG   : Timestamp: 2021-09-07 14:28:19+0000
09-07 14:28:19.059 13524 13524 F DEBUG   : pid: 13517, tid: 13517, name: vendor.harman.L  >>> /vendor/bin/hw/vendor.harman.LogManager@1.0-service <<<
09-07 14:28:19.059 13524 13524 F DEBUG   : uid: 0
09-07 14:28:19.059 13524 13524 F DEBUG   : signal 11 (SIGSEGV), code 1 (SEGV_MAPERR), fault addr 0x0
09-07 14:28:19.059 13524 13524 F DEBUG   : Cause: null pointer dereference
09-07 14:28:19.059 13524 13524 F DEBUG   :     x0  0000000000000000  x1  0000000000000000  x2  0000000000080001  x3  0000000000000000
09-07 14:28:19.059 13524 13524 F DEBUG   :     x4  0000000000000000  x5  0000000000000090  x6  fefefefefefefeff  x7  7f7f7f7f7f7f7f7f
09-07 14:28:19.059 13524 13524 F DEBUG   :     x8  0101010101010101  x9  f977b3406adf08bc  x10 0000007fd3c50088  x11 fffffffffffffffd
09-07 14:28:19.059 13524 13524 F DEBUG   :     x12 0000007fd3c50210  x13 000000000000008e  x14 00007a11ba302000  x15 0000000034155555
09-07 14:28:19.059 13524 13524 F DEBUG   :     x16 00000059407ea7e0  x17 00000075a91d4b30  x18 00000075a9d6c000  x19 0000000000000000
09-07 14:28:19.059 13524 13524 F DEBUG   :     x20 00000075a8bf2c50  x21 0000007fd3c50929  x22 b4000074a88f2248  x23 0000007fd3c50948
09-07 14:28:19.059 13524 13524 F DEBUG   :     x24 0000000000000000  x25 00000075a954f000  x26 0000007fd3c50929  x27 0000007fd3c508f9
09-07 14:28:19.059 13524 13524 F DEBUG   :     x28 0000000000000000  x29 0000007fd3c50830
09-07 14:28:19.059 13524 13524 F DEBUG   :     lr  00000059407e1048  sp  0000007fd3c50830  pc  00000075a91d4b40  pst 0000000080000000
09-07 14:28:19.061 13524 13524 F DEBUG   : backtrace:
09-07 14:28:19.061 13524 13524 F DEBUG   :       #00 pc 000000000004ab40  /apex/com.android.runtime/lib64/bionic/libc.so (strlen_default+16) (BuildId: 2b7c6e33413ac7278a15dfc3ea383089)
09-07 14:28:19.061 13524 13524 F DEBUG   :       #01 pc 0000000000009044  /vendor/bin/hw/vendor.harman.LogManager@1.0-service (BuildId: 3e966ab64050b441b920ba0e8960d123)
09-07 14:28:19.061 13524 13524 F DEBUG   :       #02 pc 0000000000008df0  /vendor/bin/hw/vendor.harman.LogManager@1.0-service (LM::LogManagerImpl::load_plugin_conf(void*, std::__1::basic_string<char, std::__1::char_traits<char>, std::__1::allocator<char> >, std::__1::multimap<std::__1::basic_string<char, std::__1::char_traits<char>, std::__1::allocator<char> >, int, std::__1::less<std::__1::basic_string<char, std::__1::char_traits<char>, std::__1::allocator<char> > >, std::__1::allocator<std::__1::pair<std::__1::basic_string<char, std::__1::char_traits<char>, std::__1::allocator<char> > const, int> > >&)+752) (BuildId: 3e966ab64050b441b920ba0e8960d123)
09-07 14:28:19.061 13524 13524 F DEBUG   :       #03 pc 00000000000088c0  /vendor/bin/hw/vendor.harman.LogManager@1.0-service (LM::LogManagerImpl::loadplugins()+436) (BuildId: 3e966ab64050b441b920ba0e8960d123)
09-07 14:28:19.061 13524 13524 F DEBUG   :       #04 pc 0000000000007af8  /vendor/bin/hw/vendor.harman.LogManager@1.0-service (main+1112) (BuildId: 3e966ab64050b441b920ba0e8960d123)
09-07 14:28:19.061 13524 13524 F DEBUG   :       #05 pc 000000000004988c  /apex/com.android.runtime/lib64/bionic/libc.so (__libc_init+108) (BuildId: 2b7c6e33413ac7278a15dfc3ea383089)
09-07 14:28:19.068   532   569 W ipcLib  : ipcLib: in ipc_lib. DV1 read called
09-07 14:28:19.068   532   568 I VPS     : VPS:IOCStatusInfo.VoltageStatus->0 
09-07 14:28:19.069   532   568 I VPS     : VPS:IOCStatusInfo.IOCStatusCmd->a6 
09-07 14:28:19.069   532   568 I VPS     : VPS:IOCStatusInfo.WakeUpReason->0 
09-07 14:28:19.069   532   568 I VPS     : VPS:IOCStatusInfo.DerivedIgnitionStatus->0 
09-07 14:28:19.069   532   568 I VPS     : VPS:IOCStatusInfo.PowerModeState->4 
09-07 14:28:19.069   532   568 I VPS     : VPS:IOCStatusInfo.SOCShutdownRequest->0 
09-07 14:28:19.069   532   568 I VPS     : VPS:IOCStatusInfo.AntiTheftState->0 
09-07 14:28:19.070   532   568 I VPS     : VPS:IOCStatusInfo.BatteryConnect->0 
09-07 14:28:19.084   512 13241 D HarmanHAL: StreamIn::getCapturePositionImpl
09-07 14:28:19.126  1033  1270 W NativeCrashListener: Couldn't find ProcessRecord for pid 13517
09-07 14:28:19.115   512 13241 D HarmanHAL: StreamIn::getCapturePositionImpl
09-07 14:28:19.126 13524 13524 E crash_dump64: AM data write failed: Broken pipe
09-07 14:28:19.127   463   463 E tombstoned: Tombstone written to: /data/tombstones/tombstone_06
01-01 00:03:22.118     0     0 I init    : Untracked pid 13524 exited with status 0
09-07 14:28:19.135  1033  1095 I BootReceiver: Copying /data/tombstones/tombstone_06 to DropBox (SYSTEM_TOMBSTONE)
09-07 14:28:19.137  1033  1095 I DropBoxManagerService: add tag=SYSTEM_TOMBSTONE isTagEnabled=true flags=0x2
09-07 14:28:19.154   512 13241 D HarmanHAL: StreamIn::getCapturePositionImpl
09-07 14:28:19.184   512 13241 I HarmanHal.Routing: hacs alsa node(pcmTunerIn_c) adtm interval_min:29 ms, inverval_max:40 ms, inverval_mean:31 ms!
09-07 14:28:19.184   512 13241 I HarmanHal.Routing:  in printADTM() PcmAlsaWrapper.cpp:876
09-07 14:28:19.185   512 13241 D HarmanHAL: StreamIn::getCapturePositionImpl
09-07 14:28:19.214   512 13241 D HarmanHAL: StreamIn::getCapturePositionImpl
09-07 14:28:19.235  1723  1941 I CarPlay : [mDNSResponder]current time 202 prevTime = 14
09-07 14:28:19.245   512 13241 D HarmanHAL: StreamIn::getCapturePositionImpl
09-07 14:28:19.274   512 13241 D HarmanHAL: StreamIn::getCapturePositionImpl
09-07 14:28:19.280   512  3972 I HarmanHal.Routing: hacs alsa node(pcmMedia_p) adtm interval_min:1 ms, inverval_max:11 ms, inverval_mean:8 ms!
09-07 14:28:19.280   512  3972 I HarmanHal.Routing:  in printADTM() PcmAlsaWrapper.cpp:876
09-07 14:28:19.315   512 13241 D HarmanHAL: StreamIn::getCapturePositionImpl
09-07 14:28:19.435   512 13241 I chatty  : uid=1041(audioserver) reader identical 4 lines
09-07 14:28:19.474   512 13241 D HarmanHAL: StreamIn::getCapturePositionImpl
09-07 14:28:19.476   538   618 W ipcLib  : ipcLib: in ipc_lib. DV1 read called
09-07 14:28:19.504   512 13241 D HarmanHAL: StreamIn::getCapturePositionImpl
09-07 14:28:19.564   512 13241 I chatty  : uid=1041(audioserver) reader identical 2 lines
09-07 14:28:19.595   512 13241 D HarmanHAL: StreamIn::getCapturePositionImpl
09-07 14:28:19.628   536   612 E pathology: [ProcessCrashHandler:: parseTombstoneFileName]string not found
09-07 14:28:19.629   536   612 I chatty  : uid=0(root) vendor.harman.p identical 4 lines
09-07 14:28:19.629   536   612 E pathology: [ProcessCrashHandler:: parseTombstoneFileName]string not found
09-07 14:28:19.634   512 13241 D HarmanHAL: StreamIn::getCapturePositionImpl
09-07 14:28:19.664   512 13241 I chatty  : uid=1041(audioserver) reader identical 1 line
09-07 14:28:19.695   512 13241 D HarmanHAL: StreamIn::getCapturePositionImpl
09-07 14:28:19.706   512 13133 I HarmanHal.Routing: hacs alsa node(pcmMicRefIn_c) adtm interval_min:0 ms, inverval_max:11 ms, inverval_mean:8 ms!
09-07 14:28:19.706   512 13133 I HarmanHal.Routing:  in printADTM() PcmAlsaWrapper.cpp:876
09-07 14:28:19.712   512 13159 I HarmanHal.Routing: hacs alsa node(pcmBtHfp_ul_pro_p) adtm interval_min:2 ms, inverval_max:12 ms, inverval_mean:8 ms!
09-07 14:28:19.712   512 13159 I HarmanHal.Routing:  in printADTM() PcmAlsaWrapper.cpp:876
09-07 14:28:19.718   512 13158 D AudioProcessing: sseApply [handle 0xbc80d90][type 512] start..
09-07 14:28:19.718   512 13158 D AudioProcessing: sseProcess ul audioIO content print-1 [256] [2] [4] [1] 
09-07 14:28:19.718   512 13158 D AudioProcessing: sseProcess ul audioIO content print-2 [6] [1] [0x3bcbc5a0] [0x5bc7ede0] 
09-07 14:28:19.718   512 13158 D AudioProcessing: sseProcess ul audioIO content print-3 [0x1bca1320 [0x8bc84110] [0x1bc9f9b0] sse->pMain is [0x2bca4a60] 
09-07 14:28:19.719   512 13158 D AudioProcessing: sseProcess ul [handle 0xbc80d90]  ret[0]
09-07 14:28:19.719   512 13158 D AudioProcessing: sseProcess ul AudioBufferSampleCnt[256] type[512] finish..
09-07 14:28:19.724   512 13241 D HarmanHAL: StreamIn::getCapturePositionImpl
09-07 14:28:19.754   512 13241 I chatty  : uid=1041(audioserver) reader identical 1 line
09-07 14:28:19.795   512 13241 D HarmanHAL: StreamIn::getCapturePositionImpl
09-07 14:28:19.814   512 13169 I HarmanHal.Routing: hacs alsa node(pcmBtHfp_dl_pre_c) adtm interval_min:0 ms, inverval_max:10 ms, inverval_mean:8 ms!
09-07 14:28:19.814   512 13169 I HarmanHal.Routing:  in printADTM() PcmAlsaWrapper.cpp:876
09-07 14:28:19.815   512 13169 I HarmanHal.Routing: hacs alsa node(pcmHfp_dl_p) adtm interval_min:0 ms, inverval_max:12 ms, inverval_mean:8 ms!
09-07 14:28:19.815   512 13169 I HarmanHal.Routing:  in printADTM() PcmAlsaWrapper.cpp:876
09-07 14:28:19.823   512 13169 D AudioProcessing: sseApply [handle 0xbc83090][type 768] start..
09-07 14:28:19.823   512 13169 D AudioProcessing: sseProcess dl audioIO content print-1 [256] [2] [1] [1] 
09-07 14:28:19.823   512 13169 D AudioProcessing: sseProcess dl audioIO content print-2 [1] [1] [0x0xb40000763bcc28d0] [0x0xb40000761bca6b00] 
09-07 14:28:19.823   512 13169 D AudioProcessing: sseProcess dl audioIO content print-3 [0x0xb40000761bca7fd0] [0x0xb40000761bcabe40] [0x0xb40000761bca5880] sse->pMain is [0x0xb40000772bcb4e80] 
09-07 14:28:19.824   512 13169 D AudioProcessing: sseProcess dl [handle 0xbc83090] ret[0]
09-07 14:28:19.824   512 13169 D AudioProcessing: sseProcess dl AudioBufferSampleCnt[256] type[768] finish..
09-07 14:28:19.824   512 13241 D HarmanHAL: StreamIn::getCapturePositionImpl
09-07 14:28:20.014   512 13241 I chatty  : uid=1041(audioserver) reader identical 6 lines
09-07 14:28:20.044   512 13241 D HarmanHAL: StreamIn::getCapturePositionImpl
09-07 14:28:20.063   536   536 I vendor.harman.p: type=1400 audit(0.0:2666): avc: denied { write } for name="2" dev="dm-4" ino=49241 scontext=u:r:pathologyd:s0 tcontext=u:object_r:vendor_data_file:s0 tclass=dir permissive=1
09-07 14:28:20.063   536   536 I vendor.harman.p: type=1400 audit(0.0:2667): avc: denied { add_name } for name="PROCCRASH_PF_1631024899.lz4" scontext=u:r:pathologyd:s0 tcontext=u:object_r:vendor_data_file:s0 tclass=dir permissive=1
09-07 14:28:20.063   536   536 I vendor.harman.p: type=1400 audit(0.0:2668): avc: denied { create } for name="PROCCRASH_PF_1631024899.lz4" scontext=u:r:pathologyd:s0 tcontext=u:object_r:vendor_data_file:s0 tclass=file permissive=1
09-07 14:28:20.063   536   536 I vendor.harman.p: type=1400 audit(0.0:2669): avc: denied { write open } for path="/data/vendor/pathologyArchive/2/PROCCRASH_PF_1631024899.lz4" dev="dm-4" ino=49390 scontext=u:r:pathologyd:s0 tcontext=u:object_r:vendor_data_file:s0 tclass=file permissive=1
09-07 14:28:20.074   512 13241 D HarmanHAL: StreamIn::getCapturePositionImpl
09-07 14:28:20.115   512 13241 I chatty  : uid=1041(audioserver) reader identical 1 line
09-07 14:28:20.144   512 13241 D HarmanHAL: StreamIn::getCapturePositionImpl
09-07 14:28:20.174   512 13241 I HarmanHal.Routing: hacs alsa node(pcmTunerIn_c) adtm interval_min:29 ms, inverval_max:40 ms, inverval_mean:31 ms!
09-07 14:28:20.174   512 13241 I HarmanHal.Routing:  in printADTM() PcmAlsaWrapper.cpp:876
09-07 14:28:20.175   512 13241 D HarmanHAL: StreamIn::getCapturePositionImpl
09-07 14:28:20.234   512 13241 I chatty  : uid=1041(audioserver) reader identical 2 lines
09-07 14:28:20.275   512 13241 D HarmanHAL: StreamIn::getCapturePositionImpl
09-07 14:28:20.280   512  3972 I HarmanHal.Routing: hacs alsa node(pcmMedia_p) adtm interval_min:1 ms, inverval_max:11 ms, inverval_mean:8 ms!
09-07 14:28:20.280   512  3972 I HarmanHal.Routing:  in printADTM() PcmAlsaWrapper.cpp:876
09-07 14:28:20.304   512 13241 D HarmanHAL: StreamIn::getCapturePositionImpl
09-07 14:28:20.435   512 13241 I chatty  : uid=1041(audioserver) reader identical 4 lines
09-07 14:28:20.465   512 13241 D HarmanHAL: StreamIn::getCapturePositionImpl
09-07 14:28:20.478   538   618 W ipcLib  : ipcLib: in ipc_lib. DV1 read called
09-07 14:28:20.495   512 13241 D HarmanHAL: StreamIn::getCapturePositionImpl
09-07 14:28:20.624   512 13241 I chatty  : uid=1041(audioserver) reader identical 4 lines
09-07 14:28:20.654   512 13241 D HarmanHAL: StreamIn::getCapturePositionImpl
09-07 14:28:20.663   536   536 I vendor.harman.p: type=1400 audit(0.0:2670): avc: denied { read } for name="2" dev="dm-4" ino=49241 scontext=u:r:pathologyd:s0 tcontext=u:object_r:vendor_data_file:s0 tclass=dir permissive=1
01-01 00:03:23.659     0     0 W audit   : audit_lost=1167 audit_rate_limit=5 audit_backlog_limit=64
01-01 00:03:23.659     0     0 E audit   : rate limit exceeded
09-07 14:28:20.684   512 13241 D HarmanHAL: StreamIn::getCapturePositionImpl
09-07 14:28:20.705   512 13133 I HarmanHal.Routing: hacs alsa node(pcmMicRefIn_c) adtm interval_min:0 ms, inverval_max:11 ms, inverval_mean:7 ms!
09-07 14:28:20.705   512 13133 I HarmanHal.Routing:  in printADTM() PcmAlsaWrapper.cpp:876
09-07 14:28:20.711   512 13159 I HarmanHal.Routing: hacs alsa node(pcmBtHfp_ul_pro_p) adtm interval_min:2 ms, inverval_max:12 ms, inverval_mean:7 ms!
09-07 14:28:20.711   512 13159 I HarmanHal.Routing:  in printADTM() PcmAlsaWrapper.cpp:876
09-07 14:28:20.714   512 13241 D HarmanHAL: StreamIn::getCapturePositionImpl
09-07 14:28:20.754   512 13241 I chatty  : uid=1041(audioserver) reader identical 1 line
09-07 14:28:20.785   512 13241 D HarmanHAL: StreamIn::getCapturePositionImpl
09-07 14:28:20.813   512 13169 I HarmanHal.Routing: hacs alsa node(pcmBtHfp_dl_pre_c) adtm interval_min:0 ms, inverval_max:10 ms, inverval_mean:7 ms!
09-07 14:28:20.813   512 13169 I HarmanHal.Routing:  in printADTM() PcmAlsaWrapper.cpp:876
09-07 14:28:20.814   512 13241 D HarmanHAL: StreamIn::getCapturePositionImpl
09-07 14:28:20.815   512 13169 I HarmanHal.Routing: hacs alsa node(pcmHfp_dl_p) adtm interval_min:0 ms, inverval_max:11 ms, inverval_mean:8 ms!
09-07 14:28:20.815   512 13169 I HarmanHal.Routing:  in printADTM() PcmAlsaWrapper.cpp:876
09-07 14:28:20.845   512 13241 D HarmanHAL: StreamIn::getCapturePositionImpl
09-07 14:28:21.104   512 13241 I chatty  : uid=1041(audioserver) reader identical 8 lines
09-07 14:28:21.134   512 13241 D HarmanHAL: StreamIn::getCapturePositionImpl
09-07 14:28:21.164   512 13241 I HarmanHal.Routing: hacs alsa node(pcmTunerIn_c) adtm interval_min:29 ms, inverval_max:40 ms, inverval_mean:31 ms!
09-07 14:28:21.164   512 13241 I HarmanHal.Routing:  in printADTM() PcmAlsaWrapper.cpp:876
09-07 14:28:21.165   512 13241 D HarmanHAL: StreamIn::getCapturePositionImpl
09-07 14:28:21.168   532   569 W ipcLib  : ipcLib: in ipc_lib. DV1 read called
09-07 14:28:21.168   532   568 I VPS     : VPS:IOCStatusInfo.VoltageStatus->0 
09-07 14:28:21.168   532   568 I VPS     : VPS:IOCStatusInfo.IOCStatusCmd->a6 
09-07 14:28:21.168   532   568 I VPS     : VPS:IOCStatusInfo.WakeUpReason->0 
09-07 14:28:21.168   532   568 I VPS     : VPS:IOCStatusInfo.DerivedIgnitionStatus->0 
09-07 14:28:21.168   532   568 I VPS     : VPS:IOCStatusInfo.PowerModeState->4 
09-07 14:28:21.168   532   568 I VPS     : VPS:IOCStatusInfo.SOCShutdownRequest->0 
09-07 14:28:21.168   532   568 I VPS     : VPS:IOCStatusInfo.AntiTheftState->0 
09-07 14:28:21.168   532   568 I VPS     : VPS:IOCStatusInfo.BatteryConnect->0 
09-07 14:28:21.195   512 13241 D HarmanHAL: StreamIn::getCapturePositionImpl
09-07 14:28:21.234   512 13241 I chatty  : uid=1041(audioserver) reader identical 1 line
09-07 14:28:21.264   512 13241 D HarmanHAL: StreamIn::getCapturePositionImpl
09-07 14:28:21.280   512  3972 I HarmanHal.Routing: hacs alsa node(pcmMedia_p) adtm interval_min:1 ms, inverval_max:10 ms, inverval_mean:8 ms!
09-07 14:28:21.280   512  3972 I HarmanHal.Routing:  in printADTM() PcmAlsaWrapper.cpp:876
09-07 14:28:21.295   512 13241 D HarmanHAL: StreamIn::getCapturePositionImpl
09-07 14:28:21.317   512 13158 D AudioProcessing: sseApply [handle 0xbc80d90][type 512] start..
09-07 14:28:21.317   512 13158 D AudioProcessing: sseProcess ul audioIO content print-1 [256] [2] [4] [1] 
09-07 14:28:21.318   512 13158 D AudioProcessing: sseProcess ul audioIO content print-2 [6] [1] [0x3bcbc5a0] [0x5bc7ede0] 
09-07 14:28:21.318   512 13158 D AudioProcessing: sseProcess ul audioIO content print-3 [0x1bca1320 [0x8bc84110] [0x1bc9f9b0] sse->pMain is [0x2bca4a60] 
09-07 14:28:21.319   512 13158 D AudioProcessing: sseProcess ul [handle 0xbc80d90]  ret[0]
09-07 14:28:21.319   512 13158 D AudioProcessing: sseProcess ul AudioBufferSampleCnt[256] type[512] finish..
09-07 14:28:21.324   512 13241 D HarmanHAL: StreamIn::getCapturePositionImpl
09-07 14:28:21.355   512 13241 I chatty  : uid=1041(audioserver) reader identical 1 line
09-07 14:28:21.396   512 13241 D HarmanHAL: StreamIn::getCapturePositionImpl
09-07 14:28:21.423   512 13169 D AudioProcessing: sseApply [handle 0xbc83090][type 768] start..
09-07 14:28:21.423   512 13169 D AudioProcessing: sseProcess dl audioIO content print-1 [256] [2] [1] [1] 
09-07 14:28:21.423   512 13169 D AudioProcessing: sseProcess dl audioIO content print-2 [1] [1] [0x0xb40000763bcc28d0] [0x0xb40000761bca6b00] 
09-07 14:28:21.423   512 13169 D AudioProcessing: sseProcess dl audioIO content print-3 [0x0xb40000761bca7fd0] [0x0xb40000761bcabe40] [0x0xb40000761bca5880] sse->pMain is [0x0xb40000772bcb4e80] 
09-07 14:28:21.424   512 13169 D AudioProcessing: sseProcess dl [handle 0xbc83090] ret[0]
09-07 14:28:21.424   512 13169 D AudioProcessing: sseProcess dl AudioBufferSampleCnt[256] type[768] finish..
09-07 14:28:21.425   512 13241 D HarmanHAL: StreamIn::getCapturePositionImpl
09-07 14:28:21.454   512 13241 D HarmanHAL: StreamIn::getCapturePositionImpl
09-07 14:28:21.479   538   618 W ipcLib  : ipcLib: in ipc_lib. DV1 read called
09-07 14:28:21.484   512 13241 D HarmanHAL: StreamIn::getCapturePositionImpl
09-07 14:28:21.644   512 13241 I chatty  : uid=1041(audioserver) reader identical 5 lines
09-07 14:28:21.674   512 13241 D HarmanHAL: StreamIn::getCapturePositionImpl
09-07 14:28:21.706   512 13133 I HarmanHal.Routing: hacs alsa node(pcmMicRefIn_c) adtm interval_min:0 ms, inverval_max:10 ms, inverval_mean:8 ms!
09-07 14:28:21.706   512 13133 I HarmanHal.Routing:  in printADTM() PcmAlsaWrapper.cpp:876
09-07 14:28:21.711   512 13159 I HarmanHal.Routing: hacs alsa node(pcmBtHfp_ul_pro_p) adtm interval_min:2 ms, inverval_max:12 ms, inverval_mean:8 ms!
09-07 14:28:21.711   512 13159 I HarmanHal.Routing:  in printADTM() PcmAlsaWrapper.cpp:876
09-07 14:28:21.714   512 13241 D HarmanHAL: StreamIn::getCapturePositionImpl
09-07 14:28:21.774   512 13241 I chatty  : uid=1041(audioserver) reader identical 2 lines
09-07 14:28:21.804   512 13241 D HarmanHAL: StreamIn::getCapturePositionImpl
09-07 14:28:21.814   512 13169 I HarmanHal.Routing: hacs alsa node(pcmBtHfp_dl_pre_c) adtm interval_min:0 ms, inverval_max:11 ms, inverval_mean:8 ms!
09-07 14:28:21.814   512 13169 I HarmanHal.Routing:  in printADTM() PcmAlsaWrapper.cpp:876
09-07 14:28:21.815   512 13169 I HarmanHal.Routing: hacs alsa node(pcmHfp_dl_p) adtm interval_min:0 ms, inverval_max:11 ms, inverval_mean:8 ms!
09-07 14:28:21.815   512 13169 I HarmanHal.Routing:  in printADTM() PcmAlsaWrapper.cpp:876
09-07 14:28:21.834   512 13241 D HarmanHAL: StreamIn::getCapturePositionImpl
09-07 14:28:22.094   512 13241 I chatty  : uid=1041(audioserver) reader identical 8 lines
09-07 14:28:22.124   512 13241 D HarmanHAL: StreamIn::getCapturePositionImpl
09-07 14:28:22.154   512 13241 I HarmanHal.Routing: hacs alsa node(pcmTunerIn_c) adtm interval_min:29 ms, inverval_max:41 ms, inverval_mean:31 ms!
09-07 14:28:22.154   512 13241 I HarmanHal.Routing:  in printADTM() PcmAlsaWrapper.cpp:876
09-07 14:28:22.155   512 13241 D HarmanHAL: StreamIn::getCapturePositionImpl
09-07 14:28:22.225   512 13241 I chatty  : uid=1041(audioserver) reader identical 2 lines
09-07 14:28:22.254   512 13241 D HarmanHAL: StreamIn::getCapturePositionImpl
09-07 14:28:22.280   512  3972 I HarmanHal.Routing: hacs alsa node(pcmMedia_p) adtm interval_min:1 ms, inverval_max:11 ms, inverval_mean:8 ms!
09-07 14:28:22.280   512  3972 I HarmanHal.Routing:  in printADTM() PcmAlsaWrapper.cpp:876
09-07 14:28:22.284   512 13241 D HarmanHAL: StreamIn::getCapturePositionImpl
09-07 14:28:22.445   512 13241 I chatty  : uid=1041(audioserver) reader identical 5 lines
09-07 14:28:22.475   512 13241 D HarmanHAL: StreamIn::getCapturePositionImpl
09-07 14:28:22.476   538   618 W ipcLib  : ipcLib: in ipc_lib. DV1 read called
09-07 14:28:22.515   512 13241 D HarmanHAL: StreamIn::getCapturePositionImpl
09-07 14:28:22.675   512 13241 I chatty  : uid=1041(audioserver) reader identical 5 lines
09-07 14:28:22.704   512 13241 D HarmanHAL: StreamIn::getCapturePositionImpl
09-07 14:28:22.706   512 13133 I HarmanHal.Routing: hacs alsa node(pcmMicRefIn_c) adtm interval_min:0 ms, inverval_max:10 ms, inverval_mean:8 ms!
09-07 14:28:22.706   512 13133 I HarmanHal.Routing:  in printADTM() PcmAlsaWrapper.cpp:876
09-07 14:28:22.711   512 13159 I HarmanHal.Routing: hacs alsa node(pcmBtHfp_ul_pro_p) adtm interval_min:2 ms, inverval_max:12 ms, inverval_mean:8 ms!
09-07 14:28:22.711   512 13159 I HarmanHal.Routing:  in printADTM() PcmAlsaWrapper.cpp:876
09-07 14:28:22.735   512 13241 D HarmanHAL: StreamIn::getCapturePositionImpl
09-07 14:28:22.764   512 13241 I chatty  : uid=1041(audioserver) reader identical 1 line
09-07 14:28:22.795   512 13241 D HarmanHAL: StreamIn::getCapturePositionImpl
09-07 14:28:22.813   512 13169 I HarmanHal.Routing: hacs alsa node(pcmBtHfp_dl_pre_c) adtm interval_min:0 ms, inverval_max:11 ms, inverval_mean:7 ms!
09-07 14:28:22.813   512 13169 I HarmanHal.Routing:  in printADTM() PcmAlsaWrapper.cpp:876
09-07 14:28:22.814   512 13169 I HarmanHal.Routing: hacs alsa node(pcmHfp_dl_p) adtm interval_min:0 ms, inverval_max:11 ms, inverval_mean:7 ms!
09-07 14:28:22.814   512 13169 I HarmanHal.Routing:  in printADTM() PcmAlsaWrapper.cpp:876
09-07 14:28:22.834   512 13241 D HarmanHAL: StreamIn::getCapturePositionImpl
09-07 14:28:22.864   512 13241 I chatty  : uid=1041(audioserver) reader identical 1 line
09-07 14:28:22.894   512 13241 D HarmanHAL: StreamIn::getCapturePositionImpl
09-07 14:28:22.918   512 13158 D AudioProcessing: sseApply [handle 0xbc80d90][type 512] start..
09-07 14:28:22.918   512 13158 D AudioProcessing: sseProcess ul audioIO content print-1 [256] [2] [4] [1] 
09-07 14:28:22.918   512 13158 D AudioProcessing: sseProcess ul audioIO content print-2 [6] [1] [0x3bcbc5a0] [0x5bc7ede0] 
09-07 14:28:22.918   512 13158 D AudioProcessing: sseProcess ul audioIO content print-3 [0x1bca1320 [0x8bc84110] [0x1bc9f9b0] sse->pMain is [0x2bca4a60] 
09-07 14:28:22.919   512 13158 D AudioProcessing: sseProcess ul [handle 0xbc80d90]  ret[0]
09-07 14:28:22.919   512 13158 D AudioProcessing: sseProcess ul AudioBufferSampleCnt[256] type[512] finish..
09-07 14:28:22.924   512 13241 D HarmanHAL: StreamIn::getCapturePositionImpl
09-07 14:28:22.955   512 13241 I chatty  : uid=1041(audioserver) reader identical 1 line
09-07 14:28:22.994   512 13241 D HarmanHAL: StreamIn::getCapturePositionImpl
09-07 14:28:23.023   512 13169 D AudioProcessing: sseApply [handle 0xbc83090][type 768] start..
09-07 14:28:23.023   512 13169 D AudioProcessing: sseProcess dl audioIO content print-1 [256] [2] [1] [1] 
09-07 14:28:23.023   512 13169 D AudioProcessing: sseProcess dl audioIO content print-2 [1] [1] [0x0xb40000763bcc28d0] [0x0xb40000761bca6b00] 
09-07 14:28:23.023   512 13169 D AudioProcessing: sseProcess dl audioIO content print-3 [0x0xb40000761bca7fd0] [0x0xb40000761bcabe40] [0x0xb40000761bca5880] sse->pMain is [0x0xb40000772bcb4e80] 
09-07 14:28:23.024   512 13169 D AudioProcessing: sseProcess dl [handle 0xbc83090] ret[0]
09-07 14:28:23.024   512 13169 D AudioProcessing: sseProcess dl AudioBufferSampleCnt[256] type[768] finish..
09-07 14:28:23.024   512 13241 D HarmanHAL: StreamIn::getCapturePositionImpl
09-07 14:28:23.054   512 13241 D HarmanHAL: StreamIn::getCapturePositionImpl
09-07 14:28:23.079   911  4981 D BufferPoolAccessor2.0: bufferpool2 0xb400007205c6d498 : 2(1048576 size) total buffers - 1(524288 size) used buffers - 2438/2448 (recycle/alloc) - 23/2447 (fetch/transfer)
09-07 14:28:23.084   512 13241 D HarmanHAL: StreamIn::getCapturePositionImpl
09-07 14:28:23.115   512 13241 D HarmanHAL: StreamIn::getCapturePositionImpl
09-07 14:28:23.154   512 13241 I HarmanHal.Routing: hacs alsa node(pcmTunerIn_c) adtm interval_min:30 ms, inverval_max:40 ms, inverval_mean:32 ms!
09-07 14:28:23.154   512 13241 I HarmanHal.Routing:  in printADTM() PcmAlsaWrapper.cpp:876
09-07 14:28:23.155   512 13241 D HarmanHAL: StreamIn::getCapturePositionImpl
09-07 14:28:23.214   512 13241 I chatty  : uid=1041(audioserver) reader identical 2 lines
09-07 14:28:23.244   512 13241 D HarmanHAL: StreamIn::getCapturePositionImpl
09-07 14:28:23.268   532   569 W ipcLib  : ipcLib: in ipc_lib. DV1 read called
09-07 14:28:23.268   532   568 I VPS     : VPS:IOCStatusInfo.VoltageStatus->0 
09-07 14:28:23.268   532   568 I VPS     : VPS:IOCStatusInfo.IOCStatusCmd->a6 
09-07 14:28:23.269   532   568 I VPS     : VPS:IOCStatusInfo.WakeUpReason->0 
09-07 14:28:23.269   532   568 I VPS     : VPS:IOCStatusInfo.DerivedIgnitionStatus->0 
09-07 14:28:23.269   532   568 I VPS     : VPS:IOCStatusInfo.PowerModeState->4 
09-07 14:28:23.269   532   568 I VPS     : VPS:IOCStatusInfo.SOCShutdownRequest->0 
09-07 14:28:23.269   532   568 I VPS     : VPS:IOCStatusInfo.AntiTheftState->0 
09-07 14:28:23.269   532   568 I VPS     : VPS:IOCStatusInfo.BatteryConnect->0 
09-07 14:28:23.274   512 13241 D HarmanHAL: StreamIn::getCapturePositionImpl
09-07 14:28:23.280   512  3972 I HarmanHal.Routing: hacs alsa node(pcmMedia_p) adtm interval_min:0 ms, inverval_max:11 ms, inverval_mean:8 ms!
09-07 14:28:23.280   512  3972 I HarmanHal.Routing:  in printADTM() PcmAlsaWrapper.cpp:876
09-07 14:28:23.315   512 13241 D HarmanHAL: StreamIn::getCapturePositionImpl
09-07 14:28:23.434   512 13241 I chatty  : uid=1041(audioserver) reader identical 4 lines
09-07 14:28:23.474   512 13241 D HarmanHAL: StreamIn::getCapturePositionImpl
09-07 14:28:23.479   538   618 W ipcLib  : ipcLib: in ipc_lib. DV1 read called
09-07 14:28:23.505   512 13241 D HarmanHAL: StreamIn::getCapturePositionImpl
09-07 14:28:23.665   512 13241 I chatty  : uid=1041(audioserver) reader identical 5 lines
09-07 14:28:23.697   512 13241 D HarmanHAL: StreamIn::getCapturePositionImpl
09-07 14:28:23.706   512 13133 I HarmanHal.Routing: hacs alsa node(pcmMicRefIn_c) adtm interval_min:0 ms, inverval_max:11 ms, inverval_mean:8 ms!
09-07 14:28:23.706   512 13133 I HarmanHal.Routing:  in printADTM() PcmAlsaWrapper.cpp:876
09-07 14:28:23.712   512 13159 I HarmanHal.Routing: hacs alsa node(pcmBtHfp_ul_pro_p) adtm interval_min:2 ms, inverval_max:12 ms, inverval_mean:8 ms!
09-07 14:28:23.712   512 13159 I HarmanHal.Routing:  in printADTM() PcmAlsaWrapper.cpp:876
09-07 14:28:23.724   512 13241 D HarmanHAL: StreamIn::getCapturePositionImpl
09-07 14:28:23.755   512 13241 I chatty  : uid=1041(audioserver) reader identical 1 line
09-07 14:28:23.795   512 13241 D HarmanHAL: StreamIn::getCapturePositionImpl
09-07 14:28:23.814   512 13169 I HarmanHal.Routing: hacs alsa node(pcmBtHfp_dl_pre_c) adtm interval_min:0 ms, inverval_max:10 ms, inverval_mean:8 ms!
09-07 14:28:23.814   512 13169 I HarmanHal.Routing:  in printADTM() PcmAlsaWrapper.cpp:876
09-07 14:28:23.815   512 13169 I HarmanHal.Routing: hacs alsa node(pcmHfp_dl_p) adtm interval_min:0 ms, inverval_max:11 ms, inverval_mean:8 ms!
09-07 14:28:23.815   512 13169 I HarmanHal.Routing:  in printADTM() PcmAlsaWrapper.cpp:876
09-07 14:28:23.824   512 13241 D HarmanHAL: StreamIn::getCapturePositionImpl
01-01 00:03:26.937     0     0 I init    : starting service 'qccsyshalservice'...
01-01 00:03:26.944     0     0 I init    : starting service 'vendor.sensors-hal-1-0'...
09-07 14:28:23.914   512 13241 I chatty  : uid=1041(audioserver) reader identical 3 lines
09-07 14:28:23.955   512 13241 D HarmanHAL: StreamIn::getCapturePositionImpl
09-07 14:28:23.964 13688 13688 I qccsyshalservice: Start with system binder
09-07 14:28:23.964 13688 13688 I qccsyshalservice: Registering qccsyshal service...
09-07 14:28:23.965   376   376 I hwservicemanager: getTransport: Cannot find entry vendor.qti.hardware.qccsyshal@1.0::IQccsyshal/qccsyshal in either framework or device manifest.
09-07 14:28:23.966 13688 13688 E HidlServiceManagement: Service vendor.qti.hardware.qccsyshal@1.0::IQccsyshal/qccsyshal must be in VINTF manifest in order to register/get.
09-07 14:28:23.966 13688 13688 E qccsyshalservice: [ERROR] registerAsService() failed with status: -2147483648
01-01 00:03:26.961     0     0 I init    : starting service 'LogManager'...
09-07 14:28:23.981   376   376 I hwservicemanager: getTransport: Cannot find entry android.hardware.sensors@1.0::ISensors/default in either framework or device manifest.
09-07 14:28:23.983 13689 13689 E android.hardware.sensors@1.0-service: Couldn't load sensors module (Unknown error -2147483648)
01-01 00:03:26.970     0     0 I init    : Service 'qccsyshalservice' (pid 13688) exited with status 1
09-07 14:28:23.984 13689 13689 D RefBase : RefBase: Explicit destruction, weak count = 0 (in 0xb40000774d07f638)
01-01 00:03:26.970     0     0 I init    : Sending signal 9 to service 'qccsyshalservice' (pid 13688) process group...
09-07 14:28:23.984 13689 13689 W RefBase : CallStack::getCurrentInternal not linked, returning null
09-07 14:28:23.984 13689 13689 W RefBase : CallStack::logStackInternal not linked
01-01 00:03:26.971     0     0 I libprocessgroup: Successfully killed process cgroup uid 1000 pid 13688 in 0ms
09-07 14:28:23.984 13689 13689 E LegacySupport: Could not get passthrough implementation for android.hardware.sensors@1.0::ISensors/default.
09-07 14:28:23.986   512 13241 D HarmanHAL: StreamIn::getCapturePositionImpl
09-07 14:28:24.000   532   569 I VPS     : VPS:VehiclePlatformSOCHeartBeatHandler IVI HeartBeat sent successfully SOCHeartBeatInfo.SOCStatus->2
09-07 14:28:24.000   532   569 W ipcLib  : ipcLib: in ipc_lib. DV1 write called
01-01 00:03:26.988     0     0 I init    : Service 'vendor.sensors-hal-1-0' (pid 13689) exited with status 1
01-01 00:03:26.988     0     0 I init    : Sending signal 9 to service 'vendor.sensors-hal-1-0' (pid 13689) process group...
01-01 00:03:26.988     0     0 I libprocessgroup: Successfully killed process cgroup uid 1000 pid 13689 in 0ms
09-07 14:28:24.002   532   569 W ipcLib  : ipcLib: in ipc_lib. DV1 read called
09-07 14:28:24.004 13690 13690 D LOGMANAGER: LOGMANAGER HAL service init() start
09-07 14:28:24.005 13690 13690 D LOGMANAGER: Logmanager configured rpcthreadpool
09-07 14:28:24.008 13690 13690 I HidlServiceManagement: Registered vendor.harman.hardware.LogManager@1.0::ILogManager/default
09-07 14:28:24.008 13690 13690 D LOGMANAGER: Logmanager HAL Service is registered and ready
09-07 14:28:24.008 13690 13690 I LOGMANAGER: ThreadPoolWrapper::initThreadPool
09-07 14:28:24.008 13690 13690 I LOGMANAGER: ThreadPoolWrapper : exit
09-07 14:28:24.008 13690 13690 D LOGMANAGER: Logmanager threadpoolwrapper created
09-07 14:28:24.008 13690 13690 D LOGMANAGER: User argument is -c
09-07 14:28:24.009 13690 13694 I LOGMANAGER: ThreadPoolWrapper:  enter the joinRpcThreadpool()
09-07 14:28:23.999 13690 13690 I vendor.harman.L: type=1400 audit(0.0:2672): avc: denied { read } for name="u:object_r:hwservicemanager_prop:s0" dev="tmpfs" ino=24519 scontext=u:r:logmanagerd:s0 tcontext=u:object_r:hwservicemanager_prop:s0 tclass=file permissive=1
09-07 14:28:24.009 13690 13690 I LOGMANAGER: LogmanagerConfig is configured under config file
09-07 14:28:24.009 13690 13690 I LOGMANAGER: LoggingLevel is : 4
09-07 14:28:24.009 13690 13690 I LOGMANAGER: LogEnableState is : 0
09-07 14:28:24.009 13690 13690 I LOGMANAGER: OutputPluginConfiguration PluginType : LOGWRITTER
09-07 14:28:24.009 13690 13690 I LOGMANAGER: LM_OutputConfiguration : 1
09-07 14:28:24.009 13690 13690 I LOGMANAGER: LM_OfflineTraceDirectory : /data/cache
09-07 14:28:24.009 13690 13690 I LOGMANAGER: LM_OfflineTraceFILESize : 1000000
09-07 14:28:24.009 13690 13690 I LOGMANAGER: LM_OfflineTotalFILESSize : 20000000
09-07 14:28:24.009 13690 13690 I LOGMANAGER: LM_FileNameTimeStampBased : 0
09-07 14:28:24.009 13690 13690 I LOGMANAGER: Got IOC plugin
09-07 14:28:24.009 13690 13690 I LOGMANAGER: IOCIPCChannelNumber :6
09-07 14:28:24.009 13690 13690 I LOGMANAGER: keyseq: HOME + VOLUMEDOWN  for domain is AudioDump
09-07 14:28:24.009 13690 13690 I LOGMANAGER: keyseq: HOME + VOLUMEUP  for domain is HCIDump
09-07 14:28:24.009 13690 13690 I LOGMANAGER: Domains parsing is done
01-01 00:03:26.999     0     0 W audit   : audit_lost=1168 audit_rate_limit=5 audit_backlog_limit=64
01-01 00:03:26.999     0     0 E audit   : rate limit exceeded
09-07 14:28:23.999 13690 13690 I vendor.harman.L: type=1400 audit(0.0:2673): avc: denied { open } for path="/dev/__properties__/u:object_r:hwservicemanager_prop:s0" dev="tmpfs" ino=24519 scontext=u:r:logmanagerd:s0 tcontext=u:object_r:hwservicemanager_prop:s0 tclass=file permissive=1
09-07 14:28:24.014 13690 13690 E LOGMANAGER: Failed to load plugin /vendor/lib64/libIOCDLogReader.so with error code dlopen failed: library "/vendor/lib64/libIOCDLogReader.so" not found 
09-07 14:28:24.014 13690 13690 F libc    : Fatal signal 11 (SIGSEGV), code 1 (SEGV_MAPERR), fault addr 0x0 in tid 13690 (vendor.harman.L), pid 13690 (vendor.harman.L)
09-07 14:28:23.999 13690 13690 I vendor.harman.L: type=1400 audit(0.0:2674): avc: denied { getattr } for path="/dev/__properties__/u:object_r:hwservicemanager_prop:s0" dev="tmpfs" ino=24519 scontext=u:r:logmanagerd:s0 tcontext=u:object_r:hwservicemanager_prop:s0 tclass=file permissive=1
09-07 14:28:23.999 13690 13690 I vendor.harman.L: type=1400 audit(0.0:2675): avc: denied { map } for path="/dev/__properties__/u:object_r:hwservicemanager_prop:s0" dev="tmpfs" ino=24519 scontext=u:r:logmanagerd:s0 tcontext=u:object_r:hwservicemanager_prop:s0 tclass=file permissive=1
09-07 14:28:24.003 13690 13690 I vendor.harman.L: type=1400 audit(0.0:2676): avc: denied { dac_read_search } for capability=2 scontext=u:r:logmanagerd:s0 tcontext=u:r:logmanagerd:s0 tclass=capability permissive=1
09-07 14:28:24.015   512 13241 D HarmanHAL: StreamIn::getCapturePositionImpl
09-07 14:28:24.044   512 13241 D HarmanHAL: StreamIn::getCapturePositionImpl
09-07 14:28:24.045 13697 13697 I crash_dump64: obtaining output fd from tombstoned, type: kDebuggerdTombstone
09-07 14:28:24.046   463   463 I tombstoned: received crash request for pid 13690
09-07 14:28:24.048 13697 13697 I crash_dump64: performing dump of process 13690 (target tid = 13690)
09-07 14:28:24.050 13697 13697 F DEBUG   : *** *** *** *** *** *** *** *** *** *** *** *** *** *** *** ***
09-07 14:28:24.051 13697 13697 F DEBUG   : Build fingerprint: 'qti/titan_tml_b2/titan_tml_b2:11/RQ3A.210605.005/eng.ksong.20210907.134230:userdebug/test-keys'
09-07 14:28:24.051 13697 13697 F DEBUG   : Revision: '0'
09-07 14:28:24.051 13697 13697 F DEBUG   : ABI: 'arm64'
09-07 14:28:24.052 13697 13697 F DEBUG   : Timestamp: 2021-09-07 14:28:24+0000
09-07 14:28:24.052 13697 13697 F DEBUG   : pid: 13690, tid: 13690, name: vendor.harman.L  >>> /vendor/bin/hw/vendor.harman.LogManager@1.0-service <<<
09-07 14:28:24.052 13697 13697 F DEBUG   : uid: 0
09-07 14:28:24.052 13697 13697 F DEBUG   : signal 11 (SIGSEGV), code 1 (SEGV_MAPERR), fault addr 0x0
09-07 14:28:24.052 13697 13697 F DEBUG   : Cause: null pointer dereference
09-07 14:28:24.053 13697 13697 F DEBUG   :     x0  0000000000000000  x1  0000000000000000  x2  0000000000080001  x3  0000000000000000
09-07 14:28:24.053 13697 13697 F DEBUG   :     x4  0000000000000000  x5  0000000000000090  x6  fefefefefefefeff  x7  7f7f7f7f7f7f7f7f
09-07 14:28:24.053 13697 13697 F DEBUG   :     x8  0101010101010101  x9  c676c99ea84ffd9a  x10 0000007fd0166568  x11 fffffffffffffffd
09-07 14:28:24.053 13697 13697 F DEBUG   :     x12 0000007fd01666f0  x13 000000000000008e  x14 0000b71ab8477400  x15 0000000034155555
09-07 14:28:24.053 13697 13697 F DEBUG   :     x16 0000005d1d0f97e0  x17 0000007e73599b30  x18 0000007e75000000  x19 0000000000000000
09-07 14:28:24.053 13697 13697 F DEBUG   :     x20 0000007e738b9c50  x21 0000007fd0166e09  x22 b400007d732fb248  x23 0000007fd0166e28
09-07 14:28:24.053 13697 13697 F DEBUG   :     x24 0000000000000000  x25 0000007e73edf000  x26 0000007fd0166e09  x27 0000007fd0166dd9
09-07 14:28:24.053 13697 13697 F DEBUG   :     x28 0000000000000000  x29 0000007fd0166d10
09-07 14:28:24.053 13697 13697 F DEBUG   :     lr  0000005d1d0f0048  sp  0000007fd0166d10  pc  0000007e73599b40  pst 0000000080000000
09-07 14:28:24.057 13697 13697 F DEBUG   : backtrace:
09-07 14:28:24.058 13697 13697 F DEBUG   :       #00 pc 000000000004ab40  /apex/com.android.runtime/lib64/bionic/libc.so (strlen_default+16) (BuildId: 2b7c6e33413ac7278a15dfc3ea383089)
09-07 14:28:24.058 13697 13697 F DEBUG   :       #01 pc 0000000000009044  /vendor/bin/hw/vendor.harman.LogManager@1.0-service (BuildId: 3e966ab64050b441b920ba0e8960d123)
09-07 14:28:24.058 13697 13697 F DEBUG   :       #02 pc 0000000000008df0  /vendor/bin/hw/vendor.harman.LogManager@1.0-service (LM::LogManagerImpl::load_plugin_conf(void*, std::__1::basic_string<char, std::__1::char_traits<char>, std::__1::allocator<char> >, std::__1::multimap<std::__1::basic_string<char, std::__1::char_traits<char>, std::__1::allocator<char> >, int, std::__1::less<std::__1::basic_string<char, std::__1::char_traits<char>, std::__1::allocator<char> > >, std::__1::allocator<std::__1::pair<std::__1::basic_string<char, std::__1::char_traits<char>, std::__1::allocator<char> > const, int> > >&)+752) (BuildId: 3e966ab64050b441b920ba0e8960d123)
09-07 14:28:24.058 13697 13697 F DEBUG   :       #03 pc 00000000000088c0  /vendor/bin/hw/vendor.harman.LogManager@1.0-service (LM::LogManagerImpl::loadplugins()+436) (BuildId: 3e966ab64050b441b920ba0e8960d123)
09-07 14:28:24.058 13697 13697 F DEBUG   :       #04 pc 0000000000007af8  /vendor/bin/hw/vendor.harman.LogManager@1.0-service (main+1112) (BuildId: 3e966ab64050b441b920ba0e8960d123)
09-07 14:28:24.058 13697 13697 F DEBUG   :       #05 pc 000000000004988c  /apex/com.android.runtime/lib64/bionic/libc.so (__libc_init+108) (BuildId: 2b7c6e33413ac7278a15dfc3ea383089)
09-07 14:28:24.076   512 13241 D HarmanHAL: StreamIn::getCapturePositionImpl
09-07 14:28:24.133  1033  1270 W NativeCrashListener: Couldn't find ProcessRecord for pid 13690
09-07 14:28:24.115   512 13241 D HarmanHAL: StreamIn::getCapturePositionImpl
09-07 14:28:24.133 13697 13697 E crash_dump64: AM data write failed: Broken pipe
09-07 14:28:24.134   463   463 E tombstoned: Tombstone written to: /data/tombstones/tombstone_07
01-01 00:03:27.125     0     0 I init    : Untracked pid 13697 exited with status 0
09-07 14:28:24.141  1033  1095 I BootReceiver: Copying /data/tombstones/tombstone_07 to DropBox (SYSTEM_TOMBSTONE)
09-07 14:28:24.144  1033  1095 I DropBoxManagerService: add tag=SYSTEM_TOMBSTONE isTagEnabled=true flags=0x2
09-07 14:28:24.144   512 13241 I HarmanHal.Routing: hacs alsa node(pcmTunerIn_c) adtm interval_min:28 ms, inverval_max:41 ms, inverval_mean:31 ms!
09-07 14:28:24.144   512 13241 I HarmanHal.Routing:  in printADTM() PcmAlsaWrapper.cpp:876
09-07 14:28:24.145   512 13241 D HarmanHAL: StreamIn::getCapturePositionImpl
01-01 00:03:27.200     0     0 I IRQ 5   : no longer affine to CPU4
09-07 14:28:24.235   512 13241 I chatty  : uid=1041(audioserver) reader identical 3 lines
09-07 14:28:24.274   512 13241 D HarmanHAL: StreamIn::getCapturePositionImpl
09-07 14:28:24.280   512  3972 I HarmanHal.Routing: hacs alsa node(pcmMedia_p) adtm interval_min:1 ms, inverval_max:10 ms, inverval_mean:8 ms!
09-07 14:28:24.280   512  3972 I HarmanHal.Routing:  in printADTM() PcmAlsaWrapper.cpp:876
09-07 14:28:24.305   512 13241 D HarmanHAL: StreamIn::getCapturePositionImpl
09-07 14:28:24.435   512 13241 I chatty  : uid=1041(audioserver) reader identical 4 lines
09-07 14:28:24.464   512 13241 D HarmanHAL: StreamIn::getCapturePositionImpl
09-07 14:28:24.476   538   618 W ipcLib  : ipcLib: in ipc_lib. DV1 read called
09-07 14:28:24.495   512 13241 D HarmanHAL: StreamIn::getCapturePositionImpl
09-07 14:28:24.518   512 13158 D AudioProcessing: sseApply [handle 0xbc80d90][type 512] start..
09-07 14:28:24.518   512 13158 D AudioProcessing: sseProcess ul audioIO content print-1 [256] [2] [4] [1] 
09-07 14:28:24.518   512 13158 D AudioProcessing: sseProcess ul audioIO content print-2 [6] [1] [0x3bcbc5a0] [0x5bc7ede0] 
09-07 14:28:24.518   512 13158 D AudioProcessing: sseProcess ul audioIO content print-3 [0x1bca1320 [0x8bc84110] [0x1bc9f9b0] sse->pMain is [0x2bca4a60] 
09-07 14:28:24.519   512 13158 D AudioProcessing: sseProcess ul [handle 0xbc80d90]  ret[0]
09-07 14:28:24.519   512 13158 D AudioProcessing: sseProcess ul AudioBufferSampleCnt[256] type[512] finish..
09-07 14:28:24.524   512 13241 D HarmanHAL: StreamIn::getCapturePositionImpl
09-07 14:28:24.555   512 13241 I chatty  : uid=1041(audioserver) reader identical 1 line
09-07 14:28:24.594   512 13241 D HarmanHAL: StreamIn::getCapturePositionImpl
09-07 14:28:24.623   512 13169 D AudioProcessing: sseApply [handle 0xbc83090][type 768] start..
09-07 14:28:24.623   512 13169 D AudioProcessing: sseProcess dl audioIO content print-1 [256] [2] [1] [1] 
09-07 14:28:24.623   512 13169 D AudioProcessing: sseProcess dl audioIO content print-2 [1] [1] [0x0xb40000763bcc28d0] [0x0xb40000761bca6b00] 
09-07 14:28:24.623   512 13169 D AudioProcessing: sseProcess dl audioIO content print-3 [0x0xb40000761bca7fd0] [0x0xb40000761bcabe40] [0x0xb40000761bca5880] sse->pMain is [0x0xb40000772bcb4e80] 
09-07 14:28:24.624   512 13169 D AudioProcessing: sseProcess dl [handle 0xbc83090] ret[0]
09-07 14:28:24.624   512 13169 D AudioProcessing: sseProcess dl AudioBufferSampleCnt[256] type[768] finish..
09-07 14:28:24.625   512 13241 D HarmanHAL: StreamIn::getCapturePositionImpl
09-07 14:28:24.635   536   612 E pathology: [ProcessCrashHandler:: parseTombstoneFileName]string not found
09-07 14:28:24.636   536   612 I chatty  : uid=0(root) vendor.harman.p identical 4 lines
09-07 14:28:24.636   536   612 E pathology: [ProcessCrashHandler:: parseTombstoneFileName]string not found
09-07 14:28:24.654   512 13241 D HarmanHAL: StreamIn::getCapturePositionImpl
09-07 14:28:24.684   512 13241 D HarmanHAL: StreamIn::getCapturePositionImpl
09-07 14:28:24.706   512 13133 I HarmanHal.Routing: hacs alsa node(pcmMicRefIn_c) adtm interval_min:0 ms, inverval_max:11 ms, inverval_mean:8 ms!
09-07 14:28:24.706   512 13133 I HarmanHal.Routing:  in printADTM() PcmAlsaWrapper.cpp:876
09-07 14:28:24.711   512 13159 I HarmanHal.Routing: hacs alsa node(pcmBtHfp_ul_pro_p) adtm interval_min:2 ms, inverval_max:12 ms, inverval_mean:7 ms!
09-07 14:28:24.711   512 13159 I HarmanHal.Routing:  in printADTM() PcmAlsaWrapper.cpp:876
09-07 14:28:24.714   512 13241 D HarmanHAL: StreamIn::getCapturePositionImpl
09-07 14:28:24.739   537   722 I TunerCommon: CTunerTimer::startTimer: altMsecTimeout = 15000
09-07 14:28:24.739   537   711 W TunerCommon: EventThd::run:deliverEvent: OK
09-07 14:28:24.754   512 13241 D HarmanHAL: StreamIn::getCapturePositionImpl
09-07 14:28:24.784   512 13241 D HarmanHAL: StreamIn::getCapturePositionImpl
09-07 14:28:24.813   512 13169 I HarmanHal.Routing: hacs alsa node(pcmBtHfp_dl_pre_c) adtm interval_min:0 ms, inverval_max:11 ms, inverval_mean:7 ms!
09-07 14:28:24.813   512 13169 I HarmanHal.Routing:  in printADTM() PcmAlsaWrapper.cpp:876
09-07 14:28:24.814   512 13241 D HarmanHAL: StreamIn::getCapturePositionImpl
09-07 14:28:24.814   512 13169 I HarmanHal.Routing: hacs alsa node(pcmHfp_dl_p) adtm interval_min:0 ms, inverval_max:11 ms, inverval_mean:7 ms!
09-07 14:28:24.814   512 13169 I HarmanHal.Routing:  in printADTM() PcmAlsaWrapper.cpp:876
09-07 14:28:24.844   512 13241 D HarmanHAL: StreamIn::getCapturePositionImpl
09-07 14:28:25.034   512 13241 I chatty  : uid=1041(audioserver) reader identical 6 lines
09-07 14:28:25.075   512 13241 D HarmanHAL: StreamIn::getCapturePositionImpl
09-07 14:28:25.087   536   536 I vendor.harman.p: type=1400 audit(0.0:2698): avc: denied { write } for name="2" dev="dm-4" ino=49241 scontext=u:r:pathologyd:s0 tcontext=u:object_r:vendor_data_file:s0 tclass=dir permissive=1
09-07 14:28:25.091   536   536 I vendor.harman.p: type=1400 audit(0.0:2699): avc: denied { remove_name } for name="GPUMONITOR_PF_1631024750.lz4" dev="dm-4" ino=49349 scontext=u:r:pathologyd:s0 tcontext=u:object_r:vendor_data_file:s0 tclass=dir permissive=1
09-07 14:28:25.091   536   536 I vendor.harman.p: type=1400 audit(0.0:2700): avc: denied { unlink } for name="GPUMONITOR_PF_1631024750.lz4" dev="dm-4" ino=49349 scontext=u:r:pathologyd:s0 tcontext=u:object_r:vendor_data_file:s0 tclass=file permissive=1
09-07 14:28:25.104   512 13241 D HarmanHAL: StreamIn::getCapturePositionImpl
09-07 14:28:25.134   512 13241 I HarmanHal.Routing: hacs alsa node(pcmTunerIn_c) adtm interval_min:30 ms, inverval_max:40 ms, inverval_mean:31 ms!
09-07 14:28:25.134   512 13241 I HarmanHal.Routing:  in printADTM() PcmAlsaWrapper.cpp:876
09-07 14:28:25.134   512 13241 D HarmanHAL: StreamIn::getCapturePositionImpl
09-07 14:28:25.235   512 13241 I chatty  : uid=1041(audioserver) reader identical 3 lines
09-07 14:28:25.264   512 13241 D HarmanHAL: StreamIn::getCapturePositionImpl
09-07 14:28:25.280   512  3972 I HarmanHal.Routing: hacs alsa node(pcmMedia_p) adtm interval_min:1 ms, inverval_max:11 ms, inverval_mean:8 ms!
09-07 14:28:25.280   512  3972 I HarmanHal.Routing:  in printADTM() PcmAlsaWrapper.cpp:876
09-07 14:28:25.295   512 13241 D HarmanHAL: StreamIn::getCapturePositionImpl
09-07 14:28:25.324   512 13241 I chatty  : uid=1041(audioserver) reader identical 1 line
09-07 14:28:25.355   512 13241 D HarmanHAL: StreamIn::getCapturePositionImpl
09-07 14:28:25.368   532   569 W ipcLib  : ipcLib: in ipc_lib. DV1 read called
09-07 14:28:25.368   532   568 I VPS     : VPS:IOCStatusInfo.VoltageStatus->0 
09-07 14:28:25.368   532   568 I VPS     : VPS:IOCStatusInfo.IOCStatusCmd->a6 
09-07 14:28:25.368   532   568 I VPS     : VPS:IOCStatusInfo.WakeUpReason->0 
09-07 14:28:25.368   532   568 I VPS     : VPS:IOCStatusInfo.DerivedIgnitionStatus->0 
09-07 14:28:25.368   532   568 I VPS     : VPS:IOCStatusInfo.PowerModeState->4 
09-07 14:28:25.369   532   568 I VPS     : VPS:IOCStatusInfo.SOCShutdownRequest->0 
09-07 14:28:25.369   532   568 I VPS     : VPS:IOCStatusInfo.AntiTheftState->0 
09-07 14:28:25.369   532   568 I VPS     : VPS:IOCStatusInfo.BatteryConnect->0 
09-07 14:28:25.395   512 13241 D HarmanHAL: StreamIn::getCapturePositionImpl
09-07 14:28:25.424   512 13241 I chatty  : uid=1041(audioserver) reader identical 1 line
09-07 14:28:25.454   512 13241 D HarmanHAL: StreamIn::getCapturePositionImpl
09-07 14:28:25.451   345   345 I Binder:345_2: type=1400 audit(0.0:2702): avc: denied { call } for scontext=u:r:carwatchdogd:s0 tcontext=u:r:hal_audio_default:s0 tclass=binder permissive=1
09-07 14:28:25.458   512   512 E android.hardware.audio@6.0-harman-service: [CXmlParser]: nodeset is empty for xpath: /audioConfiguration/EnableWatchdog
09-07 14:28:25.458   512   512 E android.hardware.audio@6.0-harman-service: [CXmlParser::GetOneEleValue] Xpath object is NULL. XPath: /audioConfiguration/EnableWatchdog
09-07 14:28:25.458   512   512 W HarmanHal: ConfigSettings::GetOneEleValue Error while reading the path /audioConfiguration/EnableWatchdog
09-07 14:28:25.458   512   512 W HarmanHal: ConfigSettings::GetOneEleValue Error in checkifWatchdogTobeEnabled
09-07 14:28:25.459   512   512 I HarmanHal: WatchdogClient::isClientHealthy, Value Of checkifWatchdogTobeEnabled:0
09-07 14:28:25.476   538   618 W ipcLib  : ipcLib: in ipc_lib. DV1 read called
09-07 14:28:25.484   512 13241 D HarmanHAL: StreamIn::getCapturePositionImpl
01-01 00:03:28.679     0     0 W audit   : audit_lost=1189 audit_rate_limit=5 audit_backlog_limit=64
01-01 00:03:28.679     0     0 E audit   : rate limit exceeded
09-07 14:28:25.644   512 13241 I chatty  : uid=1041(audioserver) reader identical 5 lines
09-07 14:28:25.675   512 13241 D HarmanHAL: StreamIn::getCapturePositionImpl
09-07 14:28:25.706   512 13133 I HarmanHal.Routing: hacs alsa node(pcmMicRefIn_c) adtm interval_min:0 ms, inverval_max:11 ms, inverval_mean:8 ms!
09-07 14:28:25.706   512 13133 I HarmanHal.Routing:  in printADTM() PcmAlsaWrapper.cpp:876
09-07 14:28:25.711   512 13159 I HarmanHal.Routing: hacs alsa node(pcmBtHfp_ul_pro_p) adtm interval_min:2 ms, inverval_max:14 ms, inverval_mean:8 ms!
09-07 14:28:25.711   512 13159 I HarmanHal.Routing:  in printADTM() PcmAlsaWrapper.cpp:876
09-07 14:28:25.714   512 13241 D HarmanHAL: StreamIn::getCapturePositionImpl
09-07 14:28:25.774   512 13241 I chatty  : uid=1041(audioserver) reader identical 2 lines
09-07 14:28:25.804   512 13241 D HarmanHAL: StreamIn::getCapturePositionImpl
09-07 14:28:25.814   512 13169 I HarmanHal.Routing: hacs alsa node(pcmBtHfp_dl_pre_c) adtm interval_min:0 ms, inverval_max:10 ms, inverval_mean:8 ms!
09-07 14:28:25.814   512 13169 I HarmanHal.Routing:  in printADTM() PcmAlsaWrapper.cpp:876
09-07 14:28:25.815   512 13169 I HarmanHal.Routing: hacs alsa node(pcmHfp_dl_p) adtm interval_min:0 ms, inverval_max:11 ms, inverval_mean:8 ms!
09-07 14:28:25.815   512 13169 I HarmanHal.Routing:  in printADTM() PcmAlsaWrapper.cpp:876
09-07 14:28:25.834   512 13241 D HarmanHAL: StreamIn::getCapturePositionImpl
09-07 14:28:26.064   512 13241 I chatty  : uid=1041(audioserver) reader identical 7 lines
09-07 14:28:26.094   512 13241 D HarmanHAL: StreamIn::getCapturePositionImpl
09-07 14:28:26.117   512 13158 D AudioProcessing: sseApply [handle 0xbc80d90][type 512] start..
09-07 14:28:26.118   512 13158 D AudioProcessing: sseProcess ul audioIO content print-1 [256] [2] [4] [1] 
09-07 14:28:26.118   512 13158 D AudioProcessing: sseProcess ul audioIO content print-2 [6] [1] [0x3bcbc5a0] [0x5bc7ede0] 
09-07 14:28:26.118   512 13158 D AudioProcessing: sseProcess ul audioIO content print-3 [0x1bca1320 [0x8bc84110] [0x1bc9f9b0] sse->pMain is [0x2bca4a60] 
09-07 14:28:26.119   512 13158 D AudioProcessing: sseProcess ul [handle 0xbc80d90]  ret[0]
09-07 14:28:26.119   512 13158 D AudioProcessing: sseProcess ul AudioBufferSampleCnt[256] type[512] finish..
09-07 14:28:26.124   512 13241 I HarmanHal.Routing: hacs alsa node(pcmTunerIn_c) adtm interval_min:29 ms, inverval_max:40 ms, inverval_mean:31 ms!
09-07 14:28:26.124   512 13241 I HarmanHal.Routing:  in printADTM() PcmAlsaWrapper.cpp:876
09-07 14:28:26.125   512 13241 D HarmanHAL: StreamIn::getCapturePositionImpl
09-07 14:28:26.155   512 13241 I chatty  : uid=1041(audioserver) reader identical 1 line
09-07 14:28:26.194   512 13241 D HarmanHAL: StreamIn::getCapturePositionImpl
09-07 14:28:26.223   512 13169 D AudioProcessing: sseApply [handle 0xbc83090][type 768] start..
09-07 14:28:26.223   512 13169 D AudioProcessing: sseProcess dl audioIO content print-1 [256] [2] [1] [1] 
09-07 14:28:26.223   512 13169 D AudioProcessing: sseProcess dl audioIO content print-2 [1] [1] [0x0xb40000763bcc28d0] [0x0xb40000761bca6b00] 
09-07 14:28:26.223   512 13169 D AudioProcessing: sseProcess dl audioIO content print-3 [0x0xb40000761bca7fd0] [0x0xb40000761bcabe40] [0x0xb40000761bca5880] sse->pMain is [0x0xb40000772bcb4e80] 
09-07 14:28:26.224   512 13169 D AudioProcessing: sseProcess dl [handle 0xbc83090] ret[0]
09-07 14:28:26.224   512 13169 D AudioProcessing: sseProcess dl AudioBufferSampleCnt[256] type[768] finish..
09-07 14:28:26.224   512 13241 D HarmanHAL: StreamIn::getCapturePositionImpl
09-07 14:28:26.254   512 13241 D HarmanHAL: StreamIn::getCapturePositionImpl
09-07 14:28:26.280   512  3972 I HarmanHal.Routing: hacs alsa node(pcmMedia_p) adtm interval_min:0 ms, inverval_max:11 ms, inverval_mean:8 ms!
09-07 14:28:26.280   512  3972 I HarmanHal.Routing:  in printADTM() PcmAlsaWrapper.cpp:876
09-07 14:28:26.284   512 13241 D HarmanHAL: StreamIn::getCapturePositionImpl
09-07 14:28:26.445   512 13241 I chatty  : uid=1041(audioserver) reader identical 5 lines
09-07 14:28:26.474   512 13241 D HarmanHAL: StreamIn::getCapturePositionImpl
09-07 14:28:26.476   538   618 W ipcLib  : ipcLib: in ipc_lib. DV1 read called
09-07 14:28:26.514   512 13241 D HarmanHAL: StreamIn::getCapturePositionImpl
09-07 14:28:26.675   512 13241 I chatty  : uid=1041(audioserver) reader identical 5 lines
09-07 14:28:26.704   512 13241 D HarmanHAL: StreamIn::getCapturePositionImpl
09-07 14:28:26.706   512 13133 I HarmanHal.Routing: hacs alsa node(pcmMicRefIn_c) adtm interval_min:0 ms, inverval_max:11 ms, inverval_mean:8 ms!
09-07 14:28:26.706   512 13133 I HarmanHal.Routing:  in printADTM() PcmAlsaWrapper.cpp:876
09-07 14:28:26.711   512 13159 I HarmanHal.Routing: hacs alsa node(pcmBtHfp_ul_pro_p) adtm interval_min:2 ms, inverval_max:12 ms, inverval_mean:8 ms!
09-07 14:28:26.711   512 13159 I HarmanHal.Routing:  in printADTM() PcmAlsaWrapper.cpp:876
09-07 14:28:26.734   512 13241 D HarmanHAL: StreamIn::getCapturePositionImpl
09-07 14:28:26.764   512 13241 I chatty  : uid=1041(audioserver) reader identical 1 line
09-07 14:28:26.795   512 13241 D HarmanHAL: StreamIn::getCapturePositionImpl
09-07 14:28:26.813   512 13169 I HarmanHal.Routing: hacs alsa node(pcmBtHfp_dl_pre_c) adtm interval_min:0 ms, inverval_max:11 ms, inverval_mean:7 ms!
09-07 14:28:26.813   512 13169 I HarmanHal.Routing:  in printADTM() PcmAlsaWrapper.cpp:876
09-07 14:28:26.815   512 13169 I HarmanHal.Routing: hacs alsa node(pcmHfp_dl_p) adtm interval_min:0 ms, inverval_max:11 ms, inverval_mean:8 ms!
09-07 14:28:26.815   512 13169 I HarmanHal.Routing:  in printADTM() PcmAlsaWrapper.cpp:876
09-07 14:28:26.835   512 13241 D HarmanHAL: StreamIn::getCapturePositionImpl
09-07 14:28:27.054   512 13241 I chatty  : uid=1041(audioserver) reader identical 7 lines
09-07 14:28:27.084   512 13241 D HarmanHAL: StreamIn::getCapturePositionImpl
09-07 14:28:27.114   512 13241 I HarmanHal.Routing: hacs alsa node(pcmTunerIn_c) adtm interval_min:30 ms, inverval_max:40 ms, inverval_mean:31 ms!
09-07 14:28:27.114   512 13241 I HarmanHal.Routing:  in printADTM() PcmAlsaWrapper.cpp:876
09-07 14:28:27.115   512 13241 D HarmanHAL: StreamIn::getCapturePositionImpl
09-07 14:28:27.245   512 13241 I chatty  : uid=1041(audioserver) reader identical 4 lines
09-07 14:28:27.274   512 13241 D HarmanHAL: StreamIn::getCapturePositionImpl
09-07 14:28:27.280   512  3972 I HarmanHal.Routing: hacs alsa node(pcmMedia_p) adtm interval_min:1 ms, inverval_max:10 ms, inverval_mean:8 ms!
09-07 14:28:27.280   512  3972 I HarmanHal.Routing:  in printADTM() PcmAlsaWrapper.cpp:876
09-07 14:28:27.314   512 13241 D HarmanHAL: StreamIn::getCapturePositionImpl
09-07 14:28:27.405   512 13241 I chatty  : uid=1041(audioserver) reader identical 3 lines
09-07 14:28:27.434   512 13241 D HarmanHAL: StreamIn::getCapturePositionImpl
09-07 14:28:27.468   532   569 W ipcLib  : ipcLib: in ipc_lib. DV1 read called
09-07 14:28:27.469   532   568 I VPS     : VPS:IOCStatusInfo.VoltageStatus->0 
09-07 14:28:27.469   532   568 I VPS     : VPS:IOCStatusInfo.IOCStatusCmd->a6 
09-07 14:28:27.469   532   568 I VPS     : VPS:IOCStatusInfo.WakeUpReason->0 
09-07 14:28:27.469   532   568 I VPS     : VPS:IOCStatusInfo.DerivedIgnitionStatus->0 
09-07 14:28:27.469   532   568 I VPS     : VPS:IOCStatusInfo.PowerModeState->4 
09-07 14:28:27.469   532   568 I VPS     : VPS:IOCStatusInfo.SOCShutdownRequest->0 
09-07 14:28:27.469   532   568 I VPS     : VPS:IOCStatusInfo.AntiTheftState->0 
09-07 14:28:27.469   532   568 I VPS     : VPS:IOCStatusInfo.BatteryConnect->0 
09-07 14:28:27.475   512 13241 D HarmanHAL: StreamIn::getCapturePositionImpl
09-07 14:28:27.479   538   618 W ipcLib  : ipcLib: in ipc_lib. DV1 read called
09-07 14:28:27.505   512 13241 D HarmanHAL: StreamIn::getCapturePositionImpl
09-07 14:28:27.665   512 13241 I chatty  : uid=1041(audioserver) reader identical 5 lines
09-07 14:28:27.696   512 13241 D HarmanHAL: StreamIn::getCapturePositionImpl
09-07 14:28:27.706   512 13133 I HarmanHal.Routing: hacs alsa node(pcmMicRefIn_c) adtm interval_min:0 ms, inverval_max:10 ms, inverval_mean:8 ms!
09-07 14:28:27.706   512 13133 I HarmanHal.Routing:  in printADTM() PcmAlsaWrapper.cpp:876
09-07 14:28:27.711   512 13159 I HarmanHal.Routing: hacs alsa node(pcmBtHfp_ul_pro_p) adtm interval_min:2 ms, inverval_max:12 ms, inverval_mean:8 ms!
09-07 14:28:27.711   512 13159 I HarmanHal.Routing:  in printADTM() PcmAlsaWrapper.cpp:876
09-07 14:28:27.718   512 13158 D AudioProcessing: sseApply [handle 0xbc80d90][type 512] start..
09-07 14:28:27.718   512 13158 D AudioProcessing: sseProcess ul audioIO content print-1 [256] [2] [4] [1] 
09-07 14:28:27.718   512 13158 D AudioProcessing: sseProcess ul audioIO content print-2 [6] [1] [0x3bcbc5a0] [0x5bc7ede0] 
09-07 14:28:27.718   512 13158 D AudioProcessing: sseProcess ul audioIO content print-3 [0x1bca1320 [0x8bc84110] [0x1bc9f9b0] sse->pMain is [0x2bca4a60] 
09-07 14:28:27.719   512 13158 D AudioProcessing: sseProcess ul [handle 0xbc80d90]  ret[0]
09-07 14:28:27.719   512 13158 D AudioProcessing: sseProcess ul AudioBufferSampleCnt[256] type[512] finish..
09-07 14:28:27.724   512 13241 D HarmanHAL: StreamIn::getCapturePositionImpl
09-07 14:28:27.754   512 13241 I chatty  : uid=1041(audioserver) reader identical 1 line
09-07 14:28:27.795   512 13241 D HarmanHAL: StreamIn::getCapturePositionImpl
09-07 14:28:27.814   512 13169 I HarmanHal.Routing: hacs alsa node(pcmBtHfp_dl_pre_c) adtm interval_min:0 ms, inverval_max:11 ms, inverval_mean:8 ms!
09-07 14:28:27.814   512 13169 I HarmanHal.Routing:  in printADTM() PcmAlsaWrapper.cpp:876
09-07 14:28:27.815   512 13169 I HarmanHal.Routing: hacs alsa node(pcmHfp_dl_p) adtm interval_min:0 ms, inverval_max:12 ms, inverval_mean:8 ms!
09-07 14:28:27.815   512 13169 I HarmanHal.Routing:  in printADTM() PcmAlsaWrapper.cpp:876
09-07 14:28:27.823   512 13169 D AudioProcessing: sseApply [handle 0xbc83090][type 768] start..
09-07 14:28:27.823   512 13169 D AudioProcessing: sseProcess dl audioIO content print-1 [256] [2] [1] [1] 
09-07 14:28:27.823   512 13169 D AudioProcessing: sseProcess dl audioIO content print-2 [1] [1] [0x0xb40000763bcc28d0] [0x0xb40000761bca6b00] 
09-07 14:28:27.823   512 13169 D AudioProcessing: sseProcess dl audioIO content print-3 [0x0xb40000761bca7fd0] [0x0xb40000761bcabe40] [0x0xb40000761bca5880] sse->pMain is [0x0xb40000772bcb4e80] 
09-07 14:28:27.824   512 13169 D AudioProcessing: sseProcess dl [handle 0xbc83090] ret[0]
09-07 14:28:27.824   512 13169 D AudioProcessing: sseProcess dl AudioBufferSampleCnt[256] type[768] finish..
09-07 14:28:27.825   512 13241 D HarmanHAL: StreamIn::getCapturePositionImpl
09-07 14:28:28.045   512 13241 I chatty  : uid=1041(audioserver) reader identical 7 lines
09-07 14:28:28.075   512 13241 D HarmanHAL: StreamIn::getCapturePositionImpl
09-07 14:28:28.114   512 13241 I HarmanHal.Routing: hacs alsa node(pcmTunerIn_c) adtm interval_min:28 ms, inverval_max:41 ms, inverval_mean:32 ms!
09-07 14:28:28.114   512 13241 I HarmanHal.Routing:  in printADTM() PcmAlsaWrapper.cpp:876
09-07 14:28:28.115   512 13241 D HarmanHAL: StreamIn::getCapturePositionImpl
09-07 14:28:28.235   512 13241 I chatty  : uid=1041(audioserver) reader identical 4 lines
09-07 14:28:28.274   512 13241 D HarmanHAL: StreamIn::getCapturePositionImpl
09-07 14:28:28.280   512  3972 I HarmanHal.Routing: hacs alsa node(pcmMedia_p) adtm interval_min:0 ms, inverval_max:10 ms, inverval_mean:8 ms!
09-07 14:28:28.280   512  3972 I HarmanHal.Routing:  in printADTM() PcmAlsaWrapper.cpp:876
09-07 14:28:28.291   911  4981 D BufferPoolAccessor2.0: bufferpool2 0xb400007205c6d498 : 2(1048576 size) total buffers - 1(524288 size) used buffers - 2492/2502 (recycle/alloc) - 23/2502 (fetch/transfer)
09-07 14:28:28.305   512 13241 D HarmanHAL: StreamIn::getCapturePositionImpl
09-07 14:28:28.434   512 13241 I chatty  : uid=1041(audioserver) reader identical 4 lines
09-07 14:28:28.464   512 13241 D HarmanHAL: StreamIn::getCapturePositionImpl
09-07 14:28:28.476   538   618 W ipcLib  : ipcLib: in ipc_lib. DV1 read called
09-07 14:28:28.495   512 13241 D HarmanHAL: StreamIn::getCapturePositionImpl
09-07 14:28:28.655   512 13241 I chatty  : uid=1041(audioserver) reader identical 5 lines
09-07 14:28:28.684   512 13241 D HarmanHAL: StreamIn::getCapturePositionImpl
09-07 14:28:28.706   512 13133 I HarmanHal.Routing: hacs alsa node(pcmMicRefIn_c) adtm interval_min:0 ms, inverval_max:11 ms, inverval_mean:7 ms!
09-07 14:28:28.706   512 13133 I HarmanHal.Routing:  in printADTM() PcmAlsaWrapper.cpp:876
09-07 14:28:28.711   512 13159 I HarmanHal.Routing: hacs alsa node(pcmBtHfp_ul_pro_p) adtm interval_min:2 ms, inverval_max:12 ms, inverval_mean:8 ms!
09-07 14:28:28.711   512 13159 I HarmanHal.Routing:  in printADTM() PcmAlsaWrapper.cpp:876
09-07 14:28:28.714   512 13241 D HarmanHAL: StreamIn::getCapturePositionImpl
09-07 14:28:28.754   512 13241 I chatty  : uid=1041(audioserver) reader identical 1 line
09-07 14:28:28.784   512 13241 D HarmanHAL: StreamIn::getCapturePositionImpl
09-07 14:28:28.813   512 13169 I HarmanHal.Routing: hacs alsa node(pcmBtHfp_dl_pre_c) adtm interval_min:0 ms, inverval_max:10 ms, inverval_mean:7 ms!
09-07 14:28:28.813   512 13169 I HarmanHal.Routing:  in printADTM() PcmAlsaWrapper.cpp:876
09-07 14:28:28.814   512 13241 D HarmanHAL: StreamIn::getCapturePositionImpl
09-07 14:28:28.814   512 13169 I HarmanHal.Routing: hacs alsa node(pcmHfp_dl_p) adtm interval_min:0 ms, inverval_max:11 ms, inverval_mean:7 ms!
09-07 14:28:28.814   512 13169 I HarmanHal.Routing:  in printADTM() PcmAlsaWrapper.cpp:876
09-07 14:28:28.844   512 13241 D HarmanHAL: StreamIn::getCapturePositionImpl
01-01 00:03:31.947     0     0 I init    : starting service 'qccsyshalservice'...
01-01 00:03:31.953     0     0 I init    : starting service 'vendor.sensors-hal-1-0'...
01-01 00:03:31.965     0     0 I init    : starting service 'LogManager'...
09-07 14:28:28.945   512 13241 I chatty  : uid=1041(audioserver) reader identical 3 lines
09-07 14:28:28.974   512 13241 D HarmanHAL: StreamIn::getCapturePositionImpl
09-07 14:28:28.991   376   376 I hwservicemanager: getTransport: Cannot find entry android.hardware.sensors@1.0::ISensors/default in either framework or device manifest.
09-07 14:28:28.992 13858 13858 I qccsyshalservice: Start with system binder
09-07 14:28:28.993 13858 13858 I qccsyshalservice: Registering qccsyshal service...
09-07 14:28:28.994 13859 13859 E android.hardware.sensors@1.0-service: Couldn't load sensors module (Unknown error -2147483648)
09-07 14:28:28.994 13859 13859 D RefBase : RefBase: Explicit destruction, weak count = 0 (in 0xb400006fc79533d8)
09-07 14:28:28.994 13859 13859 W RefBase : CallStack::getCurrentInternal not linked, returning null
09-07 14:28:28.994 13859 13859 W RefBase : CallStack::logStackInternal not linked
09-07 14:28:28.994   376   376 I hwservicemanager: getTransport: Cannot find entry vendor.qti.hardware.qccsyshal@1.0::IQccsyshal/qccsyshal in either framework or device manifest.
09-07 14:28:28.995 13859 13859 E LegacySupport: Could not get passthrough implementation for android.hardware.sensors@1.0::ISensors/default.
09-07 14:28:28.996 13858 13858 E HidlServiceManagement: Service vendor.qti.hardware.qccsyshal@1.0::IQccsyshal/qccsyshal must be in VINTF manifest in order to register/get.
09-07 14:28:28.996 13858 13858 E qccsyshalservice: [ERROR] registerAsService() failed with status: -2147483648
01-01 00:03:31.987     0     0 I init    : Service 'vendor.sensors-hal-1-0' (pid 13859) exited with status 1
01-01 00:03:31.987     0     0 I init    : Sending signal 9 to service 'vendor.sensors-hal-1-0' (pid 13859) process group...
01-01 00:03:31.988     0     0 I libprocessgroup: Successfully killed process cgroup uid 1000 pid 13859 in 0ms
09-07 14:28:29.000   532   569 I VPS     : VPS:VehiclePlatformSOCHeartBeatHandler IVI HeartBeat sent successfully SOCHeartBeatInfo.SOCStatus->2
09-07 14:28:29.000   532   569 W ipcLib  : ipcLib: in ipc_lib. DV1 write called
01-01 00:03:31.990     0     0 I init    : Service 'qccsyshalservice' (pid 13858) exited with status 1
01-01 00:03:31.990     0     0 I init    : Sending signal 9 to service 'qccsyshalservice' (pid 13858) process group...
01-01 00:03:31.990     0     0 I libprocessgroup: Successfully killed process cgroup uid 1000 pid 13858 in 0ms
09-07 14:28:29.002   532   569 W ipcLib  : ipcLib: in ipc_lib. DV1 read called
09-07 14:28:29.005   512 13241 D HarmanHAL: StreamIn::getCapturePositionImpl
09-07 14:28:29.005 13860 13860 D LOGMANAGER: LOGMANAGER HAL service init() start
09-07 14:28:29.005 13860 13860 D LOGMANAGER: Logmanager configured rpcthreadpool
09-07 14:28:28.999 13860 13860 I vendor.harman.L: type=1400 audit(0.0:2705): avc: denied { read } for name="u:object_r:hwservicemanager_prop:s0" dev="tmpfs" ino=24519 scontext=u:r:logmanagerd:s0 tcontext=u:object_r:hwservicemanager_prop:s0 tclass=file permissive=1
09-07 14:28:28.999 13860 13860 I vendor.harman.L: type=1400 audit(0.0:2706): avc: denied { open } for path="/dev/__properties__/u:object_r:hwservicemanager_prop:s0" dev="tmpfs" ino=24519 scontext=u:r:logmanagerd:s0 tcontext=u:object_r:hwservicemanager_prop:s0 tclass=file permissive=1
09-07 14:28:28.999 13860 13860 I vendor.harman.L: type=1400 audit(0.0:2707): avc: denied { getattr } for path="/dev/__properties__/u:object_r:hwservicemanager_prop:s0" dev="tmpfs" ino=24519 scontext=u:r:logmanagerd:s0 tcontext=u:object_r:hwservicemanager_prop:s0 tclass=file permissive=1
09-07 14:28:28.999 13860 13860 I vendor.harman.L: type=1400 audit(0.0:2708): avc: denied { map } for path="/dev/__properties__/u:object_r:hwservicemanager_prop:s0" dev="tmpfs" ino=24519 scontext=u:r:logmanagerd:s0 tcontext=u:object_r:hwservicemanager_prop:s0 tclass=file permissive=1
09-07 14:28:29.009 13860 13860 I HidlServiceManagement: Registered vendor.harman.hardware.LogManager@1.0::ILogManager/default
09-07 14:28:29.009 13860 13860 D LOGMANAGER: Logmanager HAL Service is registered and ready
09-07 14:28:29.009 13860 13860 I LOGMANAGER: ThreadPoolWrapper::initThreadPool
09-07 14:28:29.009 13860 13860 I LOGMANAGER: ThreadPoolWrapper : exit
09-07 14:28:29.009 13860 13860 D LOGMANAGER: Logmanager threadpoolwrapper created
09-07 14:28:29.009 13860 13860 D LOGMANAGER: User argument is -c
09-07 14:28:29.009 13860 13864 I LOGMANAGER: ThreadPoolWrapper:  enter the joinRpcThreadpool()
09-07 14:28:29.010 13860 13860 I LOGMANAGER: LogmanagerConfig is configured under config file
09-07 14:28:29.010 13860 13860 I LOGMANAGER: LoggingLevel is : 4
09-07 14:28:29.010 13860 13860 I LOGMANAGER: LogEnableState is : 0
09-07 14:28:29.010 13860 13860 I LOGMANAGER: OutputPluginConfiguration PluginType : LOGWRITTER
09-07 14:28:29.010 13860 13860 I LOGMANAGER: LM_OutputConfiguration : 1
09-07 14:28:29.010 13860 13860 I LOGMANAGER: LM_OfflineTraceDirectory : /data/cache
09-07 14:28:29.010 13860 13860 I LOGMANAGER: LM_OfflineTraceFILESize : 1000000
09-07 14:28:29.010 13860 13860 I LOGMANAGER: LM_OfflineTotalFILESSize : 20000000
09-07 14:28:29.010 13860 13860 I LOGMANAGER: LM_FileNameTimeStampBased : 0
09-07 14:28:29.010 13860 13860 I LOGMANAGER: Got IOC plugin
09-07 14:28:29.010 13860 13860 I LOGMANAGER: IOCIPCChannelNumber :6
09-07 14:28:29.010 13860 13860 I LOGMANAGER: keyseq: HOME + VOLUMEDOWN  for domain is AudioDump
09-07 14:28:29.010 13860 13860 I LOGMANAGER: keyseq: HOME + VOLUMEUP  for domain is HCIDump
09-07 14:28:29.010 13860 13860 I LOGMANAGER: Domains parsing is done
01-01 00:03:32.000     0     0 W audit   : audit_lost=1191 audit_rate_limit=5 audit_backlog_limit=64
09-07 14:28:29.007 13860 13860 I vendor.harman.L: type=1400 audit(0.0:2709): avc: denied { dac_read_search } for capability=2 scontext=u:r:logmanagerd:s0 tcontext=u:r:logmanagerd:s0 tclass=capability permissive=1
01-01 00:03:32.000     0     0 E audit   : rate limit exceeded
09-07 14:28:29.015 13860 13860 E LOGMANAGER: Failed to load plugin /vendor/lib64/libIOCDLogReader.so with error code dlopen failed: library "/vendor/lib64/libIOCDLogReader.so" not found 
09-07 14:28:29.015 13860 13860 F libc    : Fatal signal 11 (SIGSEGV), code 1 (SEGV_MAPERR), fault addr 0x0 in tid 13860 (vendor.harman.L), pid 13860 (vendor.harman.L)
09-07 14:28:29.034   512 13241 D HarmanHAL: StreamIn::getCapturePositionImpl
09-07 14:28:29.052 13867 13867 I crash_dump64: obtaining output fd from tombstoned, type: kDebuggerdTombstone
09-07 14:28:29.053   463   463 I tombstoned: received crash request for pid 13860
09-07 14:28:29.054 13867 13867 I crash_dump64: performing dump of process 13860 (target tid = 13860)
09-07 14:28:29.057 13867 13867 F DEBUG   : *** *** *** *** *** *** *** *** *** *** *** *** *** *** *** ***
09-07 14:28:29.058 13867 13867 F DEBUG   : Build fingerprint: 'qti/titan_tml_b2/titan_tml_b2:11/RQ3A.210605.005/eng.ksong.20210907.134230:userdebug/test-keys'
09-07 14:28:29.058 13867 13867 F DEBUG   : Revision: '0'
09-07 14:28:29.058 13867 13867 F DEBUG   : ABI: 'arm64'
09-07 14:28:29.059 13867 13867 F DEBUG   : Timestamp: 2021-09-07 14:28:29+0000
09-07 14:28:29.060 13867 13867 F DEBUG   : pid: 13860, tid: 13860, name: vendor.harman.L  >>> /vendor/bin/hw/vendor.harman.LogManager@1.0-service <<<
09-07 14:28:29.060 13867 13867 F DEBUG   : uid: 0
09-07 14:28:29.060 13867 13867 F DEBUG   : signal 11 (SIGSEGV), code 1 (SEGV_MAPERR), fault addr 0x0
09-07 14:28:29.060 13867 13867 F DEBUG   : Cause: null pointer dereference
09-07 14:28:29.060 13867 13867 F DEBUG   :     x0  0000000000000000  x1  0000000000000000  x2  0000000000080001  x3  0000000000000000
09-07 14:28:29.061 13867 13867 F DEBUG   :     x4  0000000000000000  x5  0000000000000090  x6  fefefefefefefeff  x7  7f7f7f7f7f7f7f7f
09-07 14:28:29.061 13867 13867 F DEBUG   :     x8  0101010101010101  x9  de14de648c1d80b4  x10 0000007fc7b844f8  x11 fffffffffffffffd
09-07 14:28:29.061 13867 13867 F DEBUG   :     x12 0000007fc7b84680  x13 000000000000008e  x14 0000b71ab65f2c00  x15 0000000034155555
09-07 14:28:29.061 13867 13867 F DEBUG   :     x16 00000058f32fa7e0  x17 0000007387321b30  x18 0000007388c26000  x19 0000000000000000
09-07 14:28:29.061 13867 13867 F DEBUG   :     x20 00000073877b3c50  x21 0000007fc7b84d99  x22 b400007286fe95c8  x23 0000007fc7b84db8
09-07 14:28:29.061 13867 13867 F DEBUG   :     x24 0000000000000000  x25 0000007387bc5000  x26 0000007fc7b84d99  x27 0000007fc7b84d69
09-07 14:28:29.061 13867 13867 F DEBUG   :     x28 0000000000000000  x29 0000007fc7b84ca0
09-07 14:28:29.061 13867 13867 F DEBUG   :     lr  00000058f32f1048  sp  0000007fc7b84ca0  pc  0000007387321b40  pst 0000000080000000
09-07 14:28:29.066 13867 13867 F DEBUG   : backtrace:
09-07 14:28:29.067 13867 13867 F DEBUG   :       #00 pc 000000000004ab40  /apex/com.android.runtime/lib64/bionic/libc.so (strlen_default+16) (BuildId: 2b7c6e33413ac7278a15dfc3ea383089)
09-07 14:28:29.067 13867 13867 F DEBUG   :       #01 pc 0000000000009044  /vendor/bin/hw/vendor.harman.LogManager@1.0-service (BuildId: 3e966ab64050b441b920ba0e8960d123)
09-07 14:28:29.067 13867 13867 F DEBUG   :       #02 pc 0000000000008df0  /vendor/bin/hw/vendor.harman.LogManager@1.0-service (LM::LogManagerImpl::load_plugin_conf(void*, std::__1::basic_string<char, std::__1::char_traits<char>, std::__1::allocator<char> >, std::__1::multimap<std::__1::basic_string<char, std::__1::char_traits<char>, std::__1::allocator<char> >, int, std::__1::less<std::__1::basic_string<char, std::__1::char_traits<char>, std::__1::allocator<char> > >, std::__1::allocator<std::__1::pair<std::__1::basic_string<char, std::__1::char_traits<char>, std::__1::allocator<char> > const, int> > >&)+752) (BuildId: 3e966ab64050b441b920ba0e8960d123)
09-07 14:28:29.068 13867 13867 F DEBUG   :       #03 pc 00000000000088c0  /vendor/bin/hw/vendor.harman.LogManager@1.0-service (LM::LogManagerImpl::loadplugins()+436) (BuildId: 3e966ab64050b441b920ba0e8960d123)
09-07 14:28:29.068 13867 13867 F DEBUG   :       #04 pc 0000000000007af8  /vendor/bin/hw/vendor.harman.LogManager@1.0-service (main+1112) (BuildId: 3e966ab64050b441b920ba0e8960d123)
09-07 14:28:29.068 13867 13867 F DEBUG   :       #05 pc 000000000004988c  /apex/com.android.runtime/lib64/bionic/libc.so (__libc_init+108) (BuildId: 2b7c6e33413ac7278a15dfc3ea383089)
09-07 14:28:29.075   512 13241 D HarmanHAL: StreamIn::getCapturePositionImpl
09-07 14:28:29.104   512 13241 I HarmanHal.Routing: hacs alsa node(pcmTunerIn_c) adtm interval_min:30 ms, inverval_max:40 ms, inverval_mean:31 ms!
09-07 14:28:29.104   512 13241 I HarmanHal.Routing:  in printADTM() PcmAlsaWrapper.cpp:876
09-07 14:28:29.105   512 13241 D HarmanHAL: StreamIn::getCapturePositionImpl
09-07 14:28:29.142  1033  1270 W NativeCrashListener: Couldn't find ProcessRecord for pid 13860
09-07 14:28:29.134   512 13241 D HarmanHAL: StreamIn::getCapturePositionImpl
09-07 14:28:29.142 13867 13867 E crash_dump64: AM data write failed: Broken pipe
09-07 14:28:29.144   463   463 E tombstoned: Tombstone written to: /data/tombstones/tombstone_08
01-01 00:03:32.134     0     0 I init    : Untracked pid 13867 exited with status 0
09-07 14:28:29.154  1033  1095 I BootReceiver: Copying /data/tombstones/tombstone_08 to DropBox (SYSTEM_TOMBSTONE)
09-07 14:28:29.157  1033  1095 I DropBoxManagerService: add tag=SYSTEM_TOMBSTONE isTagEnabled=true flags=0x2
09-07 14:28:29.164   512 13241 D HarmanHAL: StreamIn::getCapturePositionImpl
01-01 00:03:32.208     0     0 I IRQ 5   : no longer affine to CPU4
09-07 14:28:29.235   512 13241 I chatty  : uid=1041(audioserver) reader identical 2 lines
09-07 14:28:29.264   512 13241 D HarmanHAL: StreamIn::getCapturePositionImpl
09-07 14:28:29.280   512  3972 I HarmanHal.Routing: hacs alsa node(pcmMedia_p) adtm interval_min:1 ms, inverval_max:11 ms, inverval_mean:8 ms!
09-07 14:28:29.280   512  3972 I HarmanHal.Routing:  in printADTM() PcmAlsaWrapper.cpp:876
09-07 14:28:29.294   512 13241 D HarmanHAL: StreamIn::getCapturePositionImpl
09-07 14:28:29.318   512 13158 D AudioProcessing: sseApply [handle 0xbc80d90][type 512] start..
09-07 14:28:29.318   512 13158 D AudioProcessing: sseProcess ul audioIO content print-1 [256] [2] [4] [1] 
09-07 14:28:29.318   512 13158 D AudioProcessing: sseProcess ul audioIO content print-2 [6] [1] [0x3bcbc5a0] [0x5bc7ede0] 
09-07 14:28:29.318   512 13158 D AudioProcessing: sseProcess ul audioIO content print-3 [0x1bca1320 [0x8bc84110] [0x1bc9f9b0] sse->pMain is [0x2bca4a60] 
09-07 14:28:29.319   512 13158 D AudioProcessing: sseProcess ul [handle 0xbc80d90]  ret[0]
09-07 14:28:29.319   512 13158 D AudioProcessing: sseProcess ul AudioBufferSampleCnt[256] type[512] finish..
09-07 14:28:29.324   512 13241 D HarmanHAL: StreamIn::getCapturePositionImpl
09-07 14:28:29.354   512 13241 I chatty  : uid=1041(audioserver) reader identical 1 line
09-07 14:28:29.395   512 13241 D HarmanHAL: StreamIn::getCapturePositionImpl
09-07 14:28:29.423   512 13169 D AudioProcessing: sseApply [handle 0xbc83090][type 768] start..
09-07 14:28:29.423   512 13169 D AudioProcessing: sseProcess dl audioIO content print-1 [256] [2] [1] [1] 
09-07 14:28:29.423   512 13169 D AudioProcessing: sseProcess dl audioIO content print-2 [1] [1] [0x0xb40000763bcc28d0] [0x0xb40000761bca6b00] 
09-07 14:28:29.423   512 13169 D AudioProcessing: sseProcess dl audioIO content print-3 [0x0xb40000761bca7fd0] [0x0xb40000761bcabe40] [0x0xb40000761bca5880] sse->pMain is [0x0xb40000772bcb4e80] 
09-07 14:28:29.424   512 13169 D AudioProcessing: sseProcess dl [handle 0xbc83090] ret[0]
09-07 14:28:29.424   512 13169 D AudioProcessing: sseProcess dl AudioBufferSampleCnt[256] type[768] finish..
09-07 14:28:29.425   512 13241 D HarmanHAL: StreamIn::getCapturePositionImpl
09-07 14:28:29.454   512 13241 D HarmanHAL: StreamIn::getCapturePositionImpl
09-07 14:28:29.479   538   618 W ipcLib  : ipcLib: in ipc_lib. DV1 read called
09-07 14:28:29.484   512 13241 D HarmanHAL: StreamIn::getCapturePositionImpl
09-07 14:28:29.515   512 13241 I chatty  : uid=1041(audioserver) reader identical 1 line
09-07 14:28:29.554   512 13241 D HarmanHAL: StreamIn::getCapturePositionImpl
09-07 14:28:29.569   532   569 W ipcLib  : ipcLib: in ipc_lib. DV1 read called
09-07 14:28:29.569   532   568 I VPS     : VPS:IOCStatusInfo.VoltageStatus->0 
09-07 14:28:29.569   532   568 I VPS     : VPS:IOCStatusInfo.IOCStatusCmd->a6 
09-07 14:28:29.570   532   568 I VPS     : VPS:IOCStatusInfo.WakeUpReason->0 
09-07 14:28:29.571   532   568 I VPS     : VPS:IOCStatusInfo.DerivedIgnitionStatus->0 
09-07 14:28:29.571   532   568 I VPS     : VPS:IOCStatusInfo.PowerModeState->4 
09-07 14:28:29.571   532   568 I VPS     : VPS:IOCStatusInfo.SOCShutdownRequest->0 
09-07 14:28:29.571   532   568 I VPS     : VPS:IOCStatusInfo.AntiTheftState->0 
09-07 14:28:29.571   532   568 I VPS     : VPS:IOCStatusInfo.BatteryConnect->0 
09-07 14:28:29.584   512 13241 D HarmanHAL: StreamIn::getCapturePositionImpl
09-07 14:28:29.614   512 13241 I chatty  : uid=1041(audioserver) reader identical 1 line
09-07 14:28:29.644   512 13241 D HarmanHAL: StreamIn::getCapturePositionImpl
09-07 14:28:29.645   536   612 E pathology: [ProcessCrashHandler:: parseTombstoneFileName]string not found
09-07 14:28:29.645   536   612 I chatty  : uid=0(root) vendor.harman.p identical 4 lines
09-07 14:28:29.646   536   612 E pathology: [ProcessCrashHandler:: parseTombstoneFileName]string not found
09-07 14:28:29.675   512 13241 D HarmanHAL: StreamIn::getCapturePositionImpl
09-07 14:28:29.705   512 13133 I HarmanHal.Routing: hacs alsa node(pcmMicRefIn_c) adtm interval_min:0 ms, inverval_max:12 ms, inverval_mean:8 ms!
09-07 14:28:29.705   512 13133 I HarmanHal.Routing:  in printADTM() PcmAlsaWrapper.cpp:876
09-07 14:28:29.711   512 13159 I HarmanHal.Routing: hacs alsa node(pcmBtHfp_ul_pro_p) adtm interval_min:1 ms, inverval_max:13 ms, inverval_mean:8 ms!
09-07 14:28:29.711   512 13159 I HarmanHal.Routing:  in printADTM() PcmAlsaWrapper.cpp:876
09-07 14:28:29.715   512 13241 D HarmanHAL: StreamIn::getCapturePositionImpl
09-07 14:28:29.774   512 13241 I chatty  : uid=1041(audioserver) reader identical 2 lines
09-07 14:28:29.804   512 13241 D HarmanHAL: StreamIn::getCapturePositionImpl
09-07 14:28:29.814   512 13169 I HarmanHal.Routing: hacs alsa node(pcmBtHfp_dl_pre_c) adtm interval_min:0 ms, inverval_max:10 ms, inverval_mean:8 ms!
09-07 14:28:29.814   512 13169 I HarmanHal.Routing:  in printADTM() PcmAlsaWrapper.cpp:876
09-07 14:28:29.814   512 13169 I HarmanHal.Routing: hacs alsa node(pcmHfp_dl_p) adtm interval_min:0 ms, inverval_max:12 ms, inverval_mean:8 ms!
09-07 14:28:29.814   512 13169 I HarmanHal.Routing:  in printADTM() PcmAlsaWrapper.cpp:876
09-07 14:28:29.834   512 13241 D HarmanHAL: StreamIn::getCapturePositionImpl
09-07 14:28:30.034   512 13241 I chatty  : uid=1041(audioserver) reader identical 6 lines
09-07 14:28:30.064   512 13241 D HarmanHAL: StreamIn::getCapturePositionImpl
09-07 14:28:30.094   512 13241 I HarmanHal.Routing: hacs alsa node(pcmTunerIn_c) adtm interval_min:29 ms, inverval_max:41 ms, inverval_mean:31 ms!
09-07 14:28:30.094   512 13241 I HarmanHal.Routing:  in printADTM() PcmAlsaWrapper.cpp:876
09-07 14:28:30.095   512 13241 D HarmanHAL: StreamIn::getCapturePositionImpl
09-07 14:28:30.225   512 13241 I chatty  : uid=1041(audioserver) reader identical 4 lines
09-07 14:28:30.254   512 13241 D HarmanHAL: StreamIn::getCapturePositionImpl
09-07 14:28:30.280   512  3972 I HarmanHal.Routing: hacs alsa node(pcmMedia_p) adtm interval_min:1 ms, inverval_max:11 ms, inverval_mean:8 ms!
09-07 14:28:30.280   512  3972 I HarmanHal.Routing:  in printADTM() PcmAlsaWrapper.cpp:876
09-07 14:28:30.284   512 13241 D HarmanHAL: StreamIn::getCapturePositionImpl
09-07 14:28:30.446   512 13241 I chatty  : uid=1041(audioserver) reader identical 5 lines
09-07 14:28:30.475   512 13241 D HarmanHAL: StreamIn::getCapturePositionImpl
09-07 14:28:30.476   538   618 W ipcLib  : ipcLib: in ipc_lib. DV1 read called
09-07 14:28:30.515   512 13241 D HarmanHAL: StreamIn::getCapturePositionImpl
09-07 14:28:30.674   512 13241 I chatty  : uid=1041(audioserver) reader identical 5 lines
09-07 14:28:30.704   512 13241 D HarmanHAL: StreamIn::getCapturePositionImpl
09-07 14:28:30.706   512 13133 I HarmanHal.Routing: hacs alsa node(pcmMicRefIn_c) adtm interval_min:0 ms, inverval_max:11 ms, inverval_mean:8 ms!
09-07 14:28:30.706   512 13133 I HarmanHal.Routing:  in printADTM() PcmAlsaWrapper.cpp:876
09-07 14:28:30.711   512 13159 I HarmanHal.Routing: hacs alsa node(pcmBtHfp_ul_pro_p) adtm interval_min:2 ms, inverval_max:12 ms, inverval_mean:8 ms!
09-07 14:28:30.711   512 13159 I HarmanHal.Routing:  in printADTM() PcmAlsaWrapper.cpp:876
09-07 14:28:30.719   536   536 I vendor.harman.p: type=1400 audit(0.0:2735): avc: denied { read } for name="2" dev="dm-4" ino=49241 scontext=u:r:pathologyd:s0 tcontext=u:object_r:vendor_data_file:s0 tclass=dir permissive=1
09-07 14:28:30.719   536   536 I vendor.harman.p: type=1400 audit(0.0:2736): avc: denied { open } for path="/data/vendor/pathologyArchive/2" dev="dm-4" ino=49241 scontext=u:r:pathologyd:s0 tcontext=u:object_r:vendor_data_file:s0 tclass=dir permissive=1
09-07 14:28:30.734   512 13241 D HarmanHAL: StreamIn::getCapturePositionImpl
09-07 14:28:30.764   512 13241 I chatty  : uid=1041(audioserver) reader identical 1 line
09-07 14:28:30.795   512 13241 D HarmanHAL: StreamIn::getCapturePositionImpl
09-07 14:28:30.813   512 13169 I HarmanHal.Routing: hacs alsa node(pcmBtHfp_dl_pre_c) adtm interval_min:0 ms, inverval_max:11 ms, inverval_mean:7 ms!
09-07 14:28:30.813   512 13169 I HarmanHal.Routing:  in printADTM() PcmAlsaWrapper.cpp:876
09-07 14:28:30.815   512 13169 I HarmanHal.Routing: hacs alsa node(pcmHfp_dl_p) adtm interval_min:0 ms, inverval_max:11 ms, inverval_mean:8 ms!
09-07 14:28:30.815   512 13169 I HarmanHal.Routing:  in printADTM() PcmAlsaWrapper.cpp:876
09-07 14:28:30.834   512 13241 D HarmanHAL: StreamIn::getCapturePositionImpl
09-07 14:28:30.864   512 13241 I chatty  : uid=1041(audioserver) reader identical 1 line
09-07 14:28:30.894   512 13241 D HarmanHAL: StreamIn::getCapturePositionImpl
09-07 14:28:30.918   512 13158 D AudioProcessing: sseApply [handle 0xbc80d90][type 512] start..
09-07 14:28:30.918   512 13158 D AudioProcessing: sseProcess ul audioIO content print-1 [256] [2] [4] [1] 
09-07 14:28:30.918   512 13158 D AudioProcessing: sseProcess ul audioIO content print-2 [6] [1] [0x3bcbc5a0] [0x5bc7ede0] 
09-07 14:28:30.918   512 13158 D AudioProcessing: sseProcess ul audioIO content print-3 [0x1bca1320 [0x8bc84110] [0x1bc9f9b0] sse->pMain is [0x2bca4a60] 
09-07 14:28:30.919   512 13158 D AudioProcessing: sseProcess ul [handle 0xbc80d90]  ret[0]
09-07 14:28:30.919   512 13158 D AudioProcessing: sseProcess ul AudioBufferSampleCnt[256] type[512] finish..
09-07 14:28:30.924   512 13241 D HarmanHAL: StreamIn::getCapturePositionImpl
09-07 14:28:30.956   512 13241 I chatty  : uid=1041(audioserver) reader identical 1 line
09-07 14:28:30.995   512 13241 D HarmanHAL: StreamIn::getCapturePositionImpl
09-07 14:28:31.023   512 13169 D AudioProcessing: sseApply [handle 0xbc83090][type 768] start..
09-07 14:28:31.023   512 13169 D AudioProcessing: sseProcess dl audioIO content print-1 [256] [2] [1] [1] 
09-07 14:28:31.023   512 13169 D AudioProcessing: sseProcess dl audioIO content print-2 [1] [1] [0x0xb40000763bcc28d0] [0x0xb40000761bca6b00] 
09-07 14:28:31.023   512 13169 D AudioProcessing: sseProcess dl audioIO content print-3 [0x0xb40000761bca7fd0] [0x0xb40000761bcabe40] [0x0xb40000761bca5880] sse->pMain is [0x0xb40000772bcb4e80] 
09-07 14:28:31.024   512 13169 D AudioProcessing: sseProcess dl [handle 0xbc83090] ret[0]
09-07 14:28:31.024   512 13169 D AudioProcessing: sseProcess dl AudioBufferSampleCnt[256] type[768] finish..
09-07 14:28:31.025   512 13241 D HarmanHAL: StreamIn::getCapturePositionImpl
09-07 14:28:31.054   512 13241 D HarmanHAL: StreamIn::getCapturePositionImpl
09-07 14:28:31.084   512 13241 I HarmanHal.Routing: hacs alsa node(pcmTunerIn_c) adtm interval_min:29 ms, inverval_max:40 ms, inverval_mean:31 ms!
09-07 14:28:31.084   512 13241 I HarmanHal.Routing:  in printADTM() PcmAlsaWrapper.cpp:876
09-07 14:28:31.085   512 13241 D HarmanHAL: StreamIn::getCapturePositionImpl
09-07 14:28:31.246   512 13241 I chatty  : uid=1041(audioserver) reader identical 5 lines
09-07 14:28:31.274   512 13241 D HarmanHAL: StreamIn::getCapturePositionImpl
09-07 14:28:31.280   512  3972 I HarmanHal.Routing: hacs alsa node(pcmMedia_p) adtm interval_min:0 ms, inverval_max:11 ms, inverval_mean:8 ms!
09-07 14:28:31.280   512  3972 I HarmanHal.Routing:  in printADTM() PcmAlsaWrapper.cpp:876
09-07 14:28:31.314   512 13241 D HarmanHAL: StreamIn::getCapturePositionImpl
09-07 14:28:31.435   512 13241 I chatty  : uid=1041(audioserver) reader identical 4 lines
09-07 14:28:31.474   512 13241 D HarmanHAL: StreamIn::getCapturePositionImpl
09-07 14:28:31.476   538   618 W ipcLib  : ipcLib: in ipc_lib. DV1 read called
09-07 14:28:31.505   512 13241 D HarmanHAL: StreamIn::getCapturePositionImpl
09-07 14:28:31.635   512 13241 I chatty  : uid=1041(audioserver) reader identical 4 lines
09-07 14:28:31.664   512 13241 D HarmanHAL: StreamIn::getCapturePositionImpl
09-07 14:28:31.668   532   569 W ipcLib  : ipcLib: in ipc_lib. DV1 read called
09-07 14:28:31.669   532   568 I VPS     : VPS:IOCStatusInfo.VoltageStatus->0 
09-07 14:28:31.669   532   568 I VPS     : VPS:IOCStatusInfo.IOCStatusCmd->a6 
09-07 14:28:31.669   532   568 I VPS     : VPS:IOCStatusInfo.WakeUpReason->0 
09-07 14:28:31.669   532   568 I VPS     : VPS:IOCStatusInfo.DerivedIgnitionStatus->0 
09-07 14:28:31.669   532   568 I VPS     : VPS:IOCStatusInfo.PowerModeState->4 
09-07 14:28:31.669   532   568 I VPS     : VPS:IOCStatusInfo.SOCShutdownRequest->0 
09-07 14:28:31.669   532   568 I VPS     : VPS:IOCStatusInfo.AntiTheftState->0 
09-07 14:28:31.669   532   568 I VPS     : VPS:IOCStatusInfo.BatteryConnect->0 
09-07 14:28:31.694   512 13241 D HarmanHAL: StreamIn::getCapturePositionImpl
09-07 14:28:31.706   512 13133 I HarmanHal.Routing: hacs alsa node(pcmMicRefIn_c) adtm interval_min:0 ms, inverval_max:12 ms, inverval_mean:8 ms!
09-07 14:28:31.706   512 13133 I HarmanHal.Routing:  in printADTM() PcmAlsaWrapper.cpp:876
09-07 14:28:31.711   512 13159 I HarmanHal.Routing: hacs alsa node(pcmBtHfp_ul_pro_p) adtm interval_min:2 ms, inverval_max:12 ms, inverval_mean:8 ms!
09-07 14:28:31.711   512 13159 I HarmanHal.Routing:  in printADTM() PcmAlsaWrapper.cpp:876
09-07 14:28:31.724   512 13241 D HarmanHAL: StreamIn::getCapturePositionImpl
09-07 14:28:31.754   512 13241 I chatty  : uid=1041(audioserver) reader identical 1 line
09-07 14:28:31.795   512 13241 D HarmanHAL: StreamIn::getCapturePositionImpl
09-07 14:28:31.814   512 13169 I HarmanHal.Routing: hacs alsa node(pcmBtHfp_dl_pre_c) adtm interval_min:0 ms, inverval_max:11 ms, inverval_mean:8 ms!
09-07 14:28:31.814   512 13169 I HarmanHal.Routing:  in printADTM() PcmAlsaWrapper.cpp:876
09-07 14:28:31.815   512 13169 I HarmanHal.Routing: hacs alsa node(pcmHfp_dl_p) adtm interval_min:0 ms, inverval_max:11 ms, inverval_mean:8 ms!
09-07 14:28:31.815   512 13169 I HarmanHal.Routing:  in printADTM() PcmAlsaWrapper.cpp:876
09-07 14:28:31.824   512 13241 D HarmanHAL: StreamIn::getCapturePositionImpl
09-07 14:28:32.015   512 13241 I chatty  : uid=1041(audioserver) reader identical 6 lines
09-07 14:28:32.044   512 13241 D HarmanHAL: StreamIn::getCapturePositionImpl
09-07 14:28:32.074   512 13241 I HarmanHal.Routing: hacs alsa node(pcmTunerIn_c) adtm interval_min:29 ms, inverval_max:40 ms, inverval_mean:31 ms!
09-07 14:28:32.074   512 13241 I HarmanHal.Routing:  in printADTM() PcmAlsaWrapper.cpp:876
09-07 14:28:32.075   512 13241 D HarmanHAL: StreamIn::getCapturePositionImpl
09-07 14:28:32.234   512 13241 I chatty  : uid=1041(audioserver) reader identical 5 lines
09-07 14:28:32.275   512 13241 D HarmanHAL: StreamIn::getCapturePositionImpl
09-07 14:28:32.280   512  3972 I HarmanHal.Routing: hacs alsa node(pcmMedia_p) adtm interval_min:1 ms, inverval_max:11 ms, inverval_mean:8 ms!
09-07 14:28:32.280   512  3972 I HarmanHal.Routing:  in printADTM() PcmAlsaWrapper.cpp:876
09-07 14:28:32.305   512 13241 D HarmanHAL: StreamIn::getCapturePositionImpl
09-07 14:28:32.434   512 13241 I chatty  : uid=1041(audioserver) reader identical 4 lines
09-07 14:28:32.464   512 13241 D HarmanHAL: StreamIn::getCapturePositionImpl
09-07 14:28:32.476   538   618 W ipcLib  : ipcLib: in ipc_lib. DV1 read called
09-07 14:28:32.495   512 13241 D HarmanHAL: StreamIn::getCapturePositionImpl
09-07 14:28:32.518   512 13158 D AudioProcessing: sseApply [handle 0xbc80d90][type 512] start..
09-07 14:28:32.518   512 13158 D AudioProcessing: sseProcess ul audioIO content print-1 [256] [2] [4] [1] 
09-07 14:28:32.518   512 13158 D AudioProcessing: sseProcess ul audioIO content print-2 [6] [1] [0x3bcbc5a0] [0x5bc7ede0] 
09-07 14:28:32.518   512 13158 D AudioProcessing: sseProcess ul audioIO content print-3 [0x1bca1320 [0x8bc84110] [0x1bc9f9b0] sse->pMain is [0x2bca4a60] 
09-07 14:28:32.519   512 13158 D AudioProcessing: sseProcess ul [handle 0xbc80d90]  ret[0]
09-07 14:28:32.519   512 13158 D AudioProcessing: sseProcess ul AudioBufferSampleCnt[256] type[512] finish..
09-07 14:28:32.524   512 13241 D HarmanHAL: StreamIn::getCapturePositionImpl
09-07 14:28:32.555   512 13241 I chatty  : uid=1041(audioserver) reader identical 1 line
09-07 14:28:32.594   512 13241 D HarmanHAL: StreamIn::getCapturePositionImpl
09-07 14:28:32.623   512 13169 D AudioProcessing: sseApply [handle 0xbc83090][type 768] start..
09-07 14:28:32.623   512 13169 D AudioProcessing: sseProcess dl audioIO content print-1 [256] [2] [1] [1] 
09-07 14:28:32.623   512 13169 D AudioProcessing: sseProcess dl audioIO content print-2 [1] [1] [0x0xb40000763bcc28d0] [0x0xb40000761bca6b00] 
09-07 14:28:32.623   512 13169 D AudioProcessing: sseProcess dl audioIO content print-3 [0x0xb40000761bca7fd0] [0x0xb40000761bcabe40] [0x0xb40000761bca5880] sse->pMain is [0x0xb40000772bcb4e80] 
09-07 14:28:32.624   512 13169 D AudioProcessing: sseProcess dl [handle 0xbc83090] ret[0]
09-07 14:28:32.624   512 13169 D AudioProcessing: sseProcess dl AudioBufferSampleCnt[256] type[768] finish..
09-07 14:28:32.624   512 13241 D HarmanHAL: StreamIn::getCapturePositionImpl
09-07 14:28:32.654   512 13241 I chatty  : uid=1041(audioserver) reader identical 1 line
09-07 14:28:32.684   512 13241 D HarmanHAL: StreamIn::getCapturePositionImpl
09-07 14:28:32.705   512 13133 I HarmanHal.Routing: hacs alsa node(pcmMicRefIn_c) adtm interval_min:0 ms, inverval_max:11 ms, inverval_mean:7 ms!
09-07 14:28:32.705   512 13133 I HarmanHal.Routing:  in printADTM() PcmAlsaWrapper.cpp:876
09-07 14:28:32.711   512 13159 I HarmanHal.Routing: hacs alsa node(pcmBtHfp_ul_pro_p) adtm interval_min:2 ms, inverval_max:12 ms, inverval_mean:8 ms!
09-07 14:28:32.711   512 13159 I HarmanHal.Routing:  in printADTM() PcmAlsaWrapper.cpp:876
09-07 14:28:32.714   512 13241 D HarmanHAL: StreamIn::getCapturePositionImpl
09-07 14:28:32.754   512 13241 I chatty  : uid=1041(audioserver) reader identical 1 line
09-07 14:28:32.784   512 13241 D HarmanHAL: StreamIn::getCapturePositionImpl
09-07 14:28:32.813   512 13169 I HarmanHal.Routing: hacs alsa node(pcmBtHfp_dl_pre_c) adtm interval_min:0 ms, inverval_max:11 ms, inverval_mean:7 ms!
09-07 14:28:32.813   512 13169 I HarmanHal.Routing:  in printADTM() PcmAlsaWrapper.cpp:876
09-07 14:28:32.814   512 13241 D HarmanHAL: StreamIn::getCapturePositionImpl
09-07 14:28:32.815   512 13169 I HarmanHal.Routing: hacs alsa node(pcmHfp_dl_p) adtm interval_min:0 ms, inverval_max:11 ms, inverval_mean:7 ms!
09-07 14:28:32.815   512 13169 I HarmanHal.Routing:  in printADTM() PcmAlsaWrapper.cpp:876
09-07 14:28:32.845   512 13241 D HarmanHAL: StreamIn::getCapturePositionImpl
09-07 14:28:33.004   512 13241 I chatty  : uid=1041(audioserver) reader identical 5 lines
09-07 14:28:33.034   512 13241 D HarmanHAL: StreamIn::getCapturePositionImpl
09-07 14:28:33.075   512 13241 I HarmanHal.Routing: hacs alsa node(pcmTunerIn_c) adtm interval_min:30 ms, inverval_max:40 ms, inverval_mean:32 ms!
09-07 14:28:33.075   512 13241 I HarmanHal.Routing:  in printADTM() PcmAlsaWrapper.cpp:876
09-07 14:28:33.075   512 13241 D HarmanHAL: StreamIn::getCapturePositionImpl
09-07 14:28:33.235   512 13241 I chatty  : uid=1041(audioserver) reader identical 5 lines
09-07 14:28:33.265   512 13241 D HarmanHAL: StreamIn::getCapturePositionImpl
09-07 14:28:33.280   512  3972 I HarmanHal.Routing: hacs alsa node(pcmMedia_p) adtm interval_min:0 ms, inverval_max:10 ms, inverval_mean:8 ms!
09-07 14:28:33.280   512  3972 I HarmanHal.Routing:  in printADTM() PcmAlsaWrapper.cpp:876
09-07 14:28:33.294   512 13241 D HarmanHAL: StreamIn::getCapturePositionImpl
09-07 14:28:33.425   512 13241 I chatty  : uid=1041(audioserver) reader identical 4 lines
09-07 14:28:33.454   512 13241 D HarmanHAL: StreamIn::getCapturePositionImpl
09-07 14:28:33.476   538   618 W ipcLib  : ipcLib: in ipc_lib. DV1 read called
09-07 14:28:33.484   512 13241 D HarmanHAL: StreamIn::getCapturePositionImpl
09-07 14:28:33.554   512 13241 I chatty  : uid=1041(audioserver) reader identical 2 lines
09-07 14:28:33.584   512 13241 D HarmanHAL: StreamIn::getCapturePositionImpl
09-07 14:28:33.585   911  4981 D BufferPoolAccessor2.0: bufferpool2 0xb400007205c6d498 : 2(1048576 size) total buffers - 1(524288 size) used buffers - 2548/2558 (recycle/alloc) - 23/2557 (fetch/transfer)
09-07 14:28:33.614   512 13241 D HarmanHAL: StreamIn::getCapturePositionImpl
09-07 14:28:33.644   512 13241 I chatty  : uid=1041(audioserver) reader identical 1 line
09-07 14:28:33.674   512 13241 D HarmanHAL: StreamIn::getCapturePositionImpl
09-07 14:28:33.706   512 13133 I HarmanHal.Routing: hacs alsa node(pcmMicRefIn_c) adtm interval_min:0 ms, inverval_max:11 ms, inverval_mean:8 ms!
09-07 14:28:33.706   512 13133 I HarmanHal.Routing:  in printADTM() PcmAlsaWrapper.cpp:876
09-07 14:28:33.712   512 13159 I HarmanHal.Routing: hacs alsa node(pcmBtHfp_ul_pro_p) adtm interval_min:2 ms, inverval_max:12 ms, inverval_mean:8 ms!
09-07 14:28:33.712   512 13159 I HarmanHal.Routing:  in printADTM() PcmAlsaWrapper.cpp:876
09-07 14:28:33.715   512 13241 D HarmanHAL: StreamIn::getCapturePositionImpl
09-07 14:28:33.745   512 13241 D HarmanHAL: StreamIn::getCapturePositionImpl
09-07 14:28:33.769   532   569 W ipcLib  : ipcLib: in ipc_lib. DV1 read called
09-07 14:28:33.770   532   568 I VPS     : VPS:IOCStatusInfo.VoltageStatus->0 
09-07 14:28:33.770   532   568 I VPS     : VPS:IOCStatusInfo.IOCStatusCmd->a6 
09-07 14:28:33.770   532   568 I VPS     : VPS:IOCStatusInfo.WakeUpReason->0 
09-07 14:28:33.770   532   568 I VPS     : VPS:IOCStatusInfo.DerivedIgnitionStatus->0 
09-07 14:28:33.770   532   568 I VPS     : VPS:IOCStatusInfo.PowerModeState->4 
09-07 14:28:33.770   532   568 I VPS     : VPS:IOCStatusInfo.SOCShutdownRequest->0 
09-07 14:28:33.770   532   568 I VPS     : VPS:IOCStatusInfo.AntiTheftState->0 
09-07 14:28:33.770   532   568 I VPS     : VPS:IOCStatusInfo.BatteryConnect->0 
09-07 14:28:33.775   512 13241 D HarmanHAL: StreamIn::getCapturePositionImpl
09-07 14:28:33.804   512 13241 D HarmanHAL: StreamIn::getCapturePositionImpl
09-07 14:28:33.814   512 13169 I HarmanHal.Routing: hacs alsa node(pcmBtHfp_dl_pre_c) adtm interval_min:0 ms, inverval_max:11 ms, inverval_mean:8 ms!
09-07 14:28:33.814   512 13169 I HarmanHal.Routing:  in printADTM() PcmAlsaWrapper.cpp:876
09-07 14:28:33.815   512 13169 I HarmanHal.Routing: hacs alsa node(pcmHfp_dl_p) adtm interval_min:0 ms, inverval_max:11 ms, inverval_mean:8 ms!
09-07 14:28:33.815   512 13169 I HarmanHal.Routing:  in printADTM() PcmAlsaWrapper.cpp:876
09-07 14:28:33.834   512 13241 D HarmanHAL: StreamIn::getCapturePositionImpl
01-01 00:03:36.953     0     0 I init    : starting service 'qccsyshalservice'...
01-01 00:03:36.960     0     0 I init    : starting service 'vendor.sensors-hal-1-0'...
01-01 00:03:36.971     0     0 I init    : starting service 'LogManager'...
09-07 14:28:33.964   512 13241 I chatty  : uid=1041(audioserver) reader identical 4 lines
09-07 14:28:33.995   512 13241 D HarmanHAL: StreamIn::getCapturePositionImpl
09-07 14:28:33.997 14037 14037 I qccsyshalservice: Start with system binder
09-07 14:28:33.997 14037 14037 I qccsyshalservice: Registering qccsyshal service...
09-07 14:28:33.998   376   376 I hwservicemanager: getTransport: Cannot find entry vendor.qti.hardware.qccsyshal@1.0::IQccsyshal/qccsyshal in either framework or device manifest.
09-07 14:28:33.999 14037 14037 E HidlServiceManagement: Service vendor.qti.hardware.qccsyshal@1.0::IQccsyshal/qccsyshal must be in VINTF manifest in order to register/get.
09-07 14:28:33.999 14037 14037 E qccsyshalservice: [ERROR] registerAsService() failed with status: -2147483648
09-07 14:28:33.999   376   376 I hwservicemanager: getTransport: Cannot find entry android.hardware.sensors@1.0::ISensors/default in either framework or device manifest.
09-07 14:28:34.000   532   569 I VPS     : VPS:VehiclePlatformSOCHeartBeatHandler IVI HeartBeat sent successfully SOCHeartBeatInfo.SOCStatus->2
01-01 00:03:36.990     0     0 I init    : Service 'qccsyshalservice' (pid 14037) exited with status 1
09-07 14:28:34.001   532   569 W ipcLib  : ipcLib: in ipc_lib. DV1 write called
09-07 14:28:34.001 14038 14038 E android.hardware.sensors@1.0-service: Couldn't load sensors module (Unknown error -2147483648)
01-01 00:03:36.990     0     0 I init    : Sending signal 9 to service 'qccsyshalservice' (pid 14037) process group...
09-07 14:28:34.002 14038 14038 D RefBase : RefBase: Explicit destruction, weak count = 0 (in 0xb4000076278662b8)
09-07 14:28:34.002 14038 14038 W RefBase : CallStack::getCurrentInternal not linked, returning null
01-01 00:03:36.990     0     0 I libprocessgroup: Successfully killed process cgroup uid 1000 pid 14037 in 0ms
09-07 14:28:34.002 14038 14038 W RefBase : CallStack::logStackInternal not linked
09-07 14:28:34.003 14038 14038 E LegacySupport: Could not get passthrough implementation for android.hardware.sensors@1.0::ISensors/default.
09-07 14:28:34.003   532   569 W ipcLib  : ipcLib: in ipc_lib. DV1 read called
01-01 00:03:36.994     0     0 I init    : Service 'vendor.sensors-hal-1-0' (pid 14038) exited with status 1
01-01 00:03:36.994     0     0 I init    : Sending signal 9 to service 'vendor.sensors-hal-1-0' (pid 14038) process group...
01-01 00:03:36.994     0     0 I libprocessgroup: Successfully killed process cgroup uid 1000 pid 14038 in 0ms
09-07 14:28:34.016 14042 14042 D LOGMANAGER: LOGMANAGER HAL service init() start
09-07 14:28:34.016 14042 14042 D LOGMANAGER: Logmanager configured rpcthreadpool
09-07 14:28:34.011 14042 14042 I vendor.harman.L: type=1400 audit(0.0:2737): avc: denied { read } for name="u:object_r:hwservicemanager_prop:s0" dev="tmpfs" ino=24519 scontext=u:r:logmanagerd:s0 tcontext=u:object_r:hwservicemanager_prop:s0 tclass=file permissive=1
09-07 14:28:34.011 14042 14042 I vendor.harman.L: type=1400 audit(0.0:2738): avc: denied { open } for path="/dev/__properties__/u:object_r:hwservicemanager_prop:s0" dev="tmpfs" ino=24519 scontext=u:r:logmanagerd:s0 tcontext=u:object_r:hwservicemanager_prop:s0 tclass=file permissive=1
09-07 14:28:34.011 14042 14042 I vendor.harman.L: type=1400 audit(0.0:2739): avc: denied { getattr } for path="/dev/__properties__/u:object_r:hwservicemanager_prop:s0" dev="tmpfs" ino=24519 scontext=u:r:logmanagerd:s0 tcontext=u:object_r:hwservicemanager_prop:s0 tclass=file permissive=1
09-07 14:28:34.011 14042 14042 I vendor.harman.L: type=1400 audit(0.0:2740): avc: denied { map } for path="/dev/__properties__/u:object_r:hwservicemanager_prop:s0" dev="tmpfs" ino=24519 scontext=u:r:logmanagerd:s0 tcontext=u:object_r:hwservicemanager_prop:s0 tclass=file permissive=1
09-07 14:28:34.019 14042 14042 I HidlServiceManagement: Registered vendor.harman.hardware.LogManager@1.0::ILogManager/default
09-07 14:28:34.020 14042 14042 D LOGMANAGER: Logmanager HAL Service is registered and ready
09-07 14:28:34.020 14042 14042 I LOGMANAGER: ThreadPoolWrapper::initThreadPool
09-07 14:28:34.020 14042 14042 I LOGMANAGER: ThreadPoolWrapper : exit
09-07 14:28:34.020 14042 14042 D LOGMANAGER: Logmanager threadpoolwrapper created
09-07 14:28:34.020 14042 14042 D LOGMANAGER: User argument is -c
09-07 14:28:34.020 14042 14043 I LOGMANAGER: ThreadPoolWrapper:  enter the joinRpcThreadpool()
09-07 14:28:34.020 14042 14042 I LOGMANAGER: LogmanagerConfig is configured under config file
09-07 14:28:34.020 14042 14042 I LOGMANAGER: LoggingLevel is : 4
09-07 14:28:34.020 14042 14042 I LOGMANAGER: LogEnableState is : 0
09-07 14:28:34.020 14042 14042 I LOGMANAGER: OutputPluginConfiguration PluginType : LOGWRITTER
09-07 14:28:34.020 14042 14042 I LOGMANAGER: LM_OutputConfiguration : 1
09-07 14:28:34.020 14042 14042 I LOGMANAGER: LM_OfflineTraceDirectory : /data/cache
09-07 14:28:34.020 14042 14042 I LOGMANAGER: LM_OfflineTraceFILESize : 1000000
09-07 14:28:34.020 14042 14042 I LOGMANAGER: LM_OfflineTotalFILESSize : 20000000
09-07 14:28:34.020 14042 14042 I LOGMANAGER: LM_FileNameTimeStampBased : 0
09-07 14:28:34.020 14042 14042 I LOGMANAGER: Got IOC plugin
09-07 14:28:34.020 14042 14042 I LOGMANAGER: IOCIPCChannelNumber :6
09-07 14:28:34.020 14042 14042 I LOGMANAGER: keyseq: HOME + VOLUMEDOWN  for domain is AudioDump
09-07 14:28:34.021 14042 14042 I LOGMANAGER: keyseq: HOME + VOLUMEUP  for domain is HCIDump
09-07 14:28:34.021 14042 14042 I LOGMANAGER: Domains parsing is done
01-01 00:03:37.011     0     0 W audit   : audit_lost=1216 audit_rate_limit=5 audit_backlog_limit=64
01-01 00:03:37.011     0     0 E audit   : rate limit exceeded
09-07 14:28:34.015 14042 14042 I vendor.harman.L: type=1400 audit(0.0:2741): avc: denied { dac_read_search } for capability=2 scontext=u:r:logmanagerd:s0 tcontext=u:r:logmanagerd:s0 tclass=capability permissive=1
09-07 14:28:34.015 14042 14042 I vendor.harman.L: type=1400 audit(0.0:2742): avc: denied { search } for name="cache" dev="dm-4" ino=262146 scontext=u:r:logmanagerd:s0 tcontext=u:object_r:cache_file:s0 tclass=dir permissive=1
09-07 14:28:34.015 14042 14042 I vendor.harman.L: type=1400 audit(0.0:2743): avc: denied { dac_override } for capability=1 scontext=u:r:logmanagerd:s0 tcontext=u:r:logmanagerd:s0 tclass=capability permissive=1
09-07 14:28:34.015 14042 14042 I vendor.harman.L: type=1400 audit(0.0:2744): avc: denied { write } for name="cache" dev="dm-4" ino=262146 scontext=u:r:logmanagerd:s0 tcontext=u:object_r:cache_file:s0 tclass=dir permissive=1
09-07 14:28:34.026 14042 14042 E LOGMANAGER: Failed to load plugin /vendor/lib64/libIOCDLogReader.so with error code dlopen failed: library "/vendor/lib64/libIOCDLogReader.so" not found 
09-07 14:28:34.026 14042 14042 F libc    : Fatal signal 11 (SIGSEGV), code 1 (SEGV_MAPERR), fault addr 0x0 in tid 14042 (vendor.harman.L), pid 14042 (vendor.harman.L)
09-07 14:28:34.035   512 13241 D HarmanHAL: StreamIn::getCapturePositionImpl
09-07 14:28:34.062 14046 14046 I crash_dump64: obtaining output fd from tombstoned, type: kDebuggerdTombstone
09-07 14:28:34.063   463   463 I tombstoned: received crash request for pid 14042
09-07 14:28:34.064 14046 14046 I crash_dump64: performing dump of process 14042 (target tid = 14042)
09-07 14:28:34.064   512 13241 I HarmanHal.Routing: hacs alsa node(pcmTunerIn_c) adtm interval_min:29 ms, inverval_max:40 ms, inverval_mean:31 ms!
09-07 14:28:34.064   512 13241 I HarmanHal.Routing:  in printADTM() PcmAlsaWrapper.cpp:876
09-07 14:28:34.066   512 13241 D HarmanHAL: StreamIn::getCapturePositionImpl
09-07 14:28:34.067 14046 14046 F DEBUG   : *** *** *** *** *** *** *** *** *** *** *** *** *** *** *** ***
09-07 14:28:34.067 14046 14046 F DEBUG   : Build fingerprint: 'qti/titan_tml_b2/titan_tml_b2:11/RQ3A.210605.005/eng.ksong.20210907.134230:userdebug/test-keys'
09-07 14:28:34.067 14046 14046 F DEBUG   : Revision: '0'
09-07 14:28:34.067 14046 14046 F DEBUG   : ABI: 'arm64'
09-07 14:28:34.068 14046 14046 F DEBUG   : Timestamp: 2021-09-07 14:28:34+0000
09-07 14:28:34.068 14046 14046 F DEBUG   : pid: 14042, tid: 14042, name: vendor.harman.L  >>> /vendor/bin/hw/vendor.harman.LogManager@1.0-service <<<
09-07 14:28:34.068 14046 14046 F DEBUG   : uid: 0
09-07 14:28:34.068 14046 14046 F DEBUG   : signal 11 (SIGSEGV), code 1 (SEGV_MAPERR), fault addr 0x0
09-07 14:28:34.068 14046 14046 F DEBUG   : Cause: null pointer dereference
09-07 14:28:34.069 14046 14046 F DEBUG   :     x0  0000000000000000  x1  0000000000000000  x2  0000000000080001  x3  0000000000000000
09-07 14:28:34.069 14046 14046 F DEBUG   :     x4  0000000000000000  x5  0000000000000090  x6  fefefefefefefeff  x7  7f7f7f7f7f7f7f7f
09-07 14:28:34.069 14046 14046 F DEBUG   :     x8  0101010101010101  x9  f5303e6e854e39e7  x10 0000007ff10e9a48  x11 fffffffffffffffd
09-07 14:28:34.069 14046 14046 F DEBUG   :     x12 0000007ff10e9bd0  x13 000000000000008e  x14 00016e35b475b800  x15 0000000034155555
09-07 14:28:34.069 14046 14046 F DEBUG   :     x16 000000619fda67e0  x17 00000078d8baab30  x18 00000078da3e2000  x19 0000000000000000
09-07 14:28:34.069 14046 14046 F DEBUG   :     x20 00000078d90ecc50  x21 0000007ff10ea2e9  x22 b4000077d8a5b568  x23 0000007ff10ea308
09-07 14:28:34.069 14046 14046 F DEBUG   :     x24 0000000000000000  x25 00000078d966f000  x26 0000007ff10ea2e9  x27 0000007ff10ea2b9
09-07 14:28:34.069 14046 14046 F DEBUG   :     x28 0000000000000000  x29 0000007ff10ea1f0
09-07 14:28:34.069 14046 14046 F DEBUG   :     lr  000000619fd9d048  sp  0000007ff10ea1f0  pc  00000078d8baab40  pst 0000000080000000
09-07 14:28:34.073 14046 14046 F DEBUG   : backtrace:
09-07 14:28:34.074 14046 14046 F DEBUG   :       #00 pc 000000000004ab40  /apex/com.android.runtime/lib64/bionic/libc.so (strlen_default+16) (BuildId: 2b7c6e33413ac7278a15dfc3ea383089)
09-07 14:28:34.074 14046 14046 F DEBUG   :       #01 pc 0000000000009044  /vendor/bin/hw/vendor.harman.LogManager@1.0-service (BuildId: 3e966ab64050b441b920ba0e8960d123)
09-07 14:28:34.074 14046 14046 F DEBUG   :       #02 pc 0000000000008df0  /vendor/bin/hw/vendor.harman.LogManager@1.0-service (LM::LogManagerImpl::load_plugin_conf(void*, std::__1::basic_string<char, std::__1::char_traits<char>, std::__1::allocator<char> >, std::__1::multimap<std::__1::basic_string<char, std::__1::char_traits<char>, std::__1::allocator<char> >, int, std::__1::less<std::__1::basic_string<char, std::__1::char_traits<char>, std::__1::allocator<char> > >, std::__1::allocator<std::__1::pair<std::__1::basic_string<char, std::__1::char_traits<char>, std::__1::allocator<char> > const, int> > >&)+752) (BuildId: 3e966ab64050b441b920ba0e8960d123)
09-07 14:28:34.074 14046 14046 F DEBUG   :       #03 pc 00000000000088c0  /vendor/bin/hw/vendor.harman.LogManager@1.0-service (LM::LogManagerImpl::loadplugins()+436) (BuildId: 3e966ab64050b441b920ba0e8960d123)
09-07 14:28:34.074 14046 14046 F DEBUG   :       #04 pc 0000000000007af8  /vendor/bin/hw/vendor.harman.LogManager@1.0-service (main+1112) (BuildId: 3e966ab64050b441b920ba0e8960d123)
09-07 14:28:34.074 14046 14046 F DEBUG   :       #05 pc 000000000004988c  /apex/com.android.runtime/lib64/bionic/libc.so (__libc_init+108) (BuildId: 2b7c6e33413ac7278a15dfc3ea383089)
09-07 14:28:34.095   512 13241 D HarmanHAL: StreamIn::getCapturePositionImpl
09-07 14:28:34.118   512 13158 D AudioProcessing: sseApply [handle 0xbc80d90][type 512] start..
09-07 14:28:34.118   512 13158 D AudioProcessing: sseProcess ul audioIO content print-1 [256] [2] [4] [1] 
09-07 14:28:34.118   512 13158 D AudioProcessing: sseProcess ul audioIO content print-2 [6] [1] [0x3bcbc5a0] [0x5bc7ede0] 
09-07 14:28:34.118   512 13158 D AudioProcessing: sseProcess ul audioIO content print-3 [0x1bca1320 [0x8bc84110] [0x1bc9f9b0] sse->pMain is [0x2bca4a60] 
09-07 14:28:34.119   512 13158 D AudioProcessing: sseProcess ul [handle 0xbc80d90]  ret[0]
09-07 14:28:34.119   512 13158 D AudioProcessing: sseProcess ul AudioBufferSampleCnt[256] type[512] finish..
09-07 14:28:34.125   512 13241 D HarmanHAL: StreamIn::getCapturePositionImpl
09-07 14:28:34.151  1033  1270 W NativeCrashListener: Couldn't find ProcessRecord for pid 14042
09-07 14:28:34.151 14046 14046 E crash_dump64: AM data write failed: Broken pipe
09-07 14:28:34.152   463   463 E tombstoned: Tombstone written to: /data/tombstones/tombstone_09
01-01 00:03:37.143     0     0 I init    : Untracked pid 14046 exited with status 0
09-07 14:28:34.154   512 13241 D HarmanHAL: StreamIn::getCapturePositionImpl
09-07 14:28:34.159  1033  1095 I BootReceiver: Copying /data/tombstones/tombstone_09 to DropBox (SYSTEM_TOMBSTONE)
09-07 14:28:34.162  1033  1095 I DropBoxManagerService: add tag=SYSTEM_TOMBSTONE isTagEnabled=true flags=0x2
09-07 14:28:34.194   512 13241 D HarmanHAL: StreamIn::getCapturePositionImpl
09-07 14:28:34.223   512 13169 D AudioProcessing: sseApply [handle 0xbc83090][type 768] start..
09-07 14:28:34.223   512 13169 D AudioProcessing: sseProcess dl audioIO content print-1 [256] [2] [1] [1] 
09-07 14:28:34.223   512 13169 D AudioProcessing: sseProcess dl audioIO content print-2 [1] [1] [0x0xb40000763bcc28d0] [0x0xb40000761bca6b00] 
09-07 14:28:34.223   512 13169 D AudioProcessing: sseProcess dl audioIO content print-3 [0x0xb40000761bca7fd0] [0x0xb40000761bcabe40] [0x0xb40000761bca5880] sse->pMain is [0x0xb40000772bcb4e80] 
09-07 14:28:34.224   512 13169 D AudioProcessing: sseProcess dl [handle 0xbc83090] ret[0]
09-07 14:28:34.224   512 13169 D AudioProcessing: sseProcess dl AudioBufferSampleCnt[256] type[768] finish..
09-07 14:28:34.225   512 13241 D HarmanHAL: StreamIn::getCapturePositionImpl
09-07 14:28:34.254   512 13241 D HarmanHAL: StreamIn::getCapturePositionImpl
09-07 14:28:34.280   512  3972 I HarmanHal.Routing: hacs alsa node(pcmMedia_p) adtm interval_min:1 ms, inverval_max:10 ms, inverval_mean:8 ms!
09-07 14:28:34.280   512  3972 I HarmanHal.Routing:  in printADTM() PcmAlsaWrapper.cpp:876
09-07 14:28:34.284   512 13241 D HarmanHAL: StreamIn::getCapturePositionImpl
09-07 14:28:34.445   512 13241 I chatty  : uid=1041(audioserver) reader identical 5 lines
09-07 14:28:34.475   512 13241 D HarmanHAL: StreamIn::getCapturePositionImpl
09-07 14:28:34.476   538   618 W ipcLib  : ipcLib: in ipc_lib. DV1 read called
09-07 14:28:34.514   512 13241 D HarmanHAL: StreamIn::getCapturePositionImpl
09-07 14:28:34.604   512 13241 I chatty  : uid=1041(audioserver) reader identical 3 lines
09-07 14:28:34.635   512 13241 D HarmanHAL: StreamIn::getCapturePositionImpl
09-07 14:28:34.653   536   612 E pathology: [ProcessCrashHandler:: parseTombstoneFileName]string not found
09-07 14:28:34.654   536   612 I chatty  : uid=0(root) vendor.harman.p identical 4 lines
09-07 14:28:34.654   536   612 E pathology: [ProcessCrashHandler:: parseTombstoneFileName]string not found
09-07 14:28:34.675   512 13241 D HarmanHAL: StreamIn::getCapturePositionImpl
09-07 14:28:34.704   512 13241 D HarmanHAL: StreamIn::getCapturePositionImpl
09-07 14:28:34.706   512 13133 I HarmanHal.Routing: hacs alsa node(pcmMicRefIn_c) adtm interval_min:0 ms, inverval_max:12 ms, inverval_mean:7 ms!
09-07 14:28:34.706   512 13133 I HarmanHal.Routing:  in printADTM() PcmAlsaWrapper.cpp:876
09-07 14:28:34.711   512 13159 I HarmanHal.Routing: hacs alsa node(pcmBtHfp_ul_pro_p) adtm interval_min:2 ms, inverval_max:12 ms, inverval_mean:7 ms!
09-07 14:28:34.711   512 13159 I HarmanHal.Routing:  in printADTM() PcmAlsaWrapper.cpp:876
09-07 14:28:34.734   512 13241 D HarmanHAL: StreamIn::getCapturePositionImpl
09-07 14:28:34.764   512 13241 I chatty  : uid=1041(audioserver) reader identical 1 line
09-07 14:28:34.795   512 13241 D HarmanHAL: StreamIn::getCapturePositionImpl
09-07 14:28:34.813   512 13169 I HarmanHal.Routing: hacs alsa node(pcmBtHfp_dl_pre_c) adtm interval_min:0 ms, inverval_max:11 ms, inverval_mean:7 ms!
09-07 14:28:34.813   512 13169 I HarmanHal.Routing:  in printADTM() PcmAlsaWrapper.cpp:876
09-07 14:28:34.814   512 13169 I HarmanHal.Routing: hacs alsa node(pcmHfp_dl_p) adtm interval_min:0 ms, inverval_max:11 ms, inverval_mean:7 ms!
09-07 14:28:34.814   512 13169 I HarmanHal.Routing:  in printADTM() PcmAlsaWrapper.cpp:876
09-07 14:28:34.834   512 13241 D HarmanHAL: StreamIn::getCapturePositionImpl
09-07 14:28:34.994   512 13241 I chatty  : uid=1041(audioserver) reader identical 5 lines
09-07 14:28:35.024   512 13241 D HarmanHAL: StreamIn::getCapturePositionImpl
09-07 14:28:35.054   512 13241 I HarmanHal.Routing: hacs alsa node(pcmTunerIn_c) adtm interval_min:29 ms, inverval_max:40 ms, inverval_mean:31 ms!
09-07 14:28:35.054   512 13241 I HarmanHal.Routing:  in printADTM() PcmAlsaWrapper.cpp:876
09-07 14:28:35.055   512 13241 D HarmanHAL: StreamIn::getCapturePositionImpl
09-07 14:28:35.084   512 13241 D HarmanHAL: StreamIn::getCapturePositionImpl
09-07 14:28:35.107   536   536 I vendor.harman.p: type=1400 audit(0.0:2762): avc: denied { create } for name="PROCCRASH_PF_1631024914.lz4" scontext=u:r:pathologyd:s0 tcontext=u:object_r:vendor_data_file:s0 tclass=file permissive=1
09-07 14:28:35.107   536   536 I vendor.harman.p: type=1400 audit(0.0:2763): avc: denied { write open } for path="/data/vendor/pathologyArchive/2/PROCCRASH_PF_1631024914.lz4" dev="dm-4" ino=49392 scontext=u:r:pathologyd:s0 tcontext=u:object_r:vendor_data_file:s0 tclass=file permissive=1
09-07 14:28:35.114   512 13241 D HarmanHAL: StreamIn::getCapturePositionImpl
09-07 14:28:35.244   512 13241 I chatty  : uid=1041(audioserver) reader identical 4 lines
09-07 14:28:35.274   512 13241 D HarmanHAL: StreamIn::getCapturePositionImpl
09-07 14:28:35.280   512  3972 I HarmanHal.Routing: hacs alsa node(pcmMedia_p) adtm interval_min:0 ms, inverval_max:11 ms, inverval_mean:8 ms!
09-07 14:28:35.280   512  3972 I HarmanHal.Routing:  in printADTM() PcmAlsaWrapper.cpp:876
09-07 14:28:35.315   512 13241 D HarmanHAL: StreamIn::getCapturePositionImpl
09-07 14:28:35.435   512 13241 I chatty  : uid=1041(audioserver) reader identical 4 lines
09-07 14:28:35.475   512 13241 D HarmanHAL: StreamIn::getCapturePositionImpl
09-07 14:28:35.476   538   618 W ipcLib  : ipcLib: in ipc_lib. DV1 read called
09-07 14:28:35.504   512 13241 D HarmanHAL: StreamIn::getCapturePositionImpl
09-07 14:28:35.664   512 13241 I chatty  : uid=1041(audioserver) reader identical 5 lines
09-07 14:28:35.695   512 13241 D HarmanHAL: StreamIn::getCapturePositionImpl
09-07 14:28:35.706   512 13133 I HarmanHal.Routing: hacs alsa node(pcmMicRefIn_c) adtm interval_min:0 ms, inverval_max:11 ms, inverval_mean:8 ms!
09-07 14:28:35.706   512 13133 I HarmanHal.Routing:  in printADTM() PcmAlsaWrapper.cpp:876
09-07 14:28:35.712   512 13159 I HarmanHal.Routing: hacs alsa node(pcmBtHfp_ul_pro_p) adtm interval_min:2 ms, inverval_max:12 ms, inverval_mean:8 ms!
09-07 14:28:35.712   512 13159 I HarmanHal.Routing:  in printADTM() PcmAlsaWrapper.cpp:876
09-07 14:28:35.718   512 13158 D AudioProcessing: sseApply [handle 0xbc80d90][type 512] start..
09-07 14:28:35.718   512 13158 D AudioProcessing: sseProcess ul audioIO content print-1 [256] [2] [4] [1] 
09-07 14:28:35.718   512 13158 D AudioProcessing: sseProcess ul audioIO content print-2 [6] [1] [0x3bcbc5a0] [0x5bc7ede0] 
09-07 14:28:35.718   512 13158 D AudioProcessing: sseProcess ul audioIO content print-3 [0x1bca1320 [0x8bc84110] [0x1bc9f9b0] sse->pMain is [0x2bca4a60] 
09-07 14:28:35.719   512 13158 D AudioProcessing: sseProcess ul [handle 0xbc80d90]  ret[0]
09-07 14:28:35.719   512 13158 D AudioProcessing: sseProcess ul AudioBufferSampleCnt[256] type[512] finish..
09-07 14:28:35.724   512 13241 D HarmanHAL: StreamIn::getCapturePositionImpl
09-07 14:28:35.754   512 13241 I chatty  : uid=1041(audioserver) reader identical 1 line
09-07 14:28:35.795   512 13241 D HarmanHAL: StreamIn::getCapturePositionImpl
09-07 14:28:35.814   512 13169 I HarmanHal.Routing: hacs alsa node(pcmBtHfp_dl_pre_c) adtm interval_min:0 ms, inverval_max:10 ms, inverval_mean:8 ms!
09-07 14:28:35.814   512 13169 I HarmanHal.Routing:  in printADTM() PcmAlsaWrapper.cpp:876
09-07 14:28:35.814   512 13169 I HarmanHal.Routing: hacs alsa node(pcmHfp_dl_p) adtm interval_min:0 ms, inverval_max:11 ms, inverval_mean:8 ms!
09-07 14:28:35.814   512 13169 I HarmanHal.Routing:  in printADTM() PcmAlsaWrapper.cpp:876
09-07 14:28:35.823   512 13169 D AudioProcessing: sseApply [handle 0xbc83090][type 768] start..
09-07 14:28:35.823   512 13169 D AudioProcessing: sseProcess dl audioIO content print-1 [256] [2] [1] [1] 
09-07 14:28:35.823   512 13169 D AudioProcessing: sseProcess dl audioIO content print-2 [1] [1] [0x0xb40000763bcc28d0] [0x0xb40000761bca6b00] 
09-07 14:28:35.823   512 13169 D AudioProcessing: sseProcess dl audioIO content print-3 [0x0xb40000761bca7fd0] [0x0xb40000761bcabe40] [0x0xb40000761bca5880] sse->pMain is [0x0xb40000772bcb4e80] 
09-07 14:28:35.824   512 13169 D AudioProcessing: sseProcess dl [handle 0xbc83090] ret[0]
09-07 14:28:35.824   512 13169 D AudioProcessing: sseProcess dl AudioBufferSampleCnt[256] type[768] finish..
09-07 14:28:35.825   512 13241 D HarmanHAL: StreamIn::getCapturePositionImpl
09-07 14:28:35.854   512 13241 D HarmanHAL: StreamIn::getCapturePositionImpl
09-07 14:28:35.872   532   569 W ipcLib  : ipcLib: in ipc_lib. DV1 read called
09-07 14:28:35.873   532   568 I VPS     : VPS:IOCStatusInfo.VoltageStatus->0 
09-07 14:28:35.873   532   568 I VPS     : VPS:IOCStatusInfo.IOCStatusCmd->a6 
09-07 14:28:35.873   532   568 I VPS     : VPS:IOCStatusInfo.WakeUpReason->0 
09-07 14:28:35.873   532   568 I VPS     : VPS:IOCStatusInfo.DerivedIgnitionStatus->0 
09-07 14:28:35.873   532   568 I VPS     : VPS:IOCStatusInfo.PowerModeState->4 
09-07 14:28:35.873   532   568 I VPS     : VPS:IOCStatusInfo.SOCShutdownRequest->0 
09-07 14:28:35.873   532   568 I VPS     : VPS:IOCStatusInfo.AntiTheftState->0 
09-07 14:28:35.873   532   568 I VPS     : VPS:IOCStatusInfo.BatteryConnect->0 
09-07 14:28:35.884   512 13241 D HarmanHAL: StreamIn::getCapturePositionImpl
09-07 14:28:35.985   512 13241 I chatty  : uid=1041(audioserver) reader identical 3 lines
09-07 14:28:36.014   512 13241 D HarmanHAL: StreamIn::getCapturePositionImpl
09-07 14:28:36.044   512 13241 I HarmanHal.Routing: hacs alsa node(pcmTunerIn_c) adtm interval_min:29 ms, inverval_max:41 ms, inverval_mean:31 ms!
09-07 14:28:36.044   512 13241 I HarmanHal.Routing:  in printADTM() PcmAlsaWrapper.cpp:876
09-07 14:28:36.045   512 13241 D HarmanHAL: StreamIn::getCapturePositionImpl
09-07 14:28:36.234   512 13241 I chatty  : uid=1041(audioserver) reader identical 6 lines
09-07 14:28:36.274   512 13241 D HarmanHAL: StreamIn::getCapturePositionImpl
09-07 14:28:36.280   512  3972 I HarmanHal.Routing: hacs alsa node(pcmMedia_p) adtm interval_min:1 ms, inverval_max:10 ms, inverval_mean:8 ms!
09-07 14:28:36.280   512  3972 I HarmanHal.Routing:  in printADTM() PcmAlsaWrapper.cpp:876
09-07 14:28:36.304   512 13241 D HarmanHAL: StreamIn::getCapturePositionImpl
09-07 14:28:36.435   512 13241 I chatty  : uid=1041(audioserver) reader identical 4 lines
09-07 14:28:36.464   512 13241 D HarmanHAL: StreamIn::getCapturePositionImpl
09-07 14:28:36.476   538   618 W ipcLib  : ipcLib: in ipc_lib. DV1 read called
09-07 14:28:36.495   512 13241 D HarmanHAL: StreamIn::getCapturePositionImpl
09-07 14:28:36.654   512 13241 I chatty  : uid=1041(audioserver) reader identical 5 lines
09-07 14:28:36.684   512 13241 D HarmanHAL: StreamIn::getCapturePositionImpl
09-07 14:28:36.706   512 13133 I HarmanHal.Routing: hacs alsa node(pcmMicRefIn_c) adtm interval_min:0 ms, inverval_max:11 ms, inverval_mean:8 ms!
09-07 14:28:36.706   512 13133 I HarmanHal.Routing:  in printADTM() PcmAlsaWrapper.cpp:876
09-07 14:28:36.711   512 13159 I HarmanHal.Routing: hacs alsa node(pcmBtHfp_ul_pro_p) adtm interval_min:2 ms, inverval_max:12 ms, inverval_mean:7 ms!
09-07 14:28:36.711   512 13159 I HarmanHal.Routing:  in printADTM() PcmAlsaWrapper.cpp:876
09-07 14:28:36.714   512 13241 D HarmanHAL: StreamIn::getCapturePositionImpl
09-07 14:28:36.754   512 13241 I chatty  : uid=1041(audioserver) reader identical 1 line
09-07 14:28:36.784   512 13241 D HarmanHAL: StreamIn::getCapturePositionImpl
09-07 14:28:36.813   512 13169 I HarmanHal.Routing: hacs alsa node(pcmBtHfp_dl_pre_c) adtm interval_min:0 ms, inverval_max:10 ms, inverval_mean:7 ms!
09-07 14:28:36.813   512 13169 I HarmanHal.Routing:  in printADTM() PcmAlsaWrapper.cpp:876
09-07 14:28:36.814   512 13241 D HarmanHAL: StreamIn::getCapturePositionImpl
09-07 14:28:36.815   512 13169 I HarmanHal.Routing: hacs alsa node(pcmHfp_dl_p) adtm interval_min:0 ms, inverval_max:11 ms, inverval_mean:8 ms!
09-07 14:28:36.815   512 13169 I HarmanHal.Routing:  in printADTM() PcmAlsaWrapper.cpp:876
09-07 14:28:36.845   512 13241 D HarmanHAL: StreamIn::getCapturePositionImpl
09-07 14:28:36.975   512 13241 I chatty  : uid=1041(audioserver) reader identical 4 lines
09-07 14:28:37.005   512 13241 D HarmanHAL: StreamIn::getCapturePositionImpl
09-07 14:28:37.034   512 13241 I HarmanHal.Routing: hacs alsa node(pcmTunerIn_c) adtm interval_min:29 ms, inverval_max:41 ms, inverval_mean:31 ms!
09-07 14:28:37.034   512 13241 I HarmanHal.Routing:  in printADTM() PcmAlsaWrapper.cpp:876
09-07 14:28:37.035   512 13241 D HarmanHAL: StreamIn::getCapturePositionImpl
09-07 14:28:37.234   512 13241 I chatty  : uid=1041(audioserver) reader identical 6 lines
09-07 14:28:37.264   512 13241 D HarmanHAL: StreamIn::getCapturePositionImpl
09-07 14:28:37.280   512  3972 I HarmanHal.Routing: hacs alsa node(pcmMedia_p) adtm interval_min:0 ms, inverval_max:10 ms, inverval_mean:8 ms!
09-07 14:28:37.280   512  3972 I HarmanHal.Routing:  in printADTM() PcmAlsaWrapper.cpp:876
09-07 14:28:37.294   512 13241 D HarmanHAL: StreamIn::getCapturePositionImpl
09-07 14:28:37.318   512 13158 D AudioProcessing: sseApply [handle 0xbc80d90][type 512] start..
09-07 14:28:37.318   512 13158 D AudioProcessing: sseProcess ul audioIO content print-1 [256] [2] [4] [1] 
09-07 14:28:37.318   512 13158 D AudioProcessing: sseProcess ul audioIO content print-2 [6] [1] [0x3bcbc5a0] [0x5bc7ede0] 
09-07 14:28:37.318   512 13158 D AudioProcessing: sseProcess ul audioIO content print-3 [0x1bca1320 [0x8bc84110] [0x1bc9f9b0] sse->pMain is [0x2bca4a60] 
09-07 14:28:37.319   512 13158 D AudioProcessing: sseProcess ul [handle 0xbc80d90]  ret[0]
09-07 14:28:37.319   512 13158 D AudioProcessing: sseProcess ul AudioBufferSampleCnt[256] type[512] finish..
09-07 14:28:37.324   512 13241 D HarmanHAL: StreamIn::getCapturePositionImpl
09-07 14:28:37.354   512 13241 I chatty  : uid=1041(audioserver) reader identical 1 line
09-07 14:28:37.395   512 13241 D HarmanHAL: StreamIn::getCapturePositionImpl
09-07 14:28:37.423   512 13169 D AudioProcessing: sseApply [handle 0xbc83090][type 768] start..
09-07 14:28:37.423   512 13169 D AudioProcessing: sseProcess dl audioIO content print-1 [256] [2] [1] [1] 
09-07 14:28:37.423   512 13169 D AudioProcessing: sseProcess dl audioIO content print-2 [1] [1] [0x0xb40000763bcc28d0] [0x0xb40000761bca6b00] 
09-07 14:28:37.423   512 13169 D AudioProcessing: sseProcess dl audioIO content print-3 [0x0xb40000761bca7fd0] [0x0xb40000761bcabe40] [0x0xb40000761bca5880] sse->pMain is [0x0xb40000772bcb4e80] 
09-07 14:28:37.424   512 13169 D AudioProcessing: sseProcess dl [handle 0xbc83090] ret[0]
09-07 14:28:37.424   512 13169 D AudioProcessing: sseProcess dl AudioBufferSampleCnt[256] type[768] finish..
09-07 14:28:37.424   512 13241 D HarmanHAL: StreamIn::getCapturePositionImpl
09-07 14:28:37.454   512 13241 D HarmanHAL: StreamIn::getCapturePositionImpl
09-07 14:28:37.455   345   345 I Binder:345_2: type=1400 audit(0.0:2764): avc: denied { call } for scontext=u:r:carwatchdogd:s0 tcontext=u:r:hal_audio_default:s0 tclass=binder permissive=1
09-07 14:28:37.461   512   512 E android.hardware.audio@6.0-harman-service: [CXmlParser]: nodeset is empty for xpath: /audioConfiguration/EnableWatchdog
09-07 14:28:37.461   512   512 E android.hardware.audio@6.0-harman-service: [CXmlParser::GetOneEleValue] Xpath object is NULL. XPath: /audioConfiguration/EnableWatchdog
09-07 14:28:37.461   512   512 W HarmanHal: ConfigSettings::GetOneEleValue Error while reading the path /audioConfiguration/EnableWatchdog
09-07 14:28:37.461   512   512 W HarmanHal: ConfigSettings::GetOneEleValue Error in checkifWatchdogTobeEnabled
09-07 14:28:37.461   512   512 I HarmanHal: WatchdogClient::isClientHealthy, Value Of checkifWatchdogTobeEnabled:0
09-07 14:28:37.476   538   618 W ipcLib  : ipcLib: in ipc_lib. DV1 read called
09-07 14:28:37.484   512 13241 D HarmanHAL: StreamIn::getCapturePositionImpl
09-07 14:28:37.644   512 13241 I chatty  : uid=1041(audioserver) reader identical 5 lines
09-07 14:28:37.674   512 13241 D HarmanHAL: StreamIn::getCapturePositionImpl
09-07 14:28:37.706   512 13133 I HarmanHal.Routing: hacs alsa node(pcmMicRefIn_c) adtm interval_min:0 ms, inverval_max:10 ms, inverval_mean:8 ms!
09-07 14:28:37.706   512 13133 I HarmanHal.Routing:  in printADTM() PcmAlsaWrapper.cpp:876
09-07 14:28:37.712   512 13159 I HarmanHal.Routing: hacs alsa node(pcmBtHfp_ul_pro_p) adtm interval_min:2 ms, inverval_max:12 ms, inverval_mean:8 ms!
09-07 14:28:37.712   512 13159 I HarmanHal.Routing:  in printADTM() PcmAlsaWrapper.cpp:876
09-07 14:28:37.714   512 13241 D HarmanHAL: StreamIn::getCapturePositionImpl
09-07 14:28:37.774   512 13241 I chatty  : uid=1041(audioserver) reader identical 2 lines
09-07 14:28:37.805   512 13241 D HarmanHAL: StreamIn::getCapturePositionImpl
09-07 14:28:37.814   512 13169 I HarmanHal.Routing: hacs alsa node(pcmBtHfp_dl_pre_c) adtm interval_min:0 ms, inverval_max:10 ms, inverval_mean:8 ms!
09-07 14:28:37.814   512 13169 I HarmanHal.Routing:  in printADTM() PcmAlsaWrapper.cpp:876
09-07 14:28:37.815   512 13169 I HarmanHal.Routing: hacs alsa node(pcmHfp_dl_p) adtm interval_min:0 ms, inverval_max:11 ms, inverval_mean:8 ms!
09-07 14:28:37.815   512 13169 I HarmanHal.Routing:  in printADTM() PcmAlsaWrapper.cpp:876
09-07 14:28:37.834   512 13241 D HarmanHAL: StreamIn::getCapturePositionImpl
09-07 14:28:37.934   512 13241 I chatty  : uid=1041(audioserver) reader identical 3 lines
09-07 14:28:37.966   512 13241 D HarmanHAL: StreamIn::getCapturePositionImpl
09-07 14:28:37.968   532   569 W ipcLib  : ipcLib: in ipc_lib. DV1 read called
09-07 14:28:37.969   532   568 I VPS     : VPS:IOCStatusInfo.VoltageStatus->0 
09-07 14:28:37.969   532   568 I VPS     : VPS:IOCStatusInfo.IOCStatusCmd->a6 
09-07 14:28:37.969   532   568 I VPS     : VPS:IOCStatusInfo.WakeUpReason->0 
09-07 14:28:37.969   532   568 I VPS     : VPS:IOCStatusInfo.DerivedIgnitionStatus->0 
09-07 14:28:37.969   532   568 I VPS     : VPS:IOCStatusInfo.PowerModeState->4 
09-07 14:28:37.969   532   568 I VPS     : VPS:IOCStatusInfo.SOCShutdownRequest->0 
09-07 14:28:37.969   532   568 I VPS     : VPS:IOCStatusInfo.AntiTheftState->0 
09-07 14:28:37.969   532   568 I VPS     : VPS:IOCStatusInfo.BatteryConnect->0 
09-07 14:28:37.994   512 13241 D HarmanHAL: StreamIn::getCapturePositionImpl
09-07 14:28:38.034   512 13241 I HarmanHal.Routing: hacs alsa node(pcmTunerIn_c) adtm interval_min:29 ms, inverval_max:41 ms, inverval_mean:32 ms!
09-07 14:28:38.034   512 13241 I HarmanHal.Routing:  in printADTM() PcmAlsaWrapper.cpp:876
09-07 14:28:38.035   512 13241 D HarmanHAL: StreamIn::getCapturePositionImpl
09-07 14:28:38.224   512 13241 I chatty  : uid=1041(audioserver) reader identical 6 lines
09-07 14:28:38.254   512 13241 D HarmanHAL: StreamIn::getCapturePositionImpl
09-07 14:28:38.280   512  3972 I HarmanHal.Routing: hacs alsa node(pcmMedia_p) adtm interval_min:0 ms, inverval_max:10 ms, inverval_mean:8 ms!
09-07 14:28:38.280   512  3972 I HarmanHal.Routing:  in printADTM() PcmAlsaWrapper.cpp:876
09-07 14:28:38.284   512 13241 D HarmanHAL: StreamIn::getCapturePositionImpl
09-07 14:28:38.444   512 13241 I chatty  : uid=1041(audioserver) reader identical 5 lines
09-07 14:28:38.474   512 13241 D HarmanHAL: StreamIn::getCapturePositionImpl
09-07 14:28:38.476   538   618 W ipcLib  : ipcLib: in ipc_lib. DV1 read called
09-07 14:28:38.514   512 13241 D HarmanHAL: StreamIn::getCapturePositionImpl
09-07 14:28:38.675   512 13241 I chatty  : uid=1041(audioserver) reader identical 5 lines
09-07 14:28:38.705   512 13241 D HarmanHAL: StreamIn::getCapturePositionImpl
09-07 14:28:38.706   512 13133 I HarmanHal.Routing: hacs alsa node(pcmMicRefIn_c) adtm interval_min:0 ms, inverval_max:12 ms, inverval_mean:8 ms!
09-07 14:28:38.706   512 13133 I HarmanHal.Routing:  in printADTM() PcmAlsaWrapper.cpp:876
09-07 14:28:38.711   512 13159 I HarmanHal.Routing: hacs alsa node(pcmBtHfp_ul_pro_p) adtm interval_min:2 ms, inverval_max:13 ms, inverval_mean:8 ms!
09-07 14:28:38.711   512 13159 I HarmanHal.Routing:  in printADTM() PcmAlsaWrapper.cpp:876
09-07 14:28:38.734   512 13241 D HarmanHAL: StreamIn::getCapturePositionImpl
09-07 14:28:38.764   512 13241 I chatty  : uid=1041(audioserver) reader identical 1 line
09-07 14:28:38.795   512 13241 D HarmanHAL: StreamIn::getCapturePositionImpl
09-07 14:28:38.797   911  4981 D BufferPoolAccessor2.0: bufferpool2 0xb400007205c6d498 : 2(1048576 size) total buffers - 1(524288 size) used buffers - 2602/2612 (recycle/alloc) - 23/2612 (fetch/transfer)
09-07 14:28:38.813   512 13169 I HarmanHal.Routing: hacs alsa node(pcmBtHfp_dl_pre_c) adtm interval_min:0 ms, inverval_max:10 ms, inverval_mean:7 ms!
09-07 14:28:38.813   512 13169 I HarmanHal.Routing:  in printADTM() PcmAlsaWrapper.cpp:876
09-07 14:28:38.815   512 13169 I HarmanHal.Routing: hacs alsa node(pcmHfp_dl_p) adtm interval_min:0 ms, inverval_max:12 ms, inverval_mean:8 ms!
09-07 14:28:38.815   512 13169 I HarmanHal.Routing:  in printADTM() PcmAlsaWrapper.cpp:876
09-07 14:28:38.835   512 13241 D HarmanHAL: StreamIn::getCapturePositionImpl
09-07 14:28:38.864   512 13241 I chatty  : uid=1041(audioserver) reader identical 1 line
09-07 14:28:38.894   512 13241 D HarmanHAL: StreamIn::getCapturePositionImpl
09-07 14:28:38.918   512 13158 D AudioProcessing: sseApply [handle 0xbc80d90][type 512] start..
09-07 14:28:38.918   512 13158 D AudioProcessing: sseProcess ul audioIO content print-1 [256] [2] [4] [1] 
09-07 14:28:38.918   512 13158 D AudioProcessing: sseProcess ul audioIO content print-2 [6] [1] [0x3bcbc5a0] [0x5bc7ede0] 
09-07 14:28:38.918   512 13158 D AudioProcessing: sseProcess ul audioIO content print-3 [0x1bca1320 [0x8bc84110] [0x1bc9f9b0] sse->pMain is [0x2bca4a60] 
09-07 14:28:38.919   512 13158 D AudioProcessing: sseProcess ul [handle 0xbc80d90]  ret[0]
09-07 14:28:38.919   512 13158 D AudioProcessing: sseProcess ul AudioBufferSampleCnt[256] type[512] finish..
09-07 14:28:38.924   512 13241 D HarmanHAL: StreamIn::getCapturePositionImpl
01-01 00:03:41.961     0     0 I init    : starting service 'qccsyshalservice'...
01-01 00:03:41.970     0     0 I init    : starting service 'vendor.sensors-hal-1-0'...
01-01 00:03:41.983     0     0 I init    : starting service 'LogManager'...
09-07 14:28:38.954   512 13241 I chatty  : uid=1041(audioserver) reader identical 1 line
09-07 14:28:38.995   512 13241 D HarmanHAL: StreamIn::getCapturePositionImpl
09-07 14:28:39.000   532   569 I VPS     : VPS:VehiclePlatformSOCHeartBeatHandler IVI HeartBeat sent successfully SOCHeartBeatInfo.SOCStatus->2
09-07 14:28:39.000   532   569 W ipcLib  : ipcLib: in ipc_lib. DV1 write called
09-07 14:28:39.002 14210 14210 I qccsyshalservice: Start with system binder
09-07 14:28:39.002   532   569 W ipcLib  : ipcLib: in ipc_lib. DV1 read called
09-07 14:28:39.003 14210 14210 I qccsyshalservice: Registering qccsyshal service...
09-07 14:28:39.004   376   376 I hwservicemanager: getTransport: Cannot find entry vendor.qti.hardware.qccsyshal@1.0::IQccsyshal/qccsyshal in either framework or device manifest.
09-07 14:28:39.005 14210 14210 E HidlServiceManagement: Service vendor.qti.hardware.qccsyshal@1.0::IQccsyshal/qccsyshal must be in VINTF manifest in order to register/get.
09-07 14:28:39.005 14210 14210 E qccsyshalservice: [ERROR] registerAsService() failed with status: -2147483648
01-01 00:03:41.996     0     0 I init    : Service 'qccsyshalservice' (pid 14210) exited with status 1
01-01 00:03:41.996     0     0 I init    : Sending signal 9 to service 'qccsyshalservice' (pid 14210) process group...
01-01 00:03:41.997     0     0 I libprocessgroup: Successfully killed process cgroup uid 1000 pid 14210 in 0ms
09-07 14:28:39.017   376   376 I hwservicemanager: getTransport: Cannot find entry android.hardware.sensors@1.0::ISensors/default in either framework or device manifest.
09-07 14:28:39.019 14214 14214 E android.hardware.sensors@1.0-service: Couldn't load sensors module (Unknown error -2147483648)
09-07 14:28:39.019 14214 14214 D RefBase : RefBase: Explicit destruction, weak count = 0 (in 0xb400007b19550a68)
09-07 14:28:39.019 14214 14214 W RefBase : CallStack::getCurrentInternal not linked, returning null
09-07 14:28:39.019 14214 14214 W RefBase : CallStack::logStackInternal not linked
09-07 14:28:39.020 14214 14214 E LegacySupport: Could not get passthrough implementation for android.hardware.sensors@1.0::ISensors/default.
09-07 14:28:39.022 14215 14215 D LOGMANAGER: LOGMANAGER HAL service init() start
09-07 14:28:39.023 14215 14215 D LOGMANAGER: Logmanager configured rpcthreadpool
09-07 14:28:39.023   512 13169 D AudioProcessing: sseApply [handle 0xbc83090][type 768] start..
09-07 14:28:39.023   512 13169 D AudioProcessing: sseProcess dl audioIO content print-1 [256] [2] [1] [1] 
09-07 14:28:39.023   512 13169 D AudioProcessing: sseProcess dl audioIO content print-2 [1] [1] [0x0xb40000763bcc28d0] [0x0xb40000761bca6b00] 
09-07 14:28:39.023   512 13169 D AudioProcessing: sseProcess dl audioIO content print-3 [0x0xb40000761bca7fd0] [0x0xb40000761bcabe40] [0x0xb40000761bca5880] sse->pMain is [0x0xb40000772bcb4e80] 
09-07 14:28:39.019 14215 14215 I vendor.harman.L: type=1400 audit(0.0:2765): avc: denied { read } for name="u:object_r:hwservicemanager_prop:s0" dev="tmpfs" ino=24519 scontext=u:r:logmanagerd:s0 tcontext=u:object_r:hwservicemanager_prop:s0 tclass=file permissive=1
09-07 14:28:39.019 14215 14215 I vendor.harman.L: type=1400 audit(0.0:2766): avc: denied { open } for path="/dev/__properties__/u:object_r:hwservicemanager_prop:s0" dev="tmpfs" ino=24519 scontext=u:r:logmanagerd:s0 tcontext=u:object_r:hwservicemanager_prop:s0 tclass=file permissive=1
09-07 14:28:39.019 14215 14215 I vendor.harman.L: type=1400 audit(0.0:2767): avc: denied { getattr } for path="/dev/__properties__/u:object_r:hwservicemanager_prop:s0" dev="tmpfs" ino=24519 scontext=u:r:logmanagerd:s0 tcontext=u:object_r:hwservicemanager_prop:s0 tclass=file permissive=1
09-07 14:28:39.019 14215 14215 I vendor.harman.L: type=1400 audit(0.0:2768): avc: denied { map } for path="/dev/__properties__/u:object_r:hwservicemanager_prop:s0" dev="tmpfs" ino=24519 scontext=u:r:logmanagerd:s0 tcontext=u:object_r:hwservicemanager_prop:s0 tclass=file permissive=1
01-01 00:03:42.011     0     0 I init    : Service 'vendor.sensors-hal-1-0' (pid 14214) exited with status 1
09-07 14:28:39.024   512 13169 D AudioProcessing: sseProcess dl [handle 0xbc83090] ret[0]
09-07 14:28:39.024   512 13169 D AudioProcessing: sseProcess dl AudioBufferSampleCnt[256] type[768] finish..
09-07 14:28:39.024   512 13241 I HarmanHal.Routing: hacs alsa node(pcmTunerIn_c) adtm interval_min:30 ms, inverval_max:40 ms, inverval_mean:31 ms!
09-07 14:28:39.024   512 13241 I HarmanHal.Routing:  in printADTM() PcmAlsaWrapper.cpp:876
09-07 14:28:39.025   512 13241 D HarmanHAL: StreamIn::getCapturePositionImpl
01-01 00:03:42.011     0     0 I init    : Sending signal 9 to service 'vendor.sensors-hal-1-0' (pid 14214) process group...
01-01 00:03:42.012     0     0 I libprocessgroup: Successfully killed process cgroup uid 1000 pid 14214 in 0ms
09-07 14:28:39.027 14215 14215 I HidlServiceManagement: Registered vendor.harman.hardware.LogManager@1.0::ILogManager/default
09-07 14:28:39.027 14215 14215 D LOGMANAGER: Logmanager HAL Service is registered and ready
09-07 14:28:39.027 14215 14215 I LOGMANAGER: ThreadPoolWrapper::initThreadPool
09-07 14:28:39.027 14215 14215 I LOGMANAGER: ThreadPoolWrapper : exit
09-07 14:28:39.027 14215 14215 D LOGMANAGER: Logmanager threadpoolwrapper created
09-07 14:28:39.027 14215 14215 D LOGMANAGER: User argument is -c
09-07 14:28:39.027 14215 14216 I LOGMANAGER: ThreadPoolWrapper:  enter the joinRpcThreadpool()
09-07 14:28:39.028 14215 14215 I LOGMANAGER: LogmanagerConfig is configured under config file
09-07 14:28:39.028 14215 14215 I LOGMANAGER: LoggingLevel is : 4
09-07 14:28:39.028 14215 14215 I LOGMANAGER: LogEnableState is : 0
09-07 14:28:39.028 14215 14215 I LOGMANAGER: OutputPluginConfiguration PluginType : LOGWRITTER
09-07 14:28:39.028 14215 14215 I LOGMANAGER: LM_OutputConfiguration : 1
09-07 14:28:39.028 14215 14215 I LOGMANAGER: LM_OfflineTraceDirectory : /data/cache
09-07 14:28:39.028 14215 14215 I LOGMANAGER: LM_OfflineTraceFILESize : 1000000
09-07 14:28:39.028 14215 14215 I LOGMANAGER: LM_OfflineTotalFILESSize : 20000000
09-07 14:28:39.028 14215 14215 I LOGMANAGER: LM_FileNameTimeStampBased : 0
09-07 14:28:39.028 14215 14215 I LOGMANAGER: Got IOC plugin
09-07 14:28:39.028 14215 14215 I LOGMANAGER: IOCIPCChannelNumber :6
09-07 14:28:39.028 14215 14215 I LOGMANAGER: keyseq: HOME + VOLUMEDOWN  for domain is AudioDump
09-07 14:28:39.028 14215 14215 I LOGMANAGER: keyseq: HOME + VOLUMEUP  for domain is HCIDump
09-07 14:28:39.028 14215 14215 I LOGMANAGER: Domains parsing is done
09-07 14:28:39.023 14215 14215 I vendor.harman.L: type=1400 audit(0.0:2769): avc: denied { dac_read_search } for capability=2 scontext=u:r:logmanagerd:s0 tcontext=u:r:logmanagerd:s0 tclass=capability permissive=1
01-01 00:03:42.018     0     0 W audit   : audit_lost=1233 audit_rate_limit=5 audit_backlog_limit=64
01-01 00:03:42.018     0     0 E audit   : rate limit exceeded
09-07 14:28:39.023 14215 14215 I vendor.harman.L: type=1400 audit(0.0:2770): avc: denied { search } for name="cache" dev="dm-4" ino=262146 scontext=u:r:logmanagerd:s0 tcontext=u:object_r:cache_file:s0 tclass=dir permissive=1
09-07 14:28:39.023 14215 14215 I vendor.harman.L: type=1400 audit(0.0:2771): avc: denied { dac_override } for capability=1 scontext=u:r:logmanagerd:s0 tcontext=u:r:logmanagerd:s0 tclass=capability permissive=1
09-07 14:28:39.033 14215 14215 E LOGMANAGER: Failed to load plugin /vendor/lib64/libIOCDLogReader.so with error code dlopen failed: library "/vendor/lib64/libIOCDLogReader.so" not found 
09-07 14:28:39.033 14215 14215 F libc    : Fatal signal 11 (SIGSEGV), code 1 (SEGV_MAPERR), fault addr 0x0 in tid 14215 (vendor.harman.L), pid 14215 (vendor.harman.L)
09-07 14:28:39.054   512 13241 D HarmanHAL: StreamIn::getCapturePositionImpl
09-07 14:28:39.068 14219 14219 I crash_dump64: obtaining output fd from tombstoned, type: kDebuggerdTombstone
09-07 14:28:39.069   463   463 I tombstoned: received crash request for pid 14215
09-07 14:28:39.070 14219 14219 I crash_dump64: performing dump of process 14215 (target tid = 14215)
09-07 14:28:39.076 14219 14219 F DEBUG   : *** *** *** *** *** *** *** *** *** *** *** *** *** *** *** ***
09-07 14:28:39.076 14219 14219 F DEBUG   : Build fingerprint: 'qti/titan_tml_b2/titan_tml_b2:11/RQ3A.210605.005/eng.ksong.20210907.134230:userdebug/test-keys'
09-07 14:28:39.077 14219 14219 F DEBUG   : Revision: '0'
09-07 14:28:39.077 14219 14219 F DEBUG   : ABI: 'arm64'
09-07 14:28:39.079 14219 14219 F DEBUG   : Timestamp: 2021-09-07 14:28:39+0000
09-07 14:28:39.079 14219 14219 F DEBUG   : pid: 14215, tid: 14215, name: vendor.harman.L  >>> /vendor/bin/hw/vendor.harman.LogManager@1.0-service <<<
09-07 14:28:39.080 14219 14219 F DEBUG   : uid: 0
09-07 14:28:39.080 14219 14219 F DEBUG   : signal 11 (SIGSEGV), code 1 (SEGV_MAPERR), fault addr 0x0
09-07 14:28:39.080 14219 14219 F DEBUG   : Cause: null pointer dereference
09-07 14:28:39.080 14219 14219 F DEBUG   :     x0  0000000000000000  x1  0000000000000000  x2  0000000000080001  x3  0000000000000000
09-07 14:28:39.081 14219 14219 F DEBUG   :     x4  0000000000000000  x5  0000000000000090  x6  fefefefefefefeff  x7  7f7f7f7f7f7f7f7f
09-07 14:28:39.081 14219 14219 F DEBUG   :     x8  0101010101010101  x9  444a3c1685b8eda9  x10 0000007fe67c1ab8  x11 fffffffffffffffd
09-07 14:28:39.081 14219 14219 F DEBUG   :     x12 0000007fe67c1c40  x13 000000000000008e  x14 0001ab3eb28d0c00  x15 0000000034155555
09-07 14:28:39.081 14219 14219 F DEBUG   :     x16 00000056a5d017e0  x17 000000727c552b30  x18 000000727d2c6000  x19 0000000000000000
09-07 14:28:39.082 14219 14219 F DEBUG   :     x20 000000727c371c50  x21 0000007fe67c2359  x22 b40000717c16b248  x23 0000007fe67c2378
09-07 14:28:39.082 14219 14219 F DEBUG   :     x24 0000000000000000  x25 000000727cdb5000  x26 0000007fe67c2359  x27 0000007fe67c2329
09-07 14:28:39.082 14219 14219 F DEBUG   :     x28 0000000000000000  x29 0000007fe67c2260
09-07 14:28:39.082 14219 14219 F DEBUG   :     lr  00000056a5cf8048  sp  0000007fe67c2260  pc  000000727c552b40  pst 0000000080000000
09-07 14:28:39.084   512 13241 D HarmanHAL: StreamIn::getCapturePositionImpl
09-07 14:28:39.086 14219 14219 F DEBUG   : backtrace:
09-07 14:28:39.087 14219 14219 F DEBUG   :       #00 pc 000000000004ab40  /apex/com.android.runtime/lib64/bionic/libc.so (strlen_default+16) (BuildId: 2b7c6e33413ac7278a15dfc3ea383089)
09-07 14:28:39.087 14219 14219 F DEBUG   :       #01 pc 0000000000009044  /vendor/bin/hw/vendor.harman.LogManager@1.0-service (BuildId: 3e966ab64050b441b920ba0e8960d123)
09-07 14:28:39.087 14219 14219 F DEBUG   :       #02 pc 0000000000008df0  /vendor/bin/hw/vendor.harman.LogManager@1.0-service (LM::LogManagerImpl::load_plugin_conf(void*, std::__1::basic_string<char, std::__1::char_traits<char>, std::__1::allocator<char> >, std::__1::multimap<std::__1::basic_string<char, std::__1::char_traits<char>, std::__1::allocator<char> >, int, std::__1::less<std::__1::basic_string<char, std::__1::char_traits<char>, std::__1::allocator<char> > >, std::__1::allocator<std::__1::pair<std::__1::basic_string<char, std::__1::char_traits<char>, std::__1::allocator<char> > const, int> > >&)+752) (BuildId: 3e966ab64050b441b920ba0e8960d123)
09-07 14:28:39.087 14219 14219 F DEBUG   :       #03 pc 00000000000088c0  /vendor/bin/hw/vendor.harman.LogManager@1.0-service (LM::LogManagerImpl::loadplugins()+436) (BuildId: 3e966ab64050b441b920ba0e8960d123)
09-07 14:28:39.087 14219 14219 F DEBUG   :       #04 pc 0000000000007af8  /vendor/bin/hw/vendor.harman.LogManager@1.0-service (main+1112) (BuildId: 3e966ab64050b441b920ba0e8960d123)
09-07 14:28:39.087 14219 14219 F DEBUG   :       #05 pc 000000000004988c  /apex/com.android.runtime/lib64/bionic/libc.so (__libc_init+108) (BuildId: 2b7c6e33413ac7278a15dfc3ea383089)
01-01 00:03:42.098     0     0 D logd    : logdr: UID=0 GID=1000 PID=14219 n tail=50 logMask=8 pid=14215 start=0ns timeout=0ns
01-01 00:03:42.106     0     0 D logd    : logdr: UID=0 GID=1000 PID=14219 n tail=50 logMask=1 pid=14215 start=0ns timeout=0ns
09-07 14:28:39.156  1033  1270 W NativeCrashListener: Couldn't find ProcessRecord for pid 14215
09-07 14:28:39.115   512 13241 I chatty  : uid=1041(audioserver) reader identical 1 line
09-07 14:28:39.155   512 13241 D HarmanHAL: StreamIn::getCapturePositionImpl
09-07 14:28:39.156 14219 14219 E crash_dump64: AM data write failed: Broken pipe
01-01 00:03:42.149     0     0 I init    : Service 'LogManager' (pid 14215) received signal 11
09-07 14:28:39.157   463   463 E tombstoned: Tombstone written to: /data/tombstones/tombstone_10
09-07 14:28:39.165  1033  1095 I BootReceiver: Copying /data/tombstones/tombstone_10 to DropBox (SYSTEM_TOMBSTONE)
09-07 14:28:39.169  1033  1095 I DropBoxManagerService: add tag=SYSTEM_TOMBSTONE isTagEnabled=true flags=0x2
09-07 14:28:39.184   512 13241 D HarmanHAL: StreamIn::getCapturePositionImpl
09-07 14:28:39.244   512 13241 I chatty  : uid=1041(audioserver) reader identical 2 lines
09-07 14:28:39.275   512 13241 D HarmanHAL: StreamIn::getCapturePositionImpl
09-07 14:28:39.280   512  3972 I HarmanHal.Routing: hacs alsa node(pcmMedia_p) adtm interval_min:1 ms, inverval_max:10 ms, inverval_mean:8 ms!
09-07 14:28:39.280   512  3972 I HarmanHal.Routing:  in printADTM() PcmAlsaWrapper.cpp:876
09-07 14:28:39.314   512 13241 D HarmanHAL: StreamIn::getCapturePositionImpl
09-07 14:28:39.434   512 13241 I chatty  : uid=1041(audioserver) reader identical 4 lines
09-07 14:28:39.474   512 13241 D HarmanHAL: StreamIn::getCapturePositionImpl
09-07 14:28:39.476   538   618 W ipcLib  : ipcLib: in ipc_lib. DV1 read called
09-07 14:28:39.504   512 13241 D HarmanHAL: StreamIn::getCapturePositionImpl
09-07 14:28:39.595   512 13241 I chatty  : uid=1041(audioserver) reader identical 3 lines
09-07 14:28:39.635   512 13241 D HarmanHAL: StreamIn::getCapturePositionImpl
09-07 14:28:39.658   536   612 E pathology: [ProcessCrashHandler:: parseTombstoneFileName]string not found
09-07 14:28:39.659   536   612 I chatty  : uid=0(root) vendor.harman.p identical 4 lines
09-07 14:28:39.659   536   612 E pathology: [ProcessCrashHandler:: parseTombstoneFileName]string not found
09-07 14:28:39.665   512 13241 D HarmanHAL: StreamIn::getCapturePositionImpl
09-07 14:28:39.695   512 13241 D HarmanHAL: StreamIn::getCapturePositionImpl
09-07 14:28:39.706   512 13133 I HarmanHal.Routing: hacs alsa node(pcmMicRefIn_c) adtm interval_min:0 ms, inverval_max:11 ms, inverval_mean:8 ms!
09-07 14:28:39.706   512 13133 I HarmanHal.Routing:  in printADTM() PcmAlsaWrapper.cpp:876
09-07 14:28:39.711   512 13159 I HarmanHal.Routing: hacs alsa node(pcmBtHfp_ul_pro_p) adtm interval_min:2 ms, inverval_max:12 ms, inverval_mean:8 ms!
09-07 14:28:39.711   512 13159 I HarmanHal.Routing:  in printADTM() PcmAlsaWrapper.cpp:876
09-07 14:28:39.724   512 13241 D HarmanHAL: StreamIn::getCapturePositionImpl
09-07 14:28:39.740   537   722 I TunerCommon: CTunerTimer::startTimer: altMsecTimeout = 15000
09-07 14:28:39.740   537   711 W TunerCommon: EventThd::run:deliverEvent: OK
09-07 14:28:39.754   512 13241 D HarmanHAL: StreamIn::getCapturePositionImpl
09-07 14:28:39.795   512 13241 D HarmanHAL: StreamIn::getCapturePositionImpl
09-07 14:28:39.814   512 13169 I HarmanHal.Routing: hacs alsa node(pcmBtHfp_dl_pre_c) adtm interval_min:0 ms, inverval_max:10 ms, inverval_mean:8 ms!
09-07 14:28:39.814   512 13169 I HarmanHal.Routing:  in printADTM() PcmAlsaWrapper.cpp:876
09-07 14:28:39.815   512 13169 I HarmanHal.Routing: hacs alsa node(pcmHfp_dl_p) adtm interval_min:0 ms, inverval_max:11 ms, inverval_mean:8 ms!
09-07 14:28:39.815   512 13169 I HarmanHal.Routing:  in printADTM() PcmAlsaWrapper.cpp:876
09-07 14:28:39.824   512 13241 D HarmanHAL: StreamIn::getCapturePositionImpl
09-07 14:28:39.955   512 13241 I chatty  : uid=1041(audioserver) reader identical 4 lines
09-07 14:28:39.984   512 13241 D HarmanHAL: StreamIn::getCapturePositionImpl
09-07 14:28:40.014   512 13241 I HarmanHal.Routing: hacs alsa node(pcmTunerIn_c) adtm interval_min:29 ms, inverval_max:40 ms, inverval_mean:31 ms!
09-07 14:28:40.014   512 13241 I HarmanHal.Routing:  in printADTM() PcmAlsaWrapper.cpp:876
09-07 14:28:40.014   512 13241 D HarmanHAL: StreamIn::getCapturePositionImpl
09-07 14:28:40.045   512 13241 D HarmanHAL: StreamIn::getCapturePositionImpl
09-07 14:28:40.068   532   569 W ipcLib  : ipcLib: in ipc_lib. DV1 read called
09-07 14:28:40.069   532   568 I VPS     : VPS:IOCStatusInfo.VoltageStatus->0 
09-07 14:28:40.069   532   568 I VPS     : VPS:IOCStatusInfo.IOCStatusCmd->a6 
09-07 14:28:40.069   532   568 I VPS     : VPS:IOCStatusInfo.WakeUpReason->0 
09-07 14:28:40.069   532   568 I VPS     : VPS:IOCStatusInfo.DerivedIgnitionStatus->0 
09-07 14:28:40.069   532   568 I VPS     : VPS:IOCStatusInfo.PowerModeState->4 
09-07 14:28:40.069   532   568 I VPS     : VPS:IOCStatusInfo.SOCShutdownRequest->0 
09-07 14:28:40.069   532   568 I VPS     : VPS:IOCStatusInfo.AntiTheftState->0 
09-07 14:28:40.069   532   568 I VPS     : VPS:IOCStatusInfo.BatteryConnect->0 
09-07 14:28:40.074   512 13241 D HarmanHAL: StreamIn::getCapturePositionImpl
09-07 14:28:40.114   512 13241 D HarmanHAL: StreamIn::getCapturePositionImpl
09-07 14:28:40.111   536   536 I vendor.harman.p: type=1400 audit(0.0:2790): avc: denied { write } for name="2" dev="dm-4" ino=49241 scontext=u:r:pathologyd:s0 tcontext=u:object_r:vendor_data_file:s0 tclass=dir permissive=1
09-07 14:28:40.111   536   536 I vendor.harman.p: type=1400 audit(0.0:2791): avc: denied { add_name } for name="PROCCRASH_PF_1631024919.lz4" scontext=u:r:pathologyd:s0 tcontext=u:object_r:vendor_data_file:s0 tclass=dir permissive=1
09-07 14:28:40.111   536   536 I vendor.harman.p: type=1400 audit(0.0:2792): avc: denied { create } for name="PROCCRASH_PF_1631024919.lz4" scontext=u:r:pathologyd:s0 tcontext=u:object_r:vendor_data_file:s0 tclass=file permissive=1
09-07 14:28:40.115   536   536 I vendor.harman.p: type=1400 audit(0.0:2793): avc: denied { write open } for path="/data/vendor/pathologyArchive/2/PROCCRASH_PF_1631024919.lz4" dev="dm-4" ino=49411 scontext=u:r:pathologyd:s0 tcontext=u:object_r:vendor_data_file:s0 tclass=file permissive=1
09-07 14:28:40.145   512 13241 D HarmanHAL: StreamIn::getCapturePositionImpl
09-07 14:28:40.234   512 13241 I chatty  : uid=1041(audioserver) reader identical 3 lines
09-07 14:28:40.274   512 13241 D HarmanHAL: StreamIn::getCapturePositionImpl
09-07 14:28:40.280   512  3972 I HarmanHal.Routing: hacs alsa node(pcmMedia_p) adtm interval_min:1 ms, inverval_max:11 ms, inverval_mean:8 ms!
09-07 14:28:40.280   512  3972 I HarmanHal.Routing:  in printADTM() PcmAlsaWrapper.cpp:876
09-07 14:28:40.304   512 13241 D HarmanHAL: StreamIn::getCapturePositionImpl
09-07 14:28:40.434   512 13241 I chatty  : uid=1041(audioserver) reader identical 4 lines
09-07 14:28:40.464   512 13241 D HarmanHAL: StreamIn::getCapturePositionImpl
09-07 14:28:40.477   538   618 W ipcLib  : ipcLib: in ipc_lib. DV1 read called
09-07 14:28:40.495   512 13241 D HarmanHAL: StreamIn::getCapturePositionImpl
09-07 14:28:40.518   512 13158 D AudioProcessing: sseApply [handle 0xbc80d90][type 512] start..
09-07 14:28:40.518   512 13158 D AudioProcessing: sseProcess ul audioIO content print-1 [256] [2] [4] [1] 
09-07 14:28:40.518   512 13158 D AudioProcessing: sseProcess ul audioIO content print-2 [6] [1] [0x3bcbc5a0] [0x5bc7ede0] 
09-07 14:28:40.518   512 13158 D AudioProcessing: sseProcess ul audioIO content print-3 [0x1bca1320 [0x8bc84110] [0x1bc9f9b0] sse->pMain is [0x2bca4a60] 
09-07 14:28:40.519   512 13158 D AudioProcessing: sseProcess ul [handle 0xbc80d90]  ret[0]
09-07 14:28:40.519   512 13158 D AudioProcessing: sseProcess ul AudioBufferSampleCnt[256] type[512] finish..
09-07 14:28:40.524   512 13241 D HarmanHAL: StreamIn::getCapturePositionImpl
09-07 14:28:40.555   512 13241 I chatty  : uid=1041(audioserver) reader identical 1 line
09-07 14:28:40.594   512 13241 D HarmanHAL: StreamIn::getCapturePositionImpl
09-07 14:28:40.623   512 13169 D AudioProcessing: sseApply [handle 0xbc83090][type 768] start..
09-07 14:28:40.623   512 13169 D AudioProcessing: sseProcess dl audioIO content print-1 [256] [2] [1] [1] 
09-07 14:28:40.623   512 13169 D AudioProcessing: sseProcess dl audioIO content print-2 [1] [1] [0x0xb40000763bcc28d0] [0x0xb40000761bca6b00] 
09-07 14:28:40.623   512 13169 D AudioProcessing: sseProcess dl audioIO content print-3 [0x0xb40000761bca7fd0] [0x0xb40000761bcabe40] [0x0xb40000761bca5880] sse->pMain is [0x0xb40000772bcb4e80] 
09-07 14:28:40.624   512 13169 D AudioProcessing: sseProcess dl [handle 0xbc83090] ret[0]
09-07 14:28:40.624   512 13169 D AudioProcessing: sseProcess dl AudioBufferSampleCnt[256] type[768] finish..
09-07 14:28:40.624   512 13241 D HarmanHAL: StreamIn::getCapturePositionImpl
09-07 14:28:40.654   512 13241 I chatty  : uid=1041(audioserver) reader identical 1 line
09-07 14:28:40.684   512 13241 D HarmanHAL: StreamIn::getCapturePositionImpl
09-07 14:28:40.706   512 13133 I HarmanHal.Routing: hacs alsa node(pcmMicRefIn_c) adtm interval_min:0 ms, inverval_max:11 ms, inverval_mean:7 ms!
09-07 14:28:40.706   512 13133 I HarmanHal.Routing:  in printADTM() PcmAlsaWrapper.cpp:876
09-07 14:28:40.711   512 13159 I HarmanHal.Routing: hacs alsa node(pcmBtHfp_ul_pro_p) adtm interval_min:2 ms, inverval_max:12 ms, inverval_mean:8 ms!
09-07 14:28:40.711   512 13159 I HarmanHal.Routing:  in printADTM() PcmAlsaWrapper.cpp:876
09-07 14:28:40.714   512 13241 D HarmanHAL: StreamIn::getCapturePositionImpl
09-07 14:28:40.719   536   536 I vendor.harman.p: type=1400 audit(0.0:2794): avc: denied { read } for name="2" dev="dm-4" ino=49241 scontext=u:r:pathologyd:s0 tcontext=u:object_r:vendor_data_file:s0 tclass=dir permissive=1
01-01 00:03:43.713     0     0 W audit   : audit_lost=1251 audit_rate_limit=5 audit_backlog_limit=64
01-01 00:03:43.713     0     0 E audit   : rate limit exceeded
09-07 14:28:40.755   512 13241 D HarmanHAL: StreamIn::getCapturePositionImpl
09-07 14:28:40.784   512 13241 D HarmanHAL: StreamIn::getCapturePositionImpl
09-07 14:28:40.813   512 13169 I HarmanHal.Routing: hacs alsa node(pcmBtHfp_dl_pre_c) adtm interval_min:0 ms, inverval_max:10 ms, inverval_mean:7 ms!
09-07 14:28:40.813   512 13169 I HarmanHal.Routing:  in printADTM() PcmAlsaWrapper.cpp:876
09-07 14:28:40.814   512 13241 D HarmanHAL: StreamIn::getCapturePositionImpl
09-07 14:28:40.815   512 13169 I HarmanHal.Routing: hacs alsa node(pcmHfp_dl_p) adtm interval_min:0 ms, inverval_max:11 ms, inverval_mean:7 ms!
09-07 14:28:40.815   512 13169 I HarmanHal.Routing:  in printADTM() PcmAlsaWrapper.cpp:876
09-07 14:28:40.845   512 13241 D HarmanHAL: StreamIn::getCapturePositionImpl
09-07 14:28:40.945   512 13241 I chatty  : uid=1041(audioserver) reader identical 3 lines
09-07 14:28:40.974   512 13241 D HarmanHAL: StreamIn::getCapturePositionImpl
09-07 14:28:41.004   512 13241 I HarmanHal.Routing: hacs alsa node(pcmTunerIn_c) adtm interval_min:29 ms, inverval_max:40 ms, inverval_mean:31 ms!
09-07 14:28:41.004   512 13241 I HarmanHal.Routing:  in printADTM() PcmAlsaWrapper.cpp:876
09-07 14:28:41.005   512 13241 D HarmanHAL: StreamIn::getCapturePositionImpl
09-07 14:28:41.235   512 13241 I chatty  : uid=1041(audioserver) reader identical 7 lines
09-07 14:28:41.264   512 13241 D HarmanHAL: StreamIn::getCapturePositionImpl
09-07 14:28:41.280   512  3972 I HarmanHal.Routing: hacs alsa node(pcmMedia_p) adtm interval_min:0 ms, inverval_max:10 ms, inverval_mean:8 ms!
09-07 14:28:41.280   512  3972 I HarmanHal.Routing:  in printADTM() PcmAlsaWrapper.cpp:876
09-07 14:28:41.294   512 13241 D HarmanHAL: StreamIn::getCapturePositionImpl
09-07 14:28:41.424   512 13241 I chatty  : uid=1041(audioserver) reader identical 4 lines
09-07 14:28:41.454   512 13241 D HarmanHAL: StreamIn::getCapturePositionImpl
09-07 14:28:41.476   538   618 W ipcLib  : ipcLib: in ipc_lib. DV1 read called
09-07 14:28:41.484   512 13241 D HarmanHAL: StreamIn::getCapturePositionImpl
09-07 14:28:41.644   512 13241 I chatty  : uid=1041(audioserver) reader identical 5 lines
09-07 14:28:41.674   512 13241 D HarmanHAL: StreamIn::getCapturePositionImpl
09-07 14:28:41.706   512 13133 I HarmanHal.Routing: hacs alsa node(pcmMicRefIn_c) adtm interval_min:0 ms, inverval_max:12 ms, inverval_mean:8 ms!
09-07 14:28:41.706   512 13133 I HarmanHal.Routing:  in printADTM() PcmAlsaWrapper.cpp:876
09-07 14:28:41.712   512 13159 I HarmanHal.Routing: hacs alsa node(pcmBtHfp_ul_pro_p) adtm interval_min:2 ms, inverval_max:12 ms, inverval_mean:8 ms!
09-07 14:28:41.712   512 13159 I HarmanHal.Routing:  in printADTM() PcmAlsaWrapper.cpp:876
09-07 14:28:41.715   512 13241 D HarmanHAL: StreamIn::getCapturePositionImpl
09-07 14:28:41.774   512 13241 I chatty  : uid=1041(audioserver) reader identical 2 lines
09-07 14:28:41.804   512 13241 D HarmanHAL: StreamIn::getCapturePositionImpl
09-07 14:28:41.814   512 13169 I HarmanHal.Routing: hacs alsa node(pcmBtHfp_dl_pre_c) adtm interval_min:0 ms, inverval_max:11 ms, inverval_mean:8 ms!
09-07 14:28:41.814   512 13169 I HarmanHal.Routing:  in printADTM() PcmAlsaWrapper.cpp:876
09-07 14:28:41.815   512 13169 I HarmanHal.Routing: hacs alsa node(pcmHfp_dl_p) adtm interval_min:0 ms, inverval_max:11 ms, inverval_mean:8 ms!
09-07 14:28:41.815   512 13169 I HarmanHal.Routing:  in printADTM() PcmAlsaWrapper.cpp:876
09-07 14:28:41.834   512 13241 D HarmanHAL: StreamIn::getCapturePositionImpl
09-07 14:28:41.934   512 13241 I chatty  : uid=1041(audioserver) reader identical 3 lines
09-07 14:28:41.964   512 13241 D HarmanHAL: StreamIn::getCapturePositionImpl
09-07 14:28:41.994   512 13241 I HarmanHal.Routing: hacs alsa node(pcmTunerIn_c) adtm interval_min:30 ms, inverval_max:40 ms, inverval_mean:31 ms!
09-07 14:28:41.994   512 13241 I HarmanHal.Routing:  in printADTM() PcmAlsaWrapper.cpp:876
09-07 14:28:41.995   512 13241 D HarmanHAL: StreamIn::getCapturePositionImpl
09-07 14:28:42.065   512 13241 I chatty  : uid=1041(audioserver) reader identical 2 lines
09-07 14:28:42.094   512 13241 D HarmanHAL: StreamIn::getCapturePositionImpl
09-07 14:28:42.118   512 13158 D AudioProcessing: sseApply [handle 0xbc80d90][type 512] start..
09-07 14:28:42.118   512 13158 D AudioProcessing: sseProcess ul audioIO content print-1 [256] [2] [4] [1] 
09-07 14:28:42.118   512 13158 D AudioProcessing: sseProcess ul audioIO content print-2 [6] [1] [0x3bcbc5a0] [0x5bc7ede0] 
09-07 14:28:42.118   512 13158 D AudioProcessing: sseProcess ul audioIO content print-3 [0x1bca1320 [0x8bc84110] [0x1bc9f9b0] sse->pMain is [0x2bca4a60] 
09-07 14:28:42.119   512 13158 D AudioProcessing: sseProcess ul [handle 0xbc80d90]  ret[0]
09-07 14:28:42.119   512 13158 D AudioProcessing: sseProcess ul AudioBufferSampleCnt[256] type[512] finish..
09-07 14:28:42.124   512 13241 D HarmanHAL: StreamIn::getCapturePositionImpl
09-07 14:28:42.154   512 13241 D HarmanHAL: StreamIn::getCapturePositionImpl
09-07 14:28:42.169   532   569 W ipcLib  : ipcLib: in ipc_lib. DV1 read called
09-07 14:28:42.169   532   568 I VPS     : VPS:IOCStatusInfo.VoltageStatus->0 
09-07 14:28:42.169   532   568 I VPS     : VPS:IOCStatusInfo.IOCStatusCmd->a6 
09-07 14:28:42.169   532   568 I VPS     : VPS:IOCStatusInfo.WakeUpReason->0 
09-07 14:28:42.169   532   568 I VPS     : VPS:IOCStatusInfo.DerivedIgnitionStatus->0 
09-07 14:28:42.169   532   568 I VPS     : VPS:IOCStatusInfo.PowerModeState->4 
09-07 14:28:42.169   532   568 I VPS     : VPS:IOCStatusInfo.SOCShutdownRequest->0 
09-07 14:28:42.169   532   568 I VPS     : VPS:IOCStatusInfo.AntiTheftState->0 
09-07 14:28:42.169   532   568 I VPS     : VPS:IOCStatusInfo.BatteryConnect->0 
09-07 14:28:42.195   512 13241 D HarmanHAL: StreamIn::getCapturePositionImpl
09-07 14:28:42.223   512 13169 D AudioProcessing: sseApply [handle 0xbc83090][type 768] start..
09-07 14:28:42.223   512 13169 D AudioProcessing: sseProcess dl audioIO content print-1 [256] [2] [1] [1] 
09-07 14:28:42.223   512 13169 D AudioProcessing: sseProcess dl audioIO content print-2 [1] [1] [0x0xb40000763bcc28d0] [0x0xb40000761bca6b00] 
09-07 14:28:42.223   512 13169 D AudioProcessing: sseProcess dl audioIO content print-3 [0x0xb40000761bca7fd0] [0x0xb40000761bcabe40] [0x0xb40000761bca5880] sse->pMain is [0x0xb40000772bcb4e80] 
09-07 14:28:42.224   512 13169 D AudioProcessing: sseProcess dl [handle 0xbc83090] ret[0]
09-07 14:28:42.224   512 13169 D AudioProcessing: sseProcess dl AudioBufferSampleCnt[256] type[768] finish..
09-07 14:28:42.225   512 13241 D HarmanHAL: StreamIn::getCapturePositionImpl
09-07 14:28:42.255   512 13241 D HarmanHAL: StreamIn::getCapturePositionImpl
09-07 14:28:42.280   512  3972 I HarmanHal.Routing: hacs alsa node(pcmMedia_p) adtm interval_min:1 ms, inverval_max:11 ms, inverval_mean:8 ms!
09-07 14:28:42.280   512  3972 I HarmanHal.Routing:  in printADTM() PcmAlsaWrapper.cpp:876
09-07 14:28:42.284   512 13241 D HarmanHAL: StreamIn::getCapturePositionImpl
09-07 14:28:42.445   512 13241 I chatty  : uid=1041(audioserver) reader identical 5 lines
09-07 14:28:42.474   512 13241 D HarmanHAL: StreamIn::getCapturePositionImpl
09-07 14:28:42.476   538   618 W ipcLib  : ipcLib: in ipc_lib. DV1 read called
09-07 14:28:42.514   512 13241 D HarmanHAL: StreamIn::getCapturePositionImpl
09-07 14:28:42.644  1033  1033 W Telecom : Logging: Stale Sessions Cleaned:
09-07 14:28:42.644  1033  1033 W Telecom : (...->CS.crCo->H.CS.crCo->H.CS.crCo.pICR)->CSW.hCCC->CILH.sL->CILH.oQC->BCF.gBS->BCF.gBS->ICFG.sF->ICFG.sF->ICFG.sF->ICFG.sF->ICFG.sF->ICFG.sF->ICFG.sF->CAMSM.pM_2002->ARP.hP(cab/cast)@0
09-07 14:28:42.674   512 13241 I chatty  : uid=1041(audioserver) reader identical 5 lines
09-07 14:28:42.704   512 13241 D HarmanHAL: StreamIn::getCapturePositionImpl
09-07 14:28:42.706   512 13133 I HarmanHal.Routing: hacs alsa node(pcmMicRefIn_c) adtm interval_min:0 ms, inverval_max:11 ms, inverval_mean:8 ms!
09-07 14:28:42.706   512 13133 I HarmanHal.Routing:  in printADTM() PcmAlsaWrapper.cpp:876
09-07 14:28:42.711   512 13159 I HarmanHal.Routing: hacs alsa node(pcmBtHfp_ul_pro_p) adtm interval_min:2 ms, inverval_max:11 ms, inverval_mean:7 ms!
09-07 14:28:42.711   512 13159 I HarmanHal.Routing:  in printADTM() PcmAlsaWrapper.cpp:876
09-07 14:28:42.734   512 13241 D HarmanHAL: StreamIn::getCapturePositionImpl
09-07 14:28:42.765   512 13241 I chatty  : uid=1041(audioserver) reader identical 1 line
09-07 14:28:42.795   512 13241 D HarmanHAL: StreamIn::getCapturePositionImpl
09-07 14:28:42.813   512 13169 I HarmanHal.Routing: hacs alsa node(pcmBtHfp_dl_pre_c) adtm interval_min:0 ms, inverval_max:10 ms, inverval_mean:7 ms!
09-07 14:28:42.813   512 13169 I HarmanHal.Routing:  in printADTM() PcmAlsaWrapper.cpp:876
09-07 14:28:42.814   512 13169 I HarmanHal.Routing: hacs alsa node(pcmHfp_dl_p) adtm interval_min:0 ms, inverval_max:11 ms, inverval_mean:7 ms!
09-07 14:28:42.814   512 13169 I HarmanHal.Routing:  in printADTM() PcmAlsaWrapper.cpp:876
09-07 14:28:42.835   512 13241 D HarmanHAL: StreamIn::getCapturePositionImpl
09-07 14:28:42.924   512 13241 I chatty  : uid=1041(audioserver) reader identical 3 lines
09-07 14:28:42.955   512 13241 D HarmanHAL: StreamIn::getCapturePositionImpl
09-07 14:28:42.994   512 13241 I HarmanHal.Routing: hacs alsa node(pcmTunerIn_c) adtm interval_min:30 ms, inverval_max:40 ms, inverval_mean:32 ms!
09-07 14:28:42.994   512 13241 I HarmanHal.Routing:  in printADTM() PcmAlsaWrapper.cpp:876
09-07 14:28:42.995   512 13241 D HarmanHAL: StreamIn::getCapturePositionImpl
09-07 14:28:43.245   512 13241 I chatty  : uid=1041(audioserver) reader identical 8 lines
09-07 14:28:43.275   512 13241 D HarmanHAL: StreamIn::getCapturePositionImpl
09-07 14:28:43.280   512  3972 I HarmanHal.Routing: hacs alsa node(pcmMedia_p) adtm interval_min:1 ms, inverval_max:11 ms, inverval_mean:8 ms!
09-07 14:28:43.280   512  3972 I HarmanHal.Routing:  in printADTM() PcmAlsaWrapper.cpp:876
09-07 14:28:43.315   512 13241 D HarmanHAL: StreamIn::getCapturePositionImpl
09-07 14:28:43.434   512 13241 I chatty  : uid=1041(audioserver) reader identical 4 lines
09-07 14:28:43.475   512 13241 D HarmanHAL: StreamIn::getCapturePositionImpl
09-07 14:28:43.476   538   618 W ipcLib  : ipcLib: in ipc_lib. DV1 read called
09-07 14:28:43.504   512 13241 D HarmanHAL: StreamIn::getCapturePositionImpl
09-07 14:28:43.664   512 13241 I chatty  : uid=1041(audioserver) reader identical 5 lines
09-07 14:28:43.694   512 13241 D HarmanHAL: StreamIn::getCapturePositionImpl
09-07 14:28:43.706   512 13133 I HarmanHal.Routing: hacs alsa node(pcmMicRefIn_c) adtm interval_min:0 ms, inverval_max:11 ms, inverval_mean:7 ms!
09-07 14:28:43.706   512 13133 I HarmanHal.Routing:  in printADTM() PcmAlsaWrapper.cpp:876
09-07 14:28:43.711   512 13159 I HarmanHal.Routing: hacs alsa node(pcmBtHfp_ul_pro_p) adtm interval_min:2 ms, inverval_max:12 ms, inverval_mean:8 ms!
09-07 14:28:43.711   512 13159 I HarmanHal.Routing:  in printADTM() PcmAlsaWrapper.cpp:876
09-07 14:28:43.718   512 13158 D AudioProcessing: sseApply [handle 0xbc80d90][type 512] start..
09-07 14:28:43.718   512 13158 D AudioProcessing: sseProcess ul audioIO content print-1 [256] [2] [4] [1] 
09-07 14:28:43.718   512 13158 D AudioProcessing: sseProcess ul audioIO content print-2 [6] [1] [0x3bcbc5a0] [0x5bc7ede0] 
09-07 14:28:43.718   512 13158 D AudioProcessing: sseProcess ul audioIO content print-3 [0x1bca1320 [0x8bc84110] [0x1bc9f9b0] sse->pMain is [0x2bca4a60] 
09-07 14:28:43.719   512 13158 D AudioProcessing: sseProcess ul [handle 0xbc80d90]  ret[0]
09-07 14:28:43.719   512 13158 D AudioProcessing: sseProcess ul AudioBufferSampleCnt[256] type[512] finish..
09-07 14:28:43.724   512 13241 D HarmanHAL: StreamIn::getCapturePositionImpl
09-07 14:28:43.755   512 13241 I chatty  : uid=1041(audioserver) reader identical 1 line
09-07 14:28:43.795   512 13241 D HarmanHAL: StreamIn::getCapturePositionImpl
09-07 14:28:43.814   512 13169 I HarmanHal.Routing: hacs alsa node(pcmBtHfp_dl_pre_c) adtm interval_min:0 ms, inverval_max:11 ms, inverval_mean:8 ms!
09-07 14:28:43.814   512 13169 I HarmanHal.Routing:  in printADTM() PcmAlsaWrapper.cpp:876
09-07 14:28:43.814   512 13169 I HarmanHal.Routing: hacs alsa node(pcmHfp_dl_p) adtm interval_min:0 ms, inverval_max:11 ms, inverval_mean:8 ms!
09-07 14:28:43.814   512 13169 I HarmanHal.Routing:  in printADTM() PcmAlsaWrapper.cpp:876
09-07 14:28:43.823   512 13169 D AudioProcessing: sseApply [handle 0xbc83090][type 768] start..
09-07 14:28:43.823   512 13169 D AudioProcessing: sseProcess dl audioIO content print-1 [256] [2] [1] [1] 
09-07 14:28:43.823   512 13169 D AudioProcessing: sseProcess dl audioIO content print-2 [1] [1] [0x0xb40000763bcc28d0] [0x0xb40000761bca6b00] 
09-07 14:28:43.823   512 13169 D AudioProcessing: sseProcess dl audioIO content print-3 [0x0xb40000761bca7fd0] [0x0xb40000761bcabe40] [0x0xb40000761bca5880] sse->pMain is [0x0xb40000772bcb4e80] 
09-07 14:28:43.824   512 13169 D AudioProcessing: sseProcess dl [handle 0xbc83090] ret[0]
09-07 14:28:43.824   512 13169 D AudioProcessing: sseProcess dl AudioBufferSampleCnt[256] type[768] finish..
09-07 14:28:43.824   512 13241 D HarmanHAL: StreamIn::getCapturePositionImpl
01-01 00:03:46.970     0     0 I init    : starting service 'qccsyshalservice'...
09-07 14:28:43.915   512 13241 I chatty  : uid=1041(audioserver) reader identical 3 lines
09-07 14:28:43.955   512 13241 D HarmanHAL: StreamIn::getCapturePositionImpl
09-07 14:28:43.984   512 13241 I HarmanHal.Routing: hacs alsa node(pcmTunerIn_c) adtm interval_min:29 ms, inverval_max:41 ms, inverval_mean:31 ms!
09-07 14:28:43.984   512 13241 I HarmanHal.Routing:  in printADTM() PcmAlsaWrapper.cpp:876
09-07 14:28:43.985   512 13241 D HarmanHAL: StreamIn::getCapturePositionImpl
01-01 00:03:46.982     0     0 I init    : starting service 'vendor.sensors-hal-1-0'...
09-07 14:28:44.000   532   569 I VPS     : VPS:VehiclePlatformSOCHeartBeatHandler IVI HeartBeat sent successfully SOCHeartBeatInfo.SOCStatus->2
09-07 14:28:44.000   532   569 W ipcLib  : ipcLib: in ipc_lib. DV1 write called
01-01 00:03:46.989     0     0 I init    : starting service 'LogManager'...
09-07 14:28:44.002   532   569 W ipcLib  : ipcLib: in ipc_lib. DV1 read called
09-07 14:28:44.014 14389 14389 I qccsyshalservice: Start with system binder
09-07 14:28:44.014 14389 14389 I qccsyshalservice: Registering qccsyshal service...
09-07 14:28:44.015   512 13241 D HarmanHAL: StreamIn::getCapturePositionImpl
09-07 14:28:44.018   376   376 I hwservicemanager: getTransport: Cannot find entry vendor.qti.hardware.qccsyshal@1.0::IQccsyshal/qccsyshal in either framework or device manifest.
09-07 14:28:44.025   376   376 I hwservicemanager: getTransport: Cannot find entry android.hardware.sensors@1.0::ISensors/default in either framework or device manifest.
09-07 14:28:44.026 14389 14389 E HidlServiceManagement: Service vendor.qti.hardware.qccsyshal@1.0::IQccsyshal/qccsyshal must be in VINTF manifest in order to register/get.
09-07 14:28:44.026 14389 14389 E qccsyshalservice: [ERROR] registerAsService() failed with status: -2147483648
09-07 14:28:44.028 14390 14390 E android.hardware.sensors@1.0-service: Couldn't load sensors module (Unknown error -2147483648)
09-07 14:28:44.028 14390 14390 D RefBase : RefBase: Explicit destruction, weak count = 0 (in 0xb4000079a3aef5c8)
09-07 14:28:44.028 14390 14390 W RefBase : CallStack::getCurrentInternal not linked, returning null
09-07 14:28:44.028 14390 14390 W RefBase : CallStack::logStackInternal not linked
09-07 14:28:44.029 14390 14390 E LegacySupport: Could not get passthrough implementation for android.hardware.sensors@1.0::ISensors/default.
01-01 00:03:47.018     0     0 I init    : Service 'qccsyshalservice' (pid 14389) exited with status 1
01-01 00:03:47.018     0     0 I init    : Sending signal 9 to service 'qccsyshalservice' (pid 14389) process group...
01-01 00:03:47.018     0     0 I libprocessgroup: Successfully killed process cgroup uid 1000 pid 14389 in 0ms
09-07 14:28:44.032 14391 14391 D LOGMANAGER: LOGMANAGER HAL service init() start
09-07 14:28:44.032 14391 14391 D LOGMANAGER: Logmanager configured rpcthreadpool
09-07 14:28:44.027 14391 14391 I vendor.harman.L: type=1400 audit(0.0:2796): avc: denied { read } for name="u:object_r:hwservicemanager_prop:s0" dev="tmpfs" ino=24519 scontext=u:r:logmanagerd:s0 tcontext=u:object_r:hwservicemanager_prop:s0 tclass=file permissive=1
09-07 14:28:44.027 14391 14391 I vendor.harman.L: type=1400 audit(0.0:2797): avc: denied { open } for path="/dev/__properties__/u:object_r:hwservicemanager_prop:s0" dev="tmpfs" ino=24519 scontext=u:r:logmanagerd:s0 tcontext=u:object_r:hwservicemanager_prop:s0 tclass=file permissive=1
09-07 14:28:44.027 14391 14391 I vendor.harman.L: type=1400 audit(0.0:2798): avc: denied { getattr } for path="/dev/__properties__/u:object_r:hwservicemanager_prop:s0" dev="tmpfs" ino=24519 scontext=u:r:logmanagerd:s0 tcontext=u:object_r:hwservicemanager_prop:s0 tclass=file permissive=1
09-07 14:28:44.027 14391 14391 I vendor.harman.L: type=1400 audit(0.0:2799): avc: denied { map } for path="/dev/__properties__/u:object_r:hwservicemanager_prop:s0" dev="tmpfs" ino=24519 scontext=u:r:logmanagerd:s0 tcontext=u:object_r:hwservicemanager_prop:s0 tclass=file permissive=1
01-01 00:03:47.021     0     0 I init    : Service 'vendor.sensors-hal-1-0' (pid 14390) exited with status 1
01-01 00:03:47.021     0     0 I init    : Sending signal 9 to service 'vendor.sensors-hal-1-0' (pid 14390) process group...
01-01 00:03:47.021     0     0 I libprocessgroup: Successfully killed process cgroup uid 1000 pid 14390 in 0ms
09-07 14:28:44.034 14391 14391 I HidlServiceManagement: Registered vendor.harman.hardware.LogManager@1.0::ILogManager/default
09-07 14:28:44.035 14391 14391 D LOGMANAGER: Logmanager HAL Service is registered and ready
09-07 14:28:44.035 14391 14391 I LOGMANAGER: ThreadPoolWrapper::initThreadPool
09-07 14:28:44.035 14391 14391 I LOGMANAGER: ThreadPoolWrapper : exit
09-07 14:28:44.035 14391 14391 D LOGMANAGER: Logmanager threadpoolwrapper created
09-07 14:28:44.035 14391 14391 D LOGMANAGER: User argument is -c
09-07 14:28:44.035 14391 14392 I LOGMANAGER: ThreadPoolWrapper:  enter the joinRpcThreadpool()
09-07 14:28:44.035 14391 14391 I LOGMANAGER: LogmanagerConfig is configured under config file
09-07 14:28:44.035 14391 14391 I LOGMANAGER: LoggingLevel is : 4
09-07 14:28:44.035 14391 14391 I LOGMANAGER: LogEnableState is : 0
09-07 14:28:44.035 14391 14391 I LOGMANAGER: OutputPluginConfiguration PluginType : LOGWRITTER
09-07 14:28:44.035 14391 14391 I LOGMANAGER: LM_OutputConfiguration : 1
09-07 14:28:44.035 14391 14391 I LOGMANAGER: LM_OfflineTraceDirectory : /data/cache
09-07 14:28:44.035 14391 14391 I LOGMANAGER: LM_OfflineTraceFILESize : 1000000
09-07 14:28:44.035 14391 14391 I LOGMANAGER: LM_OfflineTotalFILESSize : 20000000
09-07 14:28:44.035 14391 14391 I LOGMANAGER: LM_FileNameTimeStampBased : 0
09-07 14:28:44.035 14391 14391 I LOGMANAGER: Got IOC plugin
09-07 14:28:44.035 14391 14391 I LOGMANAGER: IOCIPCChannelNumber :6
09-07 14:28:44.035 14391 14391 I LOGMANAGER: keyseq: HOME + VOLUMEDOWN  for domain is AudioDump
09-07 14:28:44.035 14391 14391 I LOGMANAGER: keyseq: HOME + VOLUMEUP  for domain is HCIDump
09-07 14:28:44.036 14391 14391 I LOGMANAGER: Domains parsing is done
09-07 14:28:44.031 14391 14391 I vendor.harman.L: type=1400 audit(0.0:2800): avc: denied { dac_read_search } for capability=2 scontext=u:r:logmanagerd:s0 tcontext=u:r:logmanagerd:s0 tclass=capability permissive=1
01-01 00:03:47.026     0     0 W audit   : audit_lost=1252 audit_rate_limit=5 audit_backlog_limit=64
01-01 00:03:47.026     0     0 E audit   : rate limit exceeded
09-07 14:28:44.041 14391 14391 E LOGMANAGER: Failed to load plugin /vendor/lib64/libIOCDLogReader.so with error code dlopen failed: library "/vendor/lib64/libIOCDLogReader.so" not found 
09-07 14:28:44.041 14391 14391 F libc    : Fatal signal 11 (SIGSEGV), code 1 (SEGV_MAPERR), fault addr 0x0 in tid 14391 (vendor.harman.L), pid 14391 (vendor.harman.L)
09-07 14:28:44.044   512 13241 D HarmanHAL: StreamIn::getCapturePositionImpl
09-07 14:28:44.075   512 13241 D HarmanHAL: StreamIn::getCapturePositionImpl
09-07 14:28:44.076 14395 14395 I crash_dump64: obtaining output fd from tombstoned, type: kDebuggerdTombstone
09-07 14:28:44.077   463   463 I tombstoned: received crash request for pid 14391
09-07 14:28:44.078 14395 14395 I crash_dump64: performing dump of process 14391 (target tid = 14391)
09-07 14:28:44.081 14395 14395 F DEBUG   : *** *** *** *** *** *** *** *** *** *** *** *** *** *** *** ***
09-07 14:28:44.081 14395 14395 F DEBUG   : Build fingerprint: 'qti/titan_tml_b2/titan_tml_b2:11/RQ3A.210605.005/eng.ksong.20210907.134230:userdebug/test-keys'
09-07 14:28:44.082 14395 14395 F DEBUG   : Revision: '0'
09-07 14:28:44.082 14395 14395 F DEBUG   : ABI: 'arm64'
09-07 14:28:44.083 14395 14395 F DEBUG   : Timestamp: 2021-09-07 14:28:44+0000
09-07 14:28:44.083 14395 14395 F DEBUG   : pid: 14391, tid: 14391, name: vendor.harman.L  >>> /vendor/bin/hw/vendor.harman.LogManager@1.0-service <<<
09-07 14:28:44.083 14395 14395 F DEBUG   : uid: 0
09-07 14:28:44.083 14395 14395 F DEBUG   : signal 11 (SIGSEGV), code 1 (SEGV_MAPERR), fault addr 0x0
09-07 14:28:44.083 14395 14395 F DEBUG   : Cause: null pointer dereference
09-07 14:28:44.083 14395 14395 F DEBUG   :     x0  0000000000000000  x1  0000000000000000  x2  0000000000080001  x3  0000000000000000
09-07 14:28:44.083 14395 14395 F DEBUG   :     x4  0000000000000000  x5  0000000000000090  x6  fefefefefefefeff  x7  7f7f7f7f7f7f7f7f
09-07 14:28:44.083 14395 14395 F DEBUG   :     x8  0101010101010101  x9  76bec0a66f773941  x10 0000007ffa4190c8  x11 fffffffffffffffd
09-07 14:28:44.084 14395 14395 F DEBUG   :     x12 0000007ffa419250  x13 000000000000008e  x14 00022550b0a3fc00  x15 0000000034155555
09-07 14:28:44.084 14395 14395 F DEBUG   :     x16 00000055e0cd87e0  x17 000000767011db30  x18 00000076713f6000  x19 0000000000000000
09-07 14:28:44.084 14395 14395 F DEBUG   :     x20 000000767063ac50  x21 0000007ffa419969  x22 b400007570050c38  x23 0000007ffa419988
09-07 14:28:44.084 14395 14395 F DEBUG   :     x24 0000000000000000  x25 0000007670c81000  x26 0000007ffa419969  x27 0000007ffa419939
09-07 14:28:44.084 14395 14395 F DEBUG   :     x28 0000000000000000  x29 0000007ffa419870
09-07 14:28:44.084 14395 14395 F DEBUG   :     lr  00000055e0ccf048  sp  0000007ffa419870  pc  000000767011db40  pst 0000000080000000
09-07 14:28:44.088 14395 14395 F DEBUG   : backtrace:
09-07 14:28:44.088 14395 14395 F DEBUG   :       #00 pc 000000000004ab40  /apex/com.android.runtime/lib64/bionic/libc.so (strlen_default+16) (BuildId: 2b7c6e33413ac7278a15dfc3ea383089)
09-07 14:28:44.088 14395 14395 F DEBUG   :       #01 pc 0000000000009044  /vendor/bin/hw/vendor.harman.LogManager@1.0-service (BuildId: 3e966ab64050b441b920ba0e8960d123)
09-07 14:28:44.088 14395 14395 F DEBUG   :       #02 pc 0000000000008df0  /vendor/bin/hw/vendor.harman.LogManager@1.0-service (LM::LogManagerImpl::load_plugin_conf(void*, std::__1::basic_string<char, std::__1::char_traits<char>, std::__1::allocator<char> >, std::__1::multimap<std::__1::basic_string<char, std::__1::char_traits<char>, std::__1::allocator<char> >, int, std::__1::less<std::__1::basic_string<char, std::__1::char_traits<char>, std::__1::allocator<char> > >, std::__1::allocator<std::__1::pair<std::__1::basic_string<char, std::__1::char_traits<char>, std::__1::allocator<char> > const, int> > >&)+752) (BuildId: 3e966ab64050b441b920ba0e8960d123)
09-07 14:28:44.088 14395 14395 F DEBUG   :       #03 pc 00000000000088c0  /vendor/bin/hw/vendor.harman.LogManager@1.0-service (LM::LogManagerImpl::loadplugins()+436) (BuildId: 3e966ab64050b441b920ba0e8960d123)
09-07 14:28:44.089 14395 14395 F DEBUG   :       #04 pc 0000000000007af8  /vendor/bin/hw/vendor.harman.LogManager@1.0-service (main+1112) (BuildId: 3e966ab64050b441b920ba0e8960d123)
09-07 14:28:44.089 14395 14395 F DEBUG   :       #05 pc 000000000004988c  /apex/com.android.runtime/lib64/bionic/libc.so (__libc_init+108) (BuildId: 2b7c6e33413ac7278a15dfc3ea383089)
09-07 14:28:44.089   911  4981 D BufferPoolAccessor2.0: bufferpool2 0xb400007205c6d498 : 2(1048576 size) total buffers - 1(524288 size) used buffers - 2659/2669 (recycle/alloc) - 23/2669 (fetch/transfer)
01-01 00:03:47.103     0     0 D logd    : logdr: UID=0 GID=1000 PID=14395 n tail=50 logMask=8 pid=14391 start=0ns timeout=0ns
09-07 14:28:44.115   512 13241 D HarmanHAL: StreamIn::getCapturePositionImpl
01-01 00:03:47.112     0     0 D logd    : logdr: UID=0 GID=1000 PID=14395 n tail=50 logMask=1 pid=14391 start=0ns timeout=0ns
01-01 00:03:47.134     0     0 D logd    : logdr: UID=0 GID=1000 PID=14395 n tail=0 logMask=8 pid=14391 start=0ns timeout=0ns
01-01 00:03:47.143     0     0 D logd    : logdr: UID=0 GID=1000 PID=14395 n tail=0 logMask=1 pid=14391 start=0ns timeout=0ns
09-07 14:28:44.163  1033  1270 W NativeCrashListener: Couldn't find ProcessRecord for pid 14391
09-07 14:28:44.145   512 13241 D HarmanHAL: StreamIn::getCapturePositionImpl
09-07 14:28:44.163 14395 14395 E crash_dump64: AM data write failed: Broken pipe
09-07 14:28:44.165   463   463 E tombstoned: Tombstone written to: /data/tombstones/tombstone_11
01-01 00:03:47.155     0     0 I init    : Untracked pid 14395 exited with status 0
09-07 14:28:44.173  1033  1095 I BootReceiver: Copying /data/tombstones/tombstone_11 to DropBox (SYSTEM_TOMBSTONE)
09-07 14:28:44.174   512 13241 D HarmanHAL: StreamIn::getCapturePositionImpl
09-07 14:28:44.176  1033  1095 I DropBoxManagerService: add tag=SYSTEM_TOMBSTONE isTagEnabled=true flags=0x2
09-07 14:28:44.204   512 13241 I chatty  : uid=1041(audioserver) reader identical 1 line
09-07 14:28:44.235   512 13241 D HarmanHAL: StreamIn::getCapturePositionImpl
09-07 14:28:44.271   532   569 W ipcLib  : ipcLib: in ipc_lib. DV1 read called
09-07 14:28:44.272   532   568 I VPS     : VPS:IOCStatusInfo.VoltageStatus->0 
09-07 14:28:44.272   532   568 I VPS     : VPS:IOCStatusInfo.IOCStatusCmd->a6 
09-07 14:28:44.272   532   568 I VPS     : VPS:IOCStatusInfo.WakeUpReason->0 
09-07 14:28:44.272   532   568 I VPS     : VPS:IOCStatusInfo.DerivedIgnitionStatus->0 
09-07 14:28:44.272   532   568 I VPS     : VPS:IOCStatusInfo.PowerModeState->4 
09-07 14:28:44.272   532   568 I VPS     : VPS:IOCStatusInfo.SOCShutdownRequest->0 
09-07 14:28:44.272   532   568 I VPS     : VPS:IOCStatusInfo.AntiTheftState->0 
09-07 14:28:44.272   532   568 I VPS     : VPS:IOCStatusInfo.BatteryConnect->0 
09-07 14:28:44.274   512 13241 D HarmanHAL: StreamIn::getCapturePositionImpl
09-07 14:28:44.280   512  3972 I HarmanHal.Routing: hacs alsa node(pcmMedia_p) adtm interval_min:1 ms, inverval_max:11 ms, inverval_mean:8 ms!
09-07 14:28:44.280   512  3972 I HarmanHal.Routing:  in printADTM() PcmAlsaWrapper.cpp:876
09-07 14:28:44.304   512 13241 D HarmanHAL: StreamIn::getCapturePositionImpl
09-07 14:28:44.435   512 13241 I chatty  : uid=1041(audioserver) reader identical 4 lines
09-07 14:28:44.465   512 13241 D HarmanHAL: StreamIn::getCapturePositionImpl
09-07 14:28:44.477   538   618 W ipcLib  : ipcLib: in ipc_lib. DV1 read called
09-07 14:28:44.495   512 13241 D HarmanHAL: StreamIn::getCapturePositionImpl
09-07 14:28:44.624   512 13241 I chatty  : uid=1041(audioserver) reader identical 4 lines
09-07 14:28:44.654   512 13241 D HarmanHAL: StreamIn::getCapturePositionImpl
09-07 14:28:44.666   536   612 E pathology: [ProcessCrashHandler:: parseTombstoneFileName]string not found
09-07 14:28:44.667   536   612 I chatty  : uid=0(root) vendor.harman.p identical 4 lines
09-07 14:28:44.667   536   612 E pathology: [ProcessCrashHandler:: parseTombstoneFileName]string not found
09-07 14:28:44.685   512 13241 D HarmanHAL: StreamIn::getCapturePositionImpl
09-07 14:28:44.706   512 13133 I HarmanHal.Routing: hacs alsa node(pcmMicRefIn_c) adtm interval_min:0 ms, inverval_max:11 ms, inverval_mean:8 ms!
09-07 14:28:44.706   512 13133 I HarmanHal.Routing:  in printADTM() PcmAlsaWrapper.cpp:876
09-07 14:28:44.711   512 13159 I HarmanHal.Routing: hacs alsa node(pcmBtHfp_ul_pro_p) adtm interval_min:2 ms, inverval_max:12 ms, inverval_mean:8 ms!
09-07 14:28:44.711   512 13159 I HarmanHal.Routing:  in printADTM() PcmAlsaWrapper.cpp:876
09-07 14:28:44.714   512 13241 D HarmanHAL: StreamIn::getCapturePositionImpl
09-07 14:28:44.754   512 13241 I chatty  : uid=1041(audioserver) reader identical 1 line
09-07 14:28:44.784   512 13241 D HarmanHAL: StreamIn::getCapturePositionImpl
09-07 14:28:44.813   512 13169 I HarmanHal.Routing: hacs alsa node(pcmBtHfp_dl_pre_c) adtm interval_min:0 ms, inverval_max:10 ms, inverval_mean:7 ms!
09-07 14:28:44.813   512 13169 I HarmanHal.Routing:  in printADTM() PcmAlsaWrapper.cpp:876
09-07 14:28:44.814   512 13241 D HarmanHAL: StreamIn::getCapturePositionImpl
09-07 14:28:44.814   512 13169 I HarmanHal.Routing: hacs alsa node(pcmHfp_dl_p) adtm interval_min:0 ms, inverval_max:11 ms, inverval_mean:8 ms!
09-07 14:28:44.814   512 13169 I HarmanHal.Routing:  in printADTM() PcmAlsaWrapper.cpp:876
09-07 14:28:44.845   512 13241 D HarmanHAL: StreamIn::getCapturePositionImpl
09-07 14:28:44.915   512 13241 I chatty  : uid=1041(audioserver) reader identical 2 lines
09-07 14:28:44.944   512 13241 D HarmanHAL: StreamIn::getCapturePositionImpl
09-07 14:28:44.974   512 13241 I HarmanHal.Routing: hacs alsa node(pcmTunerIn_c) adtm interval_min:29 ms, inverval_max:40 ms, inverval_mean:31 ms!
09-07 14:28:44.974   512 13241 I HarmanHal.Routing:  in printADTM() PcmAlsaWrapper.cpp:876
09-07 14:28:44.975   512 13241 D HarmanHAL: StreamIn::getCapturePositionImpl
09-07 14:28:45.075   512 13241 I chatty  : uid=1041(audioserver) reader identical 3 lines
09-07 14:28:45.105   512 13241 D HarmanHAL: StreamIn::getCapturePositionImpl
09-07 14:28:45.107   536   536 I vendor.harman.p: type=1400 audit(0.0:2824): avc: denied { remove_name } for name="NPUMONITOR_TT_1631024770.lz4" dev="dm-4" ino=49362 scontext=u:r:pathologyd:s0 tcontext=u:object_r:vendor_data_file:s0 tclass=dir permissive=1
09-07 14:28:45.107   536   536 I vendor.harman.p: type=1400 audit(0.0:2825): avc: denied { unlink } for name="NPUMONITOR_TT_1631024770.lz4" dev="dm-4" ino=49362 scontext=u:r:pathologyd:s0 tcontext=u:object_r:vendor_data_file:s0 tclass=file permissive=1
09-07 14:28:45.134   512 13241 D HarmanHAL: StreamIn::getCapturePositionImpl
09-07 14:28:45.235   512 13241 I chatty  : uid=1041(audioserver) reader identical 3 lines
09-07 14:28:45.264   512 13241 D HarmanHAL: StreamIn::getCapturePositionImpl
09-07 14:28:45.280   512  3972 I HarmanHal.Routing: hacs alsa node(pcmMedia_p) adtm interval_min:1 ms, inverval_max:10 ms, inverval_mean:8 ms!
09-07 14:28:45.280   512  3972 I HarmanHal.Routing:  in printADTM() PcmAlsaWrapper.cpp:876
09-07 14:28:45.294   512 13241 D HarmanHAL: StreamIn::getCapturePositionImpl
09-07 14:28:45.318   512 13158 D AudioProcessing: sseApply [handle 0xbc80d90][type 512] start..
09-07 14:28:45.318   512 13158 D AudioProcessing: sseProcess ul audioIO content print-1 [256] [2] [4] [1] 
09-07 14:28:45.318   512 13158 D AudioProcessing: sseProcess ul audioIO content print-2 [6] [1] [0x3bcbc5a0] [0x5bc7ede0] 
09-07 14:28:45.318   512 13158 D AudioProcessing: sseProcess ul audioIO content print-3 [0x1bca1320 [0x8bc84110] [0x1bc9f9b0] sse->pMain is [0x2bca4a60] 
09-07 14:28:45.319   512 13158 D AudioProcessing: sseProcess ul [handle 0xbc80d90]  ret[0]
09-07 14:28:45.319   512 13158 D AudioProcessing: sseProcess ul AudioBufferSampleCnt[256] type[512] finish..
09-07 14:28:45.324   512 13241 D HarmanHAL: StreamIn::getCapturePositionImpl
09-07 14:28:45.354   512 13241 I chatty  : uid=1041(audioserver) reader identical 1 line
09-07 14:28:45.395   512 13241 D HarmanHAL: StreamIn::getCapturePositionImpl
09-07 14:28:45.423   512 13169 D AudioProcessing: sseApply [handle 0xbc83090][type 768] start..
09-07 14:28:45.423   512 13169 D AudioProcessing: sseProcess dl audioIO content print-1 [256] [2] [1] [1] 
09-07 14:28:45.423   512 13169 D AudioProcessing: sseProcess dl audioIO content print-2 [1] [1] [0x0xb40000763bcc28d0] [0x0xb40000761bca6b00] 
09-07 14:28:45.423   512 13169 D AudioProcessing: sseProcess dl audioIO content print-3 [0x0xb40000761bca7fd0] [0x0xb40000761bcabe40] [0x0xb40000761bca5880] sse->pMain is [0x0xb40000772bcb4e80] 
09-07 14:28:45.424   512 13169 D AudioProcessing: sseProcess dl [handle 0xbc83090] ret[0]
09-07 14:28:45.424   512 13169 D AudioProcessing: sseProcess dl AudioBufferSampleCnt[256] type[768] finish..
09-07 14:28:45.425   512 13241 D HarmanHAL: StreamIn::getCapturePositionImpl
09-07 14:28:45.455   512 13241 D HarmanHAL: StreamIn::getCapturePositionImpl
09-07 14:28:45.477   538   618 W ipcLib  : ipcLib: in ipc_lib. DV1 read called
09-07 14:28:45.484   512 13241 D HarmanHAL: StreamIn::getCapturePositionImpl
09-07 14:28:45.644   512 13241 I chatty  : uid=1041(audioserver) reader identical 5 lines
09-07 14:28:45.674   512 13241 D HarmanHAL: StreamIn::getCapturePositionImpl
09-07 14:28:45.706   512 13133 I HarmanHal.Routing: hacs alsa node(pcmMicRefIn_c) adtm interval_min:0 ms, inverval_max:11 ms, inverval_mean:8 ms!
09-07 14:28:45.706   512 13133 I HarmanHal.Routing:  in printADTM() PcmAlsaWrapper.cpp:876
09-07 14:28:45.711   512 13159 I HarmanHal.Routing: hacs alsa node(pcmBtHfp_ul_pro_p) adtm interval_min:2 ms, inverval_max:12 ms, inverval_mean:8 ms!
09-07 14:28:45.711   512 13159 I HarmanHal.Routing:  in printADTM() PcmAlsaWrapper.cpp:876
09-07 14:28:45.714   512 13241 D HarmanHAL: StreamIn::getCapturePositionImpl
09-07 14:28:45.711   536   536 I vendor.harman.p: type=1400 audit(0.0:2826): avc: denied { read } for name="2" dev="dm-4" ino=49241 scontext=u:r:pathologyd:s0 tcontext=u:object_r:vendor_data_file:s0 tclass=dir permissive=1
09-07 14:28:45.711   536   536 I vendor.harman.p: type=1400 audit(0.0:2827): avc: denied { open } for path="/data/vendor/pathologyArchive/2" dev="dm-4" ino=49241 scontext=u:r:pathologyd:s0 tcontext=u:object_r:vendor_data_file:s0 tclass=dir permissive=1
09-07 14:28:45.744   512 13241 D HarmanHAL: StreamIn::getCapturePositionImpl
09-07 14:28:45.774   512 13241 I chatty  : uid=1041(audioserver) reader identical 1 line
09-07 14:28:45.804   512 13241 D HarmanHAL: StreamIn::getCapturePositionImpl
09-07 14:28:45.814   512 13169 I HarmanHal.Routing: hacs alsa node(pcmBtHfp_dl_pre_c) adtm interval_min:0 ms, inverval_max:10 ms, inverval_mean:8 ms!
09-07 14:28:45.814   512 13169 I HarmanHal.Routing:  in printADTM() PcmAlsaWrapper.cpp:876
09-07 14:28:45.815   512 13169 I HarmanHal.Routing: hacs alsa node(pcmHfp_dl_p) adtm interval_min:0 ms, inverval_max:12 ms, inverval_mean:8 ms!
09-07 14:28:45.815   512 13169 I HarmanHal.Routing:  in printADTM() PcmAlsaWrapper.cpp:876
09-07 14:28:45.834   512 13241 D HarmanHAL: StreamIn::getCapturePositionImpl
09-07 14:28:45.905   512 13241 I chatty  : uid=1041(audioserver) reader identical 2 lines
09-07 14:28:45.934   512 13241 D HarmanHAL: StreamIn::getCapturePositionImpl
09-07 14:28:45.964   512 13241 I HarmanHal.Routing: hacs alsa node(pcmTunerIn_c) adtm interval_min:30 ms, inverval_max:40 ms, inverval_mean:31 ms!
09-07 14:28:45.964   512 13241 I HarmanHal.Routing:  in printADTM() PcmAlsaWrapper.cpp:876
09-07 14:28:45.965   512 13241 D HarmanHAL: StreamIn::getCapturePositionImpl
09-07 14:28:46.225   512 13241 I chatty  : uid=1041(audioserver) reader identical 8 lines
09-07 14:28:46.255   512 13241 D HarmanHAL: StreamIn::getCapturePositionImpl
09-07 14:28:46.280   512  3972 I HarmanHal.Routing: hacs alsa node(pcmMedia_p) adtm interval_min:0 ms, inverval_max:11 ms, inverval_mean:8 ms!
09-07 14:28:46.280   512  3972 I HarmanHal.Routing:  in printADTM() PcmAlsaWrapper.cpp:876
09-07 14:28:46.284   512 13241 D HarmanHAL: StreamIn::getCapturePositionImpl
09-07 14:28:46.314   512 13241 I chatty  : uid=1041(audioserver) reader identical 1 line
09-07 14:28:46.354   512 13241 D HarmanHAL: StreamIn::getCapturePositionImpl
09-07 14:28:46.369   532   569 W ipcLib  : ipcLib: in ipc_lib. DV1 read called
09-07 14:28:46.369   532   568 I VPS     : VPS:IOCStatusInfo.VoltageStatus->0 
09-07 14:28:46.369   532   568 I VPS     : VPS:IOCStatusInfo.IOCStatusCmd->a6 
09-07 14:28:46.370   532   568 I VPS     : VPS:IOCStatusInfo.WakeUpReason->0 
09-07 14:28:46.370   532   568 I VPS     : VPS:IOCStatusInfo.DerivedIgnitionStatus->0 
09-07 14:28:46.370   532   568 I VPS     : VPS:IOCStatusInfo.PowerModeState->4 
09-07 14:28:46.370   532   568 I VPS     : VPS:IOCStatusInfo.SOCShutdownRequest->0 
09-07 14:28:46.370   532   568 I VPS     : VPS:IOCStatusInfo.AntiTheftState->0 
09-07 14:28:46.370   532   568 I VPS     : VPS:IOCStatusInfo.BatteryConnect->0 
09-07 14:28:46.384   512 13241 D HarmanHAL: StreamIn::getCapturePositionImpl
09-07 14:28:46.444   512 13241 I chatty  : uid=1041(audioserver) reader identical 2 lines
09-07 14:28:46.474   512 13241 D HarmanHAL: StreamIn::getCapturePositionImpl
09-07 14:28:46.477   538   618 W ipcLib  : ipcLib: in ipc_lib. DV1 read called
09-07 14:28:46.515   512 13241 D HarmanHAL: StreamIn::getCapturePositionImpl
09-07 14:28:46.675   512 13241 I chatty  : uid=1041(audioserver) reader identical 5 lines
09-07 14:28:46.704   512 13241 D HarmanHAL: StreamIn::getCapturePositionImpl
09-07 14:28:46.705   512 13133 I HarmanHal.Routing: hacs alsa node(pcmMicRefIn_c) adtm interval_min:0 ms, inverval_max:12 ms, inverval_mean:7 ms!
09-07 14:28:46.705   512 13133 I HarmanHal.Routing:  in printADTM() PcmAlsaWrapper.cpp:876
09-07 14:28:46.711   512 13159 I HarmanHal.Routing: hacs alsa node(pcmBtHfp_ul_pro_p) adtm interval_min:2 ms, inverval_max:12 ms, inverval_mean:8 ms!
09-07 14:28:46.711   512 13159 I HarmanHal.Routing:  in printADTM() PcmAlsaWrapper.cpp:876
09-07 14:28:46.734   512 13241 D HarmanHAL: StreamIn::getCapturePositionImpl
09-07 14:28:46.764   512 13241 I chatty  : uid=1041(audioserver) reader identical 1 line
09-07 14:28:46.795   512 13241 D HarmanHAL: StreamIn::getCapturePositionImpl
09-07 14:28:46.813   512 13169 I HarmanHal.Routing: hacs alsa node(pcmBtHfp_dl_pre_c) adtm interval_min:0 ms, inverval_max:10 ms, inverval_mean:7 ms!
09-07 14:28:46.813   512 13169 I HarmanHal.Routing:  in printADTM() PcmAlsaWrapper.cpp:876
09-07 14:28:46.815   512 13169 I HarmanHal.Routing: hacs alsa node(pcmHfp_dl_p) adtm interval_min:0 ms, inverval_max:11 ms, inverval_mean:8 ms!
09-07 14:28:46.815   512 13169 I HarmanHal.Routing:  in printADTM() PcmAlsaWrapper.cpp:876
09-07 14:28:46.834   512 13241 D HarmanHAL: StreamIn::getCapturePositionImpl
09-07 14:28:46.864   512 13241 I chatty  : uid=1041(audioserver) reader identical 1 line
09-07 14:28:46.894   512 13241 D HarmanHAL: StreamIn::getCapturePositionImpl
09-07 14:28:46.918   512 13158 D AudioProcessing: sseApply [handle 0xbc80d90][type 512] start..
09-07 14:28:46.918   512 13158 D AudioProcessing: sseProcess ul audioIO content print-1 [256] [2] [4] [1] 
09-07 14:28:46.918   512 13158 D AudioProcessing: sseProcess ul audioIO content print-2 [6] [1] [0x3bcbc5a0] [0x5bc7ede0] 
09-07 14:28:46.918   512 13158 D AudioProcessing: sseProcess ul audioIO content print-3 [0x1bca1320 [0x8bc84110] [0x1bc9f9b0] sse->pMain is [0x2bca4a60] 
09-07 14:28:46.919   512 13158 D AudioProcessing: sseProcess ul [handle 0xbc80d90]  ret[0]
09-07 14:28:46.919   512 13158 D AudioProcessing: sseProcess ul AudioBufferSampleCnt[256] type[512] finish..
09-07 14:28:46.925   512 13241 D HarmanHAL: StreamIn::getCapturePositionImpl
09-07 14:28:46.954   512 13241 I HarmanHal.Routing: hacs alsa node(pcmTunerIn_c) adtm interval_min:30 ms, inverval_max:40 ms, inverval_mean:31 ms!
09-07 14:28:46.954   512 13241 I HarmanHal.Routing:  in printADTM() PcmAlsaWrapper.cpp:876
09-07 14:28:46.955   512 13241 D HarmanHAL: StreamIn::getCapturePositionImpl
09-07 14:28:46.994   512 13241 D HarmanHAL: StreamIn::getCapturePositionImpl
09-07 14:28:47.023   512 13169 D AudioProcessing: sseApply [handle 0xbc83090][type 768] start..
09-07 14:28:47.023   512 13169 D AudioProcessing: sseProcess dl audioIO content print-1 [256] [2] [1] [1] 
09-07 14:28:47.023   512 13169 D AudioProcessing: sseProcess dl audioIO content print-2 [1] [1] [0x0xb40000763bcc28d0] [0x0xb40000761bca6b00] 
09-07 14:28:47.023   512 13169 D AudioProcessing: sseProcess dl audioIO content print-3 [0x0xb40000761bca7fd0] [0x0xb40000761bcabe40] [0x0xb40000761bca5880] sse->pMain is [0x0xb40000772bcb4e80] 
09-07 14:28:47.024   512 13169 D AudioProcessing: sseProcess dl [handle 0xbc83090] ret[0]
09-07 14:28:47.024   512 13169 D AudioProcessing: sseProcess dl AudioBufferSampleCnt[256] type[768] finish..
09-07 14:28:47.026   512 13241 D HarmanHAL: StreamIn::getCapturePositionImpl
09-07 14:28:47.245   512 13241 I chatty  : uid=1041(audioserver) reader identical 7 lines
09-07 14:28:47.274   512 13241 D HarmanHAL: StreamIn::getCapturePositionImpl
09-07 14:28:47.280   512  3972 I HarmanHal.Routing: hacs alsa node(pcmMedia_p) adtm interval_min:1 ms, inverval_max:10 ms, inverval_mean:8 ms!
09-07 14:28:47.280   512  3972 I HarmanHal.Routing:  in printADTM() PcmAlsaWrapper.cpp:876
09-07 14:28:47.314   512 13241 D HarmanHAL: StreamIn::getCapturePositionImpl
09-07 14:28:47.435   512 13241 I chatty  : uid=1041(audioserver) reader identical 4 lines
09-07 14:28:47.474   512 13241 D HarmanHAL: StreamIn::getCapturePositionImpl
09-07 14:28:47.477   538   618 W ipcLib  : ipcLib: in ipc_lib. DV1 read called
09-07 14:28:47.504   512 13241 D HarmanHAL: StreamIn::getCapturePositionImpl
09-07 14:28:47.664   512 13241 I chatty  : uid=1041(audioserver) reader identical 5 lines
09-07 14:28:47.694   512 13241 D HarmanHAL: StreamIn::getCapturePositionImpl
09-07 14:28:47.706   512 13133 I HarmanHal.Routing: hacs alsa node(pcmMicRefIn_c) adtm interval_min:0 ms, inverval_max:11 ms, inverval_mean:8 ms!
09-07 14:28:47.706   512 13133 I HarmanHal.Routing:  in printADTM() PcmAlsaWrapper.cpp:876
09-07 14:28:47.711   512 13159 I HarmanHal.Routing: hacs alsa node(pcmBtHfp_ul_pro_p) adtm interval_min:2 ms, inverval_max:12 ms, inverval_mean:8 ms!
09-07 14:28:47.711   512 13159 I HarmanHal.Routing:  in printADTM() PcmAlsaWrapper.cpp:876
09-07 14:28:47.724   512 13241 D HarmanHAL: StreamIn::getCapturePositionImpl
09-07 14:28:47.754   512 13241 I chatty  : uid=1041(audioserver) reader identical 1 line
09-07 14:28:47.795   512 13241 D HarmanHAL: StreamIn::getCapturePositionImpl
09-07 14:28:47.814   512 13169 I HarmanHal.Routing: hacs alsa node(pcmBtHfp_dl_pre_c) adtm interval_min:0 ms, inverval_max:11 ms, inverval_mean:8 ms!
09-07 14:28:47.814   512 13169 I HarmanHal.Routing:  in printADTM() PcmAlsaWrapper.cpp:876
09-07 14:28:47.815   512 13169 I HarmanHal.Routing: hacs alsa node(pcmHfp_dl_p) adtm interval_min:0 ms, inverval_max:11 ms, inverval_mean:8 ms!
09-07 14:28:47.815   512 13169 I HarmanHal.Routing:  in printADTM() PcmAlsaWrapper.cpp:876
09-07 14:28:47.824   512 13241 D HarmanHAL: StreamIn::getCapturePositionImpl
09-07 14:28:47.885   512 13241 I chatty  : uid=1041(audioserver) reader identical 2 lines
09-07 14:28:47.914   512 13241 D HarmanHAL: StreamIn::getCapturePositionImpl
09-07 14:28:47.954   512 13241 I HarmanHal.Routing: hacs alsa node(pcmTunerIn_c) adtm interval_min:29 ms, inverval_max:40 ms, inverval_mean:32 ms!
09-07 14:28:47.954   512 13241 I HarmanHal.Routing:  in printADTM() PcmAlsaWrapper.cpp:876
09-07 14:28:47.955   512 13241 D HarmanHAL: StreamIn::getCapturePositionImpl
09-07 14:28:48.235   512 13241 I chatty  : uid=1041(audioserver) reader identical 9 lines
09-07 14:28:48.274   512 13241 D HarmanHAL: StreamIn::getCapturePositionImpl
09-07 14:28:48.280   512  3972 I HarmanHal.Routing: hacs alsa node(pcmMedia_p) adtm interval_min:1 ms, inverval_max:10 ms, inverval_mean:8 ms!
09-07 14:28:48.280   512  3972 I HarmanHal.Routing:  in printADTM() PcmAlsaWrapper.cpp:876
09-07 14:28:48.304   512 13241 D HarmanHAL: StreamIn::getCapturePositionImpl
09-07 14:28:48.434   512 13241 I chatty  : uid=1041(audioserver) reader identical 4 lines
09-07 14:28:48.465   512 13241 D HarmanHAL: StreamIn::getCapturePositionImpl
09-07 14:28:48.469   532   569 W ipcLib  : ipcLib: in ipc_lib. DV1 read called
09-07 14:28:48.469   532   568 I VPS     : VPS:IOCStatusInfo.VoltageStatus->0 
09-07 14:28:48.469   532   568 I VPS     : VPS:IOCStatusInfo.IOCStatusCmd->a6 
09-07 14:28:48.469   532   568 I VPS     : VPS:IOCStatusInfo.WakeUpReason->0 
09-07 14:28:48.469   532   568 I VPS     : VPS:IOCStatusInfo.DerivedIgnitionStatus->0 
09-07 14:28:48.469   532   568 I VPS     : VPS:IOCStatusInfo.PowerModeState->4 
09-07 14:28:48.469   532   568 I VPS     : VPS:IOCStatusInfo.SOCShutdownRequest->0 
09-07 14:28:48.469   532   568 I VPS     : VPS:IOCStatusInfo.AntiTheftState->0 
09-07 14:28:48.469   532   568 I VPS     : VPS:IOCStatusInfo.BatteryConnect->0 
09-07 14:28:48.477   538   618 W ipcLib  : ipcLib: in ipc_lib. DV1 read called
09-07 14:28:48.496   512 13241 D HarmanHAL: StreamIn::getCapturePositionImpl
09-07 14:28:48.518   512 13158 D AudioProcessing: sseApply [handle 0xbc80d90][type 512] start..
09-07 14:28:48.518   512 13158 D AudioProcessing: sseProcess ul audioIO content print-1 [256] [2] [4] [1] 
09-07 14:28:48.518   512 13158 D AudioProcessing: sseProcess ul audioIO content print-2 [6] [1] [0x3bcbc5a0] [0x5bc7ede0] 
09-07 14:28:48.518   512 13158 D AudioProcessing: sseProcess ul audioIO content print-3 [0x1bca1320 [0x8bc84110] [0x1bc9f9b0] sse->pMain is [0x2bca4a60] 
09-07 14:28:48.519   512 13158 D AudioProcessing: sseProcess ul [handle 0xbc80d90]  ret[0]
09-07 14:28:48.519   512 13158 D AudioProcessing: sseProcess ul AudioBufferSampleCnt[256] type[512] finish..
09-07 14:28:48.525   512 13241 D HarmanHAL: StreamIn::getCapturePositionImpl
09-07 14:28:48.555   512 13241 I chatty  : uid=1041(audioserver) reader identical 1 line
09-07 14:28:48.594   512 13241 D HarmanHAL: StreamIn::getCapturePositionImpl
09-07 14:28:48.623   512 13169 D AudioProcessing: sseApply [handle 0xbc83090][type 768] start..
09-07 14:28:48.623   512 13169 D AudioProcessing: sseProcess dl audioIO content print-1 [256] [2] [1] [1] 
09-07 14:28:48.623   512 13169 D AudioProcessing: sseProcess dl audioIO content print-2 [1] [1] [0x0xb40000763bcc28d0] [0x0xb40000761bca6b00] 
09-07 14:28:48.623   512 13169 D AudioProcessing: sseProcess dl audioIO content print-3 [0x0xb40000761bca7fd0] [0x0xb40000761bcabe40] [0x0xb40000761bca5880] sse->pMain is [0x0xb40000772bcb4e80] 
09-07 14:28:48.624   512 13169 D AudioProcessing: sseProcess dl [handle 0xbc83090] ret[0]
09-07 14:28:48.624   512 13169 D AudioProcessing: sseProcess dl AudioBufferSampleCnt[256] type[768] finish..
09-07 14:28:48.625   512 13241 D HarmanHAL: StreamIn::getCapturePositionImpl
09-07 14:28:48.654   512 13241 I chatty  : uid=1041(audioserver) reader identical 1 line
09-07 14:28:48.684   512 13241 D HarmanHAL: StreamIn::getCapturePositionImpl
09-07 14:28:48.706   512 13133 I HarmanHal.Routing: hacs alsa node(pcmMicRefIn_c) adtm interval_min:0 ms, inverval_max:11 ms, inverval_mean:8 ms!
09-07 14:28:48.706   512 13133 I HarmanHal.Routing:  in printADTM() PcmAlsaWrapper.cpp:876
09-07 14:28:48.711   512 13159 I HarmanHal.Routing: hacs alsa node(pcmBtHfp_ul_pro_p) adtm interval_min:2 ms, inverval_max:12 ms, inverval_mean:8 ms!
09-07 14:28:48.711   512 13159 I HarmanHal.Routing:  in printADTM() PcmAlsaWrapper.cpp:876
09-07 14:28:48.714   512 13241 D HarmanHAL: StreamIn::getCapturePositionImpl
09-07 14:28:48.755   512 13241 I chatty  : uid=1041(audioserver) reader identical 1 line
09-07 14:28:48.784   512 13241 D HarmanHAL: StreamIn::getCapturePositionImpl
09-07 14:28:48.813   512 13169 I HarmanHal.Routing: hacs alsa node(pcmBtHfp_dl_pre_c) adtm interval_min:0 ms, inverval_max:10 ms, inverval_mean:7 ms!
09-07 14:28:48.813   512 13169 I HarmanHal.Routing:  in printADTM() PcmAlsaWrapper.cpp:876
09-07 14:28:48.814   512 13241 D HarmanHAL: StreamIn::getCapturePositionImpl
09-07 14:28:48.814   512 13169 I HarmanHal.Routing: hacs alsa node(pcmHfp_dl_p) adtm interval_min:0 ms, inverval_max:11 ms, inverval_mean:7 ms!
09-07 14:28:48.814   512 13169 I HarmanHal.Routing:  in printADTM() PcmAlsaWrapper.cpp:876
09-07 14:28:48.844   512 13241 D HarmanHAL: StreamIn::getCapturePositionImpl
09-07 14:28:48.874   512 13241 I chatty  : uid=1041(audioserver) reader identical 1 line
09-07 14:28:48.914   512 13241 D HarmanHAL: StreamIn::getCapturePositionImpl
09-07 14:28:48.944   512 13241 I HarmanHal.Routing: hacs alsa node(pcmTunerIn_c) adtm interval_min:28 ms, inverval_max:40 ms, inverval_mean:31 ms!
09-07 14:28:48.944   512 13241 I HarmanHal.Routing:  in printADTM() PcmAlsaWrapper.cpp:876
09-07 14:28:48.945   512 13241 D HarmanHAL: StreamIn::getCapturePositionImpl
01-01 00:03:51.983     0     0 I init    : starting service 'qccsyshalservice'...
09-07 14:28:48.974   512 13241 D HarmanHAL: StreamIn::getCapturePositionImpl
09-07 14:28:49.000   532   569 I VPS     : VPS:VehiclePlatformSOCHeartBeatHandler IVI HeartBeat sent successfully SOCHeartBeatInfo.SOCStatus->2
09-07 14:28:49.000   532   569 W ipcLib  : ipcLib: in ipc_lib. DV1 write called
09-07 14:28:49.002   532   569 W ipcLib  : ipcLib: in ipc_lib. DV1 read called
09-07 14:28:49.004   512 13241 D HarmanHAL: StreamIn::getCapturePositionImpl
01-01 00:03:51.992     0     0 I init    : starting service 'vendor.sensors-hal-1-0'...
01-01 00:03:52.000     0     0 I init    : starting service 'LogManager'...
09-07 14:28:49.020 14562 14562 I qccsyshalservice: Start with system binder
09-07 14:28:49.020 14562 14562 I qccsyshalservice: Registering qccsyshal service...
09-07 14:28:49.021   376   376 I hwservicemanager: getTransport: Cannot find entry vendor.qti.hardware.qccsyshal@1.0::IQccsyshal/qccsyshal in either framework or device manifest.
09-07 14:28:49.022 14562 14562 E HidlServiceManagement: Service vendor.qti.hardware.qccsyshal@1.0::IQccsyshal/qccsyshal must be in VINTF manifest in order to register/get.
09-07 14:28:49.022 14562 14562 E qccsyshalservice: [ERROR] registerAsService() failed with status: -2147483648
01-01 00:03:52.013     0     0 I init    : Service 'qccsyshalservice' (pid 14562) exited with status 1
01-01 00:03:52.013     0     0 I init    : Sending signal 9 to service 'qccsyshalservice' (pid 14562) process group...
01-01 00:03:52.013     0     0 I libprocessgroup: Successfully killed process cgroup uid 1000 pid 14562 in 0ms
09-07 14:28:49.034   376   376 I hwservicemanager: getTransport: Cannot find entry android.hardware.sensors@1.0::ISensors/default in either framework or device manifest.
09-07 14:28:49.035   512 13241 D HarmanHAL: StreamIn::getCapturePositionImpl
09-07 14:28:49.037 14563 14563 E android.hardware.sensors@1.0-service: Couldn't load sensors module (Unknown error -2147483648)
09-07 14:28:49.037 14563 14563 D RefBase : RefBase: Explicit destruction, weak count = 0 (in 0xb400006e3d8a2608)
09-07 14:28:49.037 14563 14563 W RefBase : CallStack::getCurrentInternal not linked, returning null
09-07 14:28:49.037 14563 14563 W RefBase : CallStack::logStackInternal not linked
09-07 14:28:49.037 14564 14564 D LOGMANAGER: LOGMANAGER HAL service init() start
09-07 14:28:49.031 14564 14564 I vendor.harman.L: type=1400 audit(0.0:2828): avc: denied { read } for name="u:object_r:hwservicemanager_prop:s0" dev="tmpfs" ino=24519 scontext=u:r:logmanagerd:s0 tcontext=u:object_r:hwservicemanager_prop:s0 tclass=file permissive=1
09-07 14:28:49.037 14564 14564 D LOGMANAGER: Logmanager configured rpcthreadpool
09-07 14:28:49.038 14563 14563 E LegacySupport: Could not get passthrough implementation for android.hardware.sensors@1.0::ISensors/default.
09-07 14:28:49.031 14564 14564 I vendor.harman.L: type=1400 audit(0.0:2829): avc: denied { open } for path="/dev/__properties__/u:object_r:hwservicemanager_prop:s0" dev="tmpfs" ino=24519 scontext=u:r:logmanagerd:s0 tcontext=u:object_r:hwservicemanager_prop:s0 tclass=file permissive=1
09-07 14:28:49.031 14564 14564 I vendor.harman.L: type=1400 audit(0.0:2830): avc: denied { getattr } for path="/dev/__properties__/u:object_r:hwservicemanager_prop:s0" dev="tmpfs" ino=24519 scontext=u:r:logmanagerd:s0 tcontext=u:object_r:hwservicemanager_prop:s0 tclass=file permissive=1
09-07 14:28:49.031 14564 14564 I vendor.harman.L: type=1400 audit(0.0:2831): avc: denied { map } for path="/dev/__properties__/u:object_r:hwservicemanager_prop:s0" dev="tmpfs" ino=24519 scontext=u:r:logmanagerd:s0 tcontext=u:object_r:hwservicemanager_prop:s0 tclass=file permissive=1
09-07 14:28:49.040 14564 14564 I HidlServiceManagement: Registered vendor.harman.hardware.LogManager@1.0::ILogManager/default
09-07 14:28:49.041 14564 14564 D LOGMANAGER: Logmanager HAL Service is registered and ready
09-07 14:28:49.041 14564 14564 I LOGMANAGER: ThreadPoolWrapper::initThreadPool
09-07 14:28:49.041 14564 14564 I LOGMANAGER: ThreadPoolWrapper : exit
09-07 14:28:49.041 14564 14564 D LOGMANAGER: Logmanager threadpoolwrapper created
09-07 14:28:49.041 14564 14564 D LOGMANAGER: User argument is -c
09-07 14:28:49.041 14564 14565 I LOGMANAGER: ThreadPoolWrapper:  enter the joinRpcThreadpool()
09-07 14:28:49.041 14564 14564 I LOGMANAGER: LogmanagerConfig is configured under config file
09-07 14:28:49.041 14564 14564 I LOGMANAGER: LoggingLevel is : 4
09-07 14:28:49.041 14564 14564 I LOGMANAGER: LogEnableState is : 0
09-07 14:28:49.041 14564 14564 I LOGMANAGER: OutputPluginConfiguration PluginType : LOGWRITTER
09-07 14:28:49.041 14564 14564 I LOGMANAGER: LM_OutputConfiguration : 1
01-01 00:03:52.029     0     0 I init    : Service 'vendor.sensors-hal-1-0' (pid 14563) exited with status 1
09-07 14:28:49.041 14564 14564 I LOGMANAGER: LM_OfflineTraceDirectory : /data/cache
09-07 14:28:49.041 14564 14564 I LOGMANAGER: LM_OfflineTraceFILESize : 1000000
01-01 00:03:52.029     0     0 I init    : Sending signal 9 to service 'vendor.sensors-hal-1-0' (pid 14563) process group...
09-07 14:28:49.041 14564 14564 I LOGMANAGER: LM_OfflineTotalFILESSize : 20000000
01-01 00:03:52.029     0     0 I libprocessgroup: Successfully killed process cgroup uid 1000 pid 14563 in 0ms
09-07 14:28:49.041 14564 14564 I LOGMANAGER: LM_FileNameTimeStampBased : 0
09-07 14:28:49.041 14564 14564 I LOGMANAGER: Got IOC plugin
09-07 14:28:49.041 14564 14564 I LOGMANAGER: IOCIPCChannelNumber :6
01-01 00:03:52.032     0     0 W audit   : audit_lost=1275 audit_rate_limit=5 audit_backlog_limit=64
09-07 14:28:49.041 14564 14564 I LOGMANAGER: keyseq: HOME + VOLUMEDOWN  for domain is AudioDump
01-01 00:03:52.032     0     0 E audit   : rate limit exceeded
09-07 14:28:49.041 14564 14564 I LOGMANAGER: keyseq: HOME + VOLUMEUP  for domain is HCIDump
09-07 14:28:49.042 14564 14564 I LOGMANAGER: Domains parsing is done
09-07 14:28:49.035 14564 14564 I vendor.harman.L: type=1400 audit(0.0:2832): avc: denied { dac_read_search } for capability=2 scontext=u:r:logmanagerd:s0 tcontext=u:r:logmanagerd:s0 tclass=capability permissive=1
09-07 14:28:49.039 14564 14564 I vendor.harman.L: type=1400 audit(0.0:2833): avc: denied { search } for name="cache" dev="dm-4" ino=262146 scontext=u:r:logmanagerd:s0 tcontext=u:object_r:cache_file:s0 tclass=dir permissive=1
09-07 14:28:49.047 14564 14564 E LOGMANAGER: Failed to load plugin /vendor/lib64/libIOCDLogReader.so with error code dlopen failed: library "/vendor/lib64/libIOCDLogReader.so" not found 
09-07 14:28:49.047 14564 14564 F libc    : Fatal signal 11 (SIGSEGV), code 1 (SEGV_MAPERR), fault addr 0x0 in tid 14564 (vendor.harman.L), pid 14564 (vendor.harman.L)
09-07 14:28:49.075   512 13241 D HarmanHAL: StreamIn::getCapturePositionImpl
09-07 14:28:49.084 14568 14568 I crash_dump64: obtaining output fd from tombstoned, type: kDebuggerdTombstone
09-07 14:28:49.084   463   463 I tombstoned: received crash request for pid 14564
09-07 14:28:49.085 14568 14568 I crash_dump64: performing dump of process 14564 (target tid = 14564)
09-07 14:28:49.088 14568 14568 F DEBUG   : *** *** *** *** *** *** *** *** *** *** *** *** *** *** *** ***
09-07 14:28:49.089 14568 14568 F DEBUG   : Build fingerprint: 'qti/titan_tml_b2/titan_tml_b2:11/RQ3A.210605.005/eng.ksong.20210907.134230:userdebug/test-keys'
09-07 14:28:49.089 14568 14568 F DEBUG   : Revision: '0'
09-07 14:28:49.089 14568 14568 F DEBUG   : ABI: 'arm64'
09-07 14:28:49.090 14568 14568 F DEBUG   : Timestamp: 2021-09-07 14:28:49+0000
09-07 14:28:49.090 14568 14568 F DEBUG   : pid: 14564, tid: 14564, name: vendor.harman.L  >>> /vendor/bin/hw/vendor.harman.LogManager@1.0-service <<<
09-07 14:28:49.090 14568 14568 F DEBUG   : uid: 0
09-07 14:28:49.090 14568 14568 F DEBUG   : signal 11 (SIGSEGV), code 1 (SEGV_MAPERR), fault addr 0x0
09-07 14:28:49.090 14568 14568 F DEBUG   : Cause: null pointer dereference
09-07 14:28:49.090 14568 14568 F DEBUG   :     x0  0000000000000000  x1  0000000000000000  x2  0000000000080001  x3  0000000000000000
09-07 14:28:49.091 14568 14568 F DEBUG   :     x4  0000000000000000  x5  0000000000000090  x6  fefefefefefefeff  x7  7f7f7f7f7f7f7f7f
09-07 14:28:49.091 14568 14568 F DEBUG   :     x8  0101010101010101  x9  1995c16c9b6ad45a  x10 0000007fc319a088  x11 fffffffffffffffd
09-07 14:28:49.091 14568 14568 F DEBUG   :     x12 0000007fc319a210  x13 000000000000008e  x14 00029f62aebaec00  x15 0000000034155555
09-07 14:28:49.091 14568 14568 F DEBUG   :     x16 0000005b6e5c07e0  x17 0000007bf6b2ab30  x18 0000007bf777e000  x19 0000000000000000
09-07 14:28:49.091 14568 14568 F DEBUG   :     x20 0000007bf6ff2c50  x21 0000007fc319a929  x22 b400007af663c248  x23 0000007fc319a948
09-07 14:28:49.091 14568 14568 F DEBUG   :     x24 0000000000000000  x25 0000007bf72a6000  x26 0000007fc319a929  x27 0000007fc319a8f9
09-07 14:28:49.091 14568 14568 F DEBUG   :     x28 0000000000000000  x29 0000007fc319a830
09-07 14:28:49.091 14568 14568 F DEBUG   :     lr  0000005b6e5b7048  sp  0000007fc319a830  pc  0000007bf6b2ab40  pst 0000000080000000
09-07 14:28:49.095 14568 14568 F DEBUG   : backtrace:
09-07 14:28:49.096 14568 14568 F DEBUG   :       #00 pc 000000000004ab40  /apex/com.android.runtime/lib64/bionic/libc.so (strlen_default+16) (BuildId: 2b7c6e33413ac7278a15dfc3ea383089)
09-07 14:28:49.096 14568 14568 F DEBUG   :       #01 pc 0000000000009044  /vendor/bin/hw/vendor.harman.LogManager@1.0-service (BuildId: 3e966ab64050b441b920ba0e8960d123)
09-07 14:28:49.096 14568 14568 F DEBUG   :       #02 pc 0000000000008df0  /vendor/bin/hw/vendor.harman.LogManager@1.0-service (LM::LogManagerImpl::load_plugin_conf(void*, std::__1::basic_string<char, std::__1::char_traits<char>, std::__1::allocator<char> >, std::__1::multimap<std::__1::basic_string<char, std::__1::char_traits<char>, std::__1::allocator<char> >, int, std::__1::less<std::__1::basic_string<char, std::__1::char_traits<char>, std::__1::allocator<char> > >, std::__1::allocator<std::__1::pair<std::__1::basic_string<char, std::__1::char_traits<char>, std::__1::allocator<char> > const, int> > >&)+752) (BuildId: 3e966ab64050b441b920ba0e8960d123)
09-07 14:28:49.096 14568 14568 F DEBUG   :       #03 pc 00000000000088c0  /vendor/bin/hw/vendor.harman.LogManager@1.0-service (LM::LogManagerImpl::loadplugins()+436) (BuildId: 3e966ab64050b441b920ba0e8960d123)
09-07 14:28:49.096 14568 14568 F DEBUG   :       #04 pc 0000000000007af8  /vendor/bin/hw/vendor.harman.LogManager@1.0-service (main+1112) (BuildId: 3e966ab64050b441b920ba0e8960d123)
09-07 14:28:49.096 14568 14568 F DEBUG   :       #05 pc 000000000004988c  /apex/com.android.runtime/lib64/bionic/libc.so (__libc_init+108) (BuildId: 2b7c6e33413ac7278a15dfc3ea383089)
09-07 14:28:49.105   512 13241 D HarmanHAL: StreamIn::getCapturePositionImpl
01-01 00:03:52.111     0     0 D logd    : logdr: UID=0 GID=1000 PID=14568 n tail=50 logMask=8 pid=14564 start=0ns timeout=0ns
01-01 00:03:52.120     0     0 D logd    : logdr: UID=0 GID=1000 PID=14568 n tail=50 logMask=1 pid=14564 start=0ns timeout=0ns
01-01 00:03:52.142     0     0 D logd    : logdr: UID=0 GID=1000 PID=14568 n tail=0 logMask=8 pid=14564 start=0ns timeout=0ns
01-01 00:03:52.152     0     0 D logd    : logdr: UID=0 GID=1000 PID=14568 n tail=0 logMask=1 pid=14564 start=0ns timeout=0ns
09-07 14:28:49.172  1033  1270 W NativeCrashListener: Couldn't find ProcessRecord for pid 14564
09-07 14:28:49.134   512 13241 I chatty  : uid=1041(audioserver) reader identical 1 line
09-07 14:28:49.164   512 13241 D HarmanHAL: StreamIn::getCapturePositionImpl
09-07 14:28:49.173 14568 14568 E crash_dump64: AM data write failed: Broken pipe
09-07 14:28:49.174   463   463 E tombstoned: Tombstone written to: /data/tombstones/tombstone_12
09-07 14:28:49.177  1033  1095 I BootReceiver: Copying /data/tombstones/tombstone_12 to DropBox (SYSTEM_TOMBSTONE)
01-01 00:03:52.165     0     0 I init    : Untracked pid 14568 exited with status 0
09-07 14:28:49.178  1033  1095 I DropBoxManagerService: add tag=SYSTEM_TOMBSTONE isTagEnabled=true flags=0x2
09-07 14:28:49.194   512 13241 D HarmanHAL: StreamIn::getCapturePositionImpl
09-07 14:28:49.235   512 13241 I chatty  : uid=1041(audioserver) reader identical 1 line
09-07 14:28:49.264   512 13241 D HarmanHAL: StreamIn::getCapturePositionImpl
09-07 14:28:49.280   512  3972 I HarmanHal.Routing: hacs alsa node(pcmMedia_p) adtm interval_min:1 ms, inverval_max:11 ms, inverval_mean:8 ms!
09-07 14:28:49.280   512  3972 I HarmanHal.Routing:  in printADTM() PcmAlsaWrapper.cpp:876
09-07 14:28:49.294   911  4981 D BufferPoolAccessor2.0: bufferpool2 0xb400007205c6d498 : 2(1048576 size) total buffers - 1(524288 size) used buffers - 2713/2723 (recycle/alloc) - 24/2723 (fetch/transfer)
09-07 14:28:49.295   512 13241 D HarmanHAL: StreamIn::getCapturePositionImpl
09-07 14:28:49.425   512 13241 I chatty  : uid=1041(audioserver) reader identical 4 lines
09-07 14:28:49.454   512 13241 D HarmanHAL: StreamIn::getCapturePositionImpl
09-07 14:28:49.464   512   512 E android.hardware.audio@6.0-harman-service: [CXmlParser]: nodeset is empty for xpath: /audioConfiguration/EnableWatchdog
09-07 14:28:49.464   512   512 E android.hardware.audio@6.0-harman-service: [CXmlParser::GetOneEleValue] Xpath object is NULL. XPath: /audioConfiguration/EnableWatchdog
09-07 14:28:49.464   512   512 W HarmanHal: ConfigSettings::GetOneEleValue Error while reading the path /audioConfiguration/EnableWatchdog
09-07 14:28:49.464   512   512 W HarmanHal: ConfigSettings::GetOneEleValue Error in checkifWatchdogTobeEnabled
09-07 14:28:49.464   512   512 I HarmanHal: WatchdogClient::isClientHealthy, Value Of checkifWatchdogTobeEnabled:0
09-07 14:28:49.477   538   618 W ipcLib  : ipcLib: in ipc_lib. DV1 read called
09-07 14:28:49.484   512 13241 D HarmanHAL: StreamIn::getCapturePositionImpl
09-07 14:28:49.644   512 13241 I chatty  : uid=1041(audioserver) reader identical 5 lines
09-07 14:28:49.674   512 13241 D HarmanHAL: StreamIn::getCapturePositionImpl
09-07 14:28:49.675   536   612 E pathology: [ProcessCrashHandler:: parseTombstoneFileName]string not found
09-07 14:28:49.676   536   612 I chatty  : uid=0(root) vendor.harman.p identical 4 lines
09-07 14:28:49.676   536   612 E pathology: [ProcessCrashHandler:: parseTombstoneFileName]string not found
09-07 14:28:49.706   512 13133 I HarmanHal.Routing: hacs alsa node(pcmMicRefIn_c) adtm interval_min:0 ms, inverval_max:11 ms, inverval_mean:8 ms!
09-07 14:28:49.706   512 13133 I HarmanHal.Routing:  in printADTM() PcmAlsaWrapper.cpp:876
09-07 14:28:49.712   512 13159 I HarmanHal.Routing: hacs alsa node(pcmBtHfp_ul_pro_p) adtm interval_min:2 ms, inverval_max:12 ms, inverval_mean:8 ms!
09-07 14:28:49.712   512 13159 I HarmanHal.Routing:  in printADTM() PcmAlsaWrapper.cpp:876
09-07 14:28:49.714   512 13241 D HarmanHAL: StreamIn::getCapturePositionImpl
09-07 14:28:49.774   512 13241 I chatty  : uid=1041(audioserver) reader identical 2 lines
09-07 14:28:49.805   512 13241 D HarmanHAL: StreamIn::getCapturePositionImpl
09-07 14:28:49.814   512 13169 I HarmanHal.Routing: hacs alsa node(pcmBtHfp_dl_pre_c) adtm interval_min:0 ms, inverval_max:10 ms, inverval_mean:8 ms!
09-07 14:28:49.814   512 13169 I HarmanHal.Routing:  in printADTM() PcmAlsaWrapper.cpp:876
09-07 14:28:49.815   512 13169 I HarmanHal.Routing: hacs alsa node(pcmHfp_dl_p) adtm interval_min:0 ms, inverval_max:11 ms, inverval_mean:8 ms!
09-07 14:28:49.815   512 13169 I HarmanHal.Routing:  in printADTM() PcmAlsaWrapper.cpp:876
09-07 14:28:49.835   512 13241 D HarmanHAL: StreamIn::getCapturePositionImpl
09-07 14:28:49.875   512 13241 I chatty  : uid=1041(audioserver) reader identical 1 line
09-07 14:28:49.905   512 13241 D HarmanHAL: StreamIn::getCapturePositionImpl
09-07 14:28:49.934   512 13241 I HarmanHal.Routing: hacs alsa node(pcmTunerIn_c) adtm interval_min:29 ms, inverval_max:41 ms, inverval_mean:31 ms!
09-07 14:28:49.934   512 13241 I HarmanHal.Routing:  in printADTM() PcmAlsaWrapper.cpp:876
09-07 14:28:49.935   512 13241 D HarmanHAL: StreamIn::getCapturePositionImpl
09-07 14:28:50.065   512 13241 I chatty  : uid=1041(audioserver) reader identical 4 lines
09-07 14:28:50.094   512 13241 D HarmanHAL: StreamIn::getCapturePositionImpl
09-07 14:28:50.118   512 13158 D AudioProcessing: sseApply [handle 0xbc80d90][type 512] start..
09-07 14:28:50.118   512 13158 D AudioProcessing: sseProcess ul audioIO content print-1 [256] [2] [4] [1] 
09-07 14:28:50.118   512 13158 D AudioProcessing: sseProcess ul audioIO content print-2 [6] [1] [0x3bcbc5a0] [0x5bc7ede0] 
09-07 14:28:50.118   512 13158 D AudioProcessing: sseProcess ul audioIO content print-3 [0x1bca1320 [0x8bc84110] [0x1bc9f9b0] sse->pMain is [0x2bca4a60] 
09-07 14:28:50.119   512 13158 D AudioProcessing: sseProcess ul [handle 0xbc80d90]  ret[0]
09-07 14:28:50.119   512 13158 D AudioProcessing: sseProcess ul AudioBufferSampleCnt[256] type[512] finish..
09-07 14:28:50.124   512 13241 D HarmanHAL: StreamIn::getCapturePositionImpl
09-07 14:28:50.155   512 13241 I chatty  : uid=1041(audioserver) reader identical 1 line
09-07 14:28:50.194   512 13241 D HarmanHAL: StreamIn::getCapturePositionImpl
09-07 14:28:50.223   512 13169 D AudioProcessing: sseApply [handle 0xbc83090][type 768] start..
09-07 14:28:50.223   512 13169 D AudioProcessing: sseProcess dl audioIO content print-1 [256] [2] [1] [1] 
09-07 14:28:50.223   512 13169 D AudioProcessing: sseProcess dl audioIO content print-2 [1] [1] [0x0xb40000763bcc28d0] [0x0xb40000761bca6b00] 
09-07 14:28:50.223   512 13169 D AudioProcessing: sseProcess dl audioIO content print-3 [0x0xb40000761bca7fd0] [0x0xb40000761bcabe40] [0x0xb40000761bca5880] sse->pMain is [0x0xb40000772bcb4e80] 
09-07 14:28:50.224   512 13169 D AudioProcessing: sseProcess dl [handle 0xbc83090] ret[0]
09-07 14:28:50.224   512 13169 D AudioProcessing: sseProcess dl AudioBufferSampleCnt[256] type[768] finish..
09-07 14:28:50.225   512 13241 D HarmanHAL: StreamIn::getCapturePositionImpl
09-07 14:28:50.254   512 13241 D HarmanHAL: StreamIn::getCapturePositionImpl
09-07 14:28:50.280   512  3972 I HarmanHal.Routing: hacs alsa node(pcmMedia_p) adtm interval_min:1 ms, inverval_max:11 ms, inverval_mean:8 ms!
09-07 14:28:50.280   512  3972 I HarmanHal.Routing:  in printADTM() PcmAlsaWrapper.cpp:876
09-07 14:28:50.285   512 13241 D HarmanHAL: StreamIn::getCapturePositionImpl
09-07 14:28:50.444   512 13241 I chatty  : uid=1041(audioserver) reader identical 5 lines
09-07 14:28:50.475   512 13241 D HarmanHAL: StreamIn::getCapturePositionImpl
09-07 14:28:50.477   538   618 W ipcLib  : ipcLib: in ipc_lib. DV1 read called
09-07 14:28:50.515   512 13241 D HarmanHAL: StreamIn::getCapturePositionImpl
09-07 14:28:50.544   512 13241 D HarmanHAL: StreamIn::getCapturePositionImpl
09-07 14:28:50.570   532   569 W ipcLib  : ipcLib: in ipc_lib. DV1 read called
09-07 14:28:50.571   532   568 I VPS     : VPS:IOCStatusInfo.VoltageStatus->0 
09-07 14:28:50.571   532   568 I VPS     : VPS:IOCStatusInfo.IOCStatusCmd->a6 
09-07 14:28:50.571   532   568 I VPS     : VPS:IOCStatusInfo.WakeUpReason->0 
09-07 14:28:50.571   532   568 I VPS     : VPS:IOCStatusInfo.DerivedIgnitionStatus->0 
09-07 14:28:50.571   532   568 I VPS     : VPS:IOCStatusInfo.PowerModeState->4 
09-07 14:28:50.571   532   568 I VPS     : VPS:IOCStatusInfo.SOCShutdownRequest->0 
09-07 14:28:50.571   532   568 I VPS     : VPS:IOCStatusInfo.AntiTheftState->0 
09-07 14:28:50.571   532   568 I VPS     : VPS:IOCStatusInfo.BatteryConnect->0 
09-07 14:28:50.574   512 13241 D HarmanHAL: StreamIn::getCapturePositionImpl
09-07 14:28:50.675   512 13241 I chatty  : uid=1041(audioserver) reader identical 3 lines
09-07 14:28:50.704   512 13241 D HarmanHAL: StreamIn::getCapturePositionImpl
09-07 14:28:50.705   512 13133 I HarmanHal.Routing: hacs alsa node(pcmMicRefIn_c) adtm interval_min:0 ms, inverval_max:12 ms, inverval_mean:7 ms!
09-07 14:28:50.705   512 13133 I HarmanHal.Routing:  in printADTM() PcmAlsaWrapper.cpp:876
09-07 14:28:50.711   512 13159 I HarmanHal.Routing: hacs alsa node(pcmBtHfp_ul_pro_p) adtm interval_min:2 ms, inverval_max:12 ms, inverval_mean:7 ms!
09-07 14:28:50.711   512 13159 I HarmanHal.Routing:  in printADTM() PcmAlsaWrapper.cpp:876
09-07 14:28:50.734   512 13241 D HarmanHAL: StreamIn::getCapturePositionImpl
09-07 14:28:50.764   512 13241 I chatty  : uid=1041(audioserver) reader identical 1 line
09-07 14:28:50.795   512 13241 D HarmanHAL: StreamIn::getCapturePositionImpl
09-07 14:28:50.813   512 13169 I HarmanHal.Routing: hacs alsa node(pcmBtHfp_dl_pre_c) adtm interval_min:0 ms, inverval_max:11 ms, inverval_mean:7 ms!
09-07 14:28:50.813   512 13169 I HarmanHal.Routing:  in printADTM() PcmAlsaWrapper.cpp:876
09-07 14:28:50.815   512 13169 I HarmanHal.Routing: hacs alsa node(pcmHfp_dl_p) adtm interval_min:0 ms, inverval_max:11 ms, inverval_mean:8 ms!
09-07 14:28:50.815   512 13169 I HarmanHal.Routing:  in printADTM() PcmAlsaWrapper.cpp:876
09-07 14:28:50.835   512 13241 D HarmanHAL: StreamIn::getCapturePositionImpl
09-07 14:28:50.864   512 13241 I chatty  : uid=1041(audioserver) reader identical 1 line
09-07 14:28:50.894   512 13241 D HarmanHAL: StreamIn::getCapturePositionImpl
09-07 14:28:50.924   512 13241 I HarmanHal.Routing: hacs alsa node(pcmTunerIn_c) adtm interval_min:29 ms, inverval_max:40 ms, inverval_mean:31 ms!
09-07 14:28:50.924   512 13241 I HarmanHal.Routing:  in printADTM() PcmAlsaWrapper.cpp:876
09-07 14:28:50.924   512 13241 D HarmanHAL: StreamIn::getCapturePositionImpl
09-07 14:28:51.245   512 13241 I chatty  : uid=1041(audioserver) reader identical 10 lines
09-07 14:28:51.274   512 13241 D HarmanHAL: StreamIn::getCapturePositionImpl
09-07 14:28:51.280   512  3972 I HarmanHal.Routing: hacs alsa node(pcmMedia_p) adtm interval_min:1 ms, inverval_max:11 ms, inverval_mean:8 ms!
09-07 14:28:51.280   512  3972 I HarmanHal.Routing:  in printADTM() PcmAlsaWrapper.cpp:876
09-07 14:28:51.314   512 13241 D HarmanHAL: StreamIn::getCapturePositionImpl
09-07 14:28:51.434   512 13241 I chatty  : uid=1041(audioserver) reader identical 4 lines
09-07 14:28:51.475   512 13241 D HarmanHAL: StreamIn::getCapturePositionImpl
09-07 14:28:51.477   538   618 W ipcLib  : ipcLib: in ipc_lib. DV1 read called
09-07 14:28:51.504   512 13241 D HarmanHAL: StreamIn::getCapturePositionImpl
09-07 14:28:51.664   512 13241 I chatty  : uid=1041(audioserver) reader identical 5 lines
09-07 14:28:51.698   512 13241 D HarmanHAL: StreamIn::getCapturePositionImpl
09-07 14:28:51.706   512 13133 I HarmanHal.Routing: hacs alsa node(pcmMicRefIn_c) adtm interval_min:0 ms, inverval_max:11 ms, inverval_mean:8 ms!
09-07 14:28:51.706   512 13133 I HarmanHal.Routing:  in printADTM() PcmAlsaWrapper.cpp:876
09-07 14:28:51.711   512 13159 I HarmanHal.Routing: hacs alsa node(pcmBtHfp_ul_pro_p) adtm interval_min:2 ms, inverval_max:12 ms, inverval_mean:8 ms!
09-07 14:28:51.711   512 13159 I HarmanHal.Routing:  in printADTM() PcmAlsaWrapper.cpp:876
09-07 14:28:51.718   512 13158 D AudioProcessing: sseApply [handle 0xbc80d90][type 512] start..
09-07 14:28:51.718   512 13158 D AudioProcessing: sseProcess ul audioIO content print-1 [256] [2] [4] [1] 
09-07 14:28:51.718   512 13158 D AudioProcessing: sseProcess ul audioIO content print-2 [6] [1] [0x3bcbc5a0] [0x5bc7ede0] 
09-07 14:28:51.718   512 13158 D AudioProcessing: sseProcess ul audioIO content print-3 [0x1bca1320 [0x8bc84110] [0x1bc9f9b0] sse->pMain is [0x2bca4a60] 
09-07 14:28:51.719   512 13158 D AudioProcessing: sseProcess ul [handle 0xbc80d90]  ret[0]
09-07 14:28:51.719   512 13158 D AudioProcessing: sseProcess ul AudioBufferSampleCnt[256] type[512] finish..
09-07 14:28:51.724   512 13241 D HarmanHAL: StreamIn::getCapturePositionImpl
09-07 14:28:51.754   512 13241 I chatty  : uid=1041(audioserver) reader identical 1 line
09-07 14:28:51.795   512 13241 D HarmanHAL: StreamIn::getCapturePositionImpl
09-07 14:28:51.814   512 13169 I HarmanHal.Routing: hacs alsa node(pcmBtHfp_dl_pre_c) adtm interval_min:0 ms, inverval_max:10 ms, inverval_mean:8 ms!
09-07 14:28:51.814   512 13169 I HarmanHal.Routing:  in printADTM() PcmAlsaWrapper.cpp:876
09-07 14:28:51.815   512 13169 I HarmanHal.Routing: hacs alsa node(pcmHfp_dl_p) adtm interval_min:0 ms, inverval_max:11 ms, inverval_mean:8 ms!
09-07 14:28:51.815   512 13169 I HarmanHal.Routing:  in printADTM() PcmAlsaWrapper.cpp:876
09-07 14:28:51.823   512 13169 D AudioProcessing: sseApply [handle 0xbc83090][type 768] start..
09-07 14:28:51.823   512 13169 D AudioProcessing: sseProcess dl audioIO content print-1 [256] [2] [1] [1] 
09-07 14:28:51.823   512 13169 D AudioProcessing: sseProcess dl audioIO content print-2 [1] [1] [0x0xb40000763bcc28d0] [0x0xb40000761bca6b00] 
09-07 14:28:51.823   512 13169 D AudioProcessing: sseProcess dl audioIO content print-3 [0x0xb40000761bca7fd0] [0x0xb40000761bcabe40] [0x0xb40000761bca5880] sse->pMain is [0x0xb40000772bcb4e80] 
09-07 14:28:51.824   512 13169 D AudioProcessing: sseProcess dl [handle 0xbc83090] ret[0]
09-07 14:28:51.824   512 13169 D AudioProcessing: sseProcess dl AudioBufferSampleCnt[256] type[768] finish..
09-07 14:28:51.824   512 13241 D HarmanHAL: StreamIn::getCapturePositionImpl
09-07 14:28:51.854   512 13241 I chatty  : uid=1041(audioserver) reader identical 1 line
09-07 14:28:51.884   512 13241 D HarmanHAL: StreamIn::getCapturePositionImpl
09-07 14:28:51.914   512 13241 I HarmanHal.Routing: hacs alsa node(pcmTunerIn_c) adtm interval_min:29 ms, inverval_max:40 ms, inverval_mean:31 ms!
09-07 14:28:51.914   512 13241 I HarmanHal.Routing:  in printADTM() PcmAlsaWrapper.cpp:876
09-07 14:28:51.915   512 13241 D HarmanHAL: StreamIn::getCapturePositionImpl
09-07 14:28:52.235   512 13241 I chatty  : uid=1041(audioserver) reader identical 10 lines
09-07 14:28:52.274   512 13241 D HarmanHAL: StreamIn::getCapturePositionImpl
09-07 14:28:52.280   512  3972 I HarmanHal.Routing: hacs alsa node(pcmMedia_p) adtm interval_min:1 ms, inverval_max:10 ms, inverval_mean:8 ms!
09-07 14:28:52.280   512  3972 I HarmanHal.Routing:  in printADTM() PcmAlsaWrapper.cpp:876
09-07 14:28:52.305   512 13241 D HarmanHAL: StreamIn::getCapturePositionImpl
09-07 14:28:52.435   512 13241 I chatty  : uid=1041(audioserver) reader identical 4 lines
09-07 14:28:52.464   512 13241 D HarmanHAL: StreamIn::getCapturePositionImpl
09-07 14:28:52.478   538   618 W ipcLib  : ipcLib: in ipc_lib. DV1 read called
09-07 14:28:52.495   512 13241 D HarmanHAL: StreamIn::getCapturePositionImpl
09-07 14:28:52.625   512 13241 I chatty  : uid=1041(audioserver) reader identical 4 lines
09-07 14:28:52.654   512 13241 D HarmanHAL: StreamIn::getCapturePositionImpl
09-07 14:28:52.669   532   569 W ipcLib  : ipcLib: in ipc_lib. DV1 read called
09-07 14:28:52.669   532   568 I VPS     : VPS:IOCStatusInfo.VoltageStatus->0 
09-07 14:28:52.669   532   568 I VPS     : VPS:IOCStatusInfo.IOCStatusCmd->a6 
09-07 14:28:52.670   532   568 I VPS     : VPS:IOCStatusInfo.WakeUpReason->0 
09-07 14:28:52.670   532   568 I VPS     : VPS:IOCStatusInfo.DerivedIgnitionStatus->0 
09-07 14:28:52.670   532   568 I VPS     : VPS:IOCStatusInfo.PowerModeState->4 
09-07 14:28:52.670   532   568 I VPS     : VPS:IOCStatusInfo.SOCShutdownRequest->0 
09-07 14:28:52.670   532   568 I VPS     : VPS:IOCStatusInfo.AntiTheftState->0 
09-07 14:28:52.670   532   568 I VPS     : VPS:IOCStatusInfo.BatteryConnect->0 
09-07 14:28:52.685   512 13241 D HarmanHAL: StreamIn::getCapturePositionImpl
09-07 14:28:52.705   512 13133 I HarmanHal.Routing: hacs alsa node(pcmMicRefIn_c) adtm interval_min:0 ms, inverval_max:12 ms, inverval_mean:7 ms!
09-07 14:28:52.705   512 13133 I HarmanHal.Routing:  in printADTM() PcmAlsaWrapper.cpp:876
09-07 14:28:52.711   512 13159 I HarmanHal.Routing: hacs alsa node(pcmBtHfp_ul_pro_p) adtm interval_min:2 ms, inverval_max:13 ms, inverval_mean:8 ms!
09-07 14:28:52.711   512 13159 I HarmanHal.Routing:  in printADTM() PcmAlsaWrapper.cpp:876
09-07 14:28:52.714   512 13241 D HarmanHAL: StreamIn::getCapturePositionImpl
09-07 14:28:52.756   512 13241 I chatty  : uid=1041(audioserver) reader identical 1 line
09-07 14:28:52.784   512 13241 D HarmanHAL: StreamIn::getCapturePositionImpl
09-07 14:28:52.813   512 13169 I HarmanHal.Routing: hacs alsa node(pcmBtHfp_dl_pre_c) adtm interval_min:0 ms, inverval_max:11 ms, inverval_mean:7 ms!
09-07 14:28:52.813   512 13169 I HarmanHal.Routing:  in printADTM() PcmAlsaWrapper.cpp:876
09-07 14:28:52.814   512 13241 D HarmanHAL: StreamIn::getCapturePositionImpl
09-07 14:28:52.814   512 13169 I HarmanHal.Routing: hacs alsa node(pcmHfp_dl_p) adtm interval_min:0 ms, inverval_max:11 ms, inverval_mean:7 ms!
09-07 14:28:52.814   512 13169 I HarmanHal.Routing:  in printADTM() PcmAlsaWrapper.cpp:876
09-07 14:28:52.845   512 13241 D HarmanHAL: StreamIn::getCapturePositionImpl
09-07 14:28:52.875   512 13241 D HarmanHAL: StreamIn::getCapturePositionImpl
09-07 14:28:52.914   512 13241 I HarmanHal.Routing: hacs alsa node(pcmTunerIn_c) adtm interval_min:30 ms, inverval_max:40 ms, inverval_mean:32 ms!
09-07 14:28:52.914   512 13241 I HarmanHal.Routing:  in printADTM() PcmAlsaWrapper.cpp:876
09-07 14:28:52.915   512 13241 D HarmanHAL: StreamIn::getCapturePositionImpl
09-07 14:28:53.234   512 13241 I chatty  : uid=1041(audioserver) reader identical 10 lines
09-07 14:28:53.265   512 13241 D HarmanHAL: StreamIn::getCapturePositionImpl
09-07 14:28:53.280   512  3972 I HarmanHal.Routing: hacs alsa node(pcmMedia_p) adtm interval_min:0 ms, inverval_max:11 ms, inverval_mean:8 ms!
09-07 14:28:53.280   512  3972 I HarmanHal.Routing:  in printADTM() PcmAlsaWrapper.cpp:876
09-07 14:28:53.294   512 13241 D HarmanHAL: StreamIn::getCapturePositionImpl
09-07 14:28:53.318   512 13158 D AudioProcessing: sseApply [handle 0xbc80d90][type 512] start..
09-07 14:28:53.318   512 13158 D AudioProcessing: sseProcess ul audioIO content print-1 [256] [2] [4] [1] 
09-07 14:28:53.318   512 13158 D AudioProcessing: sseProcess ul audioIO content print-2 [6] [1] [0x3bcbc5a0] [0x5bc7ede0] 
09-07 14:28:53.318   512 13158 D AudioProcessing: sseProcess ul audioIO content print-3 [0x1bca1320 [0x8bc84110] [0x1bc9f9b0] sse->pMain is [0x2bca4a60] 
09-07 14:28:53.319   512 13158 D AudioProcessing: sseProcess ul [handle 0xbc80d90]  ret[0]
09-07 14:28:53.319   512 13158 D AudioProcessing: sseProcess ul AudioBufferSampleCnt[256] type[512] finish..
09-07 14:28:53.324   512 13241 D HarmanHAL: StreamIn::getCapturePositionImpl
09-07 14:28:53.354   512 13241 I chatty  : uid=1041(audioserver) reader identical 1 line
09-07 14:28:53.394   512 13241 D HarmanHAL: StreamIn::getCapturePositionImpl
09-07 14:28:53.423   512 13169 D AudioProcessing: sseApply [handle 0xbc83090][type 768] start..
09-07 14:28:53.423   512 13169 D AudioProcessing: sseProcess dl audioIO content print-1 [256] [2] [1] [1] 
09-07 14:28:53.423   512 13169 D AudioProcessing: sseProcess dl audioIO content print-2 [1] [1] [0x0xb40000763bcc28d0] [0x0xb40000761bca6b00] 
09-07 14:28:53.423   512 13169 D AudioProcessing: sseProcess dl audioIO content print-3 [0x0xb40000761bca7fd0] [0x0xb40000761bcabe40] [0x0xb40000761bca5880] sse->pMain is [0x0xb40000772bcb4e80] 
09-07 14:28:53.424   512 13169 D AudioProcessing: sseProcess dl [handle 0xbc83090] ret[0]
09-07 14:28:53.424   512 13169 D AudioProcessing: sseProcess dl AudioBufferSampleCnt[256] type[768] finish..
09-07 14:28:53.424   512 13241 D HarmanHAL: StreamIn::getCapturePositionImpl
09-07 14:28:53.455   512 13241 D HarmanHAL: StreamIn::getCapturePositionImpl
09-07 14:28:53.477   538   618 W ipcLib  : ipcLib: in ipc_lib. DV1 read called
09-07 14:28:53.484   512 13241 D HarmanHAL: StreamIn::getCapturePositionImpl
09-07 14:28:53.645   512 13241 I chatty  : uid=1041(audioserver) reader identical 5 lines
09-07 14:28:53.674   512 13241 D HarmanHAL: StreamIn::getCapturePositionImpl
09-07 14:28:53.706   512 13133 I HarmanHal.Routing: hacs alsa node(pcmMicRefIn_c) adtm interval_min:0 ms, inverval_max:11 ms, inverval_mean:8 ms!
09-07 14:28:53.706   512 13133 I HarmanHal.Routing:  in printADTM() PcmAlsaWrapper.cpp:876
09-07 14:28:53.711   512 13159 I HarmanHal.Routing: hacs alsa node(pcmBtHfp_ul_pro_p) adtm interval_min:2 ms, inverval_max:12 ms, inverval_mean:8 ms!
09-07 14:28:53.711   512 13159 I HarmanHal.Routing:  in printADTM() PcmAlsaWrapper.cpp:876
09-07 14:28:53.714   512 13241 D HarmanHAL: StreamIn::getCapturePositionImpl
09-07 14:28:53.774   512 13241 I chatty  : uid=1041(audioserver) reader identical 2 lines
09-07 14:28:53.804   512 13241 D HarmanHAL: StreamIn::getCapturePositionImpl
09-07 14:28:53.814   512 13169 I HarmanHal.Routing: hacs alsa node(pcmBtHfp_dl_pre_c) adtm interval_min:0 ms, inverval_max:10 ms, inverval_mean:8 ms!
09-07 14:28:53.814   512 13169 I HarmanHal.Routing:  in printADTM() PcmAlsaWrapper.cpp:876
09-07 14:28:53.815   512 13169 I HarmanHal.Routing: hacs alsa node(pcmHfp_dl_p) adtm interval_min:0 ms, inverval_max:11 ms, inverval_mean:8 ms!
09-07 14:28:53.815   512 13169 I HarmanHal.Routing:  in printADTM() PcmAlsaWrapper.cpp:876
09-07 14:28:53.835   512 13241 D HarmanHAL: StreamIn::getCapturePositionImpl
09-07 14:28:53.875   512 13241 D HarmanHAL: StreamIn::getCapturePositionImpl
09-07 14:28:53.904   512 13241 I HarmanHal.Routing: hacs alsa node(pcmTunerIn_c) adtm interval_min:30 ms, inverval_max:40 ms, inverval_mean:31 ms!
09-07 14:28:53.904   512 13241 I HarmanHal.Routing:  in printADTM() PcmAlsaWrapper.cpp:876
09-07 14:28:53.905   512 13241 D HarmanHAL: StreamIn::getCapturePositionImpl
09-07 14:28:53.966   512 13241 I chatty  : uid=1041(audioserver) reader identical 2 lines
09-07 14:28:53.994   512 13241 D HarmanHAL: StreamIn::getCapturePositionImpl
09-07 14:28:54.000   532   569 I VPS     : VPS:VehiclePlatformSOCHeartBeatHandler IVI HeartBeat sent successfully SOCHeartBeatInfo.SOCStatus->2
09-07 14:28:54.000   532   569 W ipcLib  : ipcLib: in ipc_lib. DV1 write called
09-07 14:28:54.002   532   569 W ipcLib  : ipcLib: in ipc_lib. DV1 read called
01-01 00:03:56.993     0     0 I init    : starting service 'qccsyshalservice'...
01-01 00:03:57.001     0     0 I init    : starting service 'vendor.sensors-hal-1-0'...
01-01 00:03:57.008     0     0 I init    : starting service 'LogManager'...
09-07 14:28:54.029   376   376 I hwservicemanager: getTransport: Cannot find entry android.hardware.sensors@1.0::ISensors/default in either framework or device manifest.
09-07 14:28:54.036 14736 14736 E android.hardware.sensors@1.0-service: Couldn't load sensors module (Unknown error -2147483648)
09-07 14:28:54.036 14736 14736 D RefBase : RefBase: Explicit destruction, weak count = 0 (in 0xb4000071fc235ec8)
09-07 14:28:54.036 14736 14736 W RefBase : CallStack::getCurrentInternal not linked, returning null
09-07 14:28:54.036 14736 14736 W RefBase : CallStack::logStackInternal not linked
09-07 14:28:54.036   512 13241 D HarmanHAL: StreamIn::getCapturePositionImpl
09-07 14:28:54.037 14736 14736 E LegacySupport: Could not get passthrough implementation for android.hardware.sensors@1.0::ISensors/default.
01-01 00:03:57.028     0     0 I init    : Service 'vendor.sensors-hal-1-0' (pid 14736) exited with status 1
01-01 00:03:57.028     0     0 I init    : Sending signal 9 to service 'vendor.sensors-hal-1-0' (pid 14736) process group...
01-01 00:03:57.029     0     0 I libprocessgroup: Successfully killed process cgroup uid 1000 pid 14736 in 0ms
09-07 14:28:54.045 14735 14735 I qccsyshalservice: Start with system binder
09-07 14:28:54.046 14735 14735 I qccsyshalservice: Registering qccsyshal service...
09-07 14:28:54.047   376   376 I hwservicemanager: getTransport: Cannot find entry vendor.qti.hardware.qccsyshal@1.0::IQccsyshal/qccsyshal in either framework or device manifest.
09-07 14:28:54.050 14735 14735 E HidlServiceManagement: Service vendor.qti.hardware.qccsyshal@1.0::IQccsyshal/qccsyshal must be in VINTF manifest in order to register/get.
09-07 14:28:54.050 14735 14735 E qccsyshalservice: [ERROR] registerAsService() failed with status: -2147483648
09-07 14:28:54.050 14737 14737 D LOGMANAGER: LOGMANAGER HAL service init() start
09-07 14:28:54.051 14737 14737 D LOGMANAGER: Logmanager configured rpcthreadpool
09-07 14:28:54.047 14737 14737 I vendor.harman.L: type=1400 audit(0.0:2854): avc: denied { read } for name="u:object_r:hwservicemanager_prop:s0" dev="tmpfs" ino=24519 scontext=u:r:logmanagerd:s0 tcontext=u:object_r:hwservicemanager_prop:s0 tclass=file permissive=1
09-07 14:28:54.047 14737 14737 I vendor.harman.L: type=1400 audit(0.0:2855): avc: denied { open } for path="/dev/__properties__/u:object_r:hwservicemanager_prop:s0" dev="tmpfs" ino=24519 scontext=u:r:logmanagerd:s0 tcontext=u:object_r:hwservicemanager_prop:s0 tclass=file permissive=1
09-07 14:28:54.052 14737 14737 I HidlServiceManagement: Registered vendor.harman.hardware.LogManager@1.0::ILogManager/default
09-07 14:28:54.053 14737 14737 D LOGMANAGER: Logmanager HAL Service is registered and ready
09-07 14:28:54.053 14737 14737 I LOGMANAGER: ThreadPoolWrapper::initThreadPool
09-07 14:28:54.053 14737 14737 I LOGMANAGER: ThreadPoolWrapper : exit
09-07 14:28:54.053 14737 14737 D LOGMANAGER: Logmanager threadpoolwrapper created
09-07 14:28:54.053 14737 14737 D LOGMANAGER: User argument is -c
09-07 14:28:54.053 14737 14738 I LOGMANAGER: ThreadPoolWrapper:  enter the joinRpcThreadpool()
01-01 00:03:57.042     0     0 I init    : Service 'qccsyshalservice' (pid 14735) exited with status 1
09-07 14:28:54.053 14737 14737 I LOGMANAGER: LogmanagerConfig is configured under config file
01-01 00:03:57.042     0     0 I init    : Sending signal 9 to service 'qccsyshalservice' (pid 14735) process group...
09-07 14:28:54.047 14737 14737 I vendor.harman.L: type=1400 audit(0.0:2856): avc: denied { getattr } for path="/dev/__properties__/u:object_r:hwservicemanager_prop:s0" dev="tmpfs" ino=24519 scontext=u:r:logmanagerd:s0 tcontext=u:object_r:hwservicemanager_prop:s0 tclass=file permissive=1
01-01 00:03:57.043     0     0 I libprocessgroup: Successfully killed process cgroup uid 1000 pid 14735 in 0ms
09-07 14:28:54.053 14737 14737 I LOGMANAGER: LoggingLevel is : 4
01-01 00:03:57.043     0     0 W audit   : audit_lost=1295 audit_rate_limit=5 audit_backlog_limit=64
01-01 00:03:57.043     0     0 E audit   : rate limit exceeded
09-07 14:28:54.053 14737 14737 I LOGMANAGER: LogEnableState is : 0
09-07 14:28:54.053 14737 14737 I LOGMANAGER: OutputPluginConfiguration PluginType : LOGWRITTER
09-07 14:28:54.053 14737 14737 I LOGMANAGER: LM_OutputConfiguration : 1
09-07 14:28:54.053 14737 14737 I LOGMANAGER: LM_OfflineTraceDirectory : /data/cache
09-07 14:28:54.053 14737 14737 I LOGMANAGER: LM_OfflineTraceFILESize : 1000000
09-07 14:28:54.053 14737 14737 I LOGMANAGER: LM_OfflineTotalFILESSize : 20000000
09-07 14:28:54.053 14737 14737 I LOGMANAGER: LM_FileNameTimeStampBased : 0
09-07 14:28:54.053 14737 14737 I LOGMANAGER: Got IOC plugin
09-07 14:28:54.053 14737 14737 I LOGMANAGER: IOCIPCChannelNumber :6
09-07 14:28:54.053 14737 14737 I LOGMANAGER: keyseq: HOME + VOLUMEDOWN  for domain is AudioDump
09-07 14:28:54.053 14737 14737 I LOGMANAGER: keyseq: HOME + VOLUMEUP  for domain is HCIDump
09-07 14:28:54.053 14737 14737 I LOGMANAGER: Domains parsing is done
09-07 14:28:54.047 14737 14737 I vendor.harman.L: type=1400 audit(0.0:2857): avc: denied { map } for path="/dev/__properties__/u:object_r:hwservicemanager_prop:s0" dev="tmpfs" ino=24519 scontext=u:r:logmanagerd:s0 tcontext=u:object_r:hwservicemanager_prop:s0 tclass=file permissive=1
09-07 14:28:54.059 14737 14737 E LOGMANAGER: Failed to load plugin /vendor/lib64/libIOCDLogReader.so with error code dlopen failed: library "/vendor/lib64/libIOCDLogReader.so" not found 
09-07 14:28:54.047 14737 14737 I vendor.harman.L: type=1400 audit(0.0:2858): avc: denied { dac_read_search } for capability=2 scontext=u:r:logmanagerd:s0 tcontext=u:r:logmanagerd:s0 tclass=capability permissive=1
09-07 14:28:54.059 14737 14737 F libc    : Fatal signal 11 (SIGSEGV), code 1 (SEGV_MAPERR), fault addr 0x0 in tid 14737 (vendor.harman.L), pid 14737 (vendor.harman.L)
09-07 14:28:54.064   512 13241 D HarmanHAL: StreamIn::getCapturePositionImpl
09-07 14:28:54.077 14741 14741 I crash_dump64: obtaining output fd from tombstoned, type: kDebuggerdTombstone
09-07 14:28:54.079   463   463 I tombstoned: received crash request for pid 14737
09-07 14:28:54.080 14741 14741 I crash_dump64: performing dump of process 14737 (target tid = 14737)
09-07 14:28:54.083 14741 14741 F DEBUG   : *** *** *** *** *** *** *** *** *** *** *** *** *** *** *** ***
09-07 14:28:54.083 14741 14741 F DEBUG   : Build fingerprint: 'qti/titan_tml_b2/titan_tml_b2:11/RQ3A.210605.005/eng.ksong.20210907.134230:userdebug/test-keys'
09-07 14:28:54.083 14741 14741 F DEBUG   : Revision: '0'
09-07 14:28:54.083 14741 14741 F DEBUG   : ABI: 'arm64'
09-07 14:28:54.084 14741 14741 F DEBUG   : Timestamp: 2021-09-07 14:28:54+0000
09-07 14:28:54.084 14741 14741 F DEBUG   : pid: 14737, tid: 14737, name: vendor.harman.L  >>> /vendor/bin/hw/vendor.harman.LogManager@1.0-service <<<
09-07 14:28:54.084 14741 14741 F DEBUG   : uid: 0
09-07 14:28:54.084 14741 14741 F DEBUG   : signal 11 (SIGSEGV), code 1 (SEGV_MAPERR), fault addr 0x0
09-07 14:28:54.085 14741 14741 F DEBUG   : Cause: null pointer dereference
09-07 14:28:54.085 14741 14741 F DEBUG   :     x0  0000000000000000  x1  0000000000000000  x2  0000000000080001  x3  0000000000000000
09-07 14:28:54.085 14741 14741 F DEBUG   :     x4  0000000000000000  x5  0000000000008000  x6  53736d647543ff6f  x7  7f7f7f7f7f7f7f7f
09-07 14:28:54.085 14741 14741 F DEBUG   :     x8  0101010101010101  x9  7ddfb3d2c9785884  x10 0000007fcab61a58  x11 fffffffffffffffd
09-07 14:28:54.085 14741 14741 F DEBUG   :     x12 0000007fcab61be0  x13 000000000000008e  x14 0003567dacd17800  x15 0000000034155555
09-07 14:28:54.085 14741 14741 F DEBUG   :     x16 00000061c14027e0  x17 0000007aaa019b30  x18 0000007aaad20000  x19 0000000000000000
09-07 14:28:54.085 14741 14741 F DEBUG   :     x20 0000007aaa8fdc50  x21 0000007fcab622f9  x22 b4000079a9f738e8  x23 0000007fcab62318
09-07 14:28:54.085 14741 14741 F DEBUG   :     x24 0000000000000000  x25 0000007aaabc4000  x26 0000007fcab622f9  x27 0000007fcab622c9
09-07 14:28:54.085 14741 14741 F DEBUG   :     x28 0000000000000000  x29 0000007fcab62200
09-07 14:28:54.085 14741 14741 F DEBUG   :     lr  00000061c13f9048  sp  0000007fcab62200  pc  0000007aaa019b40  pst 0000000080000000
09-07 14:28:54.089 14741 14741 F DEBUG   : backtrace:
09-07 14:28:54.090 14741 14741 F DEBUG   :       #00 pc 000000000004ab40  /apex/com.android.runtime/lib64/bionic/libc.so (strlen_default+16) (BuildId: 2b7c6e33413ac7278a15dfc3ea383089)
09-07 14:28:54.090 14741 14741 F DEBUG   :       #01 pc 0000000000009044  /vendor/bin/hw/vendor.harman.LogManager@1.0-service (BuildId: 3e966ab64050b441b920ba0e8960d123)
09-07 14:28:54.090 14741 14741 F DEBUG   :       #02 pc 0000000000008df0  /vendor/bin/hw/vendor.harman.LogManager@1.0-service (LM::LogManagerImpl::load_plugin_conf(void*, std::__1::basic_string<char, std::__1::char_traits<char>, std::__1::allocator<char> >, std::__1::multimap<std::__1::basic_string<char, std::__1::char_traits<char>, std::__1::allocator<char> >, int, std::__1::less<std::__1::basic_string<char, std::__1::char_traits<char>, std::__1::allocator<char> > >, std::__1::allocator<std::__1::pair<std::__1::basic_string<char, std::__1::char_traits<char>, std::__1::allocator<char> > const, int> > >&)+752) (BuildId: 3e966ab64050b441b920ba0e8960d123)
09-07 14:28:54.091 14741 14741 F DEBUG   :       #03 pc 00000000000088c0  /vendor/bin/hw/vendor.harman.LogManager@1.0-service (LM::LogManagerImpl::loadplugins()+436) (BuildId: 3e966ab64050b441b920ba0e8960d123)
09-07 14:28:54.091 14741 14741 F DEBUG   :       #04 pc 0000000000007af8  /vendor/bin/hw/vendor.harman.LogManager@1.0-service (main+1112) (BuildId: 3e966ab64050b441b920ba0e8960d123)
09-07 14:28:54.091 14741 14741 F DEBUG   :       #05 pc 000000000004988c  /apex/com.android.runtime/lib64/bionic/libc.so (__libc_init+108) (BuildId: 2b7c6e33413ac7278a15dfc3ea383089)
09-07 14:28:54.096   512 13241 D HarmanHAL: StreamIn::getCapturePositionImpl
01-01 00:03:57.103     0     0 D logd    : logdr: UID=0 GID=1000 PID=14741 n tail=50 logMask=8 pid=14737 start=0ns timeout=0ns
01-01 00:03:57.112     0     0 D logd    : logdr: UID=0 GID=1000 PID=14741 n tail=50 logMask=1 pid=14737 start=0ns timeout=0ns
01-01 00:03:57.140     0     0 D logd    : logdr: UID=0 GID=1000 PID=14741 n tail=0 logMask=8 pid=14737 start=0ns timeout=0ns
01-01 00:03:57.148     0     0 D logd    : logdr: UID=0 GID=1000 PID=14741 n tail=0 logMask=1 pid=14737 start=0ns timeout=0ns
09-07 14:28:54.169  1033  1270 W NativeCrashListener: Couldn't find ProcessRecord for pid 14737
09-07 14:28:54.124   512 13241 I chatty  : uid=1041(audioserver) reader identical 1 line
09-07 14:28:54.154   512 13241 D HarmanHAL: StreamIn::getCapturePositionImpl
09-07 14:28:54.169 14741 14741 E crash_dump64: AM data write failed: Broken pipe
09-07 14:28:54.172   463   463 E tombstoned: Tombstone written to: /data/tombstones/tombstone_13
01-01 00:03:57.161     0     0 I init    : Untracked pid 14741 exited with status 0
09-07 14:28:54.180  1033  1095 I BootReceiver: Copying /data/tombstones/tombstone_13 to DropBox (SYSTEM_TOMBSTONE)
09-07 14:28:54.183  1033  1095 I DropBoxManagerService: add tag=SYSTEM_TOMBSTONE isTagEnabled=true flags=0x2
09-07 14:28:54.195   512 13241 D HarmanHAL: StreamIn::getCapturePositionImpl
09-07 14:28:54.224   512 13241 I chatty  : uid=1041(audioserver) reader identical 1 line
09-07 14:28:54.254   512 13241 D HarmanHAL: StreamIn::getCapturePositionImpl
09-07 14:28:54.280   512  3972 I HarmanHal.Routing: hacs alsa node(pcmMedia_p) adtm interval_min:0 ms, inverval_max:10 ms, inverval_mean:8 ms!
09-07 14:28:54.280   512  3972 I HarmanHal.Routing:  in printADTM() PcmAlsaWrapper.cpp:876
09-07 14:28:54.285   512 13241 D HarmanHAL: StreamIn::getCapturePositionImpl
09-07 14:28:54.444   512 13241 I chatty  : uid=1041(audioserver) reader identical 5 lines
09-07 14:28:54.474   512 13241 D HarmanHAL: StreamIn::getCapturePositionImpl
09-07 14:28:54.477   538   618 W ipcLib  : ipcLib: in ipc_lib. DV1 read called
09-07 14:28:54.499   911  4981 D BufferPoolAccessor2.0: bufferpool2 0xb400007205c6d498 : 2(1048576 size) total buffers - 1(524288 size) used buffers - 2767/2777 (recycle/alloc) - 24/2777 (fetch/transfer)
09-07 14:28:54.515   512 13241 D HarmanHAL: StreamIn::getCapturePositionImpl
09-07 14:28:54.604   512 13241 I chatty  : uid=1041(audioserver) reader identical 3 lines
09-07 14:28:54.635   512 13241 D HarmanHAL: StreamIn::getCapturePositionImpl
09-07 14:28:54.672   536   612 E pathology: [ProcessCrashHandler:: parseTombstoneFileName]string not found
09-07 14:28:54.673   536   612 I chatty  : uid=0(root) vendor.harman.p identical 4 lines
09-07 14:28:54.673   536   612 E pathology: [ProcessCrashHandler:: parseTombstoneFileName]string not found
09-07 14:28:54.675   512 13241 D HarmanHAL: StreamIn::getCapturePositionImpl
09-07 14:28:54.705   512 13241 D HarmanHAL: StreamIn::getCapturePositionImpl
09-07 14:28:54.706   512 13133 I HarmanHal.Routing: hacs alsa node(pcmMicRefIn_c) adtm interval_min:0 ms, inverval_max:12 ms, inverval_mean:8 ms!
09-07 14:28:54.706   512 13133 I HarmanHal.Routing:  in printADTM() PcmAlsaWrapper.cpp:876
09-07 14:28:54.711   512 13159 I HarmanHal.Routing: hacs alsa node(pcmBtHfp_ul_pro_p) adtm interval_min:2 ms, inverval_max:12 ms, inverval_mean:8 ms!
09-07 14:28:54.711   512 13159 I HarmanHal.Routing:  in printADTM() PcmAlsaWrapper.cpp:876
09-07 14:28:54.734   512 13241 D HarmanHAL: StreamIn::getCapturePositionImpl
09-07 14:28:54.740   537   711 W TunerCommon: EventThd::run:deliverEvent: OK
09-07 14:28:54.740   537   722 I TunerCommon: CTunerTimer::startTimer: altMsecTimeout = 15000
09-07 14:28:54.764   512 13241 D HarmanHAL: StreamIn::getCapturePositionImpl
09-07 14:28:54.769   532   569 W ipcLib  : ipcLib: in ipc_lib. DV1 read called
09-07 14:28:54.769   532   568 I VPS     : VPS:IOCStatusInfo.VoltageStatus->0 
09-07 14:28:54.769   532   568 I VPS     : VPS:IOCStatusInfo.IOCStatusCmd->a6 
09-07 14:28:54.769   532   568 I VPS     : VPS:IOCStatusInfo.WakeUpReason->0 
09-07 14:28:54.769   532   568 I VPS     : VPS:IOCStatusInfo.DerivedIgnitionStatus->0 
09-07 14:28:54.769   532   568 I VPS     : VPS:IOCStatusInfo.PowerModeState->4 
09-07 14:28:54.769   532   568 I VPS     : VPS:IOCStatusInfo.SOCShutdownRequest->0 
09-07 14:28:54.769   532   568 I VPS     : VPS:IOCStatusInfo.AntiTheftState->0 
09-07 14:28:54.770   532   568 I VPS     : VPS:IOCStatusInfo.BatteryConnect->0 
09-07 14:28:54.795   512 13241 D HarmanHAL: StreamIn::getCapturePositionImpl
09-07 14:28:54.813   512 13169 I HarmanHal.Routing: hacs alsa node(pcmBtHfp_dl_pre_c) adtm interval_min:0 ms, inverval_max:10 ms, inverval_mean:7 ms!
09-07 14:28:54.813   512 13169 I HarmanHal.Routing:  in printADTM() PcmAlsaWrapper.cpp:876
09-07 14:28:54.815   512 13169 I HarmanHal.Routing: hacs alsa node(pcmHfp_dl_p) adtm interval_min:0 ms, inverval_max:12 ms, inverval_mean:8 ms!
09-07 14:28:54.815   512 13169 I HarmanHal.Routing:  in printADTM() PcmAlsaWrapper.cpp:876
09-07 14:28:54.835   512 13241 D HarmanHAL: StreamIn::getCapturePositionImpl
09-07 14:28:54.865   512 13241 D HarmanHAL: StreamIn::getCapturePositionImpl
09-07 14:28:54.894   512 13241 I HarmanHal.Routing: hacs alsa node(pcmTunerIn_c) adtm interval_min:28 ms, inverval_max:42 ms, inverval_mean:31 ms!
09-07 14:28:54.894   512 13241 I HarmanHal.Routing:  in printADTM() PcmAlsaWrapper.cpp:876
09-07 14:28:54.895   512 13241 D HarmanHAL: StreamIn::getCapturePositionImpl
09-07 14:28:54.917   512 13158 D AudioProcessing: sseApply [handle 0xbc80d90][type 512] start..
09-07 14:28:54.918   512 13158 D AudioProcessing: sseProcess ul audioIO content print-1 [256] [2] [4] [1] 
09-07 14:28:54.918   512 13158 D AudioProcessing: sseProcess ul audioIO content print-2 [6] [1] [0x3bcbc5a0] [0x5bc7ede0] 
09-07 14:28:54.918   512 13158 D AudioProcessing: sseProcess ul audioIO content print-3 [0x1bca1320 [0x8bc84110] [0x1bc9f9b0] sse->pMain is [0x2bca4a60] 
09-07 14:28:54.919   512 13158 D AudioProcessing: sseProcess ul [handle 0xbc80d90]  ret[0]
09-07 14:28:54.919   512 13158 D AudioProcessing: sseProcess ul AudioBufferSampleCnt[256] type[512] finish..
09-07 14:28:54.924   512 13241 D HarmanHAL: StreamIn::getCapturePositionImpl
09-07 14:28:54.954   512 13241 I chatty  : uid=1041(audioserver) reader identical 1 line
09-07 14:28:54.994   512 13241 D HarmanHAL: StreamIn::getCapturePositionImpl
09-07 14:28:55.023   512 13169 D AudioProcessing: sseApply [handle 0xbc83090][type 768] start..
09-07 14:28:55.023   512 13169 D AudioProcessing: sseProcess dl audioIO content print-1 [256] [2] [1] [1] 
09-07 14:28:55.023   512 13169 D AudioProcessing: sseProcess dl audioIO content print-2 [1] [1] [0x0xb40000763bcc28d0] [0x0xb40000761bca6b00] 
09-07 14:28:55.023   512 13169 D AudioProcessing: sseProcess dl audioIO content print-3 [0x0xb40000761bca7fd0] [0x0xb40000761bcabe40] [0x0xb40000761bca5880] sse->pMain is [0x0xb40000772bcb4e80] 
09-07 14:28:55.024   512 13169 D AudioProcessing: sseProcess dl [handle 0xbc83090] ret[0]
09-07 14:28:55.024   512 13169 D AudioProcessing: sseProcess dl AudioBufferSampleCnt[256] type[768] finish..
09-07 14:28:55.024   512 13241 D HarmanHAL: StreamIn::getCapturePositionImpl
09-07 14:28:55.085   512 13241 I chatty  : uid=1041(audioserver) reader identical 2 lines
09-07 14:28:55.114   512 13241 D HarmanHAL: StreamIn::getCapturePositionImpl
09-07 14:28:55.135   536   536 I vendor.harman.p: type=1400 audit(0.0:2881): avc: denied { create } for name="PROCCRASH_PF_1631024934.lz4" scontext=u:r:pathologyd:s0 tcontext=u:object_r:vendor_data_file:s0 tclass=file permissive=1
09-07 14:28:55.135   536   536 I vendor.harman.p: type=1400 audit(0.0:2882): avc: denied { write open } for path="/data/vendor/pathologyArchive/2/PROCCRASH_PF_1631024934.lz4" dev="dm-4" ino=49393 scontext=u:r:pathologyd:s0 tcontext=u:object_r:vendor_data_file:s0 tclass=file permissive=1
09-07 14:28:55.155   512 13241 D HarmanHAL: StreamIn::getCapturePositionImpl
09-07 14:28:55.245   512 13241 I chatty  : uid=1041(audioserver) reader identical 3 lines
09-07 14:28:55.275   512 13241 D HarmanHAL: StreamIn::getCapturePositionImpl
09-07 14:28:55.280   512  3972 I HarmanHal.Routing: hacs alsa node(pcmMedia_p) adtm interval_min:1 ms, inverval_max:11 ms, inverval_mean:8 ms!
09-07 14:28:55.280   512  3972 I HarmanHal.Routing:  in printADTM() PcmAlsaWrapper.cpp:876
09-07 14:28:55.315   512 13241 D HarmanHAL: StreamIn::getCapturePositionImpl
09-07 14:28:55.434   512 13241 I chatty  : uid=1041(audioserver) reader identical 4 lines
09-07 14:28:55.474   512 13241 D HarmanHAL: StreamIn::getCapturePositionImpl
09-07 14:28:55.477   538   618 W ipcLib  : ipcLib: in ipc_lib. DV1 read called
09-07 14:28:55.504   512 13241 D HarmanHAL: StreamIn::getCapturePositionImpl
09-07 14:28:55.664   512 13241 I chatty  : uid=1041(audioserver) reader identical 5 lines
09-07 14:28:55.694   512 13241 D HarmanHAL: StreamIn::getCapturePositionImpl
09-07 14:28:55.706   512 13133 I HarmanHal.Routing: hacs alsa node(pcmMicRefIn_c) adtm interval_min:0 ms, inverval_max:10 ms, inverval_mean:8 ms!
09-07 14:28:55.706   512 13133 I HarmanHal.Routing:  in printADTM() PcmAlsaWrapper.cpp:876
09-07 14:28:55.711   512 13159 I HarmanHal.Routing: hacs alsa node(pcmBtHfp_ul_pro_p) adtm interval_min:2 ms, inverval_max:11 ms, inverval_mean:8 ms!
09-07 14:28:55.711   512 13159 I HarmanHal.Routing:  in printADTM() PcmAlsaWrapper.cpp:876
09-07 14:28:55.724   512 13241 D HarmanHAL: StreamIn::getCapturePositionImpl
09-07 14:28:55.727   536   536 I vendor.harman.p: type=1400 audit(0.0:2883): avc: denied { read } for name="2" dev="dm-4" ino=49241 scontext=u:r:pathologyd:s0 tcontext=u:object_r:vendor_data_file:s0 tclass=dir permissive=1
09-07 14:28:55.727   536   536 I vendor.harman.p: type=1400 audit(0.0:2884): avc: denied { open } for path="/data/vendor/pathologyArchive/2" dev="dm-4" ino=49241 scontext=u:r:pathologyd:s0 tcontext=u:object_r:vendor_data_file:s0 tclass=dir permissive=1
09-07 14:28:55.754   512 13241 D HarmanHAL: StreamIn::getCapturePositionImpl
09-07 14:28:55.795   512 13241 D HarmanHAL: StreamIn::getCapturePositionImpl
09-07 14:28:55.814   512 13169 I HarmanHal.Routing: hacs alsa node(pcmBtHfp_dl_pre_c) adtm interval_min:0 ms, inverval_max:11 ms, inverval_mean:8 ms!
09-07 14:28:55.814   512 13169 I HarmanHal.Routing:  in printADTM() PcmAlsaWrapper.cpp:876
09-07 14:28:55.814   512 13169 I HarmanHal.Routing: hacs alsa node(pcmHfp_dl_p) adtm interval_min:0 ms, inverval_max:11 ms, inverval_mean:7 ms!
09-07 14:28:55.814   512 13169 I HarmanHal.Routing:  in printADTM() PcmAlsaWrapper.cpp:876
09-07 14:28:55.825   512 13241 D HarmanHAL: StreamIn::getCapturePositionImpl
09-07 14:28:55.854   512 13241 D HarmanHAL: StreamIn::getCapturePositionImpl
09-07 14:28:55.884   512 13241 I HarmanHal.Routing: hacs alsa node(pcmTunerIn_c) adtm interval_min:29 ms, inverval_max:41 ms, inverval_mean:31 ms!
09-07 14:28:55.884   512 13241 I HarmanHal.Routing:  in printADTM() PcmAlsaWrapper.cpp:876
09-07 14:28:55.885   512 13241 D HarmanHAL: StreamIn::getCapturePositionImpl
09-07 14:28:56.234   512 13241 I chatty  : uid=1041(audioserver) reader identical 11 lines
09-07 14:28:56.275   512 13241 D HarmanHAL: StreamIn::getCapturePositionImpl
09-07 14:28:56.280   512  3972 I HarmanHal.Routing: hacs alsa node(pcmMedia_p) adtm interval_min:1 ms, inverval_max:11 ms, inverval_mean:8 ms!
09-07 14:28:56.280   512  3972 I HarmanHal.Routing:  in printADTM() PcmAlsaWrapper.cpp:876
09-07 14:28:56.304   512 13241 D HarmanHAL: StreamIn::getCapturePositionImpl
09-07 14:28:56.435   512 13241 I chatty  : uid=1041(audioserver) reader identical 4 lines
09-07 14:28:56.465   512 13241 D HarmanHAL: StreamIn::getCapturePositionImpl
09-07 14:28:56.477   538   618 W ipcLib  : ipcLib: in ipc_lib. DV1 read called
09-07 14:28:56.495   512 13241 D HarmanHAL: StreamIn::getCapturePositionImpl
09-07 14:28:56.518   512 13158 D AudioProcessing: sseApply [handle 0xbc80d90][type 512] start..
09-07 14:28:56.518   512 13158 D AudioProcessing: sseProcess ul audioIO content print-1 [256] [2] [4] [1] 
09-07 14:28:56.518   512 13158 D AudioProcessing: sseProcess ul audioIO content print-2 [6] [1] [0x3bcbc5a0] [0x5bc7ede0] 
09-07 14:28:56.518   512 13158 D AudioProcessing: sseProcess ul audioIO content print-3 [0x1bca1320 [0x8bc84110] [0x1bc9f9b0] sse->pMain is [0x2bca4a60] 
09-07 14:28:56.519   512 13158 D AudioProcessing: sseProcess ul [handle 0xbc80d90]  ret[0]
09-07 14:28:56.519   512 13158 D AudioProcessing: sseProcess ul AudioBufferSampleCnt[256] type[512] finish..
09-07 14:28:56.524   512 13241 D HarmanHAL: StreamIn::getCapturePositionImpl
09-07 14:28:56.556   512 13241 I chatty  : uid=1041(audioserver) reader identical 1 line
09-07 14:28:56.595   512 13241 D HarmanHAL: StreamIn::getCapturePositionImpl
09-07 14:28:56.623   512 13169 D AudioProcessing: sseApply [handle 0xbc83090][type 768] start..
09-07 14:28:56.623   512 13169 D AudioProcessing: sseProcess dl audioIO content print-1 [256] [2] [1] [1] 
09-07 14:28:56.623   512 13169 D AudioProcessing: sseProcess dl audioIO content print-2 [1] [1] [0x0xb40000763bcc28d0] [0x0xb40000761bca6b00] 
09-07 14:28:56.623   512 13169 D AudioProcessing: sseProcess dl audioIO content print-3 [0x0xb40000761bca7fd0] [0x0xb40000761bcabe40] [0x0xb40000761bca5880] sse->pMain is [0x0xb40000772bcb4e80] 
09-07 14:28:56.624   512 13169 D AudioProcessing: sseProcess dl [handle 0xbc83090] ret[0]
09-07 14:28:56.624   512 13169 D AudioProcessing: sseProcess dl AudioBufferSampleCnt[256] type[768] finish..
09-07 14:28:56.624   512 13241 D HarmanHAL: StreamIn::getCapturePositionImpl
09-07 14:28:56.654   512 13241 I chatty  : uid=1041(audioserver) reader identical 1 line
09-07 14:28:56.685   512 13241 D HarmanHAL: StreamIn::getCapturePositionImpl
09-07 14:28:56.705   512 13133 I HarmanHal.Routing: hacs alsa node(pcmMicRefIn_c) adtm interval_min:0 ms, inverval_max:10 ms, inverval_mean:7 ms!
09-07 14:28:56.705   512 13133 I HarmanHal.Routing:  in printADTM() PcmAlsaWrapper.cpp:876
09-07 14:28:56.711   512 13159 I HarmanHal.Routing: hacs alsa node(pcmBtHfp_ul_pro_p) adtm interval_min:2 ms, inverval_max:12 ms, inverval_mean:8 ms!
09-07 14:28:56.711   512 13159 I HarmanHal.Routing:  in printADTM() PcmAlsaWrapper.cpp:876
09-07 14:28:56.715   512 13241 D HarmanHAL: StreamIn::getCapturePositionImpl
09-07 14:28:56.755   512 13241 I chatty  : uid=1041(audioserver) reader identical 1 line
09-07 14:28:56.786   512 13241 D HarmanHAL: StreamIn::getCapturePositionImpl
09-07 14:28:56.813   512 13169 I HarmanHal.Routing: hacs alsa node(pcmBtHfp_dl_pre_c) adtm interval_min:0 ms, inverval_max:10 ms, inverval_mean:7 ms!
09-07 14:28:56.813   512 13169 I HarmanHal.Routing:  in printADTM() PcmAlsaWrapper.cpp:876
09-07 14:28:56.815   512 13169 I HarmanHal.Routing: hacs alsa node(pcmHfp_dl_p) adtm interval_min:0 ms, inverval_max:11 ms, inverval_mean:8 ms!
09-07 14:28:56.815   512 13169 I HarmanHal.Routing:  in printADTM() PcmAlsaWrapper.cpp:876
09-07 14:28:56.816   512 13241 D HarmanHAL: StreamIn::getCapturePositionImpl
09-07 14:28:56.845   512 13241 D HarmanHAL: StreamIn::getCapturePositionImpl
09-07 14:28:56.870   532   569 W ipcLib  : ipcLib: in ipc_lib. DV1 read called
09-07 14:28:56.871   532   568 I VPS     : VPS:IOCStatusInfo.VoltageStatus->0 
09-07 14:28:56.871   532   568 I VPS     : VPS:IOCStatusInfo.IOCStatusCmd->a6 
09-07 14:28:56.871   532   568 I VPS     : VPS:IOCStatusInfo.WakeUpReason->0 
09-07 14:28:56.871   532   568 I VPS     : VPS:IOCStatusInfo.DerivedIgnitionStatus->0 
09-07 14:28:56.871   532   568 I VPS     : VPS:IOCStatusInfo.PowerModeState->4 
09-07 14:28:56.871   532   568 I VPS     : VPS:IOCStatusInfo.SOCShutdownRequest->0 
09-07 14:28:56.871   532   568 I VPS     : VPS:IOCStatusInfo.AntiTheftState->0 
09-07 14:28:56.871   532   568 I VPS     : VPS:IOCStatusInfo.BatteryConnect->0 
09-07 14:28:56.875   512 13241 I HarmanHal.Routing: hacs alsa node(pcmTunerIn_c) adtm interval_min:29 ms, inverval_max:40 ms, inverval_mean:31 ms!
09-07 14:28:56.875   512 13241 I HarmanHal.Routing:  in printADTM() PcmAlsaWrapper.cpp:876
09-07 14:28:56.875   512 13241 D HarmanHAL: StreamIn::getCapturePositionImpl
09-07 14:28:57.235   512 13241 I chatty  : uid=1041(audioserver) reader identical 11 lines
09-07 14:28:57.264   512 13241 D HarmanHAL: StreamIn::getCapturePositionImpl
09-07 14:28:57.280   512  3972 I HarmanHal.Routing: hacs alsa node(pcmMedia_p) adtm interval_min:1 ms, inverval_max:10 ms, inverval_mean:8 ms!
09-07 14:28:57.280   512  3972 I HarmanHal.Routing:  in printADTM() PcmAlsaWrapper.cpp:876
09-07 14:28:57.294   512 13241 D HarmanHAL: StreamIn::getCapturePositionImpl
09-07 14:28:57.425   512 13241 I chatty  : uid=1041(audioserver) reader identical 4 lines
09-07 14:28:57.454   512 13241 D HarmanHAL: StreamIn::getCapturePositionImpl
09-07 14:28:57.477   538   618 W ipcLib  : ipcLib: in ipc_lib. DV1 read called
09-07 14:28:57.484   512 13241 D HarmanHAL: StreamIn::getCapturePositionImpl
09-07 14:28:57.645   512 13241 I chatty  : uid=1041(audioserver) reader identical 5 lines
09-07 14:28:57.675   512 13241 D HarmanHAL: StreamIn::getCapturePositionImpl
09-07 14:28:57.706   512 13133 I HarmanHal.Routing: hacs alsa node(pcmMicRefIn_c) adtm interval_min:0 ms, inverval_max:11 ms, inverval_mean:8 ms!
09-07 14:28:57.706   512 13133 I HarmanHal.Routing:  in printADTM() PcmAlsaWrapper.cpp:876
09-07 14:28:57.712   512 13159 I HarmanHal.Routing: hacs alsa node(pcmBtHfp_ul_pro_p) adtm interval_min:2 ms, inverval_max:12 ms, inverval_mean:8 ms!
09-07 14:28:57.712   512 13159 I HarmanHal.Routing:  in printADTM() PcmAlsaWrapper.cpp:876
09-07 14:28:57.714   512 13241 D HarmanHAL: StreamIn::getCapturePositionImpl
09-07 14:28:57.774   512 13241 I chatty  : uid=1041(audioserver) reader identical 2 lines
09-07 14:28:57.804   512 13241 D HarmanHAL: StreamIn::getCapturePositionImpl
09-07 14:28:57.814   512 13169 I HarmanHal.Routing: hacs alsa node(pcmBtHfp_dl_pre_c) adtm interval_min:0 ms, inverval_max:11 ms, inverval_mean:8 ms!
09-07 14:28:57.814   512 13169 I HarmanHal.Routing:  in printADTM() PcmAlsaWrapper.cpp:876
09-07 14:28:57.815   512 13169 I HarmanHal.Routing: hacs alsa node(pcmHfp_dl_p) adtm interval_min:0 ms, inverval_max:11 ms, inverval_mean:8 ms!
09-07 14:28:57.815   512 13169 I HarmanHal.Routing:  in printADTM() PcmAlsaWrapper.cpp:876
09-07 14:28:57.834   512 13241 D HarmanHAL: StreamIn::getCapturePositionImpl
09-07 14:28:57.874   512 13241 I HarmanHal.Routing: hacs alsa node(pcmTunerIn_c) adtm interval_min:30 ms, inverval_max:40 ms, inverval_mean:32 ms!
09-07 14:28:57.874   512 13241 I HarmanHal.Routing:  in printADTM() PcmAlsaWrapper.cpp:876
09-07 14:28:57.875   512 13241 D HarmanHAL: StreamIn::getCapturePositionImpl
09-07 14:28:58.065   512 13241 I chatty  : uid=1041(audioserver) reader identical 6 lines
09-07 14:28:58.094   512 13241 D HarmanHAL: StreamIn::getCapturePositionImpl
09-07 14:28:58.118   512 13158 D AudioProcessing: sseApply [handle 0xbc80d90][type 512] start..
09-07 14:28:58.118   512 13158 D AudioProcessing: sseProcess ul audioIO content print-1 [256] [2] [4] [1] 
09-07 14:28:58.118   512 13158 D AudioProcessing: sseProcess ul audioIO content print-2 [6] [1] [0x3bcbc5a0] [0x5bc7ede0] 
09-07 14:28:58.118   512 13158 D AudioProcessing: sseProcess ul audioIO content print-3 [0x1bca1320 [0x8bc84110] [0x1bc9f9b0] sse->pMain is [0x2bca4a60] 
09-07 14:28:58.119   512 13158 D AudioProcessing: sseProcess ul [handle 0xbc80d90]  ret[0]
09-07 14:28:58.119   512 13158 D AudioProcessing: sseProcess ul AudioBufferSampleCnt[256] type[512] finish..
09-07 14:28:58.124   512 13241 D HarmanHAL: StreamIn::getCapturePositionImpl
09-07 14:28:58.155   512 13241 I chatty  : uid=1041(audioserver) reader identical 1 line
09-07 14:28:58.194   512 13241 D HarmanHAL: StreamIn::getCapturePositionImpl
09-07 14:28:58.223   512 13169 D AudioProcessing: sseApply [handle 0xbc83090][type 768] start..
09-07 14:28:58.223   512 13169 D AudioProcessing: sseProcess dl audioIO content print-1 [256] [2] [1] [1] 
09-07 14:28:58.223   512 13169 D AudioProcessing: sseProcess dl audioIO content print-2 [1] [1] [0x0xb40000763bcc28d0] [0x0xb40000761bca6b00] 
09-07 14:28:58.223   512 13169 D AudioProcessing: sseProcess dl audioIO content print-3 [0x0xb40000761bca7fd0] [0x0xb40000761bcabe40] [0x0xb40000761bca5880] sse->pMain is [0x0xb40000772bcb4e80] 
09-07 14:28:58.224   512 13169 D AudioProcessing: sseProcess dl [handle 0xbc83090] ret[0]
09-07 14:28:58.224   512 13169 D AudioProcessing: sseProcess dl AudioBufferSampleCnt[256] type[768] finish..
09-07 14:28:58.225   512 13241 D HarmanHAL: StreamIn::getCapturePositionImpl
09-07 14:28:58.254   512 13241 D HarmanHAL: StreamIn::getCapturePositionImpl
09-07 14:28:58.280   512  3972 I HarmanHal.Routing: hacs alsa node(pcmMedia_p) adtm interval_min:1 ms, inverval_max:11 ms, inverval_mean:8 ms!
09-07 14:28:58.280   512  3972 I HarmanHal.Routing:  in printADTM() PcmAlsaWrapper.cpp:876
09-07 14:28:58.284   512 13241 D HarmanHAL: StreamIn::getCapturePositionImpl
09-07 14:28:58.445   512 13241 I chatty  : uid=1041(audioserver) reader identical 5 lines
09-07 14:28:58.475   512 13241 D HarmanHAL: StreamIn::getCapturePositionImpl
09-07 14:28:58.477   538   618 W ipcLib  : ipcLib: in ipc_lib. DV1 read called
09-07 14:28:58.514   512 13241 D HarmanHAL: StreamIn::getCapturePositionImpl
09-07 14:28:58.674   512 13241 I chatty  : uid=1041(audioserver) reader identical 5 lines
09-07 14:28:58.704   512 13241 D HarmanHAL: StreamIn::getCapturePositionImpl
09-07 14:28:58.706   512 13133 I HarmanHal.Routing: hacs alsa node(pcmMicRefIn_c) adtm interval_min:0 ms, inverval_max:11 ms, inverval_mean:8 ms!
09-07 14:28:58.706   512 13133 I HarmanHal.Routing:  in printADTM() PcmAlsaWrapper.cpp:876
09-07 14:28:58.711   512 13159 I HarmanHal.Routing: hacs alsa node(pcmBtHfp_ul_pro_p) adtm interval_min:2 ms, inverval_max:12 ms, inverval_mean:7 ms!
09-07 14:28:58.711   512 13159 I HarmanHal.Routing:  in printADTM() PcmAlsaWrapper.cpp:876
09-07 14:28:58.734   512 13241 D HarmanHAL: StreamIn::getCapturePositionImpl
09-07 14:28:58.764   512 13241 I chatty  : uid=1041(audioserver) reader identical 1 line
09-07 14:28:58.795   512 13241 D HarmanHAL: StreamIn::getCapturePositionImpl
09-07 14:28:58.813   512 13169 I HarmanHal.Routing: hacs alsa node(pcmBtHfp_dl_pre_c) adtm interval_min:0 ms, inverval_max:10 ms, inverval_mean:7 ms!
09-07 14:28:58.813   512 13169 I HarmanHal.Routing:  in printADTM() PcmAlsaWrapper.cpp:876
09-07 14:28:58.815   512 13169 I HarmanHal.Routing: hacs alsa node(pcmHfp_dl_p) adtm interval_min:0 ms, inverval_max:11 ms, inverval_mean:8 ms!
09-07 14:28:58.815   512 13169 I HarmanHal.Routing:  in printADTM() PcmAlsaWrapper.cpp:876
09-07 14:28:58.834   512 13241 D HarmanHAL: StreamIn::getCapturePositionImpl
09-07 14:28:58.864   512 13241 I HarmanHal.Routing: hacs alsa node(pcmTunerIn_c) adtm interval_min:30 ms, inverval_max:40 ms, inverval_mean:31 ms!
09-07 14:28:58.864   512 13241 I HarmanHal.Routing:  in printADTM() PcmAlsaWrapper.cpp:876
09-07 14:28:58.865   512 13241 D HarmanHAL: StreamIn::getCapturePositionImpl
09-07 14:28:58.925   512 13241 I chatty  : uid=1041(audioserver) reader identical 2 lines
09-07 14:28:58.955   512 13241 D HarmanHAL: StreamIn::getCapturePositionImpl
09-07 14:28:58.969   532   569 W ipcLib  : ipcLib: in ipc_lib. DV1 read called
09-07 14:28:58.970   532   568 I VPS     : VPS:IOCStatusInfo.VoltageStatus->0 
09-07 14:28:58.970   532   568 I VPS     : VPS:IOCStatusInfo.IOCStatusCmd->a6 
09-07 14:28:58.970   532   568 I VPS     : VPS:IOCStatusInfo.WakeUpReason->0 
09-07 14:28:58.970   532   568 I VPS     : VPS:IOCStatusInfo.DerivedIgnitionStatus->0 
09-07 14:28:58.970   532   568 I VPS     : VPS:IOCStatusInfo.PowerModeState->4 
09-07 14:28:58.970   532   568 I VPS     : VPS:IOCStatusInfo.SOCShutdownRequest->0 
09-07 14:28:58.970   532   568 I VPS     : VPS:IOCStatusInfo.AntiTheftState->0 
09-07 14:28:58.970   532   568 I VPS     : VPS:IOCStatusInfo.BatteryConnect->0 
09-07 14:28:58.995   512 13241 D HarmanHAL: StreamIn::getCapturePositionImpl
09-07 14:28:59.000   532   569 I VPS     : VPS:VehiclePlatformSOCHeartBeatHandler IVI HeartBeat sent successfully SOCHeartBeatInfo.SOCStatus->2
09-07 14:28:59.000   532   569 W ipcLib  : ipcLib: in ipc_lib. DV1 write called
09-07 14:28:59.002   532   569 W ipcLib  : ipcLib: in ipc_lib. DV1 read called
01-01 00:04:02.002     0     0 I init    : starting service 'qccsyshalservice'...
01-01 00:04:02.010     0     0 I init    : starting service 'vendor.sensors-hal-1-0'...
09-07 14:28:59.025   512 13241 D HarmanHAL: StreamIn::getCapturePositionImpl
01-01 00:04:02.017     0     0 I init    : starting service 'LogManager'...
09-07 14:28:59.037   376   376 I hwservicemanager: getTransport: Cannot find entry android.hardware.sensors@1.0::ISensors/default in either framework or device manifest.
09-07 14:28:59.043 14909 14909 E android.hardware.sensors@1.0-service: Couldn't load sensors module (Unknown error -2147483648)
09-07 14:28:59.044 14909 14909 D RefBase : RefBase: Explicit destruction, weak count = 0 (in 0xb400006e12360c98)
09-07 14:28:59.044 14909 14909 W RefBase : CallStack::getCurrentInternal not linked, returning null
09-07 14:28:59.044 14909 14909 W RefBase : CallStack::logStackInternal not linked
09-07 14:28:59.044 14909 14909 E LegacySupport: Could not get passthrough implementation for android.hardware.sensors@1.0::ISensors/default.
09-07 14:28:59.048 14908 14908 I qccsyshalservice: Start with system binder
09-07 14:28:59.048 14908 14908 I qccsyshalservice: Registering qccsyshal service...
09-07 14:28:59.049   376   376 I hwservicemanager: getTransport: Cannot find entry vendor.qti.hardware.qccsyshal@1.0::IQccsyshal/qccsyshal in either framework or device manifest.
09-07 14:28:59.050 14908 14908 E HidlServiceManagement: Service vendor.qti.hardware.qccsyshal@1.0::IQccsyshal/qccsyshal must be in VINTF manifest in order to register/get.
09-07 14:28:59.050 14908 14908 E qccsyshalservice: [ERROR] registerAsService() failed with status: -2147483648
01-01 00:04:02.036     0     0 I init    : Service 'vendor.sensors-hal-1-0' (pid 14909) exited with status 1
01-01 00:04:02.036     0     0 I init    : Sending signal 9 to service 'vendor.sensors-hal-1-0' (pid 14909) process group...
01-01 00:04:02.036     0     0 I libprocessgroup: Successfully killed process cgroup uid 1000 pid 14909 in 0ms
01-01 00:04:02.041     0     0 I init    : Service 'qccsyshalservice' (pid 14908) exited with status 1
01-01 00:04:02.041     0     0 I init    : Sending signal 9 to service 'qccsyshalservice' (pid 14908) process group...
01-01 00:04:02.042     0     0 I libprocessgroup: Successfully killed process cgroup uid 1000 pid 14908 in 0ms
09-07 14:28:59.054   512 13241 D HarmanHAL: StreamIn::getCapturePositionImpl
09-07 14:28:59.056 14910 14910 D LOGMANAGER: LOGMANAGER HAL service init() start
09-07 14:28:59.056 14910 14910 D LOGMANAGER: Logmanager configured rpcthreadpool
09-07 14:28:59.060 14910 14910 I HidlServiceManagement: Registered vendor.harman.hardware.LogManager@1.0::ILogManager/default
09-07 14:28:59.051 14910 14910 I vendor.harman.L: type=1400 audit(0.0:2885): avc: denied { read } for name="u:object_r:hwservicemanager_prop:s0" dev="tmpfs" ino=24519 scontext=u:r:logmanagerd:s0 tcontext=u:object_r:hwservicemanager_prop:s0 tclass=file permissive=1
09-07 14:28:59.060 14910 14910 D LOGMANAGER: Logmanager HAL Service is registered and ready
09-07 14:28:59.060 14910 14910 I LOGMANAGER: ThreadPoolWrapper::initThreadPool
09-07 14:28:59.060 14910 14910 I LOGMANAGER: ThreadPoolWrapper : exit
09-07 14:28:59.060 14910 14910 D LOGMANAGER: Logmanager threadpoolwrapper created
09-07 14:28:59.060 14910 14910 D LOGMANAGER: User argument is -c
09-07 14:28:59.060 14910 14911 I LOGMANAGER: ThreadPoolWrapper:  enter the joinRpcThreadpool()
09-07 14:28:59.051 14910 14910 I vendor.harman.L: type=1400 audit(0.0:2886): avc: denied { open } for path="/dev/__properties__/u:object_r:hwservicemanager_prop:s0" dev="tmpfs" ino=24519 scontext=u:r:logmanagerd:s0 tcontext=u:object_r:hwservicemanager_prop:s0 tclass=file permissive=1
09-07 14:28:59.061 14910 14910 I LOGMANAGER: LogmanagerConfig is configured under config file
09-07 14:28:59.061 14910 14910 I LOGMANAGER: LoggingLevel is : 4
09-07 14:28:59.061 14910 14910 I LOGMANAGER: LogEnableState is : 0
09-07 14:28:59.061 14910 14910 I LOGMANAGER: OutputPluginConfiguration PluginType : LOGWRITTER
09-07 14:28:59.061 14910 14910 I LOGMANAGER: LM_OutputConfiguration : 1
09-07 14:28:59.061 14910 14910 I LOGMANAGER: LM_OfflineTraceDirectory : /data/cache
09-07 14:28:59.061 14910 14910 I LOGMANAGER: LM_OfflineTraceFILESize : 1000000
09-07 14:28:59.061 14910 14910 I LOGMANAGER: LM_OfflineTotalFILESSize : 20000000
09-07 14:28:59.061 14910 14910 I LOGMANAGER: LM_FileNameTimeStampBased : 0
09-07 14:28:59.061 14910 14910 I LOGMANAGER: Got IOC plugin
09-07 14:28:59.061 14910 14910 I LOGMANAGER: IOCIPCChannelNumber :6
09-07 14:28:59.061 14910 14910 I LOGMANAGER: keyseq: HOME + VOLUMEDOWN  for domain is AudioDump
09-07 14:28:59.061 14910 14910 I LOGMANAGER: keyseq: HOME + VOLUMEUP  for domain is HCIDump
09-07 14:28:59.061 14910 14910 I LOGMANAGER: Domains parsing is done
01-01 00:04:02.051     0     0 W audit   : audit_lost=1317 audit_rate_limit=5 audit_backlog_limit=64
01-01 00:04:02.051     0     0 E audit   : rate limit exceeded
09-07 14:28:59.051 14910 14910 I vendor.harman.L: type=1400 audit(0.0:2887): avc: denied { getattr } for path="/dev/__properties__/u:object_r:hwservicemanager_prop:s0" dev="tmpfs" ino=24519 scontext=u:r:logmanagerd:s0 tcontext=u:object_r:hwservicemanager_prop:s0 tclass=file permissive=1
09-07 14:28:59.051 14910 14910 I vendor.harman.L: type=1400 audit(0.0:2888): avc: denied { map } for path="/dev/__properties__/u:object_r:hwservicemanager_prop:s0" dev="tmpfs" ino=24519 scontext=u:r:logmanagerd:s0 tcontext=u:object_r:hwservicemanager_prop:s0 tclass=file permissive=1
09-07 14:28:59.055 14910 14910 I vendor.harman.L: type=1400 audit(0.0:2889): avc: denied { dac_read_search } for capability=2 scontext=u:r:logmanagerd:s0 tcontext=u:r:logmanagerd:s0 tclass=capability permissive=1
09-07 14:28:59.055 14910 14910 I vendor.harman.L: type=1400 audit(0.0:2890): avc: denied { search } for name="cache" dev="dm-4" ino=262146 scontext=u:r:logmanagerd:s0 tcontext=u:object_r:cache_file:s0 tclass=dir permissive=1
09-07 14:28:59.066 14910 14910 E LOGMANAGER: Failed to load plugin /vendor/lib64/libIOCDLogReader.so with error code dlopen failed: library "/vendor/lib64/libIOCDLogReader.so" not found 
09-07 14:28:59.066 14910 14910 F libc    : Fatal signal 11 (SIGSEGV), code 1 (SEGV_MAPERR), fault addr 0x0 in tid 14910 (vendor.harman.L), pid 14910 (vendor.harman.L)
09-07 14:28:59.084   512 13241 D HarmanHAL: StreamIn::getCapturePositionImpl
09-07 14:28:59.100 14917 14917 I crash_dump64: obtaining output fd from tombstoned, type: kDebuggerdTombstone
09-07 14:28:59.101   463   463 I tombstoned: received crash request for pid 14910
09-07 14:28:59.102 14917 14917 I crash_dump64: performing dump of process 14910 (target tid = 14910)
09-07 14:28:59.105 14917 14917 F DEBUG   : *** *** *** *** *** *** *** *** *** *** *** *** *** *** *** ***
09-07 14:28:59.106 14917 14917 F DEBUG   : Build fingerprint: 'qti/titan_tml_b2/titan_tml_b2:11/RQ3A.210605.005/eng.ksong.20210907.134230:userdebug/test-keys'
09-07 14:28:59.106 14917 14917 F DEBUG   : Revision: '0'
09-07 14:28:59.106 14917 14917 F DEBUG   : ABI: 'arm64'
09-07 14:28:59.107 14917 14917 F DEBUG   : Timestamp: 2021-09-07 14:28:59+0000
09-07 14:28:59.107 14917 14917 F DEBUG   : pid: 14910, tid: 14910, name: vendor.harman.L  >>> /vendor/bin/hw/vendor.harman.LogManager@1.0-service <<<
09-07 14:28:59.108 14917 14917 F DEBUG   : uid: 0
09-07 14:28:59.108 14917 14917 F DEBUG   : signal 11 (SIGSEGV), code 1 (SEGV_MAPERR), fault addr 0x0
09-07 14:28:59.108 14917 14917 F DEBUG   : Cause: null pointer dereference
09-07 14:28:59.108 14917 14917 F DEBUG   :     x0  0000000000000000  x1  0000000000000000  x2  0000000000080001  x3  0000000000000000
09-07 14:28:59.108 14917 14917 F DEBUG   :     x4  0000000000000000  x5  0000000000000090  x6  fefefefefefefeff  x7  7f7f7f7f7f7f7f7f
09-07 14:28:59.108 14917 14917 F DEBUG   :     x8  0101010101010101  x9  dac6acd72b9a41ea  x10 0000007fd17e9ca8  x11 fffffffffffffffd
09-07 14:28:59.108 14917 14917 F DEBUG   :     x12 0000007fd17e9e30  x13 000000000000008e  x14 0003d08faae86800  x15 0000000034155555
09-07 14:28:59.108 14917 14917 F DEBUG   :     x16 00000064e9c607e0  x17 0000007f14fdab30  x18 0000007f15e30000  x19 0000000000000000
09-07 14:28:59.108 14917 14917 F DEBUG   :     x20 0000007f153fcc50  x21 0000007fd17ea549  x22 b400007e14be55c8  x23 0000007fd17ea568
09-07 14:28:59.109 14917 14917 F DEBUG   :     x24 0000000000000000  x25 0000007f15852000  x26 0000007fd17ea549  x27 0000007fd17ea519
09-07 14:28:59.109 14917 14917 F DEBUG   :     x28 0000000000000000  x29 0000007fd17ea450
09-07 14:28:59.109 14917 14917 F DEBUG   :     lr  00000064e9c57048  sp  0000007fd17ea450  pc  0000007f14fdab40  pst 0000000080000000
09-07 14:28:59.113 14917 14917 F DEBUG   : backtrace:
09-07 14:28:59.113 14917 14917 F DEBUG   :       #00 pc 000000000004ab40  /apex/com.android.runtime/lib64/bionic/libc.so (strlen_default+16) (BuildId: 2b7c6e33413ac7278a15dfc3ea383089)
09-07 14:28:59.113 14917 14917 F DEBUG   :       #01 pc 0000000000009044  /vendor/bin/hw/vendor.harman.LogManager@1.0-service (BuildId: 3e966ab64050b441b920ba0e8960d123)
09-07 14:28:59.113 14917 14917 F DEBUG   :       #02 pc 0000000000008df0  /vendor/bin/hw/vendor.harman.LogManager@1.0-service (LM::LogManagerImpl::load_plugin_conf(void*, std::__1::basic_string<char, std::__1::char_traits<char>, std::__1::allocator<char> >, std::__1::multimap<std::__1::basic_string<char, std::__1::char_traits<char>, std::__1::allocator<char> >, int, std::__1::less<std::__1::basic_string<char, std::__1::char_traits<char>, std::__1::allocator<char> > >, std::__1::allocator<std::__1::pair<std::__1::basic_string<char, std::__1::char_traits<char>, std::__1::allocator<char> > const, int> > >&)+752) (BuildId: 3e966ab64050b441b920ba0e8960d123)
09-07 14:28:59.113 14917 14917 F DEBUG   :       #03 pc 00000000000088c0  /vendor/bin/hw/vendor.harman.LogManager@1.0-service (LM::LogManagerImpl::loadplugins()+436) (BuildId: 3e966ab64050b441b920ba0e8960d123)
09-07 14:28:59.113 14917 14917 F DEBUG   :       #04 pc 0000000000007af8  /vendor/bin/hw/vendor.harman.LogManager@1.0-service (main+1112) (BuildId: 3e966ab64050b441b920ba0e8960d123)
09-07 14:28:59.114 14917 14917 F DEBUG   :       #05 pc 000000000004988c  /apex/com.android.runtime/lib64/bionic/libc.so (__libc_init+108) (BuildId: 2b7c6e33413ac7278a15dfc3ea383089)
09-07 14:28:59.114   512 13241 D HarmanHAL: StreamIn::getCapturePositionImpl
01-01 00:04:02.131     0     0 D logd    : logdr: UID=0 GID=1000 PID=14917 n tail=50 logMask=8 pid=14910 start=0ns timeout=0ns
01-01 00:04:02.140     0     0 D logd    : logdr: UID=0 GID=1000 PID=14917 n tail=50 logMask=1 pid=14910 start=0ns timeout=0ns
01-01 00:04:02.163     0     0 D logd    : logdr: UID=0 GID=1000 PID=14917 n tail=0 logMask=8 pid=14910 start=0ns timeout=0ns
01-01 00:04:02.171     0     0 D logd    : logdr: UID=0 GID=1000 PID=14917 n tail=0 logMask=1 pid=14910 start=0ns timeout=0ns
09-07 14:28:59.190  1033  1270 W NativeCrashListener: Couldn't find ProcessRecord for pid 14910
09-07 14:28:59.154   512 13241 I chatty  : uid=1041(audioserver) reader identical 1 line
09-07 14:28:59.184   512 13241 D HarmanHAL: StreamIn::getCapturePositionImpl
09-07 14:28:59.190 14917 14917 E crash_dump64: AM data write failed: Broken pipe
09-07 14:28:59.191   463   463 E tombstoned: Tombstone written to: /data/tombstones/tombstone_14
01-01 00:04:02.185     0     0 I init    : Untracked pid 14917 exited with status 0
09-07 14:28:59.199  1033  1095 I BootReceiver: Copying /data/tombstones/tombstone_14 to DropBox (SYSTEM_TOMBSTONE)
09-07 14:28:59.203  1033  1095 I DropBoxManagerService: add tag=SYSTEM_TOMBSTONE isTagEnabled=true flags=0x2
09-07 14:28:59.214   512 13241 D HarmanHAL: StreamIn::getCapturePositionImpl
09-07 14:28:59.244   512 13241 I chatty  : uid=1041(audioserver) reader identical 1 line
09-07 14:28:59.275   512 13241 D HarmanHAL: StreamIn::getCapturePositionImpl
09-07 14:28:59.280   512  3972 I HarmanHal.Routing: hacs alsa node(pcmMedia_p) adtm interval_min:0 ms, inverval_max:11 ms, inverval_mean:8 ms!
09-07 14:28:59.280   512  3972 I HarmanHal.Routing:  in printADTM() PcmAlsaWrapper.cpp:876
09-07 14:28:59.315   512 13241 D HarmanHAL: StreamIn::getCapturePositionImpl
09-07 14:28:59.434   512 13241 I chatty  : uid=1041(audioserver) reader identical 4 lines
09-07 14:28:59.475   512 13241 D HarmanHAL: StreamIn::getCapturePositionImpl
09-07 14:28:59.477   538   618 W ipcLib  : ipcLib: in ipc_lib. DV1 read called
09-07 14:28:59.504   512 13241 D HarmanHAL: StreamIn::getCapturePositionImpl
09-07 14:28:59.635   512 13241 I chatty  : uid=1041(audioserver) reader identical 4 lines
09-07 14:28:59.664   512 13241 D HarmanHAL: StreamIn::getCapturePositionImpl
09-07 14:28:59.692   536   612 E pathology: [ProcessCrashHandler:: parseTombstoneFileName]string not found
09-07 14:28:59.693   536   612 I chatty  : uid=0(root) vendor.harman.p identical 4 lines
09-07 14:28:59.693   536   612 E pathology: [ProcessCrashHandler:: parseTombstoneFileName]string not found
09-07 14:28:59.694   512 13241 D HarmanHAL: StreamIn::getCapturePositionImpl
09-07 14:28:59.706   512 13133 I HarmanHal.Routing: hacs alsa node(pcmMicRefIn_c) adtm interval_min:0 ms, inverval_max:11 ms, inverval_mean:8 ms!
09-07 14:28:59.706   512 13133 I HarmanHal.Routing:  in printADTM() PcmAlsaWrapper.cpp:876
09-07 14:28:59.711   512 13159 I HarmanHal.Routing: hacs alsa node(pcmBtHfp_ul_pro_p) adtm interval_min:2 ms, inverval_max:12 ms, inverval_mean:8 ms!
09-07 14:28:59.711   512 13159 I HarmanHal.Routing:  in printADTM() PcmAlsaWrapper.cpp:876
09-07 14:28:59.718   512 13158 D AudioProcessing: sseApply [handle 0xbc80d90][type 512] start..
09-07 14:28:59.718   512 13158 D AudioProcessing: sseProcess ul audioIO content print-1 [256] [2] [4] [1] 
09-07 14:28:59.718   512 13158 D AudioProcessing: sseProcess ul audioIO content print-2 [6] [1] [0x3bcbc5a0] [0x5bc7ede0] 
09-07 14:28:59.718   512 13158 D AudioProcessing: sseProcess ul audioIO content print-3 [0x1bca1320 [0x8bc84110] [0x1bc9f9b0] sse->pMain is [0x2bca4a60] 
09-07 14:28:59.719   512 13158 D AudioProcessing: sseProcess ul [handle 0xbc80d90]  ret[0]
09-07 14:28:59.719   512 13158 D AudioProcessing: sseProcess ul AudioBufferSampleCnt[256] type[512] finish..
09-07 14:28:59.724   512 13241 D HarmanHAL: StreamIn::getCapturePositionImpl
09-07 14:28:59.754   512 13241 D HarmanHAL: StreamIn::getCapturePositionImpl
09-07 14:28:59.787   911  4981 D BufferPoolAccessor2.0: bufferpool2 0xb400007205c6d498 : 2(1048576 size) total buffers - 1(524288 size) used buffers - 2822/2832 (recycle/alloc) - 24/2831 (fetch/transfer)
09-07 14:28:59.795   512 13241 D HarmanHAL: StreamIn::getCapturePositionImpl
09-07 14:28:59.814   512 13169 I HarmanHal.Routing: hacs alsa node(pcmBtHfp_dl_pre_c) adtm interval_min:0 ms, inverval_max:11 ms, inverval_mean:8 ms!
09-07 14:28:59.814   512 13169 I HarmanHal.Routing:  in printADTM() PcmAlsaWrapper.cpp:876
09-07 14:28:59.815   512 13169 I HarmanHal.Routing: hacs alsa node(pcmHfp_dl_p) adtm interval_min:0 ms, inverval_max:12 ms, inverval_mean:8 ms!
09-07 14:28:59.815   512 13169 I HarmanHal.Routing:  in printADTM() PcmAlsaWrapper.cpp:876
09-07 14:28:59.823   512 13169 D AudioProcessing: sseApply [handle 0xbc83090][type 768] start..
09-07 14:28:59.823   512 13169 D AudioProcessing: sseProcess dl audioIO content print-1 [256] [2] [1] [1] 
09-07 14:28:59.823   512 13169 D AudioProcessing: sseProcess dl audioIO content print-2 [1] [1] [0x0xb40000763bcc28d0] [0x0xb40000761bca6b00] 
09-07 14:28:59.823   512 13169 D AudioProcessing: sseProcess dl audioIO content print-3 [0x0xb40000761bca7fd0] [0x0xb40000761bcabe40] [0x0xb40000761bca5880] sse->pMain is [0x0xb40000772bcb4e80] 
09-07 14:28:59.824   512 13169 D AudioProcessing: sseProcess dl [handle 0xbc83090] ret[0]
09-07 14:28:59.824   512 13169 D AudioProcessing: sseProcess dl AudioBufferSampleCnt[256] type[768] finish..
09-07 14:28:59.825   512 13241 D HarmanHAL: StreamIn::getCapturePositionImpl
09-07 14:28:59.854   512 13241 I HarmanHal.Routing: hacs alsa node(pcmTunerIn_c) adtm interval_min:29 ms, inverval_max:41 ms, inverval_mean:31 ms!
09-07 14:28:59.854   512 13241 I HarmanHal.Routing:  in printADTM() PcmAlsaWrapper.cpp:876
09-07 14:28:59.855   512 13241 D HarmanHAL: StreamIn::getCapturePositionImpl
09-07 14:29:00.115   512 13241 I chatty  : uid=1041(audioserver) reader identical 8 lines
09-07 14:29:00.144   512 13241 D HarmanHAL: StreamIn::getCapturePositionImpl
09-07 14:29:00.143   536   536 I vendor.harman.p: type=1400 audit(0.0:2910): avc: denied { create } for name="PROCCRASH_PF_1631024939.lz4" scontext=u:r:pathologyd:s0 tcontext=u:object_r:vendor_data_file:s0 tclass=file permissive=1
09-07 14:29:00.143   536   536 I vendor.harman.p: type=1400 audit(0.0:2911): avc: denied { write open } for path="/data/vendor/pathologyArchive/2/PROCCRASH_PF_1631024939.lz4" dev="dm-4" ino=49414 scontext=u:r:pathologyd:s0 tcontext=u:object_r:vendor_data_file:s0 tclass=file permissive=1
09-07 14:29:00.174   512 13241 D HarmanHAL: StreamIn::getCapturePositionImpl
09-07 14:29:00.234   512 13241 I chatty  : uid=1041(audioserver) reader identical 2 lines
09-07 14:29:00.275   512 13241 D HarmanHAL: StreamIn::getCapturePositionImpl
09-07 14:29:00.280   512  3972 I HarmanHal.Routing: hacs alsa node(pcmMedia_p) adtm interval_min:0 ms, inverval_max:11 ms, inverval_mean:8 ms!
09-07 14:29:00.280   512  3972 I HarmanHal.Routing:  in printADTM() PcmAlsaWrapper.cpp:876
09-07 14:29:00.304   512 13241 D HarmanHAL: StreamIn::getCapturePositionImpl
09-07 14:29:00.435   512 13241 I chatty  : uid=1041(audioserver) reader identical 4 lines
09-07 14:29:00.464   512 13241 D HarmanHAL: StreamIn::getCapturePositionImpl
09-07 14:29:00.477   538   618 W ipcLib  : ipcLib: in ipc_lib. DV1 read called
09-07 14:29:00.494   512 13241 D HarmanHAL: StreamIn::getCapturePositionImpl
09-07 14:29:00.654   512 13241 I chatty  : uid=1041(audioserver) reader identical 5 lines
09-07 14:29:00.684   512 13241 D HarmanHAL: StreamIn::getCapturePositionImpl
09-07 14:29:00.706   512 13133 I HarmanHal.Routing: hacs alsa node(pcmMicRefIn_c) adtm interval_min:0 ms, inverval_max:11 ms, inverval_mean:8 ms!
09-07 14:29:00.706   512 13133 I HarmanHal.Routing:  in printADTM() PcmAlsaWrapper.cpp:876
09-07 14:29:00.711   512 13159 I HarmanHal.Routing: hacs alsa node(pcmBtHfp_ul_pro_p) adtm interval_min:2 ms, inverval_max:12 ms, inverval_mean:8 ms!
09-07 14:29:00.711   512 13159 I HarmanHal.Routing:  in printADTM() PcmAlsaWrapper.cpp:876
09-07 14:29:00.714   512 13241 D HarmanHAL: StreamIn::getCapturePositionImpl
09-07 14:29:00.754   512 13241 I chatty  : uid=1041(audioserver) reader identical 1 line
09-07 14:29:00.785   512 13241 D HarmanHAL: StreamIn::getCapturePositionImpl
09-07 14:29:00.813   512 13169 I HarmanHal.Routing: hacs alsa node(pcmBtHfp_dl_pre_c) adtm interval_min:0 ms, inverval_max:11 ms, inverval_mean:7 ms!
09-07 14:29:00.813   512 13169 I HarmanHal.Routing:  in printADTM() PcmAlsaWrapper.cpp:876
09-07 14:29:00.814   512 13241 D HarmanHAL: StreamIn::getCapturePositionImpl
09-07 14:29:00.814   512 13169 I HarmanHal.Routing: hacs alsa node(pcmHfp_dl_p) adtm interval_min:0 ms, inverval_max:11 ms, inverval_mean:7 ms!
09-07 14:29:00.814   512 13169 I HarmanHal.Routing:  in printADTM() PcmAlsaWrapper.cpp:876
09-07 14:29:00.844   512 13241 I HarmanHal.Routing: hacs alsa node(pcmTunerIn_c) adtm interval_min:29 ms, inverval_max:40 ms, inverval_mean:31 ms!
09-07 14:29:00.844   512 13241 I HarmanHal.Routing:  in printADTM() PcmAlsaWrapper.cpp:876
09-07 14:29:00.845   512 13241 D HarmanHAL: StreamIn::getCapturePositionImpl
09-07 14:29:01.004   512 13241 I chatty  : uid=1041(audioserver) reader identical 5 lines
09-07 14:29:01.034   512 13241 D HarmanHAL: StreamIn::getCapturePositionImpl
09-07 14:29:01.069   532   569 W ipcLib  : ipcLib: in ipc_lib. DV1 read called
09-07 14:29:01.070   532   568 I VPS     : VPS:IOCStatusInfo.VoltageStatus->0 
09-07 14:29:01.070   532   568 I VPS     : VPS:IOCStatusInfo.IOCStatusCmd->a6 
09-07 14:29:01.070   532   568 I VPS     : VPS:IOCStatusInfo.WakeUpReason->0 
09-07 14:29:01.070   532   568 I VPS     : VPS:IOCStatusInfo.DerivedIgnitionStatus->0 
09-07 14:29:01.070   532   568 I VPS     : VPS:IOCStatusInfo.PowerModeState->4 
09-07 14:29:01.070   532   568 I VPS     : VPS:IOCStatusInfo.SOCShutdownRequest->0 
09-07 14:29:01.070   532   568 I VPS     : VPS:IOCStatusInfo.AntiTheftState->0 
09-07 14:29:01.070   532   568 I VPS     : VPS:IOCStatusInfo.BatteryConnect->0 
09-07 14:29:01.074   512 13241 D HarmanHAL: StreamIn::getCapturePositionImpl
09-07 14:29:01.234   512 13241 I chatty  : uid=1041(audioserver) reader identical 5 lines
09-07 14:29:01.264   512 13241 D HarmanHAL: StreamIn::getCapturePositionImpl
09-07 14:29:01.280   512  3972 I HarmanHal.Routing: hacs alsa node(pcmMedia_p) adtm interval_min:0 ms, inverval_max:10 ms, inverval_mean:8 ms!
09-07 14:29:01.280   512  3972 I HarmanHal.Routing:  in printADTM() PcmAlsaWrapper.cpp:876
09-07 14:29:01.296   512 13241 D HarmanHAL: StreamIn::getCapturePositionImpl
09-07 14:29:01.318   512 13158 D AudioProcessing: sseApply [handle 0xbc80d90][type 512] start..
09-07 14:29:01.318   512 13158 D AudioProcessing: sseProcess ul audioIO content print-1 [256] [2] [4] [1] 
09-07 14:29:01.318   512 13158 D AudioProcessing: sseProcess ul audioIO content print-2 [6] [1] [0x3bcbc5a0] [0x5bc7ede0] 
09-07 14:29:01.318   512 13158 D AudioProcessing: sseProcess ul audioIO content print-3 [0x1bca1320 [0x8bc84110] [0x1bc9f9b0] sse->pMain is [0x2bca4a60] 
09-07 14:29:01.319   512 13158 D AudioProcessing: sseProcess ul [handle 0xbc80d90]  ret[0]
09-07 14:29:01.319   512 13158 D AudioProcessing: sseProcess ul AudioBufferSampleCnt[256] type[512] finish..
09-07 14:29:01.324   512 13241 D HarmanHAL: StreamIn::getCapturePositionImpl
09-07 14:29:01.356   512 13241 I chatty  : uid=1041(audioserver) reader identical 1 line
09-07 14:29:01.394   512 13241 D HarmanHAL: StreamIn::getCapturePositionImpl
09-07 14:29:01.423   512 13169 D AudioProcessing: sseApply [handle 0xbc83090][type 768] start..
09-07 14:29:01.423   512 13169 D AudioProcessing: sseProcess dl audioIO content print-1 [256] [2] [1] [1] 
09-07 14:29:01.423   512 13169 D AudioProcessing: sseProcess dl audioIO content print-2 [1] [1] [0x0xb40000763bcc28d0] [0x0xb40000761bca6b00] 
09-07 14:29:01.423   512 13169 D AudioProcessing: sseProcess dl audioIO content print-3 [0x0xb40000761bca7fd0] [0x0xb40000761bcabe40] [0x0xb40000761bca5880] sse->pMain is [0x0xb40000772bcb4e80] 
09-07 14:29:01.424   512 13169 D AudioProcessing: sseProcess dl [handle 0xbc83090] ret[0]
09-07 14:29:01.424   512 13169 D AudioProcessing: sseProcess dl AudioBufferSampleCnt[256] type[768] finish..
09-07 14:29:01.425   512 13241 D HarmanHAL: StreamIn::getCapturePositionImpl
09-07 14:29:01.455   512 13241 D HarmanHAL: StreamIn::getCapturePositionImpl
09-07 14:29:01.463   345   345 I Binder:345_2: type=1400 audit(0.0:2912): avc: denied { call } for scontext=u:r:carwatchdogd:s0 tcontext=u:r:hal_audio_default:s0 tclass=binder permissive=1
09-07 14:29:01.471   512   512 E android.hardware.audio@6.0-harman-service: [CXmlParser]: nodeset is empty for xpath: /audioConfiguration/EnableWatchdog
09-07 14:29:01.471   512   512 E android.hardware.audio@6.0-harman-service: [CXmlParser::GetOneEleValue] Xpath object is NULL. XPath: /audioConfiguration/EnableWatchdog
09-07 14:29:01.471   512   512 W HarmanHal: ConfigSettings::GetOneEleValue Error while reading the path /audioConfiguration/EnableWatchdog
09-07 14:29:01.471   512   512 W HarmanHal: ConfigSettings::GetOneEleValue Error in checkifWatchdogTobeEnabled
09-07 14:29:01.471   512   512 I HarmanHal: WatchdogClient::isClientHealthy, Value Of checkifWatchdogTobeEnabled:0
09-07 14:29:01.477   538   618 W ipcLib  : ipcLib: in ipc_lib. DV1 read called
09-07 14:29:01.484   512 13241 D HarmanHAL: StreamIn::getCapturePositionImpl
09-07 14:29:01.645   512 13241 I chatty  : uid=1041(audioserver) reader identical 5 lines
09-07 14:29:01.674   512 13241 D HarmanHAL: StreamIn::getCapturePositionImpl
09-07 14:29:01.706   512 13133 I HarmanHal.Routing: hacs alsa node(pcmMicRefIn_c) adtm interval_min:0 ms, inverval_max:12 ms, inverval_mean:8 ms!
09-07 14:29:01.706   512 13133 I HarmanHal.Routing:  in printADTM() PcmAlsaWrapper.cpp:876
09-07 14:29:01.712   512 13159 I HarmanHal.Routing: hacs alsa node(pcmBtHfp_ul_pro_p) adtm interval_min:2 ms, inverval_max:13 ms, inverval_mean:8 ms!
09-07 14:29:01.712   512 13159 I HarmanHal.Routing:  in printADTM() PcmAlsaWrapper.cpp:876
09-07 14:29:01.714   512 13241 D HarmanHAL: StreamIn::getCapturePositionImpl
09-07 14:29:01.774   512 13241 I chatty  : uid=1041(audioserver) reader identical 2 lines
09-07 14:29:01.804   512 13241 D HarmanHAL: StreamIn::getCapturePositionImpl
09-07 14:29:01.814   512 13169 I HarmanHal.Routing: hacs alsa node(pcmBtHfp_dl_pre_c) adtm interval_min:0 ms, inverval_max:11 ms, inverval_mean:8 ms!
09-07 14:29:01.814   512 13169 I HarmanHal.Routing:  in printADTM() PcmAlsaWrapper.cpp:876
09-07 14:29:01.815   512 13169 I HarmanHal.Routing: hacs alsa node(pcmHfp_dl_p) adtm interval_min:0 ms, inverval_max:11 ms, inverval_mean:8 ms!
09-07 14:29:01.815   512 13169 I HarmanHal.Routing:  in printADTM() PcmAlsaWrapper.cpp:876
09-07 14:29:01.834   512 13241 I HarmanHal.Routing: hacs alsa node(pcmTunerIn_c) adtm interval_min:29 ms, inverval_max:40 ms, inverval_mean:31 ms!
09-07 14:29:01.834   512 13241 I HarmanHal.Routing:  in printADTM() PcmAlsaWrapper.cpp:876
09-07 14:29:01.835   512 13241 D HarmanHAL: StreamIn::getCapturePositionImpl
09-07 14:29:02.225   512 13241 I chatty  : uid=1041(audioserver) reader identical 12 lines
09-07 14:29:02.254   512 13241 D HarmanHAL: StreamIn::getCapturePositionImpl
09-07 14:29:02.280   512  3972 I HarmanHal.Routing: hacs alsa node(pcmMedia_p) adtm interval_min:1 ms, inverval_max:11 ms, inverval_mean:8 ms!
09-07 14:29:02.280   512  3972 I HarmanHal.Routing:  in printADTM() PcmAlsaWrapper.cpp:876
09-07 14:29:02.284   512 13241 D HarmanHAL: StreamIn::getCapturePositionImpl
09-07 14:29:02.444   512 13241 I chatty  : uid=1041(audioserver) reader identical 5 lines
09-07 14:29:02.475   512 13241 D HarmanHAL: StreamIn::getCapturePositionImpl
09-07 14:29:02.477   538   618 W ipcLib  : ipcLib: in ipc_lib. DV1 read called
09-07 14:29:02.515   512 13241 D HarmanHAL: StreamIn::getCapturePositionImpl
09-07 14:29:02.675   512 13241 I chatty  : uid=1041(audioserver) reader identical 5 lines
09-07 14:29:02.704   512 13241 D HarmanHAL: StreamIn::getCapturePositionImpl
09-07 14:29:02.706   512 13133 I HarmanHal.Routing: hacs alsa node(pcmMicRefIn_c) adtm interval_min:0 ms, inverval_max:11 ms, inverval_mean:8 ms!
09-07 14:29:02.706   512 13133 I HarmanHal.Routing:  in printADTM() PcmAlsaWrapper.cpp:876
09-07 14:29:02.712   512 13159 I HarmanHal.Routing: hacs alsa node(pcmBtHfp_ul_pro_p) adtm interval_min:2 ms, inverval_max:12 ms, inverval_mean:8 ms!
09-07 14:29:02.712   512 13159 I HarmanHal.Routing:  in printADTM() PcmAlsaWrapper.cpp:876
09-07 14:29:02.734   512 13241 D HarmanHAL: StreamIn::getCapturePositionImpl
09-07 14:29:02.764   512 13241 I chatty  : uid=1041(audioserver) reader identical 1 line
09-07 14:29:02.795   512 13241 D HarmanHAL: StreamIn::getCapturePositionImpl
09-07 14:29:02.813   512 13169 I HarmanHal.Routing: hacs alsa node(pcmBtHfp_dl_pre_c) adtm interval_min:0 ms, inverval_max:11 ms, inverval_mean:7 ms!
09-07 14:29:02.813   512 13169 I HarmanHal.Routing:  in printADTM() PcmAlsaWrapper.cpp:876
09-07 14:29:02.814   512 13169 I HarmanHal.Routing: hacs alsa node(pcmHfp_dl_p) adtm interval_min:0 ms, inverval_max:11 ms, inverval_mean:7 ms!
09-07 14:29:02.814   512 13169 I HarmanHal.Routing:  in printADTM() PcmAlsaWrapper.cpp:876
09-07 14:29:02.834   512 13241 I HarmanHal.Routing: hacs alsa node(pcmTunerIn_c) adtm interval_min:30 ms, inverval_max:40 ms, inverval_mean:32 ms!
09-07 14:29:02.834   512 13241 I HarmanHal.Routing:  in printADTM() PcmAlsaWrapper.cpp:876
09-07 14:29:02.835   512 13241 D HarmanHAL: StreamIn::getCapturePositionImpl
09-07 14:29:02.864   512 13241 I chatty  : uid=1041(audioserver) reader identical 1 line
09-07 14:29:02.894   512 13241 D HarmanHAL: StreamIn::getCapturePositionImpl
09-07 14:29:02.918   512 13158 D AudioProcessing: sseApply [handle 0xbc80d90][type 512] start..
09-07 14:29:02.918   512 13158 D AudioProcessing: sseProcess ul audioIO content print-1 [256] [2] [4] [1] 
09-07 14:29:02.918   512 13158 D AudioProcessing: sseProcess ul audioIO content print-2 [6] [1] [0x3bcbc5a0] [0x5bc7ede0] 
09-07 14:29:02.918   512 13158 D AudioProcessing: sseProcess ul audioIO content print-3 [0x1bca1320 [0x8bc84110] [0x1bc9f9b0] sse->pMain is [0x2bca4a60] 
09-07 14:29:02.919   512 13158 D AudioProcessing: sseProcess ul [handle 0xbc80d90]  ret[0]
09-07 14:29:02.919   512 13158 D AudioProcessing: sseProcess ul AudioBufferSampleCnt[256] type[512] finish..
09-07 14:29:02.924   512 13241 D HarmanHAL: StreamIn::getCapturePositionImpl
09-07 14:29:02.955   512 13241 I chatty  : uid=1041(audioserver) reader identical 1 line
09-07 14:29:02.995   512 13241 D HarmanHAL: StreamIn::getCapturePositionImpl
09-07 14:29:03.023   512 13169 D AudioProcessing: sseApply [handle 0xbc83090][type 768] start..
09-07 14:29:03.023   512 13169 D AudioProcessing: sseProcess dl audioIO content print-1 [256] [2] [1] [1] 
09-07 14:29:03.023   512 13169 D AudioProcessing: sseProcess dl audioIO content print-2 [1] [1] [0x0xb40000763bcc28d0] [0x0xb40000761bca6b00] 
09-07 14:29:03.023   512 13169 D AudioProcessing: sseProcess dl audioIO content print-3 [0x0xb40000761bca7fd0] [0x0xb40000761bcabe40] [0x0xb40000761bca5880] sse->pMain is [0x0xb40000772bcb4e80] 
09-07 14:29:03.024   512 13169 D AudioProcessing: sseProcess dl [handle 0xbc83090] ret[0]
09-07 14:29:03.024   512 13169 D AudioProcessing: sseProcess dl AudioBufferSampleCnt[256] type[768] finish..
09-07 14:29:03.024   512 13241 D HarmanHAL: StreamIn::getCapturePositionImpl
09-07 14:29:03.115   512 13241 I chatty  : uid=1041(audioserver) reader identical 3 lines
09-07 14:29:03.154   512 13241 D HarmanHAL: StreamIn::getCapturePositionImpl
09-07 14:29:03.169   532   569 W ipcLib  : ipcLib: in ipc_lib. DV1 read called
09-07 14:29:03.170   532   568 I VPS     : VPS:IOCStatusInfo.VoltageStatus->0 
09-07 14:29:03.170   532   568 I VPS     : VPS:IOCStatusInfo.IOCStatusCmd->a6 
09-07 14:29:03.170   532   568 I VPS     : VPS:IOCStatusInfo.WakeUpReason->0 
09-07 14:29:03.170   532   568 I VPS     : VPS:IOCStatusInfo.DerivedIgnitionStatus->0 
09-07 14:29:03.170   532   568 I VPS     : VPS:IOCStatusInfo.PowerModeState->4 
09-07 14:29:03.170   532   568 I VPS     : VPS:IOCStatusInfo.SOCShutdownRequest->0 
09-07 14:29:03.170   532   568 I VPS     : VPS:IOCStatusInfo.AntiTheftState->0 
09-07 14:29:03.170   532   568 I VPS     : VPS:IOCStatusInfo.BatteryConnect->0 
09-07 14:29:03.184   512 13241 D HarmanHAL: StreamIn::getCapturePositionImpl
09-07 14:29:03.245   512 13241 I chatty  : uid=1041(audioserver) reader identical 2 lines
09-07 14:29:03.274   512 13241 D HarmanHAL: StreamIn::getCapturePositionImpl
09-07 14:29:03.280   512  3972 I HarmanHal.Routing: hacs alsa node(pcmMedia_p) adtm interval_min:1 ms, inverval_max:10 ms, inverval_mean:8 ms!
09-07 14:29:03.280   512  3972 I HarmanHal.Routing:  in printADTM() PcmAlsaWrapper.cpp:876
09-07 14:29:03.315   512 13241 D HarmanHAL: StreamIn::getCapturePositionImpl
09-07 14:29:03.435   512 13241 I chatty  : uid=1041(audioserver) reader identical 4 lines
09-07 14:29:03.474   512 13241 D HarmanHAL: StreamIn::getCapturePositionImpl
09-07 14:29:03.479   538   618 W ipcLib  : ipcLib: in ipc_lib. DV1 read called
09-07 14:29:03.504   512 13241 D HarmanHAL: StreamIn::getCapturePositionImpl
09-07 14:29:03.664   512 13241 I chatty  : uid=1041(audioserver) reader identical 5 lines
09-07 14:29:03.694   512 13241 D HarmanHAL: StreamIn::getCapturePositionImpl
09-07 14:29:03.706   512 13133 I HarmanHal.Routing: hacs alsa node(pcmMicRefIn_c) adtm interval_min:0 ms, inverval_max:11 ms, inverval_mean:8 ms!
09-07 14:29:03.706   512 13133 I HarmanHal.Routing:  in printADTM() PcmAlsaWrapper.cpp:876
09-07 14:29:03.712   512 13159 I HarmanHal.Routing: hacs alsa node(pcmBtHfp_ul_pro_p) adtm interval_min:2 ms, inverval_max:12 ms, inverval_mean:8 ms!
09-07 14:29:03.712   512 13159 I HarmanHal.Routing:  in printADTM() PcmAlsaWrapper.cpp:876
09-07 14:29:03.725   512 13241 D HarmanHAL: StreamIn::getCapturePositionImpl
09-07 14:29:03.754   512 13241 I chatty  : uid=1041(audioserver) reader identical 1 line
09-07 14:29:03.795   512 13241 D HarmanHAL: StreamIn::getCapturePositionImpl
09-07 14:29:03.814   512 13169 I HarmanHal.Routing: hacs alsa node(pcmBtHfp_dl_pre_c) adtm interval_min:0 ms, inverval_max:10 ms, inverval_mean:8 ms!
09-07 14:29:03.814   512 13169 I HarmanHal.Routing:  in printADTM() PcmAlsaWrapper.cpp:876
09-07 14:29:03.814   512 13169 I HarmanHal.Routing: hacs alsa node(pcmHfp_dl_p) adtm interval_min:0 ms, inverval_max:11 ms, inverval_mean:8 ms!
09-07 14:29:03.814   512 13169 I HarmanHal.Routing:  in printADTM() PcmAlsaWrapper.cpp:876
09-07 14:29:03.824   512 13241 I HarmanHal.Routing: hacs alsa node(pcmTunerIn_c) adtm interval_min:29 ms, inverval_max:41 ms, inverval_mean:31 ms!
09-07 14:29:03.824   512 13241 I HarmanHal.Routing:  in printADTM() PcmAlsaWrapper.cpp:876
09-07 14:29:03.825   512 13241 D HarmanHAL: StreamIn::getCapturePositionImpl
09-07 14:29:03.955   512 13241 I chatty  : uid=1041(audioserver) reader identical 4 lines
09-07 14:29:03.984   512 13241 D HarmanHAL: StreamIn::getCapturePositionImpl
09-07 14:29:04.000   532   569 I VPS     : VPS:VehiclePlatformSOCHeartBeatHandler IVI HeartBeat sent successfully SOCHeartBeatInfo.SOCStatus->2
09-07 14:29:04.000   532   569 W ipcLib  : ipcLib: in ipc_lib. DV1 write called
09-07 14:29:04.002   532   569 W ipcLib  : ipcLib: in ipc_lib. DV1 read called
09-07 14:29:04.014   512 13241 D HarmanHAL: StreamIn::getCapturePositionImpl
01-01 00:04:07.013     0     0 I init    : starting service 'qccsyshalservice'...
01-01 00:04:07.019     0     0 I init    : starting service 'vendor.sensors-hal-1-0'...
01-01 00:04:07.025     0     0 I init    : starting service 'LogManager'...
09-07 14:29:04.040 15087 15087 I qccsyshalservice: Start with system binder
09-07 14:29:04.040 15087 15087 I qccsyshalservice: Registering qccsyshal service...
09-07 14:29:04.041   376   376 I hwservicemanager: getTransport: Cannot find entry vendor.qti.hardware.qccsyshal@1.0::IQccsyshal/qccsyshal in either framework or device manifest.
09-07 14:29:04.042 15087 15087 E HidlServiceManagement: Service vendor.qti.hardware.qccsyshal@1.0::IQccsyshal/qccsyshal must be in VINTF manifest in order to register/get.
09-07 14:29:04.042 15087 15087 E qccsyshalservice: [ERROR] registerAsService() failed with status: -2147483648
09-07 14:29:04.044   512 13241 D HarmanHAL: StreamIn::getCapturePositionImpl
01-01 00:04:07.033     0     0 I init    : Service 'qccsyshalservice' (pid 15087) exited with status 1
01-01 00:04:07.033     0     0 I init    : Sending signal 9 to service 'qccsyshalservice' (pid 15087) process group...
01-01 00:04:07.034     0     0 I libprocessgroup: Successfully killed process cgroup uid 1000 pid 15087 in 0ms
09-07 14:29:04.059   376   376 I hwservicemanager: getTransport: Cannot find entry android.hardware.sensors@1.0::ISensors/default in either framework or device manifest.
09-07 14:29:04.061 15089 15089 D LOGMANAGER: LOGMANAGER HAL service init() start
09-07 14:29:04.062 15089 15089 D LOGMANAGER: Logmanager configured rpcthreadpool
09-07 14:29:04.062 15088 15088 E android.hardware.sensors@1.0-service: Couldn't load sensors module (Unknown error -2147483648)
09-07 14:29:04.062 15088 15088 D RefBase : RefBase: Explicit destruction, weak count = 0 (in 0xb400007c29166c98)
09-07 14:29:04.062 15088 15088 W RefBase : CallStack::getCurrentInternal not linked, returning null
09-07 14:29:04.062 15088 15088 W RefBase : CallStack::logStackInternal not linked
09-07 14:29:04.063 15088 15088 E LegacySupport: Could not get passthrough implementation for android.hardware.sensors@1.0::ISensors/default.
09-07 14:29:04.059 15089 15089 I vendor.harman.L: type=1400 audit(0.0:2913): avc: denied { read } for name="u:object_r:hwservicemanager_prop:s0" dev="tmpfs" ino=24519 scontext=u:r:logmanagerd:s0 tcontext=u:object_r:hwservicemanager_prop:s0 tclass=file permissive=1
09-07 14:29:04.059 15089 15089 I vendor.harman.L: type=1400 audit(0.0:2914): avc: denied { open } for path="/dev/__properties__/u:object_r:hwservicemanager_prop:s0" dev="tmpfs" ino=24519 scontext=u:r:logmanagerd:s0 tcontext=u:object_r:hwservicemanager_prop:s0 tclass=file permissive=1
09-07 14:29:04.059 15089 15089 I vendor.harman.L: type=1400 audit(0.0:2915): avc: denied { getattr } for path="/dev/__properties__/u:object_r:hwservicemanager_prop:s0" dev="tmpfs" ino=24519 scontext=u:r:logmanagerd:s0 tcontext=u:object_r:hwservicemanager_prop:s0 tclass=file permissive=1
09-07 14:29:04.059 15089 15089 I vendor.harman.L: type=1400 audit(0.0:2916): avc: denied { map } for path="/dev/__properties__/u:object_r:hwservicemanager_prop:s0" dev="tmpfs" ino=24519 scontext=u:r:logmanagerd:s0 tcontext=u:object_r:hwservicemanager_prop:s0 tclass=file permissive=1
09-07 14:29:04.065 15089 15089 I HidlServiceManagement: Registered vendor.harman.hardware.LogManager@1.0::ILogManager/default
01-01 00:04:07.055     0     0 I init    : Service 'vendor.sensors-hal-1-0' (pid 15088) exited with status 1
09-07 14:29:04.065 15089 15089 D LOGMANAGER: Logmanager HAL Service is registered and ready
09-07 14:29:04.065 15089 15089 I LOGMANAGER: ThreadPoolWrapper::initThreadPool
09-07 14:29:04.065 15089 15089 I LOGMANAGER: ThreadPoolWrapper : exit
09-07 14:29:04.066 15089 15089 D LOGMANAGER: Logmanager threadpoolwrapper created
01-01 00:04:07.055     0     0 I init    : Sending signal 9 to service 'vendor.sensors-hal-1-0' (pid 15088) process group...
09-07 14:29:04.066 15089 15089 D LOGMANAGER: User argument is -c
09-07 14:29:04.066 15089 15090 I LOGMANAGER: ThreadPoolWrapper:  enter the joinRpcThreadpool()
09-07 14:29:04.066 15089 15089 I LOGMANAGER: LogmanagerConfig is configured under config file
01-01 00:04:07.055     0     0 I libprocessgroup: Successfully killed process cgroup uid 1000 pid 15088 in 0ms
01-01 00:04:07.056     0     0 W audit   : audit_lost=1336 audit_rate_limit=5 audit_backlog_limit=64
01-01 00:04:07.056     0     0 E audit   : rate limit exceeded
09-07 14:29:04.066 15089 15089 I LOGMANAGER: LoggingLevel is : 4
09-07 14:29:04.066 15089 15089 I LOGMANAGER: LogEnableState is : 0
09-07 14:29:04.066 15089 15089 I LOGMANAGER: OutputPluginConfiguration PluginType : LOGWRITTER
09-07 14:29:04.066 15089 15089 I LOGMANAGER: LM_OutputConfiguration : 1
09-07 14:29:04.066 15089 15089 I LOGMANAGER: LM_OfflineTraceDirectory : /data/cache
09-07 14:29:04.066 15089 15089 I LOGMANAGER: LM_OfflineTraceFILESize : 1000000
09-07 14:29:04.066 15089 15089 I LOGMANAGER: LM_OfflineTotalFILESSize : 20000000
09-07 14:29:04.066 15089 15089 I LOGMANAGER: LM_FileNameTimeStampBased : 0
09-07 14:29:04.066 15089 15089 I LOGMANAGER: Got IOC plugin
09-07 14:29:04.066 15089 15089 I LOGMANAGER: IOCIPCChannelNumber :6
09-07 14:29:04.066 15089 15089 I LOGMANAGER: keyseq: HOME + VOLUMEDOWN  for domain is AudioDump
09-07 14:29:04.066 15089 15089 I LOGMANAGER: keyseq: HOME + VOLUMEUP  for domain is HCIDump
09-07 14:29:04.066 15089 15089 I LOGMANAGER: Domains parsing is done
09-07 14:29:04.072 15089 15089 E LOGMANAGER: Failed to load plugin /vendor/lib64/libIOCDLogReader.so with error code dlopen failed: library "/vendor/lib64/libIOCDLogReader.so" not found 
09-07 14:29:04.072 15089 15089 F libc    : Fatal signal 11 (SIGSEGV), code 1 (SEGV_MAPERR), fault addr 0x0 in tid 15089 (vendor.harman.L), pid 15089 (vendor.harman.L)
09-07 14:29:04.074   512 13241 D HarmanHAL: StreamIn::getCapturePositionImpl
09-07 14:29:04.063 15089 15089 I vendor.harman.L: type=1400 audit(0.0:2917): avc: denied { dac_read_search } for capability=2 scontext=u:r:logmanagerd:s0 tcontext=u:r:logmanagerd:s0 tclass=capability permissive=1
09-07 14:29:04.063 15089 15089 I vendor.harman.L: type=1400 audit(0.0:2918): avc: denied { search } for name="cache" dev="dm-4" ino=262146 scontext=u:r:logmanagerd:s0 tcontext=u:object_r:cache_file:s0 tclass=dir permissive=1
09-07 14:29:04.097 15096 15096 I crash_dump64: obtaining output fd from tombstoned, type: kDebuggerdTombstone
09-07 14:29:04.098   463   463 I tombstoned: received crash request for pid 15089
09-07 14:29:04.099 15096 15096 I crash_dump64: performing dump of process 15089 (target tid = 15089)
09-07 14:29:04.103 15096 15096 F DEBUG   : *** *** *** *** *** *** *** *** *** *** *** *** *** *** *** ***
09-07 14:29:04.103 15096 15096 F DEBUG   : Build fingerprint: 'qti/titan_tml_b2/titan_tml_b2:11/RQ3A.210605.005/eng.ksong.20210907.134230:userdebug/test-keys'
09-07 14:29:04.103 15096 15096 F DEBUG   : Revision: '0'
09-07 14:29:04.104 15096 15096 F DEBUG   : ABI: 'arm64'
09-07 14:29:04.105 15096 15096 F DEBUG   : Timestamp: 2021-09-07 14:29:04+0000
09-07 14:29:04.105 15096 15096 F DEBUG   : pid: 15089, tid: 15089, name: vendor.harman.L  >>> /vendor/bin/hw/vendor.harman.LogManager@1.0-service <<<
09-07 14:29:04.105 15096 15096 F DEBUG   : uid: 0
09-07 14:29:04.105 15096 15096 F DEBUG   : signal 11 (SIGSEGV), code 1 (SEGV_MAPERR), fault addr 0x0
09-07 14:29:04.105 15096 15096 F DEBUG   : Cause: null pointer dereference
09-07 14:29:04.105 15096 15096 F DEBUG   :     x0  0000000000000000  x1  0000000000000000  x2  0000000000080001  x3  0000000000000000
09-07 14:29:04.105 15096 15096 F DEBUG   :     x4  0000000000000000  x5  0000000000000090  x6  fefefefefefefeff  x7  7f7f7f7f7f7f7f7f
09-07 14:29:04.105 15096 15096 F DEBUG   :     x8  0101010101010101  x9  60e3ce213ca9b288  x10 0000007feeaafcd8  x11 fffffffffffffffd
09-07 14:29:04.106 15096 15096 F DEBUG   :     x12 0000007feeaafe60  x13 000000000000008e  x14 00040d98a8ffbc00  x15 0000000034155555
09-07 14:29:04.106 15096 15096 F DEBUG   :     x16 00000060ec3757e0  x17 00000078cc612b30  x18 00000078cd88c000  x19 0000000000000000
09-07 14:29:04.106 15096 15096 F DEBUG   :     x20 00000078ccafbc50  x21 0000007feeab0579  x22 b4000077cc570218  x23 0000007feeab0598
09-07 14:29:04.106 15096 15096 F DEBUG   :     x24 0000000000000000  x25 00000078cd1e3000  x26 0000007feeab0579  x27 0000007feeab0549
09-07 14:29:04.106 15096 15096 F DEBUG   :     x28 0000000000000000  x29 0000007feeab0480
09-07 14:29:04.106 15096 15096 F DEBUG   :     lr  00000060ec36c048  sp  0000007feeab0480  pc  00000078cc612b40  pst 0000000080000000
09-07 14:29:04.110 15096 15096 F DEBUG   : backtrace:
09-07 14:29:04.111 15096 15096 F DEBUG   :       #00 pc 000000000004ab40  /apex/com.android.runtime/lib64/bionic/libc.so (strlen_default+16) (BuildId: 2b7c6e33413ac7278a15dfc3ea383089)
09-07 14:29:04.111 15096 15096 F DEBUG   :       #01 pc 0000000000009044  /vendor/bin/hw/vendor.harman.LogManager@1.0-service (BuildId: 3e966ab64050b441b920ba0e8960d123)
09-07 14:29:04.111 15096 15096 F DEBUG   :       #02 pc 0000000000008df0  /vendor/bin/hw/vendor.harman.LogManager@1.0-service (LM::LogManagerImpl::load_plugin_conf(void*, std::__1::basic_string<char, std::__1::char_traits<char>, std::__1::allocator<char> >, std::__1::multimap<std::__1::basic_string<char, std::__1::char_traits<char>, std::__1::allocator<char> >, int, std::__1::less<std::__1::basic_string<char, std::__1::char_traits<char>, std::__1::allocator<char> > >, std::__1::allocator<std::__1::pair<std::__1::basic_string<char, std::__1::char_traits<char>, std::__1::allocator<char> > const, int> > >&)+752) (BuildId: 3e966ab64050b441b920ba0e8960d123)
09-07 14:29:04.111 15096 15096 F DEBUG   :       #03 pc 00000000000088c0  /vendor/bin/hw/vendor.harman.LogManager@1.0-service (LM::LogManagerImpl::loadplugins()+436) (BuildId: 3e966ab64050b441b920ba0e8960d123)
09-07 14:29:04.111 15096 15096 F DEBUG   :       #04 pc 0000000000007af8  /vendor/bin/hw/vendor.harman.LogManager@1.0-service (main+1112) (BuildId: 3e966ab64050b441b920ba0e8960d123)
09-07 14:29:04.111 15096 15096 F DEBUG   :       #05 pc 000000000004988c  /apex/com.android.runtime/lib64/bionic/libc.so (__libc_init+108) (BuildId: 2b7c6e33413ac7278a15dfc3ea383089)
09-07 14:29:04.114   512 13241 D HarmanHAL: StreamIn::getCapturePositionImpl
01-01 00:04:07.123     0     0 D logd    : logdr: UID=0 GID=1000 PID=15096 n tail=50 logMask=8 pid=15089 start=0ns timeout=0ns
01-01 00:04:07.132     0     0 D logd    : logdr: UID=0 GID=1000 PID=15096 n tail=50 logMask=1 pid=15089 start=0ns timeout=0ns
01-01 00:04:07.155     0     0 D logd    : logdr: UID=0 GID=1000 PID=15096 n tail=0 logMask=8 pid=15089 start=0ns timeout=0ns
09-07 14:29:04.185  1033  1270 W NativeCrashListener: Couldn't find ProcessRecord for pid 15089
09-07 14:29:04.145   512 13241 I chatty  : uid=1041(audioserver) reader identical 1 line
09-07 14:29:04.174   512 13241 D HarmanHAL: StreamIn::getCapturePositionImpl
09-07 14:29:04.185 15096 15096 E crash_dump64: AM data write failed: Broken pipe
09-07 14:29:04.187   463   463 E tombstoned: Tombstone written to: /data/tombstones/tombstone_15
09-07 14:29:04.194  1033  1095 I BootReceiver: Copying /data/tombstones/tombstone_15 to DropBox (SYSTEM_TOMBSTONE)
09-07 14:29:04.194  1033  1095 I DropBoxManagerService: add tag=SYSTEM_TOMBSTONE isTagEnabled=true flags=0x2
01-01 00:04:07.178     0     0 I init    : Untracked pid 15096 exited with status 0
09-07 14:29:04.204   512 13241 D HarmanHAL: StreamIn::getCapturePositionImpl
09-07 14:29:04.235   512 13241 D HarmanHAL: StreamIn::getCapturePositionImpl
09-07 14:29:04.273  1033  1045 V MediaPlayer: resetDrmState:  mDrmInfo=null mDrmProvisioningThread=null mPrepareDrmInProgress=false mActiveDrmScheme=false
09-07 14:29:04.273  1033  1045 V MediaPlayer: cleanDrmObj: mDrmObj=null mDrmSessionId=null
09-07 14:29:04.273   893   893 D NuPlayerDriver: reset(0xebdc0470) at state 4
09-07 14:29:04.274   512 13241 D HarmanHAL: StreamIn::getCapturePositionImpl
09-07 14:29:04.276   893 12885 D NuPlayerDriver: notifyResetComplete(0xebdc0470)
09-07 14:29:04.279  1033  1045 V MediaPlayer: resetDrmState:  mDrmInfo=null mDrmProvisioningThread=null mPrepareDrmInProgress=false mActiveDrmScheme=false
09-07 14:29:04.279  1033  1045 V MediaPlayer: cleanDrmObj: mDrmObj=null mDrmSessionId=null
09-07 14:29:04.279   893  4885 D NuPlayerDriver: reset(0xebdc0e70) at state 4
09-07 14:29:04.280   512  3972 I HarmanHal.Routing: hacs alsa node(pcmMedia_p) adtm interval_min:0 ms, inverval_max:11 ms, inverval_mean:8 ms!
09-07 14:29:04.280   512  3972 I HarmanHal.Routing:  in printADTM() PcmAlsaWrapper.cpp:876
09-07 14:29:04.282   893 12848 D NuPlayerDriver: notifyResetComplete(0xebdc0e70)
09-07 14:29:04.304   512 13241 D HarmanHAL: StreamIn::getCapturePositionImpl
09-07 14:29:04.434   512 13241 I chatty  : uid=1041(audioserver) reader identical 4 lines
09-07 14:29:04.464   512 13241 D HarmanHAL: StreamIn::getCapturePositionImpl
09-07 14:29:04.477   538   618 W ipcLib  : ipcLib: in ipc_lib. DV1 read called
09-07 14:29:04.495   512 13241 D HarmanHAL: StreamIn::getCapturePositionImpl
09-07 14:29:04.517   512 13158 D AudioProcessing: sseApply [handle 0xbc80d90][type 512] start..
09-07 14:29:04.518   512 13158 D AudioProcessing: sseProcess ul audioIO content print-1 [256] [2] [4] [1] 
09-07 14:29:04.518   512 13158 D AudioProcessing: sseProcess ul audioIO content print-2 [6] [1] [0x3bcbc5a0] [0x5bc7ede0] 
09-07 14:29:04.518   512 13158 D AudioProcessing: sseProcess ul audioIO content print-3 [0x1bca1320 [0x8bc84110] [0x1bc9f9b0] sse->pMain is [0x2bca4a60] 
09-07 14:29:04.519   512 13158 D AudioProcessing: sseProcess ul [handle 0xbc80d90]  ret[0]
09-07 14:29:04.519   512 13158 D AudioProcessing: sseProcess ul AudioBufferSampleCnt[256] type[512] finish..
09-07 14:29:04.524   512 13241 D HarmanHAL: StreamIn::getCapturePositionImpl
09-07 14:29:04.555   512 13241 I chatty  : uid=1041(audioserver) reader identical 1 line
09-07 14:29:04.596   512 13241 D HarmanHAL: StreamIn::getCapturePositionImpl
09-07 14:29:04.623   512 13169 D AudioProcessing: sseApply [handle 0xbc83090][type 768] start..
09-07 14:29:04.623   512 13169 D AudioProcessing: sseProcess dl audioIO content print-1 [256] [2] [1] [1] 
09-07 14:29:04.623   512 13169 D AudioProcessing: sseProcess dl audioIO content print-2 [1] [1] [0x0xb40000763bcc28d0] [0x0xb40000761bca6b00] 
09-07 14:29:04.623   512 13169 D AudioProcessing: sseProcess dl audioIO content print-3 [0x0xb40000761bca7fd0] [0x0xb40000761bcabe40] [0x0xb40000761bca5880] sse->pMain is [0x0xb40000772bcb4e80] 
09-07 14:29:04.624   512 13169 D AudioProcessing: sseProcess dl [handle 0xbc83090] ret[0]
09-07 14:29:04.624   512 13169 D AudioProcessing: sseProcess dl AudioBufferSampleCnt[256] type[768] finish..
09-07 14:29:04.625   512 13241 D HarmanHAL: StreamIn::getCapturePositionImpl
09-07 14:29:04.648  1033  1175 E ActivityManager: Sending non-protected broadcast com.redbend.client.SET_ALARM from system uid 1000 pkg com.harman.softwareUpdate
09-07 14:29:04.648  1033  1175 E ActivityManager: java.lang.Throwable
09-07 14:29:04.648  1033  1175 E ActivityManager: 	at com.android.server.am.ActivityManagerService.checkBroadcastFromSystem(ActivityManagerService.java:15914)
09-07 14:29:04.648  1033  1175 E ActivityManager: 	at com.android.server.am.ActivityManagerService.broadcastIntentLocked(ActivityManagerService.java:16585)
09-07 14:29:04.648  1033  1175 E ActivityManager: 	at com.android.server.am.ActivityManagerService.broadcastIntentInPackage(ActivityManagerService.java:16764)
09-07 14:29:04.648  1033  1175 E ActivityManager: 	at com.android.server.am.ActivityManagerService$LocalService.broadcastIntentInPackage(ActivityManagerService.java:19425)
09-07 14:29:04.648  1033  1175 E ActivityManager: 	at com.android.server.am.PendingIntentRecord.sendInner(PendingIntentRecord.java:442)
09-07 14:29:04.648  1033  1175 E ActivityManager: 	at com.android.server.am.PendingIntentRecord.sendWithResult(PendingIntentRecord.java:285)
09-07 14:29:04.648  1033  1175 E ActivityManager: 	at com.android.server.am.ActivityManagerService.sendIntentSender(ActivityManagerService.java:5732)
09-07 14:29:04.648  1033  1175 E ActivityManager: 	at android.app.PendingIntent.sendAndReturnResult(PendingIntent.java:913)
09-07 14:29:04.648  1033  1175 E ActivityManager: 	at android.app.PendingIntent.send(PendingIntent.java:884)
09-07 14:29:04.648  1033  1175 E ActivityManager: 	at com.android.server.AlarmManagerService$DeliveryTracker.deliverLocked(AlarmManagerService.java:4733)
09-07 14:29:04.648  1033  1175 E ActivityManager: 	at com.android.server.AlarmManagerService.deliverAlarmsLocked(AlarmManagerService.java:3868)
09-07 14:29:04.648  1033  1175 E ActivityManager: 	at com.android.server.AlarmManagerService$AlarmThread.run(AlarmManagerService.java:4112)
09-07 14:29:04.648  1986  3683 I vDM (Thread-5): android/vdm_smm_pl.c.  107: [SMM] ACQUIRE WakeLock smm(0)
09-07 14:29:04.651  1033  1064 I DropBoxManagerService: add tag=system_server_wtf isTagEnabled=true flags=0x2
09-07 14:29:04.654   512 13241 D HarmanHAL: StreamIn::getCapturePositionImpl
09-07 14:29:04.659  1986  3683 V vDM (Thread-5): android/vdm_smm_pl.c.  233: [SMM] Timeout waiting for smm, passed 99s
09-07 14:29:04.659  1986  3683 I swupdate: BasicService: Resetting Alarm ID 1
09-07 14:29:04.660  1986  3683 V vDM (Thread-5): src/vdm_smm_static.c.  786: [SMM] Timeout will be at 2021-09-07 14:30:29 for SM: SCOMO_SWM_SYNC_INV
09-07 14:29:04.660  1986  3683 V vDM (Thread-5): src/vdm_smm_static.c. 1346: [SMM] received Event SMM_SAVED_TO_PS
09-07 14:29:04.660  1986  3683 V vDM (Thread-5): /src/vdm_smm_event.c.   96: [SMM] Event name=SMM_SAVED_TO_PS, without variables
09-07 14:29:04.660  1986  3683 V vDM (Thread-5): /src/vdm_smm_event.c.  121: [SMM] End event: SMM_SAVED_TO_PS
09-07 14:29:04.661  1986  3683 V vDM (Thread-5): src/vdm_smm_static.c. 1367: [SMM] --------- Finished handling SM event SMM_SAVED_TO_PS -----------
09-07 14:29:04.661  1986  3683 V vDM (Thread-5): src/vdm_smm_static.c. 1346: [SMM] received Event DMA_MSG_INT_TIMEOUT
09-07 14:29:04.661  1986  3683 V vDM (Thread-5): /src/vdm_smm_event.c.   96: [SMM] Event name=DMA_MSG_INT_TIMEOUT, variables:
09-07 14:29:04.661  1986  3683 V vDM (Thread-5): /src/vdm_smm_event.c.  117: [SMM] str variable(#1): INSTANCE_VAR=[null]
09-07 14:29:04.661  1986  3683 V vDM (Thread-5): /src/vdm_smm_event.c.  121: [SMM] End event: DMA_MSG_INT_TIMEOUT
09-07 14:29:04.661  1986  3683 V vDM (Thread-5): src/vdm_smm_static.c. 1109: [SMM] SCOMO_SWM_DEVINIT: SCOMO_DEVINIT_waitTimeOut -> SCOMO_DEVINIT_I_shouldWaitForBootupDelay
09-07 14:29:04.661  1986  3683 V vDM (Thread-5): src/vdm_smm_static.c.  905: [SMM] Posting Event DMA_MSG_SCOMO_DEVINIT_POLLING_ALARM_EXPIRED sent from 'SCOMO_SWM_DEVINIT'
09-07 14:29:04.661  1986  3683 V vDM (Thread-5): src/vdm_smm_static.c. 1109: [SMM] SCOMO_SWM_DEVINIT: SCOMO_DEVINIT_I_shouldWaitForBootupDelay -> SCOMO_DEVINIT_idle
09-07 14:29:04.661  1986  3683 V vDM (Thread-5): src/vdm_smm_static.c. 1367: [SMM] --------- Finished handling SM event DMA_MSG_INT_TIMEOUT -----------
09-07 14:29:04.661  1986  3683 V vDM (Thread-5): src/vdm_smm_static.c. 1346: [SMM] received Event DMA_MSG_SCOMO_DEVINIT_POLLING_ALARM_EXPIRED
09-07 14:29:04.661  1986  3683 V vDM (Thread-5): /src/vdm_smm_event.c.   96: [SMM] Event name=DMA_MSG_SCOMO_DEVINIT_POLLING_ALARM_EXPIRED, without variables
09-07 14:29:04.661  1986  3683 V vDM (Thread-5): /src/vdm_smm_event.c.  121: [SMM] End event: DMA_MSG_SCOMO_DEVINIT_POLLING_ALARM_EXPIRED
09-07 14:29:04.661  1986  3683 V vDM (Thread-5): src/vdm_smm_static.c.  905: [SMM] Posting Event DMA_MSG_SCOMO_DEVINIT_TRIGGERED sent from 'SCOMO_SWM_DEVINIT'
09-07 14:29:04.661  1986  3683 V vDM (Thread-5): src/vdm_smm_static.c. 1109: [SMM] SCOMO_SWM_DEVINIT: SCOMO_DEVINIT_idle -> SCOMO_DEVINIT_I_setNewPolling
09-07 14:29:04.661  1986  3683 V vDM (Thread-5): _SCOMO_SWM_DEVINIT.c.  165: [SMM] Updating var DMA_VAR_SCOMO_TRIGGER_MODE to 1
09-07 14:29:04.661  1986  3683 V vDM (Thread-5): src/vdm_smm_static.c. 1109: [SMM] SCOMO_SWM_DEVINIT: SCOMO_DEVINIT_I_setNewPolling -> SCOMO_DEVINIT_I_checkPollingInterval
09-07 14:29:04.662  1986  3683 V vDM (Thread-5): src/vdm_smm_static.c. 1109: [SMM] SCOMO_SWM_DEVINIT: SCOMO_DEVINIT_I_checkPollingInterval -> SCOMO_DEVINIT_I_getIntervalFromTree
09-07 14:29:04.662  1986  3683 V vDM (Thread-5): mo_devinit_actions.c.   47: [DMC] +DMA_redbend_SCOMO_getPollingIntervalFromTree
09-07 14:29:04.662  1986  3683 V vDM (Thread-5): s/dma_tree_actions.c.   62: [DMC] +DMA_redbend_getIntervalFromTree
09-07 14:29:04.662  1986  3683 V vDM (Thread-5): rdm/tree/tree_find.c.  206: [Core_Tree] Warning: Could not find node:	./Ext/RedBend/PollingIntervalInMinutes.
09-07 14:29:04.662  1986  3683 V vDM (Thread-5): s/dma_tree_actions.c.   71: [DMC] -DMA_redbend_getIntervalFromTree returns -1
09-07 14:29:04.662  1986  3683 V vDM (Thread-5): s/dma_tree_actions.c.   62: [DMC] +DMA_redbend_getIntervalFromTree
09-07 14:29:04.662  1986  3683 V vDM (Thread-5): s/dma_tree_actions.c.   71: [DMC] -DMA_redbend_getIntervalFromTree returns 168
09-07 14:29:04.662  1986  3683 V vDM (Thread-5): mo_devinit_actions.c.   57: [DMC] DMA_redbend_SCOMO_getPollingIntervalFromTree=> interval = 168 hours
09-07 14:29:04.662  1986  3683 V vDM (Thread-5): mo_devinit_actions.c.   76: [DMC] -DMA_redbend_SCOMO_getPollingIntervalFromTree returns 604800
09-07 14:29:04.662  1986  3683 V vDM (Thread-5): _SCOMO_SWM_DEVINIT.c.  261: [SMM] Updating var DMA_VAR_SCOMO_DEVINIT_POLLING_INTERVAL_IN_SECONDS to 604800
09-07 14:29:04.662  1986  3683 W vDM (Thread-5): rc/vdm_smm_declare.c. 1711: [SMM] VDM_SMM_Declare_defaultTimeoutFunc: timeout is 604800
09-07 14:29:04.662  1986  3683 V vDM (Thread-5): src/vdm_smm_static.c.  809: [SMM] curr time 2021-09-07 14:29:04
09-07 14:29:04.662  1986  3683 V vDM (Thread-5): src/vdm_smm_static.c.  810: [SMM] SM: SCOMO_SWM_DEVINIT Timeout configured for 2021-09-14 14:29:05
09-07 14:29:04.662  1986  3683 V vDM (Thread-5): src/vdm_smm_static.c. 1109: [SMM] SCOMO_SWM_DEVINIT: SCOMO_DEVINIT_I_getIntervalFromTree -> SCOMO_DEVINIT_waitTimeOut
09-07 14:29:04.662  1986  3683 V vDM (Thread-5): src/vdm_smm_static.c. 1367: [SMM] --------- Finished handling SM event DMA_MSG_SCOMO_DEVINIT_POLLING_ALARM_EXPIRED -----------
09-07 14:29:04.662  1986  3683 V vDM (Thread-5): src/vdm_smm_static.c. 1346: [SMM] received Event DMA_MSG_SCOMO_DEVINIT_TRIGGERED
09-07 14:29:04.662  1986  3683 V vDM (Thread-5): /src/vdm_smm_event.c.   96: [SMM] Event name=DMA_MSG_SCOMO_DEVINIT_TRIGGERED, without variables
09-07 14:29:04.662  1986  3683 V vDM (Thread-5): /src/vdm_smm_event.c.  121: [SMM] End event: DMA_MSG_SCOMO_DEVINIT_TRIGGERED
09-07 14:29:04.663  1986  3683 V vDM (Thread-5): src/vdm_smm_static.c. 1109: [SMM] SCOMO_TRIGGER: SCOMO_TRIGGER_idle -> SCOMO_TRIGGER_I_triggerDevInit
09-07 14:29:04.663  1986  3683 V vDM (Thread-5): src/vdm_smm_static.c. 1109: [SMM] SCOMO_TRIGGER: SCOMO_TRIGGER_I_triggerDevInit -> SCOMO_TRIGGER_I_triggerDevInitStartFlow
09-07 14:29:04.663  1986  3683 V vDM (Thread-5): code_SCOMO_TRIGGER.c.  303: [SMM] Updating var DMA_VAR_SCOMO_TRIGGER_MODE to 1
09-07 14:29:04.663  1986  3683 V vDM (Thread-5): src/vdm_smm_static.c. 1109: [SMM] SCOMO_TRIGGER: SCOMO_TRIGGER_I_triggerDevInitStartFlow -> SCOMO_TRIGGER_I_sendDmNotStarted
09-07 14:29:04.663  1986  3683 V vDM (Thread-5): src/vdm_smm_static.c.  905: [SMM] Posting Event B2B_DM_NOT_STARTED sent from 'SCOMO_TRIGGER'
09-07 14:29:04.663  1986  3683 V vDM (Thread-5): src/vdm_smm_static.c. 1109: [SMM] SCOMO_TRIGGER: SCOMO_TRIGGER_I_sendDmNotStarted -> SCOMO_TRIGGER_idle
09-07 14:29:04.663  1986  3683 V vDM (Thread-5): _SCOMO_SWM_DEVINIT.c.  315: [SMM] Updating var DMA_VAR_SCOMO_TRIGGER_MODE to 1
09-07 14:29:04.663  1986  3683 V vDM (Thread-5): src/vdm_smm_static.c. 1367: [SMM] --------- Finished handling SM event DMA_MSG_SCOMO_DEVINIT_TRIGGERED -----------
09-07 14:29:04.663  1986  3683 V vDM (Thread-5): src/vdm_smm_static.c. 1346: [SMM] received Event B2B_DM_NOT_STARTED
09-07 14:29:04.663  1986  3683 V vDM (Thread-5): /src/vdm_smm_event.c.   96: [SMM] Event name=B2B_DM_NOT_STARTED, variables:
09-07 14:29:04.663  1986  3683 V vDM (Thread-5): /src/vdm_smm_event.c.  108: [SMM] uint variable(#1): DMA_VAR_SCOMO_TRIGGER_MODE=1
09-07 14:29:04.663  1986  3683 V vDM (Thread-5): /src/vdm_smm_event.c.  121: [SMM] End event: B2B_DM_NOT_STARTED
09-07 14:29:04.663  1986  3683 V vDM (Thread-5): _SCOMO_SWM_DEVINIT.c.  327: [SMM] Updating var DMA_VAR_SCOMO_TRIGGER_MODE to 1
09-07 14:29:04.663  1986  3683 V vDM (Thread-5): src/vdm_smm_static.c. 1109: [SMM] SCOMO_SWM_DEVINIT: SCOMO_DEVINIT_waitTimeOut -> SCOMO_DEVINIT_I_startRecoveryPolling
09-07 14:29:04.663  1986  3683 V vDM (Thread-5): s/dma_tree_actions.c.   36: [DMC] +DMA_redbend_getSecondsFromTree
09-07 14:29:04.663  1986  3683 V vDM (Thread-5): s/dma_tree_actions.c.   39: [DMC] +DMA_redbend_getSecondsFromTree: node: ./Ext/RedBend/RecoveryPollingTimeout Value: 1440m
09-07 14:29:04.663  1986  3683 V vDM (Thread-5): s/dma_tree_actions.c.   49: [DMC] -DMA_redbend_getSecondsFromTree returns 86400
09-07 14:29:04.663  1986  3683 V vDM (Thread-5): s/dma_tree_actions.c.   62: [DMC] +DMA_redbend_getIntervalFromTree
09-07 14:29:04.663  1986  3683 V vDM (Thread-5): s/dma_tree_actions.c.   71: [DMC] -DMA_redbend_getIntervalFromTree returns 10
09-07 14:29:04.663  1986  3683 V vDM (Thread-5): mo_devinit_actions.c.  140: [DMC] +DMA_redbend_SCOMO_calculateRecoveryInterval: inRetryCounter: 2 retryMaxCount: 10 retryMaxTimeSec: 86400
09-07 14:29:04.663  1986  3683 V vDM (Thread-5): mo_devinit_actions.c.   47: [DMC] +DMA_redbend_SCOMO_getPollingIntervalFromTree
09-07 14:29:04.663  1986  3683 V vDM (Thread-5): s/dma_tree_actions.c.   62: [DMC] +DMA_redbend_getIntervalFromTree
09-07 14:29:04.663  1986  3683 V vDM (Thread-5): rdm/tree/tree_find.c.  206: [Core_Tree] Warning: Could not find node:	./Ext/RedBend/PollingIntervalInMinutes.
09-07 14:29:04.663  1986  3683 V vDM (Thread-5): s/dma_tree_actions.c.   71: [DMC] -DMA_redbend_getIntervalFromTree returns -1
09-07 14:29:04.663  1986  3683 V vDM (Thread-5): s/dma_tree_actions.c.   62: [DMC] +DMA_redbend_getIntervalFromTree
09-07 14:29:04.664  1986  3683 V vDM (Thread-5): s/dma_tree_actions.c.   71: [DMC] -DMA_redbend_getIntervalFromTree returns 168
09-07 14:29:04.664  1986  3683 V vDM (Thread-5): mo_devinit_actions.c.   57: [DMC] DMA_redbend_SCOMO_getPollingIntervalFromTree=> interval = 168 hours
09-07 14:29:04.664  1986  3683 V vDM (Thread-5): mo_devinit_actions.c.   76: [DMC] -DMA_redbend_SCOMO_getPollingIntervalFromTree returns 604800
09-07 14:29:04.664  1986  3683 V vDM (Thread-5): mo_devinit_actions.c.  169: [DMC] -DMA_redbend_SCOMO_calculateRecoveryInterval return wait time of: 240
09-07 14:29:04.664  1986  3683 V vDM (Thread-5): _SCOMO_SWM_DEVINIT.c.  184: [SMM] Updating var DMA_VAR_SCOMO_RETRY_COUNTER to 3
09-07 14:29:04.664  1986  3683 V vDM (Thread-5): _SCOMO_SWM_DEVINIT.c.  186: [SMM] Updating var DMA_VAR_SCOMO_DEVINIT_POLLING_INTERVAL_IN_SECONDS to 240
09-07 14:29:04.664  1986  3683 W vDM (Thread-5): rc/vdm_smm_declare.c. 1711: [SMM] VDM_SMM_Declare_defaultTimeoutFunc: timeout is 240
09-07 14:29:04.664  1986  3683 V vDM (Thread-5): src/vdm_smm_static.c.  809: [SMM] curr time 2021-09-07 14:29:04
09-07 14:29:04.664  1986  3683 V vDM (Thread-5): src/vdm_smm_static.c.  810: [SMM] SM: SCOMO_SWM_DEVINIT Timeout configured for 2021-09-07 14:33:05
09-07 14:29:04.664  1986  3683 V vDM (Thread-5): src/vdm_smm_static.c. 1109: [SMM] SCOMO_SWM_DEVINIT: SCOMO_DEVINIT_I_startRecoveryPolling -> SCOMO_DEVINIT_waitTimeOut
09-07 14:29:04.664  1986  3683 V vDM (Thread-5): src/vdm_smm_static.c. 1367: [SMM] --------- Finished handling SM event B2B_DM_NOT_STARTED -----------
09-07 14:29:04.664  1986  3683 V vDM (Thread-5): utl_persistentdata.c. 1026: [Util] ps_save: typeCryptInfo=0x0, typeCryptInfo->encrypt=0x0
09-07 14:29:04.664  1986  3683 V vDM (Thread-5): utl_persistentdata.c. 1042: [Util] saving to persistent storage file: /cache/swdl/reg.conf
09-07 14:29:04.665  1986  1986 I swupdate: BasicService: Alarm ID 1 expired
09-07 14:29:04.678  1986  3683 V vDM (Thread-5): utl_persistentdata.c. 1149: [Util] -ps_save
09-07 14:29:04.678  1986  3683 V vDM (Thread-5): src/vdm_smm_static.c.  786: [SMM] Timeout will be at 2021-09-07 14:30:29 for SM: SCOMO_SWM_SYNC_INV
09-07 14:29:04.678  1986  3683 I swupdate: BasicService: Setting Alarm ID 1 for Tue Sep 07 14:30:29 GMT 2021
09-07 14:29:04.679  1986  3683 I vDM (Thread-5): android/vdm_smm_pl.c.  123: [SMM] RELEASE WakeLock smm(1)
09-07 14:29:04.684   512 13241 D HarmanHAL: StreamIn::getCapturePositionImpl
09-07 14:29:04.692   536   612 E pathology: [ProcessCrashHandler:: parseTombstoneFileName]string not found
09-07 14:29:04.693   536   612 I chatty  : uid=0(root) vendor.harman.p identical 4 lines
09-07 14:29:04.693   536   612 E pathology: [ProcessCrashHandler:: parseTombstoneFileName]string not found
09-07 14:29:04.706   512 13133 I HarmanHal.Routing: hacs alsa node(pcmMicRefIn_c) adtm interval_min:0 ms, inverval_max:11 ms, inverval_mean:7 ms!
09-07 14:29:04.706   512 13133 I HarmanHal.Routing:  in printADTM() PcmAlsaWrapper.cpp:876
09-07 14:29:04.711   512 13159 I HarmanHal.Routing: hacs alsa node(pcmBtHfp_ul_pro_p) adtm interval_min:2 ms, inverval_max:12 ms, inverval_mean:7 ms!
09-07 14:29:04.711   512 13159 I HarmanHal.Routing:  in printADTM() PcmAlsaWrapper.cpp:876
09-07 14:29:04.715   512 13241 D HarmanHAL: StreamIn::getCapturePositionImpl
09-07 14:29:04.754   512 13241 I chatty  : uid=1041(audioserver) reader identical 1 line
09-07 14:29:04.784   512 13241 D HarmanHAL: StreamIn::getCapturePositionImpl
09-07 14:29:04.813   512 13169 I HarmanHal.Routing: hacs alsa node(pcmBtHfp_dl_pre_c) adtm interval_min:0 ms, inverval_max:11 ms, inverval_mean:7 ms!
09-07 14:29:04.813   512 13169 I HarmanHal.Routing:  in printADTM() PcmAlsaWrapper.cpp:876
09-07 14:29:04.814   512 13241 I HarmanHal.Routing: hacs alsa node(pcmTunerIn_c) adtm interval_min:29 ms, inverval_max:41 ms, inverval_mean:31 ms!
09-07 14:29:04.814   512 13241 I HarmanHal.Routing:  in printADTM() PcmAlsaWrapper.cpp:876
09-07 14:29:04.815   512 13241 D HarmanHAL: StreamIn::getCapturePositionImpl
09-07 14:29:04.815   512 13169 I HarmanHal.Routing: hacs alsa node(pcmHfp_dl_p) adtm interval_min:0 ms, inverval_max:11 ms, inverval_mean:8 ms!
09-07 14:29:04.815   512 13169 I HarmanHal.Routing:  in printADTM() PcmAlsaWrapper.cpp:876
09-07 14:29:04.845   512 13241 D HarmanHAL: StreamIn::getCapturePositionImpl
09-07 14:29:05.034   512 13241 I chatty  : uid=1041(audioserver) reader identical 6 lines
09-07 14:29:05.074   512 13241 D HarmanHAL: StreamIn::getCapturePositionImpl
09-07 14:29:05.079   911  4981 D BufferPoolAccessor2.0: bufferpool2 0xb400007205c6d498 : 2(1048576 size) total buffers - 1(524288 size) used buffers - 2879/2889 (recycle/alloc) - 24/2888 (fetch/transfer)
09-07 14:29:05.105   512 13241 D HarmanHAL: StreamIn::getCapturePositionImpl
09-07 14:29:05.135   512 13241 D HarmanHAL: StreamIn::getCapturePositionImpl
09-07 14:29:05.135   536   536 I vendor.harman.p: type=1400 audit(0.0:2952): avc: denied { write } for name="2" dev="dm-4" ino=49241 scontext=u:r:pathologyd:s0 tcontext=u:object_r:vendor_data_file:s0 tclass=dir permissive=1
09-07 14:29:05.135   536   536 I vendor.harman.p: type=1400 audit(0.0:2953): avc: denied { remove_name } for name="GPUMONITOR_PF_1631024790.lz4" dev="dm-4" ino=49375 scontext=u:r:pathologyd:s0 tcontext=u:object_r:vendor_data_file:s0 tclass=dir permissive=1
09-07 14:29:05.135   536   536 I vendor.harman.p: type=1400 audit(0.0:2954): avc: denied { unlink } for name="GPUMONITOR_PF_1631024790.lz4" dev="dm-4" ino=49375 scontext=u:r:pathologyd:s0 tcontext=u:object_r:vendor_data_file:s0 tclass=file permissive=1
09-07 14:29:05.139   536   536 I vendor.harman.p: type=1400 audit(0.0:2955): avc: denied { add_name } for name="PROCCRASH_PF_1631024944.lz4" scontext=u:r:pathologyd:s0 tcontext=u:object_r:vendor_data_file:s0 tclass=dir permissive=1
09-07 14:29:05.164   512 13241 D HarmanHAL: StreamIn::getCapturePositionImpl
09-07 14:29:05.235   512 13241 I chatty  : uid=1041(audioserver) reader identical 2 lines
09-07 14:29:05.265   512 13241 D HarmanHAL: StreamIn::getCapturePositionImpl
09-07 14:29:05.269   532   569 W ipcLib  : ipcLib: in ipc_lib. DV1 read called
09-07 14:29:05.270   532   568 I VPS     : VPS:IOCStatusInfo.VoltageStatus->0 
09-07 14:29:05.270   532   568 I VPS     : VPS:IOCStatusInfo.IOCStatusCmd->a6 
09-07 14:29:05.270   532   568 I VPS     : VPS:IOCStatusInfo.WakeUpReason->0 
09-07 14:29:05.270   532   568 I VPS     : VPS:IOCStatusInfo.DerivedIgnitionStatus->0 
09-07 14:29:05.270   532   568 I VPS     : VPS:IOCStatusInfo.PowerModeState->4 
09-07 14:29:05.270   532   568 I VPS     : VPS:IOCStatusInfo.SOCShutdownRequest->0 
09-07 14:29:05.271   532   568 I VPS     : VPS:IOCStatusInfo.AntiTheftState->0 
09-07 14:29:05.271   532   568 I VPS     : VPS:IOCStatusInfo.BatteryConnect->0 
09-07 14:29:05.280   512  3972 I HarmanHal.Routing: hacs alsa node(pcmMedia_p) adtm interval_min:1 ms, inverval_max:10 ms, inverval_mean:8 ms!
09-07 14:29:05.280   512  3972 I HarmanHal.Routing:  in printADTM() PcmAlsaWrapper.cpp:876
09-07 14:29:05.295   512 13241 D HarmanHAL: StreamIn::getCapturePositionImpl
09-07 14:29:05.425   512 13241 I chatty  : uid=1041(audioserver) reader identical 4 lines
09-07 14:29:05.454   512 13241 D HarmanHAL: StreamIn::getCapturePositionImpl
09-07 14:29:05.479   538   618 W ipcLib  : ipcLib: in ipc_lib. DV1 read called
09-07 14:29:05.484   512 13241 D HarmanHAL: StreamIn::getCapturePositionImpl
09-07 14:29:05.644   512 13241 I chatty  : uid=1041(audioserver) reader identical 5 lines
09-07 14:29:05.675   512 13241 D HarmanHAL: StreamIn::getCapturePositionImpl
09-07 14:29:05.706   512 13133 I HarmanHal.Routing: hacs alsa node(pcmMicRefIn_c) adtm interval_min:0 ms, inverval_max:11 ms, inverval_mean:8 ms!
09-07 14:29:05.706   512 13133 I HarmanHal.Routing:  in printADTM() PcmAlsaWrapper.cpp:876
09-07 14:29:05.711   512 13159 I HarmanHal.Routing: hacs alsa node(pcmBtHfp_ul_pro_p) adtm interval_min:2 ms, inverval_max:12 ms, inverval_mean:8 ms!
09-07 14:29:05.711   512 13159 I HarmanHal.Routing:  in printADTM() PcmAlsaWrapper.cpp:876
09-07 14:29:05.714   512 13241 D HarmanHAL: StreamIn::getCapturePositionImpl
09-07 14:29:05.727   536   536 I vendor.harman.p: type=1400 audit(0.0:2956): avc: denied { read } for name="2" dev="dm-4" ino=49241 scontext=u:r:pathologyd:s0 tcontext=u:object_r:vendor_data_file:s0 tclass=dir permissive=1
01-01 00:04:08.722     0     0 W audit   : audit_lost=1368 audit_rate_limit=5 audit_backlog_limit=64
01-01 00:04:08.722     0     0 E audit   : rate limit exceeded
09-07 14:29:05.745   512 13241 D HarmanHAL: StreamIn::getCapturePositionImpl
09-07 14:29:05.774   512 13241 D HarmanHAL: StreamIn::getCapturePositionImpl
09-07 14:29:05.804   512 13241 I HarmanHal.Routing: hacs alsa node(pcmTunerIn_c) adtm interval_min:29 ms, inverval_max:40 ms, inverval_mean:31 ms!
09-07 14:29:05.804   512 13241 I HarmanHal.Routing:  in printADTM() PcmAlsaWrapper.cpp:876
09-07 14:29:05.805   512 13241 D HarmanHAL: StreamIn::getCapturePositionImpl
09-07 14:29:05.814   512 13169 I HarmanHal.Routing: hacs alsa node(pcmBtHfp_dl_pre_c) adtm interval_min:0 ms, inverval_max:13 ms, inverval_mean:8 ms!
09-07 14:29:05.814   512 13169 I HarmanHal.Routing:  in printADTM() PcmAlsaWrapper.cpp:876
09-07 14:29:05.815   512 13169 I HarmanHal.Routing: hacs alsa node(pcmHfp_dl_p) adtm interval_min:0 ms, inverval_max:14 ms, inverval_mean:8 ms!
09-07 14:29:05.815   512 13169 I HarmanHal.Routing:  in printADTM() PcmAlsaWrapper.cpp:876
09-07 14:29:05.834   512 13241 D HarmanHAL: StreamIn::getCapturePositionImpl
09-07 14:29:06.065   512 13241 I chatty  : uid=1041(audioserver) reader identical 7 lines
09-07 14:29:06.094   512 13241 D HarmanHAL: StreamIn::getCapturePositionImpl
09-07 14:29:06.117   512 13158 D AudioProcessing: sseApply [handle 0xbc80d90][type 512] start..
09-07 14:29:06.118   512 13158 D AudioProcessing: sseProcess ul audioIO content print-1 [256] [2] [4] [1] 
09-07 14:29:06.118   512 13158 D AudioProcessing: sseProcess ul audioIO content print-2 [6] [1] [0x3bcbc5a0] [0x5bc7ede0] 
09-07 14:29:06.118   512 13158 D AudioProcessing: sseProcess ul audioIO content print-3 [0x1bca1320 [0x8bc84110] [0x1bc9f9b0] sse->pMain is [0x2bca4a60] 
09-07 14:29:06.119   512 13158 D AudioProcessing: sseProcess ul [handle 0xbc80d90]  ret[0]
09-07 14:29:06.119   512 13158 D AudioProcessing: sseProcess ul AudioBufferSampleCnt[256] type[512] finish..
09-07 14:29:06.124   512 13241 D HarmanHAL: StreamIn::getCapturePositionImpl
09-07 14:29:06.155   512 13241 I chatty  : uid=1041(audioserver) reader identical 1 line
09-07 14:29:06.194   512 13241 D HarmanHAL: StreamIn::getCapturePositionImpl
09-07 14:29:06.223   512 13169 D AudioProcessing: sseApply [handle 0xbc83090][type 768] start..
09-07 14:29:06.223   512 13169 D AudioProcessing: sseProcess dl audioIO content print-1 [256] [2] [1] [1] 
09-07 14:29:06.223   512 13169 D AudioProcessing: sseProcess dl audioIO content print-2 [1] [1] [0x0xb40000763bcc28d0] [0x0xb40000761bca6b00] 
09-07 14:29:06.223   512 13169 D AudioProcessing: sseProcess dl audioIO content print-3 [0x0xb40000761bca7fd0] [0x0xb40000761bcabe40] [0x0xb40000761bca5880] sse->pMain is [0x0xb40000772bcb4e80] 
09-07 14:29:06.224   512 13169 D AudioProcessing: sseProcess dl [handle 0xbc83090] ret[0]
09-07 14:29:06.224   512 13169 D AudioProcessing: sseProcess dl AudioBufferSampleCnt[256] type[768] finish..
09-07 14:29:06.225   512 13241 D HarmanHAL: StreamIn::getCapturePositionImpl
09-07 14:29:06.254   512 13241 D HarmanHAL: StreamIn::getCapturePositionImpl
09-07 14:29:06.280   512  3972 I HarmanHal.Routing: hacs alsa node(pcmMedia_p) adtm interval_min:0 ms, inverval_max:11 ms, inverval_mean:8 ms!
09-07 14:29:06.280   512  3972 I HarmanHal.Routing:  in printADTM() PcmAlsaWrapper.cpp:876
09-07 14:29:06.284   512 13241 D HarmanHAL: StreamIn::getCapturePositionImpl
09-07 14:29:06.444   512 13241 I chatty  : uid=1041(audioserver) reader identical 5 lines
09-07 14:29:06.474   512 13241 D HarmanHAL: StreamIn::getCapturePositionImpl
09-07 14:29:06.477   538   618 W ipcLib  : ipcLib: in ipc_lib. DV1 read called
09-07 14:29:06.514   512 13241 D HarmanHAL: StreamIn::getCapturePositionImpl
09-07 14:29:06.675   512 13241 I chatty  : uid=1041(audioserver) reader identical 5 lines
09-07 14:29:06.704   512 13241 D HarmanHAL: StreamIn::getCapturePositionImpl
09-07 14:29:06.706   512 13133 I HarmanHal.Routing: hacs alsa node(pcmMicRefIn_c) adtm interval_min:0 ms, inverval_max:11 ms, inverval_mean:8 ms!
09-07 14:29:06.706   512 13133 I HarmanHal.Routing:  in printADTM() PcmAlsaWrapper.cpp:876
09-07 14:29:06.711   512 13159 I HarmanHal.Routing: hacs alsa node(pcmBtHfp_ul_pro_p) adtm interval_min:2 ms, inverval_max:12 ms, inverval_mean:8 ms!
09-07 14:29:06.711   512 13159 I HarmanHal.Routing:  in printADTM() PcmAlsaWrapper.cpp:876
09-07 14:29:06.734   512 13241 D HarmanHAL: StreamIn::getCapturePositionImpl
09-07 14:29:06.764   512 13241 D HarmanHAL: StreamIn::getCapturePositionImpl
09-07 14:29:06.795   512 13241 I HarmanHal.Routing: hacs alsa node(pcmTunerIn_c) adtm interval_min:29 ms, inverval_max:41 ms, inverval_mean:31 ms!
09-07 14:29:06.795   512 13241 I HarmanHal.Routing:  in printADTM() PcmAlsaWrapper.cpp:876
09-07 14:29:06.798   512 13241 D HarmanHAL: StreamIn::getCapturePositionImpl
09-07 14:29:06.813   512 13169 I HarmanHal.Routing: hacs alsa node(pcmBtHfp_dl_pre_c) adtm interval_min:0 ms, inverval_max:11 ms, inverval_mean:7 ms!
09-07 14:29:06.813   512 13169 I HarmanHal.Routing:  in printADTM() PcmAlsaWrapper.cpp:876
09-07 14:29:06.814   512 13169 I HarmanHal.Routing: hacs alsa node(pcmHfp_dl_p) adtm interval_min:0 ms, inverval_max:11 ms, inverval_mean:7 ms!
09-07 14:29:06.814   512 13169 I HarmanHal.Routing:  in printADTM() PcmAlsaWrapper.cpp:876
09-07 14:29:06.834   512 13241 D HarmanHAL: StreamIn::getCapturePositionImpl
09-07 14:29:07.244   512 13241 I chatty  : uid=1041(audioserver) reader identical 13 lines
09-07 14:29:07.274   512 13241 D HarmanHAL: StreamIn::getCapturePositionImpl
09-07 14:29:07.280   512  3972 I HarmanHal.Routing: hacs alsa node(pcmMedia_p) adtm interval_min:0 ms, inverval_max:11 ms, inverval_mean:8 ms!
09-07 14:29:07.280   512  3972 I HarmanHal.Routing:  in printADTM() PcmAlsaWrapper.cpp:876
09-07 14:29:07.314   512 13241 D HarmanHAL: StreamIn::getCapturePositionImpl
09-07 14:29:07.345   512 13241 D HarmanHAL: StreamIn::getCapturePositionImpl
09-07 14:29:07.370   532   569 W ipcLib  : ipcLib: in ipc_lib. DV1 read called
09-07 14:29:07.370   532   568 I VPS     : VPS:IOCStatusInfo.VoltageStatus->0 
09-07 14:29:07.370   532   568 I VPS     : VPS:IOCStatusInfo.IOCStatusCmd->a6 
09-07 14:29:07.371   532   568 I VPS     : VPS:IOCStatusInfo.WakeUpReason->0 
09-07 14:29:07.371   532   568 I VPS     : VPS:IOCStatusInfo.DerivedIgnitionStatus->0 
09-07 14:29:07.371   532   568 I VPS     : VPS:IOCStatusInfo.PowerModeState->4 
09-07 14:29:07.371   532   568 I VPS     : VPS:IOCStatusInfo.SOCShutdownRequest->0 
09-07 14:29:07.371   532   568 I VPS     : VPS:IOCStatusInfo.AntiTheftState->0 
09-07 14:29:07.371   532   568 I VPS     : VPS:IOCStatusInfo.BatteryConnect->0 
09-07 14:29:07.374   512 13241 D HarmanHAL: StreamIn::getCapturePositionImpl
09-07 14:29:07.434   512 13241 I chatty  : uid=1041(audioserver) reader identical 2 lines
09-07 14:29:07.474   512 13241 D HarmanHAL: StreamIn::getCapturePositionImpl
09-07 14:29:07.477   538   618 W ipcLib  : ipcLib: in ipc_lib. DV1 read called
09-07 14:29:07.504   512 13241 D HarmanHAL: StreamIn::getCapturePositionImpl
09-07 14:29:07.665   512 13241 I chatty  : uid=1041(audioserver) reader identical 5 lines
09-07 14:29:07.695   512 13241 D HarmanHAL: StreamIn::getCapturePositionImpl
09-07 14:29:07.706   512 13133 I HarmanHal.Routing: hacs alsa node(pcmMicRefIn_c) adtm interval_min:0 ms, inverval_max:11 ms, inverval_mean:8 ms!
09-07 14:29:07.706   512 13133 I HarmanHal.Routing:  in printADTM() PcmAlsaWrapper.cpp:876
09-07 14:29:07.711   512 13159 I HarmanHal.Routing: hacs alsa node(pcmBtHfp_ul_pro_p) adtm interval_min:2 ms, inverval_max:12 ms, inverval_mean:8 ms!
09-07 14:29:07.711   512 13159 I HarmanHal.Routing:  in printADTM() PcmAlsaWrapper.cpp:876
09-07 14:29:07.717   512 13158 D AudioProcessing: sseApply [handle 0xbc80d90][type 512] start..
09-07 14:29:07.718   512 13158 D AudioProcessing: sseProcess ul audioIO content print-1 [256] [2] [4] [1] 
09-07 14:29:07.718   512 13158 D AudioProcessing: sseProcess ul audioIO content print-2 [6] [1] [0x3bcbc5a0] [0x5bc7ede0] 
09-07 14:29:07.718   512 13158 D AudioProcessing: sseProcess ul audioIO content print-3 [0x1bca1320 [0x8bc84110] [0x1bc9f9b0] sse->pMain is [0x2bca4a60] 
09-07 14:29:07.719   512 13158 D AudioProcessing: sseProcess ul [handle 0xbc80d90]  ret[0]
09-07 14:29:07.719   512 13158 D AudioProcessing: sseProcess ul AudioBufferSampleCnt[256] type[512] finish..
09-07 14:29:07.724   512 13241 D HarmanHAL: StreamIn::getCapturePositionImpl
09-07 14:29:07.755   512 13241 D HarmanHAL: StreamIn::getCapturePositionImpl
09-07 14:29:07.794   512 13241 I HarmanHal.Routing: hacs alsa node(pcmTunerIn_c) adtm interval_min:29 ms, inverval_max:40 ms, inverval_mean:32 ms!
09-07 14:29:07.794   512 13241 I HarmanHal.Routing:  in printADTM() PcmAlsaWrapper.cpp:876
09-07 14:29:07.796   512 13241 D HarmanHAL: StreamIn::getCapturePositionImpl
09-07 14:29:07.814   512 13169 I HarmanHal.Routing: hacs alsa node(pcmBtHfp_dl_pre_c) adtm interval_min:0 ms, inverval_max:10 ms, inverval_mean:8 ms!
09-07 14:29:07.814   512 13169 I HarmanHal.Routing:  in printADTM() PcmAlsaWrapper.cpp:876
09-07 14:29:07.815   512 13169 I HarmanHal.Routing: hacs alsa node(pcmHfp_dl_p) adtm interval_min:0 ms, inverval_max:11 ms, inverval_mean:8 ms!
09-07 14:29:07.815   512 13169 I HarmanHal.Routing:  in printADTM() PcmAlsaWrapper.cpp:876
09-07 14:29:07.823   512 13169 D AudioProcessing: sseApply [handle 0xbc83090][type 768] start..
09-07 14:29:07.823   512 13169 D AudioProcessing: sseProcess dl audioIO content print-1 [256] [2] [1] [1] 
09-07 14:29:07.823   512 13169 D AudioProcessing: sseProcess dl audioIO content print-2 [1] [1] [0x0xb40000763bcc28d0] [0x0xb40000761bca6b00] 
09-07 14:29:07.823   512 13169 D AudioProcessing: sseProcess dl audioIO content print-3 [0x0xb40000761bca7fd0] [0x0xb40000761bcabe40] [0x0xb40000761bca5880] sse->pMain is [0x0xb40000772bcb4e80] 
09-07 14:29:07.824   512 13169 D AudioProcessing: sseProcess dl [handle 0xbc83090] ret[0]
09-07 14:29:07.824   512 13169 D AudioProcessing: sseProcess dl AudioBufferSampleCnt[256] type[768] finish..
09-07 14:29:07.824   512 13241 D HarmanHAL: StreamIn::getCapturePositionImpl
09-07 14:29:08.234   512 13241 I chatty  : uid=1041(audioserver) reader identical 13 lines
09-07 14:29:08.275   512 13241 D HarmanHAL: StreamIn::getCapturePositionImpl
09-07 14:29:08.280   512  3972 I HarmanHal.Routing: hacs alsa node(pcmMedia_p) adtm interval_min:1 ms, inverval_max:10 ms, inverval_mean:8 ms!
09-07 14:29:08.280   512  3972 I HarmanHal.Routing:  in printADTM() PcmAlsaWrapper.cpp:876
09-07 14:29:08.304   512 13241 D HarmanHAL: StreamIn::getCapturePositionImpl
09-07 14:29:08.434   512 13241 I chatty  : uid=1041(audioserver) reader identical 4 lines
09-07 14:29:08.465   512 13241 D HarmanHAL: StreamIn::getCapturePositionImpl
09-07 14:29:08.477   538   618 W ipcLib  : ipcLib: in ipc_lib. DV1 read called
09-07 14:29:08.495   512 13241 D HarmanHAL: StreamIn::getCapturePositionImpl
09-07 14:29:08.654   512 13241 I chatty  : uid=1041(audioserver) reader identical 5 lines
09-07 14:29:08.685   512 13241 D HarmanHAL: StreamIn::getCapturePositionImpl
09-07 14:29:08.706   512 13133 I HarmanHal.Routing: hacs alsa node(pcmMicRefIn_c) adtm interval_min:0 ms, inverval_max:10 ms, inverval_mean:8 ms!
09-07 14:29:08.706   512 13133 I HarmanHal.Routing:  in printADTM() PcmAlsaWrapper.cpp:876
09-07 14:29:08.710   512 13159 I HarmanHal.Routing: hacs alsa node(pcmBtHfp_ul_pro_p) adtm interval_min:2 ms, inverval_max:11 ms, inverval_mean:7 ms!
09-07 14:29:08.710   512 13159 I HarmanHal.Routing:  in printADTM() PcmAlsaWrapper.cpp:876
09-07 14:29:08.714   512 13241 D HarmanHAL: StreamIn::getCapturePositionImpl
09-07 14:29:08.755   512 13241 D HarmanHAL: StreamIn::getCapturePositionImpl
09-07 14:29:08.784   512 13241 I HarmanHal.Routing: hacs alsa node(pcmTunerIn_c) adtm interval_min:30 ms, inverval_max:40 ms, inverval_mean:31 ms!
09-07 14:29:08.784   512 13241 I HarmanHal.Routing:  in printADTM() PcmAlsaWrapper.cpp:876
09-07 14:29:08.785   512 13241 D HarmanHAL: StreamIn::getCapturePositionImpl
09-07 14:29:08.813   512 13169 I HarmanHal.Routing: hacs alsa node(pcmBtHfp_dl_pre_c) adtm interval_min:0 ms, inverval_max:10 ms, inverval_mean:7 ms!
09-07 14:29:08.813   512 13169 I HarmanHal.Routing:  in printADTM() PcmAlsaWrapper.cpp:876
09-07 14:29:08.815   512 13169 I HarmanHal.Routing: hacs alsa node(pcmHfp_dl_p) adtm interval_min:0 ms, inverval_max:11 ms, inverval_mean:8 ms!
09-07 14:29:08.815   512 13169 I HarmanHal.Routing:  in printADTM() PcmAlsaWrapper.cpp:876
09-07 14:29:08.815   512 13241 D HarmanHAL: StreamIn::getCapturePositionImpl
09-07 14:29:08.944   512 13241 I chatty  : uid=1041(audioserver) reader identical 4 lines
09-07 14:29:08.974   512 13241 D HarmanHAL: StreamIn::getCapturePositionImpl
09-07 14:29:09.000   532   569 I VPS     : VPS:VehiclePlatformSOCHeartBeatHandler IVI HeartBeat sent successfully SOCHeartBeatInfo.SOCStatus->2
09-07 14:29:09.001   532   569 W ipcLib  : ipcLib: in ipc_lib. DV1 write called
09-07 14:29:09.002   532   569 W ipcLib  : ipcLib: in ipc_lib. DV1 read called
09-07 14:29:09.004   512 13241 D HarmanHAL: StreamIn::getCapturePositionImpl
01-01 00:04:12.021     0     0 I init    : starting service 'qccsyshalservice'...
01-01 00:04:12.028     0     0 I init    : starting service 'vendor.sensors-hal-1-0'...
01-01 00:04:12.037     0     0 I init    : starting service 'LogManager'...
09-07 14:29:09.035   512 13241 D HarmanHAL: StreamIn::getCapturePositionImpl
09-07 14:29:09.064 15266 15266 I qccsyshalservice: Start with system binder
09-07 14:29:09.065 15266 15266 I qccsyshalservice: Registering qccsyshal service...
09-07 14:29:09.067   376   376 I hwservicemanager: getTransport: Cannot find entry vendor.qti.hardware.qccsyshal@1.0::IQccsyshal/qccsyshal in either framework or device manifest.
09-07 14:29:09.067   376   376 I hwservicemanager: getTransport: Cannot find entry android.hardware.sensors@1.0::ISensors/default in either framework or device manifest.
09-07 14:29:09.067 15266 15266 E HidlServiceManagement: Service vendor.qti.hardware.qccsyshal@1.0::IQccsyshal/qccsyshal must be in VINTF manifest in order to register/get.
09-07 14:29:09.067 15266 15266 E qccsyshalservice: [ERROR] registerAsService() failed with status: -2147483648
09-07 14:29:09.070 15267 15267 E android.hardware.sensors@1.0-service: Couldn't load sensors module (Unknown error -2147483648)
09-07 14:29:09.070 15267 15267 D RefBase : RefBase: Explicit destruction, weak count = 0 (in 0xb4000079150ca1d8)
09-07 14:29:09.070 15267 15267 W RefBase : CallStack::getCurrentInternal not linked, returning null
09-07 14:29:09.070 15267 15267 W RefBase : CallStack::logStackInternal not linked
09-07 14:29:09.071 15267 15267 E LegacySupport: Could not get passthrough implementation for android.hardware.sensors@1.0::ISensors/default.
01-01 00:04:12.059     0     0 I init    : Service 'qccsyshalservice' (pid 15266) exited with status 1
01-01 00:04:12.059     0     0 I init    : Sending signal 9 to service 'qccsyshalservice' (pid 15266) process group...
01-01 00:04:12.060     0     0 I libprocessgroup: Successfully killed process cgroup uid 1000 pid 15266 in 0ms
01-01 00:04:12.062     0     0 I init    : Service 'vendor.sensors-hal-1-0' (pid 15267) exited with status 1
01-01 00:04:12.062     0     0 I init    : Sending signal 9 to service 'vendor.sensors-hal-1-0' (pid 15267) process group...
01-01 00:04:12.062     0     0 I libprocessgroup: Successfully killed process cgroup uid 1000 pid 15267 in 0ms
09-07 14:29:09.074   512 13241 D HarmanHAL: StreamIn::getCapturePositionImpl
09-07 14:29:09.084 15268 15268 D LOGMANAGER: LOGMANAGER HAL service init() start
09-07 14:29:09.084 15268 15268 D LOGMANAGER: Logmanager configured rpcthreadpool
09-07 14:29:09.079 15268 15268 I vendor.harman.L: type=1400 audit(0.0:2958): avc: denied { read } for name="u:object_r:hwservicemanager_prop:s0" dev="tmpfs" ino=24519 scontext=u:r:logmanagerd:s0 tcontext=u:object_r:hwservicemanager_prop:s0 tclass=file permissive=1
09-07 14:29:09.079 15268 15268 I vendor.harman.L: type=1400 audit(0.0:2959): avc: denied { open } for path="/dev/__properties__/u:object_r:hwservicemanager_prop:s0" dev="tmpfs" ino=24519 scontext=u:r:logmanagerd:s0 tcontext=u:object_r:hwservicemanager_prop:s0 tclass=file permissive=1
09-07 14:29:09.079 15268 15268 I vendor.harman.L: type=1400 audit(0.0:2960): avc: denied { getattr } for path="/dev/__properties__/u:object_r:hwservicemanager_prop:s0" dev="tmpfs" ino=24519 scontext=u:r:logmanagerd:s0 tcontext=u:object_r:hwservicemanager_prop:s0 tclass=file permissive=1
09-07 14:29:09.079 15268 15268 I vendor.harman.L: type=1400 audit(0.0:2961): avc: denied { map } for path="/dev/__properties__/u:object_r:hwservicemanager_prop:s0" dev="tmpfs" ino=24519 scontext=u:r:logmanagerd:s0 tcontext=u:object_r:hwservicemanager_prop:s0 tclass=file permissive=1
09-07 14:29:09.086 15268 15268 I HidlServiceManagement: Registered vendor.harman.hardware.LogManager@1.0::ILogManager/default
09-07 14:29:09.086 15268 15268 D LOGMANAGER: Logmanager HAL Service is registered and ready
09-07 14:29:09.086 15268 15268 I LOGMANAGER: ThreadPoolWrapper::initThreadPool
09-07 14:29:09.086 15268 15268 I LOGMANAGER: ThreadPoolWrapper : exit
09-07 14:29:09.086 15268 15268 D LOGMANAGER: Logmanager threadpoolwrapper created
09-07 14:29:09.086 15268 15268 D LOGMANAGER: User argument is -c
09-07 14:29:09.086 15268 15269 I LOGMANAGER: ThreadPoolWrapper:  enter the joinRpcThreadpool()
09-07 14:29:09.087 15268 15268 I LOGMANAGER: LogmanagerConfig is configured under config file
09-07 14:29:09.087 15268 15268 I LOGMANAGER: LoggingLevel is : 4
09-07 14:29:09.087 15268 15268 I LOGMANAGER: LogEnableState is : 0
09-07 14:29:09.087 15268 15268 I LOGMANAGER: OutputPluginConfiguration PluginType : LOGWRITTER
09-07 14:29:09.087 15268 15268 I LOGMANAGER: LM_OutputConfiguration : 1
09-07 14:29:09.087 15268 15268 I LOGMANAGER: LM_OfflineTraceDirectory : /data/cache
09-07 14:29:09.087 15268 15268 I LOGMANAGER: LM_OfflineTraceFILESize : 1000000
09-07 14:29:09.087 15268 15268 I LOGMANAGER: LM_OfflineTotalFILESSize : 20000000
09-07 14:29:09.087 15268 15268 I LOGMANAGER: LM_FileNameTimeStampBased : 0
09-07 14:29:09.087 15268 15268 I LOGMANAGER: Got IOC plugin
09-07 14:29:09.087 15268 15268 I LOGMANAGER: IOCIPCChannelNumber :6
09-07 14:29:09.087 15268 15268 I LOGMANAGER: keyseq: HOME + VOLUMEDOWN  for domain is AudioDump
09-07 14:29:09.087 15268 15268 I LOGMANAGER: keyseq: HOME + VOLUMEUP  for domain is HCIDump
09-07 14:29:09.087 15268 15268 I LOGMANAGER: Domains parsing is done
01-01 00:04:12.077     0     0 W audit   : audit_lost=1369 audit_rate_limit=5 audit_backlog_limit=64
01-01 00:04:12.077     0     0 E audit   : rate limit exceeded
09-07 14:29:09.083 15268 15268 I vendor.harman.L: type=1400 audit(0.0:2962): avc: denied { dac_read_search } for capability=2 scontext=u:r:logmanagerd:s0 tcontext=u:r:logmanagerd:s0 tclass=capability permissive=1
09-07 14:29:09.092 15268 15268 E LOGMANAGER: Failed to load plugin /vendor/lib64/libIOCDLogReader.so with error code dlopen failed: library "/vendor/lib64/libIOCDLogReader.so" not found 
09-07 14:29:09.092 15268 15268 F libc    : Fatal signal 11 (SIGSEGV), code 1 (SEGV_MAPERR), fault addr 0x0 in tid 15268 (vendor.harman.L), pid 15268 (vendor.harman.L)
09-07 14:29:09.105   512 13241 D HarmanHAL: StreamIn::getCapturePositionImpl
09-07 14:29:09.134   512 13241 D HarmanHAL: StreamIn::getCapturePositionImpl
09-07 14:29:09.134 15275 15275 I crash_dump64: obtaining output fd from tombstoned, type: kDebuggerdTombstone
09-07 14:29:09.136   463   463 I tombstoned: received crash request for pid 15268
09-07 14:29:09.137 15275 15275 I crash_dump64: performing dump of process 15268 (target tid = 15268)
09-07 14:29:09.142 15275 15275 F DEBUG   : *** *** *** *** *** *** *** *** *** *** *** *** *** *** *** ***
09-07 14:29:09.143 15275 15275 F DEBUG   : Build fingerprint: 'qti/titan_tml_b2/titan_tml_b2:11/RQ3A.210605.005/eng.ksong.20210907.134230:userdebug/test-keys'
09-07 14:29:09.143 15275 15275 F DEBUG   : Revision: '0'
09-07 14:29:09.144 15275 15275 F DEBUG   : ABI: 'arm64'
09-07 14:29:09.146 15275 15275 F DEBUG   : Timestamp: 2021-09-07 14:29:09+0000
09-07 14:29:09.146 15275 15275 F DEBUG   : pid: 15268, tid: 15268, name: vendor.harman.L  >>> /vendor/bin/hw/vendor.harman.LogManager@1.0-service <<<
09-07 14:29:09.147 15275 15275 F DEBUG   : uid: 0
09-07 14:29:09.147 15275 15275 F DEBUG   : signal 11 (SIGSEGV), code 1 (SEGV_MAPERR), fault addr 0x0
09-07 14:29:09.147 15275 15275 F DEBUG   : Cause: null pointer dereference
09-07 14:29:09.147 15275 15275 F DEBUG   :     x0  0000000000000000  x1  0000000000000000  x2  0000000000080001  x3  0000000000000000
09-07 14:29:09.148 15275 15275 F DEBUG   :     x4  0000000000000000  x5  0000000000000090  x6  fefefefefefefeff  x7  7f7f7f7f7f7f7f7f
09-07 14:29:09.148 15275 15275 F DEBUG   :     x8  0101010101010101  x9  3353432e0a3f0a3b  x10 0000007ff3206768  x11 fffffffffffffffd
09-07 14:29:09.148 15275 15275 F DEBUG   :     x12 0000007ff32068f0  x13 000000000000008e  x14 00053ec5a7158000  x15 0000000034155555
09-07 14:29:09.148 15275 15275 F DEBUG   :     x16 00000065085b87e0  x17 0000007ee074fb30  x18 0000007ee1dd0000  x19 0000000000000000
09-07 14:29:09.148 15275 15275 F DEBUG   :     x20 0000007ee05aec50  x21 0000007ff3207009  x22 b400007de02328e8  x23 0000007ff3207028
09-07 14:29:09.149 15275 15275 F DEBUG   :     x24 0000000000000000  x25 0000007ee0e7f000  x26 0000007ff3207009  x27 0000007ff3206fd9
09-07 14:29:09.149 15275 15275 F DEBUG   :     x28 0000000000000000  x29 0000007ff3206f10
09-07 14:29:09.149 15275 15275 F DEBUG   :     lr  00000065085af048  sp  0000007ff3206f10  pc  0000007ee074fb40  pst 0000000080000000
09-07 14:29:09.155 15275 15275 F DEBUG   : backtrace:
09-07 14:29:09.155 15275 15275 F DEBUG   :       #00 pc 000000000004ab40  /apex/com.android.runtime/lib64/bionic/libc.so (strlen_default+16) (BuildId: 2b7c6e33413ac7278a15dfc3ea383089)
09-07 14:29:09.155 15275 15275 F DEBUG   :       #01 pc 0000000000009044  /vendor/bin/hw/vendor.harman.LogManager@1.0-service (BuildId: 3e966ab64050b441b920ba0e8960d123)
09-07 14:29:09.155 15275 15275 F DEBUG   :       #02 pc 0000000000008df0  /vendor/bin/hw/vendor.harman.LogManager@1.0-service (LM::LogManagerImpl::load_plugin_conf(void*, std::__1::basic_string<char, std::__1::char_traits<char>, std::__1::allocator<char> >, std::__1::multimap<std::__1::basic_string<char, std::__1::char_traits<char>, std::__1::allocator<char> >, int, std::__1::less<std::__1::basic_string<char, std::__1::char_traits<char>, std::__1::allocator<char> > >, std::__1::allocator<std::__1::pair<std::__1::basic_string<char, std::__1::char_traits<char>, std::__1::allocator<char> > const, int> > >&)+752) (BuildId: 3e966ab64050b441b920ba0e8960d123)
09-07 14:29:09.155 15275 15275 F DEBUG   :       #03 pc 00000000000088c0  /vendor/bin/hw/vendor.harman.LogManager@1.0-service (LM::LogManagerImpl::loadplugins()+436) (BuildId: 3e966ab64050b441b920ba0e8960d123)
09-07 14:29:09.156 15275 15275 F DEBUG   :       #04 pc 0000000000007af8  /vendor/bin/hw/vendor.harman.LogManager@1.0-service (main+1112) (BuildId: 3e966ab64050b441b920ba0e8960d123)
09-07 14:29:09.156 15275 15275 F DEBUG   :       #05 pc 000000000004988c  /apex/com.android.runtime/lib64/bionic/libc.so (__libc_init+108) (BuildId: 2b7c6e33413ac7278a15dfc3ea383089)
09-07 14:29:09.165   512 13241 D HarmanHAL: StreamIn::getCapturePositionImpl
01-01 00:04:12.163     0     0 D logd    : logdr: UID=0 GID=1000 PID=15275 n tail=50 logMask=8 pid=15268 start=0ns timeout=0ns
01-01 00:04:12.173     0     0 D logd    : logdr: UID=0 GID=1000 PID=15275 n tail=50 logMask=1 pid=15268 start=0ns timeout=0ns
01-01 00:04:12.194     0     0 D logd    : logdr: UID=0 GID=1000 PID=15275 n tail=0 logMask=8 pid=15268 start=0ns timeout=0ns
01-01 00:04:12.203     0     0 D logd    : logdr: UID=0 GID=1000 PID=15275 n tail=0 logMask=1 pid=15268 start=0ns timeout=0ns
09-07 14:29:09.223  1033  1270 W NativeCrashListener: Couldn't find ProcessRecord for pid 15268
09-07 14:29:09.195   512 13241 D HarmanHAL: StreamIn::getCapturePositionImpl
09-07 14:29:09.224 15275 15275 E crash_dump64: AM data write failed: Broken pipe
01-01 00:04:12.216     0     0 I init    : Service 'LogManager' (pid 15268) received signal 11
09-07 14:29:09.225   463   463 E tombstoned: Tombstone written to: /data/tombstones/tombstone_16
09-07 14:29:09.232  1033  1095 I BootReceiver: Copying /data/tombstones/tombstone_16 to DropBox (SYSTEM_TOMBSTONE)
09-07 14:29:09.235  1033  1095 I DropBoxManagerService: add tag=SYSTEM_TOMBSTONE isTagEnabled=true flags=0x2
09-07 14:29:09.235   512 13241 D HarmanHAL: StreamIn::getCapturePositionImpl
09-07 14:29:09.264   512 13241 D HarmanHAL: StreamIn::getCapturePositionImpl
09-07 14:29:09.280   512  3972 I HarmanHal.Routing: hacs alsa node(pcmMedia_p) adtm interval_min:1 ms, inverval_max:10 ms, inverval_mean:8 ms!
09-07 14:29:09.280   512  3972 I HarmanHal.Routing:  in printADTM() PcmAlsaWrapper.cpp:876
09-07 14:29:09.295   512 13241 D HarmanHAL: StreamIn::getCapturePositionImpl
09-07 14:29:09.318   512 13158 D AudioProcessing: sseApply [handle 0xbc80d90][type 512] start..
09-07 14:29:09.318   512 13158 D AudioProcessing: sseProcess ul audioIO content print-1 [256] [2] [4] [1] 
09-07 14:29:09.318   512 13158 D AudioProcessing: sseProcess ul audioIO content print-2 [6] [1] [0x3bcbc5a0] [0x5bc7ede0] 
09-07 14:29:09.318   512 13158 D AudioProcessing: sseProcess ul audioIO content print-3 [0x1bca1320 [0x8bc84110] [0x1bc9f9b0] sse->pMain is [0x2bca4a60] 
09-07 14:29:09.319   512 13158 D AudioProcessing: sseProcess ul [handle 0xbc80d90]  ret[0]
09-07 14:29:09.319   512 13158 D AudioProcessing: sseProcess ul AudioBufferSampleCnt[256] type[512] finish..
09-07 14:29:09.324   512 13241 D HarmanHAL: StreamIn::getCapturePositionImpl
09-07 14:29:09.355   512 13241 I chatty  : uid=1041(audioserver) reader identical 1 line
09-07 14:29:09.394   512 13241 D HarmanHAL: StreamIn::getCapturePositionImpl
09-07 14:29:09.423   512 13169 D AudioProcessing: sseApply [handle 0xbc83090][type 768] start..
09-07 14:29:09.423   512 13169 D AudioProcessing: sseProcess dl audioIO content print-1 [256] [2] [1] [1] 
09-07 14:29:09.423   512 13169 D AudioProcessing: sseProcess dl audioIO content print-2 [1] [1] [0x0xb40000763bcc28d0] [0x0xb40000761bca6b00] 
09-07 14:29:09.423   512 13169 D AudioProcessing: sseProcess dl audioIO content print-3 [0x0xb40000761bca7fd0] [0x0xb40000761bcabe40] [0x0xb40000761bca5880] sse->pMain is [0x0xb40000772bcb4e80] 
09-07 14:29:09.424   512 13169 D AudioProcessing: sseProcess dl [handle 0xbc83090] ret[0]
09-07 14:29:09.424   512 13169 D AudioProcessing: sseProcess dl AudioBufferSampleCnt[256] type[768] finish..
09-07 14:29:09.425   512 13241 D HarmanHAL: StreamIn::getCapturePositionImpl
09-07 14:29:09.454   512 13241 D HarmanHAL: StreamIn::getCapturePositionImpl
09-07 14:29:09.470   532   569 W ipcLib  : ipcLib: in ipc_lib. DV1 read called
09-07 14:29:09.470   532   568 I VPS     : VPS:IOCStatusInfo.VoltageStatus->0 
09-07 14:29:09.470   532   568 I VPS     : VPS:IOCStatusInfo.IOCStatusCmd->a6 
09-07 14:29:09.470   532   568 I VPS     : VPS:IOCStatusInfo.WakeUpReason->0 
09-07 14:29:09.470   532   568 I VPS     : VPS:IOCStatusInfo.DerivedIgnitionStatus->0 
09-07 14:29:09.470   532   568 I VPS     : VPS:IOCStatusInfo.PowerModeState->4 
09-07 14:29:09.470   532   568 I VPS     : VPS:IOCStatusInfo.SOCShutdownRequest->0 
09-07 14:29:09.470   532   568 I VPS     : VPS:IOCStatusInfo.AntiTheftState->0 
09-07 14:29:09.471   532   568 I VPS     : VPS:IOCStatusInfo.BatteryConnect->0 
09-07 14:29:09.477   538   618 W ipcLib  : ipcLib: in ipc_lib. DV1 read called
09-07 14:29:09.484   512 13241 D HarmanHAL: StreamIn::getCapturePositionImpl
09-07 14:29:09.644   512 13241 I chatty  : uid=1041(audioserver) reader identical 5 lines
09-07 14:29:09.675   512 13241 D HarmanHAL: StreamIn::getCapturePositionImpl
09-07 14:29:09.706   512 13133 I HarmanHal.Routing: hacs alsa node(pcmMicRefIn_c) adtm interval_min:0 ms, inverval_max:12 ms, inverval_mean:8 ms!
09-07 14:29:09.706   512 13133 I HarmanHal.Routing:  in printADTM() PcmAlsaWrapper.cpp:876
09-07 14:29:09.711   512 13159 I HarmanHal.Routing: hacs alsa node(pcmBtHfp_ul_pro_p) adtm interval_min:2 ms, inverval_max:12 ms, inverval_mean:8 ms!
09-07 14:29:09.711   512 13159 I HarmanHal.Routing:  in printADTM() PcmAlsaWrapper.cpp:876
09-07 14:29:09.714   512 13241 D HarmanHAL: StreamIn::getCapturePositionImpl
09-07 14:29:09.733   536   612 E pathology: [ProcessCrashHandler:: parseTombstoneFileName]string not found
09-07 14:29:09.733   536   612 I chatty  : uid=0(root) vendor.harman.p identical 4 lines
09-07 14:29:09.733   536   612 E pathology: [ProcessCrashHandler:: parseTombstoneFileName]string not found
09-07 14:29:09.741   537   722 I TunerCommon: CTunerTimer::startTimer: altMsecTimeout = 15000
09-07 14:29:09.741   537   711 W TunerCommon: EventThd::run:deliverEvent: OK
09-07 14:29:09.744   512 13241 D HarmanHAL: StreamIn::getCapturePositionImpl
09-07 14:29:09.774   512 13241 I HarmanHal.Routing: hacs alsa node(pcmTunerIn_c) adtm interval_min:29 ms, inverval_max:41 ms, inverval_mean:31 ms!
09-07 14:29:09.774   512 13241 I HarmanHal.Routing:  in printADTM() PcmAlsaWrapper.cpp:876
09-07 14:29:09.775   512 13241 D HarmanHAL: StreamIn::getCapturePositionImpl
09-07 14:29:09.805   512 13241 D HarmanHAL: StreamIn::getCapturePositionImpl
09-07 14:29:09.814   512 13169 I HarmanHal.Routing: hacs alsa node(pcmBtHfp_dl_pre_c) adtm interval_min:0 ms, inverval_max:11 ms, inverval_mean:8 ms!
09-07 14:29:09.814   512 13169 I HarmanHal.Routing:  in printADTM() PcmAlsaWrapper.cpp:876
09-07 14:29:09.815   512 13169 I HarmanHal.Routing: hacs alsa node(pcmHfp_dl_p) adtm interval_min:0 ms, inverval_max:11 ms, inverval_mean:8 ms!
09-07 14:29:09.815   512 13169 I HarmanHal.Routing:  in printADTM() PcmAlsaWrapper.cpp:876
09-07 14:29:09.835   512 13241 D HarmanHAL: StreamIn::getCapturePositionImpl
09-07 14:29:10.124   512 13241 I chatty  : uid=1041(audioserver) reader identical 9 lines
09-07 14:29:10.154   512 13241 D HarmanHAL: StreamIn::getCapturePositionImpl
09-07 14:29:10.175   536   536 I vendor.harman.p: type=1400 audit(0.0:2987): avc: denied { write } for name="2" dev="dm-4" ino=49241 scontext=u:r:pathologyd:s0 tcontext=u:object_r:vendor_data_file:s0 tclass=dir permissive=1
09-07 14:29:10.175   536   536 I vendor.harman.p: type=1400 audit(0.0:2988): avc: denied { add_name } for name="PROCCRASH_PF_1631024949.lz4" scontext=u:r:pathologyd:s0 tcontext=u:object_r:vendor_data_file:s0 tclass=dir permissive=1
09-07 14:29:10.194   512 13241 D HarmanHAL: StreamIn::getCapturePositionImpl
09-07 14:29:10.224   512 13241 I chatty  : uid=1041(audioserver) reader identical 1 line
09-07 14:29:10.254   512 13241 D HarmanHAL: StreamIn::getCapturePositionImpl
09-07 14:29:10.282   512  3972 I HarmanHal.Routing: hacs alsa node(pcmMedia_p) adtm interval_min:1 ms, inverval_max:11 ms, inverval_mean:8 ms!
09-07 14:29:10.282   512  3972 I HarmanHal.Routing:  in printADTM() PcmAlsaWrapper.cpp:876
09-07 14:29:10.285   512 13241 D HarmanHAL: StreamIn::getCapturePositionImpl
09-07 14:29:10.297   911  4981 D BufferPoolAccessor2.0: bufferpool2 0xb400007205c6d498 : 2(1048576 size) total buffers - 1(524288 size) used buffers - 2934/2944 (recycle/alloc) - 24/2943 (fetch/transfer)
09-07 14:29:10.314   512 13241 D HarmanHAL: StreamIn::getCapturePositionImpl
09-07 14:29:10.444   512 13241 I chatty  : uid=1041(audioserver) reader identical 4 lines
09-07 14:29:10.475   512 13241 D HarmanHAL: StreamIn::getCapturePositionImpl
09-07 14:29:10.478   538   618 W ipcLib  : ipcLib: in ipc_lib. DV1 read called
09-07 14:29:10.514   512 13241 D HarmanHAL: StreamIn::getCapturePositionImpl
09-07 14:29:10.674   512 13241 I chatty  : uid=1041(audioserver) reader identical 5 lines
09-07 14:29:10.704   512 13241 D HarmanHAL: StreamIn::getCapturePositionImpl
09-07 14:29:10.706   512 13133 I HarmanHal.Routing: hacs alsa node(pcmMicRefIn_c) adtm interval_min:0 ms, inverval_max:11 ms, inverval_mean:8 ms!
09-07 14:29:10.706   512 13133 I HarmanHal.Routing:  in printADTM() PcmAlsaWrapper.cpp:876
09-07 14:29:10.711   512 13159 I HarmanHal.Routing: hacs alsa node(pcmBtHfp_ul_pro_p) adtm interval_min:2 ms, inverval_max:11 ms, inverval_mean:8 ms!
09-07 14:29:10.711   512 13159 I HarmanHal.Routing:  in printADTM() PcmAlsaWrapper.cpp:876
09-07 14:29:10.734   512 13241 D HarmanHAL: StreamIn::getCapturePositionImpl
09-07 14:29:10.764   512 13241 I HarmanHal.Routing: hacs alsa node(pcmTunerIn_c) adtm interval_min:30 ms, inverval_max:40 ms, inverval_mean:31 ms!
09-07 14:29:10.764   512 13241 I HarmanHal.Routing:  in printADTM() PcmAlsaWrapper.cpp:876
09-07 14:29:10.765   512 13241 D HarmanHAL: StreamIn::getCapturePositionImpl
09-07 14:29:10.795   512 13241 D HarmanHAL: StreamIn::getCapturePositionImpl
09-07 14:29:10.813   512 13169 I HarmanHal.Routing: hacs alsa node(pcmBtHfp_dl_pre_c) adtm interval_min:0 ms, inverval_max:10 ms, inverval_mean:7 ms!
09-07 14:29:10.813   512 13169 I HarmanHal.Routing:  in printADTM() PcmAlsaWrapper.cpp:876
09-07 14:29:10.814   512 13169 I HarmanHal.Routing: hacs alsa node(pcmHfp_dl_p) adtm interval_min:0 ms, inverval_max:11 ms, inverval_mean:7 ms!
09-07 14:29:10.814   512 13169 I HarmanHal.Routing:  in printADTM() PcmAlsaWrapper.cpp:876
09-07 14:29:10.819   536   536 I vendor.harman.p: type=1400 audit(0.0:2989): avc: denied { read } for name="2" dev="dm-4" ino=49241 scontext=u:r:pathologyd:s0 tcontext=u:object_r:vendor_data_file:s0 tclass=dir permissive=1
09-07 14:29:10.819   536   536 I vendor.harman.p: type=1400 audit(0.0:2990): avc: denied { open } for path="/data/vendor/pathologyArchive/2" dev="dm-4" ino=49241 scontext=u:r:pathologyd:s0 tcontext=u:object_r:vendor_data_file:s0 tclass=dir permissive=1
09-07 14:29:10.834   512 13241 D HarmanHAL: StreamIn::getCapturePositionImpl
09-07 14:29:10.851 15340 15340 I cat     : type=1400 audit(0.0:2991): avc: denied { read } for name="interrupts" dev="proc" ino=4026532028 scontext=u:r:pathologyd:s0 tcontext=u:object_r:proc_interrupts:s0 tclass=file permissive=1
01-01 00:04:13.846     0     0 W audit   : audit_lost=1393 audit_rate_limit=5 audit_backlog_limit=64
01-01 00:04:13.846     0     0 E audit   : rate limit exceeded
09-07 14:29:10.865   512 13241 D HarmanHAL: StreamIn::getCapturePositionImpl
09-07 14:29:10.894   512 13241 D HarmanHAL: StreamIn::getCapturePositionImpl
09-07 14:29:10.918   512 13158 D AudioProcessing: sseApply [handle 0xbc80d90][type 512] start..
09-07 14:29:10.918   512 13158 D AudioProcessing: sseProcess ul audioIO content print-1 [256] [2] [4] [1] 
09-07 14:29:10.918   512 13158 D AudioProcessing: sseProcess ul audioIO content print-2 [6] [1] [0x3bcbc5a0] [0x5bc7ede0] 
09-07 14:29:10.918   512 13158 D AudioProcessing: sseProcess ul audioIO content print-3 [0x1bca1320 [0x8bc84110] [0x1bc9f9b0] sse->pMain is [0x2bca4a60] 
09-07 14:29:10.919   512 13158 D AudioProcessing: sseProcess ul [handle 0xbc80d90]  ret[0]
09-07 14:29:10.919   512 13158 D AudioProcessing: sseProcess ul AudioBufferSampleCnt[256] type[512] finish..
09-07 14:29:10.924   512 13241 D HarmanHAL: StreamIn::getCapturePositionImpl
09-07 14:29:10.955   512 13241 I chatty  : uid=1041(audioserver) reader identical 1 line
09-07 14:29:10.995   512 13241 D HarmanHAL: StreamIn::getCapturePositionImpl
09-07 14:29:11.010   909   958 I TuningService: void *rxThread(void *),waitnum is 0
09-07 14:29:11.010   909   958 I TuningService:  in rxThread() rxthread.cpp:220
09-07 14:29:11.011   909   958 I TuningService: void *rxThread(void *),wait for timeout in rxThread() rxthread.cpp:224
09-07 14:29:11.023   512 13169 D AudioProcessing: sseApply [handle 0xbc83090][type 768] start..
09-07 14:29:11.023   512 13169 D AudioProcessing: sseProcess dl audioIO content print-1 [256] [2] [1] [1] 
09-07 14:29:11.023   512 13169 D AudioProcessing: sseProcess dl audioIO content print-2 [1] [1] [0x0xb40000763bcc28d0] [0x0xb40000761bca6b00] 
09-07 14:29:11.023   512 13169 D AudioProcessing: sseProcess dl audioIO content print-3 [0x0xb40000761bca7fd0] [0x0xb40000761bcabe40] [0x0xb40000761bca5880] sse->pMain is [0x0xb40000772bcb4e80] 
09-07 14:29:11.024   512 13169 D AudioProcessing: sseProcess dl [handle 0xbc83090] ret[0]
09-07 14:29:11.024   512 13169 D AudioProcessing: sseProcess dl AudioBufferSampleCnt[256] type[768] finish..
09-07 14:29:11.024   512 13241 D HarmanHAL: StreamIn::getCapturePositionImpl
09-07 14:29:11.244   512 13241 I chatty  : uid=1041(audioserver) reader identical 7 lines
09-07 14:29:11.275   512 13241 D HarmanHAL: StreamIn::getCapturePositionImpl
09-07 14:29:11.280   512  3972 I HarmanHal.Routing: hacs alsa node(pcmMedia_p) adtm interval_min:0 ms, inverval_max:10 ms, inverval_mean:7 ms!
09-07 14:29:11.280   512  3972 I HarmanHal.Routing:  in printADTM() PcmAlsaWrapper.cpp:876
09-07 14:29:11.314   512 13241 D HarmanHAL: StreamIn::getCapturePositionImpl
09-07 14:29:11.435   512 13241 I chatty  : uid=1041(audioserver) reader identical 4 lines
09-07 14:29:11.474   512 13241 D HarmanHAL: StreamIn::getCapturePositionImpl
09-07 14:29:11.478   538   618 W ipcLib  : ipcLib: in ipc_lib. DV1 read called
09-07 14:29:11.505   512 13241 D HarmanHAL: StreamIn::getCapturePositionImpl
09-07 14:29:11.534   512 13241 I chatty  : uid=1041(audioserver) reader identical 1 line
09-07 14:29:11.564   512 13241 D HarmanHAL: StreamIn::getCapturePositionImpl
09-07 14:29:11.570   532   569 W ipcLib  : ipcLib: in ipc_lib. DV1 read called
09-07 14:29:11.570   532   568 I VPS     : VPS:IOCStatusInfo.VoltageStatus->0 
09-07 14:29:11.570   532   568 I VPS     : VPS:IOCStatusInfo.IOCStatusCmd->a6 
09-07 14:29:11.570   532   568 I VPS     : VPS:IOCStatusInfo.WakeUpReason->0 
09-07 14:29:11.570   532   568 I VPS     : VPS:IOCStatusInfo.DerivedIgnitionStatus->0 
09-07 14:29:11.570   532   568 I VPS     : VPS:IOCStatusInfo.PowerModeState->4 
09-07 14:29:11.570   532   568 I VPS     : VPS:IOCStatusInfo.SOCShutdownRequest->0 
09-07 14:29:11.570   532   568 I VPS     : VPS:IOCStatusInfo.AntiTheftState->0 
09-07 14:29:11.570   532   568 I VPS     : VPS:IOCStatusInfo.BatteryConnect->0 
09-07 14:29:11.594   512 13241 D HarmanHAL: StreamIn::getCapturePositionImpl
09-07 14:29:11.665   512 13241 I chatty  : uid=1041(audioserver) reader identical 2 lines
09-07 14:29:11.694   512 13241 D HarmanHAL: StreamIn::getCapturePositionImpl
09-07 14:29:11.706   512 13133 I HarmanHal.Routing: hacs alsa node(pcmMicRefIn_c) adtm interval_min:0 ms, inverval_max:11 ms, inverval_mean:8 ms!
09-07 14:29:11.706   512 13133 I HarmanHal.Routing:  in printADTM() PcmAlsaWrapper.cpp:876
09-07 14:29:11.711   512 13159 I HarmanHal.Routing: hacs alsa node(pcmBtHfp_ul_pro_p) adtm interval_min:2 ms, inverval_max:12 ms, inverval_mean:8 ms!
09-07 14:29:11.711   512 13159 I HarmanHal.Routing:  in printADTM() PcmAlsaWrapper.cpp:876
09-07 14:29:11.724   512 13241 D HarmanHAL: StreamIn::getCapturePositionImpl
09-07 14:29:11.754   512 13241 I HarmanHal.Routing: hacs alsa node(pcmTunerIn_c) adtm interval_min:30 ms, inverval_max:40 ms, inverval_mean:31 ms!
09-07 14:29:11.754   512 13241 I HarmanHal.Routing:  in printADTM() PcmAlsaWrapper.cpp:876
09-07 14:29:11.755   512 13241 D HarmanHAL: StreamIn::getCapturePositionImpl
09-07 14:29:11.795   512 13241 D HarmanHAL: StreamIn::getCapturePositionImpl
09-07 14:29:11.814   512 13169 I HarmanHal.Routing: hacs alsa node(pcmBtHfp_dl_pre_c) adtm interval_min:0 ms, inverval_max:10 ms, inverval_mean:8 ms!
09-07 14:29:11.814   512 13169 I HarmanHal.Routing:  in printADTM() PcmAlsaWrapper.cpp:876
09-07 14:29:11.815   512 13169 I HarmanHal.Routing: hacs alsa node(pcmHfp_dl_p) adtm interval_min:0 ms, inverval_max:11 ms, inverval_mean:8 ms!
09-07 14:29:11.815   512 13169 I HarmanHal.Routing:  in printADTM() PcmAlsaWrapper.cpp:876
09-07 14:29:11.825   512 13241 D HarmanHAL: StreamIn::getCapturePositionImpl
09-07 14:29:12.235   512 13241 I chatty  : uid=1041(audioserver) reader identical 13 lines
09-07 14:29:12.275   512 13241 D HarmanHAL: StreamIn::getCapturePositionImpl
09-07 14:29:12.280   512  3972 I HarmanHal.Routing: hacs alsa node(pcmMedia_p) adtm interval_min:0 ms, inverval_max:11 ms, inverval_mean:8 ms!
09-07 14:29:12.280   512  3972 I HarmanHal.Routing:  in printADTM() PcmAlsaWrapper.cpp:876
09-07 14:29:12.305   512 13241 D HarmanHAL: StreamIn::getCapturePositionImpl
09-07 14:29:12.434   512 13241 I chatty  : uid=1041(audioserver) reader identical 4 lines
09-07 14:29:12.464   512 13241 D HarmanHAL: StreamIn::getCapturePositionImpl
09-07 14:29:12.478   538   618 W ipcLib  : ipcLib: in ipc_lib. DV1 read called
09-07 14:29:12.494   512 13241 D HarmanHAL: StreamIn::getCapturePositionImpl
09-07 14:29:12.518   512 13158 D AudioProcessing: sseApply [handle 0xbc80d90][type 512] start..
09-07 14:29:12.518   512 13158 D AudioProcessing: sseProcess ul audioIO content print-1 [256] [2] [4] [1] 
09-07 14:29:12.518   512 13158 D AudioProcessing: sseProcess ul audioIO content print-2 [6] [1] [0x3bcbc5a0] [0x5bc7ede0] 
09-07 14:29:12.518   512 13158 D AudioProcessing: sseProcess ul audioIO content print-3 [0x1bca1320 [0x8bc84110] [0x1bc9f9b0] sse->pMain is [0x2bca4a60] 
09-07 14:29:12.519   512 13158 D AudioProcessing: sseProcess ul [handle 0xbc80d90]  ret[0]
09-07 14:29:12.519   512 13158 D AudioProcessing: sseProcess ul AudioBufferSampleCnt[256] type[512] finish..
09-07 14:29:12.524   512 13241 D HarmanHAL: StreamIn::getCapturePositionImpl
09-07 14:29:12.555   512 13241 I chatty  : uid=1041(audioserver) reader identical 1 line
09-07 14:29:12.595   512 13241 D HarmanHAL: StreamIn::getCapturePositionImpl
09-07 14:29:12.623   512 13169 D AudioProcessing: sseApply [handle 0xbc83090][type 768] start..
09-07 14:29:12.623   512 13169 D AudioProcessing: sseProcess dl audioIO content print-1 [256] [2] [1] [1] 
09-07 14:29:12.623   512 13169 D AudioProcessing: sseProcess dl audioIO content print-2 [1] [1] [0x0xb40000763bcc28d0] [0x0xb40000761bca6b00] 
09-07 14:29:12.623   512 13169 D AudioProcessing: sseProcess dl audioIO content print-3 [0x0xb40000761bca7fd0] [0x0xb40000761bcabe40] [0x0xb40000761bca5880] sse->pMain is [0x0xb40000772bcb4e80] 
09-07 14:29:12.624   512 13169 D AudioProcessing: sseProcess dl [handle 0xbc83090] ret[0]
09-07 14:29:12.624   512 13169 D AudioProcessing: sseProcess dl AudioBufferSampleCnt[256] type[768] finish..
09-07 14:29:12.625   512 13241 D HarmanHAL: StreamIn::getCapturePositionImpl
09-07 14:29:12.654   512 13241 I chatty  : uid=1041(audioserver) reader identical 1 line
09-07 14:29:12.685   512 13241 D HarmanHAL: StreamIn::getCapturePositionImpl
09-07 14:29:12.706   512 13133 I HarmanHal.Routing: hacs alsa node(pcmMicRefIn_c) adtm interval_min:0 ms, inverval_max:11 ms, inverval_mean:8 ms!
09-07 14:29:12.706   512 13133 I HarmanHal.Routing:  in printADTM() PcmAlsaWrapper.cpp:876
09-07 14:29:12.711   512 13159 I HarmanHal.Routing: hacs alsa node(pcmBtHfp_ul_pro_p) adtm interval_min:2 ms, inverval_max:12 ms, inverval_mean:8 ms!
09-07 14:29:12.711   512 13159 I HarmanHal.Routing:  in printADTM() PcmAlsaWrapper.cpp:876
09-07 14:29:12.715   512 13241 D HarmanHAL: StreamIn::getCapturePositionImpl
09-07 14:29:12.754   512 13241 I HarmanHal.Routing: hacs alsa node(pcmTunerIn_c) adtm interval_min:30 ms, inverval_max:40 ms, inverval_mean:32 ms!
09-07 14:29:12.754   512 13241 I HarmanHal.Routing:  in printADTM() PcmAlsaWrapper.cpp:876
09-07 14:29:12.755   512 13241 D HarmanHAL: StreamIn::getCapturePositionImpl
09-07 14:29:12.785   512 13241 D HarmanHAL: StreamIn::getCapturePositionImpl
09-07 14:29:12.813   512 13169 I HarmanHal.Routing: hacs alsa node(pcmBtHfp_dl_pre_c) adtm interval_min:0 ms, inverval_max:11 ms, inverval_mean:7 ms!
09-07 14:29:12.813   512 13169 I HarmanHal.Routing:  in printADTM() PcmAlsaWrapper.cpp:876
09-07 14:29:12.814   512 13241 D HarmanHAL: StreamIn::getCapturePositionImpl
09-07 14:29:12.814   512 13169 I HarmanHal.Routing: hacs alsa node(pcmHfp_dl_p) adtm interval_min:0 ms, inverval_max:11 ms, inverval_mean:7 ms!
09-07 14:29:12.814   512 13169 I HarmanHal.Routing:  in printADTM() PcmAlsaWrapper.cpp:876
01-01 00:04:15.824     0     0 I IRQ 5   : no longer affine to CPU5
09-07 14:29:12.844   512 13241 D HarmanHAL: StreamIn::getCapturePositionImpl
09-07 14:29:13.235   512 13241 I chatty  : uid=1041(audioserver) reader identical 12 lines
09-07 14:29:13.264   512 13241 D HarmanHAL: StreamIn::getCapturePositionImpl
09-07 14:29:13.280   512  3972 I HarmanHal.Routing: hacs alsa node(pcmMedia_p) adtm interval_min:1 ms, inverval_max:12 ms, inverval_mean:8 ms!
09-07 14:29:13.280   512  3972 I HarmanHal.Routing:  in printADTM() PcmAlsaWrapper.cpp:876
09-07 14:29:13.294   512 13241 D HarmanHAL: StreamIn::getCapturePositionImpl
09-07 14:29:13.424   512 13241 I chatty  : uid=1041(audioserver) reader identical 4 lines
09-07 14:29:13.454   512 13241 D HarmanHAL: StreamIn::getCapturePositionImpl
09-07 14:29:13.463   345   345 I Binder:345_2: type=1400 audit(0.0:2993): avc: denied { call } for scontext=u:r:carwatchdogd:s0 tcontext=u:r:hal_audio_default:s0 tclass=binder permissive=1
09-07 14:29:13.470   512   512 E android.hardware.audio@6.0-harman-service: [CXmlParser]: nodeset is empty for xpath: /audioConfiguration/EnableWatchdog
09-07 14:29:13.470   512   512 E android.hardware.audio@6.0-harman-service: [CXmlParser::GetOneEleValue] Xpath object is NULL. XPath: /audioConfiguration/EnableWatchdog
09-07 14:29:13.470   512   512 W HarmanHal: ConfigSettings::GetOneEleValue Error while reading the path /audioConfiguration/EnableWatchdog
09-07 14:29:13.470   512   512 W HarmanHal: ConfigSettings::GetOneEleValue Error in checkifWatchdogTobeEnabled
09-07 14:29:13.470   512   512 I HarmanHal: WatchdogClient::isClientHealthy, Value Of checkifWatchdogTobeEnabled:0
09-07 14:29:13.478   538   618 W ipcLib  : ipcLib: in ipc_lib. DV1 read called
09-07 14:29:13.485   512 13241 D HarmanHAL: StreamIn::getCapturePositionImpl
09-07 14:29:13.615   512 13241 I chatty  : uid=1041(audioserver) reader identical 4 lines
09-07 14:29:13.644   512 13241 D HarmanHAL: StreamIn::getCapturePositionImpl
09-07 14:29:13.669   532   569 W ipcLib  : ipcLib: in ipc_lib. DV1 read called
09-07 14:29:13.670   532   568 I VPS     : VPS:IOCStatusInfo.VoltageStatus->0 
09-07 14:29:13.670   532   568 I VPS     : VPS:IOCStatusInfo.IOCStatusCmd->a6 
09-07 14:29:13.670   532   568 I VPS     : VPS:IOCStatusInfo.WakeUpReason->0 
09-07 14:29:13.670   532   568 I VPS     : VPS:IOCStatusInfo.DerivedIgnitionStatus->0 
09-07 14:29:13.670   532   568 I VPS     : VPS:IOCStatusInfo.PowerModeState->4 
09-07 14:29:13.670   532   568 I VPS     : VPS:IOCStatusInfo.SOCShutdownRequest->0 
09-07 14:29:13.670   532   568 I VPS     : VPS:IOCStatusInfo.AntiTheftState->0 
09-07 14:29:13.670   532   568 I VPS     : VPS:IOCStatusInfo.BatteryConnect->0 
09-07 14:29:13.674   512 13241 D HarmanHAL: StreamIn::getCapturePositionImpl
09-07 14:29:13.705   512 13133 I HarmanHal.Routing: hacs alsa node(pcmMicRefIn_c) adtm interval_min:0 ms, inverval_max:11 ms, inverval_mean:7 ms!
09-07 14:29:13.705   512 13133 I HarmanHal.Routing:  in printADTM() PcmAlsaWrapper.cpp:876
09-07 14:29:13.711   512 13159 I HarmanHal.Routing: hacs alsa node(pcmBtHfp_ul_pro_p) adtm interval_min:2 ms, inverval_max:12 ms, inverval_mean:8 ms!
09-07 14:29:13.711   512 13159 I HarmanHal.Routing:  in printADTM() PcmAlsaWrapper.cpp:876
09-07 14:29:13.715   512 13241 D HarmanHAL: StreamIn::getCapturePositionImpl
09-07 14:29:13.744   512 13241 I HarmanHal.Routing: hacs alsa node(pcmTunerIn_c) adtm interval_min:30 ms, inverval_max:40 ms, inverval_mean:31 ms!
09-07 14:29:13.744   512 13241 I HarmanHal.Routing:  in printADTM() PcmAlsaWrapper.cpp:876
09-07 14:29:13.745   512 13241 D HarmanHAL: StreamIn::getCapturePositionImpl
09-07 14:29:13.774   512 13241 I chatty  : uid=1041(audioserver) reader identical 1 line
09-07 14:29:13.804   512 13241 D HarmanHAL: StreamIn::getCapturePositionImpl
09-07 14:29:13.814   512 13169 I HarmanHal.Routing: hacs alsa node(pcmBtHfp_dl_pre_c) adtm interval_min:0 ms, inverval_max:11 ms, inverval_mean:8 ms!
09-07 14:29:13.814   512 13169 I HarmanHal.Routing:  in printADTM() PcmAlsaWrapper.cpp:876
09-07 14:29:13.815   512 13169 I HarmanHal.Routing: hacs alsa node(pcmHfp_dl_p) adtm interval_min:0 ms, inverval_max:11 ms, inverval_mean:8 ms!
09-07 14:29:13.815   512 13169 I HarmanHal.Routing:  in printADTM() PcmAlsaWrapper.cpp:876
09-07 14:29:13.835   512 13241 D HarmanHAL: StreamIn::getCapturePositionImpl
09-07 14:29:13.964   512 13241 I chatty  : uid=1041(audioserver) reader identical 4 lines
09-07 14:29:13.994   512 13241 D HarmanHAL: StreamIn::getCapturePositionImpl
09-07 14:29:14.000   532   569 I VPS     : VPS:VehiclePlatformSOCHeartBeatHandler IVI HeartBeat sent successfully SOCHeartBeatInfo.SOCStatus->2
09-07 14:29:14.000   532   569 W ipcLib  : ipcLib: in ipc_lib. DV1 write called
09-07 14:29:14.005   532   569 W ipcLib  : ipcLib: in ipc_lib. DV1 read called
09-07 14:29:14.035   512 13241 D HarmanHAL: StreamIn::getCapturePositionImpl
01-01 00:04:17.028     0     0 I init    : starting service 'qccsyshalservice'...
01-01 00:04:17.035     0     0 I init    : starting service 'vendor.sensors-hal-1-0'...
01-01 00:04:17.042     0     0 I init    : starting service 'LogManager'...
09-07 14:29:14.065   512 13241 D HarmanHAL: StreamIn::getCapturePositionImpl
09-07 14:29:14.072 15441 15441 I qccsyshalservice: Start with system binder
09-07 14:29:14.073 15441 15441 I qccsyshalservice: Registering qccsyshal service...
09-07 14:29:14.074   376   376 I hwservicemanager: getTransport: Cannot find entry vendor.qti.hardware.qccsyshal@1.0::IQccsyshal/qccsyshal in either framework or device manifest.
09-07 14:29:14.078   376   376 I hwservicemanager: getTransport: Cannot find entry android.hardware.sensors@1.0::ISensors/default in either framework or device manifest.
09-07 14:29:14.081 15442 15442 E android.hardware.sensors@1.0-service: Couldn't load sensors module (Unknown error -2147483648)
09-07 14:29:14.081 15442 15442 D RefBase : RefBase: Explicit destruction, weak count = 0 (in 0xb400007c375eeec8)
09-07 14:29:14.081 15442 15442 W RefBase : CallStack::getCurrentInternal not linked, returning null
09-07 14:29:14.081 15442 15442 W RefBase : CallStack::logStackInternal not linked
09-07 14:29:14.082 15442 15442 E LegacySupport: Could not get passthrough implementation for android.hardware.sensors@1.0::ISensors/default.
09-07 14:29:14.082 15441 15441 E HidlServiceManagement: Service vendor.qti.hardware.qccsyshal@1.0::IQccsyshal/qccsyshal must be in VINTF manifest in order to register/get.
09-07 14:29:14.082 15441 15441 E qccsyshalservice: [ERROR] registerAsService() failed with status: -2147483648
09-07 14:29:14.085 15443 15443 D LOGMANAGER: LOGMANAGER HAL service init() start
09-07 14:29:14.085 15443 15443 D LOGMANAGER: Logmanager configured rpcthreadpool
01-01 00:04:17.073     0     0 I init    : Service 'vendor.sensors-hal-1-0' (pid 15442) exited with status 1
01-01 00:04:17.073     0     0 I init    : Sending signal 9 to service 'vendor.sensors-hal-1-0' (pid 15442) process group...
01-01 00:04:17.073     0     0 I libprocessgroup: Successfully killed process cgroup uid 1000 pid 15442 in 0ms
01-01 00:04:17.076     0     0 I init    : Service 'qccsyshalservice' (pid 15441) exited with status 1
01-01 00:04:17.076     0     0 I init    : Sending signal 9 to service 'qccsyshalservice' (pid 15441) process group...
01-01 00:04:17.076     0     0 I libprocessgroup: Successfully killed process cgroup uid 1000 pid 15441 in 0ms
09-07 14:29:14.089 15443 15443 I HidlServiceManagement: Registered vendor.harman.hardware.LogManager@1.0::ILogManager/default
09-07 14:29:14.089 15443 15443 D LOGMANAGER: Logmanager HAL Service is registered and ready
09-07 14:29:14.089 15443 15443 I LOGMANAGER: ThreadPoolWrapper::initThreadPool
09-07 14:29:14.089 15443 15443 I LOGMANAGER: ThreadPoolWrapper : exit
09-07 14:29:14.089 15443 15443 D LOGMANAGER: Logmanager threadpoolwrapper created
09-07 14:29:14.089 15443 15443 D LOGMANAGER: User argument is -c
09-07 14:29:14.089 15443 15444 I LOGMANAGER: ThreadPoolWrapper:  enter the joinRpcThreadpool()
09-07 14:29:14.090 15443 15443 I LOGMANAGER: LogmanagerConfig is configured under config file
09-07 14:29:14.090 15443 15443 I LOGMANAGER: LoggingLevel is : 4
09-07 14:29:14.090 15443 15443 I LOGMANAGER: LogEnableState is : 0
09-07 14:29:14.090 15443 15443 I LOGMANAGER: OutputPluginConfiguration PluginType : LOGWRITTER
09-07 14:29:14.090 15443 15443 I LOGMANAGER: LM_OutputConfiguration : 1
01-01 00:04:17.080     0     0 W audit   : audit_lost=1394 audit_rate_limit=5 audit_backlog_limit=64
01-01 00:04:17.080     0     0 E audit   : rate limit exceeded
09-07 14:29:14.079 15443 15443 I vendor.harman.L: type=1400 audit(0.0:2994): avc: denied { read } for name="u:object_r:hwservicemanager_prop:s0" dev="tmpfs" ino=24519 scontext=u:r:logmanagerd:s0 tcontext=u:object_r:hwservicemanager_prop:s0 tclass=file permissive=1
09-07 14:29:14.090 15443 15443 I LOGMANAGER: LM_OfflineTraceDirectory : /data/cache
09-07 14:29:14.090 15443 15443 I LOGMANAGER: LM_OfflineTraceFILESize : 1000000
09-07 14:29:14.090 15443 15443 I LOGMANAGER: LM_OfflineTotalFILESSize : 20000000
09-07 14:29:14.090 15443 15443 I LOGMANAGER: LM_FileNameTimeStampBased : 0
09-07 14:29:14.090 15443 15443 I LOGMANAGER: Got IOC plugin
09-07 14:29:14.090 15443 15443 I LOGMANAGER: IOCIPCChannelNumber :6
09-07 14:29:14.090 15443 15443 I LOGMANAGER: keyseq: HOME + VOLUMEDOWN  for domain is AudioDump
09-07 14:29:14.090 15443 15443 I LOGMANAGER: keyseq: HOME + VOLUMEUP  for domain is HCIDump
09-07 14:29:14.090 15443 15443 I LOGMANAGER: Domains parsing is done
09-07 14:29:14.095 15443 15443 E LOGMANAGER: Failed to load plugin /vendor/lib64/libIOCDLogReader.so with error code dlopen failed: library "/vendor/lib64/libIOCDLogReader.so" not found 
09-07 14:29:14.079 15443 15443 I vendor.harman.L: type=1400 audit(0.0:2995): avc: denied { open } for path="/dev/__properties__/u:object_r:hwservicemanager_prop:s0" dev="tmpfs" ino=24519 scontext=u:r:logmanagerd:s0 tcontext=u:object_r:hwservicemanager_prop:s0 tclass=file permissive=1
09-07 14:29:14.095 15443 15443 F libc    : Fatal signal 11 (SIGSEGV), code 1 (SEGV_MAPERR), fault addr 0x0 in tid 15443 (vendor.harman.L), pid 15443 (vendor.harman.L)
09-07 14:29:14.079 15443 15443 I vendor.harman.L: type=1400 audit(0.0:2996): avc: denied { getattr } for path="/dev/__properties__/u:object_r:hwservicemanager_prop:s0" dev="tmpfs" ino=24519 scontext=u:r:logmanagerd:s0 tcontext=u:object_r:hwservicemanager_prop:s0 tclass=file permissive=1
09-07 14:29:14.097   512 13241 D HarmanHAL: StreamIn::getCapturePositionImpl
09-07 14:29:14.079 15443 15443 I vendor.harman.L: type=1400 audit(0.0:2997): avc: denied { map } for path="/dev/__properties__/u:object_r:hwservicemanager_prop:s0" dev="tmpfs" ino=24519 scontext=u:r:logmanagerd:s0 tcontext=u:object_r:hwservicemanager_prop:s0 tclass=file permissive=1
09-07 14:29:14.117 15450 15450 I crash_dump64: obtaining output fd from tombstoned, type: kDebuggerdTombstone
09-07 14:29:14.118   463   463 I tombstoned: received crash request for pid 15443
09-07 14:29:14.118   512 13158 D AudioProcessing: sseApply [handle 0xbc80d90][type 512] start..
09-07 14:29:14.118   512 13158 D AudioProcessing: sseProcess ul audioIO content print-1 [256] [2] [4] [1] 
09-07 14:29:14.118   512 13158 D AudioProcessing: sseProcess ul audioIO content print-2 [6] [1] [0x3bcbc5a0] [0x5bc7ede0] 
09-07 14:29:14.118   512 13158 D AudioProcessing: sseProcess ul audioIO content print-3 [0x1bca1320 [0x8bc84110] [0x1bc9f9b0] sse->pMain is [0x2bca4a60] 
09-07 14:29:14.119 15450 15450 I crash_dump64: performing dump of process 15443 (target tid = 15443)
09-07 14:29:14.119   512 13158 D AudioProcessing: sseProcess ul [handle 0xbc80d90]  ret[0]
09-07 14:29:14.119   512 13158 D AudioProcessing: sseProcess ul AudioBufferSampleCnt[256] type[512] finish..
09-07 14:29:14.122 15450 15450 F DEBUG   : *** *** *** *** *** *** *** *** *** *** *** *** *** *** *** ***
09-07 14:29:14.122 15450 15450 F DEBUG   : Build fingerprint: 'qti/titan_tml_b2/titan_tml_b2:11/RQ3A.210605.005/eng.ksong.20210907.134230:userdebug/test-keys'
09-07 14:29:14.123 15450 15450 F DEBUG   : Revision: '0'
09-07 14:29:14.123 15450 15450 F DEBUG   : ABI: 'arm64'
09-07 14:29:14.124 15450 15450 F DEBUG   : Timestamp: 2021-09-07 14:29:14+0000
09-07 14:29:14.124 15450 15450 F DEBUG   : pid: 15443, tid: 15443, name: vendor.harman.L  >>> /vendor/bin/hw/vendor.harman.LogManager@1.0-service <<<
09-07 14:29:14.125 15450 15450 F DEBUG   : uid: 0
09-07 14:29:14.125   512 13241 D HarmanHAL: StreamIn::getCapturePositionImpl
09-07 14:29:14.125 15450 15450 F DEBUG   : signal 11 (SIGSEGV), code 1 (SEGV_MAPERR), fault addr 0x0
09-07 14:29:14.125 15450 15450 F DEBUG   : Cause: null pointer dereference
09-07 14:29:14.125 15450 15450 F DEBUG   :     x0  0000000000000000  x1  0000000000000000  x2  0000000000080001  x3  0000000000000000
09-07 14:29:14.125 15450 15450 F DEBUG   :     x4  0000000000000000  x5  0000000000000090  x6  fefefefefefefeff  x7  7f7f7f7f7f7f7f7f
09-07 14:29:14.125 15450 15450 F DEBUG   :     x8  0101010101010101  x9  bb9d5cb071caa7ba  x10 0000007fdb435448  x11 fffffffffffffffd
09-07 14:29:14.125 15450 15450 F DEBUG   :     x12 0000007fdb4355d0  x13 000000000000008e  x14 00057bcea52cd400  x15 0000000034155555
09-07 14:29:14.125 15450 15450 F DEBUG   :     x16 00000062e79187e0  x17 00000075396a3b30  x18 000000753a4a0000  x19 0000000000000000
09-07 14:29:14.125 15450 15450 F DEBUG   :     x20 00000075397ecc50  x21 0000007fdb435ce9  x22 b4000074392e4f58  x23 0000007fdb435d08
09-07 14:29:14.126 15450 15450 F DEBUG   :     x24 0000000000000000  x25 0000007539f41000  x26 0000007fdb435ce9  x27 0000007fdb435cb9
09-07 14:29:14.126 15450 15450 F DEBUG   :     x28 0000000000000000  x29 0000007fdb435bf0
09-07 14:29:14.126 15450 15450 F DEBUG   :     lr  00000062e790f048  sp  0000007fdb435bf0  pc  00000075396a3b40  pst 0000000080000000
09-07 14:29:14.129 15450 15450 F DEBUG   : backtrace:
09-07 14:29:14.131 15450 15450 F DEBUG   :       #00 pc 000000000004ab40  /apex/com.android.runtime/lib64/bionic/libc.so (strlen_default+16) (BuildId: 2b7c6e33413ac7278a15dfc3ea383089)
09-07 14:29:14.131 15450 15450 F DEBUG   :       #01 pc 0000000000009044  /vendor/bin/hw/vendor.harman.LogManager@1.0-service (BuildId: 3e966ab64050b441b920ba0e8960d123)
09-07 14:29:14.131 15450 15450 F DEBUG   :       #02 pc 0000000000008df0  /vendor/bin/hw/vendor.harman.LogManager@1.0-service (LM::LogManagerImpl::load_plugin_conf(void*, std::__1::basic_string<char, std::__1::char_traits<char>, std::__1::allocator<char> >, std::__1::multimap<std::__1::basic_string<char, std::__1::char_traits<char>, std::__1::allocator<char> >, int, std::__1::less<std::__1::basic_string<char, std::__1::char_traits<char>, std::__1::allocator<char> > >, std::__1::allocator<std::__1::pair<std::__1::basic_string<char, std::__1::char_traits<char>, std::__1::allocator<char> > const, int> > >&)+752) (BuildId: 3e966ab64050b441b920ba0e8960d123)
09-07 14:29:14.131 15450 15450 F DEBUG   :       #03 pc 00000000000088c0  /vendor/bin/hw/vendor.harman.LogManager@1.0-service (LM::LogManagerImpl::loadplugins()+436) (BuildId: 3e966ab64050b441b920ba0e8960d123)
09-07 14:29:14.131 15450 15450 F DEBUG   :       #04 pc 0000000000007af8  /vendor/bin/hw/vendor.harman.LogManager@1.0-service (main+1112) (BuildId: 3e966ab64050b441b920ba0e8960d123)
09-07 14:29:14.131 15450 15450 F DEBUG   :       #05 pc 000000000004988c  /apex/com.android.runtime/lib64/bionic/libc.so (__libc_init+108) (BuildId: 2b7c6e33413ac7278a15dfc3ea383089)
01-01 00:04:17.142     0     0 D logd    : logdr: UID=0 GID=1000 PID=15450 n tail=50 logMask=8 pid=15443 start=0ns timeout=0ns
01-01 00:04:17.151     0     0 D logd    : logdr: UID=0 GID=1000 PID=15450 n tail=50 logMask=1 pid=15443 start=0ns timeout=0ns
01-01 00:04:17.174     0     0 D logd    : logdr: UID=0 GID=1000 PID=15450 n tail=0 logMask=8 pid=15443 start=0ns timeout=0ns
01-01 00:04:17.183     0     0 D logd    : logdr: UID=0 GID=1000 PID=15450 n tail=0 logMask=1 pid=15443 start=0ns timeout=0ns
09-07 14:29:14.205  1033  1270 W NativeCrashListener: Couldn't find ProcessRecord for pid 15443
09-07 14:29:14.155   512 13241 I chatty  : uid=1041(audioserver) reader identical 1 line
09-07 14:29:14.195   512 13241 D HarmanHAL: StreamIn::getCapturePositionImpl
09-07 14:29:14.205 15450 15450 E crash_dump64: AM data write failed: Broken pipe
09-07 14:29:14.207   463   463 E tombstoned: Tombstone written to: /data/tombstones/tombstone_17
01-01 00:04:17.198     0     0 I init    : Service 'LogManager' (pid 15443) received signal 11
09-07 14:29:14.215  1033  1095 I BootReceiver: Copying /data/tombstones/tombstone_17 to DropBox (SYSTEM_TOMBSTONE)
09-07 14:29:14.218  1033  1095 I DropBoxManagerService: add tag=SYSTEM_TOMBSTONE isTagEnabled=true flags=0x2
09-07 14:29:14.223   512 13169 D AudioProcessing: sseApply [handle 0xbc83090][type 768] start..
09-07 14:29:14.223   512 13169 D AudioProcessing: sseProcess dl audioIO content print-1 [256] [2] [1] [1] 
09-07 14:29:14.223   512 13169 D AudioProcessing: sseProcess dl audioIO content print-2 [1] [1] [0x0xb40000763bcc28d0] [0x0xb40000761bca6b00] 
09-07 14:29:14.223   512 13169 D AudioProcessing: sseProcess dl audioIO content print-3 [0x0xb40000761bca7fd0] [0x0xb40000761bcabe40] [0x0xb40000761bca5880] sse->pMain is [0x0xb40000772bcb4e80] 
09-07 14:29:14.224   512 13169 D AudioProcessing: sseProcess dl [handle 0xbc83090] ret[0]
09-07 14:29:14.224   512 13169 D AudioProcessing: sseProcess dl AudioBufferSampleCnt[256] type[768] finish..
09-07 14:29:14.224   512 13241 D HarmanHAL: StreamIn::getCapturePositionImpl
09-07 14:29:14.254   512 13241 D HarmanHAL: StreamIn::getCapturePositionImpl
09-07 14:29:14.280   512  3972 I HarmanHal.Routing: hacs alsa node(pcmMedia_p) adtm interval_min:1 ms, inverval_max:11 ms, inverval_mean:8 ms!
09-07 14:29:14.280   512  3972 I HarmanHal.Routing:  in printADTM() PcmAlsaWrapper.cpp:876
09-07 14:29:14.284   512 13241 D HarmanHAL: StreamIn::getCapturePositionImpl
01-01 00:04:17.312     0     0 I IRQ 5   : no longer affine to CPU4
09-07 14:29:14.444   512 13241 I chatty  : uid=1041(audioserver) reader identical 5 lines
09-07 14:29:14.474   512 13241 D HarmanHAL: StreamIn::getCapturePositionImpl
09-07 14:29:14.478   538   618 W ipcLib  : ipcLib: in ipc_lib. DV1 read called
09-07 14:29:14.517   512 13241 D HarmanHAL: StreamIn::getCapturePositionImpl
09-07 14:29:14.675   512 13241 I chatty  : uid=1041(audioserver) reader identical 5 lines
09-07 14:29:14.705   512 13241 D HarmanHAL: StreamIn::getCapturePositionImpl
09-07 14:29:14.706   512 13133 I HarmanHal.Routing: hacs alsa node(pcmMicRefIn_c) adtm interval_min:0 ms, inverval_max:11 ms, inverval_mean:8 ms!
09-07 14:29:14.706   512 13133 I HarmanHal.Routing:  in printADTM() PcmAlsaWrapper.cpp:876
09-07 14:29:14.703   536   536 I vendor.harman.p: type=1400 audit(0.0:3014): avc: denied { search } for name="tombstones" dev="dm-4" ino=90113 scontext=u:r:pathologyd:s0 tcontext=u:object_r:tombstone_data_file:s0 tclass=dir permissive=1
09-07 14:29:14.703   536   536 I vendor.harman.p: type=1400 audit(0.0:3015): avc: denied { read } for name="tombstone_17" dev="dm-4" ino=90130 scontext=u:r:pathologyd:s0 tcontext=u:object_r:tombstone_data_file:s0 tclass=file permissive=1
09-07 14:29:14.703   536   536 I vendor.harman.p: type=1400 audit(0.0:3016): avc: denied { open } for path="/data/tombstones/tombstone_17" dev="dm-4" ino=90130 scontext=u:r:pathologyd:s0 tcontext=u:object_r:tombstone_data_file:s0 tclass=file permissive=1
09-07 14:29:14.703   536   536 I vendor.harman.p: type=1400 audit(0.0:3017): avc: denied { getattr } for path="/data/tombstones/tombstone_17" dev="dm-4" ino=90130 scontext=u:r:pathologyd:s0 tcontext=u:object_r:tombstone_data_file:s0 tclass=file permissive=1
09-07 14:29:14.708   536   612 E pathology: [ProcessCrashHandler:: parseTombstoneFileName]string not found
09-07 14:29:14.708   536   612 I chatty  : uid=0(root) vendor.harman.p identical 4 lines
09-07 14:29:14.708   536   612 E pathology: [ProcessCrashHandler:: parseTombstoneFileName]string not found
09-07 14:29:14.711   512 13159 I HarmanHal.Routing: hacs alsa node(pcmBtHfp_ul_pro_p) adtm interval_min:2 ms, inverval_max:12 ms, inverval_mean:8 ms!
09-07 14:29:14.711   512 13159 I HarmanHal.Routing:  in printADTM() PcmAlsaWrapper.cpp:876
09-07 14:29:14.734   512 13241 I HarmanHal.Routing: hacs alsa node(pcmTunerIn_c) adtm interval_min:27 ms, inverval_max:43 ms, inverval_mean:31 ms!
09-07 14:29:14.734   512 13241 I HarmanHal.Routing:  in printADTM() PcmAlsaWrapper.cpp:876
09-07 14:29:14.735   512 13241 D HarmanHAL: StreamIn::getCapturePositionImpl
09-07 14:29:14.743 15475 15475 I cp      : type=1400 audit(0.0:3018): avc: denied { write } for name="2" dev="dm-4" ino=49241 scontext=u:r:pathologyd:s0 tcontext=u:object_r:vendor_data_file:s0 tclass=dir permissive=1
09-07 14:29:14.764   512 13241 D HarmanHAL: StreamIn::getCapturePositionImpl
09-07 14:29:14.795   512 13241 D HarmanHAL: StreamIn::getCapturePositionImpl
09-07 14:29:14.813   512 13169 I HarmanHal.Routing: hacs alsa node(pcmBtHfp_dl_pre_c) adtm interval_min:0 ms, inverval_max:11 ms, inverval_mean:7 ms!
09-07 14:29:14.813   512 13169 I HarmanHal.Routing:  in printADTM() PcmAlsaWrapper.cpp:876
09-07 14:29:14.815   512 13169 I HarmanHal.Routing: hacs alsa node(pcmHfp_dl_p) adtm interval_min:0 ms, inverval_max:11 ms, inverval_mean:8 ms!
09-07 14:29:14.815   512 13169 I HarmanHal.Routing:  in printADTM() PcmAlsaWrapper.cpp:876
09-07 14:29:14.835   512 13241 D HarmanHAL: StreamIn::getCapturePositionImpl
09-07 14:29:15.245   512 13241 I chatty  : uid=1041(audioserver) reader identical 13 lines
09-07 14:29:15.274   512 13241 D HarmanHAL: StreamIn::getCapturePositionImpl
09-07 14:29:15.280   512  3972 I HarmanHal.Routing: hacs alsa node(pcmMedia_p) adtm interval_min:1 ms, inverval_max:10 ms, inverval_mean:8 ms!
09-07 14:29:15.280   512  3972 I HarmanHal.Routing:  in printADTM() PcmAlsaWrapper.cpp:876
09-07 14:29:15.315   512 13241 D HarmanHAL: StreamIn::getCapturePositionImpl
09-07 14:29:15.434   512 13241 I chatty  : uid=1041(audioserver) reader identical 4 lines
09-07 14:29:15.474   512 13241 D HarmanHAL: StreamIn::getCapturePositionImpl
09-07 14:29:15.478   538   618 W ipcLib  : ipcLib: in ipc_lib. DV1 read called
09-07 14:29:15.505   512 13241 D HarmanHAL: StreamIn::getCapturePositionImpl
09-07 14:29:15.510   911  4981 D BufferPoolAccessor2.0: bufferpool2 0xb400007205c6d498 : 2(1048576 size) total buffers - 1(524288 size) used buffers - 2988/2998 (recycle/alloc) - 24/2998 (fetch/transfer)
09-07 14:29:15.534   512 13241 D HarmanHAL: StreamIn::getCapturePositionImpl
09-07 14:29:15.665   512 13241 I chatty  : uid=1041(audioserver) reader identical 4 lines
09-07 14:29:15.694   512 13241 D HarmanHAL: StreamIn::getCapturePositionImpl
09-07 14:29:15.706   512 13133 I HarmanHal.Routing: hacs alsa node(pcmMicRefIn_c) adtm interval_min:0 ms, inverval_max:10 ms, inverval_mean:8 ms!
09-07 14:29:15.706   512 13133 I HarmanHal.Routing:  in printADTM() PcmAlsaWrapper.cpp:876
09-07 14:29:15.711   512 13159 I HarmanHal.Routing: hacs alsa node(pcmBtHfp_ul_pro_p) adtm interval_min:2 ms, inverval_max:12 ms, inverval_mean:8 ms!
09-07 14:29:15.711   512 13159 I HarmanHal.Routing:  in printADTM() PcmAlsaWrapper.cpp:876
09-07 14:29:15.718   512 13158 D AudioProcessing: sseApply [handle 0xbc80d90][type 512] start..
09-07 14:29:15.718   512 13158 D AudioProcessing: sseProcess ul audioIO content print-1 [256] [2] [4] [1] 
09-07 14:29:15.718   512 13158 D AudioProcessing: sseProcess ul audioIO content print-2 [6] [1] [0x3bcbc5a0] [0x5bc7ede0] 
09-07 14:29:15.718   512 13158 D AudioProcessing: sseProcess ul audioIO content print-3 [0x1bca1320 [0x8bc84110] [0x1bc9f9b0] sse->pMain is [0x2bca4a60] 
09-07 14:29:15.719   512 13158 D AudioProcessing: sseProcess ul [handle 0xbc80d90]  ret[0]
09-07 14:29:15.719   512 13158 D AudioProcessing: sseProcess ul AudioBufferSampleCnt[256] type[512] finish..
09-07 14:29:15.724   512 13241 I HarmanHal.Routing: hacs alsa node(pcmTunerIn_c) adtm interval_min:30 ms, inverval_max:40 ms, inverval_mean:31 ms!
09-07 14:29:15.724   512 13241 I HarmanHal.Routing:  in printADTM() PcmAlsaWrapper.cpp:876
09-07 14:29:15.724   512 13241 D HarmanHAL: StreamIn::getCapturePositionImpl
09-07 14:29:15.755   512 13241 D HarmanHAL: StreamIn::getCapturePositionImpl
09-07 14:29:15.770   532   569 W ipcLib  : ipcLib: in ipc_lib. DV1 read called
09-07 14:29:15.770   532   568 I VPS     : VPS:IOCStatusInfo.VoltageStatus->0 
09-07 14:29:15.770   532   568 I VPS     : VPS:IOCStatusInfo.IOCStatusCmd->a6 
09-07 14:29:15.771   532   568 I VPS     : VPS:IOCStatusInfo.WakeUpReason->0 
09-07 14:29:15.771   532   568 I VPS     : VPS:IOCStatusInfo.DerivedIgnitionStatus->0 
09-07 14:29:15.771   532   568 I VPS     : VPS:IOCStatusInfo.PowerModeState->4 
09-07 14:29:15.771   532   568 I VPS     : VPS:IOCStatusInfo.SOCShutdownRequest->0 
09-07 14:29:15.771   532   568 I VPS     : VPS:IOCStatusInfo.AntiTheftState->0 
09-07 14:29:15.771   532   568 I VPS     : VPS:IOCStatusInfo.BatteryConnect->0 
09-07 14:29:15.771   536   536 I vendor.harman.p: type=1400 audit(0.0:3021): avc: denied { read } for name="2" dev="dm-4" ino=49241 scontext=u:r:pathologyd:s0 tcontext=u:object_r:vendor_data_file:s0 tclass=dir permissive=1
09-07 14:29:15.771   536   536 I vendor.harman.p: type=1400 audit(0.0:3022): avc: denied { open } for path="/data/vendor/pathologyArchive/2" dev="dm-4" ino=49241 scontext=u:r:pathologyd:s0 tcontext=u:object_r:vendor_data_file:s0 tclass=dir permissive=1
09-07 14:29:15.794   512 13241 D HarmanHAL: StreamIn::getCapturePositionImpl
09-07 14:29:15.814   512 13169 I HarmanHal.Routing: hacs alsa node(pcmBtHfp_dl_pre_c) adtm interval_min:0 ms, inverval_max:10 ms, inverval_mean:8 ms!
09-07 14:29:15.814   512 13169 I HarmanHal.Routing:  in printADTM() PcmAlsaWrapper.cpp:876
09-07 14:29:15.814   512 13169 I HarmanHal.Routing: hacs alsa node(pcmHfp_dl_p) adtm interval_min:0 ms, inverval_max:11 ms, inverval_mean:7 ms!
09-07 14:29:15.814   512 13169 I HarmanHal.Routing:  in printADTM() PcmAlsaWrapper.cpp:876
09-07 14:29:15.823   512 13169 D AudioProcessing: sseApply [handle 0xbc83090][type 768] start..
09-07 14:29:15.823   512 13169 D AudioProcessing: sseProcess dl audioIO content print-1 [256] [2] [1] [1] 
09-07 14:29:15.823   512 13169 D AudioProcessing: sseProcess dl audioIO content print-2 [1] [1] [0x0xb40000763bcc28d0] [0x0xb40000761bca6b00] 
09-07 14:29:15.823   512 13169 D AudioProcessing: sseProcess dl audioIO content print-3 [0x0xb40000761bca7fd0] [0x0xb40000761bcabe40] [0x0xb40000761bca5880] sse->pMain is [0x0xb40000772bcb4e80] 
09-07 14:29:15.824   512 13169 D AudioProcessing: sseProcess dl [handle 0xbc83090] ret[0]
09-07 14:29:15.824   512 13169 D AudioProcessing: sseProcess dl AudioBufferSampleCnt[256] type[768] finish..
09-07 14:29:15.824   512 13241 D HarmanHAL: StreamIn::getCapturePositionImpl
09-07 14:29:16.234   512 13241 I chatty  : uid=1041(audioserver) reader identical 13 lines
09-07 14:29:16.274   512 13241 D HarmanHAL: StreamIn::getCapturePositionImpl
09-07 14:29:16.280   512  3972 I HarmanHal.Routing: hacs alsa node(pcmMedia_p) adtm interval_min:0 ms, inverval_max:11 ms, inverval_mean:8 ms!
09-07 14:29:16.280   512  3972 I HarmanHal.Routing:  in printADTM() PcmAlsaWrapper.cpp:876
09-07 14:29:16.304   512 13241 D HarmanHAL: StreamIn::getCapturePositionImpl
09-07 14:29:16.434   512 13241 I chatty  : uid=1041(audioserver) reader identical 4 lines
09-07 14:29:16.464   512 13241 D HarmanHAL: StreamIn::getCapturePositionImpl
09-07 14:29:16.478   538   618 W ipcLib  : ipcLib: in ipc_lib. DV1 read called
09-07 14:29:16.494   512 13241 D HarmanHAL: StreamIn::getCapturePositionImpl
09-07 14:29:16.654   512 13241 I chatty  : uid=1041(audioserver) reader identical 5 lines
09-07 14:29:16.685   512 13241 D HarmanHAL: StreamIn::getCapturePositionImpl
09-07 14:29:16.706   512 13133 I HarmanHal.Routing: hacs alsa node(pcmMicRefIn_c) adtm interval_min:0 ms, inverval_max:10 ms, inverval_mean:8 ms!
09-07 14:29:16.706   512 13133 I HarmanHal.Routing:  in printADTM() PcmAlsaWrapper.cpp:876
09-07 14:29:16.711   512 13159 I HarmanHal.Routing: hacs alsa node(pcmBtHfp_ul_pro_p) adtm interval_min:2 ms, inverval_max:12 ms, inverval_mean:8 ms!
09-07 14:29:16.711   512 13159 I HarmanHal.Routing:  in printADTM() PcmAlsaWrapper.cpp:876
09-07 14:29:16.714   512 13241 I HarmanHal.Routing: hacs alsa node(pcmTunerIn_c) adtm interval_min:29 ms, inverval_max:40 ms, inverval_mean:31 ms!
09-07 14:29:16.714   512 13241 I HarmanHal.Routing:  in printADTM() PcmAlsaWrapper.cpp:876
09-07 14:29:16.715   512 13241 D HarmanHAL: StreamIn::getCapturePositionImpl
09-07 14:29:16.755   512 13241 I chatty  : uid=1041(audioserver) reader identical 1 line
09-07 14:29:16.784   512 13241 D HarmanHAL: StreamIn::getCapturePositionImpl
09-07 14:29:16.813   512 13169 I HarmanHal.Routing: hacs alsa node(pcmBtHfp_dl_pre_c) adtm interval_min:0 ms, inverval_max:11 ms, inverval_mean:7 ms!
09-07 14:29:16.813   512 13169 I HarmanHal.Routing:  in printADTM() PcmAlsaWrapper.cpp:876
09-07 14:29:16.814   512 13241 D HarmanHAL: StreamIn::getCapturePositionImpl
09-07 14:29:16.815   512 13169 I HarmanHal.Routing: hacs alsa node(pcmHfp_dl_p) adtm interval_min:0 ms, inverval_max:11 ms, inverval_mean:8 ms!
09-07 14:29:16.815   512 13169 I HarmanHal.Routing:  in printADTM() PcmAlsaWrapper.cpp:876
09-07 14:29:16.844   512 13241 D HarmanHAL: StreamIn::getCapturePositionImpl
09-07 14:29:17.234   512 13241 I chatty  : uid=1041(audioserver) reader identical 12 lines
09-07 14:29:17.265   512 13241 D HarmanHAL: StreamIn::getCapturePositionImpl
09-07 14:29:17.280   512  3972 I HarmanHal.Routing: hacs alsa node(pcmMedia_p) adtm interval_min:1 ms, inverval_max:10 ms, inverval_mean:8 ms!
09-07 14:29:17.280   512  3972 I HarmanHal.Routing:  in printADTM() PcmAlsaWrapper.cpp:876
09-07 14:29:17.294   512 13241 D HarmanHAL: StreamIn::getCapturePositionImpl
09-07 14:29:17.318   512 13158 D AudioProcessing: sseApply [handle 0xbc80d90][type 512] start..
09-07 14:29:17.318   512 13158 D AudioProcessing: sseProcess ul audioIO content print-1 [256] [2] [4] [1] 
09-07 14:29:17.318   512 13158 D AudioProcessing: sseProcess ul audioIO content print-2 [6] [1] [0x3bcbc5a0] [0x5bc7ede0] 
09-07 14:29:17.318   512 13158 D AudioProcessing: sseProcess ul audioIO content print-3 [0x1bca1320 [0x8bc84110] [0x1bc9f9b0] sse->pMain is [0x2bca4a60] 
09-07 14:29:17.319   512 13158 D AudioProcessing: sseProcess ul [handle 0xbc80d90]  ret[0]
09-07 14:29:17.319   512 13158 D AudioProcessing: sseProcess ul AudioBufferSampleCnt[256] type[512] finish..
09-07 14:29:17.324   512 13241 D HarmanHAL: StreamIn::getCapturePositionImpl
09-07 14:29:17.355   512 13241 I chatty  : uid=1041(audioserver) reader identical 1 line
09-07 14:29:17.394   512 13241 D HarmanHAL: StreamIn::getCapturePositionImpl
09-07 14:29:17.423   512 13169 D AudioProcessing: sseApply [handle 0xbc83090][type 768] start..
09-07 14:29:17.423   512 13169 D AudioProcessing: sseProcess dl audioIO content print-1 [256] [2] [1] [1] 
09-07 14:29:17.423   512 13169 D AudioProcessing: sseProcess dl audioIO content print-2 [1] [1] [0x0xb40000763bcc28d0] [0x0xb40000761bca6b00] 
09-07 14:29:17.423   512 13169 D AudioProcessing: sseProcess dl audioIO content print-3 [0x0xb40000761bca7fd0] [0x0xb40000761bcabe40] [0x0xb40000761bca5880] sse->pMain is [0x0xb40000772bcb4e80] 
09-07 14:29:17.424   512 13169 D AudioProcessing: sseProcess dl [handle 0xbc83090] ret[0]
09-07 14:29:17.424   512 13169 D AudioProcessing: sseProcess dl AudioBufferSampleCnt[256] type[768] finish..
09-07 14:29:17.424   512 13241 D HarmanHAL: StreamIn::getCapturePositionImpl
09-07 14:29:17.454   512 13241 D HarmanHAL: StreamIn::getCapturePositionImpl
09-07 14:29:17.478   538   618 W ipcLib  : ipcLib: in ipc_lib. DV1 read called
09-07 14:29:17.485   512 13241 D HarmanHAL: StreamIn::getCapturePositionImpl
09-07 14:29:17.644   512 13241 I chatty  : uid=1041(audioserver) reader identical 5 lines
09-07 14:29:17.674   512 13241 D HarmanHAL: StreamIn::getCapturePositionImpl
09-07 14:29:17.706   512 13133 I HarmanHal.Routing: hacs alsa node(pcmMicRefIn_c) adtm interval_min:0 ms, inverval_max:11 ms, inverval_mean:8 ms!
09-07 14:29:17.706   512 13133 I HarmanHal.Routing:  in printADTM() PcmAlsaWrapper.cpp:876
09-07 14:29:17.711   512 13159 I HarmanHal.Routing: hacs alsa node(pcmBtHfp_ul_pro_p) adtm interval_min:2 ms, inverval_max:12 ms, inverval_mean:8 ms!
09-07 14:29:17.711   512 13159 I HarmanHal.Routing:  in printADTM() PcmAlsaWrapper.cpp:876
09-07 14:29:17.715   512 13241 I HarmanHal.Routing: hacs alsa node(pcmTunerIn_c) adtm interval_min:30 ms, inverval_max:41 ms, inverval_mean:32 ms!
09-07 14:29:17.715   512 13241 I HarmanHal.Routing:  in printADTM() PcmAlsaWrapper.cpp:876
09-07 14:29:17.715   512 13241 D HarmanHAL: StreamIn::getCapturePositionImpl
09-07 14:29:17.774   512 13241 I chatty  : uid=1041(audioserver) reader identical 2 lines
09-07 14:29:17.804   512 13241 D HarmanHAL: StreamIn::getCapturePositionImpl
09-07 14:29:17.814   512 13169 I HarmanHal.Routing: hacs alsa node(pcmBtHfp_dl_pre_c) adtm interval_min:0 ms, inverval_max:10 ms, inverval_mean:8 ms!
09-07 14:29:17.814   512 13169 I HarmanHal.Routing:  in printADTM() PcmAlsaWrapper.cpp:876
09-07 14:29:17.814   512 13169 I HarmanHal.Routing: hacs alsa node(pcmHfp_dl_p) adtm interval_min:0 ms, inverval_max:11 ms, inverval_mean:7 ms!
09-07 14:29:17.814   512 13169 I HarmanHal.Routing:  in printADTM() PcmAlsaWrapper.cpp:876
09-07 14:29:17.835   512 13241 D HarmanHAL: StreamIn::getCapturePositionImpl
09-07 14:29:17.870   532   569 W ipcLib  : ipcLib: in ipc_lib. DV1 read called
09-07 14:29:17.871   532   568 I VPS     : VPS:IOCStatusInfo.VoltageStatus->0 
09-07 14:29:17.871   532   568 I VPS     : VPS:IOCStatusInfo.IOCStatusCmd->a6 
09-07 14:29:17.871   532   568 I VPS     : VPS:IOCStatusInfo.WakeUpReason->0 
09-07 14:29:17.871   532   568 I VPS     : VPS:IOCStatusInfo.DerivedIgnitionStatus->0 
09-07 14:29:17.872   532   568 I VPS     : VPS:IOCStatusInfo.PowerModeState->4 
09-07 14:29:17.872   532   568 I VPS     : VPS:IOCStatusInfo.SOCShutdownRequest->0 
09-07 14:29:17.872   532   568 I VPS     : VPS:IOCStatusInfo.AntiTheftState->0 
09-07 14:29:17.872   532   568 I VPS     : VPS:IOCStatusInfo.BatteryConnect->0 
09-07 14:29:17.874   512 13241 D HarmanHAL: StreamIn::getCapturePositionImpl
09-07 14:29:18.224   512 13241 I chatty  : uid=1041(audioserver) reader identical 11 lines
09-07 14:29:18.254   512 13241 D HarmanHAL: StreamIn::getCapturePositionImpl
09-07 14:29:18.281   512  3972 I HarmanHal.Routing: hacs alsa node(pcmMedia_p) adtm interval_min:0 ms, inverval_max:11 ms, inverval_mean:8 ms!
09-07 14:29:18.281   512  3972 I HarmanHal.Routing:  in printADTM() PcmAlsaWrapper.cpp:876
09-07 14:29:18.284   512 13241 D HarmanHAL: StreamIn::getCapturePositionImpl
09-07 14:29:18.444   512 13241 I chatty  : uid=1041(audioserver) reader identical 5 lines
09-07 14:29:18.474   512 13241 D HarmanHAL: StreamIn::getCapturePositionImpl
09-07 14:29:18.478   538   618 W ipcLib  : ipcLib: in ipc_lib. DV1 read called
09-07 14:29:18.514   512 13241 D HarmanHAL: StreamIn::getCapturePositionImpl
09-07 14:29:18.634   512 13241 I chatty  : uid=1041(audioserver) reader identical 4 lines
09-07 14:29:18.675   512 13241 D HarmanHAL: StreamIn::getCapturePositionImpl
09-07 14:29:18.704   512 13241 I HarmanHal.Routing: hacs alsa node(pcmTunerIn_c) adtm interval_min:29 ms, inverval_max:40 ms, inverval_mean:31 ms!
09-07 14:29:18.704   512 13241 I HarmanHal.Routing:  in printADTM() PcmAlsaWrapper.cpp:876
09-07 14:29:18.705   512 13241 D HarmanHAL: StreamIn::getCapturePositionImpl
09-07 14:29:18.706   512 13133 I HarmanHal.Routing: hacs alsa node(pcmMicRefIn_c) adtm interval_min:0 ms, inverval_max:10 ms, inverval_mean:8 ms!
09-07 14:29:18.706   512 13133 I HarmanHal.Routing:  in printADTM() PcmAlsaWrapper.cpp:876
09-07 14:29:18.711   512 13159 I HarmanHal.Routing: hacs alsa node(pcmBtHfp_ul_pro_p) adtm interval_min:2 ms, inverval_max:11 ms, inverval_mean:8 ms!
09-07 14:29:18.711   512 13159 I HarmanHal.Routing:  in printADTM() PcmAlsaWrapper.cpp:876
09-07 14:29:18.734   512 13241 D HarmanHAL: StreamIn::getCapturePositionImpl
09-07 14:29:18.765   512 13241 I chatty  : uid=1041(audioserver) reader identical 1 line
09-07 14:29:18.794   512 13241 D HarmanHAL: StreamIn::getCapturePositionImpl
09-07 14:29:18.813   512 13169 I HarmanHal.Routing: hacs alsa node(pcmBtHfp_dl_pre_c) adtm interval_min:0 ms, inverval_max:10 ms, inverval_mean:7 ms!
09-07 14:29:18.813   512 13169 I HarmanHal.Routing:  in printADTM() PcmAlsaWrapper.cpp:876
09-07 14:29:18.814   512 13169 I HarmanHal.Routing: hacs alsa node(pcmHfp_dl_p) adtm interval_min:0 ms, inverval_max:11 ms, inverval_mean:8 ms!
09-07 14:29:18.814   512 13169 I HarmanHal.Routing:  in printADTM() PcmAlsaWrapper.cpp:876
09-07 14:29:18.834   512 13241 D HarmanHAL: StreamIn::getCapturePositionImpl
09-07 14:29:18.864   512 13241 I chatty  : uid=1041(audioserver) reader identical 1 line
09-07 14:29:18.894   512 13241 D HarmanHAL: StreamIn::getCapturePositionImpl
09-07 14:29:18.918   512 13158 D AudioProcessing: sseApply [handle 0xbc80d90][type 512] start..
09-07 14:29:18.918   512 13158 D AudioProcessing: sseProcess ul audioIO content print-1 [256] [2] [4] [1] 
09-07 14:29:18.918   512 13158 D AudioProcessing: sseProcess ul audioIO content print-2 [6] [1] [0x3bcbc5a0] [0x5bc7ede0] 
09-07 14:29:18.918   512 13158 D AudioProcessing: sseProcess ul audioIO content print-3 [0x1bca1320 [0x8bc84110] [0x1bc9f9b0] sse->pMain is [0x2bca4a60] 
09-07 14:29:18.919   512 13158 D AudioProcessing: sseProcess ul [handle 0xbc80d90]  ret[0]
09-07 14:29:18.919   512 13158 D AudioProcessing: sseProcess ul AudioBufferSampleCnt[256] type[512] finish..
09-07 14:29:18.924   512 13241 D HarmanHAL: StreamIn::getCapturePositionImpl
09-07 14:29:18.955   512 13241 I chatty  : uid=1041(audioserver) reader identical 1 line
09-07 14:29:18.995   512 13241 D HarmanHAL: StreamIn::getCapturePositionImpl
09-07 14:29:19.000   532   569 I VPS     : VPS:VehiclePlatformSOCHeartBeatHandler IVI HeartBeat sent successfully SOCHeartBeatInfo.SOCStatus->2
09-07 14:29:19.000   532   569 W ipcLib  : ipcLib: in ipc_lib. DV1 write called
09-07 14:29:19.003   532   569 W ipcLib  : ipcLib: in ipc_lib. DV1 read called
09-07 14:29:19.023   512 13169 D AudioProcessing: sseApply [handle 0xbc83090][type 768] start..
09-07 14:29:19.023   512 13169 D AudioProcessing: sseProcess dl audioIO content print-1 [256] [2] [1] [1] 
09-07 14:29:19.023   512 13169 D AudioProcessing: sseProcess dl audioIO content print-2 [1] [1] [0x0xb40000763bcc28d0] [0x0xb40000761bca6b00] 
09-07 14:29:19.023   512 13169 D AudioProcessing: sseProcess dl audioIO content print-3 [0x0xb40000761bca7fd0] [0x0xb40000761bcabe40] [0x0xb40000761bca5880] sse->pMain is [0x0xb40000772bcb4e80] 
09-07 14:29:19.024   512 13169 D AudioProcessing: sseProcess dl [handle 0xbc83090] ret[0]
09-07 14:29:19.024   512 13169 D AudioProcessing: sseProcess dl AudioBufferSampleCnt[256] type[768] finish..
09-07 14:29:19.024   512 13241 D HarmanHAL: StreamIn::getCapturePositionImpl
01-01 00:04:22.034     0     0 I init    : starting service 'qccsyshalservice'...
01-01 00:04:22.041     0     0 I init    : starting service 'vendor.sensors-hal-1-0'...
01-01 00:04:22.047     0     0 I init    : starting service 'LogManager'...
09-07 14:29:19.055   512 13241 D HarmanHAL: StreamIn::getCapturePositionImpl
09-07 14:29:19.068   376   376 I hwservicemanager: getTransport: Cannot find entry android.hardware.sensors@1.0::ISensors/default in either framework or device manifest.
09-07 14:29:19.075 15615 15615 E android.hardware.sensors@1.0-service: Couldn't load sensors module (Unknown error -2147483648)
01-01 00:04:22.067     0     0 I init    : Service 'vendor.sensors-hal-1-0' (pid 15615) exited with status 1
01-01 00:04:22.067     0     0 I init    : Sending signal 9 to service 'vendor.sensors-hal-1-0' (pid 15615) process group...
01-01 00:04:22.068     0     0 I libprocessgroup: Successfully killed process cgroup uid 1000 pid 15615 in 0ms
09-07 14:29:19.075 15615 15615 D RefBase : RefBase: Explicit destruction, weak count = 0 (in 0xb400007426feb528)
09-07 14:29:19.075 15615 15615 W RefBase : CallStack::getCurrentInternal not linked, returning null
09-07 14:29:19.075 15615 15615 W RefBase : CallStack::logStackInternal not linked
09-07 14:29:19.076 15615 15615 E LegacySupport: Could not get passthrough implementation for android.hardware.sensors@1.0::ISensors/default.
09-07 14:29:19.081 15614 15614 I qccsyshalservice: Start with system binder
09-07 14:29:19.081 15614 15614 I qccsyshalservice: Registering qccsyshal service...
09-07 14:29:19.082   376   376 I hwservicemanager: getTransport: Cannot find entry vendor.qti.hardware.qccsyshal@1.0::IQccsyshal/qccsyshal in either framework or device manifest.
09-07 14:29:19.083 15614 15614 E HidlServiceManagement: Service vendor.qti.hardware.qccsyshal@1.0::IQccsyshal/qccsyshal must be in VINTF manifest in order to register/get.
09-07 14:29:19.083 15614 15614 E qccsyshalservice: [ERROR] registerAsService() failed with status: -2147483648
09-07 14:29:19.085   512 13241 D HarmanHAL: StreamIn::getCapturePositionImpl
01-01 00:04:22.075     0     0 I init    : Service 'qccsyshalservice' (pid 15614) exited with status 1
01-01 00:04:22.075     0     0 I init    : Sending signal 9 to service 'qccsyshalservice' (pid 15614) process group...
01-01 00:04:22.076     0     0 I libprocessgroup: Successfully killed process cgroup uid 1000 pid 15614 in 0ms
09-07 14:29:19.088 15616 15616 D LOGMANAGER: LOGMANAGER HAL service init() start
09-07 14:29:19.088 15616 15616 D LOGMANAGER: Logmanager configured rpcthreadpool
09-07 14:29:19.083 15616 15616 I vendor.harman.L: type=1400 audit(0.0:3023): avc: denied { read } for name="u:object_r:hwservicemanager_prop:s0" dev="tmpfs" ino=24519 scontext=u:r:logmanagerd:s0 tcontext=u:object_r:hwservicemanager_prop:s0 tclass=file permissive=1
09-07 14:29:19.083 15616 15616 I vendor.harman.L: type=1400 audit(0.0:3024): avc: denied { open } for path="/dev/__properties__/u:object_r:hwservicemanager_prop:s0" dev="tmpfs" ino=24519 scontext=u:r:logmanagerd:s0 tcontext=u:object_r:hwservicemanager_prop:s0 tclass=file permissive=1
09-07 14:29:19.083 15616 15616 I vendor.harman.L: type=1400 audit(0.0:3025): avc: denied { getattr } for path="/dev/__properties__/u:object_r:hwservicemanager_prop:s0" dev="tmpfs" ino=24519 scontext=u:r:logmanagerd:s0 tcontext=u:object_r:hwservicemanager_prop:s0 tclass=file permissive=1
09-07 14:29:19.083 15616 15616 I vendor.harman.L: type=1400 audit(0.0:3026): avc: denied { map } for path="/dev/__properties__/u:object_r:hwservicemanager_prop:s0" dev="tmpfs" ino=24519 scontext=u:r:logmanagerd:s0 tcontext=u:object_r:hwservicemanager_prop:s0 tclass=file permissive=1
09-07 14:29:19.092 15616 15616 I HidlServiceManagement: Registered vendor.harman.hardware.LogManager@1.0::ILogManager/default
09-07 14:29:19.092 15616 15616 D LOGMANAGER: Logmanager HAL Service is registered and ready
09-07 14:29:19.092 15616 15616 I LOGMANAGER: ThreadPoolWrapper::initThreadPool
09-07 14:29:19.092 15616 15616 I LOGMANAGER: ThreadPoolWrapper : exit
09-07 14:29:19.092 15616 15616 D LOGMANAGER: Logmanager threadpoolwrapper created
09-07 14:29:19.092 15616 15616 D LOGMANAGER: User argument is -c
09-07 14:29:19.093 15616 15616 I LOGMANAGER: LogmanagerConfig is configured under config file
09-07 14:29:19.093 15616 15617 I LOGMANAGER: ThreadPoolWrapper:  enter the joinRpcThreadpool()
09-07 14:29:19.093 15616 15616 I LOGMANAGER: LoggingLevel is : 4
09-07 14:29:19.093 15616 15616 I LOGMANAGER: LogEnableState is : 0
09-07 14:29:19.093 15616 15616 I LOGMANAGER: OutputPluginConfiguration PluginType : LOGWRITTER
09-07 14:29:19.093 15616 15616 I LOGMANAGER: LM_OutputConfiguration : 1
09-07 14:29:19.093 15616 15616 I LOGMANAGER: LM_OfflineTraceDirectory : /data/cache
09-07 14:29:19.093 15616 15616 I LOGMANAGER: LM_OfflineTraceFILESize : 1000000
09-07 14:29:19.093 15616 15616 I LOGMANAGER: LM_OfflineTotalFILESSize : 20000000
09-07 14:29:19.093 15616 15616 I LOGMANAGER: LM_FileNameTimeStampBased : 0
09-07 14:29:19.093 15616 15616 I LOGMANAGER: Got IOC plugin
09-07 14:29:19.093 15616 15616 I LOGMANAGER: IOCIPCChannelNumber :6
09-07 14:29:19.093 15616 15616 I LOGMANAGER: keyseq: HOME + VOLUMEDOWN  for domain is AudioDump
09-07 14:29:19.093 15616 15616 I LOGMANAGER: keyseq: HOME + VOLUMEUP  for domain is HCIDump
09-07 14:29:19.093 15616 15616 I LOGMANAGER: Domains parsing is done
01-01 00:04:22.083     0     0 W audit   : audit_lost=1412 audit_rate_limit=5 audit_backlog_limit=64
01-01 00:04:22.083     0     0 E audit   : rate limit exceeded
09-07 14:29:19.087 15616 15616 I vendor.harman.L: type=1400 audit(0.0:3027): avc: denied { dac_read_search } for capability=2 scontext=u:r:logmanagerd:s0 tcontext=u:r:logmanagerd:s0 tclass=capability permissive=1
09-07 14:29:19.087 15616 15616 I vendor.harman.L: type=1400 audit(0.0:3028): avc: denied { search } for name="cache" dev="dm-4" ino=262146 scontext=u:r:logmanagerd:s0 tcontext=u:object_r:cache_file:s0 tclass=dir permissive=1
09-07 14:29:19.087 15616 15616 I vendor.harman.L: type=1400 audit(0.0:3029): avc: denied { dac_override } for capability=1 scontext=u:r:logmanagerd:s0 tcontext=u:r:logmanagerd:s0 tclass=capability permissive=1
09-07 14:29:19.087 15616 15616 I vendor.harman.L: type=1400 audit(0.0:3030): avc: denied { write } for name="cache" dev="dm-4" ino=262146 scontext=u:r:logmanagerd:s0 tcontext=u:object_r:cache_file:s0 tclass=dir permissive=1
09-07 14:29:19.098 15616 15616 E LOGMANAGER: Failed to load plugin /vendor/lib64/libIOCDLogReader.so with error code dlopen failed: library "/vendor/lib64/libIOCDLogReader.so" not found 
09-07 14:29:19.098 15616 15616 F libc    : Fatal signal 11 (SIGSEGV), code 1 (SEGV_MAPERR), fault addr 0x0 in tid 15616 (vendor.harman.L), pid 15616 (vendor.harman.L)
09-07 14:29:19.115   512 13241 D HarmanHAL: StreamIn::getCapturePositionImpl
09-07 14:29:19.136 15623 15623 I crash_dump64: obtaining output fd from tombstoned, type: kDebuggerdTombstone
09-07 14:29:19.137   463   463 I tombstoned: received crash request for pid 15616
09-07 14:29:19.138 15623 15623 I crash_dump64: performing dump of process 15616 (target tid = 15616)
09-07 14:29:19.144 15623 15623 F DEBUG   : *** *** *** *** *** *** *** *** *** *** *** *** *** *** *** ***
09-07 14:29:19.144 15623 15623 F DEBUG   : Build fingerprint: 'qti/titan_tml_b2/titan_tml_b2:11/RQ3A.210605.005/eng.ksong.20210907.134230:userdebug/test-keys'
09-07 14:29:19.145 15623 15623 F DEBUG   : Revision: '0'
09-07 14:29:19.145 15623 15623 F DEBUG   : ABI: 'arm64'
09-07 14:29:19.147 15623 15623 F DEBUG   : Timestamp: 2021-09-07 14:29:19+0000
09-07 14:29:19.147 15623 15623 F DEBUG   : pid: 15616, tid: 15616, name: vendor.harman.L  >>> /vendor/bin/hw/vendor.harman.LogManager@1.0-service <<<
09-07 14:29:19.148 15623 15623 F DEBUG   : uid: 0
09-07 14:29:19.148 15623 15623 F DEBUG   : signal 11 (SIGSEGV), code 1 (SEGV_MAPERR), fault addr 0x0
09-07 14:29:19.148 15623 15623 F DEBUG   : Cause: null pointer dereference
09-07 14:29:19.148 15623 15623 F DEBUG   :     x0  0000000000000000  x1  0000000000000000  x2  0000000000080001  x3  0000000000000000
09-07 14:29:19.148 15623 15623 F DEBUG   :     x4  0000000000000000  x5  0000000000000090  x6  fefefefefefefeff  x7  7f7f7f7f7f7f7f7f
09-07 14:29:19.149 15623 15623 F DEBUG   :     x8  0101010101010101  x9  fb567b89f64ee9fc  x10 0000007fdd4e8408  x11 fffffffffffffffd
09-07 14:29:19.149 15623 15623 F DEBUG   :     x12 0000007fdd4e8590  x13 000000000000008e  x14 0005b8d7a3442800  x15 0000000034155555
09-07 14:29:19.149 15623 15623 F DEBUG   :     x16 0000005d1af8d7e0  x17 0000007f53de7b30  x18 0000007f54970000  x19 0000000000000000
09-07 14:29:19.149 15623 15623 F DEBUG   :     x20 0000007f544bbc50  x21 0000007fdd4e8ca9  x22 b400007e53b405c8  x23 0000007fdd4e8cc8
09-07 14:29:19.150 15623 15623 F DEBUG   :     x24 0000000000000000  x25 0000007f5476d000  x26 0000007fdd4e8ca9  x27 0000007fdd4e8c79
09-07 14:29:19.150 15623 15623 F DEBUG   :     x28 0000000000000000  x29 0000007fdd4e8bb0
09-07 14:29:19.150 15623 15623 F DEBUG   :     lr  0000005d1af84048  sp  0000007fdd4e8bb0  pc  0000007f53de7b40  pst 0000000080000000
09-07 14:29:19.154   512 13241 D HarmanHAL: StreamIn::getCapturePositionImpl
09-07 14:29:19.155 15623 15623 F DEBUG   : backtrace:
09-07 14:29:19.156 15623 15623 F DEBUG   :       #00 pc 000000000004ab40  /apex/com.android.runtime/lib64/bionic/libc.so (strlen_default+16) (BuildId: 2b7c6e33413ac7278a15dfc3ea383089)
09-07 14:29:19.156 15623 15623 F DEBUG   :       #01 pc 0000000000009044  /vendor/bin/hw/vendor.harman.LogManager@1.0-service (BuildId: 3e966ab64050b441b920ba0e8960d123)
09-07 14:29:19.156 15623 15623 F DEBUG   :       #02 pc 0000000000008df0  /vendor/bin/hw/vendor.harman.LogManager@1.0-service (LM::LogManagerImpl::load_plugin_conf(void*, std::__1::basic_string<char, std::__1::char_traits<char>, std::__1::allocator<char> >, std::__1::multimap<std::__1::basic_string<char, std::__1::char_traits<char>, std::__1::allocator<char> >, int, std::__1::less<std::__1::basic_string<char, std::__1::char_traits<char>, std::__1::allocator<char> > >, std::__1::allocator<std::__1::pair<std::__1::basic_string<char, std::__1::char_traits<char>, std::__1::allocator<char> > const, int> > >&)+752) (BuildId: 3e966ab64050b441b920ba0e8960d123)
09-07 14:29:19.156 15623 15623 F DEBUG   :       #03 pc 00000000000088c0  /vendor/bin/hw/vendor.harman.LogManager@1.0-service (LM::LogManagerImpl::loadplugins()+436) (BuildId: 3e966ab64050b441b920ba0e8960d123)
09-07 14:29:19.156 15623 15623 F DEBUG   :       #04 pc 0000000000007af8  /vendor/bin/hw/vendor.harman.LogManager@1.0-service (main+1112) (BuildId: 3e966ab64050b441b920ba0e8960d123)
09-07 14:29:19.156 15623 15623 F DEBUG   :       #05 pc 000000000004988c  /apex/com.android.runtime/lib64/bionic/libc.so (__libc_init+108) (BuildId: 2b7c6e33413ac7278a15dfc3ea383089)
01-01 00:04:22.164     0     0 D logd    : logdr: UID=0 GID=1000 PID=15623 n tail=50 logMask=8 pid=15616 start=0ns timeout=0ns
01-01 00:04:22.174     0     0 D logd    : logdr: UID=0 GID=1000 PID=15623 n tail=50 logMask=1 pid=15616 start=0ns timeout=0ns
01-01 00:04:22.196     0     0 D logd    : logdr: UID=0 GID=1000 PID=15623 n tail=0 logMask=8 pid=15616 start=0ns timeout=0ns
01-01 00:04:22.207     0     0 D logd    : logdr: UID=0 GID=1000 PID=15623 n tail=0 logMask=1 pid=15616 start=0ns timeout=0ns
09-07 14:29:19.228  1033  1270 W NativeCrashListener: Couldn't find ProcessRecord for pid 15616
09-07 14:29:19.184   512 13241 I chatty  : uid=1041(audioserver) reader identical 1 line
09-07 14:29:19.214   512 13241 D HarmanHAL: StreamIn::getCapturePositionImpl
09-07 14:29:19.228 15623 15623 E crash_dump64: AM data write failed: Broken pipe
09-07 14:29:19.229   463   463 E tombstoned: Tombstone written to: /data/tombstones/tombstone_18
01-01 00:04:22.221     0     0 I init    : Untracked pid 15623 exited with status 0
09-07 14:29:19.237  1033  1095 I BootReceiver: Copying /data/tombstones/tombstone_18 to DropBox (SYSTEM_TOMBSTONE)
09-07 14:29:19.240  1033  1095 I DropBoxManagerService: add tag=SYSTEM_TOMBSTONE isTagEnabled=true flags=0x2
09-07 14:29:19.245   512 13241 D HarmanHAL: StreamIn::getCapturePositionImpl
09-07 14:29:19.274   512 13241 D HarmanHAL: StreamIn::getCapturePositionImpl
09-07 14:29:19.280   512  3972 I HarmanHal.Routing: hacs alsa node(pcmMedia_p) adtm interval_min:1 ms, inverval_max:10 ms, inverval_mean:7 ms!
09-07 14:29:19.280   512  3972 I HarmanHal.Routing:  in printADTM() PcmAlsaWrapper.cpp:876
09-07 14:29:19.315   512 13241 D HarmanHAL: StreamIn::getCapturePositionImpl
09-07 14:29:19.434   512 13241 I chatty  : uid=1041(audioserver) reader identical 4 lines
09-07 14:29:19.475   512 13241 D HarmanHAL: StreamIn::getCapturePositionImpl
09-07 14:29:19.478   538   618 W ipcLib  : ipcLib: in ipc_lib. DV1 read called
09-07 14:29:19.504   512 13241 D HarmanHAL: StreamIn::getCapturePositionImpl
09-07 14:29:19.634   512 13241 I chatty  : uid=1041(audioserver) reader identical 4 lines
09-07 14:29:19.664   512 13241 D HarmanHAL: StreamIn::getCapturePositionImpl
09-07 14:29:19.694   512 13241 I HarmanHal.Routing: hacs alsa node(pcmTunerIn_c) adtm interval_min:29 ms, inverval_max:41 ms, inverval_mean:31 ms!
09-07 14:29:19.694   512 13241 I HarmanHal.Routing:  in printADTM() PcmAlsaWrapper.cpp:876
09-07 14:29:19.695   512 13241 D HarmanHAL: StreamIn::getCapturePositionImpl
09-07 14:29:19.706   512 13133 I HarmanHal.Routing: hacs alsa node(pcmMicRefIn_c) adtm interval_min:0 ms, inverval_max:11 ms, inverval_mean:8 ms!
09-07 14:29:19.706   512 13133 I HarmanHal.Routing:  in printADTM() PcmAlsaWrapper.cpp:876
09-07 14:29:19.712   512 13159 I HarmanHal.Routing: hacs alsa node(pcmBtHfp_ul_pro_p) adtm interval_min:2 ms, inverval_max:12 ms, inverval_mean:8 ms!
09-07 14:29:19.712   512 13159 I HarmanHal.Routing:  in printADTM() PcmAlsaWrapper.cpp:876
09-07 14:29:19.724   512 13241 D HarmanHAL: StreamIn::getCapturePositionImpl
09-07 14:29:19.730   536   612 E pathology: [ProcessCrashHandler:: parseTombstoneFileName]string not found
09-07 14:29:19.731   536   612 I chatty  : uid=0(root) vendor.harman.p identical 4 lines
09-07 14:29:19.731   536   612 E pathology: [ProcessCrashHandler:: parseTombstoneFileName]string not found
09-07 14:29:19.755   512 13241 D HarmanHAL: StreamIn::getCapturePositionImpl
09-07 14:29:19.794   512 13241 D HarmanHAL: StreamIn::getCapturePositionImpl
09-07 14:29:19.814   512 13169 I HarmanHal.Routing: hacs alsa node(pcmBtHfp_dl_pre_c) adtm interval_min:0 ms, inverval_max:10 ms, inverval_mean:8 ms!
09-07 14:29:19.814   512 13169 I HarmanHal.Routing:  in printADTM() PcmAlsaWrapper.cpp:876
09-07 14:29:19.815   512 13169 I HarmanHal.Routing: hacs alsa node(pcmHfp_dl_p) adtm interval_min:0 ms, inverval_max:11 ms, inverval_mean:8 ms!
09-07 14:29:19.815   512 13169 I HarmanHal.Routing:  in printADTM() PcmAlsaWrapper.cpp:876
09-07 14:29:19.824   512 13241 D HarmanHAL: StreamIn::getCapturePositionImpl
09-07 14:29:19.915   512 13241 I chatty  : uid=1041(audioserver) reader identical 3 lines
09-07 14:29:19.955   512 13241 D HarmanHAL: StreamIn::getCapturePositionImpl
09-07 14:29:19.970   532   569 W ipcLib  : ipcLib: in ipc_lib. DV1 read called
09-07 14:29:19.970   532   568 I VPS     : VPS:IOCStatusInfo.VoltageStatus->0 
09-07 14:29:19.971   532   568 I VPS     : VPS:IOCStatusInfo.IOCStatusCmd->a6 
09-07 14:29:19.971   532   568 I VPS     : VPS:IOCStatusInfo.WakeUpReason->0 
09-07 14:29:19.971   532   568 I VPS     : VPS:IOCStatusInfo.DerivedIgnitionStatus->0 
09-07 14:29:19.971   532   568 I VPS     : VPS:IOCStatusInfo.PowerModeState->4 
09-07 14:29:19.971   532   568 I VPS     : VPS:IOCStatusInfo.SOCShutdownRequest->0 
09-07 14:29:19.971   532   568 I VPS     : VPS:IOCStatusInfo.AntiTheftState->0 
09-07 14:29:19.971   532   568 I VPS     : VPS:IOCStatusInfo.BatteryConnect->0 
09-07 14:29:19.984   512 13241 D HarmanHAL: StreamIn::getCapturePositionImpl
09-07 14:29:20.114   512 13241 I chatty  : uid=1041(audioserver) reader identical 4 lines
09-07 14:29:20.144   512 13241 D HarmanHAL: StreamIn::getCapturePositionImpl
09-07 14:29:20.159   536   536 I vendor.harman.p: type=1400 audit(0.0:3046): avc: denied { remove_name } for name="PROCCRASH_PF_1631024814.lz4" dev="dm-4" ino=49389 scontext=u:r:pathologyd:s0 tcontext=u:object_r:vendor_data_file:s0 tclass=dir permissive=1
09-07 14:29:20.159   536   536 I vendor.harman.p: type=1400 audit(0.0:3047): avc: denied { unlink } for name="PROCCRASH_PF_1631024814.lz4" dev="dm-4" ino=49389 scontext=u:r:pathologyd:s0 tcontext=u:object_r:vendor_data_file:s0 tclass=file permissive=1
09-07 14:29:20.163   536   536 I vendor.harman.p: type=1400 audit(0.0:3048): avc: denied { create } for name="PROCCRASH_PF_1631024959.lz4" scontext=u:r:pathologyd:s0 tcontext=u:object_r:vendor_data_file:s0 tclass=file permissive=1
09-07 14:29:20.163   536   536 I vendor.harman.p: type=1400 audit(0.0:3049): avc: denied { write open } for path="/data/vendor/pathologyArchive/2/PROCCRASH_PF_1631024959.lz4" dev="dm-4" ino=49343 scontext=u:r:pathologyd:s0 tcontext=u:object_r:vendor_data_file:s0 tclass=file permissive=1
09-07 14:29:20.174   512 13241 D HarmanHAL: StreamIn::getCapturePositionImpl
09-07 14:29:20.235   512 13241 I chatty  : uid=1041(audioserver) reader identical 2 lines
09-07 14:29:20.275   512 13241 D HarmanHAL: StreamIn::getCapturePositionImpl
09-07 14:29:20.280   512  3972 I HarmanHal.Routing: hacs alsa node(pcmMedia_p) adtm interval_min:0 ms, inverval_max:10 ms, inverval_mean:8 ms!
09-07 14:29:20.280   512  3972 I HarmanHal.Routing:  in printADTM() PcmAlsaWrapper.cpp:876
09-07 14:29:20.304   512 13241 D HarmanHAL: StreamIn::getCapturePositionImpl
09-07 14:29:20.435   512 13241 I chatty  : uid=1041(audioserver) reader identical 4 lines
09-07 14:29:20.464   512 13241 D HarmanHAL: StreamIn::getCapturePositionImpl
09-07 14:29:20.478   538   618 W ipcLib  : ipcLib: in ipc_lib. DV1 read called
09-07 14:29:20.494   512 13241 D HarmanHAL: StreamIn::getCapturePositionImpl
09-07 14:29:20.518   512 13158 D AudioProcessing: sseApply [handle 0xbc80d90][type 512] start..
09-07 14:29:20.518   512 13158 D AudioProcessing: sseProcess ul audioIO content print-1 [256] [2] [4] [1] 
09-07 14:29:20.518   512 13158 D AudioProcessing: sseProcess ul audioIO content print-2 [6] [1] [0x3bcbc5a0] [0x5bc7ede0] 
09-07 14:29:20.518   512 13158 D AudioProcessing: sseProcess ul audioIO content print-3 [0x1bca1320 [0x8bc84110] [0x1bc9f9b0] sse->pMain is [0x2bca4a60] 
09-07 14:29:20.519   512 13158 D AudioProcessing: sseProcess ul [handle 0xbc80d90]  ret[0]
09-07 14:29:20.519   512 13158 D AudioProcessing: sseProcess ul AudioBufferSampleCnt[256] type[512] finish..
09-07 14:29:20.524   512 13241 D HarmanHAL: StreamIn::getCapturePositionImpl
09-07 14:29:20.554   512 13241 I chatty  : uid=1041(audioserver) reader identical 1 line
09-07 14:29:20.595   512 13241 D HarmanHAL: StreamIn::getCapturePositionImpl
09-07 14:29:20.623   512 13169 D AudioProcessing: sseApply [handle 0xbc83090][type 768] start..
09-07 14:29:20.623   512 13169 D AudioProcessing: sseProcess dl audioIO content print-1 [256] [2] [1] [1] 
09-07 14:29:20.623   512 13169 D AudioProcessing: sseProcess dl audioIO content print-2 [1] [1] [0x0xb40000763bcc28d0] [0x0xb40000761bca6b00] 
09-07 14:29:20.623   512 13169 D AudioProcessing: sseProcess dl audioIO content print-3 [0x0xb40000761bca7fd0] [0x0xb40000761bcabe40] [0x0xb40000761bca5880] sse->pMain is [0x0xb40000772bcb4e80] 
09-07 14:29:20.624   512 13169 D AudioProcessing: sseProcess dl [handle 0xbc83090] ret[0]
09-07 14:29:20.624   512 13169 D AudioProcessing: sseProcess dl AudioBufferSampleCnt[256] type[768] finish..
09-07 14:29:20.625   512 13241 D HarmanHAL: StreamIn::getCapturePositionImpl
09-07 14:29:20.655   512 13241 D HarmanHAL: StreamIn::getCapturePositionImpl
09-07 14:29:20.684   512 13241 I HarmanHal.Routing: hacs alsa node(pcmTunerIn_c) adtm interval_min:29 ms, inverval_max:41 ms, inverval_mean:31 ms!
09-07 14:29:20.684   512 13241 I HarmanHal.Routing:  in printADTM() PcmAlsaWrapper.cpp:876
09-07 14:29:20.684   512 13241 D HarmanHAL: StreamIn::getCapturePositionImpl
09-07 14:29:20.705   512 13133 I HarmanHal.Routing: hacs alsa node(pcmMicRefIn_c) adtm interval_min:0 ms, inverval_max:11 ms, inverval_mean:7 ms!
09-07 14:29:20.705   512 13133 I HarmanHal.Routing:  in printADTM() PcmAlsaWrapper.cpp:876
09-07 14:29:20.711   512 13159 I HarmanHal.Routing: hacs alsa node(pcmBtHfp_ul_pro_p) adtm interval_min:2 ms, inverval_max:12 ms, inverval_mean:7 ms!
09-07 14:29:20.711   512 13159 I HarmanHal.Routing:  in printADTM() PcmAlsaWrapper.cpp:876
09-07 14:29:20.714   512 13241 D HarmanHAL: StreamIn::getCapturePositionImpl
09-07 14:29:20.754   512 13241 I chatty  : uid=1041(audioserver) reader identical 1 line
09-07 14:29:20.785   512 13241 D HarmanHAL: StreamIn::getCapturePositionImpl
09-07 14:29:20.804   911  4981 D BufferPoolAccessor2.0: bufferpool2 0xb400007205c6d498 : 2(1048576 size) total buffers - 1(524288 size) used buffers - 3044/3054 (recycle/alloc) - 24/3053 (fetch/transfer)
09-07 14:29:20.813   512 13169 I HarmanHal.Routing: hacs alsa node(pcmBtHfp_dl_pre_c) adtm interval_min:0 ms, inverval_max:10 ms, inverval_mean:7 ms!
09-07 14:29:20.813   512 13169 I HarmanHal.Routing:  in printADTM() PcmAlsaWrapper.cpp:876
09-07 14:29:20.814   512 13241 D HarmanHAL: StreamIn::getCapturePositionImpl
09-07 14:29:20.815   512 13169 I HarmanHal.Routing: hacs alsa node(pcmHfp_dl_p) adtm interval_min:0 ms, inverval_max:11 ms, inverval_mean:7 ms!
09-07 14:29:20.815   512 13169 I HarmanHal.Routing:  in printADTM() PcmAlsaWrapper.cpp:876
09-07 14:29:20.844   512 13241 D HarmanHAL: StreamIn::getCapturePositionImpl
09-07 14:29:21.235   512 13241 I chatty  : uid=1041(audioserver) reader identical 12 lines
09-07 14:29:21.264   512 13241 D HarmanHAL: StreamIn::getCapturePositionImpl
09-07 14:29:21.280   512  3972 I HarmanHal.Routing: hacs alsa node(pcmMedia_p) adtm interval_min:0 ms, inverval_max:11 ms, inverval_mean:8 ms!
09-07 14:29:21.280   512  3972 I HarmanHal.Routing:  in printADTM() PcmAlsaWrapper.cpp:876
09-07 14:29:21.294   512 13241 D HarmanHAL: StreamIn::getCapturePositionImpl
09-07 14:29:21.425   512 13241 I chatty  : uid=1041(audioserver) reader identical 4 lines
09-07 14:29:21.454   512 13241 D HarmanHAL: StreamIn::getCapturePositionImpl
09-07 14:29:21.478   538   618 W ipcLib  : ipcLib: in ipc_lib. DV1 read called
09-07 14:29:21.484   512 13241 D HarmanHAL: StreamIn::getCapturePositionImpl
09-07 14:29:21.614   512 13241 I chatty  : uid=1041(audioserver) reader identical 4 lines
09-07 14:29:21.644   512 13241 D HarmanHAL: StreamIn::getCapturePositionImpl
09-07 14:29:21.674   512 13241 I HarmanHal.Routing: hacs alsa node(pcmTunerIn_c) adtm interval_min:30 ms, inverval_max:40 ms, inverval_mean:31 ms!
09-07 14:29:21.674   512 13241 I HarmanHal.Routing:  in printADTM() PcmAlsaWrapper.cpp:876
09-07 14:29:21.675   512 13241 D HarmanHAL: StreamIn::getCapturePositionImpl
09-07 14:29:21.706   512 13133 I HarmanHal.Routing: hacs alsa node(pcmMicRefIn_c) adtm interval_min:0 ms, inverval_max:12 ms, inverval_mean:8 ms!
09-07 14:29:21.706   512 13133 I HarmanHal.Routing:  in printADTM() PcmAlsaWrapper.cpp:876
09-07 14:29:21.711   512 13159 I HarmanHal.Routing: hacs alsa node(pcmBtHfp_ul_pro_p) adtm interval_min:2 ms, inverval_max:12 ms, inverval_mean:8 ms!
09-07 14:29:21.711   512 13159 I HarmanHal.Routing:  in printADTM() PcmAlsaWrapper.cpp:876
09-07 14:29:21.715   512 13241 D HarmanHAL: StreamIn::getCapturePositionImpl
09-07 14:29:21.774   512 13241 I chatty  : uid=1041(audioserver) reader identical 2 lines
09-07 14:29:21.804   512 13241 D HarmanHAL: StreamIn::getCapturePositionImpl
09-07 14:29:21.814   512 13169 I HarmanHal.Routing: hacs alsa node(pcmBtHfp_dl_pre_c) adtm interval_min:0 ms, inverval_max:10 ms, inverval_mean:8 ms!
09-07 14:29:21.814   512 13169 I HarmanHal.Routing:  in printADTM() PcmAlsaWrapper.cpp:876
09-07 14:29:21.815   512 13169 I HarmanHal.Routing: hacs alsa node(pcmHfp_dl_p) adtm interval_min:0 ms, inverval_max:11 ms, inverval_mean:8 ms!
09-07 14:29:21.815   512 13169 I HarmanHal.Routing:  in printADTM() PcmAlsaWrapper.cpp:876
09-07 14:29:21.835   512 13241 D HarmanHAL: StreamIn::getCapturePositionImpl
09-07 14:29:22.034   512 13241 I chatty  : uid=1041(audioserver) reader identical 6 lines
09-07 14:29:22.064   512 13241 D HarmanHAL: StreamIn::getCapturePositionImpl
09-07 14:29:22.070   532   569 W ipcLib  : ipcLib: in ipc_lib. DV1 read called
09-07 14:29:22.070   532   568 I VPS     : VPS:IOCStatusInfo.VoltageStatus->0 
09-07 14:29:22.070   532   568 I VPS     : VPS:IOCStatusInfo.IOCStatusCmd->a6 
09-07 14:29:22.071   532   568 I VPS     : VPS:IOCStatusInfo.WakeUpReason->0 
09-07 14:29:22.071   532   568 I VPS     : VPS:IOCStatusInfo.DerivedIgnitionStatus->0 
09-07 14:29:22.071   532   568 I VPS     : VPS:IOCStatusInfo.PowerModeState->4 
09-07 14:29:22.071   532   568 I VPS     : VPS:IOCStatusInfo.SOCShutdownRequest->0 
09-07 14:29:22.071   532   568 I VPS     : VPS:IOCStatusInfo.AntiTheftState->0 
09-07 14:29:22.071   532   568 I VPS     : VPS:IOCStatusInfo.BatteryConnect->0 
09-07 14:29:22.094   512 13241 D HarmanHAL: StreamIn::getCapturePositionImpl
09-07 14:29:22.118   512 13158 D AudioProcessing: sseApply [handle 0xbc80d90][type 512] start..
09-07 14:29:22.118   512 13158 D AudioProcessing: sseProcess ul audioIO content print-1 [256] [2] [4] [1] 
09-07 14:29:22.118   512 13158 D AudioProcessing: sseProcess ul audioIO content print-2 [6] [1] [0x3bcbc5a0] [0x5bc7ede0] 
09-07 14:29:22.118   512 13158 D AudioProcessing: sseProcess ul audioIO content print-3 [0x1bca1320 [0x8bc84110] [0x1bc9f9b0] sse->pMain is [0x2bca4a60] 
09-07 14:29:22.119   512 13158 D AudioProcessing: sseProcess ul [handle 0xbc80d90]  ret[0]
09-07 14:29:22.119   512 13158 D AudioProcessing: sseProcess ul AudioBufferSampleCnt[256] type[512] finish..
09-07 14:29:22.124   512 13241 D HarmanHAL: StreamIn::getCapturePositionImpl
09-07 14:29:22.154   512 13241 I chatty  : uid=1041(audioserver) reader identical 1 line
09-07 14:29:22.194   512 13241 D HarmanHAL: StreamIn::getCapturePositionImpl
09-07 14:29:22.223   512 13169 D AudioProcessing: sseApply [handle 0xbc83090][type 768] start..
09-07 14:29:22.223   512 13169 D AudioProcessing: sseProcess dl audioIO content print-1 [256] [2] [1] [1] 
09-07 14:29:22.223   512 13169 D AudioProcessing: sseProcess dl audioIO content print-2 [1] [1] [0x0xb40000763bcc28d0] [0x0xb40000761bca6b00] 
09-07 14:29:22.223   512 13169 D AudioProcessing: sseProcess dl audioIO content print-3 [0x0xb40000761bca7fd0] [0x0xb40000761bcabe40] [0x0xb40000761bca5880] sse->pMain is [0x0xb40000772bcb4e80] 
09-07 14:29:22.224   512 13169 D AudioProcessing: sseProcess dl [handle 0xbc83090] ret[0]
09-07 14:29:22.224   512 13169 D AudioProcessing: sseProcess dl AudioBufferSampleCnt[256] type[768] finish..
09-07 14:29:22.226   512 13241 D HarmanHAL: StreamIn::getCapturePositionImpl
09-07 14:29:22.255   512 13241 D HarmanHAL: StreamIn::getCapturePositionImpl
09-07 14:29:22.280   512  3972 I HarmanHal.Routing: hacs alsa node(pcmMedia_p) adtm interval_min:0 ms, inverval_max:11 ms, inverval_mean:8 ms!
09-07 14:29:22.280   512  3972 I HarmanHal.Routing:  in printADTM() PcmAlsaWrapper.cpp:876
09-07 14:29:22.284   512 13241 D HarmanHAL: StreamIn::getCapturePositionImpl
09-07 14:29:22.444   512 13241 I chatty  : uid=1041(audioserver) reader identical 5 lines
09-07 14:29:22.474   512 13241 D HarmanHAL: StreamIn::getCapturePositionImpl
09-07 14:29:22.478   538   618 W ipcLib  : ipcLib: in ipc_lib. DV1 read called
09-07 14:29:22.514   512 13241 D HarmanHAL: StreamIn::getCapturePositionImpl
09-07 14:29:22.604   512 13241 I chatty  : uid=1041(audioserver) reader identical 3 lines
09-07 14:29:22.634   512 13241 D HarmanHAL: StreamIn::getCapturePositionImpl
09-07 14:29:22.674   512 13241 I HarmanHal.Routing: hacs alsa node(pcmTunerIn_c) adtm interval_min:29 ms, inverval_max:41 ms, inverval_mean:32 ms!
09-07 14:29:22.674   512 13241 I HarmanHal.Routing:  in printADTM() PcmAlsaWrapper.cpp:876
09-07 14:29:22.675   512 13241 D HarmanHAL: StreamIn::getCapturePositionImpl
09-07 14:29:22.704   512 13241 D HarmanHAL: StreamIn::getCapturePositionImpl
09-07 14:29:22.705   512 13133 I HarmanHal.Routing: hacs alsa node(pcmMicRefIn_c) adtm interval_min:0 ms, inverval_max:11 ms, inverval_mean:7 ms!
09-07 14:29:22.705   512 13133 I HarmanHal.Routing:  in printADTM() PcmAlsaWrapper.cpp:876
09-07 14:29:22.711   512 13159 I HarmanHal.Routing: hacs alsa node(pcmBtHfp_ul_pro_p) adtm interval_min:2 ms, inverval_max:12 ms, inverval_mean:8 ms!
09-07 14:29:22.711   512 13159 I HarmanHal.Routing:  in printADTM() PcmAlsaWrapper.cpp:876
09-07 14:29:22.734   512 13241 D HarmanHAL: StreamIn::getCapturePositionImpl
09-07 14:29:22.764   512 13241 I chatty  : uid=1041(audioserver) reader identical 1 line
09-07 14:29:22.794   512 13241 D HarmanHAL: StreamIn::getCapturePositionImpl
09-07 14:29:22.813   512 13169 I HarmanHal.Routing: hacs alsa node(pcmBtHfp_dl_pre_c) adtm interval_min:0 ms, inverval_max:10 ms, inverval_mean:7 ms!
09-07 14:29:22.813   512 13169 I HarmanHal.Routing:  in printADTM() PcmAlsaWrapper.cpp:876
09-07 14:29:22.815   512 13169 I HarmanHal.Routing: hacs alsa node(pcmHfp_dl_p) adtm interval_min:0 ms, inverval_max:11 ms, inverval_mean:7 ms!
09-07 14:29:22.815   512 13169 I HarmanHal.Routing:  in printADTM() PcmAlsaWrapper.cpp:876
09-07 14:29:22.835   512 13241 D HarmanHAL: StreamIn::getCapturePositionImpl
09-07 14:29:23.244   512 13241 I chatty  : uid=1041(audioserver) reader identical 13 lines
09-07 14:29:23.275   512 13241 D HarmanHAL: StreamIn::getCapturePositionImpl
09-07 14:29:23.280   512  3972 I HarmanHal.Routing: hacs alsa node(pcmMedia_p) adtm interval_min:0 ms, inverval_max:10 ms, inverval_mean:8 ms!
09-07 14:29:23.280   512  3972 I HarmanHal.Routing:  in printADTM() PcmAlsaWrapper.cpp:876
09-07 14:29:23.315   512 13241 D HarmanHAL: StreamIn::getCapturePositionImpl
09-07 14:29:23.435   512 13241 I chatty  : uid=1041(audioserver) reader identical 4 lines
09-07 14:29:23.475   512 13241 D HarmanHAL: StreamIn::getCapturePositionImpl
09-07 14:29:23.478   538   618 W ipcLib  : ipcLib: in ipc_lib. DV1 read called
09-07 14:29:23.504   512 13241 D HarmanHAL: StreamIn::getCapturePositionImpl
09-07 14:29:23.595   512 13241 I chatty  : uid=1041(audioserver) reader identical 3 lines
09-07 14:29:23.634   512 13241 D HarmanHAL: StreamIn::getCapturePositionImpl
09-07 14:29:23.664   512 13241 I HarmanHal.Routing: hacs alsa node(pcmTunerIn_c) adtm interval_min:30 ms, inverval_max:40 ms, inverval_mean:31 ms!
09-07 14:29:23.664   512 13241 I HarmanHal.Routing:  in printADTM() PcmAlsaWrapper.cpp:876
09-07 14:29:23.665   512 13241 D HarmanHAL: StreamIn::getCapturePositionImpl
09-07 14:29:23.694   512 13241 D HarmanHAL: StreamIn::getCapturePositionImpl
09-07 14:29:23.705   512 13133 I HarmanHal.Routing: hacs alsa node(pcmMicRefIn_c) adtm interval_min:0 ms, inverval_max:11 ms, inverval_mean:8 ms!
09-07 14:29:23.705   512 13133 I HarmanHal.Routing:  in printADTM() PcmAlsaWrapper.cpp:876
09-07 14:29:23.711   512 13159 I HarmanHal.Routing: hacs alsa node(pcmBtHfp_ul_pro_p) adtm interval_min:2 ms, inverval_max:11 ms, inverval_mean:8 ms!
09-07 14:29:23.711   512 13159 I HarmanHal.Routing:  in printADTM() PcmAlsaWrapper.cpp:876
09-07 14:29:23.718   512 13158 D AudioProcessing: sseApply [handle 0xbc80d90][type 512] start..
09-07 14:29:23.718   512 13158 D AudioProcessing: sseProcess ul audioIO content print-1 [256] [2] [4] [1] 
09-07 14:29:23.718   512 13158 D AudioProcessing: sseProcess ul audioIO content print-2 [6] [1] [0x3bcbc5a0] [0x5bc7ede0] 
09-07 14:29:23.718   512 13158 D AudioProcessing: sseProcess ul audioIO content print-3 [0x1bca1320 [0x8bc84110] [0x1bc9f9b0] sse->pMain is [0x2bca4a60] 
09-07 14:29:23.719   512 13158 D AudioProcessing: sseProcess ul [handle 0xbc80d90]  ret[0]
09-07 14:29:23.719   512 13158 D AudioProcessing: sseProcess ul AudioBufferSampleCnt[256] type[512] finish..
09-07 14:29:23.724   512 13241 D HarmanHAL: StreamIn::getCapturePositionImpl
09-07 14:29:23.754   512 13241 I chatty  : uid=1041(audioserver) reader identical 1 line
09-07 14:29:23.795   512 13241 D HarmanHAL: StreamIn::getCapturePositionImpl
09-07 14:29:23.814   512 13169 I HarmanHal.Routing: hacs alsa node(pcmBtHfp_dl_pre_c) adtm interval_min:0 ms, inverval_max:10 ms, inverval_mean:8 ms!
09-07 14:29:23.814   512 13169 I HarmanHal.Routing:  in printADTM() PcmAlsaWrapper.cpp:876
09-07 14:29:23.814   512 13169 I HarmanHal.Routing: hacs alsa node(pcmHfp_dl_p) adtm interval_min:0 ms, inverval_max:11 ms, inverval_mean:8 ms!
09-07 14:29:23.814   512 13169 I HarmanHal.Routing:  in printADTM() PcmAlsaWrapper.cpp:876
09-07 14:29:23.823   512 13169 D AudioProcessing: sseApply [handle 0xbc83090][type 768] start..
09-07 14:29:23.823   512 13169 D AudioProcessing: sseProcess dl audioIO content print-1 [256] [2] [1] [1] 
09-07 14:29:23.823   512 13169 D AudioProcessing: sseProcess dl audioIO content print-2 [1] [1] [0x0xb40000763bcc28d0] [0x0xb40000761bca6b00] 
09-07 14:29:23.823   512 13169 D AudioProcessing: sseProcess dl audioIO content print-3 [0x0xb40000761bca7fd0] [0x0xb40000761bcabe40] [0x0xb40000761bca5880] sse->pMain is [0x0xb40000772bcb4e80] 
09-07 14:29:23.824   512 13169 D AudioProcessing: sseProcess dl [handle 0xbc83090] ret[0]
09-07 14:29:23.824   512 13169 D AudioProcessing: sseProcess dl AudioBufferSampleCnt[256] type[768] finish..
09-07 14:29:23.824   512 13241 D HarmanHAL: StreamIn::getCapturePositionImpl
09-07 14:29:23.954   512 13241 I chatty  : uid=1041(audioserver) reader identical 4 lines
09-07 14:29:23.984   512 13241 D HarmanHAL: StreamIn::getCapturePositionImpl
09-07 14:29:24.000   532   569 I VPS     : VPS:VehiclePlatformSOCHeartBeatHandler IVI HeartBeat sent successfully SOCHeartBeatInfo.SOCStatus->2
09-07 14:29:24.001   532   569 W ipcLib  : ipcLib: in ipc_lib. DV1 write called
09-07 14:29:24.004   532   569 W ipcLib  : ipcLib: in ipc_lib. DV1 read called
09-07 14:29:24.014   512 13241 D HarmanHAL: StreamIn::getCapturePositionImpl
01-01 00:04:27.041     0     0 I init    : starting service 'qccsyshalservice'...
01-01 00:04:27.047     0     0 I init    : starting service 'vendor.sensors-hal-1-0'...
01-01 00:04:27.054     0     0 I init    : starting service 'LogManager'...
09-07 14:29:24.044   512 13241 D HarmanHAL: StreamIn::getCapturePositionImpl
09-07 14:29:24.075 15787 15787 I qccsyshalservice: Start with system binder
09-07 14:29:24.075 15787 15787 I qccsyshalservice: Registering qccsyshal service...
09-07 14:29:24.076   376   376 I hwservicemanager: getTransport: Cannot find entry android.hardware.sensors@1.0::ISensors/default in either framework or device manifest.
09-07 14:29:24.076   512 13241 D HarmanHAL: StreamIn::getCapturePositionImpl
09-07 14:29:24.076   376   376 I hwservicemanager: getTransport: Cannot find entry vendor.qti.hardware.qccsyshal@1.0::IQccsyshal/qccsyshal in either framework or device manifest.
09-07 14:29:24.077 15787 15787 E HidlServiceManagement: Service vendor.qti.hardware.qccsyshal@1.0::IQccsyshal/qccsyshal must be in VINTF manifest in order to register/get.
09-07 14:29:24.077 15787 15787 E qccsyshalservice: [ERROR] registerAsService() failed with status: -2147483648
09-07 14:29:24.079 15788 15788 E android.hardware.sensors@1.0-service: Couldn't load sensors module (Unknown error -2147483648)
09-07 14:29:24.079 15788 15788 D RefBase : RefBase: Explicit destruction, weak count = 0 (in 0xb4000073565ac328)
09-07 14:29:24.079 15788 15788 W RefBase : CallStack::getCurrentInternal not linked, returning null
09-07 14:29:24.079 15788 15788 W RefBase : CallStack::logStackInternal not linked
09-07 14:29:24.080 15788 15788 E LegacySupport: Could not get passthrough implementation for android.hardware.sensors@1.0::ISensors/default.
01-01 00:04:27.068     0     0 I init    : Service 'qccsyshalservice' (pid 15787) exited with status 1
01-01 00:04:27.068     0     0 I init    : Sending signal 9 to service 'qccsyshalservice' (pid 15787) process group...
01-01 00:04:27.068     0     0 I libprocessgroup: Successfully killed process cgroup uid 1000 pid 15787 in 0ms
01-01 00:04:27.071     0     0 I init    : Service 'vendor.sensors-hal-1-0' (pid 15788) exited with status 1
01-01 00:04:27.071     0     0 I init    : Sending signal 9 to service 'vendor.sensors-hal-1-0' (pid 15788) process group...
01-01 00:04:27.071     0     0 I libprocessgroup: Successfully killed process cgroup uid 1000 pid 15788 in 0ms
09-07 14:29:24.106 15789 15789 D LOGMANAGER: LOGMANAGER HAL service init() start
09-07 14:29:24.107 15789 15789 D LOGMANAGER: Logmanager configured rpcthreadpool
09-07 14:29:24.103 15789 15789 I vendor.harman.L: type=1400 audit(0.0:3050): avc: denied { read } for name="u:object_r:hwservicemanager_prop:s0" dev="tmpfs" ino=24519 scontext=u:r:logmanagerd:s0 tcontext=u:object_r:hwservicemanager_prop:s0 tclass=file permissive=1
09-07 14:29:24.110 15789 15789 I HidlServiceManagement: Registered vendor.harman.hardware.LogManager@1.0::ILogManager/default
09-07 14:29:24.110 15789 15789 D LOGMANAGER: Logmanager HAL Service is registered and ready
09-07 14:29:24.110 15789 15789 I LOGMANAGER: ThreadPoolWrapper::initThreadPool
09-07 14:29:24.110 15789 15789 I LOGMANAGER: ThreadPoolWrapper : exit
09-07 14:29:24.110 15789 15789 D LOGMANAGER: Logmanager threadpoolwrapper created
09-07 14:29:24.110 15789 15789 D LOGMANAGER: User argument is -c
09-07 14:29:24.111 15789 15793 I LOGMANAGER: ThreadPoolWrapper:  enter the joinRpcThreadpool()
09-07 14:29:24.111 15789 15789 I LOGMANAGER: LogmanagerConfig is configured under config file
09-07 14:29:24.111 15789 15789 I LOGMANAGER: LoggingLevel is : 4
09-07 14:29:24.111 15789 15789 I LOGMANAGER: LogEnableState is : 0
09-07 14:29:24.111 15789 15789 I LOGMANAGER: OutputPluginConfiguration PluginType : LOGWRITTER
09-07 14:29:24.111 15789 15789 I LOGMANAGER: LM_OutputConfiguration : 1
09-07 14:29:24.111 15789 15789 I LOGMANAGER: LM_OfflineTraceDirectory : /data/cache
09-07 14:29:24.111 15789 15789 I LOGMANAGER: LM_OfflineTraceFILESize : 1000000
09-07 14:29:24.111 15789 15789 I LOGMANAGER: LM_OfflineTotalFILESSize : 20000000
09-07 14:29:24.111 15789 15789 I LOGMANAGER: LM_FileNameTimeStampBased : 0
09-07 14:29:24.111 15789 15789 I LOGMANAGER: Got IOC plugin
09-07 14:29:24.111 15789 15789 I LOGMANAGER: IOCIPCChannelNumber :6
09-07 14:29:24.111 15789 15789 I LOGMANAGER: keyseq: HOME + VOLUMEDOWN  for domain is AudioDump
09-07 14:29:24.111 15789 15789 I LOGMANAGER: keyseq: HOME + VOLUMEUP  for domain is HCIDump
09-07 14:29:24.111 15789 15789 I LOGMANAGER: Domains parsing is done
09-07 14:29:24.115   512 13241 D HarmanHAL: StreamIn::getCapturePositionImpl
09-07 14:29:24.107 15789 15789 I vendor.harman.L: type=1400 audit(0.0:3054): avc: denied { dac_read_search } for capability=2 scontext=u:r:logmanagerd:s0 tcontext=u:r:logmanagerd:s0 tclass=capability permissive=1
09-07 14:29:24.107 15789 15789 I vendor.harman.L: type=1400 audit(0.0:3055): avc: denied { search } for name="cache" dev="dm-4" ino=262146 scontext=u:r:logmanagerd:s0 tcontext=u:object_r:cache_file:s0 tclass=dir permissive=1
09-07 14:29:24.116 15789 15789 E LOGMANAGER: Failed to load plugin /vendor/lib64/libIOCDLogReader.so with error code dlopen failed: library "/vendor/lib64/libIOCDLogReader.so" not found 
09-07 14:29:24.116 15789 15789 F libc    : Fatal signal 11 (SIGSEGV), code 1 (SEGV_MAPERR), fault addr 0x0 in tid 15789 (vendor.harman.L), pid 15789 (vendor.harman.L)
01-01 00:04:27.101     0     0 W audit   : audit_lost=1427 audit_rate_limit=5 audit_backlog_limit=64
01-01 00:04:27.101     0     0 E audit   : rate limit exceeded
09-07 14:29:24.145   512 13241 D HarmanHAL: StreamIn::getCapturePositionImpl
09-07 14:29:24.147 15796 15796 I crash_dump64: obtaining output fd from tombstoned, type: kDebuggerdTombstone
09-07 14:29:24.148   463   463 I tombstoned: received crash request for pid 15789
09-07 14:29:24.149 15796 15796 I crash_dump64: performing dump of process 15789 (target tid = 15789)
09-07 14:29:24.152 15796 15796 F DEBUG   : *** *** *** *** *** *** *** *** *** *** *** *** *** *** *** ***
09-07 14:29:24.152 15796 15796 F DEBUG   : Build fingerprint: 'qti/titan_tml_b2/titan_tml_b2:11/RQ3A.210605.005/eng.ksong.20210907.134230:userdebug/test-keys'
09-07 14:29:24.153 15796 15796 F DEBUG   : Revision: '0'
09-07 14:29:24.153 15796 15796 F DEBUG   : ABI: 'arm64'
09-07 14:29:24.155 15796 15796 F DEBUG   : Timestamp: 2021-09-07 14:29:24+0000
09-07 14:29:24.155 15796 15796 F DEBUG   : pid: 15789, tid: 15789, name: vendor.harman.L  >>> /vendor/bin/hw/vendor.harman.LogManager@1.0-service <<<
09-07 14:29:24.156 15796 15796 F DEBUG   : uid: 0
09-07 14:29:24.156 15796 15796 F DEBUG   : signal 11 (SIGSEGV), code 1 (SEGV_MAPERR), fault addr 0x0
09-07 14:29:24.156 15796 15796 F DEBUG   : Cause: null pointer dereference
09-07 14:29:24.156 15796 15796 F DEBUG   :     x0  0000000000000000  x1  0000000000000000  x2  0000000000080001  x3  0000000000000000
09-07 14:29:24.157 15796 15796 F DEBUG   :     x4  0000000000000000  x5  0000000000000090  x6  fefefefefefefeff  x7  7f7f7f7f7f7f7f7f
09-07 14:29:24.157 15796 15796 F DEBUG   :     x8  0101010101010101  x9  caa4260399b34afd  x10 0000007ffa6dff48  x11 fffffffffffffffd
09-07 14:29:24.157 15796 15796 F DEBUG   :     x12 0000007ffa6e00d0  x13 000000000000008e  x14 0006acfba15a5000  x15 0000000034155555
09-07 14:29:24.157 15796 15796 F DEBUG   :     x16 0000006529f2a7e0  x17 000000719b7d5b30  x18 000000719cdd4000  x19 0000000000000000
09-07 14:29:24.157 15796 15796 F DEBUG   :     x20 000000719bc2cc50  x21 0000007ffa6e07e9  x22 b40000709b517c38  x23 0000007ffa6e0808
09-07 14:29:24.158 15796 15796 F DEBUG   :     x24 0000000000000000  x25 000000719c120000  x26 0000007ffa6e07e9  x27 0000007ffa6e07b9
09-07 14:29:24.158 15796 15796 F DEBUG   :     x28 0000000000000000  x29 0000007ffa6e06f0
09-07 14:29:24.158 15796 15796 F DEBUG   :     lr  0000006529f21048  sp  0000007ffa6e06f0  pc  000000719b7d5b40  pst 0000000080000000
09-07 14:29:24.163 15796 15796 F DEBUG   : backtrace:
09-07 14:29:24.164 15796 15796 F DEBUG   :       #00 pc 000000000004ab40  /apex/com.android.runtime/lib64/bionic/libc.so (strlen_default+16) (BuildId: 2b7c6e33413ac7278a15dfc3ea383089)
09-07 14:29:24.164 15796 15796 F DEBUG   :       #01 pc 0000000000009044  /vendor/bin/hw/vendor.harman.LogManager@1.0-service (BuildId: 3e966ab64050b441b920ba0e8960d123)
09-07 14:29:24.164 15796 15796 F DEBUG   :       #02 pc 0000000000008df0  /vendor/bin/hw/vendor.harman.LogManager@1.0-service (LM::LogManagerImpl::load_plugin_conf(void*, std::__1::basic_string<char, std::__1::char_traits<char>, std::__1::allocator<char> >, std::__1::multimap<std::__1::basic_string<char, std::__1::char_traits<char>, std::__1::allocator<char> >, int, std::__1::less<std::__1::basic_string<char, std::__1::char_traits<char>, std::__1::allocator<char> > >, std::__1::allocator<std::__1::pair<std::__1::basic_string<char, std::__1::char_traits<char>, std::__1::allocator<char> > const, int> > >&)+752) (BuildId: 3e966ab64050b441b920ba0e8960d123)
09-07 14:29:24.164 15796 15796 F DEBUG   :       #03 pc 00000000000088c0  /vendor/bin/hw/vendor.harman.LogManager@1.0-service (LM::LogManagerImpl::loadplugins()+436) (BuildId: 3e966ab64050b441b920ba0e8960d123)
09-07 14:29:24.164 15796 15796 F DEBUG   :       #04 pc 0000000000007af8  /vendor/bin/hw/vendor.harman.LogManager@1.0-service (main+1112) (BuildId: 3e966ab64050b441b920ba0e8960d123)
09-07 14:29:24.164 15796 15796 F DEBUG   :       #05 pc 000000000004988c  /apex/com.android.runtime/lib64/bionic/libc.so (__libc_init+108) (BuildId: 2b7c6e33413ac7278a15dfc3ea383089)
09-07 14:29:24.170   532   569 W ipcLib  : ipcLib: in ipc_lib. DV1 read called
09-07 14:29:24.171   532   568 I VPS     : VPS:IOCStatusInfo.VoltageStatus->0 
09-07 14:29:24.171   532   568 I VPS     : VPS:IOCStatusInfo.IOCStatusCmd->a6 
09-07 14:29:24.172   532   568 I VPS     : VPS:IOCStatusInfo.WakeUpReason->0 
09-07 14:29:24.172   532   568 I VPS     : VPS:IOCStatusInfo.DerivedIgnitionStatus->0 
09-07 14:29:24.172   532   568 I VPS     : VPS:IOCStatusInfo.PowerModeState->4 
09-07 14:29:24.172   532   568 I VPS     : VPS:IOCStatusInfo.SOCShutdownRequest->0 
09-07 14:29:24.172   532   568 I VPS     : VPS:IOCStatusInfo.AntiTheftState->0 
09-07 14:29:24.172   532   568 I VPS     : VPS:IOCStatusInfo.BatteryConnect->0 
09-07 14:29:24.175   512 13241 D HarmanHAL: StreamIn::getCapturePositionImpl
01-01 00:04:27.172     0     0 D logd    : logdr: UID=0 GID=1000 PID=15796 n tail=50 logMask=8 pid=15789 start=0ns timeout=0ns
01-01 00:04:27.182     0     0 D logd    : logdr: UID=0 GID=1000 PID=15796 n tail=50 logMask=1 pid=15789 start=0ns timeout=0ns
01-01 00:04:27.208     0     0 D logd    : logdr: UID=0 GID=1000 PID=15796 n tail=0 logMask=8 pid=15789 start=0ns timeout=0ns
01-01 00:04:27.217     0     0 D logd    : logdr: UID=0 GID=1000 PID=15796 n tail=0 logMask=1 pid=15789 start=0ns timeout=0ns
09-07 14:29:24.237  1033  1270 W NativeCrashListener: Couldn't find ProcessRecord for pid 15789
09-07 14:29:24.204   512 13241 I chatty  : uid=1041(audioserver) reader identical 1 line
09-07 14:29:24.234   512 13241 D HarmanHAL: StreamIn::getCapturePositionImpl
09-07 14:29:24.237 15796 15796 E crash_dump64: AM data write failed: Broken pipe
09-07 14:29:24.239   463   463 E tombstoned: Tombstone written to: /data/tombstones/tombstone_19
01-01 00:04:27.229     0     0 I init    : Untracked pid 15796 exited with status 0
09-07 14:29:24.248  1033  1095 I BootReceiver: Copying /data/tombstones/tombstone_19 to DropBox (SYSTEM_TOMBSTONE)
09-07 14:29:24.251  1033  1095 I DropBoxManagerService: add tag=SYSTEM_TOMBSTONE isTagEnabled=true flags=0x2
09-07 14:29:24.274   512 13241 D HarmanHAL: StreamIn::getCapturePositionImpl
09-07 14:29:24.280   512  3972 I HarmanHal.Routing: hacs alsa node(pcmMedia_p) adtm interval_min:1 ms, inverval_max:11 ms, inverval_mean:8 ms!
09-07 14:29:24.280   512  3972 I HarmanHal.Routing:  in printADTM() PcmAlsaWrapper.cpp:876
09-07 14:29:24.306   512 13241 D HarmanHAL: StreamIn::getCapturePositionImpl
09-07 14:29:24.434   512 13241 I chatty  : uid=1041(audioserver) reader identical 4 lines
09-07 14:29:24.465   512 13241 D HarmanHAL: StreamIn::getCapturePositionImpl
09-07 14:29:24.478   538   618 W ipcLib  : ipcLib: in ipc_lib. DV1 read called
09-07 14:29:24.494   512 13241 D HarmanHAL: StreamIn::getCapturePositionImpl
09-07 14:29:24.594   512 13241 I chatty  : uid=1041(audioserver) reader identical 3 lines
09-07 14:29:24.624   512 13241 D HarmanHAL: StreamIn::getCapturePositionImpl
09-07 14:29:24.654   512 13241 I HarmanHal.Routing: hacs alsa node(pcmTunerIn_c) adtm interval_min:29 ms, inverval_max:40 ms, inverval_mean:31 ms!
09-07 14:29:24.654   512 13241 I HarmanHal.Routing:  in printADTM() PcmAlsaWrapper.cpp:876
09-07 14:29:24.655   512 13241 D HarmanHAL: StreamIn::getCapturePositionImpl
09-07 14:29:24.684   512 13241 D HarmanHAL: StreamIn::getCapturePositionImpl
09-07 14:29:24.706   512 13133 I HarmanHal.Routing: hacs alsa node(pcmMicRefIn_c) adtm interval_min:0 ms, inverval_max:11 ms, inverval_mean:8 ms!
09-07 14:29:24.706   512 13133 I HarmanHal.Routing:  in printADTM() PcmAlsaWrapper.cpp:876
09-07 14:29:24.710   512 13159 I HarmanHal.Routing: hacs alsa node(pcmBtHfp_ul_pro_p) adtm interval_min:2 ms, inverval_max:11 ms, inverval_mean:7 ms!
09-07 14:29:24.710   512 13159 I HarmanHal.Routing:  in printADTM() PcmAlsaWrapper.cpp:876
09-07 14:29:24.714   512 13241 D HarmanHAL: StreamIn::getCapturePositionImpl
09-07 14:29:24.739   536   612 E pathology: [ProcessCrashHandler:: parseTombstoneFileName]string not found
09-07 14:29:24.740   536   612 I chatty  : uid=0(root) vendor.harman.p identical 4 lines
09-07 14:29:24.740   536   612 E pathology: [ProcessCrashHandler:: parseTombstoneFileName]string not found
09-07 14:29:24.741   537   722 I TunerCommon: CTunerTimer::startTimer: altMsecTimeout = 15000
09-07 14:29:24.742   537   711 W TunerCommon: EventThd::run:deliverEvent: OK
09-07 14:29:24.755   512 13241 D HarmanHAL: StreamIn::getCapturePositionImpl
09-07 14:29:24.784   512 13241 D HarmanHAL: StreamIn::getCapturePositionImpl
09-07 14:29:24.813   512 13169 I HarmanHal.Routing: hacs alsa node(pcmBtHfp_dl_pre_c) adtm interval_min:0 ms, inverval_max:10 ms, inverval_mean:7 ms!
09-07 14:29:24.813   512 13169 I HarmanHal.Routing:  in printADTM() PcmAlsaWrapper.cpp:876
09-07 14:29:24.814   512 13241 D HarmanHAL: StreamIn::getCapturePositionImpl
09-07 14:29:24.814   512 13169 I HarmanHal.Routing: hacs alsa node(pcmHfp_dl_p) adtm interval_min:0 ms, inverval_max:11 ms, inverval_mean:8 ms!
09-07 14:29:24.814   512 13169 I HarmanHal.Routing:  in printADTM() PcmAlsaWrapper.cpp:876
09-07 14:29:24.845   512 13241 D HarmanHAL: StreamIn::getCapturePositionImpl
01-01 00:04:27.920     0     0 I IRQ 5   : no longer affine to CPU5
09-07 14:29:25.134   512 13241 I chatty  : uid=1041(audioserver) reader identical 9 lines
09-07 14:29:25.164   512 13241 D HarmanHAL: StreamIn::getCapturePositionImpl
09-07 14:29:25.187   536   536 I vendor.harman.p: type=1400 audit(0.0:3074): avc: denied { write } for name="2" dev="dm-4" ino=49241 scontext=u:r:pathologyd:s0 tcontext=u:object_r:vendor_data_file:s0 tclass=dir permissive=1
09-07 14:29:25.187   536   536 I vendor.harman.p: type=1400 audit(0.0:3075): avc: denied { add_name } for name="PROCCRASH_PF_1631024964.lz4" scontext=u:r:pathologyd:s0 tcontext=u:object_r:vendor_data_file:s0 tclass=dir permissive=1
09-07 14:29:25.187   536   536 I vendor.harman.p: type=1400 audit(0.0:3076): avc: denied { create } for name="PROCCRASH_PF_1631024964.lz4" scontext=u:r:pathologyd:s0 tcontext=u:object_r:vendor_data_file:s0 tclass=file permissive=1
09-07 14:29:25.194   512 13241 D HarmanHAL: StreamIn::getCapturePositionImpl
09-07 14:29:25.235   512 13241 I chatty  : uid=1041(audioserver) reader identical 1 line
09-07 14:29:25.265   512 13241 D HarmanHAL: StreamIn::getCapturePositionImpl
09-07 14:29:25.280   512  3972 I HarmanHal.Routing: hacs alsa node(pcmMedia_p) adtm interval_min:0 ms, inverval_max:11 ms, inverval_mean:8 ms!
09-07 14:29:25.280   512  3972 I HarmanHal.Routing:  in printADTM() PcmAlsaWrapper.cpp:876
09-07 14:29:25.294   512 13241 D HarmanHAL: StreamIn::getCapturePositionImpl
09-07 14:29:25.318   512 13158 D AudioProcessing: sseApply [handle 0xbc80d90][type 512] start..
09-07 14:29:25.318   512 13158 D AudioProcessing: sseProcess ul audioIO content print-1 [256] [2] [4] [1] 
09-07 14:29:25.318   512 13158 D AudioProcessing: sseProcess ul audioIO content print-2 [6] [1] [0x3bcbc5a0] [0x5bc7ede0] 
09-07 14:29:25.318   512 13158 D AudioProcessing: sseProcess ul audioIO content print-3 [0x1bca1320 [0x8bc84110] [0x1bc9f9b0] sse->pMain is [0x2bca4a60] 
09-07 14:29:25.319   512 13158 D AudioProcessing: sseProcess ul [handle 0xbc80d90]  ret[0]
09-07 14:29:25.319   512 13158 D AudioProcessing: sseProcess ul AudioBufferSampleCnt[256] type[512] finish..
09-07 14:29:25.324   512 13241 D HarmanHAL: StreamIn::getCapturePositionImpl
09-07 14:29:25.354   512 13241 I chatty  : uid=1041(audioserver) reader identical 1 line
09-07 14:29:25.394   512 13241 D HarmanHAL: StreamIn::getCapturePositionImpl
09-07 14:29:25.423   512 13169 D AudioProcessing: sseApply [handle 0xbc83090][type 768] start..
09-07 14:29:25.423   512 13169 D AudioProcessing: sseProcess dl audioIO content print-1 [256] [2] [1] [1] 
09-07 14:29:25.423   512 13169 D AudioProcessing: sseProcess dl audioIO content print-2 [1] [1] [0x0xb40000763bcc28d0] [0x0xb40000761bca6b00] 
09-07 14:29:25.423   512 13169 D AudioProcessing: sseProcess dl audioIO content print-3 [0x0xb40000761bca7fd0] [0x0xb40000761bcabe40] [0x0xb40000761bca5880] sse->pMain is [0x0xb40000772bcb4e80] 
09-07 14:29:25.424   512 13169 D AudioProcessing: sseProcess dl [handle 0xbc83090] ret[0]
09-07 14:29:25.424   512 13169 D AudioProcessing: sseProcess dl AudioBufferSampleCnt[256] type[768] finish..
09-07 14:29:25.425   512 13241 D HarmanHAL: StreamIn::getCapturePositionImpl
09-07 14:29:25.454   512 13241 D HarmanHAL: StreamIn::getCapturePositionImpl
09-07 14:29:25.467   345   345 I Binder:345_2: type=1400 audit(0.0:3077): avc: denied { call } for scontext=u:r:carwatchdogd:s0 tcontext=u:r:hal_audio_default:s0 tclass=binder permissive=1
09-07 14:29:25.474   512   512 E android.hardware.audio@6.0-harman-service: [CXmlParser]: nodeset is empty for xpath: /audioConfiguration/EnableWatchdog
09-07 14:29:25.475   512   512 E android.hardware.audio@6.0-harman-service: [CXmlParser::GetOneEleValue] Xpath object is NULL. XPath: /audioConfiguration/EnableWatchdog
09-07 14:29:25.475   512   512 W HarmanHal: ConfigSettings::GetOneEleValue Error while reading the path /audioConfiguration/EnableWatchdog
09-07 14:29:25.475   512   512 W HarmanHal: ConfigSettings::GetOneEleValue Error in checkifWatchdogTobeEnabled
09-07 14:29:25.475   512   512 I HarmanHal: WatchdogClient::isClientHealthy, Value Of checkifWatchdogTobeEnabled:0
09-07 14:29:25.480   538   618 W ipcLib  : ipcLib: in ipc_lib. DV1 read called
09-07 14:29:25.484   512 13241 D HarmanHAL: StreamIn::getCapturePositionImpl
09-07 14:29:25.584   512 13241 I chatty  : uid=1041(audioserver) reader identical 3 lines
09-07 14:29:25.614   512 13241 D HarmanHAL: StreamIn::getCapturePositionImpl
09-07 14:29:25.644   512 13241 I HarmanHal.Routing: hacs alsa node(pcmTunerIn_c) adtm interval_min:30 ms, inverval_max:40 ms, inverval_mean:31 ms!
09-07 14:29:25.644   512 13241 I HarmanHal.Routing:  in printADTM() PcmAlsaWrapper.cpp:876
09-07 14:29:25.645   512 13241 D HarmanHAL: StreamIn::getCapturePositionImpl
09-07 14:29:25.675   512 13241 D HarmanHAL: StreamIn::getCapturePositionImpl
09-07 14:29:25.706   512 13133 I HarmanHal.Routing: hacs alsa node(pcmMicRefIn_c) adtm interval_min:0 ms, inverval_max:11 ms, inverval_mean:8 ms!
09-07 14:29:25.706   512 13133 I HarmanHal.Routing:  in printADTM() PcmAlsaWrapper.cpp:876
09-07 14:29:25.711   512 13159 I HarmanHal.Routing: hacs alsa node(pcmBtHfp_ul_pro_p) adtm interval_min:2 ms, inverval_max:11 ms, inverval_mean:8 ms!
09-07 14:29:25.711   512 13159 I HarmanHal.Routing:  in printADTM() PcmAlsaWrapper.cpp:876
09-07 14:29:25.715   512 13241 D HarmanHAL: StreamIn::getCapturePositionImpl
09-07 14:29:25.745   512 13241 I chatty  : uid=1041(audioserver) reader identical 1 line
09-07 14:29:25.774   512 13241 D HarmanHAL: StreamIn::getCapturePositionImpl
09-07 14:29:25.795   536   536 I vendor.harman.p: type=1400 audit(0.0:3078): avc: denied { read } for name="2" dev="dm-4" ino=49241 scontext=u:r:pathologyd:s0 tcontext=u:object_r:vendor_data_file:s0 tclass=dir permissive=1
01-01 00:04:28.790     0     0 W audit   : audit_lost=1445 audit_rate_limit=5 audit_backlog_limit=64
01-01 00:04:28.790     0     0 E audit   : rate limit exceeded
09-07 14:29:25.805   512 13241 D HarmanHAL: StreamIn::getCapturePositionImpl
09-07 14:29:25.814   512 13169 I HarmanHal.Routing: hacs alsa node(pcmBtHfp_dl_pre_c) adtm interval_min:0 ms, inverval_max:10 ms, inverval_mean:8 ms!
09-07 14:29:25.814   512 13169 I HarmanHal.Routing:  in printADTM() PcmAlsaWrapper.cpp:876
09-07 14:29:25.815   512 13169 I HarmanHal.Routing: hacs alsa node(pcmHfp_dl_p) adtm interval_min:0 ms, inverval_max:11 ms, inverval_mean:8 ms!
09-07 14:29:25.815   512 13169 I HarmanHal.Routing:  in printADTM() PcmAlsaWrapper.cpp:876
09-07 14:29:25.834   512 13241 D HarmanHAL: StreamIn::getCapturePositionImpl
09-07 14:29:26.064   512 13241 I chatty  : uid=1041(audioserver) reader identical 7 lines
09-07 14:29:26.094   512 13241 D HarmanHAL: StreamIn::getCapturePositionImpl
09-07 14:29:26.095   911  4981 D BufferPoolAccessor2.0: bufferpool2 0xb400007205c6d498 : 2(1048576 size) total buffers - 1(524288 size) used buffers - 3099/3109 (recycle/alloc) - 24/3108 (fetch/transfer)
09-07 14:29:26.124   512 13241 D HarmanHAL: StreamIn::getCapturePositionImpl
09-07 14:29:26.225   512 13241 I chatty  : uid=1041(audioserver) reader identical 3 lines
09-07 14:29:26.254   512 13241 D HarmanHAL: StreamIn::getCapturePositionImpl
09-07 14:29:26.270   532   569 W ipcLib  : ipcLib: in ipc_lib. DV1 read called
09-07 14:29:26.271   532   568 I VPS     : VPS:IOCStatusInfo.VoltageStatus->0 
09-07 14:29:26.271   532   568 I VPS     : VPS:IOCStatusInfo.IOCStatusCmd->a6 
09-07 14:29:26.271   532   568 I VPS     : VPS:IOCStatusInfo.WakeUpReason->0 
09-07 14:29:26.271   532   568 I VPS     : VPS:IOCStatusInfo.DerivedIgnitionStatus->0 
09-07 14:29:26.271   532   568 I VPS     : VPS:IOCStatusInfo.PowerModeState->4 
09-07 14:29:26.271   532   568 I VPS     : VPS:IOCStatusInfo.SOCShutdownRequest->0 
09-07 14:29:26.271   532   568 I VPS     : VPS:IOCStatusInfo.AntiTheftState->0 
09-07 14:29:26.271   532   568 I VPS     : VPS:IOCStatusInfo.BatteryConnect->0 
09-07 14:29:26.280   512  3972 I HarmanHal.Routing: hacs alsa node(pcmMedia_p) adtm interval_min:0 ms, inverval_max:11 ms, inverval_mean:8 ms!
09-07 14:29:26.280   512  3972 I HarmanHal.Routing:  in printADTM() PcmAlsaWrapper.cpp:876
09-07 14:29:26.284   512 13241 D HarmanHAL: StreamIn::getCapturePositionImpl
09-07 14:29:26.444   512 13241 I chatty  : uid=1041(audioserver) reader identical 5 lines
09-07 14:29:26.475   512 13241 D HarmanHAL: StreamIn::getCapturePositionImpl
09-07 14:29:26.478   538   618 W ipcLib  : ipcLib: in ipc_lib. DV1 read called
09-07 14:29:26.514   512 13241 D HarmanHAL: StreamIn::getCapturePositionImpl
09-07 14:29:26.574   512 13241 I chatty  : uid=1041(audioserver) reader identical 2 lines
09-07 14:29:26.604   512 13241 D HarmanHAL: StreamIn::getCapturePositionImpl
09-07 14:29:26.634   512 13241 I HarmanHal.Routing: hacs alsa node(pcmTunerIn_c) adtm interval_min:30 ms, inverval_max:40 ms, inverval_mean:31 ms!
09-07 14:29:26.634   512 13241 I HarmanHal.Routing:  in printADTM() PcmAlsaWrapper.cpp:876
09-07 14:29:26.635   512 13241 D HarmanHAL: StreamIn::getCapturePositionImpl
09-07 14:29:26.675   512 13241 I chatty  : uid=1041(audioserver) reader identical 1 line
09-07 14:29:26.704   512 13241 D HarmanHAL: StreamIn::getCapturePositionImpl
09-07 14:29:26.706   512 13133 I HarmanHal.Routing: hacs alsa node(pcmMicRefIn_c) adtm interval_min:0 ms, inverval_max:11 ms, inverval_mean:8 ms!
09-07 14:29:26.706   512 13133 I HarmanHal.Routing:  in printADTM() PcmAlsaWrapper.cpp:876
09-07 14:29:26.711   512 13159 I HarmanHal.Routing: hacs alsa node(pcmBtHfp_ul_pro_p) adtm interval_min:2 ms, inverval_max:12 ms, inverval_mean:8 ms!
09-07 14:29:26.711   512 13159 I HarmanHal.Routing:  in printADTM() PcmAlsaWrapper.cpp:876
09-07 14:29:26.734   512 13241 D HarmanHAL: StreamIn::getCapturePositionImpl
09-07 14:29:26.765   512 13241 I chatty  : uid=1041(audioserver) reader identical 1 line
09-07 14:29:26.794   512 13241 D HarmanHAL: StreamIn::getCapturePositionImpl
09-07 14:29:26.813   512 13169 I HarmanHal.Routing: hacs alsa node(pcmBtHfp_dl_pre_c) adtm interval_min:0 ms, inverval_max:10 ms, inverval_mean:7 ms!
09-07 14:29:26.813   512 13169 I HarmanHal.Routing:  in printADTM() PcmAlsaWrapper.cpp:876
09-07 14:29:26.814   512 13169 I HarmanHal.Routing: hacs alsa node(pcmHfp_dl_p) adtm interval_min:0 ms, inverval_max:11 ms, inverval_mean:7 ms!
09-07 14:29:26.814   512 13169 I HarmanHal.Routing:  in printADTM() PcmAlsaWrapper.cpp:876
09-07 14:29:26.835   512 13241 D HarmanHAL: StreamIn::getCapturePositionImpl
09-07 14:29:26.865   512 13241 I chatty  : uid=1041(audioserver) reader identical 1 line
09-07 14:29:26.894   512 13241 D HarmanHAL: StreamIn::getCapturePositionImpl
09-07 14:29:26.917   512 13158 D AudioProcessing: sseApply [handle 0xbc80d90][type 512] start..
09-07 14:29:26.918   512 13158 D AudioProcessing: sseProcess ul audioIO content print-1 [256] [2] [4] [1] 
09-07 14:29:26.918   512 13158 D AudioProcessing: sseProcess ul audioIO content print-2 [6] [1] [0x3bcbc5a0] [0x5bc7ede0] 
09-07 14:29:26.918   512 13158 D AudioProcessing: sseProcess ul audioIO content print-3 [0x1bca1320 [0x8bc84110] [0x1bc9f9b0] sse->pMain is [0x2bca4a60] 
09-07 14:29:26.919   512 13158 D AudioProcessing: sseProcess ul [handle 0xbc80d90]  ret[0]
09-07 14:29:26.919   512 13158 D AudioProcessing: sseProcess ul AudioBufferSampleCnt[256] type[512] finish..
09-07 14:29:26.924   512 13241 D HarmanHAL: StreamIn::getCapturePositionImpl
09-07 14:29:26.954   512 13241 I chatty  : uid=1041(audioserver) reader identical 1 line
09-07 14:29:26.994   512 13241 D HarmanHAL: StreamIn::getCapturePositionImpl
09-07 14:29:27.023   512 13169 D AudioProcessing: sseApply [handle 0xbc83090][type 768] start..
09-07 14:29:27.023   512 13169 D AudioProcessing: sseProcess dl audioIO content print-1 [256] [2] [1] [1] 
09-07 14:29:27.023   512 13169 D AudioProcessing: sseProcess dl audioIO content print-2 [1] [1] [0x0xb40000763bcc28d0] [0x0xb40000761bca6b00] 
09-07 14:29:27.023   512 13169 D AudioProcessing: sseProcess dl audioIO content print-3 [0x0xb40000761bca7fd0] [0x0xb40000761bcabe40] [0x0xb40000761bca5880] sse->pMain is [0x0xb40000772bcb4e80] 
09-07 14:29:27.024   512 13169 D AudioProcessing: sseProcess dl [handle 0xbc83090] ret[0]
09-07 14:29:27.024   512 13169 D AudioProcessing: sseProcess dl AudioBufferSampleCnt[256] type[768] finish..
09-07 14:29:27.024   512 13241 D HarmanHAL: StreamIn::getCapturePositionImpl
09-07 14:29:27.245   512 13241 I chatty  : uid=1041(audioserver) reader identical 7 lines
09-07 14:29:27.275   512 13241 D HarmanHAL: StreamIn::getCapturePositionImpl
09-07 14:29:27.280   512  3972 I HarmanHal.Routing: hacs alsa node(pcmMedia_p) adtm interval_min:1 ms, inverval_max:11 ms, inverval_mean:8 ms!
09-07 14:29:27.280   512  3972 I HarmanHal.Routing:  in printADTM() PcmAlsaWrapper.cpp:876
09-07 14:29:27.315   512 13241 D HarmanHAL: StreamIn::getCapturePositionImpl
09-07 14:29:27.435   512 13241 I chatty  : uid=1041(audioserver) reader identical 4 lines
09-07 14:29:27.475   512 13241 D HarmanHAL: StreamIn::getCapturePositionImpl
09-07 14:29:27.478   538   618 W ipcLib  : ipcLib: in ipc_lib. DV1 read called
09-07 14:29:27.504   512 13241 D HarmanHAL: StreamIn::getCapturePositionImpl
09-07 14:29:27.564   512 13241 I chatty  : uid=1041(audioserver) reader identical 2 lines
09-07 14:29:27.594   512 13241 D HarmanHAL: StreamIn::getCapturePositionImpl
09-07 14:29:27.634   512 13241 I HarmanHal.Routing: hacs alsa node(pcmTunerIn_c) adtm interval_min:29 ms, inverval_max:41 ms, inverval_mean:32 ms!
09-07 14:29:27.634   512 13241 I HarmanHal.Routing:  in printADTM() PcmAlsaWrapper.cpp:876
09-07 14:29:27.635   512 13241 D HarmanHAL: StreamIn::getCapturePositionImpl
09-07 14:29:27.664   512 13241 I chatty  : uid=1041(audioserver) reader identical 1 line
09-07 14:29:27.694   512 13241 D HarmanHAL: StreamIn::getCapturePositionImpl
09-07 14:29:27.706   512 13133 I HarmanHal.Routing: hacs alsa node(pcmMicRefIn_c) adtm interval_min:0 ms, inverval_max:12 ms, inverval_mean:8 ms!
09-07 14:29:27.706   512 13133 I HarmanHal.Routing:  in printADTM() PcmAlsaWrapper.cpp:876
09-07 14:29:27.711   512 13159 I HarmanHal.Routing: hacs alsa node(pcmBtHfp_ul_pro_p) adtm interval_min:2 ms, inverval_max:12 ms, inverval_mean:8 ms!
09-07 14:29:27.711   512 13159 I HarmanHal.Routing:  in printADTM() PcmAlsaWrapper.cpp:876
09-07 14:29:27.724   512 13241 D HarmanHAL: StreamIn::getCapturePositionImpl
09-07 14:29:27.755   512 13241 I chatty  : uid=1041(audioserver) reader identical 1 line
09-07 14:29:27.795   512 13241 D HarmanHAL: StreamIn::getCapturePositionImpl
09-07 14:29:27.814   512 13169 I HarmanHal.Routing: hacs alsa node(pcmBtHfp_dl_pre_c) adtm interval_min:0 ms, inverval_max:11 ms, inverval_mean:8 ms!
09-07 14:29:27.814   512 13169 I HarmanHal.Routing:  in printADTM() PcmAlsaWrapper.cpp:876
09-07 14:29:27.814   512 13169 I HarmanHal.Routing: hacs alsa node(pcmHfp_dl_p) adtm interval_min:0 ms, inverval_max:11 ms, inverval_mean:8 ms!
09-07 14:29:27.814   512 13169 I HarmanHal.Routing:  in printADTM() PcmAlsaWrapper.cpp:876
09-07 14:29:27.825   512 13241 D HarmanHAL: StreamIn::getCapturePositionImpl
09-07 14:29:28.235   512 13241 I chatty  : uid=1041(audioserver) reader identical 13 lines
09-07 14:29:28.275   512 13241 D HarmanHAL: StreamIn::getCapturePositionImpl
09-07 14:29:28.280   512  3972 I HarmanHal.Routing: hacs alsa node(pcmMedia_p) adtm interval_min:0 ms, inverval_max:11 ms, inverval_mean:8 ms!
09-07 14:29:28.280   512  3972 I HarmanHal.Routing:  in printADTM() PcmAlsaWrapper.cpp:876
09-07 14:29:28.304   512 13241 D HarmanHAL: StreamIn::getCapturePositionImpl
09-07 14:29:28.334   512 13241 I chatty  : uid=1041(audioserver) reader identical 1 line
09-07 14:29:28.364   512 13241 D HarmanHAL: StreamIn::getCapturePositionImpl
09-07 14:29:28.370   532   569 W ipcLib  : ipcLib: in ipc_lib. DV1 read called
09-07 14:29:28.371   532   568 I VPS     : VPS:IOCStatusInfo.VoltageStatus->0 
09-07 14:29:28.371   532   568 I VPS     : VPS:IOCStatusInfo.IOCStatusCmd->a6 
09-07 14:29:28.371   532   568 I VPS     : VPS:IOCStatusInfo.WakeUpReason->0 
09-07 14:29:28.371   532   568 I VPS     : VPS:IOCStatusInfo.DerivedIgnitionStatus->0 
09-07 14:29:28.371   532   568 I VPS     : VPS:IOCStatusInfo.PowerModeState->4 
09-07 14:29:28.371   532   568 I VPS     : VPS:IOCStatusInfo.SOCShutdownRequest->0 
09-07 14:29:28.371   532   568 I VPS     : VPS:IOCStatusInfo.AntiTheftState->0 
09-07 14:29:28.371   532   568 I VPS     : VPS:IOCStatusInfo.BatteryConnect->0 
09-07 14:29:28.394   512 13241 D HarmanHAL: StreamIn::getCapturePositionImpl
09-07 14:29:28.435   512 13241 I chatty  : uid=1041(audioserver) reader identical 1 line
09-07 14:29:28.465   512 13241 D HarmanHAL: StreamIn::getCapturePositionImpl
09-07 14:29:28.478   538   618 W ipcLib  : ipcLib: in ipc_lib. DV1 read called
09-07 14:29:28.495   512 13241 D HarmanHAL: StreamIn::getCapturePositionImpl
09-07 14:29:28.518   512 13158 D AudioProcessing: sseApply [handle 0xbc80d90][type 512] start..
09-07 14:29:28.518   512 13158 D AudioProcessing: sseProcess ul audioIO content print-1 [256] [2] [4] [1] 
09-07 14:29:28.518   512 13158 D AudioProcessing: sseProcess ul audioIO content print-2 [6] [1] [0x3bcbc5a0] [0x5bc7ede0] 
09-07 14:29:28.518   512 13158 D AudioProcessing: sseProcess ul audioIO content print-3 [0x1bca1320 [0x8bc84110] [0x1bc9f9b0] sse->pMain is [0x2bca4a60] 
09-07 14:29:28.519   512 13158 D AudioProcessing: sseProcess ul [handle 0xbc80d90]  ret[0]
09-07 14:29:28.519   512 13158 D AudioProcessing: sseProcess ul AudioBufferSampleCnt[256] type[512] finish..
09-07 14:29:28.524   512 13241 D HarmanHAL: StreamIn::getCapturePositionImpl
09-07 14:29:28.555   512 13241 I chatty  : uid=1041(audioserver) reader identical 1 line
09-07 14:29:28.595   512 13241 D HarmanHAL: StreamIn::getCapturePositionImpl
09-07 14:29:28.623   512 13169 D AudioProcessing: sseApply [handle 0xbc83090][type 768] start..
09-07 14:29:28.623   512 13169 D AudioProcessing: sseProcess dl audioIO content print-1 [256] [2] [1] [1] 
09-07 14:29:28.623   512 13169 D AudioProcessing: sseProcess dl audioIO content print-2 [1] [1] [0x0xb40000763bcc28d0] [0x0xb40000761bca6b00] 
09-07 14:29:28.623   512 13169 D AudioProcessing: sseProcess dl audioIO content print-3 [0x0xb40000761bca7fd0] [0x0xb40000761bcabe40] [0x0xb40000761bca5880] sse->pMain is [0x0xb40000772bcb4e80] 
09-07 14:29:28.624   512 13169 D AudioProcessing: sseProcess dl [handle 0xbc83090] ret[0]
09-07 14:29:28.624   512 13169 D AudioProcessing: sseProcess dl AudioBufferSampleCnt[256] type[768] finish..
09-07 14:29:28.624   512 13241 I HarmanHal.Routing: hacs alsa node(pcmTunerIn_c) adtm interval_min:30 ms, inverval_max:40 ms, inverval_mean:31 ms!
09-07 14:29:28.624   512 13241 I HarmanHal.Routing:  in printADTM() PcmAlsaWrapper.cpp:876
09-07 14:29:28.625   512 13241 D HarmanHAL: StreamIn::getCapturePositionImpl
09-07 14:29:28.654   512 13241 I chatty  : uid=1041(audioserver) reader identical 1 line
09-07 14:29:28.684   512 13241 D HarmanHAL: StreamIn::getCapturePositionImpl
09-07 14:29:28.706   512 13133 I HarmanHal.Routing: hacs alsa node(pcmMicRefIn_c) adtm interval_min:0 ms, inverval_max:12 ms, inverval_mean:8 ms!
09-07 14:29:28.706   512 13133 I HarmanHal.Routing:  in printADTM() PcmAlsaWrapper.cpp:876
09-07 14:29:28.711   512 13159 I HarmanHal.Routing: hacs alsa node(pcmBtHfp_ul_pro_p) adtm interval_min:2 ms, inverval_max:12 ms, inverval_mean:8 ms!
09-07 14:29:28.711   512 13159 I HarmanHal.Routing:  in printADTM() PcmAlsaWrapper.cpp:876
09-07 14:29:28.715   512 13241 D HarmanHAL: StreamIn::getCapturePositionImpl
09-07 14:29:28.755   512 13241 I chatty  : uid=1041(audioserver) reader identical 1 line
09-07 14:29:28.785   512 13241 D HarmanHAL: StreamIn::getCapturePositionImpl
09-07 14:29:28.813   512 13169 I HarmanHal.Routing: hacs alsa node(pcmBtHfp_dl_pre_c) adtm interval_min:0 ms, inverval_max:11 ms, inverval_mean:7 ms!
09-07 14:29:28.813   512 13169 I HarmanHal.Routing:  in printADTM() PcmAlsaWrapper.cpp:876
09-07 14:29:28.814   512 13241 D HarmanHAL: StreamIn::getCapturePositionImpl
09-07 14:29:28.815   512 13169 I HarmanHal.Routing: hacs alsa node(pcmHfp_dl_p) adtm interval_min:0 ms, inverval_max:11 ms, inverval_mean:8 ms!
09-07 14:29:28.815   512 13169 I HarmanHal.Routing:  in printADTM() PcmAlsaWrapper.cpp:876
09-07 14:29:28.844   512 13241 D HarmanHAL: StreamIn::getCapturePositionImpl
09-07 14:29:28.945   512 13241 I chatty  : uid=1041(audioserver) reader identical 3 lines
09-07 14:29:28.974   512 13241 D HarmanHAL: StreamIn::getCapturePositionImpl
09-07 14:29:29.000   532   569 I VPS     : VPS:VehiclePlatformSOCHeartBeatHandler IVI HeartBeat sent successfully SOCHeartBeatInfo.SOCStatus->2
09-07 14:29:29.001   532   569 W ipcLib  : ipcLib: in ipc_lib. DV1 write called
09-07 14:29:29.002   532   569 W ipcLib  : ipcLib: in ipc_lib. DV1 read called
09-07 14:29:29.005   512 13241 D HarmanHAL: StreamIn::getCapturePositionImpl
01-01 00:04:32.047     0     0 I init    : starting service 'qccsyshalservice'...
01-01 00:04:32.054     0     0 I init    : starting service 'vendor.sensors-hal-1-0'...
01-01 00:04:32.065     0     0 I init    : starting service 'LogManager'...
09-07 14:29:29.034   512 13241 I chatty  : uid=1041(audioserver) reader identical 1 line
09-07 14:29:29.075   512 13241 D HarmanHAL: StreamIn::getCapturePositionImpl
09-07 14:29:29.083 15966 15966 I qccsyshalservice: Start with system binder
09-07 14:29:29.084 15966 15966 I qccsyshalservice: Registering qccsyshal service...
09-07 14:29:29.084   376   376 I hwservicemanager: getTransport: Cannot find entry vendor.qti.hardware.qccsyshal@1.0::IQccsyshal/qccsyshal in either framework or device manifest.
09-07 14:29:29.086 15966 15966 E HidlServiceManagement: Service vendor.qti.hardware.qccsyshal@1.0::IQccsyshal/qccsyshal must be in VINTF manifest in order to register/get.
09-07 14:29:29.086 15966 15966 E qccsyshalservice: [ERROR] registerAsService() failed with status: -2147483648
01-01 00:04:32.077     0     0 I init    : Service 'qccsyshalservice' (pid 15966) exited with status 1
01-01 00:04:32.077     0     0 I init    : Sending signal 9 to service 'qccsyshalservice' (pid 15966) process group...
01-01 00:04:32.077     0     0 I libprocessgroup: Successfully killed process cgroup uid 1000 pid 15966 in 0ms
09-07 14:29:29.097   376   376 I hwservicemanager: getTransport: Cannot find entry android.hardware.sensors@1.0::ISensors/default in either framework or device manifest.
09-07 14:29:29.099 15967 15967 E android.hardware.sensors@1.0-service: Couldn't load sensors module (Unknown error -2147483648)
09-07 14:29:29.099 15967 15967 D RefBase : RefBase: Explicit destruction, weak count = 0 (in 0xb400007c16283838)
09-07 14:29:29.099 15967 15967 W RefBase : CallStack::getCurrentInternal not linked, returning null
09-07 14:29:29.099 15967 15967 W RefBase : CallStack::logStackInternal not linked
09-07 14:29:29.100 15967 15967 E LegacySupport: Could not get passthrough implementation for android.hardware.sensors@1.0::ISensors/default.
09-07 14:29:29.104   512 13241 D HarmanHAL: StreamIn::getCapturePositionImpl
01-01 00:04:32.096     0     0 I init    : Service 'vendor.sensors-hal-1-0' (pid 15967) exited with status 1
01-01 00:04:32.096     0     0 I init    : Sending signal 9 to service 'vendor.sensors-hal-1-0' (pid 15967) process group...
01-01 00:04:32.097     0     0 I libprocessgroup: Successfully killed process cgroup uid 1000 pid 15967 in 0ms
09-07 14:29:29.112 15968 15968 D LOGMANAGER: LOGMANAGER HAL service init() start
09-07 14:29:29.113 15968 15968 D LOGMANAGER: Logmanager configured rpcthreadpool
09-07 14:29:29.107 15968 15968 I vendor.harman.L: type=1400 audit(0.0:3080): avc: denied { read } for name="u:object_r:hwservicemanager_prop:s0" dev="tmpfs" ino=24519 scontext=u:r:logmanagerd:s0 tcontext=u:object_r:hwservicemanager_prop:s0 tclass=file permissive=1
09-07 14:29:29.107 15968 15968 I vendor.harman.L: type=1400 audit(0.0:3081): avc: denied { open } for path="/dev/__properties__/u:object_r:hwservicemanager_prop:s0" dev="tmpfs" ino=24519 scontext=u:r:logmanagerd:s0 tcontext=u:object_r:hwservicemanager_prop:s0 tclass=file permissive=1
09-07 14:29:29.107 15968 15968 I vendor.harman.L: type=1400 audit(0.0:3082): avc: denied { getattr } for path="/dev/__properties__/u:object_r:hwservicemanager_prop:s0" dev="tmpfs" ino=24519 scontext=u:r:logmanagerd:s0 tcontext=u:object_r:hwservicemanager_prop:s0 tclass=file permissive=1
09-07 14:29:29.116 15968 15968 I HidlServiceManagement: Registered vendor.harman.hardware.LogManager@1.0::ILogManager/default
09-07 14:29:29.116 15968 15968 D LOGMANAGER: Logmanager HAL Service is registered and ready
09-07 14:29:29.116 15968 15968 I LOGMANAGER: ThreadPoolWrapper::initThreadPool
09-07 14:29:29.107 15968 15968 I vendor.harman.L: type=1400 audit(0.0:3083): avc: denied { map } for path="/dev/__properties__/u:object_r:hwservicemanager_prop:s0" dev="tmpfs" ino=24519 scontext=u:r:logmanagerd:s0 tcontext=u:object_r:hwservicemanager_prop:s0 tclass=file permissive=1
09-07 14:29:29.116 15968 15968 I LOGMANAGER: ThreadPoolWrapper : exit
09-07 14:29:29.116 15968 15968 D LOGMANAGER: Logmanager threadpoolwrapper created
09-07 14:29:29.117 15968 15968 D LOGMANAGER: User argument is -c
09-07 14:29:29.117 15968 15972 I LOGMANAGER: ThreadPoolWrapper:  enter the joinRpcThreadpool()
09-07 14:29:29.117 15968 15968 I LOGMANAGER: LogmanagerConfig is configured under config file
09-07 14:29:29.117 15968 15968 I LOGMANAGER: LoggingLevel is : 4
09-07 14:29:29.117 15968 15968 I LOGMANAGER: LogEnableState is : 0
09-07 14:29:29.117 15968 15968 I LOGMANAGER: OutputPluginConfiguration PluginType : LOGWRITTER
01-01 00:04:32.107     0     0 W audit   : audit_lost=1446 audit_rate_limit=5 audit_backlog_limit=64
09-07 14:29:29.117 15968 15968 I LOGMANAGER: LM_OutputConfiguration : 1
09-07 14:29:29.117 15968 15968 I LOGMANAGER: LM_OfflineTraceDirectory : /data/cache
09-07 14:29:29.117 15968 15968 I LOGMANAGER: LM_OfflineTraceFILESize : 1000000
09-07 14:29:29.117 15968 15968 I LOGMANAGER: LM_OfflineTotalFILESSize : 20000000
01-01 00:04:32.107     0     0 E audit   : rate limit exceeded
09-07 14:29:29.117 15968 15968 I LOGMANAGER: LM_FileNameTimeStampBased : 0
09-07 14:29:29.117 15968 15968 I LOGMANAGER: Got IOC plugin
09-07 14:29:29.117 15968 15968 I LOGMANAGER: IOCIPCChannelNumber :6
09-07 14:29:29.117 15968 15968 I LOGMANAGER: keyseq: HOME + VOLUMEDOWN  for domain is AudioDump
09-07 14:29:29.117 15968 15968 I LOGMANAGER: keyseq: HOME + VOLUMEUP  for domain is HCIDump
09-07 14:29:29.117 15968 15968 I LOGMANAGER: Domains parsing is done
09-07 14:29:29.111 15968 15968 I vendor.harman.L: type=1400 audit(0.0:3084): avc: denied { dac_read_search } for capability=2 scontext=u:r:logmanagerd:s0 tcontext=u:r:logmanagerd:s0 tclass=capability permissive=1
09-07 14:29:29.123 15968 15968 E LOGMANAGER: Failed to load plugin /vendor/lib64/libIOCDLogReader.so with error code dlopen failed: library "/vendor/lib64/libIOCDLogReader.so" not found 
09-07 14:29:29.123 15968 15968 F libc    : Fatal signal 11 (SIGSEGV), code 1 (SEGV_MAPERR), fault addr 0x0 in tid 15968 (vendor.harman.L), pid 15968 (vendor.harman.L)
09-07 14:29:29.134   512 13241 D HarmanHAL: StreamIn::getCapturePositionImpl
09-07 14:29:29.151 15975 15975 I crash_dump64: obtaining output fd from tombstoned, type: kDebuggerdTombstone
09-07 14:29:29.152   463   463 I tombstoned: received crash request for pid 15968
09-07 14:29:29.153 15975 15975 I crash_dump64: performing dump of process 15968 (target tid = 15968)
09-07 14:29:29.156 15975 15975 F DEBUG   : *** *** *** *** *** *** *** *** *** *** *** *** *** *** *** ***
09-07 14:29:29.156 15975 15975 F DEBUG   : Build fingerprint: 'qti/titan_tml_b2/titan_tml_b2:11/RQ3A.210605.005/eng.ksong.20210907.134230:userdebug/test-keys'
09-07 14:29:29.156 15975 15975 F DEBUG   : Revision: '0'
09-07 14:29:29.157 15975 15975 F DEBUG   : ABI: 'arm64'
09-07 14:29:29.158 15975 15975 F DEBUG   : Timestamp: 2021-09-07 14:29:29+0000
09-07 14:29:29.158 15975 15975 F DEBUG   : pid: 15968, tid: 15968, name: vendor.harman.L  >>> /vendor/bin/hw/vendor.harman.LogManager@1.0-service <<<
09-07 14:29:29.158 15975 15975 F DEBUG   : uid: 0
09-07 14:29:29.158 15975 15975 F DEBUG   : signal 11 (SIGSEGV), code 1 (SEGV_MAPERR), fault addr 0x0
09-07 14:29:29.158 15975 15975 F DEBUG   : Cause: null pointer dereference
09-07 14:29:29.158 15975 15975 F DEBUG   :     x0  0000000000000000  x1  0000000000000000  x2  0000000000080001  x3  0000000000000000
09-07 14:29:29.158 15975 15975 F DEBUG   :     x4  0000000000000000  x5  0000000000000090  x6  fefefefefefefeff  x7  7f7f7f7f7f7f7f7f
09-07 14:29:29.158 15975 15975 F DEBUG   :     x8  0101010101010101  x9  1edf95a011d5eb24  x10 0000007fe97d6b58  x11 fffffffffffffffd
09-07 14:29:29.158 15975 15975 F DEBUG   :     x12 0000007fe97d6ce0  x13 000000000000008e  x14 0007270d9f714000  x15 0000000034155555
09-07 14:29:29.159 15975 15975 F DEBUG   :     x16 00000061d41067e0  x17 0000007585adab30  x18 00000075870b8000  x19 0000000000000000
09-07 14:29:29.159 15975 15975 F DEBUG   :     x20 0000007585caec50  x21 0000007fe97d73f9  x22 b4000074856258b8  x23 0000007fe97d7418
09-07 14:29:29.159 15975 15975 F DEBUG   :     x24 0000000000000000  x25 0000007586296000  x26 0000007fe97d73f9  x27 0000007fe97d73c9
09-07 14:29:29.159 15975 15975 F DEBUG   :     x28 0000000000000000  x29 0000007fe97d7300
09-07 14:29:29.159 15975 15975 F DEBUG   :     lr  00000061d40fd048  sp  0000007fe97d7300  pc  0000007585adab40  pst 0000000080000000
09-07 14:29:29.163 15975 15975 F DEBUG   : backtrace:
09-07 14:29:29.163 15975 15975 F DEBUG   :       #00 pc 000000000004ab40  /apex/com.android.runtime/lib64/bionic/libc.so (strlen_default+16) (BuildId: 2b7c6e33413ac7278a15dfc3ea383089)
09-07 14:29:29.163 15975 15975 F DEBUG   :       #01 pc 0000000000009044  /vendor/bin/hw/vendor.harman.LogManager@1.0-service (BuildId: 3e966ab64050b441b920ba0e8960d123)
09-07 14:29:29.164 15975 15975 F DEBUG   :       #02 pc 0000000000008df0  /vendor/bin/hw/vendor.harman.LogManager@1.0-service (LM::LogManagerImpl::load_plugin_conf(void*, std::__1::basic_string<char, std::__1::char_traits<char>, std::__1::allocator<char> >, std::__1::multimap<std::__1::basic_string<char, std::__1::char_traits<char>, std::__1::allocator<char> >, int, std::__1::less<std::__1::basic_string<char, std::__1::char_traits<char>, std::__1::allocator<char> > >, std::__1::allocator<std::__1::pair<std::__1::basic_string<char, std::__1::char_traits<char>, std::__1::allocator<char> > const, int> > >&)+752) (BuildId: 3e966ab64050b441b920ba0e8960d123)
09-07 14:29:29.164 15975 15975 F DEBUG   :       #03 pc 00000000000088c0  /vendor/bin/hw/vendor.harman.LogManager@1.0-service (LM::LogManagerImpl::loadplugins()+436) (BuildId: 3e966ab64050b441b920ba0e8960d123)
09-07 14:29:29.164 15975 15975 F DEBUG   :       #04 pc 0000000000007af8  /vendor/bin/hw/vendor.harman.LogManager@1.0-service (main+1112) (BuildId: 3e966ab64050b441b920ba0e8960d123)
09-07 14:29:29.164 15975 15975 F DEBUG   :       #05 pc 000000000004988c  /apex/com.android.runtime/lib64/bionic/libc.so (__libc_init+108) (BuildId: 2b7c6e33413ac7278a15dfc3ea383089)
09-07 14:29:29.164   512 13241 D HarmanHAL: StreamIn::getCapturePositionImpl
01-01 00:04:32.180     0     0 D logd    : logdr: UID=0 GID=1000 PID=15975 n tail=50 logMask=8 pid=15968 start=0ns timeout=0ns
01-01 00:04:32.189     0     0 D logd    : logdr: UID=0 GID=1000 PID=15975 n tail=50 logMask=1 pid=15968 start=0ns timeout=0ns
01-01 00:04:32.212     0     0 D logd    : logdr: UID=0 GID=1000 PID=15975 n tail=0 logMask=8 pid=15968 start=0ns timeout=0ns
01-01 00:04:32.221     0     0 D logd    : logdr: UID=0 GID=1000 PID=15975 n tail=0 logMask=1 pid=15968 start=0ns timeout=0ns
09-07 14:29:29.242  1033  1270 W NativeCrashListener: Couldn't find ProcessRecord for pid 15968
09-07 14:29:29.194   512 13241 I chatty  : uid=1041(audioserver) reader identical 1 line
09-07 14:29:29.235   512 13241 D HarmanHAL: StreamIn::getCapturePositionImpl
09-07 14:29:29.242 15975 15975 E crash_dump64: AM data write failed: Broken pipe
09-07 14:29:29.243   463   463 E tombstoned: Tombstone written to: /data/tombstones/tombstone_20
01-01 00:04:32.234     0     0 I init    : Untracked pid 15975 exited with status 0
09-07 14:29:29.251  1033  1095 I BootReceiver: Copying /data/tombstones/tombstone_20 to DropBox (SYSTEM_TOMBSTONE)
09-07 14:29:29.254  1033  1095 I DropBoxManagerService: add tag=SYSTEM_TOMBSTONE isTagEnabled=true flags=0x2
09-07 14:29:29.264   512 13241 D HarmanHAL: StreamIn::getCapturePositionImpl
09-07 14:29:29.280   512  3972 I HarmanHal.Routing: hacs alsa node(pcmMedia_p) adtm interval_min:0 ms, inverval_max:12 ms, inverval_mean:8 ms!
09-07 14:29:29.280   512  3972 I HarmanHal.Routing:  in printADTM() PcmAlsaWrapper.cpp:876
09-07 14:29:29.294   512 13241 D HarmanHAL: StreamIn::getCapturePositionImpl
09-07 14:29:29.424   512 13241 I chatty  : uid=1041(audioserver) reader identical 4 lines
09-07 14:29:29.454   512 13241 D HarmanHAL: StreamIn::getCapturePositionImpl
09-07 14:29:29.479   538   618 W ipcLib  : ipcLib: in ipc_lib. DV1 read called
09-07 14:29:29.484   512 13241 D HarmanHAL: StreamIn::getCapturePositionImpl
09-07 14:29:29.554   512 13241 I chatty  : uid=1041(audioserver) reader identical 2 lines
09-07 14:29:29.585   512 13241 D HarmanHAL: StreamIn::getCapturePositionImpl
09-07 14:29:29.615   512 13241 I HarmanHal.Routing: hacs alsa node(pcmTunerIn_c) adtm interval_min:30 ms, inverval_max:40 ms, inverval_mean:31 ms!
09-07 14:29:29.615   512 13241 I HarmanHal.Routing:  in printADTM() PcmAlsaWrapper.cpp:876
09-07 14:29:29.615   512 13241 D HarmanHAL: StreamIn::getCapturePositionImpl
09-07 14:29:29.645   512 13241 I chatty  : uid=1041(audioserver) reader identical 1 line
09-07 14:29:29.674   512 13241 D HarmanHAL: StreamIn::getCapturePositionImpl
09-07 14:29:29.706   512 13133 I HarmanHal.Routing: hacs alsa node(pcmMicRefIn_c) adtm interval_min:0 ms, inverval_max:11 ms, inverval_mean:8 ms!
09-07 14:29:29.706   512 13133 I HarmanHal.Routing:  in printADTM() PcmAlsaWrapper.cpp:876
09-07 14:29:29.711   512 13159 I HarmanHal.Routing: hacs alsa node(pcmBtHfp_ul_pro_p) adtm interval_min:2 ms, inverval_max:12 ms, inverval_mean:8 ms!
09-07 14:29:29.711   512 13159 I HarmanHal.Routing:  in printADTM() PcmAlsaWrapper.cpp:876
09-07 14:29:29.715   512 13241 D HarmanHAL: StreamIn::getCapturePositionImpl
09-07 14:29:29.745   536   612 E pathology: [ProcessCrashHandler:: parseTombstoneFileName]string not found
09-07 14:29:29.745   512 13241 D HarmanHAL: StreamIn::getCapturePositionImpl
09-07 14:29:29.745   536   612 E pathology: [ProcessCrashHandler:: parseTombstoneFileName]string not found
09-07 14:29:29.745   536   612 I chatty  : uid=0(root) vendor.harman.p identical 3 lines
09-07 14:29:29.745   536   612 E pathology: [ProcessCrashHandler:: parseTombstoneFileName]string not found
09-07 14:29:29.774   512 13241 D HarmanHAL: StreamIn::getCapturePositionImpl
09-07 14:29:29.805   512 13241 D HarmanHAL: StreamIn::getCapturePositionImpl
09-07 14:29:29.814   512 13169 I HarmanHal.Routing: hacs alsa node(pcmBtHfp_dl_pre_c) adtm interval_min:0 ms, inverval_max:11 ms, inverval_mean:8 ms!
09-07 14:29:29.814   512 13169 I HarmanHal.Routing:  in printADTM() PcmAlsaWrapper.cpp:876
09-07 14:29:29.814   512 13169 I HarmanHal.Routing: hacs alsa node(pcmHfp_dl_p) adtm interval_min:0 ms, inverval_max:12 ms, inverval_mean:7 ms!
09-07 14:29:29.814   512 13169 I HarmanHal.Routing:  in printADTM() PcmAlsaWrapper.cpp:876
09-07 14:29:29.834   512 13241 D HarmanHAL: StreamIn::getCapturePositionImpl
09-07 14:29:30.064   512 13241 I chatty  : uid=1041(audioserver) reader identical 7 lines
09-07 14:29:30.094   512 13241 D HarmanHAL: StreamIn::getCapturePositionImpl
09-07 14:29:30.118   512 13158 D AudioProcessing: sseApply [handle 0xbc80d90][type 512] start..
09-07 14:29:30.118   512 13158 D AudioProcessing: sseProcess ul audioIO content print-1 [256] [2] [4] [1] 
09-07 14:29:30.118   512 13158 D AudioProcessing: sseProcess ul audioIO content print-2 [6] [1] [0x3bcbc5a0] [0x5bc7ede0] 
09-07 14:29:30.118   512 13158 D AudioProcessing: sseProcess ul audioIO content print-3 [0x1bca1320 [0x8bc84110] [0x1bc9f9b0] sse->pMain is [0x2bca4a60] 
09-07 14:29:30.119   512 13158 D AudioProcessing: sseProcess ul [handle 0xbc80d90]  ret[0]
09-07 14:29:30.119   512 13158 D AudioProcessing: sseProcess ul AudioBufferSampleCnt[256] type[512] finish..
09-07 14:29:30.124   512 13241 D HarmanHAL: StreamIn::getCapturePositionImpl
09-07 14:29:30.154   512 13241 D HarmanHAL: StreamIn::getCapturePositionImpl
09-07 14:29:30.175   536   536 I vendor.harman.p: type=1400 audit(0.0:3110): avc: denied { write } for name="2" dev="dm-4" ino=49241 scontext=u:r:pathologyd:s0 tcontext=u:object_r:vendor_data_file:s0 tclass=dir permissive=1
09-07 14:29:30.175   536   536 I vendor.harman.p: type=1400 audit(0.0:3111): avc: denied { add_name } for name="PROCCRASH_PF_1631024969.lz4" scontext=u:r:pathologyd:s0 tcontext=u:object_r:vendor_data_file:s0 tclass=dir permissive=1
09-07 14:29:30.175   536   536 I vendor.harman.p: type=1400 audit(0.0:3112): avc: denied { create } for name="PROCCRASH_PF_1631024969.lz4" scontext=u:r:pathologyd:s0 tcontext=u:object_r:vendor_data_file:s0 tclass=file permissive=1
09-07 14:29:30.194   512 13241 D HarmanHAL: StreamIn::getCapturePositionImpl
09-07 14:29:30.223   512 13169 D AudioProcessing: sseApply [handle 0xbc83090][type 768] start..
09-07 14:29:30.223   512 13169 D AudioProcessing: sseProcess dl audioIO content print-1 [256] [2] [1] [1] 
09-07 14:29:30.223   512 13169 D AudioProcessing: sseProcess dl audioIO content print-2 [1] [1] [0x0xb40000763bcc28d0] [0x0xb40000761bca6b00] 
09-07 14:29:30.223   512 13169 D AudioProcessing: sseProcess dl audioIO content print-3 [0x0xb40000761bca7fd0] [0x0xb40000761bcabe40] [0x0xb40000761bca5880] sse->pMain is [0x0xb40000772bcb4e80] 
09-07 14:29:30.224   512 13169 D AudioProcessing: sseProcess dl [handle 0xbc83090] ret[0]
09-07 14:29:30.224   512 13169 D AudioProcessing: sseProcess dl AudioBufferSampleCnt[256] type[768] finish..
09-07 14:29:30.224   512 13241 D HarmanHAL: StreamIn::getCapturePositionImpl
09-07 14:29:30.254   512 13241 D HarmanHAL: StreamIn::getCapturePositionImpl
09-07 14:29:30.280   512  3972 I HarmanHal.Routing: hacs alsa node(pcmMedia_p) adtm interval_min:1 ms, inverval_max:11 ms, inverval_mean:8 ms!
09-07 14:29:30.280   512  3972 I HarmanHal.Routing:  in printADTM() PcmAlsaWrapper.cpp:876
09-07 14:29:30.284   512 13241 D HarmanHAL: StreamIn::getCapturePositionImpl
09-07 14:29:30.414   512 13241 I chatty  : uid=1041(audioserver) reader identical 4 lines
09-07 14:29:30.445   512 13241 D HarmanHAL: StreamIn::getCapturePositionImpl
09-07 14:29:30.470   532   569 W ipcLib  : ipcLib: in ipc_lib. DV1 read called
09-07 14:29:30.471   532   568 I VPS     : VPS:IOCStatusInfo.VoltageStatus->0 
09-07 14:29:30.471   532   568 I VPS     : VPS:IOCStatusInfo.IOCStatusCmd->a6 
09-07 14:29:30.471   532   568 I VPS     : VPS:IOCStatusInfo.WakeUpReason->0 
09-07 14:29:30.471   532   568 I VPS     : VPS:IOCStatusInfo.DerivedIgnitionStatus->0 
09-07 14:29:30.471   532   568 I VPS     : VPS:IOCStatusInfo.PowerModeState->4 
09-07 14:29:30.471   532   568 I VPS     : VPS:IOCStatusInfo.SOCShutdownRequest->0 
09-07 14:29:30.471   532   568 I VPS     : VPS:IOCStatusInfo.AntiTheftState->0 
09-07 14:29:30.471   532   568 I VPS     : VPS:IOCStatusInfo.BatteryConnect->0 
09-07 14:29:30.474   512 13241 D HarmanHAL: StreamIn::getCapturePositionImpl
09-07 14:29:30.478   538   618 W ipcLib  : ipcLib: in ipc_lib. DV1 read called
09-07 14:29:30.514   512 13241 D HarmanHAL: StreamIn::getCapturePositionImpl
09-07 14:29:30.545   512 13241 I chatty  : uid=1041(audioserver) reader identical 1 line
09-07 14:29:30.575   512 13241 D HarmanHAL: StreamIn::getCapturePositionImpl
09-07 14:29:30.604   512 13241 I HarmanHal.Routing: hacs alsa node(pcmTunerIn_c) adtm interval_min:29 ms, inverval_max:41 ms, inverval_mean:31 ms!
09-07 14:29:30.604   512 13241 I HarmanHal.Routing:  in printADTM() PcmAlsaWrapper.cpp:876
09-07 14:29:30.605   512 13241 D HarmanHAL: StreamIn::getCapturePositionImpl
09-07 14:29:30.675   512 13241 I chatty  : uid=1041(audioserver) reader identical 2 lines
09-07 14:29:30.705   512 13241 D HarmanHAL: StreamIn::getCapturePositionImpl
09-07 14:29:30.706   512 13133 I HarmanHal.Routing: hacs alsa node(pcmMicRefIn_c) adtm interval_min:0 ms, inverval_max:11 ms, inverval_mean:8 ms!
09-07 14:29:30.706   512 13133 I HarmanHal.Routing:  in printADTM() PcmAlsaWrapper.cpp:876
09-07 14:29:30.711   512 13159 I HarmanHal.Routing: hacs alsa node(pcmBtHfp_ul_pro_p) adtm interval_min:2 ms, inverval_max:12 ms, inverval_mean:8 ms!
09-07 14:29:30.711   512 13159 I HarmanHal.Routing:  in printADTM() PcmAlsaWrapper.cpp:876
09-07 14:29:30.734   512 13241 D HarmanHAL: StreamIn::getCapturePositionImpl
09-07 14:29:30.764   512 13241 I chatty  : uid=1041(audioserver) reader identical 1 line
09-07 14:29:30.795   512 13241 D HarmanHAL: StreamIn::getCapturePositionImpl
09-07 14:29:30.813   512 13169 I HarmanHal.Routing: hacs alsa node(pcmBtHfp_dl_pre_c) adtm interval_min:0 ms, inverval_max:11 ms, inverval_mean:7 ms!
09-07 14:29:30.813   512 13169 I HarmanHal.Routing:  in printADTM() PcmAlsaWrapper.cpp:876
09-07 14:29:30.814   512 13169 I HarmanHal.Routing: hacs alsa node(pcmHfp_dl_p) adtm interval_min:0 ms, inverval_max:11 ms, inverval_mean:8 ms!
09-07 14:29:30.814   512 13169 I HarmanHal.Routing:  in printADTM() PcmAlsaWrapper.cpp:876
09-07 14:29:30.831   536   536 I vendor.harman.p: type=1400 audit(0.0:3113): avc: denied { read } for name="2" dev="dm-4" ino=49241 scontext=u:r:pathologyd:s0 tcontext=u:object_r:vendor_data_file:s0 tclass=dir permissive=1
09-07 14:29:30.835   512 13241 D HarmanHAL: StreamIn::getCapturePositionImpl
09-07 14:29:30.831   536   536 I vendor.harman.p: type=1400 audit(0.0:3114): avc: denied { open } for path="/data/vendor/pathologyArchive/2" dev="dm-4" ino=49241 scontext=u:r:pathologyd:s0 tcontext=u:object_r:vendor_data_file:s0 tclass=dir permissive=1
09-07 14:29:30.864   512 13241 D HarmanHAL: StreamIn::getCapturePositionImpl
09-07 14:29:31.245   512 13241 I chatty  : uid=1041(audioserver) reader identical 12 lines
09-07 14:29:31.274   512 13241 D HarmanHAL: StreamIn::getCapturePositionImpl
09-07 14:29:31.281   512  3972 I HarmanHal.Routing: hacs alsa node(pcmMedia_p) adtm interval_min:1 ms, inverval_max:11 ms, inverval_mean:8 ms!
09-07 14:29:31.281   512  3972 I HarmanHal.Routing:  in printADTM() PcmAlsaWrapper.cpp:876
09-07 14:29:31.310   911  4981 D BufferPoolAccessor2.0: bufferpool2 0xb400007205c6d498 : 2(1048576 size) total buffers - 1(524288 size) used buffers - 3156/3166 (recycle/alloc) - 24/3166 (fetch/transfer)
09-07 14:29:31.314   512 13241 D HarmanHAL: StreamIn::getCapturePositionImpl
09-07 14:29:31.435   512 13241 I chatty  : uid=1041(audioserver) reader identical 4 lines
09-07 14:29:31.475   512 13241 D HarmanHAL: StreamIn::getCapturePositionImpl
09-07 14:29:31.478   538   618 W ipcLib  : ipcLib: in ipc_lib. DV1 read called
09-07 14:29:31.504   512 13241 D HarmanHAL: StreamIn::getCapturePositionImpl
09-07 14:29:31.534   512 13241 I chatty  : uid=1041(audioserver) reader identical 1 line
09-07 14:29:31.565   512 13241 D HarmanHAL: StreamIn::getCapturePositionImpl
09-07 14:29:31.594   512 13241 I HarmanHal.Routing: hacs alsa node(pcmTunerIn_c) adtm interval_min:29 ms, inverval_max:40 ms, inverval_mean:31 ms!
09-07 14:29:31.594   512 13241 I HarmanHal.Routing:  in printADTM() PcmAlsaWrapper.cpp:876
09-07 14:29:31.595   512 13241 D HarmanHAL: StreamIn::getCapturePositionImpl
09-07 14:29:31.665   512 13241 I chatty  : uid=1041(audioserver) reader identical 2 lines
09-07 14:29:31.694   512 13241 D HarmanHAL: StreamIn::getCapturePositionImpl
09-07 14:29:31.706   512 13133 I HarmanHal.Routing: hacs alsa node(pcmMicRefIn_c) adtm interval_min:0 ms, inverval_max:12 ms, inverval_mean:8 ms!
09-07 14:29:31.706   512 13133 I HarmanHal.Routing:  in printADTM() PcmAlsaWrapper.cpp:876
09-07 14:29:31.710   512 13159 I HarmanHal.Routing: hacs alsa node(pcmBtHfp_ul_pro_p) adtm interval_min:2 ms, inverval_max:12 ms, inverval_mean:7 ms!
09-07 14:29:31.710   512 13159 I HarmanHal.Routing:  in printADTM() PcmAlsaWrapper.cpp:876
09-07 14:29:31.718   512 13158 D AudioProcessing: sseApply [handle 0xbc80d90][type 512] start..
09-07 14:29:31.718   512 13158 D AudioProcessing: sseProcess ul audioIO content print-1 [256] [2] [4] [1] 
09-07 14:29:31.718   512 13158 D AudioProcessing: sseProcess ul audioIO content print-2 [6] [1] [0x3bcbc5a0] [0x5bc7ede0] 
09-07 14:29:31.718   512 13158 D AudioProcessing: sseProcess ul audioIO content print-3 [0x1bca1320 [0x8bc84110] [0x1bc9f9b0] sse->pMain is [0x2bca4a60] 
09-07 14:29:31.719   512 13158 D AudioProcessing: sseProcess ul [handle 0xbc80d90]  ret[0]
09-07 14:29:31.719   512 13158 D AudioProcessing: sseProcess ul AudioBufferSampleCnt[256] type[512] finish..
09-07 14:29:31.724   512 13241 D HarmanHAL: StreamIn::getCapturePositionImpl
09-07 14:29:31.754   512 13241 I chatty  : uid=1041(audioserver) reader identical 1 line
09-07 14:29:31.795   512 13241 D HarmanHAL: StreamIn::getCapturePositionImpl
09-07 14:29:31.815   512 13169 I HarmanHal.Routing: hacs alsa node(pcmBtHfp_dl_pre_c) adtm interval_min:0 ms, inverval_max:11 ms, inverval_mean:8 ms!
09-07 14:29:31.815   512 13169 I HarmanHal.Routing:  in printADTM() PcmAlsaWrapper.cpp:876
09-07 14:29:31.815   512 13169 I HarmanHal.Routing: hacs alsa node(pcmHfp_dl_p) adtm interval_min:0 ms, inverval_max:12 ms, inverval_mean:8 ms!
09-07 14:29:31.815   512 13169 I HarmanHal.Routing:  in printADTM() PcmAlsaWrapper.cpp:876
09-07 14:29:31.823   512 13169 D AudioProcessing: sseApply [handle 0xbc83090][type 768] start..
09-07 14:29:31.823   512 13169 D AudioProcessing: sseProcess dl audioIO content print-1 [256] [2] [1] [1] 
09-07 14:29:31.823   512 13169 D AudioProcessing: sseProcess dl audioIO content print-2 [1] [1] [0x0xb40000763bcc28d0] [0x0xb40000761bca6b00] 
09-07 14:29:31.823   512 13169 D AudioProcessing: sseProcess dl audioIO content print-3 [0x0xb40000761bca7fd0] [0x0xb40000761bcabe40] [0x0xb40000761bca5880] sse->pMain is [0x0xb40000772bcb4e80] 
09-07 14:29:31.824   512 13169 D AudioProcessing: sseProcess dl [handle 0xbc83090] ret[0]
09-07 14:29:31.824   512 13169 D AudioProcessing: sseProcess dl AudioBufferSampleCnt[256] type[768] finish..
09-07 14:29:31.824   512 13241 D HarmanHAL: StreamIn::getCapturePositionImpl
09-07 14:29:32.234   512 13241 I chatty  : uid=1041(audioserver) reader identical 13 lines
09-07 14:29:32.275   512 13241 D HarmanHAL: StreamIn::getCapturePositionImpl
09-07 14:29:32.280   512  3972 I HarmanHal.Routing: hacs alsa node(pcmMedia_p) adtm interval_min:0 ms, inverval_max:11 ms, inverval_mean:7 ms!
09-07 14:29:32.280   512  3972 I HarmanHal.Routing:  in printADTM() PcmAlsaWrapper.cpp:876
09-07 14:29:32.306   512 13241 D HarmanHAL: StreamIn::getCapturePositionImpl
09-07 14:29:32.434   512 13241 I chatty  : uid=1041(audioserver) reader identical 4 lines
09-07 14:29:32.465   512 13241 D HarmanHAL: StreamIn::getCapturePositionImpl
09-07 14:29:32.478   538   618 W ipcLib  : ipcLib: in ipc_lib. DV1 read called
09-07 14:29:32.494   512 13241 D HarmanHAL: StreamIn::getCapturePositionImpl
09-07 14:29:32.524   512 13241 I chatty  : uid=1041(audioserver) reader identical 1 line
09-07 14:29:32.554   512 13241 D HarmanHAL: StreamIn::getCapturePositionImpl
09-07 14:29:32.570   532   569 W ipcLib  : ipcLib: in ipc_lib. DV1 read called
09-07 14:29:32.571   532   568 I VPS     : VPS:IOCStatusInfo.VoltageStatus->0 
09-07 14:29:32.571   532   568 I VPS     : VPS:IOCStatusInfo.IOCStatusCmd->a6 
09-07 14:29:32.571   532   568 I VPS     : VPS:IOCStatusInfo.WakeUpReason->0 
09-07 14:29:32.571   532   568 I VPS     : VPS:IOCStatusInfo.DerivedIgnitionStatus->0 
09-07 14:29:32.571   532   568 I VPS     : VPS:IOCStatusInfo.PowerModeState->4 
09-07 14:29:32.571   532   568 I VPS     : VPS:IOCStatusInfo.SOCShutdownRequest->0 
09-07 14:29:32.571   532   568 I VPS     : VPS:IOCStatusInfo.AntiTheftState->0 
09-07 14:29:32.571   532   568 I VPS     : VPS:IOCStatusInfo.BatteryConnect->0 
09-07 14:29:32.594   512 13241 I HarmanHal.Routing: hacs alsa node(pcmTunerIn_c) adtm interval_min:28 ms, inverval_max:41 ms, inverval_mean:32 ms!
09-07 14:29:32.594   512 13241 I HarmanHal.Routing:  in printADTM() PcmAlsaWrapper.cpp:876
09-07 14:29:32.595   512 13241 D HarmanHAL: StreamIn::getCapturePositionImpl
09-07 14:29:32.654   512 13241 I chatty  : uid=1041(audioserver) reader identical 2 lines
09-07 14:29:32.684   512 13241 D HarmanHAL: StreamIn::getCapturePositionImpl
09-07 14:29:32.706   512 13133 I HarmanHal.Routing: hacs alsa node(pcmMicRefIn_c) adtm interval_min:0 ms, inverval_max:11 ms, inverval_mean:8 ms!
09-07 14:29:32.706   512 13133 I HarmanHal.Routing:  in printADTM() PcmAlsaWrapper.cpp:876
09-07 14:29:32.711   512 13159 I HarmanHal.Routing: hacs alsa node(pcmBtHfp_ul_pro_p) adtm interval_min:2 ms, inverval_max:12 ms, inverval_mean:8 ms!
09-07 14:29:32.711   512 13159 I HarmanHal.Routing:  in printADTM() PcmAlsaWrapper.cpp:876
09-07 14:29:32.715   512 13241 D HarmanHAL: StreamIn::getCapturePositionImpl
09-07 14:29:32.754   512 13241 I chatty  : uid=1041(audioserver) reader identical 1 line
09-07 14:29:32.784   512 13241 D HarmanHAL: StreamIn::getCapturePositionImpl
09-07 14:29:32.813   512 13169 I HarmanHal.Routing: hacs alsa node(pcmBtHfp_dl_pre_c) adtm interval_min:0 ms, inverval_max:11 ms, inverval_mean:7 ms!
09-07 14:29:32.813   512 13169 I HarmanHal.Routing:  in printADTM() PcmAlsaWrapper.cpp:876
09-07 14:29:32.814   512 13241 D HarmanHAL: StreamIn::getCapturePositionImpl
09-07 14:29:32.815   512 13169 I HarmanHal.Routing: hacs alsa node(pcmHfp_dl_p) adtm interval_min:0 ms, inverval_max:11 ms, inverval_mean:8 ms!
09-07 14:29:32.815   512 13169 I HarmanHal.Routing:  in printADTM() PcmAlsaWrapper.cpp:876
09-07 14:29:32.844   512 13241 D HarmanHAL: StreamIn::getCapturePositionImpl
09-07 14:29:33.234   512 13241 I chatty  : uid=1041(audioserver) reader identical 12 lines
09-07 14:29:33.264   512 13241 D HarmanHAL: StreamIn::getCapturePositionImpl
09-07 14:29:33.280   512  3972 I HarmanHal.Routing: hacs alsa node(pcmMedia_p) adtm interval_min:0 ms, inverval_max:10 ms, inverval_mean:8 ms!
09-07 14:29:33.280   512  3972 I HarmanHal.Routing:  in printADTM() PcmAlsaWrapper.cpp:876
09-07 14:29:33.294   512 13241 D HarmanHAL: StreamIn::getCapturePositionImpl
09-07 14:29:33.318   512 13158 D AudioProcessing: sseApply [handle 0xbc80d90][type 512] start..
09-07 14:29:33.318   512 13158 D AudioProcessing: sseProcess ul audioIO content print-1 [256] [2] [4] [1] 
09-07 14:29:33.318   512 13158 D AudioProcessing: sseProcess ul audioIO content print-2 [6] [1] [0x3bcbc5a0] [0x5bc7ede0] 
09-07 14:29:33.318   512 13158 D AudioProcessing: sseProcess ul audioIO content print-3 [0x1bca1320 [0x8bc84110] [0x1bc9f9b0] sse->pMain is [0x2bca4a60] 
09-07 14:29:33.319   512 13158 D AudioProcessing: sseProcess ul [handle 0xbc80d90]  ret[0]
09-07 14:29:33.319   512 13158 D AudioProcessing: sseProcess ul AudioBufferSampleCnt[256] type[512] finish..
09-07 14:29:33.324   512 13241 D HarmanHAL: StreamIn::getCapturePositionImpl
09-07 14:29:33.354   512 13241 I chatty  : uid=1041(audioserver) reader identical 1 line
09-07 14:29:33.394   512 13241 D HarmanHAL: StreamIn::getCapturePositionImpl
09-07 14:29:33.423   512 13169 D AudioProcessing: sseApply [handle 0xbc83090][type 768] start..
09-07 14:29:33.423   512 13169 D AudioProcessing: sseProcess dl audioIO content print-1 [256] [2] [1] [1] 
09-07 14:29:33.423   512 13169 D AudioProcessing: sseProcess dl audioIO content print-2 [1] [1] [0x0xb40000763bcc28d0] [0x0xb40000761bca6b00] 
09-07 14:29:33.423   512 13169 D AudioProcessing: sseProcess dl audioIO content print-3 [0x0xb40000761bca7fd0] [0x0xb40000761bcabe40] [0x0xb40000761bca5880] sse->pMain is [0x0xb40000772bcb4e80] 
09-07 14:29:33.424   512 13169 D AudioProcessing: sseProcess dl [handle 0xbc83090] ret[0]
09-07 14:29:33.424   512 13169 D AudioProcessing: sseProcess dl AudioBufferSampleCnt[256] type[768] finish..
09-07 14:29:33.424   512 13241 D HarmanHAL: StreamIn::getCapturePositionImpl
09-07 14:29:33.454   512 13241 D HarmanHAL: StreamIn::getCapturePositionImpl
09-07 14:29:33.478   538   618 W ipcLib  : ipcLib: in ipc_lib. DV1 read called
09-07 14:29:33.484   512 13241 D HarmanHAL: StreamIn::getCapturePositionImpl
09-07 14:29:33.514   512 13241 I chatty  : uid=1041(audioserver) reader identical 1 line
09-07 14:29:33.555   512 13241 D HarmanHAL: StreamIn::getCapturePositionImpl
09-07 14:29:33.585   512 13241 I HarmanHal.Routing: hacs alsa node(pcmTunerIn_c) adtm interval_min:30 ms, inverval_max:40 ms, inverval_mean:31 ms!
09-07 14:29:33.585   512 13241 I HarmanHal.Routing:  in printADTM() PcmAlsaWrapper.cpp:876
09-07 14:29:33.586   512 13241 D HarmanHAL: StreamIn::getCapturePositionImpl
09-07 14:29:33.645   512 13241 I chatty  : uid=1041(audioserver) reader identical 2 lines
09-07 14:29:33.675   512 13241 D HarmanHAL: StreamIn::getCapturePositionImpl
09-07 14:29:33.706   512 13133 I HarmanHal.Routing: hacs alsa node(pcmMicRefIn_c) adtm interval_min:0 ms, inverval_max:11 ms, inverval_mean:8 ms!
09-07 14:29:33.706   512 13133 I HarmanHal.Routing:  in printADTM() PcmAlsaWrapper.cpp:876
09-07 14:29:33.711   512 13159 I HarmanHal.Routing: hacs alsa node(pcmBtHfp_ul_pro_p) adtm interval_min:2 ms, inverval_max:12 ms, inverval_mean:8 ms!
09-07 14:29:33.711   512 13159 I HarmanHal.Routing:  in printADTM() PcmAlsaWrapper.cpp:876
09-07 14:29:33.715   512 13241 D HarmanHAL: StreamIn::getCapturePositionImpl
09-07 14:29:33.774   512 13241 I chatty  : uid=1041(audioserver) reader identical 2 lines
09-07 14:29:33.805   512 13241 D HarmanHAL: StreamIn::getCapturePositionImpl
09-07 14:29:33.814   512 13169 I HarmanHal.Routing: hacs alsa node(pcmBtHfp_dl_pre_c) adtm interval_min:0 ms, inverval_max:10 ms, inverval_mean:8 ms!
09-07 14:29:33.814   512 13169 I HarmanHal.Routing:  in printADTM() PcmAlsaWrapper.cpp:876
09-07 14:29:33.815   512 13169 I HarmanHal.Routing: hacs alsa node(pcmHfp_dl_p) adtm interval_min:0 ms, inverval_max:11 ms, inverval_mean:8 ms!
09-07 14:29:33.815   512 13169 I HarmanHal.Routing:  in printADTM() PcmAlsaWrapper.cpp:876
09-07 14:29:33.834   512 13241 D HarmanHAL: StreamIn::getCapturePositionImpl
01-01 00:04:36.928     0     0 I IRQ 5   : no longer affine to CPU5
09-07 14:29:33.964   512 13241 I chatty  : uid=1041(audioserver) reader identical 4 lines
09-07 14:29:33.994   512 13241 D HarmanHAL: StreamIn::getCapturePositionImpl
09-07 14:29:34.000   532   569 I VPS     : VPS:VehiclePlatformSOCHeartBeatHandler IVI HeartBeat sent successfully SOCHeartBeatInfo.SOCStatus->2
09-07 14:29:34.000   532   569 W ipcLib  : ipcLib: in ipc_lib. DV1 write called
09-07 14:29:34.002   532   569 W ipcLib  : ipcLib: in ipc_lib. DV1 read called
09-07 14:29:34.035   512 13241 D HarmanHAL: StreamIn::getCapturePositionImpl
01-01 00:04:37.052     0     0 I init    : starting service 'qccsyshalservice'...
01-01 00:04:37.060     0     0 I init    : starting service 'vendor.sensors-hal-1-0'...
01-01 00:04:37.070     0     0 I init    : starting service 'LogManager'...
09-07 14:29:34.064   512 13241 D HarmanHAL: StreamIn::getCapturePositionImpl
09-07 14:29:34.091 16145 16145 I qccsyshalservice: Start with system binder
09-07 14:29:34.091 16145 16145 I qccsyshalservice: Registering qccsyshal service...
01-01 00:04:37.086     0     0 I init    : Service 'qccsyshalservice' (pid 16145) exited with status 1
09-07 14:29:34.093   376   376 I hwservicemanager: getTransport: Cannot find entry vendor.qti.hardware.qccsyshal@1.0::IQccsyshal/qccsyshal in either framework or device manifest.
01-01 00:04:37.086     0     0 I init    : Sending signal 9 to service 'qccsyshalservice' (pid 16145) process group...
09-07 14:29:34.094 16145 16145 E HidlServiceManagement: Service vendor.qti.hardware.qccsyshal@1.0::IQccsyshal/qccsyshal must be in VINTF manifest in order to register/get.
09-07 14:29:34.094 16145 16145 E qccsyshalservice: [ERROR] registerAsService() failed with status: -2147483648
01-01 00:04:37.086     0     0 I libprocessgroup: Successfully killed process cgroup uid 1000 pid 16145 in 0ms
09-07 14:29:34.095   512 13241 D HarmanHAL: StreamIn::getCapturePositionImpl
09-07 14:29:34.109   376   376 I hwservicemanager: getTransport: Cannot find entry android.hardware.sensors@1.0::ISensors/default in either framework or device manifest.
09-07 14:29:34.112 16146 16146 E android.hardware.sensors@1.0-service: Couldn't load sensors module (Unknown error -2147483648)
09-07 14:29:34.112 16146 16146 D RefBase : RefBase: Explicit destruction, weak count = 0 (in 0xb4000078f4351988)
09-07 14:29:34.112 16146 16146 W RefBase : CallStack::getCurrentInternal not linked, returning null
09-07 14:29:34.112 16146 16146 W RefBase : CallStack::logStackInternal not linked
09-07 14:29:34.113 16146 16146 E LegacySupport: Could not get passthrough implementation for android.hardware.sensors@1.0::ISensors/default.
01-01 00:04:37.104     0     0 I init    : Service 'vendor.sensors-hal-1-0' (pid 16146) exited with status 1
01-01 00:04:37.104     0     0 I init    : Sending signal 9 to service 'vendor.sensors-hal-1-0' (pid 16146) process group...
09-07 14:29:34.118 16147 16147 D LOGMANAGER: LOGMANAGER HAL service init() start
09-07 14:29:34.118 16147 16147 D LOGMANAGER: Logmanager configured rpcthreadpool
09-07 14:29:34.115 16147 16147 I vendor.harman.L: type=1400 audit(0.0:3115): avc: denied { read } for name="u:object_r:hwservicemanager_prop:s0" dev="tmpfs" ino=24519 scontext=u:r:logmanagerd:s0 tcontext=u:object_r:hwservicemanager_prop:s0 tclass=file permissive=1
01-01 00:04:37.104     0     0 I libprocessgroup: Successfully killed process cgroup uid 1000 pid 16146 in 0ms
09-07 14:29:34.115 16147 16147 I vendor.harman.L: type=1400 audit(0.0:3116): avc: denied { open } for path="/dev/__properties__/u:object_r:hwservicemanager_prop:s0" dev="tmpfs" ino=24519 scontext=u:r:logmanagerd:s0 tcontext=u:object_r:hwservicemanager_prop:s0 tclass=file permissive=1
09-07 14:29:34.115 16147 16147 I vendor.harman.L: type=1400 audit(0.0:3117): avc: denied { getattr } for path="/dev/__properties__/u:object_r:hwservicemanager_prop:s0" dev="tmpfs" ino=24519 scontext=u:r:logmanagerd:s0 tcontext=u:object_r:hwservicemanager_prop:s0 tclass=file permissive=1
09-07 14:29:34.115 16147 16147 I vendor.harman.L: type=1400 audit(0.0:3118): avc: denied { map } for path="/dev/__properties__/u:object_r:hwservicemanager_prop:s0" dev="tmpfs" ino=24519 scontext=u:r:logmanagerd:s0 tcontext=u:object_r:hwservicemanager_prop:s0 tclass=file permissive=1
09-07 14:29:34.121 16147 16147 I HidlServiceManagement: Registered vendor.harman.hardware.LogManager@1.0::ILogManager/default
09-07 14:29:34.121 16147 16147 D LOGMANAGER: Logmanager HAL Service is registered and ready
09-07 14:29:34.121 16147 16147 I LOGMANAGER: ThreadPoolWrapper::initThreadPool
09-07 14:29:34.121 16147 16147 I LOGMANAGER: ThreadPoolWrapper : exit
09-07 14:29:34.121 16147 16147 D LOGMANAGER: Logmanager threadpoolwrapper created
09-07 14:29:34.121 16147 16147 D LOGMANAGER: User argument is -c
09-07 14:29:34.121 16147 16151 I LOGMANAGER: ThreadPoolWrapper:  enter the joinRpcThreadpool()
09-07 14:29:34.122 16147 16147 I LOGMANAGER: LogmanagerConfig is configured under config file
09-07 14:29:34.122 16147 16147 I LOGMANAGER: LoggingLevel is : 4
09-07 14:29:34.122 16147 16147 I LOGMANAGER: LogEnableState is : 0
09-07 14:29:34.122 16147 16147 I LOGMANAGER: OutputPluginConfiguration PluginType : LOGWRITTER
09-07 14:29:34.122 16147 16147 I LOGMANAGER: LM_OutputConfiguration : 1
09-07 14:29:34.122 16147 16147 I LOGMANAGER: LM_OfflineTraceDirectory : /data/cache
09-07 14:29:34.122 16147 16147 I LOGMANAGER: LM_OfflineTraceFILESize : 1000000
09-07 14:29:34.122 16147 16147 I LOGMANAGER: LM_OfflineTotalFILESSize : 20000000
09-07 14:29:34.122 16147 16147 I LOGMANAGER: LM_FileNameTimeStampBased : 0
09-07 14:29:34.122 16147 16147 I LOGMANAGER: Got IOC plugin
09-07 14:29:34.122 16147 16147 I LOGMANAGER: IOCIPCChannelNumber :6
09-07 14:29:34.122 16147 16147 I LOGMANAGER: keyseq: HOME + VOLUMEDOWN  for domain is AudioDump
09-07 14:29:34.122 16147 16147 I LOGMANAGER: keyseq: HOME + VOLUMEUP  for domain is HCIDump
09-07 14:29:34.122 16147 16147 I LOGMANAGER: Domains parsing is done
09-07 14:29:34.124   512 13241 D HarmanHAL: StreamIn::getCapturePositionImpl
09-07 14:29:34.119 16147 16147 I vendor.harman.L: type=1400 audit(0.0:3119): avc: denied { dac_read_search } for capability=2 scontext=u:r:logmanagerd:s0 tcontext=u:r:logmanagerd:s0 tclass=capability permissive=1
01-01 00:04:37.112     0     0 W audit   : audit_lost=1471 audit_rate_limit=5 audit_backlog_limit=64
01-01 00:04:37.112     0     0 E audit   : rate limit exceeded
09-07 14:29:34.127 16147 16147 E LOGMANAGER: Failed to load plugin /vendor/lib64/libIOCDLogReader.so with error code dlopen failed: library "/vendor/lib64/libIOCDLogReader.so" not found 
09-07 14:29:34.127 16147 16147 F libc    : Fatal signal 11 (SIGSEGV), code 1 (SEGV_MAPERR), fault addr 0x0 in tid 16147 (vendor.harman.L), pid 16147 (vendor.harman.L)
09-07 14:29:34.154   512 13241 D HarmanHAL: StreamIn::getCapturePositionImpl
09-07 14:29:34.159 16154 16154 I crash_dump64: obtaining output fd from tombstoned, type: kDebuggerdTombstone
09-07 14:29:34.160   463   463 I tombstoned: received crash request for pid 16147
09-07 14:29:34.161 16154 16154 I crash_dump64: performing dump of process 16147 (target tid = 16147)
09-07 14:29:34.164 16154 16154 F DEBUG   : *** *** *** *** *** *** *** *** *** *** *** *** *** *** *** ***
09-07 14:29:34.164 16154 16154 F DEBUG   : Build fingerprint: 'qti/titan_tml_b2/titan_tml_b2:11/RQ3A.210605.005/eng.ksong.20210907.134230:userdebug/test-keys'
09-07 14:29:34.164 16154 16154 F DEBUG   : Revision: '0'
09-07 14:29:34.164 16154 16154 F DEBUG   : ABI: 'arm64'
09-07 14:29:34.165 16154 16154 F DEBUG   : Timestamp: 2021-09-07 14:29:34+0000
09-07 14:29:34.165 16154 16154 F DEBUG   : pid: 16147, tid: 16147, name: vendor.harman.L  >>> /vendor/bin/hw/vendor.harman.LogManager@1.0-service <<<
09-07 14:29:34.165 16154 16154 F DEBUG   : uid: 0
09-07 14:29:34.165 16154 16154 F DEBUG   : signal 11 (SIGSEGV), code 1 (SEGV_MAPERR), fault addr 0x0
09-07 14:29:34.166 16154 16154 F DEBUG   : Cause: null pointer dereference
09-07 14:29:34.166 16154 16154 F DEBUG   :     x0  0000000000000000  x1  0000000000000000  x2  0000000000080001  x3  0000000000000000
09-07 14:29:34.166 16154 16154 F DEBUG   :     x4  0000000000000000  x5  0000000000000090  x6  fefefefefefefeff  x7  7f7f7f7f7f7f7f7f
09-07 14:29:34.166 16154 16154 F DEBUG   :     x8  0101010101010101  x9  441b5909211592c0  x10 0000007fedef97e8  x11 fffffffffffffffd
09-07 14:29:34.166 16154 16154 F DEBUG   :     x12 0000007fedef9970  x13 000000000000008e  x14 000764169d889400  x15 0000000034155555
09-07 14:29:34.166 16154 16154 F DEBUG   :     x16 00000064bf6947e0  x17 00000072a75ddb30  x18 00000072a8326000  x19 0000000000000000
09-07 14:29:34.166 16154 16154 F DEBUG   :     x20 00000072a71fdc50  x21 0000007fedefa089  x22 b4000071a6e78598  x23 0000007fedefa0a8
09-07 14:29:34.166 16154 16154 F DEBUG   :     x24 0000000000000000  x25 00000072a7a4a000  x26 0000007fedefa089  x27 0000007fedefa059
09-07 14:29:34.167 16154 16154 F DEBUG   :     x28 0000000000000000  x29 0000007fedef9f90
09-07 14:29:34.167 16154 16154 F DEBUG   :     lr  00000064bf68b048  sp  0000007fedef9f90  pc  00000072a75ddb40  pst 0000000080000000
09-07 14:29:34.171 16154 16154 F DEBUG   : backtrace:
09-07 14:29:34.171 16154 16154 F DEBUG   :       #00 pc 000000000004ab40  /apex/com.android.runtime/lib64/bionic/libc.so (strlen_default+16) (BuildId: 2b7c6e33413ac7278a15dfc3ea383089)
09-07 14:29:34.171 16154 16154 F DEBUG   :       #01 pc 0000000000009044  /vendor/bin/hw/vendor.harman.LogManager@1.0-service (BuildId: 3e966ab64050b441b920ba0e8960d123)
09-07 14:29:34.172 16154 16154 F DEBUG   :       #02 pc 0000000000008df0  /vendor/bin/hw/vendor.harman.LogManager@1.0-service (LM::LogManagerImpl::load_plugin_conf(void*, std::__1::basic_string<char, std::__1::char_traits<char>, std::__1::allocator<char> >, std::__1::multimap<std::__1::basic_string<char, std::__1::char_traits<char>, std::__1::allocator<char> >, int, std::__1::less<std::__1::basic_string<char, std::__1::char_traits<char>, std::__1::allocator<char> > >, std::__1::allocator<std::__1::pair<std::__1::basic_string<char, std::__1::char_traits<char>, std::__1::allocator<char> > const, int> > >&)+752) (BuildId: 3e966ab64050b441b920ba0e8960d123)
09-07 14:29:34.172 16154 16154 F DEBUG   :       #03 pc 00000000000088c0  /vendor/bin/hw/vendor.harman.LogManager@1.0-service (LM::LogManagerImpl::loadplugins()+436) (BuildId: 3e966ab64050b441b920ba0e8960d123)
09-07 14:29:34.172 16154 16154 F DEBUG   :       #04 pc 0000000000007af8  /vendor/bin/hw/vendor.harman.LogManager@1.0-service (main+1112) (BuildId: 3e966ab64050b441b920ba0e8960d123)
09-07 14:29:34.172 16154 16154 F DEBUG   :       #05 pc 000000000004988c  /apex/com.android.runtime/lib64/bionic/libc.so (__libc_init+108) (BuildId: 2b7c6e33413ac7278a15dfc3ea383089)
01-01 00:04:37.183     0     0 D logd    : logdr: UID=0 GID=1000 PID=16154 n tail=50 logMask=8 pid=16147 start=0ns timeout=0ns
09-07 14:29:34.195   512 13241 D HarmanHAL: StreamIn::getCapturePositionImpl
01-01 00:04:37.192     0     0 D logd    : logdr: UID=0 GID=1000 PID=16154 n tail=50 logMask=1 pid=16147 start=0ns timeout=0ns
01-01 00:04:37.200     0     0 I IRQ 5   : no longer affine to CPU4
01-01 00:04:37.215     0     0 D logd    : logdr: UID=0 GID=1000 PID=16154 n tail=0 logMask=8 pid=16147 start=0ns timeout=0ns
01-01 00:04:37.225     0     0 D logd    : logdr: UID=0 GID=1000 PID=16154 n tail=0 logMask=1 pid=16147 start=0ns timeout=0ns
09-07 14:29:34.245  1033  1270 W NativeCrashListener: Couldn't find ProcessRecord for pid 16147
09-07 14:29:34.225   512 13241 D HarmanHAL: StreamIn::getCapturePositionImpl
09-07 14:29:34.245 16154 16154 E crash_dump64: AM data write failed: Broken pipe
01-01 00:04:37.237     0     0 I init    : Untracked pid 16154 exited with status 0
09-07 14:29:34.251   463   463 E tombstoned: Tombstone written to: /data/tombstones/tombstone_21
09-07 14:29:34.258   512 13241 D HarmanHAL: StreamIn::getCapturePositionImpl
09-07 14:29:34.259  1033  1095 I BootReceiver: Copying /data/tombstones/tombstone_21 to DropBox (SYSTEM_TOMBSTONE)
09-07 14:29:34.261  1033  1095 I DropBoxManagerService: add tag=SYSTEM_TOMBSTONE isTagEnabled=true flags=0x2
09-07 14:29:34.280   512  3972 I HarmanHal.Routing: hacs alsa node(pcmMedia_p) adtm interval_min:1 ms, inverval_max:11 ms, inverval_mean:8 ms!
09-07 14:29:34.280   512  3972 I HarmanHal.Routing:  in printADTM() PcmAlsaWrapper.cpp:876
09-07 14:29:34.284   512 13241 D HarmanHAL: StreamIn::getCapturePositionImpl
09-07 14:29:34.444   512 13241 I chatty  : uid=1041(audioserver) reader identical 5 lines
09-07 14:29:34.474   512 13241 D HarmanHAL: StreamIn::getCapturePositionImpl
09-07 14:29:34.478   538   618 W ipcLib  : ipcLib: in ipc_lib. DV1 read called
09-07 14:29:34.515   512 13241 D HarmanHAL: StreamIn::getCapturePositionImpl
09-07 14:29:34.544   512 13241 D HarmanHAL: StreamIn::getCapturePositionImpl
09-07 14:29:34.574   512 13241 I HarmanHal.Routing: hacs alsa node(pcmTunerIn_c) adtm interval_min:29 ms, inverval_max:41 ms, inverval_mean:31 ms!
09-07 14:29:34.574   512 13241 I HarmanHal.Routing:  in printADTM() PcmAlsaWrapper.cpp:876
09-07 14:29:34.575   512 13241 D HarmanHAL: StreamIn::getCapturePositionImpl
09-07 14:29:34.604   512 13241 I chatty  : uid=1041(audioserver) reader identical 1 line
09-07 14:29:34.635   512 13241 D HarmanHAL: StreamIn::getCapturePositionImpl
09-07 14:29:34.671   532   569 W ipcLib  : ipcLib: in ipc_lib. DV1 read called
09-07 14:29:34.672   532   568 I VPS     : VPS:IOCStatusInfo.VoltageStatus->0 
09-07 14:29:34.672   532   568 I VPS     : VPS:IOCStatusInfo.IOCStatusCmd->a6 
09-07 14:29:34.672   532   568 I VPS     : VPS:IOCStatusInfo.WakeUpReason->0 
09-07 14:29:34.672   532   568 I VPS     : VPS:IOCStatusInfo.DerivedIgnitionStatus->0 
09-07 14:29:34.672   532   568 I VPS     : VPS:IOCStatusInfo.PowerModeState->4 
09-07 14:29:34.672   532   568 I VPS     : VPS:IOCStatusInfo.SOCShutdownRequest->0 
09-07 14:29:34.672   532   568 I VPS     : VPS:IOCStatusInfo.AntiTheftState->0 
09-07 14:29:34.672   532   568 I VPS     : VPS:IOCStatusInfo.BatteryConnect->0 
09-07 14:29:34.675   512 13241 D HarmanHAL: StreamIn::getCapturePositionImpl
09-07 14:29:34.704   512 13241 D HarmanHAL: StreamIn::getCapturePositionImpl
09-07 14:29:34.706   512 13133 I HarmanHal.Routing: hacs alsa node(pcmMicRefIn_c) adtm interval_min:0 ms, inverval_max:11 ms, inverval_mean:7 ms!
09-07 14:29:34.706   512 13133 I HarmanHal.Routing:  in printADTM() PcmAlsaWrapper.cpp:876
09-07 14:29:34.712   512 13159 I HarmanHal.Routing: hacs alsa node(pcmBtHfp_ul_pro_p) adtm interval_min:2 ms, inverval_max:13 ms, inverval_mean:8 ms!
09-07 14:29:34.712   512 13159 I HarmanHal.Routing:  in printADTM() PcmAlsaWrapper.cpp:876
09-07 14:29:34.734   512 13241 D HarmanHAL: StreamIn::getCapturePositionImpl
09-07 14:29:34.751   536   612 E pathology: [ProcessCrashHandler:: parseTombstoneFileName]string not found
09-07 14:29:34.752   536   612 I chatty  : uid=0(root) vendor.harman.p identical 4 lines
09-07 14:29:34.752   536   612 E pathology: [ProcessCrashHandler:: parseTombstoneFileName]string not found
09-07 14:29:34.765   512 13241 D HarmanHAL: StreamIn::getCapturePositionImpl
09-07 14:29:34.795   512 13241 D HarmanHAL: StreamIn::getCapturePositionImpl
09-07 14:29:34.813   512 13169 I HarmanHal.Routing: hacs alsa node(pcmBtHfp_dl_pre_c) adtm interval_min:0 ms, inverval_max:10 ms, inverval_mean:7 ms!
09-07 14:29:34.813   512 13169 I HarmanHal.Routing:  in printADTM() PcmAlsaWrapper.cpp:876
09-07 14:29:34.815   512 13169 I HarmanHal.Routing: hacs alsa node(pcmHfp_dl_p) adtm interval_min:0 ms, inverval_max:12 ms, inverval_mean:8 ms!
09-07 14:29:34.815   512 13169 I HarmanHal.Routing:  in printADTM() PcmAlsaWrapper.cpp:876
09-07 14:29:34.834   512 13241 D HarmanHAL: StreamIn::getCapturePositionImpl
09-07 14:29:34.865   512 13241 I chatty  : uid=1041(audioserver) reader identical 1 line
09-07 14:29:34.894   512 13241 D HarmanHAL: StreamIn::getCapturePositionImpl
09-07 14:29:34.918   512 13158 D AudioProcessing: sseApply [handle 0xbc80d90][type 512] start..
09-07 14:29:34.918   512 13158 D AudioProcessing: sseProcess ul audioIO content print-1 [256] [2] [4] [1] 
09-07 14:29:34.918   512 13158 D AudioProcessing: sseProcess ul audioIO content print-2 [6] [1] [0x3bcbc5a0] [0x5bc7ede0] 
09-07 14:29:34.918   512 13158 D AudioProcessing: sseProcess ul audioIO content print-3 [0x1bca1320 [0x8bc84110] [0x1bc9f9b0] sse->pMain is [0x2bca4a60] 
09-07 14:29:34.919   512 13158 D AudioProcessing: sseProcess ul [handle 0xbc80d90]  ret[0]
09-07 14:29:34.919   512 13158 D AudioProcessing: sseProcess ul AudioBufferSampleCnt[256] type[512] finish..
09-07 14:29:34.924   512 13241 D HarmanHAL: StreamIn::getCapturePositionImpl
09-07 14:29:34.955   512 13241 I chatty  : uid=1041(audioserver) reader identical 1 line
09-07 14:29:34.995   512 13241 D HarmanHAL: StreamIn::getCapturePositionImpl
09-07 14:29:35.023   512 13169 D AudioProcessing: sseApply [handle 0xbc83090][type 768] start..
09-07 14:29:35.023   512 13169 D AudioProcessing: sseProcess dl audioIO content print-1 [256] [2] [1] [1] 
09-07 14:29:35.023   512 13169 D AudioProcessing: sseProcess dl audioIO content print-2 [1] [1] [0x0xb40000763bcc28d0] [0x0xb40000761bca6b00] 
09-07 14:29:35.023   512 13169 D AudioProcessing: sseProcess dl audioIO content print-3 [0x0xb40000761bca7fd0] [0x0xb40000761bcabe40] [0x0xb40000761bca5880] sse->pMain is [0x0xb40000772bcb4e80] 
09-07 14:29:35.024   512 13169 D AudioProcessing: sseProcess dl [handle 0xbc83090] ret[0]
09-07 14:29:35.024   512 13169 D AudioProcessing: sseProcess dl AudioBufferSampleCnt[256] type[768] finish..
09-07 14:29:35.025   512 13241 D HarmanHAL: StreamIn::getCapturePositionImpl
09-07 14:29:35.154   512 13241 I chatty  : uid=1041(audioserver) reader identical 4 lines
09-07 14:29:35.184   512 13241 D HarmanHAL: StreamIn::getCapturePositionImpl
09-07 14:29:35.203   536   536 I vendor.harman.p: type=1400 audit(0.0:3143): avc: denied { create } for name="PROCCRASH_PF_1631024974.lz4" scontext=u:r:pathologyd:s0 tcontext=u:object_r:vendor_data_file:s0 tclass=file permissive=1
09-07 14:29:35.203   536   536 I vendor.harman.p: type=1400 audit(0.0:3144): avc: denied { write open } for path="/data/vendor/pathologyArchive/2/PROCCRASH_PF_1631024974.lz4" dev="dm-4" ino=49389 scontext=u:r:pathologyd:s0 tcontext=u:object_r:vendor_data_file:s0 tclass=file permissive=1
09-07 14:29:35.214   512 13241 D HarmanHAL: StreamIn::getCapturePositionImpl
09-07 14:29:35.245   512 13241 I chatty  : uid=1041(audioserver) reader identical 1 line
09-07 14:29:35.275   512 13241 D HarmanHAL: StreamIn::getCapturePositionImpl
09-07 14:29:35.280   512  3972 I HarmanHal.Routing: hacs alsa node(pcmMedia_p) adtm interval_min:1 ms, inverval_max:10 ms, inverval_mean:8 ms!
09-07 14:29:35.280   512  3972 I HarmanHal.Routing:  in printADTM() PcmAlsaWrapper.cpp:876
09-07 14:29:35.314   512 13241 D HarmanHAL: StreamIn::getCapturePositionImpl
09-07 14:29:35.435   512 13241 I chatty  : uid=1041(audioserver) reader identical 4 lines
09-07 14:29:35.474   512 13241 D HarmanHAL: StreamIn::getCapturePositionImpl
09-07 14:29:35.478   538   618 W ipcLib  : ipcLib: in ipc_lib. DV1 read called
09-07 14:29:35.504   512 13241 D HarmanHAL: StreamIn::getCapturePositionImpl
09-07 14:29:35.534   512 13241 D HarmanHAL: StreamIn::getCapturePositionImpl
09-07 14:29:35.564   512 13241 I HarmanHal.Routing: hacs alsa node(pcmTunerIn_c) adtm interval_min:29 ms, inverval_max:41 ms, inverval_mean:31 ms!
09-07 14:29:35.564   512 13241 I HarmanHal.Routing:  in printADTM() PcmAlsaWrapper.cpp:876
09-07 14:29:35.565   512 13241 D HarmanHAL: StreamIn::getCapturePositionImpl
09-07 14:29:35.665   512 13241 I chatty  : uid=1041(audioserver) reader identical 3 lines
09-07 14:29:35.694   512 13241 D HarmanHAL: StreamIn::getCapturePositionImpl
09-07 14:29:35.706   512 13133 I HarmanHal.Routing: hacs alsa node(pcmMicRefIn_c) adtm interval_min:0 ms, inverval_max:11 ms, inverval_mean:8 ms!
09-07 14:29:35.706   512 13133 I HarmanHal.Routing:  in printADTM() PcmAlsaWrapper.cpp:876
09-07 14:29:35.711   512 13159 I HarmanHal.Routing: hacs alsa node(pcmBtHfp_ul_pro_p) adtm interval_min:2 ms, inverval_max:12 ms, inverval_mean:8 ms!
09-07 14:29:35.711   512 13159 I HarmanHal.Routing:  in printADTM() PcmAlsaWrapper.cpp:876
09-07 14:29:35.724   512 13241 D HarmanHAL: StreamIn::getCapturePositionImpl
09-07 14:29:35.754   512 13241 I chatty  : uid=1041(audioserver) reader identical 1 line
09-07 14:29:35.795   512 13241 D HarmanHAL: StreamIn::getCapturePositionImpl
09-07 14:29:35.814   512 13169 I HarmanHal.Routing: hacs alsa node(pcmBtHfp_dl_pre_c) adtm interval_min:0 ms, inverval_max:11 ms, inverval_mean:8 ms!
09-07 14:29:35.814   512 13169 I HarmanHal.Routing:  in printADTM() PcmAlsaWrapper.cpp:876
09-07 14:29:35.815   512 13169 I HarmanHal.Routing: hacs alsa node(pcmHfp_dl_p) adtm interval_min:0 ms, inverval_max:11 ms, inverval_mean:8 ms!
09-07 14:29:35.815   512 13169 I HarmanHal.Routing:  in printADTM() PcmAlsaWrapper.cpp:876
09-07 14:29:35.824   512 13241 D HarmanHAL: StreamIn::getCapturePositionImpl
09-07 14:29:36.234   512 13241 I chatty  : uid=1041(audioserver) reader identical 13 lines
09-07 14:29:36.274   512 13241 D HarmanHAL: StreamIn::getCapturePositionImpl
09-07 14:29:36.280   512  3972 I HarmanHal.Routing: hacs alsa node(pcmMedia_p) adtm interval_min:0 ms, inverval_max:10 ms, inverval_mean:8 ms!
09-07 14:29:36.280   512  3972 I HarmanHal.Routing:  in printADTM() PcmAlsaWrapper.cpp:876
09-07 14:29:36.305   512 13241 D HarmanHAL: StreamIn::getCapturePositionImpl
09-07 14:29:36.434   512 13241 I chatty  : uid=1041(audioserver) reader identical 4 lines
09-07 14:29:36.464   512 13241 D HarmanHAL: StreamIn::getCapturePositionImpl
09-07 14:29:36.478   538   618 W ipcLib  : ipcLib: in ipc_lib. DV1 read called
09-07 14:29:36.494   512 13241 D HarmanHAL: StreamIn::getCapturePositionImpl
09-07 14:29:36.518   512 13158 D AudioProcessing: sseApply [handle 0xbc80d90][type 512] start..
09-07 14:29:36.518   512 13158 D AudioProcessing: sseProcess ul audioIO content print-1 [256] [2] [4] [1] 
09-07 14:29:36.518   512 13158 D AudioProcessing: sseProcess ul audioIO content print-2 [6] [1] [0x3bcbc5a0] [0x5bc7ede0] 
09-07 14:29:36.518   512 13158 D AudioProcessing: sseProcess ul audioIO content print-3 [0x1bca1320 [0x8bc84110] [0x1bc9f9b0] sse->pMain is [0x2bca4a60] 
09-07 14:29:36.519   512 13158 D AudioProcessing: sseProcess ul [handle 0xbc80d90]  ret[0]
09-07 14:29:36.519   512 13158 D AudioProcessing: sseProcess ul AudioBufferSampleCnt[256] type[512] finish..
09-07 14:29:36.524   512 13241 D HarmanHAL: StreamIn::getCapturePositionImpl
09-07 14:29:36.554   512 13241 I HarmanHal.Routing: hacs alsa node(pcmTunerIn_c) adtm interval_min:30 ms, inverval_max:40 ms, inverval_mean:31 ms!
09-07 14:29:36.554   512 13241 I HarmanHal.Routing:  in printADTM() PcmAlsaWrapper.cpp:876
09-07 14:29:36.555   512 13241 D HarmanHAL: StreamIn::getCapturePositionImpl
09-07 14:29:36.595   512 13241 D HarmanHAL: StreamIn::getCapturePositionImpl
09-07 14:29:36.602   911  4981 D BufferPoolAccessor2.0: bufferpool2 0xb400007205c6d498 : 2(1048576 size) total buffers - 1(524288 size) used buffers - 3211/3221 (recycle/alloc) - 24/3220 (fetch/transfer)
09-07 14:29:36.623   512 13169 D AudioProcessing: sseApply [handle 0xbc83090][type 768] start..
09-07 14:29:36.623   512 13169 D AudioProcessing: sseProcess dl audioIO content print-1 [256] [2] [1] [1] 
09-07 14:29:36.623   512 13169 D AudioProcessing: sseProcess dl audioIO content print-2 [1] [1] [0x0xb40000763bcc28d0] [0x0xb40000761bca6b00] 
09-07 14:29:36.623   512 13169 D AudioProcessing: sseProcess dl audioIO content print-3 [0x0xb40000761bca7fd0] [0x0xb40000761bcabe40] [0x0xb40000761bca5880] sse->pMain is [0x0xb40000772bcb4e80] 
09-07 14:29:36.624   512 13169 D AudioProcessing: sseProcess dl [handle 0xbc83090] ret[0]
09-07 14:29:36.624   512 13169 D AudioProcessing: sseProcess dl AudioBufferSampleCnt[256] type[768] finish..
09-07 14:29:36.624   512 13241 D HarmanHAL: StreamIn::getCapturePositionImpl
09-07 14:29:36.654   512 13241 I chatty  : uid=1041(audioserver) reader identical 1 line
09-07 14:29:36.684   512 13241 D HarmanHAL: StreamIn::getCapturePositionImpl
09-07 14:29:36.706   512 13133 I HarmanHal.Routing: hacs alsa node(pcmMicRefIn_c) adtm interval_min:0 ms, inverval_max:10 ms, inverval_mean:8 ms!
09-07 14:29:36.706   512 13133 I HarmanHal.Routing:  in printADTM() PcmAlsaWrapper.cpp:876
09-07 14:29:36.711   512 13159 I HarmanHal.Routing: hacs alsa node(pcmBtHfp_ul_pro_p) adtm interval_min:2 ms, inverval_max:11 ms, inverval_mean:8 ms!
09-07 14:29:36.711   512 13159 I HarmanHal.Routing:  in printADTM() PcmAlsaWrapper.cpp:876
09-07 14:29:36.715   512 13241 D HarmanHAL: StreamIn::getCapturePositionImpl
09-07 14:29:36.755   512 13241 D HarmanHAL: StreamIn::getCapturePositionImpl
09-07 14:29:36.770   532   569 W ipcLib  : ipcLib: in ipc_lib. DV1 read called
09-07 14:29:36.771   532   568 I VPS     : VPS:IOCStatusInfo.VoltageStatus->0 
09-07 14:29:36.771   532   568 I VPS     : VPS:IOCStatusInfo.IOCStatusCmd->a6 
09-07 14:29:36.771   532   568 I VPS     : VPS:IOCStatusInfo.WakeUpReason->0 
09-07 14:29:36.771   532   568 I VPS     : VPS:IOCStatusInfo.DerivedIgnitionStatus->0 
09-07 14:29:36.771   532   568 I VPS     : VPS:IOCStatusInfo.PowerModeState->4 
09-07 14:29:36.771   532   568 I VPS     : VPS:IOCStatusInfo.SOCShutdownRequest->0 
09-07 14:29:36.771   532   568 I VPS     : VPS:IOCStatusInfo.AntiTheftState->0 
09-07 14:29:36.771   532   568 I VPS     : VPS:IOCStatusInfo.BatteryConnect->0 
09-07 14:29:36.784   512 13241 D HarmanHAL: StreamIn::getCapturePositionImpl
09-07 14:29:36.813   512 13169 I HarmanHal.Routing: hacs alsa node(pcmBtHfp_dl_pre_c) adtm interval_min:0 ms, inverval_max:10 ms, inverval_mean:7 ms!
09-07 14:29:36.813   512 13169 I HarmanHal.Routing:  in printADTM() PcmAlsaWrapper.cpp:876
09-07 14:29:36.815   512 13169 I HarmanHal.Routing: hacs alsa node(pcmHfp_dl_p) adtm interval_min:0 ms, inverval_max:11 ms, inverval_mean:8 ms!
09-07 14:29:36.815   512 13169 I HarmanHal.Routing:  in printADTM() PcmAlsaWrapper.cpp:876
09-07 14:29:36.815   512 13241 D HarmanHAL: StreamIn::getCapturePositionImpl
01-01 00:04:39.920     0     0 I IRQ 5   : no longer affine to CPU5
09-07 14:29:37.235   512 13241 I chatty  : uid=1041(audioserver) reader identical 13 lines
09-07 14:29:37.265   512 13241 D HarmanHAL: StreamIn::getCapturePositionImpl
09-07 14:29:37.280   512  3972 I HarmanHal.Routing: hacs alsa node(pcmMedia_p) adtm interval_min:0 ms, inverval_max:11 ms, inverval_mean:8 ms!
09-07 14:29:37.280   512  3972 I HarmanHal.Routing:  in printADTM() PcmAlsaWrapper.cpp:876
09-07 14:29:37.295   512 13241 D HarmanHAL: StreamIn::getCapturePositionImpl
09-07 14:29:37.424   512 13241 I chatty  : uid=1041(audioserver) reader identical 4 lines
09-07 14:29:37.454   512 13241 D HarmanHAL: StreamIn::getCapturePositionImpl
09-07 14:29:37.471   345   345 I Binder:345_2: type=1400 audit(0.0:3145): avc: denied { call } for scontext=u:r:carwatchdogd:s0 tcontext=u:r:hal_audio_default:s0 tclass=binder permissive=1
09-07 14:29:37.477   512   512 E android.hardware.audio@6.0-harman-service: [CXmlParser]: nodeset is empty for xpath: /audioConfiguration/EnableWatchdog
09-07 14:29:37.477   512   512 E android.hardware.audio@6.0-harman-service: [CXmlParser::GetOneEleValue] Xpath object is NULL. XPath: /audioConfiguration/EnableWatchdog
09-07 14:29:37.477   512   512 W HarmanHal: ConfigSettings::GetOneEleValue Error while reading the path /audioConfiguration/EnableWatchdog
09-07 14:29:37.477   512   512 W HarmanHal: ConfigSettings::GetOneEleValue Error in checkifWatchdogTobeEnabled
09-07 14:29:37.477   512   512 I HarmanHal: WatchdogClient::isClientHealthy, Value Of checkifWatchdogTobeEnabled:0
09-07 14:29:37.478   538   618 W ipcLib  : ipcLib: in ipc_lib. DV1 read called
09-07 14:29:37.484   512 13241 D HarmanHAL: StreamIn::getCapturePositionImpl
09-07 14:29:37.514   512 13241 D HarmanHAL: StreamIn::getCapturePositionImpl
09-07 14:29:37.554   512 13241 I HarmanHal.Routing: hacs alsa node(pcmTunerIn_c) adtm interval_min:29 ms, inverval_max:40 ms, inverval_mean:32 ms!
09-07 14:29:37.554   512 13241 I HarmanHal.Routing:  in printADTM() PcmAlsaWrapper.cpp:876
09-07 14:29:37.555   512 13241 D HarmanHAL: StreamIn::getCapturePositionImpl
09-07 14:29:37.645   512 13241 I chatty  : uid=1041(audioserver) reader identical 3 lines
09-07 14:29:37.675   512 13241 D HarmanHAL: StreamIn::getCapturePositionImpl
09-07 14:29:37.706   512 13133 I HarmanHal.Routing: hacs alsa node(pcmMicRefIn_c) adtm interval_min:0 ms, inverval_max:12 ms, inverval_mean:8 ms!
09-07 14:29:37.706   512 13133 I HarmanHal.Routing:  in printADTM() PcmAlsaWrapper.cpp:876
09-07 14:29:37.711   512 13159 I HarmanHal.Routing: hacs alsa node(pcmBtHfp_ul_pro_p) adtm interval_min:2 ms, inverval_max:14 ms, inverval_mean:8 ms!
09-07 14:29:37.711   512 13159 I HarmanHal.Routing:  in printADTM() PcmAlsaWrapper.cpp:876
09-07 14:29:37.715   512 13241 D HarmanHAL: StreamIn::getCapturePositionImpl
09-07 14:29:37.774   512 13241 I chatty  : uid=1041(audioserver) reader identical 2 lines
09-07 14:29:37.804   512 13241 D HarmanHAL: StreamIn::getCapturePositionImpl
09-07 14:29:37.814   512 13169 I HarmanHal.Routing: hacs alsa node(pcmBtHfp_dl_pre_c) adtm interval_min:0 ms, inverval_max:11 ms, inverval_mean:8 ms!
09-07 14:29:37.814   512 13169 I HarmanHal.Routing:  in printADTM() PcmAlsaWrapper.cpp:876
09-07 14:29:37.815   512 13169 I HarmanHal.Routing: hacs alsa node(pcmHfp_dl_p) adtm interval_min:0 ms, inverval_max:11 ms, inverval_mean:8 ms!
09-07 14:29:37.815   512 13169 I HarmanHal.Routing:  in printADTM() PcmAlsaWrapper.cpp:876
09-07 14:29:37.834   512 13241 D HarmanHAL: StreamIn::getCapturePositionImpl
09-07 14:29:38.065   512 13241 I chatty  : uid=1041(audioserver) reader identical 7 lines
09-07 14:29:38.095   512 13241 D HarmanHAL: StreamIn::getCapturePositionImpl
09-07 14:29:38.118   512 13158 D AudioProcessing: sseApply [handle 0xbc80d90][type 512] start..
09-07 14:29:38.118   512 13158 D AudioProcessing: sseProcess ul audioIO content print-1 [256] [2] [4] [1] 
09-07 14:29:38.118   512 13158 D AudioProcessing: sseProcess ul audioIO content print-2 [6] [1] [0x3bcbc5a0] [0x5bc7ede0] 
09-07 14:29:38.118   512 13158 D AudioProcessing: sseProcess ul audioIO content print-3 [0x1bca1320 [0x8bc84110] [0x1bc9f9b0] sse->pMain is [0x2bca4a60] 
09-07 14:29:38.119   512 13158 D AudioProcessing: sseProcess ul [handle 0xbc80d90]  ret[0]
09-07 14:29:38.119   512 13158 D AudioProcessing: sseProcess ul AudioBufferSampleCnt[256] type[512] finish..
09-07 14:29:38.124   512 13241 D HarmanHAL: StreamIn::getCapturePositionImpl
09-07 14:29:38.154   512 13241 I chatty  : uid=1041(audioserver) reader identical 1 line
09-07 14:29:38.195   512 13241 D HarmanHAL: StreamIn::getCapturePositionImpl
09-07 14:29:38.223   512 13169 D AudioProcessing: sseApply [handle 0xbc83090][type 768] start..
09-07 14:29:38.223   512 13169 D AudioProcessing: sseProcess dl audioIO content print-1 [256] [2] [1] [1] 
09-07 14:29:38.223   512 13169 D AudioProcessing: sseProcess dl audioIO content print-2 [1] [1] [0x0xb40000763bcc28d0] [0x0xb40000761bca6b00] 
09-07 14:29:38.223   512 13169 D AudioProcessing: sseProcess dl audioIO content print-3 [0x0xb40000761bca7fd0] [0x0xb40000761bcabe40] [0x0xb40000761bca5880] sse->pMain is [0x0xb40000772bcb4e80] 
09-07 14:29:38.224   512 13169 D AudioProcessing: sseProcess dl [handle 0xbc83090] ret[0]
09-07 14:29:38.224   512 13169 D AudioProcessing: sseProcess dl AudioBufferSampleCnt[256] type[768] finish..
09-07 14:29:38.224   512 13241 D HarmanHAL: StreamIn::getCapturePositionImpl
09-07 14:29:38.254   512 13241 D HarmanHAL: StreamIn::getCapturePositionImpl
09-07 14:29:38.280   512  3972 I HarmanHal.Routing: hacs alsa node(pcmMedia_p) adtm interval_min:1 ms, inverval_max:11 ms, inverval_mean:8 ms!
09-07 14:29:38.280   512  3972 I HarmanHal.Routing:  in printADTM() PcmAlsaWrapper.cpp:876
09-07 14:29:38.284   512 13241 D HarmanHAL: StreamIn::getCapturePositionImpl
09-07 14:29:38.444   512 13241 I chatty  : uid=1041(audioserver) reader identical 5 lines
09-07 14:29:38.474   512 13241 D HarmanHAL: StreamIn::getCapturePositionImpl
09-07 14:29:38.478   538   618 W ipcLib  : ipcLib: in ipc_lib. DV1 read called
09-07 14:29:38.515   512 13241 D HarmanHAL: StreamIn::getCapturePositionImpl
09-07 14:29:38.544   512 13241 I HarmanHal.Routing: hacs alsa node(pcmTunerIn_c) adtm interval_min:29 ms, inverval_max:41 ms, inverval_mean:31 ms!
09-07 14:29:38.544   512 13241 I HarmanHal.Routing:  in printADTM() PcmAlsaWrapper.cpp:876
09-07 14:29:38.545   512 13241 D HarmanHAL: StreamIn::getCapturePositionImpl
09-07 14:29:38.674   512 13241 I chatty  : uid=1041(audioserver) reader identical 4 lines
09-07 14:29:38.705   512 13241 D HarmanHAL: StreamIn::getCapturePositionImpl
09-07 14:29:38.706   512 13133 I HarmanHal.Routing: hacs alsa node(pcmMicRefIn_c) adtm interval_min:0 ms, inverval_max:11 ms, inverval_mean:8 ms!
09-07 14:29:38.706   512 13133 I HarmanHal.Routing:  in printADTM() PcmAlsaWrapper.cpp:876
09-07 14:29:38.711   512 13159 I HarmanHal.Routing: hacs alsa node(pcmBtHfp_ul_pro_p) adtm interval_min:2 ms, inverval_max:12 ms, inverval_mean:8 ms!
09-07 14:29:38.711   512 13159 I HarmanHal.Routing:  in printADTM() PcmAlsaWrapper.cpp:876
09-07 14:29:38.735   512 13241 D HarmanHAL: StreamIn::getCapturePositionImpl
09-07 14:29:38.765   512 13241 I chatty  : uid=1041(audioserver) reader identical 1 line
09-07 14:29:38.795   512 13241 D HarmanHAL: StreamIn::getCapturePositionImpl
09-07 14:29:38.813   512 13169 I HarmanHal.Routing: hacs alsa node(pcmBtHfp_dl_pre_c) adtm interval_min:0 ms, inverval_max:10 ms, inverval_mean:7 ms!
09-07 14:29:38.813   512 13169 I HarmanHal.Routing:  in printADTM() PcmAlsaWrapper.cpp:876
09-07 14:29:38.815   512 13169 I HarmanHal.Routing: hacs alsa node(pcmHfp_dl_p) adtm interval_min:0 ms, inverval_max:11 ms, inverval_mean:8 ms!
09-07 14:29:38.815   512 13169 I HarmanHal.Routing:  in printADTM() PcmAlsaWrapper.cpp:876
09-07 14:29:38.836   512 13241 D HarmanHAL: StreamIn::getCapturePositionImpl
09-07 14:29:38.865   512 13241 D HarmanHAL: StreamIn::getCapturePositionImpl
09-07 14:29:38.870   532   569 W ipcLib  : ipcLib: in ipc_lib. DV1 read called
09-07 14:29:38.871   532   568 I VPS     : VPS:IOCStatusInfo.VoltageStatus->0 
09-07 14:29:38.871   532   568 I VPS     : VPS:IOCStatusInfo.IOCStatusCmd->a6 
09-07 14:29:38.871   532   568 I VPS     : VPS:IOCStatusInfo.WakeUpReason->0 
09-07 14:29:38.871   532   568 I VPS     : VPS:IOCStatusInfo.DerivedIgnitionStatus->0 
09-07 14:29:38.871   532   568 I VPS     : VPS:IOCStatusInfo.PowerModeState->4 
09-07 14:29:38.871   532   568 I VPS     : VPS:IOCStatusInfo.SOCShutdownRequest->0 
09-07 14:29:38.871   532   568 I VPS     : VPS:IOCStatusInfo.AntiTheftState->0 
09-07 14:29:38.871   532   568 I VPS     : VPS:IOCStatusInfo.BatteryConnect->0 
09-07 14:29:38.895   512 13241 D HarmanHAL: StreamIn::getCapturePositionImpl
09-07 14:29:38.954   512 13241 I chatty  : uid=1041(audioserver) reader identical 2 lines
09-07 14:29:38.995   512 13241 D HarmanHAL: StreamIn::getCapturePositionImpl
09-07 14:29:39.000   532   569 I VPS     : VPS:VehiclePlatformSOCHeartBeatHandler IVI HeartBeat sent successfully SOCHeartBeatInfo.SOCStatus->2
09-07 14:29:39.000   532   569 W ipcLib  : ipcLib: in ipc_lib. DV1 write called
09-07 14:29:39.002   532   569 W ipcLib  : ipcLib: in ipc_lib. DV1 read called
09-07 14:29:39.024   512 13241 D HarmanHAL: StreamIn::getCapturePositionImpl
01-01 00:04:42.063     0     0 I init    : starting service 'qccsyshalservice'...
01-01 00:04:42.071     0     0 I init    : starting service 'vendor.sensors-hal-1-0'...
01-01 00:04:42.081     0     0 I init    : starting service 'LogManager'...
09-07 14:29:39.054   512 13241 I chatty  : uid=1041(audioserver) reader identical 1 line
09-07 14:29:39.084   512 13241 D HarmanHAL: StreamIn::getCapturePositionImpl
09-07 14:29:39.099 16318 16318 I qccsyshalservice: Start with system binder
09-07 14:29:39.099 16318 16318 I qccsyshalservice: Registering qccsyshal service...
09-07 14:29:39.100   376   376 I hwservicemanager: getTransport: Cannot find entry vendor.qti.hardware.qccsyshal@1.0::IQccsyshal/qccsyshal in either framework or device manifest.
09-07 14:29:39.101 16318 16318 E HidlServiceManagement: Service vendor.qti.hardware.qccsyshal@1.0::IQccsyshal/qccsyshal must be in VINTF manifest in order to register/get.
09-07 14:29:39.101 16318 16318 E qccsyshalservice: [ERROR] registerAsService() failed with status: -2147483648
01-01 00:04:42.100     0     0 I init    : Service 'qccsyshalservice' (pid 16318) exited with status 1
01-01 00:04:42.100     0     0 I init    : Sending signal 9 to service 'qccsyshalservice' (pid 16318) process group...
01-01 00:04:42.101     0     0 I libprocessgroup: Successfully killed process cgroup uid 1000 pid 16318 in 0ms
09-07 14:29:39.115   512 13241 D HarmanHAL: StreamIn::getCapturePositionImpl
09-07 14:29:39.117   376   376 I hwservicemanager: getTransport: Cannot find entry android.hardware.sensors@1.0::ISensors/default in either framework or device manifest.
09-07 14:29:39.119 16319 16319 E android.hardware.sensors@1.0-service: Couldn't load sensors module (Unknown error -2147483648)
09-07 14:29:39.119 16319 16319 D RefBase : RefBase: Explicit destruction, weak count = 0 (in 0xb400007d6fff06e8)
09-07 14:29:39.119 16319 16319 W RefBase : CallStack::getCurrentInternal not linked, returning null
09-07 14:29:39.119 16319 16319 W RefBase : CallStack::logStackInternal not linked
09-07 14:29:39.120 16319 16319 E LegacySupport: Could not get passthrough implementation for android.hardware.sensors@1.0::ISensors/default.
09-07 14:29:39.122 16320 16320 D LOGMANAGER: LOGMANAGER HAL service init() start
09-07 14:29:39.123 16320 16320 D LOGMANAGER: Logmanager configured rpcthreadpool
09-07 14:29:39.119 16320 16320 I vendor.harman.L: type=1400 audit(0.0:3146): avc: denied { read } for name="u:object_r:hwservicemanager_prop:s0" dev="tmpfs" ino=24519 scontext=u:r:logmanagerd:s0 tcontext=u:object_r:hwservicemanager_prop:s0 tclass=file permissive=1
09-07 14:29:39.119 16320 16320 I vendor.harman.L: type=1400 audit(0.0:3147): avc: denied { open } for path="/dev/__properties__/u:object_r:hwservicemanager_prop:s0" dev="tmpfs" ino=24519 scontext=u:r:logmanagerd:s0 tcontext=u:object_r:hwservicemanager_prop:s0 tclass=file permissive=1
09-07 14:29:39.119 16320 16320 I vendor.harman.L: type=1400 audit(0.0:3148): avc: denied { getattr } for path="/dev/__properties__/u:object_r:hwservicemanager_prop:s0" dev="tmpfs" ino=24519 scontext=u:r:logmanagerd:s0 tcontext=u:object_r:hwservicemanager_prop:s0 tclass=file permissive=1
09-07 14:29:39.119 16320 16320 I vendor.harman.L: type=1400 audit(0.0:3149): avc: denied { map } for path="/dev/__properties__/u:object_r:hwservicemanager_prop:s0" dev="tmpfs" ino=24519 scontext=u:r:logmanagerd:s0 tcontext=u:object_r:hwservicemanager_prop:s0 tclass=file permissive=1
09-07 14:29:39.125 16320 16320 I HidlServiceManagement: Registered vendor.harman.hardware.LogManager@1.0::ILogManager/default
01-01 00:04:42.112     0     0 I init    : Service 'vendor.sensors-hal-1-0' (pid 16319) exited with status 1
09-07 14:29:39.126 16320 16320 D LOGMANAGER: Logmanager HAL Service is registered and ready
01-01 00:04:42.112     0     0 I init    : Sending signal 9 to service 'vendor.sensors-hal-1-0' (pid 16319) process group...
09-07 14:29:39.126 16320 16320 I LOGMANAGER: ThreadPoolWrapper::initThreadPool
01-01 00:04:42.113     0     0 I libprocessgroup: Successfully killed process cgroup uid 1000 pid 16319 in 0ms
09-07 14:29:39.126 16320 16320 I LOGMANAGER: ThreadPoolWrapper : exit
09-07 14:29:39.126 16320 16320 D LOGMANAGER: Logmanager threadpoolwrapper created
09-07 14:29:39.126 16320 16320 D LOGMANAGER: User argument is -c
09-07 14:29:39.126 16320 16324 I LOGMANAGER: ThreadPoolWrapper:  enter the joinRpcThreadpool()
09-07 14:29:39.126 16320 16320 I LOGMANAGER: LogmanagerConfig is configured under config file
09-07 14:29:39.126 16320 16320 I LOGMANAGER: LoggingLevel is : 4
09-07 14:29:39.126 16320 16320 I LOGMANAGER: LogEnableState is : 0
09-07 14:29:39.126 16320 16320 I LOGMANAGER: OutputPluginConfiguration PluginType : LOGWRITTER
09-07 14:29:39.126 16320 16320 I LOGMANAGER: LM_OutputConfiguration : 1
09-07 14:29:39.126 16320 16320 I LOGMANAGER: LM_OfflineTraceDirectory : /data/cache
09-07 14:29:39.127 16320 16320 I LOGMANAGER: LM_OfflineTraceFILESize : 1000000
09-07 14:29:39.127 16320 16320 I LOGMANAGER: LM_OfflineTotalFILESSize : 20000000
09-07 14:29:39.127 16320 16320 I LOGMANAGER: LM_FileNameTimeStampBased : 0
09-07 14:29:39.127 16320 16320 I LOGMANAGER: Got IOC plugin
09-07 14:29:39.127 16320 16320 I LOGMANAGER: IOCIPCChannelNumber :6
09-07 14:29:39.127 16320 16320 I LOGMANAGER: keyseq: HOME + VOLUMEDOWN  for domain is AudioDump
09-07 14:29:39.127 16320 16320 I LOGMANAGER: keyseq: HOME + VOLUMEUP  for domain is HCIDump
09-07 14:29:39.127 16320 16320 I LOGMANAGER: Domains parsing is done
01-01 00:04:42.117     0     0 W audit   : audit_lost=1494 audit_rate_limit=5 audit_backlog_limit=64
01-01 00:04:42.117     0     0 E audit   : rate limit exceeded
09-07 14:29:39.123 16320 16320 I vendor.harman.L: type=1400 audit(0.0:3150): avc: denied { dac_read_search } for capability=2 scontext=u:r:logmanagerd:s0 tcontext=u:r:logmanagerd:s0 tclass=capability permissive=1
09-07 14:29:39.132 16320 16320 E LOGMANAGER: Failed to load plugin /vendor/lib64/libIOCDLogReader.so with error code dlopen failed: library "/vendor/lib64/libIOCDLogReader.so" not found 
09-07 14:29:39.123 16320 16320 I vendor.harman.L: type=1400 audit(0.0:3151): avc: denied { search } for name="cache" dev="dm-4" ino=262146 scontext=u:r:logmanagerd:s0 tcontext=u:object_r:cache_file:s0 tclass=dir permissive=1
09-07 14:29:39.132 16320 16320 F libc    : Fatal signal 11 (SIGSEGV), code 1 (SEGV_MAPERR), fault addr 0x0 in tid 16320 (vendor.harman.L), pid 16320 (vendor.harman.L)
09-07 14:29:39.123 16320 16320 I vendor.harman.L: type=1400 audit(0.0:3152): avc: denied { dac_override } for capability=1 scontext=u:r:logmanagerd:s0 tcontext=u:r:logmanagerd:s0 tclass=capability permissive=1
09-07 14:29:39.154   512 13241 D HarmanHAL: StreamIn::getCapturePositionImpl
09-07 14:29:39.164 16327 16327 I crash_dump64: obtaining output fd from tombstoned, type: kDebuggerdTombstone
09-07 14:29:39.165   463   463 I tombstoned: received crash request for pid 16320
09-07 14:29:39.166 16327 16327 I crash_dump64: performing dump of process 16320 (target tid = 16320)
09-07 14:29:39.169 16327 16327 F DEBUG   : *** *** *** *** *** *** *** *** *** *** *** *** *** *** *** ***
09-07 14:29:39.169 16327 16327 F DEBUG   : Build fingerprint: 'qti/titan_tml_b2/titan_tml_b2:11/RQ3A.210605.005/eng.ksong.20210907.134230:userdebug/test-keys'
09-07 14:29:39.169 16327 16327 F DEBUG   : Revision: '0'
09-07 14:29:39.170 16327 16327 F DEBUG   : ABI: 'arm64'
09-07 14:29:39.171 16327 16327 F DEBUG   : Timestamp: 2021-09-07 14:29:39+0000
09-07 14:29:39.171 16327 16327 F DEBUG   : pid: 16320, tid: 16320, name: vendor.harman.L  >>> /vendor/bin/hw/vendor.harman.LogManager@1.0-service <<<
09-07 14:29:39.171 16327 16327 F DEBUG   : uid: 0
09-07 14:29:39.171 16327 16327 F DEBUG   : signal 11 (SIGSEGV), code 1 (SEGV_MAPERR), fault addr 0x0
09-07 14:29:39.171 16327 16327 F DEBUG   : Cause: null pointer dereference
09-07 14:29:39.171 16327 16327 F DEBUG   :     x0  0000000000000000  x1  0000000000000000  x2  0000000000080001  x3  0000000000000000
09-07 14:29:39.172 16327 16327 F DEBUG   :     x4  0000000000000000  x5  0000000000000090  x6  fefefefefefefeff  x7  7f7f7f7f7f7f7f7f
09-07 14:29:39.172 16327 16327 F DEBUG   :     x8  0101010101010101  x9  7411a95e346d3390  x10 0000007fdd3d2998  x11 fffffffffffffffd
09-07 14:29:39.172 16327 16327 F DEBUG   :     x12 0000007fdd3d2b20  x13 000000000000008e  x14 0007a11f9b9fe800  x15 0000000034155555
09-07 14:29:39.172 16327 16327 F DEBUG   :     x16 00000063703e77e0  x17 0000007f8d9d1b30  x18 0000007f8ed58000  x19 0000000000000000
09-07 14:29:39.172 16327 16327 F DEBUG   :     x20 0000007f8d238c50  x21 0000007fdd3d3239  x22 b400007e8d12b888  x23 0000007fdd3d3258
09-07 14:29:39.172 16327 16327 F DEBUG   :     x24 0000000000000000  x25 0000007f8dd8a000  x26 0000007fdd3d3239  x27 0000007fdd3d3209
09-07 14:29:39.172 16327 16327 F DEBUG   :     x28 0000000000000000  x29 0000007fdd3d3140
09-07 14:29:39.172 16327 16327 F DEBUG   :     lr  00000063703de048  sp  0000007fdd3d3140  pc  0000007f8d9d1b40  pst 0000000080000000
09-07 14:29:39.177 16327 16327 F DEBUG   : backtrace:
09-07 14:29:39.178 16327 16327 F DEBUG   :       #00 pc 000000000004ab40  /apex/com.android.runtime/lib64/bionic/libc.so (strlen_default+16) (BuildId: 2b7c6e33413ac7278a15dfc3ea383089)
09-07 14:29:39.178 16327 16327 F DEBUG   :       #01 pc 0000000000009044  /vendor/bin/hw/vendor.harman.LogManager@1.0-service (BuildId: 3e966ab64050b441b920ba0e8960d123)
09-07 14:29:39.178 16327 16327 F DEBUG   :       #02 pc 0000000000008df0  /vendor/bin/hw/vendor.harman.LogManager@1.0-service (LM::LogManagerImpl::load_plugin_conf(void*, std::__1::basic_string<char, std::__1::char_traits<char>, std::__1::allocator<char> >, std::__1::multimap<std::__1::basic_string<char, std::__1::char_traits<char>, std::__1::allocator<char> >, int, std::__1::less<std::__1::basic_string<char, std::__1::char_traits<char>, std::__1::allocator<char> > >, std::__1::allocator<std::__1::pair<std::__1::basic_string<char, std::__1::char_traits<char>, std::__1::allocator<char> > const, int> > >&)+752) (BuildId: 3e966ab64050b441b920ba0e8960d123)
09-07 14:29:39.178 16327 16327 F DEBUG   :       #03 pc 00000000000088c0  /vendor/bin/hw/vendor.harman.LogManager@1.0-service (LM::LogManagerImpl::loadplugins()+436) (BuildId: 3e966ab64050b441b920ba0e8960d123)
09-07 14:29:39.179 16327 16327 F DEBUG   :       #04 pc 0000000000007af8  /vendor/bin/hw/vendor.harman.LogManager@1.0-service (main+1112) (BuildId: 3e966ab64050b441b920ba0e8960d123)
09-07 14:29:39.179 16327 16327 F DEBUG   :       #05 pc 000000000004988c  /apex/com.android.runtime/lib64/bionic/libc.so (__libc_init+108) (BuildId: 2b7c6e33413ac7278a15dfc3ea383089)
09-07 14:29:39.184   512 13241 D HarmanHAL: StreamIn::getCapturePositionImpl
01-01 00:04:42.203     0     0 D logd    : logdr: UID=0 GID=1000 PID=16327 n tail=50 logMask=8 pid=16320 start=0ns timeout=0ns
01-01 00:04:42.212     0     0 D logd    : logdr: UID=0 GID=1000 PID=16327 n tail=50 logMask=1 pid=16320 start=0ns timeout=0ns
01-01 00:04:42.235     0     0 D logd    : logdr: UID=0 GID=1000 PID=16327 n tail=0 logMask=8 pid=16320 start=0ns timeout=0ns
09-07 14:29:39.264  1033  1270 W NativeCrashListener: Couldn't find ProcessRecord for pid 16320
09-07 14:29:39.215   512 13241 I chatty  : uid=1041(audioserver) reader identical 1 line
09-07 14:29:39.245   512 13241 D HarmanHAL: StreamIn::getCapturePositionImpl
09-07 14:29:39.264 16327 16327 E crash_dump64: AM data write failed: Broken pipe
09-07 14:29:39.266   463   463 E tombstoned: Tombstone written to: /data/tombstones/tombstone_22
01-01 00:04:42.261     0     0 I init    : Untracked pid 16327 exited with status 0
09-07 14:29:39.274  1033  1095 I BootReceiver: Copying /data/tombstones/tombstone_22 to DropBox (SYSTEM_TOMBSTONE)
09-07 14:29:39.274   512 13241 D HarmanHAL: StreamIn::getCapturePositionImpl
09-07 14:29:39.276  1033  1095 I DropBoxManagerService: add tag=SYSTEM_TOMBSTONE isTagEnabled=true flags=0x2
09-07 14:29:39.280   512  3972 I HarmanHal.Routing: hacs alsa node(pcmMedia_p) adtm interval_min:0 ms, inverval_max:11 ms, inverval_mean:8 ms!
09-07 14:29:39.280   512  3972 I HarmanHal.Routing:  in printADTM() PcmAlsaWrapper.cpp:876
09-07 14:29:39.314   512 13241 D HarmanHAL: StreamIn::getCapturePositionImpl
09-07 14:29:39.434   512 13241 I chatty  : uid=1041(audioserver) reader identical 4 lines
09-07 14:29:39.474   512 13241 D HarmanHAL: StreamIn::getCapturePositionImpl
09-07 14:29:39.479   538   618 W ipcLib  : ipcLib: in ipc_lib. DV1 read called
09-07 14:29:39.505   512 13241 D HarmanHAL: StreamIn::getCapturePositionImpl
09-07 14:29:39.534   512 13241 I HarmanHal.Routing: hacs alsa node(pcmTunerIn_c) adtm interval_min:29 ms, inverval_max:41 ms, inverval_mean:31 ms!
09-07 14:29:39.534   512 13241 I HarmanHal.Routing:  in printADTM() PcmAlsaWrapper.cpp:876
09-07 14:29:39.534   512 13241 D HarmanHAL: StreamIn::getCapturePositionImpl
09-07 14:29:39.665   512 13241 I chatty  : uid=1041(audioserver) reader identical 4 lines
09-07 14:29:39.694   512 13241 D HarmanHAL: StreamIn::getCapturePositionImpl
09-07 14:29:39.706   512 13133 I HarmanHal.Routing: hacs alsa node(pcmMicRefIn_c) adtm interval_min:0 ms, inverval_max:11 ms, inverval_mean:8 ms!
09-07 14:29:39.706   512 13133 I HarmanHal.Routing:  in printADTM() PcmAlsaWrapper.cpp:876
09-07 14:29:39.711   512 13159 I HarmanHal.Routing: hacs alsa node(pcmBtHfp_ul_pro_p) adtm interval_min:2 ms, inverval_max:12 ms, inverval_mean:8 ms!
09-07 14:29:39.711   512 13159 I HarmanHal.Routing:  in printADTM() PcmAlsaWrapper.cpp:876
09-07 14:29:39.718   512 13158 D AudioProcessing: sseApply [handle 0xbc80d90][type 512] start..
09-07 14:29:39.718   512 13158 D AudioProcessing: sseProcess ul audioIO content print-1 [256] [2] [4] [1] 
09-07 14:29:39.718   512 13158 D AudioProcessing: sseProcess ul audioIO content print-2 [6] [1] [0x3bcbc5a0] [0x5bc7ede0] 
09-07 14:29:39.718   512 13158 D AudioProcessing: sseProcess ul audioIO content print-3 [0x1bca1320 [0x8bc84110] [0x1bc9f9b0] sse->pMain is [0x2bca4a60] 
09-07 14:29:39.719   512 13158 D AudioProcessing: sseProcess ul [handle 0xbc80d90]  ret[0]
09-07 14:29:39.719   512 13158 D AudioProcessing: sseProcess ul AudioBufferSampleCnt[256] type[512] finish..
09-07 14:29:39.724   512 13241 D HarmanHAL: StreamIn::getCapturePositionImpl
09-07 14:29:39.742   537   722 I TunerCommon: CTunerTimer::startTimer: altMsecTimeout = 15000
09-07 14:29:39.742   537   711 W TunerCommon: EventThd::run:deliverEvent: OK
09-07 14:29:39.754   512 13241 D HarmanHAL: StreamIn::getCapturePositionImpl
09-07 14:29:39.767   536   612 E pathology: [ProcessCrashHandler:: parseTombstoneFileName]string not found
09-07 14:29:39.767   536   612 I chatty  : uid=0(root) vendor.harman.p identical 4 lines
09-07 14:29:39.768   536   612 E pathology: [ProcessCrashHandler:: parseTombstoneFileName]string not found
09-07 14:29:39.795   512 13241 D HarmanHAL: StreamIn::getCapturePositionImpl
09-07 14:29:39.814   512 13169 I HarmanHal.Routing: hacs alsa node(pcmBtHfp_dl_pre_c) adtm interval_min:0 ms, inverval_max:10 ms, inverval_mean:8 ms!
09-07 14:29:39.814   512 13169 I HarmanHal.Routing:  in printADTM() PcmAlsaWrapper.cpp:876
09-07 14:29:39.815   512 13169 I HarmanHal.Routing: hacs alsa node(pcmHfp_dl_p) adtm interval_min:0 ms, inverval_max:11 ms, inverval_mean:8 ms!
09-07 14:29:39.815   512 13169 I HarmanHal.Routing:  in printADTM() PcmAlsaWrapper.cpp:876
09-07 14:29:39.823   512 13169 D AudioProcessing: sseApply [handle 0xbc83090][type 768] start..
09-07 14:29:39.823   512 13169 D AudioProcessing: sseProcess dl audioIO content print-1 [256] [2] [1] [1] 
09-07 14:29:39.823   512 13169 D AudioProcessing: sseProcess dl audioIO content print-2 [1] [1] [0x0xb40000763bcc28d0] [0x0xb40000761bca6b00] 
09-07 14:29:39.823   512 13169 D AudioProcessing: sseProcess dl audioIO content print-3 [0x0xb40000761bca7fd0] [0x0xb40000761bcabe40] [0x0xb40000761bca5880] sse->pMain is [0x0xb40000772bcb4e80] 
09-07 14:29:39.824   512 13169 D AudioProcessing: sseProcess dl [handle 0xbc83090] ret[0]
09-07 14:29:39.824   512 13169 D AudioProcessing: sseProcess dl AudioBufferSampleCnt[256] type[768] finish..
09-07 14:29:39.824   512 13241 D HarmanHAL: StreamIn::getCapturePositionImpl
09-07 14:29:40.174   512 13241 I chatty  : uid=1041(audioserver) reader identical 11 lines
09-07 14:29:40.205   512 13241 D HarmanHAL: StreamIn::getCapturePositionImpl
09-07 14:29:40.219   536   536 I vendor.harman.p: type=1400 audit(0.0:3176): avc: denied { write } for name="2" dev="dm-4" ino=49241 scontext=u:r:pathologyd:s0 tcontext=u:object_r:vendor_data_file:s0 tclass=dir permissive=1
09-07 14:29:40.219   536   536 I vendor.harman.p: type=1400 audit(0.0:3177): avc: denied { remove_name } for name="GPUMONITOR_PF_1631024830.lz4" dev="dm-4" ino=49330 scontext=u:r:pathologyd:s0 tcontext=u:object_r:vendor_data_file:s0 tclass=dir permissive=1
09-07 14:29:40.219   536   536 I vendor.harman.p: type=1400 audit(0.0:3178): avc: denied { unlink } for name="GPUMONITOR_PF_1631024830.lz4" dev="dm-4" ino=49330 scontext=u:r:pathologyd:s0 tcontext=u:object_r:vendor_data_file:s0 tclass=file permissive=1
01-01 00:04:43.218     0     0 W audit   : audit_lost=1517 audit_rate_limit=5 audit_backlog_limit=64
09-07 14:29:40.223   536   536 I vendor.harman.p: type=1400 audit(0.0:3179): avc: denied { add_name } for name="PROCCRASH_PF_1631024979.lz4" scontext=u:r:pathologyd:s0 tcontext=u:object_r:vendor_data_file:s0 tclass=dir permissive=1
01-01 00:04:43.218     0     0 E audit   : rate limit exceeded
09-07 14:29:40.223   536   536 I vendor.harman.p: type=1400 audit(0.0:3180): avc: denied { create } for name="PROCCRASH_PF_1631024979.lz4" scontext=u:r:pathologyd:s0 tcontext=u:object_r:vendor_data_file:s0 tclass=file permissive=1
09-07 14:29:40.234   512 13241 D HarmanHAL: StreamIn::getCapturePositionImpl
09-07 14:29:40.275   512 13241 D HarmanHAL: StreamIn::getCapturePositionImpl
09-07 14:29:40.280   512  3972 I HarmanHal.Routing: hacs alsa node(pcmMedia_p) adtm interval_min:1 ms, inverval_max:10 ms, inverval_mean:8 ms!
09-07 14:29:40.280   512  3972 I HarmanHal.Routing:  in printADTM() PcmAlsaWrapper.cpp:876
09-07 14:29:40.304   512 13241 D HarmanHAL: StreamIn::getCapturePositionImpl
09-07 14:29:40.434   512 13241 I chatty  : uid=1041(audioserver) reader identical 4 lines
09-07 14:29:40.464   512 13241 D HarmanHAL: StreamIn::getCapturePositionImpl
09-07 14:29:40.479   538   618 W ipcLib  : ipcLib: in ipc_lib. DV1 read called
09-07 14:29:40.495   512 13241 D HarmanHAL: StreamIn::getCapturePositionImpl
09-07 14:29:40.524   512 13241 I HarmanHal.Routing: hacs alsa node(pcmTunerIn_c) adtm interval_min:30 ms, inverval_max:40 ms, inverval_mean:31 ms!
09-07 14:29:40.524   512 13241 I HarmanHal.Routing:  in printADTM() PcmAlsaWrapper.cpp:876
09-07 14:29:40.525   512 13241 D HarmanHAL: StreamIn::getCapturePositionImpl
09-07 14:29:40.654   512 13241 I chatty  : uid=1041(audioserver) reader identical 4 lines
09-07 14:29:40.684   512 13241 D HarmanHAL: StreamIn::getCapturePositionImpl
09-07 14:29:40.705   512 13133 I HarmanHal.Routing: hacs alsa node(pcmMicRefIn_c) adtm interval_min:0 ms, inverval_max:11 ms, inverval_mean:7 ms!
09-07 14:29:40.705   512 13133 I HarmanHal.Routing:  in printADTM() PcmAlsaWrapper.cpp:876
09-07 14:29:40.711   512 13159 I HarmanHal.Routing: hacs alsa node(pcmBtHfp_ul_pro_p) adtm interval_min:2 ms, inverval_max:12 ms, inverval_mean:8 ms!
09-07 14:29:40.711   512 13159 I HarmanHal.Routing:  in printADTM() PcmAlsaWrapper.cpp:876
09-07 14:29:40.714   512 13241 D HarmanHAL: StreamIn::getCapturePositionImpl
09-07 14:29:40.754   512 13241 I chatty  : uid=1041(audioserver) reader identical 1 line
09-07 14:29:40.785   512 13241 D HarmanHAL: StreamIn::getCapturePositionImpl
09-07 14:29:40.813   512 13169 I HarmanHal.Routing: hacs alsa node(pcmBtHfp_dl_pre_c) adtm interval_min:0 ms, inverval_max:10 ms, inverval_mean:7 ms!
09-07 14:29:40.813   512 13169 I HarmanHal.Routing:  in printADTM() PcmAlsaWrapper.cpp:876
09-07 14:29:40.815   512 13169 I HarmanHal.Routing: hacs alsa node(pcmHfp_dl_p) adtm interval_min:0 ms, inverval_max:11 ms, inverval_mean:8 ms!
09-07 14:29:40.815   512 13169 I HarmanHal.Routing:  in printADTM() PcmAlsaWrapper.cpp:876
09-07 14:29:40.816   512 13241 D HarmanHAL: StreamIn::getCapturePositionImpl
09-07 14:29:40.915   512 13241 I chatty  : uid=1041(audioserver) reader identical 3 lines
09-07 14:29:40.945   512 13241 D HarmanHAL: StreamIn::getCapturePositionImpl
09-07 14:29:40.970   532   569 W ipcLib  : ipcLib: in ipc_lib. DV1 read called
09-07 14:29:40.971   532   568 I VPS     : VPS:IOCStatusInfo.VoltageStatus->0 
09-07 14:29:40.971   532   568 I VPS     : VPS:IOCStatusInfo.IOCStatusCmd->a6 
09-07 14:29:40.971   532   568 I VPS     : VPS:IOCStatusInfo.WakeUpReason->0 
09-07 14:29:40.971   532   568 I VPS     : VPS:IOCStatusInfo.DerivedIgnitionStatus->0 
09-07 14:29:40.971   532   568 I VPS     : VPS:IOCStatusInfo.PowerModeState->4 
09-07 14:29:40.971   532   568 I VPS     : VPS:IOCStatusInfo.SOCShutdownRequest->0 
09-07 14:29:40.971   532   568 I VPS     : VPS:IOCStatusInfo.AntiTheftState->0 
09-07 14:29:40.971   532   568 I VPS     : VPS:IOCStatusInfo.BatteryConnect->0 
09-07 14:29:40.975   512 13241 D HarmanHAL: StreamIn::getCapturePositionImpl
09-07 14:29:41.235   512 13241 I chatty  : uid=1041(audioserver) reader identical 8 lines
09-07 14:29:41.265   512 13241 D HarmanHAL: StreamIn::getCapturePositionImpl
09-07 14:29:41.280   512  3972 I HarmanHal.Routing: hacs alsa node(pcmMedia_p) adtm interval_min:0 ms, inverval_max:11 ms, inverval_mean:8 ms!
09-07 14:29:41.280   512  3972 I HarmanHal.Routing:  in printADTM() PcmAlsaWrapper.cpp:876
09-07 14:29:41.294   512 13241 D HarmanHAL: StreamIn::getCapturePositionImpl
09-07 14:29:41.318   512 13158 D AudioProcessing: sseApply [handle 0xbc80d90][type 512] start..
09-07 14:29:41.318   512 13158 D AudioProcessing: sseProcess ul audioIO content print-1 [256] [2] [4] [1] 
09-07 14:29:41.318   512 13158 D AudioProcessing: sseProcess ul audioIO content print-2 [6] [1] [0x3bcbc5a0] [0x5bc7ede0] 
09-07 14:29:41.318   512 13158 D AudioProcessing: sseProcess ul audioIO content print-3 [0x1bca1320 [0x8bc84110] [0x1bc9f9b0] sse->pMain is [0x2bca4a60] 
09-07 14:29:41.319   512 13158 D AudioProcessing: sseProcess ul [handle 0xbc80d90]  ret[0]
09-07 14:29:41.319   512 13158 D AudioProcessing: sseProcess ul AudioBufferSampleCnt[256] type[512] finish..
09-07 14:29:41.324   512 13241 D HarmanHAL: StreamIn::getCapturePositionImpl
09-07 14:29:41.355   512 13241 I chatty  : uid=1041(audioserver) reader identical 1 line
09-07 14:29:41.394   512 13241 D HarmanHAL: StreamIn::getCapturePositionImpl
09-07 14:29:41.423   512 13169 D AudioProcessing: sseApply [handle 0xbc83090][type 768] start..
09-07 14:29:41.423   512 13169 D AudioProcessing: sseProcess dl audioIO content print-1 [256] [2] [1] [1] 
09-07 14:29:41.423   512 13169 D AudioProcessing: sseProcess dl audioIO content print-2 [1] [1] [0x0xb40000763bcc28d0] [0x0xb40000761bca6b00] 
09-07 14:29:41.423   512 13169 D AudioProcessing: sseProcess dl audioIO content print-3 [0x0xb40000761bca7fd0] [0x0xb40000761bcabe40] [0x0xb40000761bca5880] sse->pMain is [0x0xb40000772bcb4e80] 
09-07 14:29:41.424   512 13169 D AudioProcessing: sseProcess dl [handle 0xbc83090] ret[0]
09-07 14:29:41.424   512 13169 D AudioProcessing: sseProcess dl AudioBufferSampleCnt[256] type[768] finish..
09-07 14:29:41.425   512 13241 D HarmanHAL: StreamIn::getCapturePositionImpl
09-07 14:29:41.454   512 13241 D HarmanHAL: StreamIn::getCapturePositionImpl
09-07 14:29:41.479   538   618 W ipcLib  : ipcLib: in ipc_lib. DV1 read called
09-07 14:29:41.484   512 13241 D HarmanHAL: StreamIn::getCapturePositionImpl
09-07 14:29:41.514   512 13241 I HarmanHal.Routing: hacs alsa node(pcmTunerIn_c) adtm interval_min:28 ms, inverval_max:40 ms, inverval_mean:31 ms!
09-07 14:29:41.514   512 13241 I HarmanHal.Routing:  in printADTM() PcmAlsaWrapper.cpp:876
09-07 14:29:41.515   512 13241 D HarmanHAL: StreamIn::getCapturePositionImpl
09-07 14:29:41.644   512 13241 I chatty  : uid=1041(audioserver) reader identical 4 lines
09-07 14:29:41.675   512 13241 D HarmanHAL: StreamIn::getCapturePositionImpl
09-07 14:29:41.705   512 13133 I HarmanHal.Routing: hacs alsa node(pcmMicRefIn_c) adtm interval_min:0 ms, inverval_max:11 ms, inverval_mean:8 ms!
09-07 14:29:41.705   512 13133 I HarmanHal.Routing:  in printADTM() PcmAlsaWrapper.cpp:876
09-07 14:29:41.711   512 13159 I HarmanHal.Routing: hacs alsa node(pcmBtHfp_ul_pro_p) adtm interval_min:2 ms, inverval_max:12 ms, inverval_mean:8 ms!
09-07 14:29:41.711   512 13159 I HarmanHal.Routing:  in printADTM() PcmAlsaWrapper.cpp:876
09-07 14:29:41.714   512 13241 D HarmanHAL: StreamIn::getCapturePositionImpl
09-07 14:29:41.774   512 13241 I chatty  : uid=1041(audioserver) reader identical 2 lines
09-07 14:29:41.804   512 13241 D HarmanHAL: StreamIn::getCapturePositionImpl
09-07 14:29:41.814   512 13169 I HarmanHal.Routing: hacs alsa node(pcmBtHfp_dl_pre_c) adtm interval_min:0 ms, inverval_max:11 ms, inverval_mean:8 ms!
09-07 14:29:41.814   512 13169 I HarmanHal.Routing:  in printADTM() PcmAlsaWrapper.cpp:876
09-07 14:29:41.814   512 13169 I HarmanHal.Routing: hacs alsa node(pcmHfp_dl_p) adtm interval_min:0 ms, inverval_max:11 ms, inverval_mean:7 ms!
09-07 14:29:41.814   512 13169 I HarmanHal.Routing:  in printADTM() PcmAlsaWrapper.cpp:876
09-07 14:29:41.817   911  4981 D BufferPoolAccessor2.0: bufferpool2 0xb400007205c6d498 : 2(1048576 size) total buffers - 1(524288 size) used buffers - 3265/3275 (recycle/alloc) - 24/3275 (fetch/transfer)
09-07 14:29:41.835   512 13241 D HarmanHAL: StreamIn::getCapturePositionImpl
09-07 14:29:42.224   512 13241 I chatty  : uid=1041(audioserver) reader identical 12 lines
09-07 14:29:42.254   512 13241 D HarmanHAL: StreamIn::getCapturePositionImpl
09-07 14:29:42.281   512  3972 I HarmanHal.Routing: hacs alsa node(pcmMedia_p) adtm interval_min:0 ms, inverval_max:11 ms, inverval_mean:8 ms!
09-07 14:29:42.281   512  3972 I HarmanHal.Routing:  in printADTM() PcmAlsaWrapper.cpp:876
09-07 14:29:42.285   512 13241 D HarmanHAL: StreamIn::getCapturePositionImpl
09-07 14:29:42.446   512 13241 I chatty  : uid=1041(audioserver) reader identical 5 lines
09-07 14:29:42.474   512 13241 D HarmanHAL: StreamIn::getCapturePositionImpl
09-07 14:29:42.479   538   618 W ipcLib  : ipcLib: in ipc_lib. DV1 read called
09-07 14:29:42.514   512 13241 I HarmanHal.Routing: hacs alsa node(pcmTunerIn_c) adtm interval_min:29 ms, inverval_max:40 ms, inverval_mean:32 ms!
09-07 14:29:42.514   512 13241 I HarmanHal.Routing:  in printADTM() PcmAlsaWrapper.cpp:876
09-07 14:29:42.515   512 13241 D HarmanHAL: StreamIn::getCapturePositionImpl
09-07 14:29:42.675   512 13241 I chatty  : uid=1041(audioserver) reader identical 5 lines
09-07 14:29:42.705   512 13241 D HarmanHAL: StreamIn::getCapturePositionImpl
09-07 14:29:42.705   512 13133 I HarmanHal.Routing: hacs alsa node(pcmMicRefIn_c) adtm interval_min:0 ms, inverval_max:11 ms, inverval_mean:8 ms!
09-07 14:29:42.705   512 13133 I HarmanHal.Routing:  in printADTM() PcmAlsaWrapper.cpp:876
09-07 14:29:42.711   512 13159 I HarmanHal.Routing: hacs alsa node(pcmBtHfp_ul_pro_p) adtm interval_min:2 ms, inverval_max:12 ms, inverval_mean:8 ms!
09-07 14:29:42.711   512 13159 I HarmanHal.Routing:  in printADTM() PcmAlsaWrapper.cpp:876
09-07 14:29:42.734   512 13241 D HarmanHAL: StreamIn::getCapturePositionImpl
09-07 14:29:42.764   512 13241 I chatty  : uid=1041(audioserver) reader identical 1 line
09-07 14:29:42.794   512 13241 D HarmanHAL: StreamIn::getCapturePositionImpl
09-07 14:29:42.813   512 13169 I HarmanHal.Routing: hacs alsa node(pcmBtHfp_dl_pre_c) adtm interval_min:0 ms, inverval_max:10 ms, inverval_mean:7 ms!
09-07 14:29:42.813   512 13169 I HarmanHal.Routing:  in printADTM() PcmAlsaWrapper.cpp:876
09-07 14:29:42.814   512 13169 I HarmanHal.Routing: hacs alsa node(pcmHfp_dl_p) adtm interval_min:0 ms, inverval_max:11 ms, inverval_mean:8 ms!
09-07 14:29:42.814   512 13169 I HarmanHal.Routing:  in printADTM() PcmAlsaWrapper.cpp:876
09-07 14:29:42.835   512 13241 D HarmanHAL: StreamIn::getCapturePositionImpl
09-07 14:29:42.864   512 13241 I chatty  : uid=1041(audioserver) reader identical 1 line
09-07 14:29:42.895   512 13241 D HarmanHAL: StreamIn::getCapturePositionImpl
09-07 14:29:42.918   512 13158 D AudioProcessing: sseApply [handle 0xbc80d90][type 512] start..
09-07 14:29:42.918   512 13158 D AudioProcessing: sseProcess ul audioIO content print-1 [256] [2] [4] [1] 
09-07 14:29:42.918   512 13158 D AudioProcessing: sseProcess ul audioIO content print-2 [6] [1] [0x3bcbc5a0] [0x5bc7ede0] 
09-07 14:29:42.919   512 13158 D AudioProcessing: sseProcess ul audioIO content print-3 [0x1bca1320 [0x8bc84110] [0x1bc9f9b0] sse->pMain is [0x2bca4a60] 
09-07 14:29:42.919   512 13158 D AudioProcessing: sseProcess ul [handle 0xbc80d90]  ret[0]
09-07 14:29:42.920   512 13158 D AudioProcessing: sseProcess ul AudioBufferSampleCnt[256] type[512] finish..
09-07 14:29:42.924   512 13241 D HarmanHAL: StreamIn::getCapturePositionImpl
09-07 14:29:42.955   512 13241 I chatty  : uid=1041(audioserver) reader identical 1 line
09-07 14:29:42.994   512 13241 D HarmanHAL: StreamIn::getCapturePositionImpl
09-07 14:29:43.023   512 13169 D AudioProcessing: sseApply [handle 0xbc83090][type 768] start..
09-07 14:29:43.023   512 13169 D AudioProcessing: sseProcess dl audioIO content print-1 [256] [2] [1] [1] 
09-07 14:29:43.023   512 13169 D AudioProcessing: sseProcess dl audioIO content print-2 [1] [1] [0x0xb40000763bcc28d0] [0x0xb40000761bca6b00] 
09-07 14:29:43.023   512 13169 D AudioProcessing: sseProcess dl audioIO content print-3 [0x0xb40000761bca7fd0] [0x0xb40000761bcabe40] [0x0xb40000761bca5880] sse->pMain is [0x0xb40000772bcb4e80] 
09-07 14:29:43.024   512 13169 D AudioProcessing: sseProcess dl [handle 0xbc83090] ret[0]
09-07 14:29:43.024   512 13169 D AudioProcessing: sseProcess dl AudioBufferSampleCnt[256] type[768] finish..
09-07 14:29:43.025   512 13241 D HarmanHAL: StreamIn::getCapturePositionImpl
09-07 14:29:43.056   512 13241 D HarmanHAL: StreamIn::getCapturePositionImpl
09-07 14:29:43.071   532   569 W ipcLib  : ipcLib: in ipc_lib. DV1 read called
09-07 14:29:43.071   532   568 I VPS     : VPS:IOCStatusInfo.VoltageStatus->0 
09-07 14:29:43.071   532   568 I VPS     : VPS:IOCStatusInfo.IOCStatusCmd->a6 
09-07 14:29:43.071   532   568 I VPS     : VPS:IOCStatusInfo.WakeUpReason->0 
09-07 14:29:43.071   532   568 I VPS     : VPS:IOCStatusInfo.DerivedIgnitionStatus->0 
09-07 14:29:43.071   532   568 I VPS     : VPS:IOCStatusInfo.PowerModeState->4 
09-07 14:29:43.071   532   568 I VPS     : VPS:IOCStatusInfo.SOCShutdownRequest->0 
09-07 14:29:43.071   532   568 I VPS     : VPS:IOCStatusInfo.AntiTheftState->0 
09-07 14:29:43.071   532   568 I VPS     : VPS:IOCStatusInfo.BatteryConnect->0 
09-07 14:29:43.084   512 13241 D HarmanHAL: StreamIn::getCapturePositionImpl
09-07 14:29:43.244   512 13241 I chatty  : uid=1041(audioserver) reader identical 5 lines
09-07 14:29:43.274   512 13241 D HarmanHAL: StreamIn::getCapturePositionImpl
09-07 14:29:43.280   512  3972 I HarmanHal.Routing: hacs alsa node(pcmMedia_p) adtm interval_min:0 ms, inverval_max:10 ms, inverval_mean:7 ms!
09-07 14:29:43.280   512  3972 I HarmanHal.Routing:  in printADTM() PcmAlsaWrapper.cpp:876
09-07 14:29:43.314   512 13241 D HarmanHAL: StreamIn::getCapturePositionImpl
09-07 14:29:43.434   512 13241 I chatty  : uid=1041(audioserver) reader identical 4 lines
09-07 14:29:43.474   512 13241 D HarmanHAL: StreamIn::getCapturePositionImpl
09-07 14:29:43.479   538   618 W ipcLib  : ipcLib: in ipc_lib. DV1 read called
09-07 14:29:43.504   512 13241 I HarmanHal.Routing: hacs alsa node(pcmTunerIn_c) adtm interval_min:29 ms, inverval_max:41 ms, inverval_mean:31 ms!
09-07 14:29:43.504   512 13241 I HarmanHal.Routing:  in printADTM() PcmAlsaWrapper.cpp:876
09-07 14:29:43.505   512 13241 D HarmanHAL: StreamIn::getCapturePositionImpl
09-07 14:29:43.664   512 13241 I chatty  : uid=1041(audioserver) reader identical 5 lines
09-07 14:29:43.694   512 13241 D HarmanHAL: StreamIn::getCapturePositionImpl
09-07 14:29:43.706   512 13133 I HarmanHal.Routing: hacs alsa node(pcmMicRefIn_c) adtm interval_min:0 ms, inverval_max:11 ms, inverval_mean:8 ms!
09-07 14:29:43.706   512 13133 I HarmanHal.Routing:  in printADTM() PcmAlsaWrapper.cpp:876
09-07 14:29:43.711   512 13159 I HarmanHal.Routing: hacs alsa node(pcmBtHfp_ul_pro_p) adtm interval_min:2 ms, inverval_max:12 ms, inverval_mean:8 ms!
09-07 14:29:43.711   512 13159 I HarmanHal.Routing:  in printADTM() PcmAlsaWrapper.cpp:876
09-07 14:29:43.725   512 13241 D HarmanHAL: StreamIn::getCapturePositionImpl
09-07 14:29:43.758   512 13241 I chatty  : uid=1041(audioserver) reader identical 1 line
09-07 14:29:43.795   512 13241 D HarmanHAL: StreamIn::getCapturePositionImpl
09-07 14:29:43.814   512 13169 I HarmanHal.Routing: hacs alsa node(pcmBtHfp_dl_pre_c) adtm interval_min:0 ms, inverval_max:10 ms, inverval_mean:8 ms!
09-07 14:29:43.814   512 13169 I HarmanHal.Routing:  in printADTM() PcmAlsaWrapper.cpp:876
09-07 14:29:43.815   512 13169 I HarmanHal.Routing: hacs alsa node(pcmHfp_dl_p) adtm interval_min:0 ms, inverval_max:11 ms, inverval_mean:8 ms!
09-07 14:29:43.815   512 13169 I HarmanHal.Routing:  in printADTM() PcmAlsaWrapper.cpp:876
09-07 14:29:43.824   512 13241 D HarmanHAL: StreamIn::getCapturePositionImpl
09-07 14:29:43.955   512 13241 I chatty  : uid=1041(audioserver) reader identical 4 lines
09-07 14:29:43.985   512 13241 D HarmanHAL: StreamIn::getCapturePositionImpl
09-07 14:29:44.000   532   569 I VPS     : VPS:VehiclePlatformSOCHeartBeatHandler IVI HeartBeat sent successfully SOCHeartBeatInfo.SOCStatus->2
09-07 14:29:44.001   532   569 W ipcLib  : ipcLib: in ipc_lib. DV1 write called
09-07 14:29:44.004   532   569 W ipcLib  : ipcLib: in ipc_lib. DV1 read called
09-07 14:29:44.015   512 13241 D HarmanHAL: StreamIn::getCapturePositionImpl
01-01 00:04:47.073     0     0 I init    : starting service 'qccsyshalservice'...
01-01 00:04:47.081     0     0 I init    : starting service 'vendor.sensors-hal-1-0'...
01-01 00:04:47.092     0     0 I init    : starting service 'LogManager'...
09-07 14:29:44.075   512 13241 I chatty  : uid=1041(audioserver) reader identical 2 lines
09-07 14:29:44.115   512 13241 D HarmanHAL: StreamIn::getCapturePositionImpl
09-07 14:29:44.119 16485 16485 I qccsyshalservice: Start with system binder
09-07 14:29:44.120 16485 16485 I qccsyshalservice: Registering qccsyshal service...
09-07 14:29:44.120   376   376 I hwservicemanager: getTransport: Cannot find entry vendor.qti.hardware.qccsyshal@1.0::IQccsyshal/qccsyshal in either framework or device manifest.
09-07 14:29:44.121 16485 16485 E HidlServiceManagement: Service vendor.qti.hardware.qccsyshal@1.0::IQccsyshal/qccsyshal must be in VINTF manifest in order to register/get.
09-07 14:29:44.121 16485 16485 E qccsyshalservice: [ERROR] registerAsService() failed with status: -2147483648
09-07 14:29:44.125   376   376 I hwservicemanager: getTransport: Cannot find entry android.hardware.sensors@1.0::ISensors/default in either framework or device manifest.
01-01 00:04:47.113     0     0 I init    : Service 'qccsyshalservice' (pid 16485) exited with status 1
01-01 00:04:47.113     0     0 I init    : Sending signal 9 to service 'qccsyshalservice' (pid 16485) process group...
01-01 00:04:47.113     0     0 I libprocessgroup: Successfully killed process cgroup uid 1000 pid 16485 in 0ms
09-07 14:29:44.127 16486 16486 E android.hardware.sensors@1.0-service: Couldn't load sensors module (Unknown error -2147483648)
09-07 14:29:44.127 16486 16486 D RefBase : RefBase: Explicit destruction, weak count = 0 (in 0xb400007cb19b12f8)
09-07 14:29:44.127 16486 16486 W RefBase : CallStack::getCurrentInternal not linked, returning null
09-07 14:29:44.127 16486 16486 W RefBase : CallStack::logStackInternal not linked
09-07 14:29:44.128 16486 16486 E LegacySupport: Could not get passthrough implementation for android.hardware.sensors@1.0::ISensors/default.
01-01 00:04:47.119     0     0 I init    : Service 'vendor.sensors-hal-1-0' (pid 16486) exited with status 1
01-01 00:04:47.119     0     0 I init    : Sending signal 9 to service 'vendor.sensors-hal-1-0' (pid 16486) process group...
01-01 00:04:47.119     0     0 I libprocessgroup: Successfully killed process cgroup uid 1000 pid 16486 in 0ms
09-07 14:29:44.137 16490 16490 D LOGMANAGER: LOGMANAGER HAL service init() start
09-07 14:29:44.138 16490 16490 D LOGMANAGER: Logmanager configured rpcthreadpool
09-07 14:29:44.135 16490 16490 I vendor.harman.L: type=1400 audit(0.0:3184): avc: denied { read } for name="u:object_r:hwservicemanager_prop:s0" dev="tmpfs" ino=24519 scontext=u:r:logmanagerd:s0 tcontext=u:object_r:hwservicemanager_prop:s0 tclass=file permissive=1
09-07 14:29:44.135 16490 16490 I vendor.harman.L: type=1400 audit(0.0:3185): avc: denied { open } for path="/dev/__properties__/u:object_r:hwservicemanager_prop:s0" dev="tmpfs" ino=24519 scontext=u:r:logmanagerd:s0 tcontext=u:object_r:hwservicemanager_prop:s0 tclass=file permissive=1
09-07 14:29:44.135 16490 16490 I vendor.harman.L: type=1400 audit(0.0:3186): avc: denied { getattr } for path="/dev/__properties__/u:object_r:hwservicemanager_prop:s0" dev="tmpfs" ino=24519 scontext=u:r:logmanagerd:s0 tcontext=u:object_r:hwservicemanager_prop:s0 tclass=file permissive=1
09-07 14:29:44.135 16490 16490 I vendor.harman.L: type=1400 audit(0.0:3187): avc: denied { map } for path="/dev/__properties__/u:object_r:hwservicemanager_prop:s0" dev="tmpfs" ino=24519 scontext=u:r:logmanagerd:s0 tcontext=u:object_r:hwservicemanager_prop:s0 tclass=file permissive=1
09-07 14:29:44.141 16490 16490 I HidlServiceManagement: Registered vendor.harman.hardware.LogManager@1.0::ILogManager/default
09-07 14:29:44.141 16490 16490 D LOGMANAGER: Logmanager HAL Service is registered and ready
09-07 14:29:44.141 16490 16490 I LOGMANAGER: ThreadPoolWrapper::initThreadPool
09-07 14:29:44.141 16490 16490 I LOGMANAGER: ThreadPoolWrapper : exit
09-07 14:29:44.141 16490 16490 D LOGMANAGER: Logmanager threadpoolwrapper created
09-07 14:29:44.141 16490 16490 D LOGMANAGER: User argument is -c
09-07 14:29:44.141 16490 16491 I LOGMANAGER: ThreadPoolWrapper:  enter the joinRpcThreadpool()
09-07 14:29:44.141 16490 16490 I LOGMANAGER: LogmanagerConfig is configured under config file
09-07 14:29:44.141 16490 16490 I LOGMANAGER: LoggingLevel is : 4
09-07 14:29:44.142 16490 16490 I LOGMANAGER: LogEnableState is : 0
09-07 14:29:44.142 16490 16490 I LOGMANAGER: OutputPluginConfiguration PluginType : LOGWRITTER
09-07 14:29:44.142 16490 16490 I LOGMANAGER: LM_OutputConfiguration : 1
09-07 14:29:44.142 16490 16490 I LOGMANAGER: LM_OfflineTraceDirectory : /data/cache
09-07 14:29:44.142 16490 16490 I LOGMANAGER: LM_OfflineTraceFILESize : 1000000
09-07 14:29:44.142 16490 16490 I LOGMANAGER: LM_OfflineTotalFILESSize : 20000000
09-07 14:29:44.142 16490 16490 I LOGMANAGER: LM_FileNameTimeStampBased : 0
09-07 14:29:44.142 16490 16490 I LOGMANAGER: Got IOC plugin
09-07 14:29:44.142 16490 16490 I LOGMANAGER: IOCIPCChannelNumber :6
09-07 14:29:44.142 16490 16490 I LOGMANAGER: keyseq: HOME + VOLUMEDOWN  for domain is AudioDump
09-07 14:29:44.142 16490 16490 I LOGMANAGER: keyseq: HOME + VOLUMEUP  for domain is HCIDump
09-07 14:29:44.142 16490 16490 I LOGMANAGER: Domains parsing is done
09-07 14:29:44.145   512 13241 D HarmanHAL: StreamIn::getCapturePositionImpl
01-01 00:04:47.132     0     0 W audit   : audit_lost=1520 audit_rate_limit=5 audit_backlog_limit=64
09-07 14:29:44.139 16490 16490 I vendor.harman.L: type=1400 audit(0.0:3188): avc: denied { dac_read_search } for capability=2 scontext=u:r:logmanagerd:s0 tcontext=u:r:logmanagerd:s0 tclass=capability permissive=1
01-01 00:04:47.132     0     0 E audit   : rate limit exceeded
09-07 14:29:44.147 16490 16490 E LOGMANAGER: Failed to load plugin /vendor/lib64/libIOCDLogReader.so with error code dlopen failed: library "/vendor/lib64/libIOCDLogReader.so" not found 
09-07 14:29:44.147 16490 16490 F libc    : Fatal signal 11 (SIGSEGV), code 1 (SEGV_MAPERR), fault addr 0x0 in tid 16490 (vendor.harman.L), pid 16490 (vendor.harman.L)
09-07 14:29:44.174   512 13241 D HarmanHAL: StreamIn::getCapturePositionImpl
09-07 14:29:44.176 16494 16494 I crash_dump64: obtaining output fd from tombstoned, type: kDebuggerdTombstone
09-07 14:29:44.177   463   463 I tombstoned: received crash request for pid 16490
09-07 14:29:44.178 16494 16494 I crash_dump64: performing dump of process 16490 (target tid = 16490)
09-07 14:29:44.181 16494 16494 F DEBUG   : *** *** *** *** *** *** *** *** *** *** *** *** *** *** *** ***
09-07 14:29:44.181 16494 16494 F DEBUG   : Build fingerprint: 'qti/titan_tml_b2/titan_tml_b2:11/RQ3A.210605.005/eng.ksong.20210907.134230:userdebug/test-keys'
09-07 14:29:44.181 16494 16494 F DEBUG   : Revision: '0'
09-07 14:29:44.181 16494 16494 F DEBUG   : ABI: 'arm64'
09-07 14:29:44.182 16494 16494 F DEBUG   : Timestamp: 2021-09-07 14:29:44+0000
09-07 14:29:44.183 16494 16494 F DEBUG   : pid: 16490, tid: 16490, name: vendor.harman.L  >>> /vendor/bin/hw/vendor.harman.LogManager@1.0-service <<<
09-07 14:29:44.183 16494 16494 F DEBUG   : uid: 0
09-07 14:29:44.183 16494 16494 F DEBUG   : signal 11 (SIGSEGV), code 1 (SEGV_MAPERR), fault addr 0x0
09-07 14:29:44.183 16494 16494 F DEBUG   : Cause: null pointer dereference
09-07 14:29:44.183 16494 16494 F DEBUG   :     x0  0000000000000000  x1  0000000000000000  x2  0000000000080001  x3  0000000000000000
09-07 14:29:44.183 16494 16494 F DEBUG   :     x4  0000000000000000  x5  0000000000000090  x6  fefefefefefefeff  x7  7f7f7f7f7f7f7f7f
09-07 14:29:44.183 16494 16494 F DEBUG   :     x8  0101010101010101  x9  bce893c4338048e9  x10 0000007ff7b7ae48  x11 fffffffffffffffd
09-07 14:29:44.183 16494 16494 F DEBUG   :     x12 0000007ff7b7afd0  x13 000000000000008e  x14 0008954399b61000  x15 0000000034155555
09-07 14:29:44.183 16494 16494 F DEBUG   :     x16 0000005cd30627e0  x17 00000071188a3b30  x18 0000007119656000  x19 0000000000000000
09-07 14:29:44.184 16494 16494 F DEBUG   :     x20 000000711862dc50  x21 0000007ff7b7b6e9  x22 b4000070181b2c38  x23 0000007ff7b7b708
09-07 14:29:44.184 16494 16494 F DEBUG   :     x24 0000000000000000  x25 0000007118e0c000  x26 0000007ff7b7b6e9  x27 0000007ff7b7b6b9
09-07 14:29:44.184 16494 16494 F DEBUG   :     x28 0000000000000000  x29 0000007ff7b7b5f0
09-07 14:29:44.184 16494 16494 F DEBUG   :     lr  0000005cd3059048  sp  0000007ff7b7b5f0  pc  00000071188a3b40  pst 0000000080000000
09-07 14:29:44.187 16494 16494 F DEBUG   : backtrace:
09-07 14:29:44.188 16494 16494 F DEBUG   :       #00 pc 000000000004ab40  /apex/com.android.runtime/lib64/bionic/libc.so (strlen_default+16) (BuildId: 2b7c6e33413ac7278a15dfc3ea383089)
09-07 14:29:44.188 16494 16494 F DEBUG   :       #01 pc 0000000000009044  /vendor/bin/hw/vendor.harman.LogManager@1.0-service (BuildId: 3e966ab64050b441b920ba0e8960d123)
09-07 14:29:44.188 16494 16494 F DEBUG   :       #02 pc 0000000000008df0  /vendor/bin/hw/vendor.harman.LogManager@1.0-service (LM::LogManagerImpl::load_plugin_conf(void*, std::__1::basic_string<char, std::__1::char_traits<char>, std::__1::allocator<char> >, std::__1::multimap<std::__1::basic_string<char, std::__1::char_traits<char>, std::__1::allocator<char> >, int, std::__1::less<std::__1::basic_string<char, std::__1::char_traits<char>, std::__1::allocator<char> > >, std::__1::allocator<std::__1::pair<std::__1::basic_string<char, std::__1::char_traits<char>, std::__1::allocator<char> > const, int> > >&)+752) (BuildId: 3e966ab64050b441b920ba0e8960d123)
09-07 14:29:44.188 16494 16494 F DEBUG   :       #03 pc 00000000000088c0  /vendor/bin/hw/vendor.harman.LogManager@1.0-service (LM::LogManagerImpl::loadplugins()+436) (BuildId: 3e966ab64050b441b920ba0e8960d123)
09-07 14:29:44.188 16494 16494 F DEBUG   :       #04 pc 0000000000007af8  /vendor/bin/hw/vendor.harman.LogManager@1.0-service (main+1112) (BuildId: 3e966ab64050b441b920ba0e8960d123)
09-07 14:29:44.188 16494 16494 F DEBUG   :       #05 pc 000000000004988c  /apex/com.android.runtime/lib64/bionic/libc.so (__libc_init+108) (BuildId: 2b7c6e33413ac7278a15dfc3ea383089)
09-07 14:29:44.205   512 13241 D HarmanHAL: StreamIn::getCapturePositionImpl
01-01 00:04:47.203     0     0 D logd    : logdr: UID=0 GID=1000 PID=16494 n tail=50 logMask=8 pid=16490 start=0ns timeout=0ns
01-01 00:04:47.212     0     0 D logd    : logdr: UID=0 GID=1000 PID=16494 n tail=50 logMask=1 pid=16490 start=0ns timeout=0ns
01-01 00:04:47.236     0     0 D logd    : logdr: UID=0 GID=1000 PID=16494 n tail=0 logMask=8 pid=16490 start=0ns timeout=0ns
01-01 00:04:47.245     0     0 D logd    : logdr: UID=0 GID=1000 PID=16494 n tail=0 logMask=1 pid=16490 start=0ns timeout=0ns
09-07 14:29:44.265  1033  1270 W NativeCrashListener: Couldn't find ProcessRecord for pid 16490
09-07 14:29:44.234   512 13241 D HarmanHAL: StreamIn::getCapturePositionImpl
09-07 14:29:44.265 16494 16494 E crash_dump64: AM data write failed: Broken pipe
09-07 14:29:44.266   463   463 E tombstoned: Tombstone written to: /data/tombstones/tombstone_23
01-01 00:04:47.261     0     0 I init    : Untracked pid 16494 exited with status 0
09-07 14:29:44.274  1033  1095 I BootReceiver: Copying /data/tombstones/tombstone_23 to DropBox (SYSTEM_TOMBSTONE)
09-07 14:29:44.274   512 13241 D HarmanHAL: StreamIn::getCapturePositionImpl
09-07 14:29:44.276  1033  1095 I DropBoxManagerService: add tag=SYSTEM_TOMBSTONE isTagEnabled=true flags=0x2
09-07 14:29:44.280   512  3972 I HarmanHal.Routing: hacs alsa node(pcmMedia_p) adtm interval_min:1 ms, inverval_max:10 ms, inverval_mean:8 ms!
09-07 14:29:44.280   512  3972 I HarmanHal.Routing:  in printADTM() PcmAlsaWrapper.cpp:876
09-07 14:29:44.304   512 13241 D HarmanHAL: StreamIn::getCapturePositionImpl
09-07 14:29:44.434   512 13241 I chatty  : uid=1041(audioserver) reader identical 4 lines
09-07 14:29:44.464   512 13241 D HarmanHAL: StreamIn::getCapturePositionImpl
09-07 14:29:44.479   538   618 W ipcLib  : ipcLib: in ipc_lib. DV1 read called
09-07 14:29:44.494   512 13241 I HarmanHal.Routing: hacs alsa node(pcmTunerIn_c) adtm interval_min:28 ms, inverval_max:40 ms, inverval_mean:31 ms!
09-07 14:29:44.494   512 13241 I HarmanHal.Routing:  in printADTM() PcmAlsaWrapper.cpp:876
09-07 14:29:44.495   512 13241 D HarmanHAL: StreamIn::getCapturePositionImpl
09-07 14:29:44.518   512 13158 D AudioProcessing: sseApply [handle 0xbc80d90][type 512] start..
09-07 14:29:44.518   512 13158 D AudioProcessing: sseProcess ul audioIO content print-1 [256] [2] [4] [1] 
09-07 14:29:44.518   512 13158 D AudioProcessing: sseProcess ul audioIO content print-2 [6] [1] [0x3bcbc5a0] [0x5bc7ede0] 
09-07 14:29:44.518   512 13158 D AudioProcessing: sseProcess ul audioIO content print-3 [0x1bca1320 [0x8bc84110] [0x1bc9f9b0] sse->pMain is [0x2bca4a60] 
09-07 14:29:44.519   512 13158 D AudioProcessing: sseProcess ul [handle 0xbc80d90]  ret[0]
09-07 14:29:44.519   512 13158 D AudioProcessing: sseProcess ul AudioBufferSampleCnt[256] type[512] finish..
09-07 14:29:44.524   512 13241 D HarmanHAL: StreamIn::getCapturePositionImpl
09-07 14:29:44.554   512 13241 I chatty  : uid=1041(audioserver) reader identical 1 line
09-07 14:29:44.595   512 13241 D HarmanHAL: StreamIn::getCapturePositionImpl
09-07 14:29:44.623   512 13169 D AudioProcessing: sseApply [handle 0xbc83090][type 768] start..
09-07 14:29:44.623   512 13169 D AudioProcessing: sseProcess dl audioIO content print-1 [256] [2] [1] [1] 
09-07 14:29:44.623   512 13169 D AudioProcessing: sseProcess dl audioIO content print-2 [1] [1] [0x0xb40000763bcc28d0] [0x0xb40000761bca6b00] 
09-07 14:29:44.623   512 13169 D AudioProcessing: sseProcess dl audioIO content print-3 [0x0xb40000761bca7fd0] [0x0xb40000761bcabe40] [0x0xb40000761bca5880] sse->pMain is [0x0xb40000772bcb4e80] 
09-07 14:29:44.624   512 13169 D AudioProcessing: sseProcess dl [handle 0xbc83090] ret[0]
09-07 14:29:44.624   512 13169 D AudioProcessing: sseProcess dl AudioBufferSampleCnt[256] type[768] finish..
09-07 14:29:44.624   512 13241 D HarmanHAL: StreamIn::getCapturePositionImpl
09-07 14:29:44.654   512 13241 I chatty  : uid=1041(audioserver) reader identical 1 line
09-07 14:29:44.685   512 13241 D HarmanHAL: StreamIn::getCapturePositionImpl
09-07 14:29:44.706   512 13133 I HarmanHal.Routing: hacs alsa node(pcmMicRefIn_c) adtm interval_min:0 ms, inverval_max:11 ms, inverval_mean:8 ms!
09-07 14:29:44.706   512 13133 I HarmanHal.Routing:  in printADTM() PcmAlsaWrapper.cpp:876
09-07 14:29:44.711   512 13159 I HarmanHal.Routing: hacs alsa node(pcmBtHfp_ul_pro_p) adtm interval_min:2 ms, inverval_max:12 ms, inverval_mean:8 ms!
09-07 14:29:44.711   512 13159 I HarmanHal.Routing:  in printADTM() PcmAlsaWrapper.cpp:876
09-07 14:29:44.714   512 13241 D HarmanHAL: StreamIn::getCapturePositionImpl
09-07 14:29:44.755   512 13241 D HarmanHAL: StreamIn::getCapturePositionImpl
09-07 14:29:44.768   536   612 E pathology: [ProcessCrashHandler:: parseTombstoneFileName]string not found
09-07 14:29:44.768   536   612 I chatty  : uid=0(root) vendor.harman.p identical 4 lines
09-07 14:29:44.768   536   612 E pathology: [ProcessCrashHandler:: parseTombstoneFileName]string not found
09-07 14:29:44.785   512 13241 D HarmanHAL: StreamIn::getCapturePositionImpl
09-07 14:29:44.813   512 13169 I HarmanHal.Routing: hacs alsa node(pcmBtHfp_dl_pre_c) adtm interval_min:0 ms, inverval_max:11 ms, inverval_mean:7 ms!
09-07 14:29:44.813   512 13169 I HarmanHal.Routing:  in printADTM() PcmAlsaWrapper.cpp:876
09-07 14:29:44.814   512 13241 D HarmanHAL: StreamIn::getCapturePositionImpl
09-07 14:29:44.815   512 13169 I HarmanHal.Routing: hacs alsa node(pcmHfp_dl_p) adtm interval_min:0 ms, inverval_max:11 ms, inverval_mean:8 ms!
09-07 14:29:44.815   512 13169 I HarmanHal.Routing:  in printADTM() PcmAlsaWrapper.cpp:876
09-07 14:29:44.845   512 13241 D HarmanHAL: StreamIn::getCapturePositionImpl
09-07 14:29:45.134   512 13241 I chatty  : uid=1041(audioserver) reader identical 9 lines
09-07 14:29:45.165   512 13241 D HarmanHAL: StreamIn::getCapturePositionImpl
09-07 14:29:45.171   532   569 W ipcLib  : ipcLib: in ipc_lib. DV1 read called
09-07 14:29:45.171   532   568 I VPS     : VPS:IOCStatusInfo.VoltageStatus->0 
09-07 14:29:45.171   532   568 I VPS     : VPS:IOCStatusInfo.IOCStatusCmd->a6 
09-07 14:29:45.171   532   568 I VPS     : VPS:IOCStatusInfo.WakeUpReason->0 
09-07 14:29:45.171   532   568 I VPS     : VPS:IOCStatusInfo.DerivedIgnitionStatus->0 
09-07 14:29:45.171   532   568 I VPS     : VPS:IOCStatusInfo.PowerModeState->4 
09-07 14:29:45.171   532   568 I VPS     : VPS:IOCStatusInfo.SOCShutdownRequest->0 
09-07 14:29:45.171   532   568 I VPS     : VPS:IOCStatusInfo.AntiTheftState->0 
09-07 14:29:45.172   532   568 I VPS     : VPS:IOCStatusInfo.BatteryConnect->0 
09-07 14:29:45.194   512 13241 D HarmanHAL: StreamIn::getCapturePositionImpl
09-07 14:29:45.211   536   536 I vendor.harman.p: type=1400 audit(0.0:3217): avc: denied { write } for name="2" dev="dm-4" ino=49241 scontext=u:r:pathologyd:s0 tcontext=u:object_r:vendor_data_file:s0 tclass=dir permissive=1
09-07 14:29:45.211   536   536 I vendor.harman.p: type=1400 audit(0.0:3218): avc: denied { add_name } for name="PROCCRASH_PF_1631024984.lz4" scontext=u:r:pathologyd:s0 tcontext=u:object_r:vendor_data_file:s0 tclass=dir permissive=1
09-07 14:29:45.211   536   536 I vendor.harman.p: type=1400 audit(0.0:3219): avc: denied { create } for name="PROCCRASH_PF_1631024984.lz4" scontext=u:r:pathologyd:s0 tcontext=u:object_r:vendor_data_file:s0 tclass=file permissive=1
09-07 14:29:45.234   512 13241 D HarmanHAL: StreamIn::getCapturePositionImpl
09-07 14:29:45.265   512 13241 D HarmanHAL: StreamIn::getCapturePositionImpl
09-07 14:29:45.280   512  3972 I HarmanHal.Routing: hacs alsa node(pcmMedia_p) adtm interval_min:0 ms, inverval_max:10 ms, inverval_mean:8 ms!
09-07 14:29:45.280   512  3972 I HarmanHal.Routing:  in printADTM() PcmAlsaWrapper.cpp:876
09-07 14:29:45.295   512 13241 D HarmanHAL: StreamIn::getCapturePositionImpl
09-07 14:29:45.424   512 13241 I chatty  : uid=1041(audioserver) reader identical 4 lines
09-07 14:29:45.454   512 13241 D HarmanHAL: StreamIn::getCapturePositionImpl
09-07 14:29:45.479   538   618 W ipcLib  : ipcLib: in ipc_lib. DV1 read called
09-07 14:29:45.484   512 13241 I HarmanHal.Routing: hacs alsa node(pcmTunerIn_c) adtm interval_min:30 ms, inverval_max:40 ms, inverval_mean:31 ms!
09-07 14:29:45.484   512 13241 I HarmanHal.Routing:  in printADTM() PcmAlsaWrapper.cpp:876
09-07 14:29:45.484   512 13241 D HarmanHAL: StreamIn::getCapturePositionImpl
09-07 14:29:45.645   512 13241 I chatty  : uid=1041(audioserver) reader identical 5 lines
09-07 14:29:45.674   512 13241 D HarmanHAL: StreamIn::getCapturePositionImpl
09-07 14:29:45.706   512 13133 I HarmanHal.Routing: hacs alsa node(pcmMicRefIn_c) adtm interval_min:0 ms, inverval_max:12 ms, inverval_mean:8 ms!
09-07 14:29:45.706   512 13133 I HarmanHal.Routing:  in printADTM() PcmAlsaWrapper.cpp:876
09-07 14:29:45.710   512 13159 I HarmanHal.Routing: hacs alsa node(pcmBtHfp_ul_pro_p) adtm interval_min:2 ms, inverval_max:12 ms, inverval_mean:7 ms!
09-07 14:29:45.710   512 13159 I HarmanHal.Routing:  in printADTM() PcmAlsaWrapper.cpp:876
09-07 14:29:45.715   512 13241 D HarmanHAL: StreamIn::getCapturePositionImpl
09-07 14:29:45.774   512 13241 I chatty  : uid=1041(audioserver) reader identical 2 lines
09-07 14:29:45.804   512 13241 D HarmanHAL: StreamIn::getCapturePositionImpl
09-07 14:29:45.814   512 13169 I HarmanHal.Routing: hacs alsa node(pcmBtHfp_dl_pre_c) adtm interval_min:0 ms, inverval_max:10 ms, inverval_mean:8 ms!
09-07 14:29:45.814   512 13169 I HarmanHal.Routing:  in printADTM() PcmAlsaWrapper.cpp:876
09-07 14:29:45.815   512 13169 I HarmanHal.Routing: hacs alsa node(pcmHfp_dl_p) adtm interval_min:0 ms, inverval_max:11 ms, inverval_mean:8 ms!
09-07 14:29:45.815   512 13169 I HarmanHal.Routing:  in printADTM() PcmAlsaWrapper.cpp:876
09-07 14:29:45.819   536   536 I vendor.harman.p: type=1400 audit(0.0:3220): avc: denied { read } for name="2" dev="dm-4" ino=49241 scontext=u:r:pathologyd:s0 tcontext=u:object_r:vendor_data_file:s0 tclass=dir permissive=1
09-07 14:29:45.819   536   536 I vendor.harman.p: type=1400 audit(0.0:3221): avc: denied { open } for path="/data/vendor/pathologyArchive/2" dev="dm-4" ino=49241 scontext=u:r:pathologyd:s0 tcontext=u:object_r:vendor_data_file:s0 tclass=dir permissive=1
09-07 14:29:45.834   512 13241 D HarmanHAL: StreamIn::getCapturePositionImpl
09-07 14:29:46.064   512 13241 I chatty  : uid=1041(audioserver) reader identical 7 lines
09-07 14:29:46.094   512 13241 D HarmanHAL: StreamIn::getCapturePositionImpl
09-07 14:29:46.118   512 13158 D AudioProcessing: sseApply [handle 0xbc80d90][type 512] start..
09-07 14:29:46.118   512 13158 D AudioProcessing: sseProcess ul audioIO content print-1 [256] [2] [4] [1] 
09-07 14:29:46.118   512 13158 D AudioProcessing: sseProcess ul audioIO content print-2 [6] [1] [0x3bcbc5a0] [0x5bc7ede0] 
09-07 14:29:46.118   512 13158 D AudioProcessing: sseProcess ul audioIO content print-3 [0x1bca1320 [0x8bc84110] [0x1bc9f9b0] sse->pMain is [0x2bca4a60] 
09-07 14:29:46.119   512 13158 D AudioProcessing: sseProcess ul [handle 0xbc80d90]  ret[0]
09-07 14:29:46.119   512 13158 D AudioProcessing: sseProcess ul AudioBufferSampleCnt[256] type[512] finish..
09-07 14:29:46.124   512 13241 D HarmanHAL: StreamIn::getCapturePositionImpl
09-07 14:29:46.155   512 13241 I chatty  : uid=1041(audioserver) reader identical 1 line
09-07 14:29:46.195   512 13241 D HarmanHAL: StreamIn::getCapturePositionImpl
09-07 14:29:46.223   512 13169 D AudioProcessing: sseApply [handle 0xbc83090][type 768] start..
09-07 14:29:46.223   512 13169 D AudioProcessing: sseProcess dl audioIO content print-1 [256] [2] [1] [1] 
09-07 14:29:46.223   512 13169 D AudioProcessing: sseProcess dl audioIO content print-2 [1] [1] [0x0xb40000763bcc28d0] [0x0xb40000761bca6b00] 
09-07 14:29:46.223   512 13169 D AudioProcessing: sseProcess dl audioIO content print-3 [0x0xb40000761bca7fd0] [0x0xb40000761bcabe40] [0x0xb40000761bca5880] sse->pMain is [0x0xb40000772bcb4e80] 
09-07 14:29:46.224   512 13169 D AudioProcessing: sseProcess dl [handle 0xbc83090] ret[0]
09-07 14:29:46.224   512 13169 D AudioProcessing: sseProcess dl AudioBufferSampleCnt[256] type[768] finish..
09-07 14:29:46.225   512 13241 D HarmanHAL: StreamIn::getCapturePositionImpl
09-07 14:29:46.254   512 13241 D HarmanHAL: StreamIn::getCapturePositionImpl
09-07 14:29:46.280   512  3972 I HarmanHal.Routing: hacs alsa node(pcmMedia_p) adtm interval_min:1 ms, inverval_max:10 ms, inverval_mean:8 ms!
09-07 14:29:46.280   512  3972 I HarmanHal.Routing:  in printADTM() PcmAlsaWrapper.cpp:876
09-07 14:29:46.284   512 13241 D HarmanHAL: StreamIn::getCapturePositionImpl
09-07 14:29:46.414   512 13241 I chatty  : uid=1041(audioserver) reader identical 4 lines
09-07 14:29:46.446   512 13241 D HarmanHAL: StreamIn::getCapturePositionImpl
09-07 14:29:46.474   512 13241 I HarmanHal.Routing: hacs alsa node(pcmTunerIn_c) adtm interval_min:28 ms, inverval_max:40 ms, inverval_mean:31 ms!
09-07 14:29:46.474   512 13241 I HarmanHal.Routing:  in printADTM() PcmAlsaWrapper.cpp:876
09-07 14:29:46.475   512 13241 D HarmanHAL: StreamIn::getCapturePositionImpl
09-07 14:29:46.479   538   618 W ipcLib  : ipcLib: in ipc_lib. DV1 read called
09-07 14:29:46.514   512 13241 D HarmanHAL: StreamIn::getCapturePositionImpl
09-07 14:29:46.674   512 13241 I chatty  : uid=1041(audioserver) reader identical 5 lines
09-07 14:29:46.704   512 13241 D HarmanHAL: StreamIn::getCapturePositionImpl
09-07 14:29:46.706   512 13133 I HarmanHal.Routing: hacs alsa node(pcmMicRefIn_c) adtm interval_min:0 ms, inverval_max:12 ms, inverval_mean:8 ms!
09-07 14:29:46.706   512 13133 I HarmanHal.Routing:  in printADTM() PcmAlsaWrapper.cpp:876
09-07 14:29:46.711   512 13159 I HarmanHal.Routing: hacs alsa node(pcmBtHfp_ul_pro_p) adtm interval_min:2 ms, inverval_max:12 ms, inverval_mean:8 ms!
09-07 14:29:46.711   512 13159 I HarmanHal.Routing:  in printADTM() PcmAlsaWrapper.cpp:876
09-07 14:29:46.734   512 13241 D HarmanHAL: StreamIn::getCapturePositionImpl
09-07 14:29:46.765   512 13241 I chatty  : uid=1041(audioserver) reader identical 1 line
09-07 14:29:46.794   512 13241 D HarmanHAL: StreamIn::getCapturePositionImpl
09-07 14:29:46.813   512 13169 I HarmanHal.Routing: hacs alsa node(pcmBtHfp_dl_pre_c) adtm interval_min:0 ms, inverval_max:10 ms, inverval_mean:7 ms!
09-07 14:29:46.813   512 13169 I HarmanHal.Routing:  in printADTM() PcmAlsaWrapper.cpp:876
09-07 14:29:46.814   512 13169 I HarmanHal.Routing: hacs alsa node(pcmHfp_dl_p) adtm interval_min:0 ms, inverval_max:11 ms, inverval_mean:7 ms!
09-07 14:29:46.814   512 13169 I HarmanHal.Routing:  in printADTM() PcmAlsaWrapper.cpp:876
09-07 14:29:46.835   512 13241 D HarmanHAL: StreamIn::getCapturePositionImpl
09-07 14:29:47.054   512 13241 I chatty  : uid=1041(audioserver) reader identical 7 lines
09-07 14:29:47.084   512 13241 D HarmanHAL: StreamIn::getCapturePositionImpl
09-07 14:29:47.107   911  4981 D BufferPoolAccessor2.0: bufferpool2 0xb400007205c6d498 : 2(1048576 size) total buffers - 1(524288 size) used buffers - 3320/3330 (recycle/alloc) - 24/3330 (fetch/transfer)
09-07 14:29:47.114   512 13241 D HarmanHAL: StreamIn::getCapturePositionImpl
09-07 14:29:47.214   512 13241 I chatty  : uid=1041(audioserver) reader identical 3 lines
09-07 14:29:47.244   512 13241 D HarmanHAL: StreamIn::getCapturePositionImpl
09-07 14:29:47.271   532   569 W ipcLib  : ipcLib: in ipc_lib. DV1 read called
09-07 14:29:47.271   532   568 I VPS     : VPS:IOCStatusInfo.VoltageStatus->0 
09-07 14:29:47.271   532   568 I VPS     : VPS:IOCStatusInfo.IOCStatusCmd->a6 
09-07 14:29:47.271   532   568 I VPS     : VPS:IOCStatusInfo.WakeUpReason->0 
09-07 14:29:47.272   532   568 I VPS     : VPS:IOCStatusInfo.DerivedIgnitionStatus->0 
09-07 14:29:47.272   532   568 I VPS     : VPS:IOCStatusInfo.PowerModeState->4 
09-07 14:29:47.272   532   568 I VPS     : VPS:IOCStatusInfo.SOCShutdownRequest->0 
09-07 14:29:47.272   532   568 I VPS     : VPS:IOCStatusInfo.AntiTheftState->0 
09-07 14:29:47.272   532   568 I VPS     : VPS:IOCStatusInfo.BatteryConnect->0 
09-07 14:29:47.274   512 13241 D HarmanHAL: StreamIn::getCapturePositionImpl
09-07 14:29:47.280   512  3972 I HarmanHal.Routing: hacs alsa node(pcmMedia_p) adtm interval_min:1 ms, inverval_max:11 ms, inverval_mean:8 ms!
09-07 14:29:47.280   512  3972 I HarmanHal.Routing:  in printADTM() PcmAlsaWrapper.cpp:876
09-07 14:29:47.315   512 13241 D HarmanHAL: StreamIn::getCapturePositionImpl
09-07 14:29:47.404   512 13241 I chatty  : uid=1041(audioserver) reader identical 3 lines
09-07 14:29:47.435   512 13241 D HarmanHAL: StreamIn::getCapturePositionImpl
09-07 14:29:47.474   512 13241 I HarmanHal.Routing: hacs alsa node(pcmTunerIn_c) adtm interval_min:30 ms, inverval_max:40 ms, inverval_mean:32 ms!
09-07 14:29:47.474   512 13241 I HarmanHal.Routing:  in printADTM() PcmAlsaWrapper.cpp:876
09-07 14:29:47.475   512 13241 D HarmanHAL: StreamIn::getCapturePositionImpl
09-07 14:29:47.479   538   618 W ipcLib  : ipcLib: in ipc_lib. DV1 read called
09-07 14:29:47.504   512 13241 D HarmanHAL: StreamIn::getCapturePositionImpl
09-07 14:29:47.664   512 13241 I chatty  : uid=1041(audioserver) reader identical 5 lines
09-07 14:29:47.694   512 13241 D HarmanHAL: StreamIn::getCapturePositionImpl
09-07 14:29:47.706   512 13133 I HarmanHal.Routing: hacs alsa node(pcmMicRefIn_c) adtm interval_min:0 ms, inverval_max:11 ms, inverval_mean:8 ms!
09-07 14:29:47.706   512 13133 I HarmanHal.Routing:  in printADTM() PcmAlsaWrapper.cpp:876
09-07 14:29:47.711   512 13159 I HarmanHal.Routing: hacs alsa node(pcmBtHfp_ul_pro_p) adtm interval_min:2 ms, inverval_max:12 ms, inverval_mean:8 ms!
09-07 14:29:47.711   512 13159 I HarmanHal.Routing:  in printADTM() PcmAlsaWrapper.cpp:876
09-07 14:29:47.717   512 13158 D AudioProcessing: sseApply [handle 0xbc80d90][type 512] start..
09-07 14:29:47.718   512 13158 D AudioProcessing: sseProcess ul audioIO content print-1 [256] [2] [4] [1] 
09-07 14:29:47.718   512 13158 D AudioProcessing: sseProcess ul audioIO content print-2 [6] [1] [0x3bcbc5a0] [0x5bc7ede0] 
09-07 14:29:47.718   512 13158 D AudioProcessing: sseProcess ul audioIO content print-3 [0x1bca1320 [0x8bc84110] [0x1bc9f9b0] sse->pMain is [0x2bca4a60] 
09-07 14:29:47.719   512 13158 D AudioProcessing: sseProcess ul [handle 0xbc80d90]  ret[0]
09-07 14:29:47.719   512 13158 D AudioProcessing: sseProcess ul AudioBufferSampleCnt[256] type[512] finish..
09-07 14:29:47.725   512 13241 D HarmanHAL: StreamIn::getCapturePositionImpl
09-07 14:29:47.755   512 13241 I chatty  : uid=1041(audioserver) reader identical 1 line
09-07 14:29:47.795   512 13241 D HarmanHAL: StreamIn::getCapturePositionImpl
09-07 14:29:47.814   512 13169 I HarmanHal.Routing: hacs alsa node(pcmBtHfp_dl_pre_c) adtm interval_min:0 ms, inverval_max:10 ms, inverval_mean:8 ms!
09-07 14:29:47.814   512 13169 I HarmanHal.Routing:  in printADTM() PcmAlsaWrapper.cpp:876
09-07 14:29:47.815   512 13169 I HarmanHal.Routing: hacs alsa node(pcmHfp_dl_p) adtm interval_min:0 ms, inverval_max:11 ms, inverval_mean:8 ms!
09-07 14:29:47.815   512 13169 I HarmanHal.Routing:  in printADTM() PcmAlsaWrapper.cpp:876
09-07 14:29:47.823   512 13169 D AudioProcessing: sseApply [handle 0xbc83090][type 768] start..
09-07 14:29:47.823   512 13169 D AudioProcessing: sseProcess dl audioIO content print-1 [256] [2] [1] [1] 
09-07 14:29:47.823   512 13169 D AudioProcessing: sseProcess dl audioIO content print-2 [1] [1] [0x0xb40000763bcc28d0] [0x0xb40000761bca6b00] 
09-07 14:29:47.823   512 13169 D AudioProcessing: sseProcess dl audioIO content print-3 [0x0xb40000761bca7fd0] [0x0xb40000761bcabe40] [0x0xb40000761bca5880] sse->pMain is [0x0xb40000772bcb4e80] 
09-07 14:29:47.824   512 13169 D AudioProcessing: sseProcess dl [handle 0xbc83090] ret[0]
09-07 14:29:47.824   512 13169 D AudioProcessing: sseProcess dl AudioBufferSampleCnt[256] type[768] finish..
09-07 14:29:47.825   512 13241 D HarmanHAL: StreamIn::getCapturePositionImpl
09-07 14:29:48.235   512 13241 I chatty  : uid=1041(audioserver) reader identical 13 lines
09-07 14:29:48.275   512 13241 D HarmanHAL: StreamIn::getCapturePositionImpl
09-07 14:29:48.280   512  3972 I HarmanHal.Routing: hacs alsa node(pcmMedia_p) adtm interval_min:0 ms, inverval_max:10 ms, inverval_mean:8 ms!
09-07 14:29:48.280   512  3972 I HarmanHal.Routing:  in printADTM() PcmAlsaWrapper.cpp:876
09-07 14:29:48.305   512 13241 D HarmanHAL: StreamIn::getCapturePositionImpl
09-07 14:29:48.394   512 13241 I chatty  : uid=1041(audioserver) reader identical 3 lines
09-07 14:29:48.434   512 13241 D HarmanHAL: StreamIn::getCapturePositionImpl
09-07 14:29:48.464   512 13241 I HarmanHal.Routing: hacs alsa node(pcmTunerIn_c) adtm interval_min:30 ms, inverval_max:40 ms, inverval_mean:31 ms!
09-07 14:29:48.464   512 13241 I HarmanHal.Routing:  in printADTM() PcmAlsaWrapper.cpp:876
09-07 14:29:48.465   512 13241 D HarmanHAL: StreamIn::getCapturePositionImpl
09-07 14:29:48.479   538   618 W ipcLib  : ipcLib: in ipc_lib. DV1 read called
09-07 14:29:48.494   512 13241 D HarmanHAL: StreamIn::getCapturePositionImpl
09-07 14:29:48.655   512 13241 I chatty  : uid=1041(audioserver) reader identical 5 lines
09-07 14:29:48.685   512 13241 D HarmanHAL: StreamIn::getCapturePositionImpl
09-07 14:29:48.706   512 13133 I HarmanHal.Routing: hacs alsa node(pcmMicRefIn_c) adtm interval_min:0 ms, inverval_max:12 ms, inverval_mean:8 ms!
09-07 14:29:48.706   512 13133 I HarmanHal.Routing:  in printADTM() PcmAlsaWrapper.cpp:876
09-07 14:29:48.711   512 13159 I HarmanHal.Routing: hacs alsa node(pcmBtHfp_ul_pro_p) adtm interval_min:2 ms, inverval_max:13 ms, inverval_mean:8 ms!
09-07 14:29:48.711   512 13159 I HarmanHal.Routing:  in printADTM() PcmAlsaWrapper.cpp:876
09-07 14:29:48.715   512 13241 D HarmanHAL: StreamIn::getCapturePositionImpl
09-07 14:29:48.755   512 13241 I chatty  : uid=1041(audioserver) reader identical 1 line
09-07 14:29:48.784   512 13241 D HarmanHAL: StreamIn::getCapturePositionImpl
09-07 14:29:48.813   512 13169 I HarmanHal.Routing: hacs alsa node(pcmBtHfp_dl_pre_c) adtm interval_min:0 ms, inverval_max:11 ms, inverval_mean:7 ms!
09-07 14:29:48.813   512 13169 I HarmanHal.Routing:  in printADTM() PcmAlsaWrapper.cpp:876
09-07 14:29:48.814   512 13241 D HarmanHAL: StreamIn::getCapturePositionImpl
09-07 14:29:48.814   512 13169 I HarmanHal.Routing: hacs alsa node(pcmHfp_dl_p) adtm interval_min:0 ms, inverval_max:11 ms, inverval_mean:7 ms!
09-07 14:29:48.814   512 13169 I HarmanHal.Routing:  in printADTM() PcmAlsaWrapper.cpp:876
09-07 14:29:48.844   512 13241 D HarmanHAL: StreamIn::getCapturePositionImpl
09-07 14:29:48.944   512 13241 I chatty  : uid=1041(audioserver) reader identical 3 lines
09-07 14:29:48.974   512 13241 D HarmanHAL: StreamIn::getCapturePositionImpl
09-07 14:29:49.000   532   569 I VPS     : VPS:VehiclePlatformSOCHeartBeatHandler IVI HeartBeat sent successfully SOCHeartBeatInfo.SOCStatus->2
09-07 14:29:49.000   532   569 W ipcLib  : ipcLib: in ipc_lib. DV1 write called
09-07 14:29:49.002   532   569 W ipcLib  : ipcLib: in ipc_lib. DV1 read called
09-07 14:29:49.005   512 13241 D HarmanHAL: StreamIn::getCapturePositionImpl
01-01 00:04:52.081     0     0 I init    : starting service 'qccsyshalservice'...
01-01 00:04:52.087     0     0 I init    : starting service 'vendor.sensors-hal-1-0'...
09-07 14:29:49.075   512 13241 I chatty  : uid=1041(audioserver) reader identical 2 lines
09-07 14:29:49.105   512 13241 D HarmanHAL: StreamIn::getCapturePositionImpl
09-07 14:29:49.111 16661 16661 I qccsyshalservice: Start with system binder
01-01 00:04:52.103     0     0 I init    : starting service 'LogManager'...
09-07 14:29:49.112 16661 16661 I qccsyshalservice: Registering qccsyshal service...
09-07 14:29:49.114   376   376 I hwservicemanager: getTransport: Cannot find entry vendor.qti.hardware.qccsyshal@1.0::IQccsyshal/qccsyshal in either framework or device manifest.
09-07 14:29:49.115 16661 16661 E HidlServiceManagement: Service vendor.qti.hardware.qccsyshal@1.0::IQccsyshal/qccsyshal must be in VINTF manifest in order to register/get.
09-07 14:29:49.115 16661 16661 E qccsyshalservice: [ERROR] registerAsService() failed with status: -2147483648
01-01 00:04:52.107     0     0 I init    : Service 'qccsyshalservice' (pid 16661) exited with status 1
01-01 00:04:52.107     0     0 I init    : Sending signal 9 to service 'qccsyshalservice' (pid 16661) process group...
01-01 00:04:52.107     0     0 I libprocessgroup: Successfully killed process cgroup uid 1000 pid 16661 in 0ms
09-07 14:29:49.131   376   376 I hwservicemanager: getTransport: Cannot find entry android.hardware.sensors@1.0::ISensors/default in either framework or device manifest.
09-07 14:29:49.133 16662 16662 E android.hardware.sensors@1.0-service: Couldn't load sensors module (Unknown error -2147483648)
09-07 14:29:49.133 16662 16662 D RefBase : RefBase: Explicit destruction, weak count = 0 (in 0xb400007b10041718)
09-07 14:29:49.133 16662 16662 W RefBase : CallStack::getCurrentInternal not linked, returning null
09-07 14:29:49.133 16662 16662 W RefBase : CallStack::logStackInternal not linked
09-07 14:29:49.134 16662 16662 E LegacySupport: Could not get passthrough implementation for android.hardware.sensors@1.0::ISensors/default.
09-07 14:29:49.135   512 13241 D HarmanHAL: StreamIn::getCapturePositionImpl
01-01 00:04:52.125     0     0 I init    : Service 'vendor.sensors-hal-1-0' (pid 16662) exited with status 1
01-01 00:04:52.125     0     0 I init    : Sending signal 9 to service 'vendor.sensors-hal-1-0' (pid 16662) process group...
01-01 00:04:52.125     0     0 I libprocessgroup: Successfully killed process cgroup uid 1000 pid 16662 in 0ms
09-07 14:29:49.150 16666 16666 D LOGMANAGER: LOGMANAGER HAL service init() start
09-07 14:29:49.147 16666 16666 I vendor.harman.L: type=1400 audit(0.0:3222): avc: denied { read } for name="u:object_r:hwservicemanager_prop:s0" dev="tmpfs" ino=24519 scontext=u:r:logmanagerd:s0 tcontext=u:object_r:hwservicemanager_prop:s0 tclass=file permissive=1
09-07 14:29:49.147 16666 16666 I vendor.harman.L: type=1400 audit(0.0:3223): avc: denied { open } for path="/dev/__properties__/u:object_r:hwservicemanager_prop:s0" dev="tmpfs" ino=24519 scontext=u:r:logmanagerd:s0 tcontext=u:object_r:hwservicemanager_prop:s0 tclass=file permissive=1
09-07 14:29:49.147 16666 16666 I vendor.harman.L: type=1400 audit(0.0:3224): avc: denied { getattr } for path="/dev/__properties__/u:object_r:hwservicemanager_prop:s0" dev="tmpfs" ino=24519 scontext=u:r:logmanagerd:s0 tcontext=u:object_r:hwservicemanager_prop:s0 tclass=file permissive=1
09-07 14:29:49.147 16666 16666 I vendor.harman.L: type=1400 audit(0.0:3225): avc: denied { map } for path="/dev/__properties__/u:object_r:hwservicemanager_prop:s0" dev="tmpfs" ino=24519 scontext=u:r:logmanagerd:s0 tcontext=u:object_r:hwservicemanager_prop:s0 tclass=file permissive=1
09-07 14:29:49.150 16666 16666 D LOGMANAGER: Logmanager configured rpcthreadpool
09-07 14:29:49.153 16666 16666 I HidlServiceManagement: Registered vendor.harman.hardware.LogManager@1.0::ILogManager/default
09-07 14:29:49.154 16666 16666 D LOGMANAGER: Logmanager HAL Service is registered and ready
09-07 14:29:49.154 16666 16666 I LOGMANAGER: ThreadPoolWrapper::initThreadPool
09-07 14:29:49.154 16666 16666 I LOGMANAGER: ThreadPoolWrapper : exit
09-07 14:29:49.154 16666 16666 D LOGMANAGER: Logmanager threadpoolwrapper created
09-07 14:29:49.154 16666 16666 D LOGMANAGER: User argument is -c
09-07 14:29:49.154 16666 16667 I LOGMANAGER: ThreadPoolWrapper:  enter the joinRpcThreadpool()
09-07 14:29:49.154 16666 16666 I LOGMANAGER: LogmanagerConfig is configured under config file
09-07 14:29:49.154 16666 16666 I LOGMANAGER: LoggingLevel is : 4
09-07 14:29:49.155 16666 16666 I LOGMANAGER: LogEnableState is : 0
09-07 14:29:49.155 16666 16666 I LOGMANAGER: OutputPluginConfiguration PluginType : LOGWRITTER
09-07 14:29:49.155 16666 16666 I LOGMANAGER: LM_OutputConfiguration : 1
09-07 14:29:49.155 16666 16666 I LOGMANAGER: LM_OfflineTraceDirectory : /data/cache
09-07 14:29:49.155 16666 16666 I LOGMANAGER: LM_OfflineTraceFILESize : 1000000
09-07 14:29:49.155 16666 16666 I LOGMANAGER: LM_OfflineTotalFILESSize : 20000000
09-07 14:29:49.155 16666 16666 I LOGMANAGER: LM_FileNameTimeStampBased : 0
09-07 14:29:49.155 16666 16666 I LOGMANAGER: Got IOC plugin
09-07 14:29:49.155 16666 16666 I LOGMANAGER: IOCIPCChannelNumber :6
09-07 14:29:49.155 16666 16666 I LOGMANAGER: keyseq: HOME + VOLUMEDOWN  for domain is AudioDump
09-07 14:29:49.155 16666 16666 I LOGMANAGER: keyseq: HOME + VOLUMEUP  for domain is HCIDump
09-07 14:29:49.155 16666 16666 I LOGMANAGER: Domains parsing is done
01-01 00:04:52.145     0     0 W audit   : audit_lost=1548 audit_rate_limit=5 audit_backlog_limit=64
01-01 00:04:52.145     0     0 E audit   : rate limit exceeded
09-07 14:29:49.151 16666 16666 I vendor.harman.L: type=1400 audit(0.0:3226): avc: denied { dac_read_search } for capability=2 scontext=u:r:logmanagerd:s0 tcontext=u:r:logmanagerd:s0 tclass=capability permissive=1
09-07 14:29:49.160 16666 16666 E LOGMANAGER: Failed to load plugin /vendor/lib64/libIOCDLogReader.so with error code dlopen failed: library "/vendor/lib64/libIOCDLogReader.so" not found 
09-07 14:29:49.160 16666 16666 F libc    : Fatal signal 11 (SIGSEGV), code 1 (SEGV_MAPERR), fault addr 0x0 in tid 16666 (vendor.harman.L), pid 16666 (vendor.harman.L)
09-07 14:29:49.164   512 13241 D HarmanHAL: StreamIn::getCapturePositionImpl
09-07 14:29:49.194   512 13241 D HarmanHAL: StreamIn::getCapturePositionImpl
09-07 14:29:49.217 16673 16673 I crash_dump64: obtaining output fd from tombstoned, type: kDebuggerdTombstone
09-07 14:29:49.219   463   463 I tombstoned: received crash request for pid 16666
09-07 14:29:49.219 16673 16673 I crash_dump64: performing dump of process 16666 (target tid = 16666)
09-07 14:29:49.222 16673 16673 F DEBUG   : *** *** *** *** *** *** *** *** *** *** *** *** *** *** *** ***
09-07 14:29:49.223 16673 16673 F DEBUG   : Build fingerprint: 'qti/titan_tml_b2/titan_tml_b2:11/RQ3A.210605.005/eng.ksong.20210907.134230:userdebug/test-keys'
09-07 14:29:49.223 16673 16673 F DEBUG   : Revision: '0'
09-07 14:29:49.223 16673 16673 F DEBUG   : ABI: 'arm64'
09-07 14:29:49.224 16673 16673 F DEBUG   : Timestamp: 2021-09-07 14:29:49+0000
09-07 14:29:49.224 16673 16673 F DEBUG   : pid: 16666, tid: 16666, name: vendor.harman.L  >>> /vendor/bin/hw/vendor.harman.LogManager@1.0-service <<<
09-07 14:29:49.224 16673 16673 F DEBUG   : uid: 0
09-07 14:29:49.224 16673 16673 F DEBUG   : signal 11 (SIGSEGV), code 1 (SEGV_MAPERR), fault addr 0x0
09-07 14:29:49.224 16673 16673 F DEBUG   : Cause: null pointer dereference
09-07 14:29:49.224 16673 16673 F DEBUG   :     x0  0000000000000000  x1  0000000000000000  x2  0000000000080001  x3  0000000000000000
09-07 14:29:49.224 16673 16673 F DEBUG   :     x4  0000000000000000  x5  0000000000000090  x6  fefefefefefefeff  x7  7f7f7f7f7f7f7f7f
09-07 14:29:49.225 16673 16673 F DEBUG   :     x8  0101010101010101  x9  b39e80b4597fe4e8  x10 0000007fc701a218  x11 fffffffffffffffd
09-07 14:29:49.225 16673 16673 F DEBUG   :     x12 0000007fc701a3a0  x13 000000000000008e  x14 00094c5e97cc9c00  x15 0000000034155555
09-07 14:29:49.225 16673 16673 F DEBUG   :     x16 0000005874f377e0  x17 0000007df5810b30  x18 0000007df610a000  x19 0000000000000000
09-07 14:29:49.225 16673 16673 F DEBUG   :     x20 0000007df596dc50  x21 0000007fc701aab9  x22 b400007cf51b4218  x23 0000007fc701aad8
09-07 14:29:49.225 16673 16673 F DEBUG   :     x24 0000000000000000  x25 0000007df5df5000  x26 0000007fc701aab9  x27 0000007fc701aa89
09-07 14:29:49.225 16673 16673 F DEBUG   :     x28 0000000000000000  x29 0000007fc701a9c0
09-07 14:29:49.225 16673 16673 F DEBUG   :     lr  0000005874f2e048  sp  0000007fc701a9c0  pc  0000007df5810b40  pst 0000000080000000
09-07 14:29:49.229 16673 16673 F DEBUG   : backtrace:
09-07 14:29:49.229 16673 16673 F DEBUG   :       #00 pc 000000000004ab40  /apex/com.android.runtime/lib64/bionic/libc.so (strlen_default+16) (BuildId: 2b7c6e33413ac7278a15dfc3ea383089)
09-07 14:29:49.229 16673 16673 F DEBUG   :       #01 pc 0000000000009044  /vendor/bin/hw/vendor.harman.LogManager@1.0-service (BuildId: 3e966ab64050b441b920ba0e8960d123)
09-07 14:29:49.229 16673 16673 F DEBUG   :       #02 pc 0000000000008df0  /vendor/bin/hw/vendor.harman.LogManager@1.0-service (LM::LogManagerImpl::load_plugin_conf(void*, std::__1::basic_string<char, std::__1::char_traits<char>, std::__1::allocator<char> >, std::__1::multimap<std::__1::basic_string<char, std::__1::char_traits<char>, std::__1::allocator<char> >, int, std::__1::less<std::__1::basic_string<char, std::__1::char_traits<char>, std::__1::allocator<char> > >, std::__1::allocator<std::__1::pair<std::__1::basic_string<char, std::__1::char_traits<char>, std::__1::allocator<char> > const, int> > >&)+752) (BuildId: 3e966ab64050b441b920ba0e8960d123)
09-07 14:29:49.230 16673 16673 F DEBUG   :       #03 pc 00000000000088c0  /vendor/bin/hw/vendor.harman.LogManager@1.0-service (LM::LogManagerImpl::loadplugins()+436) (BuildId: 3e966ab64050b441b920ba0e8960d123)
09-07 14:29:49.230 16673 16673 F DEBUG   :       #04 pc 0000000000007af8  /vendor/bin/hw/vendor.harman.LogManager@1.0-service (main+1112) (BuildId: 3e966ab64050b441b920ba0e8960d123)
09-07 14:29:49.230 16673 16673 F DEBUG   :       #05 pc 000000000004988c  /apex/com.android.runtime/lib64/bionic/libc.so (__libc_init+108) (BuildId: 2b7c6e33413ac7278a15dfc3ea383089)
09-07 14:29:49.235   512 13241 D HarmanHAL: StreamIn::getCapturePositionImpl
01-01 00:04:52.242     0     0 D logd    : logdr: UID=0 GID=1000 PID=16673 n tail=50 logMask=8 pid=16666 start=0ns timeout=0ns
01-01 00:04:52.251     0     0 D logd    : logdr: UID=0 GID=1000 PID=16673 n tail=50 logMask=1 pid=16666 start=0ns timeout=0ns
09-07 14:29:49.264   512 13241 D HarmanHAL: StreamIn::getCapturePositionImpl
09-07 14:29:49.280   512  3972 I HarmanHal.Routing: hacs alsa node(pcmMedia_p) adtm interval_min:1 ms, inverval_max:10 ms, inverval_mean:8 ms!
09-07 14:29:49.280   512  3972 I HarmanHal.Routing:  in printADTM() PcmAlsaWrapper.cpp:876
01-01 00:04:52.276     0     0 D logd    : logdr: UID=0 GID=1000 PID=16673 n tail=0 logMask=8 pid=16666 start=0ns timeout=0ns
09-07 14:29:49.295   512 13241 D HarmanHAL: StreamIn::getCapturePositionImpl
01-01 00:04:52.287     0     0 D logd    : logdr: UID=0 GID=1000 PID=16673 n tail=0 logMask=1 pid=16666 start=0ns timeout=0ns
09-07 14:29:49.309  1033  1270 W NativeCrashListener: Couldn't find ProcessRecord for pid 16666
09-07 14:29:49.309 16673 16673 E crash_dump64: AM data write failed: Broken pipe
01-01 00:04:52.301     0     0 I init    : Untracked pid 16673 exited with status 0
09-07 14:29:49.311   463   463 E tombstoned: Tombstone written to: /data/tombstones/tombstone_24
09-07 14:29:49.318   512 13158 D AudioProcessing: sseApply [handle 0xbc80d90][type 512] start..
09-07 14:29:49.318   512 13158 D AudioProcessing: sseProcess ul audioIO content print-1 [256] [2] [4] [1] 
09-07 14:29:49.318   512 13158 D AudioProcessing: sseProcess ul audioIO content print-2 [6] [1] [0x3bcbc5a0] [0x5bc7ede0] 
09-07 14:29:49.318   512 13158 D AudioProcessing: sseProcess ul audioIO content print-3 [0x1bca1320 [0x8bc84110] [0x1bc9f9b0] sse->pMain is [0x2bca4a60] 
09-07 14:29:49.319   512 13158 D AudioProcessing: sseProcess ul [handle 0xbc80d90]  ret[0]
09-07 14:29:49.319   512 13158 D AudioProcessing: sseProcess ul AudioBufferSampleCnt[256] type[512] finish..
09-07 14:29:49.319  1033  1095 I BootReceiver: Copying /data/tombstones/tombstone_24 to DropBox (SYSTEM_TOMBSTONE)
09-07 14:29:49.322  1033  1095 I DropBoxManagerService: add tag=SYSTEM_TOMBSTONE isTagEnabled=true flags=0x2
09-07 14:29:49.324   512 13241 D HarmanHAL: StreamIn::getCapturePositionImpl
09-07 14:29:49.354   512 13241 D HarmanHAL: StreamIn::getCapturePositionImpl
09-07 14:29:49.371   532   569 W ipcLib  : ipcLib: in ipc_lib. DV1 read called
09-07 14:29:49.371   532   568 I VPS     : VPS:IOCStatusInfo.VoltageStatus->0 
09-07 14:29:49.372   532   568 I VPS     : VPS:IOCStatusInfo.IOCStatusCmd->a6 
09-07 14:29:49.372   532   568 I VPS     : VPS:IOCStatusInfo.WakeUpReason->0 
09-07 14:29:49.372   532   568 I VPS     : VPS:IOCStatusInfo.DerivedIgnitionStatus->0 
09-07 14:29:49.372   532   568 I VPS     : VPS:IOCStatusInfo.PowerModeState->4 
09-07 14:29:49.372   532   568 I VPS     : VPS:IOCStatusInfo.SOCShutdownRequest->0 
09-07 14:29:49.372   532   568 I VPS     : VPS:IOCStatusInfo.AntiTheftState->0 
09-07 14:29:49.372   532   568 I VPS     : VPS:IOCStatusInfo.BatteryConnect->0 
09-07 14:29:49.394   512 13241 D HarmanHAL: StreamIn::getCapturePositionImpl
09-07 14:29:49.423   512 13169 D AudioProcessing: sseApply [handle 0xbc83090][type 768] start..
09-07 14:29:49.423   512 13169 D AudioProcessing: sseProcess dl audioIO content print-1 [256] [2] [1] [1] 
09-07 14:29:49.423   512 13169 D AudioProcessing: sseProcess dl audioIO content print-2 [1] [1] [0x0xb40000763bcc28d0] [0x0xb40000761bca6b00] 
09-07 14:29:49.423   512 13169 D AudioProcessing: sseProcess dl audioIO content print-3 [0x0xb40000761bca7fd0] [0x0xb40000761bcabe40] [0x0xb40000761bca5880] sse->pMain is [0x0xb40000772bcb4e80] 
09-07 14:29:49.424   512 13169 D AudioProcessing: sseProcess dl [handle 0xbc83090] ret[0]
09-07 14:29:49.424   512 13169 D AudioProcessing: sseProcess dl AudioBufferSampleCnt[256] type[768] finish..
09-07 14:29:49.424   512 13241 D HarmanHAL: StreamIn::getCapturePositionImpl
09-07 14:29:49.454   512 13241 I HarmanHal.Routing: hacs alsa node(pcmTunerIn_c) adtm interval_min:30 ms, inverval_max:40 ms, inverval_mean:31 ms!
09-07 14:29:49.454   512 13241 I HarmanHal.Routing:  in printADTM() PcmAlsaWrapper.cpp:876
09-07 14:29:49.455   512 13241 D HarmanHAL: StreamIn::getCapturePositionImpl
09-07 14:29:49.479   538   618 W ipcLib  : ipcLib: in ipc_lib. DV1 read called
09-07 14:29:49.481   512   512 E android.hardware.audio@6.0-harman-service: [CXmlParser]: nodeset is empty for xpath: /audioConfiguration/EnableWatchdog
09-07 14:29:49.481   512   512 E android.hardware.audio@6.0-harman-service: [CXmlParser::GetOneEleValue] Xpath object is NULL. XPath: /audioConfiguration/EnableWatchdog
09-07 14:29:49.481   512   512 W HarmanHal: ConfigSettings::GetOneEleValue Error while reading the path /audioConfiguration/EnableWatchdog
09-07 14:29:49.481   512   512 W HarmanHal: ConfigSettings::GetOneEleValue Error in checkifWatchdogTobeEnabled
09-07 14:29:49.481   512   512 I HarmanHal: WatchdogClient::isClientHealthy, Value Of checkifWatchdogTobeEnabled:0
09-07 14:29:49.485   512 13241 D HarmanHAL: StreamIn::getCapturePositionImpl
09-07 14:29:49.644   512 13241 I chatty  : uid=1041(audioserver) reader identical 5 lines
09-07 14:29:49.674   512 13241 D HarmanHAL: StreamIn::getCapturePositionImpl
09-07 14:29:49.706   512 13133 I HarmanHal.Routing: hacs alsa node(pcmMicRefIn_c) adtm interval_min:0 ms, inverval_max:11 ms, inverval_mean:8 ms!
09-07 14:29:49.706   512 13133 I HarmanHal.Routing:  in printADTM() PcmAlsaWrapper.cpp:876
09-07 14:29:49.711   512 13159 I HarmanHal.Routing: hacs alsa node(pcmBtHfp_ul_pro_p) adtm interval_min:2 ms, inverval_max:12 ms, inverval_mean:8 ms!
09-07 14:29:49.711   512 13159 I HarmanHal.Routing:  in printADTM() PcmAlsaWrapper.cpp:876
09-07 14:29:49.714   512 13241 D HarmanHAL: StreamIn::getCapturePositionImpl
09-07 14:29:49.774   512 13241 I chatty  : uid=1041(audioserver) reader identical 2 lines
09-07 14:29:49.805   512 13241 D HarmanHAL: StreamIn::getCapturePositionImpl
09-07 14:29:49.814   512 13169 I HarmanHal.Routing: hacs alsa node(pcmBtHfp_dl_pre_c) adtm interval_min:0 ms, inverval_max:11 ms, inverval_mean:8 ms!
09-07 14:29:49.814   512 13169 I HarmanHal.Routing:  in printADTM() PcmAlsaWrapper.cpp:876
09-07 14:29:49.815   512 13169 I HarmanHal.Routing: hacs alsa node(pcmHfp_dl_p) adtm interval_min:0 ms, inverval_max:11 ms, inverval_mean:8 ms!
09-07 14:29:49.815   512 13169 I HarmanHal.Routing:  in printADTM() PcmAlsaWrapper.cpp:876
09-07 14:29:49.815   536   612 E pathology: [ProcessCrashHandler:: parseTombstoneFileName]string not found
09-07 14:29:49.820   536   612 I chatty  : uid=0(root) vendor.harman.p identical 4 lines
09-07 14:29:49.820   536   612 E pathology: [ProcessCrashHandler:: parseTombstoneFileName]string not found
09-07 14:29:49.834   512 13241 D HarmanHAL: StreamIn::getCapturePositionImpl
09-07 14:29:50.224   512 13241 I chatty  : uid=1041(audioserver) reader identical 12 lines
09-07 14:29:50.254   512 13241 D HarmanHAL: StreamIn::getCapturePositionImpl
09-07 14:29:50.255   536   536 I vendor.harman.p: type=1400 audit(0.0:3247): avc: denied { write } for name="2" dev="dm-4" ino=49241 scontext=u:r:pathologyd:s0 tcontext=u:object_r:vendor_data_file:s0 tclass=dir permissive=1
09-07 14:29:50.255   536   536 I vendor.harman.p: type=1400 audit(0.0:3248): avc: denied { add_name } for name="PROCCRASH_PF_1631024989.lz4" scontext=u:r:pathologyd:s0 tcontext=u:object_r:vendor_data_file:s0 tclass=dir permissive=1
09-07 14:29:50.280   512  3972 I HarmanHal.Routing: hacs alsa node(pcmMedia_p) adtm interval_min:0 ms, inverval_max:11 ms, inverval_mean:8 ms!
09-07 14:29:50.280   512  3972 I HarmanHal.Routing:  in printADTM() PcmAlsaWrapper.cpp:876
09-07 14:29:50.284   512 13241 D HarmanHAL: StreamIn::getCapturePositionImpl
09-07 14:29:50.385   512 13241 I chatty  : uid=1041(audioserver) reader identical 3 lines
09-07 14:29:50.414   512 13241 D HarmanHAL: StreamIn::getCapturePositionImpl
09-07 14:29:50.444   512 13241 I HarmanHal.Routing: hacs alsa node(pcmTunerIn_c) adtm interval_min:30 ms, inverval_max:40 ms, inverval_mean:31 ms!
09-07 14:29:50.444   512 13241 I HarmanHal.Routing:  in printADTM() PcmAlsaWrapper.cpp:876
09-07 14:29:50.445   512 13241 D HarmanHAL: StreamIn::getCapturePositionImpl
09-07 14:29:50.475   512 13241 D HarmanHAL: StreamIn::getCapturePositionImpl
09-07 14:29:50.479   538   618 W ipcLib  : ipcLib: in ipc_lib. DV1 read called
09-07 14:29:50.515   512 13241 D HarmanHAL: StreamIn::getCapturePositionImpl
09-07 14:29:50.674   512 13241 I chatty  : uid=1041(audioserver) reader identical 5 lines
09-07 14:29:50.705   512 13241 D HarmanHAL: StreamIn::getCapturePositionImpl
09-07 14:29:50.706   512 13133 I HarmanHal.Routing: hacs alsa node(pcmMicRefIn_c) adtm interval_min:0 ms, inverval_max:10 ms, inverval_mean:7 ms!
09-07 14:29:50.706   512 13133 I HarmanHal.Routing:  in printADTM() PcmAlsaWrapper.cpp:876
09-07 14:29:50.711   512 13159 I HarmanHal.Routing: hacs alsa node(pcmBtHfp_ul_pro_p) adtm interval_min:2 ms, inverval_max:12 ms, inverval_mean:8 ms!
09-07 14:29:50.711   512 13159 I HarmanHal.Routing:  in printADTM() PcmAlsaWrapper.cpp:876
09-07 14:29:50.735   512 13241 D HarmanHAL: StreamIn::getCapturePositionImpl
09-07 14:29:50.764   512 13241 I chatty  : uid=1041(audioserver) reader identical 1 line
09-07 14:29:50.794   512 13241 D HarmanHAL: StreamIn::getCapturePositionImpl
09-07 14:29:50.813   512 13169 I HarmanHal.Routing: hacs alsa node(pcmBtHfp_dl_pre_c) adtm interval_min:0 ms, inverval_max:11 ms, inverval_mean:7 ms!
09-07 14:29:50.813   512 13169 I HarmanHal.Routing:  in printADTM() PcmAlsaWrapper.cpp:876
09-07 14:29:50.815   512 13169 I HarmanHal.Routing: hacs alsa node(pcmHfp_dl_p) adtm interval_min:0 ms, inverval_max:11 ms, inverval_mean:8 ms!
09-07 14:29:50.815   512 13169 I HarmanHal.Routing:  in printADTM() PcmAlsaWrapper.cpp:876
09-07 14:29:50.835   512 13241 D HarmanHAL: StreamIn::getCapturePositionImpl
09-07 14:29:50.865   512 13241 I chatty  : uid=1041(audioserver) reader identical 1 line
09-07 14:29:50.894   512 13241 D HarmanHAL: StreamIn::getCapturePositionImpl
09-07 14:29:50.907   536   536 I vendor.harman.p: type=1400 audit(0.0:3249): avc: denied { read } for name="2" dev="dm-4" ino=49241 scontext=u:r:pathologyd:s0 tcontext=u:object_r:vendor_data_file:s0 tclass=dir permissive=1
09-07 14:29:50.907   536   536 I vendor.harman.p: type=1400 audit(0.0:3250): avc: denied { open } for path="/data/vendor/pathologyArchive/2" dev="dm-4" ino=49241 scontext=u:r:pathologyd:s0 tcontext=u:object_r:vendor_data_file:s0 tclass=dir permissive=1
09-07 14:29:50.918   512 13158 D AudioProcessing: sseApply [handle 0xbc80d90][type 512] start..
09-07 14:29:50.918   512 13158 D AudioProcessing: sseProcess ul audioIO content print-1 [256] [2] [4] [1] 
09-07 14:29:50.918   512 13158 D AudioProcessing: sseProcess ul audioIO content print-2 [6] [1] [0x3bcbc5a0] [0x5bc7ede0] 
09-07 14:29:50.918   512 13158 D AudioProcessing: sseProcess ul audioIO content print-3 [0x1bca1320 [0x8bc84110] [0x1bc9f9b0] sse->pMain is [0x2bca4a60] 
09-07 14:29:50.919   512 13158 D AudioProcessing: sseProcess ul [handle 0xbc80d90]  ret[0]
09-07 14:29:50.919   512 13158 D AudioProcessing: sseProcess ul AudioBufferSampleCnt[256] type[512] finish..
09-07 14:29:50.924   512 13241 D HarmanHAL: StreamIn::getCapturePositionImpl
09-07 14:29:50.955   512 13241 I chatty  : uid=1041(audioserver) reader identical 1 line
09-07 14:29:50.995   512 13241 D HarmanHAL: StreamIn::getCapturePositionImpl
09-07 14:29:51.023   512 13169 D AudioProcessing: sseApply [handle 0xbc83090][type 768] start..
09-07 14:29:51.023   512 13169 D AudioProcessing: sseProcess dl audioIO content print-1 [256] [2] [1] [1] 
09-07 14:29:51.023   512 13169 D AudioProcessing: sseProcess dl audioIO content print-2 [1] [1] [0x0xb40000763bcc28d0] [0x0xb40000761bca6b00] 
09-07 14:29:51.023   512 13169 D AudioProcessing: sseProcess dl audioIO content print-3 [0x0xb40000761bca7fd0] [0x0xb40000761bcabe40] [0x0xb40000761bca5880] sse->pMain is [0x0xb40000772bcb4e80] 
09-07 14:29:51.024   512 13169 D AudioProcessing: sseProcess dl [handle 0xbc83090] ret[0]
09-07 14:29:51.024   512 13169 D AudioProcessing: sseProcess dl AudioBufferSampleCnt[256] type[768] finish..
09-07 14:29:51.025   512 13241 D HarmanHAL: StreamIn::getCapturePositionImpl
09-07 14:29:51.244   512 13241 I chatty  : uid=1041(audioserver) reader identical 7 lines
09-07 14:29:51.274   512 13241 D HarmanHAL: StreamIn::getCapturePositionImpl
09-07 14:29:51.280   512  3972 I HarmanHal.Routing: hacs alsa node(pcmMedia_p) adtm interval_min:0 ms, inverval_max:10 ms, inverval_mean:8 ms!
09-07 14:29:51.280   512  3972 I HarmanHal.Routing:  in printADTM() PcmAlsaWrapper.cpp:876
09-07 14:29:51.314   512 13241 D HarmanHAL: StreamIn::getCapturePositionImpl
09-07 14:29:51.374   512 13241 I chatty  : uid=1041(audioserver) reader identical 2 lines
09-07 14:29:51.404   512 13241 D HarmanHAL: StreamIn::getCapturePositionImpl
09-07 14:29:51.434   512 13241 I HarmanHal.Routing: hacs alsa node(pcmTunerIn_c) adtm interval_min:30 ms, inverval_max:40 ms, inverval_mean:31 ms!
09-07 14:29:51.434   512 13241 I HarmanHal.Routing:  in printADTM() PcmAlsaWrapper.cpp:876
09-07 14:29:51.435   512 13241 D HarmanHAL: StreamIn::getCapturePositionImpl
09-07 14:29:51.471   532   569 W ipcLib  : ipcLib: in ipc_lib. DV1 read called
09-07 14:29:51.472   532   568 I VPS     : VPS:IOCStatusInfo.VoltageStatus->0 
09-07 14:29:51.472   532   568 I VPS     : VPS:IOCStatusInfo.IOCStatusCmd->a6 
09-07 14:29:51.472   532   568 I VPS     : VPS:IOCStatusInfo.WakeUpReason->0 
09-07 14:29:51.472   532   568 I VPS     : VPS:IOCStatusInfo.DerivedIgnitionStatus->0 
09-07 14:29:51.472   532   568 I VPS     : VPS:IOCStatusInfo.PowerModeState->4 
09-07 14:29:51.472   532   568 I VPS     : VPS:IOCStatusInfo.SOCShutdownRequest->0 
09-07 14:29:51.472   532   568 I VPS     : VPS:IOCStatusInfo.AntiTheftState->0 
09-07 14:29:51.472   532   568 I VPS     : VPS:IOCStatusInfo.BatteryConnect->0 
09-07 14:29:51.474   512 13241 D HarmanHAL: StreamIn::getCapturePositionImpl
09-07 14:29:51.479   538   618 W ipcLib  : ipcLib: in ipc_lib. DV1 read called
09-07 14:29:51.504   512 13241 D HarmanHAL: StreamIn::getCapturePositionImpl
09-07 14:29:51.665   512 13241 I chatty  : uid=1041(audioserver) reader identical 5 lines
09-07 14:29:51.694   512 13241 D HarmanHAL: StreamIn::getCapturePositionImpl
09-07 14:29:51.706   512 13133 I HarmanHal.Routing: hacs alsa node(pcmMicRefIn_c) adtm interval_min:0 ms, inverval_max:12 ms, inverval_mean:8 ms!
09-07 14:29:51.706   512 13133 I HarmanHal.Routing:  in printADTM() PcmAlsaWrapper.cpp:876
09-07 14:29:51.711   512 13159 I HarmanHal.Routing: hacs alsa node(pcmBtHfp_ul_pro_p) adtm interval_min:2 ms, inverval_max:12 ms, inverval_mean:8 ms!
09-07 14:29:51.711   512 13159 I HarmanHal.Routing:  in printADTM() PcmAlsaWrapper.cpp:876
09-07 14:29:51.725   512 13241 D HarmanHAL: StreamIn::getCapturePositionImpl
09-07 14:29:51.754   512 13241 I chatty  : uid=1041(audioserver) reader identical 1 line
09-07 14:29:51.795   512 13241 D HarmanHAL: StreamIn::getCapturePositionImpl
09-07 14:29:51.814   512 13169 I HarmanHal.Routing: hacs alsa node(pcmBtHfp_dl_pre_c) adtm interval_min:0 ms, inverval_max:11 ms, inverval_mean:8 ms!
09-07 14:29:51.814   512 13169 I HarmanHal.Routing:  in printADTM() PcmAlsaWrapper.cpp:876
09-07 14:29:51.815   512 13169 I HarmanHal.Routing: hacs alsa node(pcmHfp_dl_p) adtm interval_min:0 ms, inverval_max:11 ms, inverval_mean:8 ms!
09-07 14:29:51.815   512 13169 I HarmanHal.Routing:  in printADTM() PcmAlsaWrapper.cpp:876
09-07 14:29:51.824   512 13241 D HarmanHAL: StreamIn::getCapturePositionImpl
09-07 14:29:52.235   512 13241 I chatty  : uid=1041(audioserver) reader identical 13 lines
09-07 14:29:52.274   512 13241 D HarmanHAL: StreamIn::getCapturePositionImpl
09-07 14:29:52.280   512  3972 I HarmanHal.Routing: hacs alsa node(pcmMedia_p) adtm interval_min:0 ms, inverval_max:11 ms, inverval_mean:8 ms!
09-07 14:29:52.280   512  3972 I HarmanHal.Routing:  in printADTM() PcmAlsaWrapper.cpp:876
09-07 14:29:52.304   512 13241 D HarmanHAL: StreamIn::getCapturePositionImpl
09-07 14:29:52.364   512 13241 I chatty  : uid=1041(audioserver) reader identical 2 lines
09-07 14:29:52.394   512 13241 D HarmanHAL: StreamIn::getCapturePositionImpl
09-07 14:29:52.400   911  4981 D BufferPoolAccessor2.0: bufferpool2 0xb400007205c6d498 : 2(1048576 size) total buffers - 1(524288 size) used buffers - 3374/3384 (recycle/alloc) - 24/3383 (fetch/transfer)
09-07 14:29:52.434   512 13241 I HarmanHal.Routing: hacs alsa node(pcmTunerIn_c) adtm interval_min:30 ms, inverval_max:40 ms, inverval_mean:32 ms!
09-07 14:29:52.434   512 13241 I HarmanHal.Routing:  in printADTM() PcmAlsaWrapper.cpp:876
09-07 14:29:52.435   512 13241 D HarmanHAL: StreamIn::getCapturePositionImpl
09-07 14:29:52.464   512 13241 D HarmanHAL: StreamIn::getCapturePositionImpl
09-07 14:29:52.479   538   618 W ipcLib  : ipcLib: in ipc_lib. DV1 read called
09-07 14:29:52.494   512 13241 D HarmanHAL: StreamIn::getCapturePositionImpl
09-07 14:29:52.518   512 13158 D AudioProcessing: sseApply [handle 0xbc80d90][type 512] start..
09-07 14:29:52.518   512 13158 D AudioProcessing: sseProcess ul audioIO content print-1 [256] [2] [4] [1] 
09-07 14:29:52.518   512 13158 D AudioProcessing: sseProcess ul audioIO content print-2 [6] [1] [0x3bcbc5a0] [0x5bc7ede0] 
09-07 14:29:52.518   512 13158 D AudioProcessing: sseProcess ul audioIO content print-3 [0x1bca1320 [0x8bc84110] [0x1bc9f9b0] sse->pMain is [0x2bca4a60] 
09-07 14:29:52.519   512 13158 D AudioProcessing: sseProcess ul [handle 0xbc80d90]  ret[0]
09-07 14:29:52.519   512 13158 D AudioProcessing: sseProcess ul AudioBufferSampleCnt[256] type[512] finish..
09-07 14:29:52.524   512 13241 D HarmanHAL: StreamIn::getCapturePositionImpl
09-07 14:29:52.554   512 13241 I chatty  : uid=1041(audioserver) reader identical 1 line
09-07 14:29:52.595   512 13241 D HarmanHAL: StreamIn::getCapturePositionImpl
09-07 14:29:52.623   512 13169 D AudioProcessing: sseApply [handle 0xbc83090][type 768] start..
09-07 14:29:52.623   512 13169 D AudioProcessing: sseProcess dl audioIO content print-1 [256] [2] [1] [1] 
09-07 14:29:52.623   512 13169 D AudioProcessing: sseProcess dl audioIO content print-2 [1] [1] [0x0xb40000763bcc28d0] [0x0xb40000761bca6b00] 
09-07 14:29:52.623   512 13169 D AudioProcessing: sseProcess dl audioIO content print-3 [0x0xb40000761bca7fd0] [0x0xb40000761bcabe40] [0x0xb40000761bca5880] sse->pMain is [0x0xb40000772bcb4e80] 
09-07 14:29:52.624   512 13169 D AudioProcessing: sseProcess dl [handle 0xbc83090] ret[0]
09-07 14:29:52.624   512 13169 D AudioProcessing: sseProcess dl AudioBufferSampleCnt[256] type[768] finish..
09-07 14:29:52.625   512 13241 D HarmanHAL: StreamIn::getCapturePositionImpl
09-07 14:29:52.654   512 13241 I chatty  : uid=1041(audioserver) reader identical 1 line
09-07 14:29:52.685   512 13241 D HarmanHAL: StreamIn::getCapturePositionImpl
09-07 14:29:52.706   512 13133 I HarmanHal.Routing: hacs alsa node(pcmMicRefIn_c) adtm interval_min:0 ms, inverval_max:10 ms, inverval_mean:8 ms!
09-07 14:29:52.706   512 13133 I HarmanHal.Routing:  in printADTM() PcmAlsaWrapper.cpp:876
09-07 14:29:52.711   512 13159 I HarmanHal.Routing: hacs alsa node(pcmBtHfp_ul_pro_p) adtm interval_min:2 ms, inverval_max:11 ms, inverval_mean:8 ms!
09-07 14:29:52.711   512 13159 I HarmanHal.Routing:  in printADTM() PcmAlsaWrapper.cpp:876
09-07 14:29:52.715   512 13241 D HarmanHAL: StreamIn::getCapturePositionImpl
09-07 14:29:52.755   512 13241 I chatty  : uid=1041(audioserver) reader identical 1 line
09-07 14:29:52.785   512 13241 D HarmanHAL: StreamIn::getCapturePositionImpl
09-07 14:29:52.813   512 13169 I HarmanHal.Routing: hacs alsa node(pcmBtHfp_dl_pre_c) adtm interval_min:0 ms, inverval_max:11 ms, inverval_mean:7 ms!
09-07 14:29:52.813   512 13169 I HarmanHal.Routing:  in printADTM() PcmAlsaWrapper.cpp:876
09-07 14:29:52.815   512 13169 I HarmanHal.Routing: hacs alsa node(pcmHfp_dl_p) adtm interval_min:0 ms, inverval_max:11 ms, inverval_mean:7 ms!
09-07 14:29:52.815   512 13169 I HarmanHal.Routing:  in printADTM() PcmAlsaWrapper.cpp:876
09-07 14:29:52.818   512 13241 D HarmanHAL: StreamIn::getCapturePositionImpl
09-07 14:29:53.235   512 13241 I chatty  : uid=1041(audioserver) reader identical 13 lines
09-07 14:29:53.264   512 13241 D HarmanHAL: StreamIn::getCapturePositionImpl
09-07 14:29:53.280   512  3972 I HarmanHal.Routing: hacs alsa node(pcmMedia_p) adtm interval_min:1 ms, inverval_max:10 ms, inverval_mean:8 ms!
09-07 14:29:53.280   512  3972 I HarmanHal.Routing:  in printADTM() PcmAlsaWrapper.cpp:876
09-07 14:29:53.294   512 13241 D HarmanHAL: StreamIn::getCapturePositionImpl
09-07 14:29:53.354   512 13241 I chatty  : uid=1041(audioserver) reader identical 2 lines
09-07 14:29:53.394   512 13241 D HarmanHAL: StreamIn::getCapturePositionImpl
09-07 14:29:53.424   512 13241 I HarmanHal.Routing: hacs alsa node(pcmTunerIn_c) adtm interval_min:29 ms, inverval_max:40 ms, inverval_mean:31 ms!
09-07 14:29:53.424   512 13241 I HarmanHal.Routing:  in printADTM() PcmAlsaWrapper.cpp:876
09-07 14:29:53.425   512 13241 D HarmanHAL: StreamIn::getCapturePositionImpl
09-07 14:29:53.454   512 13241 D HarmanHAL: StreamIn::getCapturePositionImpl
09-07 14:29:53.479   538   618 W ipcLib  : ipcLib: in ipc_lib. DV1 read called
09-07 14:29:53.484   512 13241 D HarmanHAL: StreamIn::getCapturePositionImpl
09-07 14:29:53.514   512 13241 I chatty  : uid=1041(audioserver) reader identical 1 line
09-07 14:29:53.555   512 13241 D HarmanHAL: StreamIn::getCapturePositionImpl
09-07 14:29:53.571   532   569 W ipcLib  : ipcLib: in ipc_lib. DV1 read called
09-07 14:29:53.571   532   568 I VPS     : VPS:IOCStatusInfo.VoltageStatus->0 
09-07 14:29:53.571   532   568 I VPS     : VPS:IOCStatusInfo.IOCStatusCmd->a6 
09-07 14:29:53.571   532   568 I VPS     : VPS:IOCStatusInfo.WakeUpReason->0 
09-07 14:29:53.571   532   568 I VPS     : VPS:IOCStatusInfo.DerivedIgnitionStatus->0 
09-07 14:29:53.571   532   568 I VPS     : VPS:IOCStatusInfo.PowerModeState->4 
09-07 14:29:53.572   532   568 I VPS     : VPS:IOCStatusInfo.SOCShutdownRequest->0 
09-07 14:29:53.572   532   568 I VPS     : VPS:IOCStatusInfo.AntiTheftState->0 
09-07 14:29:53.572   532   568 I VPS     : VPS:IOCStatusInfo.BatteryConnect->0 
09-07 14:29:53.584   512 13241 D HarmanHAL: StreamIn::getCapturePositionImpl
09-07 14:29:53.614   512 13241 D HarmanHAL: StreamIn::getCapturePositionImpl
09-07 14:29:53.619   535   535 I vendor.harman.n: type=1400 audit(0.0:3251): avc: denied { getattr } for path="/data/vendor/nav/ublox/ublox_log.ubx" dev="dm-4" ino=49238 scontext=u:r:hal_navsens:s0 tcontext=u:object_r:vendor_data_file:s0 tclass=file permissive=1
09-07 14:29:53.619   535   535 I vendor.harman.n: type=1400 audit(0.0:3252): avc: denied { append } for name="ublox_log.ubx" dev="dm-4" ino=49238 scontext=u:r:hal_navsens:s0 tcontext=u:object_r:vendor_data_file:s0 tclass=file permissive=1
09-07 14:29:53.619   535   535 I vendor.harman.n: type=1400 audit(0.0:3253): avc: denied { open } for path="/data/vendor/nav/ublox/ublox_log.ubx" dev="dm-4" ino=49238 scontext=u:r:hal_navsens:s0 tcontext=u:object_r:vendor_data_file:s0 tclass=file permissive=1
09-07 14:29:53.645   512 13241 D HarmanHAL: StreamIn::getCapturePositionImpl
09-07 14:29:53.675   512 13241 D HarmanHAL: StreamIn::getCapturePositionImpl
09-07 14:29:53.706   512 13133 I HarmanHal.Routing: hacs alsa node(pcmMicRefIn_c) adtm interval_min:0 ms, inverval_max:12 ms, inverval_mean:8 ms!
09-07 14:29:53.706   512 13133 I HarmanHal.Routing:  in printADTM() PcmAlsaWrapper.cpp:876
09-07 14:29:53.711   512 13159 I HarmanHal.Routing: hacs alsa node(pcmBtHfp_ul_pro_p) adtm interval_min:2 ms, inverval_max:12 ms, inverval_mean:8 ms!
09-07 14:29:53.711   512 13159 I HarmanHal.Routing:  in printADTM() PcmAlsaWrapper.cpp:876
09-07 14:29:53.715   512 13241 D HarmanHAL: StreamIn::getCapturePositionImpl
09-07 14:29:53.775   512 13241 I chatty  : uid=1041(audioserver) reader identical 2 lines
09-07 14:29:53.804   512 13241 D HarmanHAL: StreamIn::getCapturePositionImpl
09-07 14:29:53.814   512 13169 I HarmanHal.Routing: hacs alsa node(pcmBtHfp_dl_pre_c) adtm interval_min:0 ms, inverval_max:10 ms, inverval_mean:8 ms!
09-07 14:29:53.814   512 13169 I HarmanHal.Routing:  in printADTM() PcmAlsaWrapper.cpp:876
09-07 14:29:53.815   512 13169 I HarmanHal.Routing: hacs alsa node(pcmHfp_dl_p) adtm interval_min:0 ms, inverval_max:11 ms, inverval_mean:8 ms!
09-07 14:29:53.815   512 13169 I HarmanHal.Routing:  in printADTM() PcmAlsaWrapper.cpp:876
09-07 14:29:53.834   512 13241 D HarmanHAL: StreamIn::getCapturePositionImpl
09-07 14:29:53.964   512 13241 I chatty  : uid=1041(audioserver) reader identical 4 lines
09-07 14:29:53.994   512 13241 D HarmanHAL: StreamIn::getCapturePositionImpl
09-07 14:29:54.000   532   569 I VPS     : VPS:VehiclePlatformSOCHeartBeatHandler IVI HeartBeat sent successfully SOCHeartBeatInfo.SOCStatus->2
09-07 14:29:54.000   532   569 W ipcLib  : ipcLib: in ipc_lib. DV1 write called
09-07 14:29:54.002   532   569 W ipcLib  : ipcLib: in ipc_lib. DV1 read called
09-07 14:29:54.034   512 13241 D HarmanHAL: StreamIn::getCapturePositionImpl
01-01 00:04:57.089     0     0 I init    : starting service 'qccsyshalservice'...
01-01 00:04:57.098     0     0 I init    : starting service 'vendor.sensors-hal-1-0'...
09-07 14:29:54.065   512 13241 I chatty  : uid=1041(audioserver) reader identical 1 line
09-07 14:29:54.095   512 13241 D HarmanHAL: StreamIn::getCapturePositionImpl
09-07 14:29:54.118   512 13158 D AudioProcessing: sseApply [handle 0xbc80d90][type 512] start..
09-07 14:29:54.118   512 13158 D AudioProcessing: sseProcess ul audioIO content print-1 [256] [2] [4] [1] 
09-07 14:29:54.118   512 13158 D AudioProcessing: sseProcess ul audioIO content print-2 [6] [1] [0x3bcbc5a0] [0x5bc7ede0] 
09-07 14:29:54.118   512 13158 D AudioProcessing: sseProcess ul audioIO content print-3 [0x1bca1320 [0x8bc84110] [0x1bc9f9b0] sse->pMain is [0x2bca4a60] 
09-07 14:29:54.119   512 13158 D AudioProcessing: sseProcess ul [handle 0xbc80d90]  ret[0]
09-07 14:29:54.119   512 13158 D AudioProcessing: sseProcess ul AudioBufferSampleCnt[256] type[512] finish..
09-07 14:29:54.125   512 13241 D HarmanHAL: StreamIn::getCapturePositionImpl
01-01 00:04:57.113     0     0 I init    : starting service 'LogManager'...
09-07 14:29:54.127 16831 16831 I qccsyshalservice: Start with system binder
09-07 14:29:54.127 16831 16831 I qccsyshalservice: Registering qccsyshal service...
09-07 14:29:54.128   376   376 I hwservicemanager: getTransport: Cannot find entry android.hardware.sensors@1.0::ISensors/default in either framework or device manifest.
09-07 14:29:54.128   376   376 I hwservicemanager: getTransport: Cannot find entry vendor.qti.hardware.qccsyshal@1.0::IQccsyshal/qccsyshal in either framework or device manifest.
09-07 14:29:54.129 16831 16831 E HidlServiceManagement: Service vendor.qti.hardware.qccsyshal@1.0::IQccsyshal/qccsyshal must be in VINTF manifest in order to register/get.
09-07 14:29:54.129 16831 16831 E qccsyshalservice: [ERROR] registerAsService() failed with status: -2147483648
09-07 14:29:54.132 16832 16832 E android.hardware.sensors@1.0-service: Couldn't load sensors module (Unknown error -2147483648)
01-01 00:04:57.120     0     0 I init    : Service 'qccsyshalservice' (pid 16831) exited with status 1
09-07 14:29:54.132 16832 16832 D RefBase : RefBase: Explicit destruction, weak count = 0 (in 0xb400007bc83c9fa8)
01-01 00:04:57.120     0     0 I init    : Sending signal 9 to service 'qccsyshalservice' (pid 16831) process group...
09-07 14:29:54.132 16832 16832 W RefBase : CallStack::getCurrentInternal not linked, returning null
01-01 00:04:57.120     0     0 I libprocessgroup: Successfully killed process cgroup uid 1000 pid 16831 in 0ms
09-07 14:29:54.132 16832 16832 W RefBase : CallStack::logStackInternal not linked
09-07 14:29:54.133 16832 16832 E LegacySupport: Could not get passthrough implementation for android.hardware.sensors@1.0::ISensors/default.
01-01 00:04:57.125     0     0 I init    : Service 'vendor.sensors-hal-1-0' (pid 16832) exited with status 1
01-01 00:04:57.125     0     0 I init    : Sending signal 9 to service 'vendor.sensors-hal-1-0' (pid 16832) process group...
01-01 00:04:57.125     0     0 I libprocessgroup: Successfully killed process cgroup uid 1000 pid 16832 in 0ms
09-07 14:29:54.155   512 13241 D HarmanHAL: StreamIn::getCapturePositionImpl
09-07 14:29:54.156 16833 16833 D LOGMANAGER: LOGMANAGER HAL service init() start
09-07 14:29:54.157 16833 16833 D LOGMANAGER: Logmanager configured rpcthreadpool
09-07 14:29:54.151 16833 16833 I vendor.harman.L: type=1400 audit(0.0:3254): avc: denied { read } for name="u:object_r:hwservicemanager_prop:s0" dev="tmpfs" ino=24519 scontext=u:r:logmanagerd:s0 tcontext=u:object_r:hwservicemanager_prop:s0 tclass=file permissive=1
01-01 00:04:57.147     0     0 W audit   : audit_lost=1568 audit_rate_limit=5 audit_backlog_limit=64
01-01 00:04:57.147     0     0 E audit   : rate limit exceeded
09-07 14:29:54.151 16833 16833 I vendor.harman.L: type=1400 audit(0.0:3255): avc: denied { open } for path="/dev/__properties__/u:object_r:hwservicemanager_prop:s0" dev="tmpfs" ino=24519 scontext=u:r:logmanagerd:s0 tcontext=u:object_r:hwservicemanager_prop:s0 tclass=file permissive=1
09-07 14:29:54.151 16833 16833 I vendor.harman.L: type=1400 audit(0.0:3256): avc: denied { getattr } for path="/dev/__properties__/u:object_r:hwservicemanager_prop:s0" dev="tmpfs" ino=24519 scontext=u:r:logmanagerd:s0 tcontext=u:object_r:hwservicemanager_prop:s0 tclass=file permissive=1
09-07 14:29:54.164 16833 16833 I HidlServiceManagement: Registered vendor.harman.hardware.LogManager@1.0::ILogManager/default
09-07 14:29:54.164 16833 16833 D LOGMANAGER: Logmanager HAL Service is registered and ready
09-07 14:29:54.164 16833 16833 I LOGMANAGER: ThreadPoolWrapper::initThreadPool
09-07 14:29:54.164 16833 16833 I LOGMANAGER: ThreadPoolWrapper : exit
09-07 14:29:54.164 16833 16833 D LOGMANAGER: Logmanager threadpoolwrapper created
09-07 14:29:54.164 16833 16833 D LOGMANAGER: User argument is -c
09-07 14:29:54.164 16833 16834 I LOGMANAGER: ThreadPoolWrapper:  enter the joinRpcThreadpool()
09-07 14:29:54.165 16833 16833 I LOGMANAGER: LogmanagerConfig is configured under config file
09-07 14:29:54.165 16833 16833 I LOGMANAGER: LoggingLevel is : 4
09-07 14:29:54.165 16833 16833 I LOGMANAGER: LogEnableState is : 0
09-07 14:29:54.165 16833 16833 I LOGMANAGER: OutputPluginConfiguration PluginType : LOGWRITTER
09-07 14:29:54.165 16833 16833 I LOGMANAGER: LM_OutputConfiguration : 1
09-07 14:29:54.165 16833 16833 I LOGMANAGER: LM_OfflineTraceDirectory : /data/cache
09-07 14:29:54.165 16833 16833 I LOGMANAGER: LM_OfflineTraceFILESize : 1000000
09-07 14:29:54.165 16833 16833 I LOGMANAGER: LM_OfflineTotalFILESSize : 20000000
09-07 14:29:54.165 16833 16833 I LOGMANAGER: LM_FileNameTimeStampBased : 0
09-07 14:29:54.165 16833 16833 I LOGMANAGER: Got IOC plugin
09-07 14:29:54.165 16833 16833 I LOGMANAGER: IOCIPCChannelNumber :6
09-07 14:29:54.165 16833 16833 I LOGMANAGER: keyseq: HOME + VOLUMEDOWN  for domain is AudioDump
09-07 14:29:54.165 16833 16833 I LOGMANAGER: keyseq: HOME + VOLUMEUP  for domain is HCIDump
09-07 14:29:54.165 16833 16833 I LOGMANAGER: Domains parsing is done
09-07 14:29:54.166 16833 16833 E LOGMANAGER: Failed to load plugin /vendor/lib64/libIOCDLogReader.so with error code dlopen failed: library "/vendor/lib64/libIOCDLogReader.so" not found 
09-07 14:29:54.166 16833 16833 F libc    : Fatal signal 11 (SIGSEGV), code 1 (SEGV_MAPERR), fault addr 0x0 in tid 16833 (vendor.harman.L), pid 16833 (vendor.harman.L)
09-07 14:29:54.195   512 13241 D HarmanHAL: StreamIn::getCapturePositionImpl
09-07 14:29:54.203 16837 16837 I crash_dump64: obtaining output fd from tombstoned, type: kDebuggerdTombstone
09-07 14:29:54.203   463   463 I tombstoned: received crash request for pid 16833
09-07 14:29:54.205 16837 16837 I crash_dump64: performing dump of process 16833 (target tid = 16833)
09-07 14:29:54.211 16837 16837 F DEBUG   : *** *** *** *** *** *** *** *** *** *** *** *** *** *** *** ***
09-07 14:29:54.211 16837 16837 F DEBUG   : Build fingerprint: 'qti/titan_tml_b2/titan_tml_b2:11/RQ3A.210605.005/eng.ksong.20210907.134230:userdebug/test-keys'
09-07 14:29:54.211 16837 16837 F DEBUG   : Revision: '0'
09-07 14:29:54.211 16837 16837 F DEBUG   : ABI: 'arm64'
09-07 14:29:54.211 16837 16837 F DEBUG   : Timestamp: 2021-09-07 14:29:54+0000
09-07 14:29:54.211 16837 16837 F DEBUG   : pid: 16833, tid: 16833, name: vendor.harman.L  >>> /vendor/bin/hw/vendor.harman.LogManager@1.0-service <<<
09-07 14:29:54.211 16837 16837 F DEBUG   : uid: 0
09-07 14:29:54.211 16837 16837 F DEBUG   : signal 11 (SIGSEGV), code 1 (SEGV_MAPERR), fault addr 0x0
09-07 14:29:54.211 16837 16837 F DEBUG   : Cause: null pointer dereference
09-07 14:29:54.211 16837 16837 F DEBUG   :     x0  0000000000000000  x1  0000000000000000  x2  0000000000080001  x3  0000000000000000
09-07 14:29:54.211 16837 16837 F DEBUG   :     x4  0000000000000000  x5  0000000000000090  x6  fefefefefefefeff  x7  7f7f7f7f7f7f7f7f
09-07 14:29:54.211 16837 16837 F DEBUG   :     x8  0101010101010101  x9  bb60140cf2d91e69  x10 0000007fe0781348  x11 fffffffffffffffd
09-07 14:29:54.211 16837 16837 F DEBUG   :     x12 0000007fe07814d0  x13 000000000000008e  x14 0009c67095e38c00  x15 0000000034155555
09-07 14:29:54.211 16837 16837 F DEBUG   :     x16 00000063c08137e0  x17 0000007ceb10cb30  x18 0000007cec83c000  x19 0000000000000000
09-07 14:29:54.211 16837 16837 F DEBUG   :     x20 0000007ceb4f9c50  x21 0000007fe0781be9  x22 b400007beaeaaf28  x23 0000007fe0781c08
09-07 14:29:54.211 16837 16837 F DEBUG   :     x24 0000000000000000  x25 0000007cebaa6000  x26 0000007fe0781be9  x27 0000007fe0781bb9
09-07 14:29:54.212 16837 16837 F DEBUG   :     x28 0000000000000000  x29 0000007fe0781af0
09-07 14:29:54.212 16837 16837 F DEBUG   :     lr  00000063c080a048  sp  0000007fe0781af0  pc  0000007ceb10cb40  pst 0000000080000000
09-07 14:29:54.213 16837 16837 F DEBUG   : backtrace:
09-07 14:29:54.213 16837 16837 F DEBUG   :       #00 pc 000000000004ab40  /apex/com.android.runtime/lib64/bionic/libc.so (strlen_default+16) (BuildId: 2b7c6e33413ac7278a15dfc3ea383089)
09-07 14:29:54.213 16837 16837 F DEBUG   :       #01 pc 0000000000009044  /vendor/bin/hw/vendor.harman.LogManager@1.0-service (BuildId: 3e966ab64050b441b920ba0e8960d123)
09-07 14:29:54.213 16837 16837 F DEBUG   :       #02 pc 0000000000008df0  /vendor/bin/hw/vendor.harman.LogManager@1.0-service (LM::LogManagerImpl::load_plugin_conf(void*, std::__1::basic_string<char, std::__1::char_traits<char>, std::__1::allocator<char> >, std::__1::multimap<std::__1::basic_string<char, std::__1::char_traits<char>, std::__1::allocator<char> >, int, std::__1::less<std::__1::basic_string<char, std::__1::char_traits<char>, std::__1::allocator<char> > >, std::__1::allocator<std::__1::pair<std::__1::basic_string<char, std::__1::char_traits<char>, std::__1::allocator<char> > const, int> > >&)+752) (BuildId: 3e966ab64050b441b920ba0e8960d123)
09-07 14:29:54.213 16837 16837 F DEBUG   :       #03 pc 00000000000088c0  /vendor/bin/hw/vendor.harman.LogManager@1.0-service (LM::LogManagerImpl::loadplugins()+436) (BuildId: 3e966ab64050b441b920ba0e8960d123)
09-07 14:29:54.213 16837 16837 F DEBUG   :       #04 pc 0000000000007af8  /vendor/bin/hw/vendor.harman.LogManager@1.0-service (main+1112) (BuildId: 3e966ab64050b441b920ba0e8960d123)
09-07 14:29:54.213 16837 16837 F DEBUG   :       #05 pc 000000000004988c  /apex/com.android.runtime/lib64/bionic/libc.so (__libc_init+108) (BuildId: 2b7c6e33413ac7278a15dfc3ea383089)
09-07 14:29:54.223   512 13169 D AudioProcessing: sseApply [handle 0xbc83090][type 768] start..
09-07 14:29:54.224   512 13169 D AudioProcessing: sseProcess dl audioIO content print-1 [256] [2] [1] [1] 
09-07 14:29:54.224   512 13169 D AudioProcessing: sseProcess dl audioIO content print-2 [1] [1] [0x0xb40000763bcc28d0] [0x0xb40000761bca6b00] 
09-07 14:29:54.224   512 13169 D AudioProcessing: sseProcess dl audioIO content print-3 [0x0xb40000761bca7fd0] [0x0xb40000761bcabe40] [0x0xb40000761bca5880] sse->pMain is [0x0xb40000772bcb4e80] 
09-07 14:29:54.226   512 13241 D HarmanHAL: StreamIn::getCapturePositionImpl
09-07 14:29:54.226   512 13169 D AudioProcessing: sseProcess dl [handle 0xbc83090] ret[0]
09-07 14:29:54.226   512 13169 D AudioProcessing: sseProcess dl AudioBufferSampleCnt[256] type[768] finish..
01-01 00:04:57.223     0     0 D logd    : logdr: UID=0 GID=1000 PID=16837 n tail=50 logMask=8 pid=16833 start=0ns timeout=0ns
01-01 00:04:57.233     0     0 D logd    : logdr: UID=0 GID=1000 PID=16837 n tail=50 logMask=1 pid=16833 start=0ns timeout=0ns
09-07 14:29:54.254   512 13241 D HarmanHAL: StreamIn::getCapturePositionImpl
01-01 00:04:57.255     0     0 D logd    : logdr: UID=0 GID=1000 PID=16837 n tail=0 logMask=8 pid=16833 start=0ns timeout=0ns
01-01 00:04:57.265     0     0 D logd    : logdr: UID=0 GID=1000 PID=16837 n tail=0 logMask=1 pid=16833 start=0ns timeout=0ns
09-07 14:29:54.280   512  3972 I HarmanHal.Routing: hacs alsa node(pcmMedia_p) adtm interval_min:0 ms, inverval_max:11 ms, inverval_mean:8 ms!
09-07 14:29:54.280   512  3972 I HarmanHal.Routing:  in printADTM() PcmAlsaWrapper.cpp:876
09-07 14:29:54.284  1033  1270 W NativeCrashListener: Couldn't find ProcessRecord for pid 16833
09-07 14:29:54.284   512 13241 D HarmanHAL: StreamIn::getCapturePositionImpl
09-07 14:29:54.285 16837 16837 E crash_dump64: AM data write failed: Broken pipe
01-01 00:04:57.277     0     0 I init    : Untracked pid 16837 exited with status 0
09-07 14:29:54.286   463   463 E tombstoned: Tombstone written to: /data/tombstones/tombstone_25
09-07 14:29:54.294  1033  1095 I BootReceiver: Copying /data/tombstones/tombstone_25 to DropBox (SYSTEM_TOMBSTONE)
09-07 14:29:54.296  1033  1095 I DropBoxManagerService: add tag=SYSTEM_TOMBSTONE isTagEnabled=true flags=0x2
09-07 14:29:54.314   512 13241 D HarmanHAL: StreamIn::getCapturePositionImpl
09-07 14:29:54.355   512 13241 I chatty  : uid=1041(audioserver) reader identical 1 line
09-07 14:29:54.384   512 13241 D HarmanHAL: StreamIn::getCapturePositionImpl
09-07 14:29:54.414   512 13241 I HarmanHal.Routing: hacs alsa node(pcmTunerIn_c) adtm interval_min:29 ms, inverval_max:40 ms, inverval_mean:31 ms!
09-07 14:29:54.414   512 13241 I HarmanHal.Routing:  in printADTM() PcmAlsaWrapper.cpp:876
09-07 14:29:54.414   512 13241 D HarmanHAL: StreamIn::getCapturePositionImpl
09-07 14:29:54.444   512 13241 I chatty  : uid=1041(audioserver) reader identical 1 line
09-07 14:29:54.475   512 13241 D HarmanHAL: StreamIn::getCapturePositionImpl
09-07 14:29:54.479   538   618 W ipcLib  : ipcLib: in ipc_lib. DV1 read called
09-07 14:29:54.514   512 13241 D HarmanHAL: StreamIn::getCapturePositionImpl
09-07 14:29:54.674   512 13241 I chatty  : uid=1041(audioserver) reader identical 5 lines
09-07 14:29:54.705   512 13241 D HarmanHAL: StreamIn::getCapturePositionImpl
09-07 14:29:54.706   512 13133 I HarmanHal.Routing: hacs alsa node(pcmMicRefIn_c) adtm interval_min:0 ms, inverval_max:12 ms, inverval_mean:8 ms!
09-07 14:29:54.706   512 13133 I HarmanHal.Routing:  in printADTM() PcmAlsaWrapper.cpp:876
09-07 14:29:54.711   512 13159 I HarmanHal.Routing: hacs alsa node(pcmBtHfp_ul_pro_p) adtm interval_min:2 ms, inverval_max:12 ms, inverval_mean:8 ms!
09-07 14:29:54.711   512 13159 I HarmanHal.Routing:  in printADTM() PcmAlsaWrapper.cpp:876
09-07 14:29:54.734   512 13241 D HarmanHAL: StreamIn::getCapturePositionImpl
09-07 14:29:54.742   537   722 I TunerCommon: CTunerTimer::startTimer: altMsecTimeout = 15000
09-07 14:29:54.742   537   711 W TunerCommon: EventThd::run:deliverEvent: OK
09-07 14:29:54.764   512 13241 D HarmanHAL: StreamIn::getCapturePositionImpl
09-07 14:29:54.783   536   536 I vendor.harman.p: type=1400 audit(0.0:3273): avc: denied { search } for name="tombstones" dev="dm-4" ino=90113 scontext=u:r:pathologyd:s0 tcontext=u:object_r:tombstone_data_file:s0 tclass=dir permissive=1
09-07 14:29:54.783   536   536 I vendor.harman.p: type=1400 audit(0.0:3274): avc: denied { read } for name="tombstone_25" dev="dm-4" ino=90138 scontext=u:r:pathologyd:s0 tcontext=u:object_r:tombstone_data_file:s0 tclass=file permissive=1
09-07 14:29:54.783   536   536 I vendor.harman.p: type=1400 audit(0.0:3275): avc: denied { open } for path="/data/tombstones/tombstone_25" dev="dm-4" ino=90138 scontext=u:r:pathologyd:s0 tcontext=u:object_r:tombstone_data_file:s0 tclass=file permissive=1
09-07 14:29:54.783   536   536 I vendor.harman.p: type=1400 audit(0.0:3276): avc: denied { getattr } for path="/data/tombstones/tombstone_25" dev="dm-4" ino=90138 scontext=u:r:pathologyd:s0 tcontext=u:object_r:tombstone_data_file:s0 tclass=file permissive=1
09-07 14:29:54.787   536   612 E pathology: [ProcessCrashHandler:: parseTombstoneFileName]string not found
09-07 14:29:54.788   536   612 I chatty  : uid=0(root) vendor.harman.p identical 4 lines
09-07 14:29:54.788   536   612 E pathology: [ProcessCrashHandler:: parseTombstoneFileName]string not found
09-07 14:29:54.795   512 13241 D HarmanHAL: StreamIn::getCapturePositionImpl
09-07 14:29:54.807 16862 16862 I cp      : type=1400 audit(0.0:3277): avc: denied { getattr } for path="/data/vendor/pathologyArchive/2/tombstone_25_vendor.harman.L" dev="dm-4" ino=49344 scontext=u:r:pathologyd:s0 tcontext=u:object_r:vendor_data_file:s0 tclass=file permissive=1
09-07 14:29:54.813   512 13169 I HarmanHal.Routing: hacs alsa node(pcmBtHfp_dl_pre_c) adtm interval_min:0 ms, inverval_max:11 ms, inverval_mean:7 ms!
09-07 14:29:54.813   512 13169 I HarmanHal.Routing:  in printADTM() PcmAlsaWrapper.cpp:876
09-07 14:29:54.815   512 13169 I HarmanHal.Routing: hacs alsa node(pcmHfp_dl_p) adtm interval_min:0 ms, inverval_max:12 ms, inverval_mean:8 ms!
09-07 14:29:54.815   512 13169 I HarmanHal.Routing:  in printADTM() PcmAlsaWrapper.cpp:876
09-07 14:29:54.834   512 13241 D HarmanHAL: StreamIn::getCapturePositionImpl
01-01 00:04:58.229     0     0 W audit   : audit_lost=1586 audit_rate_limit=5 audit_backlog_limit=64
01-01 00:04:58.229     0     0 E audit   : rate limit exceeded
09-07 14:29:55.244   512 13241 I chatty  : uid=1041(audioserver) reader identical 13 lines
09-07 14:29:55.274   512 13241 D HarmanHAL: StreamIn::getCapturePositionImpl
09-07 14:29:55.280   512  3972 I HarmanHal.Routing: hacs alsa node(pcmMedia_p) adtm interval_min:0 ms, inverval_max:11 ms, inverval_mean:8 ms!
09-07 14:29:55.280   512  3972 I HarmanHal.Routing:  in printADTM() PcmAlsaWrapper.cpp:876
09-07 14:29:55.314   512 13241 D HarmanHAL: StreamIn::getCapturePositionImpl
09-07 14:29:55.345   512 13241 I chatty  : uid=1041(audioserver) reader identical 1 line
09-07 14:29:55.374   512 13241 D HarmanHAL: StreamIn::getCapturePositionImpl
09-07 14:29:55.404   512 13241 I HarmanHal.Routing: hacs alsa node(pcmTunerIn_c) adtm interval_min:30 ms, inverval_max:40 ms, inverval_mean:31 ms!
09-07 14:29:55.404   512 13241 I HarmanHal.Routing:  in printADTM() PcmAlsaWrapper.cpp:876
09-07 14:29:55.405   512 13241 D HarmanHAL: StreamIn::getCapturePositionImpl
09-07 14:29:55.434   512 13241 I chatty  : uid=1041(audioserver) reader identical 1 line
09-07 14:29:55.474   512 13241 D HarmanHAL: StreamIn::getCapturePositionImpl
09-07 14:29:55.479   538   618 W ipcLib  : ipcLib: in ipc_lib. DV1 read called
09-07 14:29:55.504   512 13241 D HarmanHAL: StreamIn::getCapturePositionImpl
09-07 14:29:55.635   512 13241 I chatty  : uid=1041(audioserver) reader identical 4 lines
09-07 14:29:55.665   512 13241 D HarmanHAL: StreamIn::getCapturePositionImpl
09-07 14:29:55.671   532   569 W ipcLib  : ipcLib: in ipc_lib. DV1 read called
09-07 14:29:55.672   532   568 I VPS     : VPS:IOCStatusInfo.VoltageStatus->0 
09-07 14:29:55.672   532   568 I VPS     : VPS:IOCStatusInfo.IOCStatusCmd->a6 
09-07 14:29:55.672   532   568 I VPS     : VPS:IOCStatusInfo.WakeUpReason->0 
09-07 14:29:55.672   532   568 I VPS     : VPS:IOCStatusInfo.DerivedIgnitionStatus->0 
09-07 14:29:55.672   532   568 I VPS     : VPS:IOCStatusInfo.PowerModeState->4 
09-07 14:29:55.672   532   568 I VPS     : VPS:IOCStatusInfo.SOCShutdownRequest->0 
09-07 14:29:55.672   532   568 I VPS     : VPS:IOCStatusInfo.AntiTheftState->0 
09-07 14:29:55.672   532   568 I VPS     : VPS:IOCStatusInfo.BatteryConnect->0 
09-07 14:29:55.695   512 13241 D HarmanHAL: StreamIn::getCapturePositionImpl
09-07 14:29:55.706   512 13133 I HarmanHal.Routing: hacs alsa node(pcmMicRefIn_c) adtm interval_min:0 ms, inverval_max:11 ms, inverval_mean:8 ms!
09-07 14:29:55.706   512 13133 I HarmanHal.Routing:  in printADTM() PcmAlsaWrapper.cpp:876
09-07 14:29:55.711   512 13159 I HarmanHal.Routing: hacs alsa node(pcmBtHfp_ul_pro_p) adtm interval_min:2 ms, inverval_max:12 ms, inverval_mean:8 ms!
09-07 14:29:55.711   512 13159 I HarmanHal.Routing:  in printADTM() PcmAlsaWrapper.cpp:876
09-07 14:29:55.718   512 13158 D AudioProcessing: sseApply [handle 0xbc80d90][type 512] start..
09-07 14:29:55.718   512 13158 D AudioProcessing: sseProcess ul audioIO content print-1 [256] [2] [4] [1] 
09-07 14:29:55.718   512 13158 D AudioProcessing: sseProcess ul audioIO content print-2 [6] [1] [0x3bcbc5a0] [0x5bc7ede0] 
09-07 14:29:55.718   512 13158 D AudioProcessing: sseProcess ul audioIO content print-3 [0x1bca1320 [0x8bc84110] [0x1bc9f9b0] sse->pMain is [0x2bca4a60] 
09-07 14:29:55.719   512 13158 D AudioProcessing: sseProcess ul [handle 0xbc80d90]  ret[0]
09-07 14:29:55.719   512 13158 D AudioProcessing: sseProcess ul AudioBufferSampleCnt[256] type[512] finish..
09-07 14:29:55.724   512 13241 D HarmanHAL: StreamIn::getCapturePositionImpl
09-07 14:29:55.754   512 13241 I chatty  : uid=1041(audioserver) reader identical 1 line
09-07 14:29:55.795   512 13241 D HarmanHAL: StreamIn::getCapturePositionImpl
09-07 14:29:55.814   512 13169 I HarmanHal.Routing: hacs alsa node(pcmBtHfp_dl_pre_c) adtm interval_min:0 ms, inverval_max:10 ms, inverval_mean:8 ms!
09-07 14:29:55.814   512 13169 I HarmanHal.Routing:  in printADTM() PcmAlsaWrapper.cpp:876
09-07 14:29:55.815   512 13169 I HarmanHal.Routing: hacs alsa node(pcmHfp_dl_p) adtm interval_min:0 ms, inverval_max:12 ms, inverval_mean:8 ms!
09-07 14:29:55.815   512 13169 I HarmanHal.Routing:  in printADTM() PcmAlsaWrapper.cpp:876
09-07 14:29:55.823   512 13169 D AudioProcessing: sseApply [handle 0xbc83090][type 768] start..
09-07 14:29:55.823   512 13169 D AudioProcessing: sseProcess dl audioIO content print-1 [256] [2] [1] [1] 
09-07 14:29:55.823   512 13169 D AudioProcessing: sseProcess dl audioIO content print-2 [1] [1] [0x0xb40000763bcc28d0] [0x0xb40000761bca6b00] 
09-07 14:29:55.823   512 13169 D AudioProcessing: sseProcess dl audioIO content print-3 [0x0xb40000761bca7fd0] [0x0xb40000761bcabe40] [0x0xb40000761bca5880] sse->pMain is [0x0xb40000772bcb4e80] 
09-07 14:29:55.824   512 13169 D AudioProcessing: sseProcess dl [handle 0xbc83090] ret[0]
09-07 14:29:55.824   512 13169 D AudioProcessing: sseProcess dl AudioBufferSampleCnt[256] type[768] finish..
09-07 14:29:55.824   512 13241 D HarmanHAL: StreamIn::getCapturePositionImpl
09-07 14:29:55.831   536   536 I vendor.harman.p: type=1400 audit(0.0:3284): avc: denied { read } for name="2" dev="dm-4" ino=49241 scontext=u:r:pathologyd:s0 tcontext=u:object_r:vendor_data_file:s0 tclass=dir permissive=1
09-07 14:29:55.831   536   536 I vendor.harman.p: type=1400 audit(0.0:3285): avc: denied { open } for path="/data/vendor/pathologyArchive/2" dev="dm-4" ino=49241 scontext=u:r:pathologyd:s0 tcontext=u:object_r:vendor_data_file:s0 tclass=dir permissive=1
09-07 14:29:55.854   512 13241 D HarmanHAL: StreamIn::getCapturePositionImpl
09-07 14:29:56.235   512 13241 I chatty  : uid=1041(audioserver) reader identical 12 lines
09-07 14:29:56.275   512 13241 D HarmanHAL: StreamIn::getCapturePositionImpl
09-07 14:29:56.280   512  3972 I HarmanHal.Routing: hacs alsa node(pcmMedia_p) adtm interval_min:1 ms, inverval_max:10 ms, inverval_mean:8 ms!
09-07 14:29:56.280   512  3972 I HarmanHal.Routing:  in printADTM() PcmAlsaWrapper.cpp:876
09-07 14:29:56.304   512 13241 D HarmanHAL: StreamIn::getCapturePositionImpl
09-07 14:29:56.334   512 13241 I chatty  : uid=1041(audioserver) reader identical 1 line
09-07 14:29:56.364   512 13241 D HarmanHAL: StreamIn::getCapturePositionImpl
09-07 14:29:56.394   512 13241 I HarmanHal.Routing: hacs alsa node(pcmTunerIn_c) adtm interval_min:30 ms, inverval_max:40 ms, inverval_mean:31 ms!
09-07 14:29:56.394   512 13241 I HarmanHal.Routing:  in printADTM() PcmAlsaWrapper.cpp:876
09-07 14:29:56.395   512 13241 D HarmanHAL: StreamIn::getCapturePositionImpl
09-07 14:29:56.435   512 13241 I chatty  : uid=1041(audioserver) reader identical 1 line
09-07 14:29:56.464   512 13241 D HarmanHAL: StreamIn::getCapturePositionImpl
09-07 14:29:56.479   538   618 W ipcLib  : ipcLib: in ipc_lib. DV1 read called
09-07 14:29:56.494   512 13241 D HarmanHAL: StreamIn::getCapturePositionImpl
09-07 14:29:56.654   512 13241 I chatty  : uid=1041(audioserver) reader identical 5 lines
09-07 14:29:56.684   512 13241 D HarmanHAL: StreamIn::getCapturePositionImpl
09-07 14:29:56.705   512 13133 I HarmanHal.Routing: hacs alsa node(pcmMicRefIn_c) adtm interval_min:0 ms, inverval_max:11 ms, inverval_mean:7 ms!
09-07 14:29:56.705   512 13133 I HarmanHal.Routing:  in printADTM() PcmAlsaWrapper.cpp:876
09-07 14:29:56.711   512 13159 I HarmanHal.Routing: hacs alsa node(pcmBtHfp_ul_pro_p) adtm interval_min:2 ms, inverval_max:12 ms, inverval_mean:8 ms!
09-07 14:29:56.711   512 13159 I HarmanHal.Routing:  in printADTM() PcmAlsaWrapper.cpp:876
09-07 14:29:56.715   512 13241 D HarmanHAL: StreamIn::getCapturePositionImpl
09-07 14:29:56.754   512 13241 I chatty  : uid=1041(audioserver) reader identical 1 line
09-07 14:29:56.784   512 13241 D HarmanHAL: StreamIn::getCapturePositionImpl
09-07 14:29:56.813   512 13169 I HarmanHal.Routing: hacs alsa node(pcmBtHfp_dl_pre_c) adtm interval_min:0 ms, inverval_max:11 ms, inverval_mean:7 ms!
09-07 14:29:56.813   512 13169 I HarmanHal.Routing:  in printADTM() PcmAlsaWrapper.cpp:876
09-07 14:29:56.814   512 13241 D HarmanHAL: StreamIn::getCapturePositionImpl
09-07 14:29:56.815   512 13169 I HarmanHal.Routing: hacs alsa node(pcmHfp_dl_p) adtm interval_min:0 ms, inverval_max:11 ms, inverval_mean:7 ms!
09-07 14:29:56.815   512 13169 I HarmanHal.Routing:  in printADTM() PcmAlsaWrapper.cpp:876
09-07 14:29:56.844   512 13241 D HarmanHAL: StreamIn::getCapturePositionImpl
09-07 14:29:57.234   512 13241 I chatty  : uid=1041(audioserver) reader identical 12 lines
09-07 14:29:57.264   512 13241 D HarmanHAL: StreamIn::getCapturePositionImpl
09-07 14:29:57.280   512  3972 I HarmanHal.Routing: hacs alsa node(pcmMedia_p) adtm interval_min:0 ms, inverval_max:11 ms, inverval_mean:8 ms!
09-07 14:29:57.280   512  3972 I HarmanHal.Routing:  in printADTM() PcmAlsaWrapper.cpp:876
09-07 14:29:57.294   512 13241 D HarmanHAL: StreamIn::getCapturePositionImpl
09-07 14:29:57.318   512 13158 D AudioProcessing: sseApply [handle 0xbc80d90][type 512] start..
09-07 14:29:57.318   512 13158 D AudioProcessing: sseProcess ul audioIO content print-1 [256] [2] [4] [1] 
09-07 14:29:57.318   512 13158 D AudioProcessing: sseProcess ul audioIO content print-2 [6] [1] [0x3bcbc5a0] [0x5bc7ede0] 
09-07 14:29:57.318   512 13158 D AudioProcessing: sseProcess ul audioIO content print-3 [0x1bca1320 [0x8bc84110] [0x1bc9f9b0] sse->pMain is [0x2bca4a60] 
09-07 14:29:57.319   512 13158 D AudioProcessing: sseProcess ul [handle 0xbc80d90]  ret[0]
09-07 14:29:57.319   512 13158 D AudioProcessing: sseProcess ul AudioBufferSampleCnt[256] type[512] finish..
09-07 14:29:57.324   512 13241 D HarmanHAL: StreamIn::getCapturePositionImpl
09-07 14:29:57.354   512 13241 D HarmanHAL: StreamIn::getCapturePositionImpl
09-07 14:29:57.394   512 13241 I HarmanHal.Routing: hacs alsa node(pcmTunerIn_c) adtm interval_min:30 ms, inverval_max:40 ms, inverval_mean:32 ms!
09-07 14:29:57.394   512 13241 I HarmanHal.Routing:  in printADTM() PcmAlsaWrapper.cpp:876
09-07 14:29:57.395   512 13241 D HarmanHAL: StreamIn::getCapturePositionImpl
09-07 14:29:57.423   512 13169 D AudioProcessing: sseApply [handle 0xbc83090][type 768] start..
09-07 14:29:57.423   512 13169 D AudioProcessing: sseProcess dl audioIO content print-1 [256] [2] [1] [1] 
09-07 14:29:57.423   512 13169 D AudioProcessing: sseProcess dl audioIO content print-2 [1] [1] [0x0xb40000763bcc28d0] [0x0xb40000761bca6b00] 
09-07 14:29:57.423   512 13169 D AudioProcessing: sseProcess dl audioIO content print-3 [0x0xb40000761bca7fd0] [0x0xb40000761bcabe40] [0x0xb40000761bca5880] sse->pMain is [0x0xb40000772bcb4e80] 
09-07 14:29:57.424   512 13169 D AudioProcessing: sseProcess dl [handle 0xbc83090] ret[0]
09-07 14:29:57.424   512 13169 D AudioProcessing: sseProcess dl AudioBufferSampleCnt[256] type[768] finish..
09-07 14:29:57.424   512 13241 D HarmanHAL: StreamIn::getCapturePositionImpl
09-07 14:29:57.454   512 13241 D HarmanHAL: StreamIn::getCapturePositionImpl
09-07 14:29:57.479   538   618 W ipcLib  : ipcLib: in ipc_lib. DV1 read called
09-07 14:29:57.484   512 13241 D HarmanHAL: StreamIn::getCapturePositionImpl
09-07 14:29:57.555   512 13241 I chatty  : uid=1041(audioserver) reader identical 2 lines
09-07 14:29:57.584   512 13241 D HarmanHAL: StreamIn::getCapturePositionImpl
09-07 14:29:57.613   911  4981 D BufferPoolAccessor2.0: bufferpool2 0xb400007205c6d498 : 2(1048576 size) total buffers - 1(524288 size) used buffers - 3429/3439 (recycle/alloc) - 24/3439 (fetch/transfer)
09-07 14:29:57.615   512 13241 D HarmanHAL: StreamIn::getCapturePositionImpl
09-07 14:29:57.644   512 13241 I chatty  : uid=1041(audioserver) reader identical 1 line
09-07 14:29:57.675   512 13241 D HarmanHAL: StreamIn::getCapturePositionImpl
09-07 14:29:57.706   512 13133 I HarmanHal.Routing: hacs alsa node(pcmMicRefIn_c) adtm interval_min:0 ms, inverval_max:10 ms, inverval_mean:8 ms!
09-07 14:29:57.706   512 13133 I HarmanHal.Routing:  in printADTM() PcmAlsaWrapper.cpp:876
09-07 14:29:57.711   512 13159 I HarmanHal.Routing: hacs alsa node(pcmBtHfp_ul_pro_p) adtm interval_min:2 ms, inverval_max:11 ms, inverval_mean:8 ms!
09-07 14:29:57.711   512 13159 I HarmanHal.Routing:  in printADTM() PcmAlsaWrapper.cpp:876
09-07 14:29:57.715   512 13241 D HarmanHAL: StreamIn::getCapturePositionImpl
09-07 14:29:57.744   512 13241 D HarmanHAL: StreamIn::getCapturePositionImpl
09-07 14:29:57.771   532   569 W ipcLib  : ipcLib: in ipc_lib. DV1 read called
09-07 14:29:57.772   532   568 I VPS     : VPS:IOCStatusInfo.VoltageStatus->0 
09-07 14:29:57.772   532   568 I VPS     : VPS:IOCStatusInfo.IOCStatusCmd->a6 
09-07 14:29:57.772   532   568 I VPS     : VPS:IOCStatusInfo.WakeUpReason->0 
09-07 14:29:57.772   532   568 I VPS     : VPS:IOCStatusInfo.DerivedIgnitionStatus->0 
09-07 14:29:57.772   532   568 I VPS     : VPS:IOCStatusInfo.PowerModeState->4 
09-07 14:29:57.772   532   568 I VPS     : VPS:IOCStatusInfo.SOCShutdownRequest->0 
09-07 14:29:57.772   532   568 I VPS     : VPS:IOCStatusInfo.AntiTheftState->0 
09-07 14:29:57.772   532   568 I VPS     : VPS:IOCStatusInfo.BatteryConnect->0 
09-07 14:29:57.774   512 13241 D HarmanHAL: StreamIn::getCapturePositionImpl
09-07 14:29:57.804   512 13241 D HarmanHAL: StreamIn::getCapturePositionImpl
09-07 14:29:57.814   512 13169 I HarmanHal.Routing: hacs alsa node(pcmBtHfp_dl_pre_c) adtm interval_min:0 ms, inverval_max:10 ms, inverval_mean:8 ms!
09-07 14:29:57.814   512 13169 I HarmanHal.Routing:  in printADTM() PcmAlsaWrapper.cpp:876
09-07 14:29:57.815   512 13169 I HarmanHal.Routing: hacs alsa node(pcmHfp_dl_p) adtm interval_min:0 ms, inverval_max:11 ms, inverval_mean:8 ms!
09-07 14:29:57.815   512 13169 I HarmanHal.Routing:  in printADTM() PcmAlsaWrapper.cpp:876
09-07 14:29:57.834   512 13241 D HarmanHAL: StreamIn::getCapturePositionImpl
09-07 14:29:58.224   512 13241 I chatty  : uid=1041(audioserver) reader identical 12 lines
09-07 14:29:58.254   512 13241 D HarmanHAL: StreamIn::getCapturePositionImpl
09-07 14:29:58.280   512  3972 I HarmanHal.Routing: hacs alsa node(pcmMedia_p) adtm interval_min:1 ms, inverval_max:11 ms, inverval_mean:8 ms!
09-07 14:29:58.280   512  3972 I HarmanHal.Routing:  in printADTM() PcmAlsaWrapper.cpp:876
09-07 14:29:58.284   512 13241 D HarmanHAL: StreamIn::getCapturePositionImpl
09-07 14:29:58.314   512 13241 I chatty  : uid=1041(audioserver) reader identical 1 line
09-07 14:29:58.355   512 13241 D HarmanHAL: StreamIn::getCapturePositionImpl
09-07 14:29:58.384   512 13241 I HarmanHal.Routing: hacs alsa node(pcmTunerIn_c) adtm interval_min:29 ms, inverval_max:41 ms, inverval_mean:31 ms!
09-07 14:29:58.384   512 13241 I HarmanHal.Routing:  in printADTM() PcmAlsaWrapper.cpp:876
09-07 14:29:58.385   512 13241 D HarmanHAL: StreamIn::getCapturePositionImpl
09-07 14:29:58.445   512 13241 I chatty  : uid=1041(audioserver) reader identical 2 lines
09-07 14:29:58.474   512 13241 D HarmanHAL: StreamIn::getCapturePositionImpl
09-07 14:29:58.479   538   618 W ipcLib  : ipcLib: in ipc_lib. DV1 read called
09-07 14:29:58.515   512 13241 D HarmanHAL: StreamIn::getCapturePositionImpl
09-07 14:29:58.675   512 13241 I chatty  : uid=1041(audioserver) reader identical 5 lines
09-07 14:29:58.704   512 13241 D HarmanHAL: StreamIn::getCapturePositionImpl
09-07 14:29:58.706   512 13133 I HarmanHal.Routing: hacs alsa node(pcmMicRefIn_c) adtm interval_min:0 ms, inverval_max:11 ms, inverval_mean:7 ms!
09-07 14:29:58.706   512 13133 I HarmanHal.Routing:  in printADTM() PcmAlsaWrapper.cpp:876
09-07 14:29:58.711   512 13159 I HarmanHal.Routing: hacs alsa node(pcmBtHfp_ul_pro_p) adtm interval_min:2 ms, inverval_max:12 ms, inverval_mean:8 ms!
09-07 14:29:58.711   512 13159 I HarmanHal.Routing:  in printADTM() PcmAlsaWrapper.cpp:876
09-07 14:29:58.734   512 13241 D HarmanHAL: StreamIn::getCapturePositionImpl
09-07 14:29:58.765   512 13241 I chatty  : uid=1041(audioserver) reader identical 1 line
09-07 14:29:58.795   512 13241 D HarmanHAL: StreamIn::getCapturePositionImpl
09-07 14:29:58.813   512 13169 I HarmanHal.Routing: hacs alsa node(pcmBtHfp_dl_pre_c) adtm interval_min:0 ms, inverval_max:10 ms, inverval_mean:7 ms!
09-07 14:29:58.813   512 13169 I HarmanHal.Routing:  in printADTM() PcmAlsaWrapper.cpp:876
09-07 14:29:58.815   512 13169 I HarmanHal.Routing: hacs alsa node(pcmHfp_dl_p) adtm interval_min:0 ms, inverval_max:11 ms, inverval_mean:8 ms!
09-07 14:29:58.815   512 13169 I HarmanHal.Routing:  in printADTM() PcmAlsaWrapper.cpp:876
09-07 14:29:58.835   512 13241 D HarmanHAL: StreamIn::getCapturePositionImpl
09-07 14:29:58.864   512 13241 I chatty  : uid=1041(audioserver) reader identical 1 line
09-07 14:29:58.894   512 13241 D HarmanHAL: StreamIn::getCapturePositionImpl
09-07 14:29:58.918   512 13158 D AudioProcessing: sseApply [handle 0xbc80d90][type 512] start..
09-07 14:29:58.918   512 13158 D AudioProcessing: sseProcess ul audioIO content print-1 [256] [2] [4] [1] 
09-07 14:29:58.918   512 13158 D AudioProcessing: sseProcess ul audioIO content print-2 [6] [1] [0x3bcbc5a0] [0x5bc7ede0] 
09-07 14:29:58.918   512 13158 D AudioProcessing: sseProcess ul audioIO content print-3 [0x1bca1320 [0x8bc84110] [0x1bc9f9b0] sse->pMain is [0x2bca4a60] 
09-07 14:29:58.919   512 13158 D AudioProcessing: sseProcess ul [handle 0xbc80d90]  ret[0]
09-07 14:29:58.919   512 13158 D AudioProcessing: sseProcess ul AudioBufferSampleCnt[256] type[512] finish..
09-07 14:29:58.924   512 13241 D HarmanHAL: StreamIn::getCapturePositionImpl
09-07 14:29:58.954   512 13241 I chatty  : uid=1041(audioserver) reader identical 1 line
09-07 14:29:58.994   512 13241 D HarmanHAL: StreamIn::getCapturePositionImpl
09-07 14:29:59.000   532   569 I VPS     : VPS:VehiclePlatformSOCHeartBeatHandler IVI HeartBeat sent successfully SOCHeartBeatInfo.SOCStatus->2
09-07 14:29:59.001   532   569 W ipcLib  : ipcLib: in ipc_lib. DV1 write called
09-07 14:29:59.003   532   569 W ipcLib  : ipcLib: in ipc_lib. DV1 read called
09-07 14:29:59.023   512 13169 D AudioProcessing: sseApply [handle 0xbc83090][type 768] start..
09-07 14:29:59.023   512 13169 D AudioProcessing: sseProcess dl audioIO content print-1 [256] [2] [1] [1] 
09-07 14:29:59.023   512 13169 D AudioProcessing: sseProcess dl audioIO content print-2 [1] [1] [0x0xb40000763bcc28d0] [0x0xb40000761bca6b00] 
09-07 14:29:59.023   512 13169 D AudioProcessing: sseProcess dl audioIO content print-3 [0x0xb40000761bca7fd0] [0x0xb40000761bcabe40] [0x0xb40000761bca5880] sse->pMain is [0x0xb40000772bcb4e80] 
09-07 14:29:59.024   512 13169 D AudioProcessing: sseProcess dl [handle 0xbc83090] ret[0]
09-07 14:29:59.024   512 13169 D AudioProcessing: sseProcess dl AudioBufferSampleCnt[256] type[768] finish..
09-07 14:29:59.024   512 13241 D HarmanHAL: StreamIn::getCapturePositionImpl
01-01 00:05:02.097     0     0 I init    : starting service 'qccsyshalservice'...
01-01 00:05:02.105     0     0 I init    : starting service 'vendor.sensors-hal-1-0'...
01-01 00:05:02.115     0     0 I init    : starting service 'LogManager'...
09-07 14:29:59.084   512 13241 I chatty  : uid=1041(audioserver) reader identical 2 lines
09-07 14:29:59.114   512 13241 D HarmanHAL: StreamIn::getCapturePositionImpl
09-07 14:29:59.141 17012 17012 D LOGMANAGER: LOGMANAGER HAL service init() start
09-07 14:29:59.142 17012 17012 D LOGMANAGER: Logmanager configured rpcthreadpool
09-07 14:29:59.139 17012 17012 I vendor.harman.L: type=1400 audit(0.0:3286): avc: denied { read } for name="u:object_r:hwservicemanager_prop:s0" dev="tmpfs" ino=24519 scontext=u:r:logmanagerd:s0 tcontext=u:object_r:hwservicemanager_prop:s0 tclass=file permissive=1
09-07 14:29:59.139 17012 17012 I vendor.harman.L: type=1400 audit(0.0:3287): avc: denied { open } for path="/dev/__properties__/u:object_r:hwservicemanager_prop:s0" dev="tmpfs" ino=24519 scontext=u:r:logmanagerd:s0 tcontext=u:object_r:hwservicemanager_prop:s0 tclass=file permissive=1
09-07 14:29:59.139 17012 17012 I vendor.harman.L: type=1400 audit(0.0:3288): avc: denied { getattr } for path="/dev/__properties__/u:object_r:hwservicemanager_prop:s0" dev="tmpfs" ino=24519 scontext=u:r:logmanagerd:s0 tcontext=u:object_r:hwservicemanager_prop:s0 tclass=file permissive=1
09-07 14:29:59.139 17012 17012 I vendor.harman.L: type=1400 audit(0.0:3289): avc: denied { map } for path="/dev/__properties__/u:object_r:hwservicemanager_prop:s0" dev="tmpfs" ino=24519 scontext=u:r:logmanagerd:s0 tcontext=u:object_r:hwservicemanager_prop:s0 tclass=file permissive=1
09-07 14:29:59.146   376   376 I hwservicemanager: getTransport: Cannot find entry android.hardware.sensors@1.0::ISensors/default in either framework or device manifest.
09-07 14:29:59.148 17010 17010 I qccsyshalservice: Start with system binder
09-07 14:29:59.148 17010 17010 I qccsyshalservice: Registering qccsyshal service...
09-07 14:29:59.149 17011 17011 E android.hardware.sensors@1.0-service: Couldn't load sensors module (Unknown error -2147483648)
09-07 14:29:59.149 17011 17011 D RefBase : RefBase: Explicit destruction, weak count = 0 (in 0xb400007a40ca7c28)
09-07 14:29:59.149 17011 17011 W RefBase : CallStack::getCurrentInternal not linked, returning null
09-07 14:29:59.149 17011 17011 W RefBase : CallStack::logStackInternal not linked
09-07 14:29:59.150 17011 17011 E LegacySupport: Could not get passthrough implementation for android.hardware.sensors@1.0::ISensors/default.
09-07 14:29:59.150   376   376 I hwservicemanager: getTransport: Cannot find entry vendor.qti.hardware.qccsyshal@1.0::IQccsyshal/qccsyshal in either framework or device manifest.
09-07 14:29:59.151 17010 17010 E HidlServiceManagement: Service vendor.qti.hardware.qccsyshal@1.0::IQccsyshal/qccsyshal must be in VINTF manifest in order to register/get.
09-07 14:29:59.151 17010 17010 E qccsyshalservice: [ERROR] registerAsService() failed with status: -2147483648
09-07 14:29:59.152 17012 17012 I HidlServiceManagement: Registered vendor.harman.hardware.LogManager@1.0::ILogManager/default
09-07 14:29:59.152 17012 17012 D LOGMANAGER: Logmanager HAL Service is registered and ready
09-07 14:29:59.152 17012 17012 I LOGMANAGER: ThreadPoolWrapper::initThreadPool
09-07 14:29:59.152 17012 17012 I LOGMANAGER: ThreadPoolWrapper : exit
09-07 14:29:59.152 17012 17012 D LOGMANAGER: Logmanager threadpoolwrapper created
09-07 14:29:59.152 17012 17012 D LOGMANAGER: User argument is -c
09-07 14:29:59.152 17012 17013 I LOGMANAGER: ThreadPoolWrapper:  enter the joinRpcThreadpool()
01-01 00:05:02.141     0     0 I init    : Service 'vendor.sensors-hal-1-0' (pid 17011) exited with status 1
09-07 14:29:59.153 17012 17012 I LOGMANAGER: LogmanagerConfig is configured under config file
09-07 14:29:59.153 17012 17012 I LOGMANAGER: LoggingLevel is : 4
01-01 00:05:02.141     0     0 I init    : Sending signal 9 to service 'vendor.sensors-hal-1-0' (pid 17011) process group...
09-07 14:29:59.153 17012 17012 I LOGMANAGER: LogEnableState is : 0
09-07 14:29:59.153 17012 17012 I LOGMANAGER: OutputPluginConfiguration PluginType : LOGWRITTER
09-07 14:29:59.153 17012 17012 I LOGMANAGER: LM_OutputConfiguration : 1
09-07 14:29:59.153 17012 17012 I LOGMANAGER: LM_OfflineTraceDirectory : /data/cache
09-07 14:29:59.153 17012 17012 I LOGMANAGER: LM_OfflineTraceFILESize : 1000000
09-07 14:29:59.153 17012 17012 I LOGMANAGER: LM_OfflineTotalFILESSize : 20000000
09-07 14:29:59.153 17012 17012 I LOGMANAGER: LM_FileNameTimeStampBased : 0
09-07 14:29:59.153 17012 17012 I LOGMANAGER: Got IOC plugin
01-01 00:05:02.141     0     0 I libprocessgroup: Successfully killed process cgroup uid 1000 pid 17011 in 0ms
09-07 14:29:59.153 17012 17012 I LOGMANAGER: IOCIPCChannelNumber :6
09-07 14:29:59.153 17012 17012 I LOGMANAGER: keyseq: HOME + VOLUMEDOWN  for domain is AudioDump
09-07 14:29:59.153 17012 17012 I LOGMANAGER: keyseq: HOME + VOLUMEUP  for domain is HCIDump
01-01 00:05:02.143     0     0 I init    : Service 'qccsyshalservice' (pid 17010) exited with status 1
09-07 14:29:59.153 17012 17012 I LOGMANAGER: Domains parsing is done
01-01 00:05:02.143     0     0 I init    : Sending signal 9 to service 'qccsyshalservice' (pid 17010) process group...
09-07 14:29:59.155   512 13241 D HarmanHAL: StreamIn::getCapturePositionImpl
01-01 00:05:02.143     0     0 W audit   : audit_lost=1590 audit_rate_limit=5 audit_backlog_limit=64
01-01 00:05:02.143     0     0 E audit   : rate limit exceeded
01-01 00:05:02.143     0     0 I libprocessgroup: Successfully killed process cgroup uid 1000 pid 17010 in 0ms
09-07 14:29:59.147 17012 17012 I vendor.harman.L: type=1400 audit(0.0:3290): avc: denied { dac_read_search } for capability=2 scontext=u:r:logmanagerd:s0 tcontext=u:r:logmanagerd:s0 tclass=capability permissive=1
09-07 14:29:59.158 17012 17012 E LOGMANAGER: Failed to load plugin /vendor/lib64/libIOCDLogReader.so with error code dlopen failed: library "/vendor/lib64/libIOCDLogReader.so" not found 
09-07 14:29:59.158 17012 17012 F libc    : Fatal signal 11 (SIGSEGV), code 1 (SEGV_MAPERR), fault addr 0x0 in tid 17012 (vendor.harman.L), pid 17012 (vendor.harman.L)
09-07 14:29:59.147 17012 17012 I vendor.harman.L: type=1400 audit(0.0:3291): avc: denied { search } for name="cache" dev="dm-4" ino=262146 scontext=u:r:logmanagerd:s0 tcontext=u:object_r:cache_file:s0 tclass=dir permissive=1
09-07 14:29:59.147 17012 17012 I vendor.harman.L: type=1400 audit(0.0:3292): avc: denied { dac_override } for capability=1 scontext=u:r:logmanagerd:s0 tcontext=u:r:logmanagerd:s0 tclass=capability permissive=1
09-07 14:29:59.147 17012 17012 I vendor.harman.L: type=1400 audit(0.0:3293): avc: denied { write } for name="cache" dev="dm-4" ino=262146 scontext=u:r:logmanagerd:s0 tcontext=u:object_r:cache_file:s0 tclass=dir permissive=1
09-07 14:29:59.176 17016 17016 I crash_dump64: obtaining output fd from tombstoned, type: kDebuggerdTombstone
09-07 14:29:59.179   463   463 I tombstoned: received crash request for pid 17012
09-07 14:29:59.180 17016 17016 I crash_dump64: performing dump of process 17012 (target tid = 17012)
09-07 14:29:59.183 17016 17016 F DEBUG   : *** *** *** *** *** *** *** *** *** *** *** *** *** *** *** ***
09-07 14:29:59.183 17016 17016 F DEBUG   : Build fingerprint: 'qti/titan_tml_b2/titan_tml_b2:11/RQ3A.210605.005/eng.ksong.20210907.134230:userdebug/test-keys'
09-07 14:29:59.183 17016 17016 F DEBUG   : Revision: '0'
09-07 14:29:59.184 17016 17016 F DEBUG   : ABI: 'arm64'
09-07 14:29:59.185 17016 17016 F DEBUG   : Timestamp: 2021-09-07 14:29:59+0000
09-07 14:29:59.185 17016 17016 F DEBUG   : pid: 17012, tid: 17012, name: vendor.harman.L  >>> /vendor/bin/hw/vendor.harman.LogManager@1.0-service <<<
09-07 14:29:59.185   512 13241 D HarmanHAL: StreamIn::getCapturePositionImpl
09-07 14:29:59.185 17016 17016 F DEBUG   : uid: 0
09-07 14:29:59.185 17016 17016 F DEBUG   : signal 11 (SIGSEGV), code 1 (SEGV_MAPERR), fault addr 0x0
09-07 14:29:59.185 17016 17016 F DEBUG   : Cause: null pointer dereference
09-07 14:29:59.185 17016 17016 F DEBUG   :     x0  0000000000000000  x1  0000000000000000  x2  0000000000080001  x3  0000000000000000
09-07 14:29:59.185 17016 17016 F DEBUG   :     x4  0000000000000000  x5  0000000000000090  x6  fefefefefefefeff  x7  7f7f7f7f7f7f7f7f
09-07 14:29:59.185 17016 17016 F DEBUG   :     x8  0101010101010101  x9  a633b59a79bc54e2  x10 0000007fd1257618  x11 fffffffffffffffd
09-07 14:29:59.185 17016 17016 F DEBUG   :     x12 0000007fd12577a0  x13 000000000000008e  x14 00094c5e93fc0c00  x15 0000000034155555
09-07 14:29:59.186 17016 17016 F DEBUG   :     x16 0000005c08d517e0  x17 0000007704b24b30  x18 000000770659e000  x19 0000000000000000
09-07 14:29:59.186 17016 17016 F DEBUG   :     x20 0000007705178c50  x21 0000007fd1257eb9  x22 b4000076049ff8b8  x23 0000007fd1257ed8
09-07 14:29:59.186 17016 17016 F DEBUG   :     x24 0000000000000000  x25 000000770564a000  x26 0000007fd1257eb9  x27 0000007fd1257e89
09-07 14:29:59.186 17016 17016 F DEBUG   :     x28 0000000000000000  x29 0000007fd1257dc0
09-07 14:29:59.186 17016 17016 F DEBUG   :     lr  0000005c08d48048  sp  0000007fd1257dc0  pc  0000007704b24b40  pst 0000000080000000
09-07 14:29:59.190 17016 17016 F DEBUG   : backtrace:
09-07 14:29:59.190 17016 17016 F DEBUG   :       #00 pc 000000000004ab40  /apex/com.android.runtime/lib64/bionic/libc.so (strlen_default+16) (BuildId: 2b7c6e33413ac7278a15dfc3ea383089)
09-07 14:29:59.190 17016 17016 F DEBUG   :       #01 pc 0000000000009044  /vendor/bin/hw/vendor.harman.LogManager@1.0-service (BuildId: 3e966ab64050b441b920ba0e8960d123)
09-07 14:29:59.191 17016 17016 F DEBUG   :       #02 pc 0000000000008df0  /vendor/bin/hw/vendor.harman.LogManager@1.0-service (LM::LogManagerImpl::load_plugin_conf(void*, std::__1::basic_string<char, std::__1::char_traits<char>, std::__1::allocator<char> >, std::__1::multimap<std::__1::basic_string<char, std::__1::char_traits<char>, std::__1::allocator<char> >, int, std::__1::less<std::__1::basic_string<char, std::__1::char_traits<char>, std::__1::allocator<char> > >, std::__1::allocator<std::__1::pair<std::__1::basic_string<char, std::__1::char_traits<char>, std::__1::allocator<char> > const, int> > >&)+752) (BuildId: 3e966ab64050b441b920ba0e8960d123)
09-07 14:29:59.191 17016 17016 F DEBUG   :       #03 pc 00000000000088c0  /vendor/bin/hw/vendor.harman.LogManager@1.0-service (LM::LogManagerImpl::loadplugins()+436) (BuildId: 3e966ab64050b441b920ba0e8960d123)
09-07 14:29:59.191 17016 17016 F DEBUG   :       #04 pc 0000000000007af8  /vendor/bin/hw/vendor.harman.LogManager@1.0-service (main+1112) (BuildId: 3e966ab64050b441b920ba0e8960d123)
09-07 14:29:59.191 17016 17016 F DEBUG   :       #05 pc 000000000004988c  /apex/com.android.runtime/lib64/bionic/libc.so (__libc_init+108) (BuildId: 2b7c6e33413ac7278a15dfc3ea383089)
01-01 00:05:02.210     0     0 D logd    : logdr: UID=0 GID=1000 PID=17016 n tail=50 logMask=8 pid=17012 start=0ns timeout=0ns
01-01 00:05:02.220     0     0 D logd    : logdr: UID=0 GID=1000 PID=17016 n tail=50 logMask=1 pid=17012 start=0ns timeout=0ns
01-01 00:05:02.243     0     0 D logd    : logdr: UID=0 GID=1000 PID=17016 n tail=0 logMask=8 pid=17012 start=0ns timeout=0ns
01-01 00:05:02.253     0     0 D logd    : logdr: UID=0 GID=1000 PID=17016 n tail=0 logMask=1 pid=17012 start=0ns timeout=0ns
09-07 14:29:59.275  1033  1270 W NativeCrashListener: Couldn't find ProcessRecord for pid 17012
09-07 14:29:59.245   512 13241 I chatty  : uid=1041(audioserver) reader identical 2 lines
09-07 14:29:59.274   512 13241 D HarmanHAL: StreamIn::getCapturePositionImpl
09-07 14:29:59.275 17016 17016 E crash_dump64: AM data write failed: Broken pipe
09-07 14:29:59.276   463   463 E tombstoned: Tombstone written to: /data/tombstones/tombstone_26
01-01 00:05:02.267     0     0 I init    : Untracked pid 17016 exited with status 0
09-07 14:29:59.280   512  3972 I HarmanHal.Routing: hacs alsa node(pcmMedia_p) adtm interval_min:1 ms, inverval_max:10 ms, inverval_mean:8 ms!
09-07 14:29:59.280   512  3972 I HarmanHal.Routing:  in printADTM() PcmAlsaWrapper.cpp:876
09-07 14:29:59.285  1033  1095 I BootReceiver: Copying /data/tombstones/tombstone_26 to DropBox (SYSTEM_TOMBSTONE)
09-07 14:29:59.287  1033  1095 I DropBoxManagerService: add tag=SYSTEM_TOMBSTONE isTagEnabled=true flags=0x2
09-07 14:29:59.315   512 13241 D HarmanHAL: StreamIn::getCapturePositionImpl
09-07 14:29:59.344   512 13241 D HarmanHAL: StreamIn::getCapturePositionImpl
09-07 14:29:59.374   512 13241 I HarmanHal.Routing: hacs alsa node(pcmTunerIn_c) adtm interval_min:30 ms, inverval_max:40 ms, inverval_mean:31 ms!
09-07 14:29:59.374   512 13241 I HarmanHal.Routing:  in printADTM() PcmAlsaWrapper.cpp:876
09-07 14:29:59.374   512 13241 D HarmanHAL: StreamIn::getCapturePositionImpl
09-07 14:29:59.435   512 13241 I chatty  : uid=1041(audioserver) reader identical 2 lines
09-07 14:29:59.475   512 13241 D HarmanHAL: StreamIn::getCapturePositionImpl
09-07 14:29:59.479   538   618 W ipcLib  : ipcLib: in ipc_lib. DV1 read called
09-07 14:29:59.505   512 13241 D HarmanHAL: StreamIn::getCapturePositionImpl
09-07 14:29:59.665   512 13241 I chatty  : uid=1041(audioserver) reader identical 5 lines
09-07 14:29:59.694   512 13241 D HarmanHAL: StreamIn::getCapturePositionImpl
09-07 14:29:59.705   512 13133 I HarmanHal.Routing: hacs alsa node(pcmMicRefIn_c) adtm interval_min:0 ms, inverval_max:11 ms, inverval_mean:8 ms!
09-07 14:29:59.705   512 13133 I HarmanHal.Routing:  in printADTM() PcmAlsaWrapper.cpp:876
09-07 14:29:59.711   512 13159 I HarmanHal.Routing: hacs alsa node(pcmBtHfp_ul_pro_p) adtm interval_min:2 ms, inverval_max:12 ms, inverval_mean:8 ms!
09-07 14:29:59.711   512 13159 I HarmanHal.Routing:  in printADTM() PcmAlsaWrapper.cpp:876
09-07 14:29:59.724   512 13241 D HarmanHAL: StreamIn::getCapturePositionImpl
09-07 14:29:59.754   512 13241 D HarmanHAL: StreamIn::getCapturePositionImpl
09-07 14:29:59.777   536   612 E pathology: [ProcessCrashHandler:: parseTombstoneFileName]string not found
09-07 14:29:59.778   536   612 I chatty  : uid=0(root) vendor.harman.p identical 4 lines
09-07 14:29:59.778   536   612 E pathology: [ProcessCrashHandler:: parseTombstoneFileName]string not found
09-07 14:29:59.794   512 13241 D HarmanHAL: StreamIn::getCapturePositionImpl
09-07 14:29:59.815   512 13169 I HarmanHal.Routing: hacs alsa node(pcmBtHfp_dl_pre_c) adtm interval_min:0 ms, inverval_max:10 ms, inverval_mean:8 ms!
09-07 14:29:59.815   512 13169 I HarmanHal.Routing:  in printADTM() PcmAlsaWrapper.cpp:876
09-07 14:29:59.815   512 13169 I HarmanHal.Routing: hacs alsa node(pcmHfp_dl_p) adtm interval_min:0 ms, inverval_max:11 ms, inverval_mean:8 ms!
09-07 14:29:59.815   512 13169 I HarmanHal.Routing:  in printADTM() PcmAlsaWrapper.cpp:876
09-07 14:29:59.824   512 13241 D HarmanHAL: StreamIn::getCapturePositionImpl
09-07 14:29:59.854   512 13241 D HarmanHAL: StreamIn::getCapturePositionImpl
09-07 14:29:59.871   532   569 W ipcLib  : ipcLib: in ipc_lib. DV1 read called
09-07 14:29:59.872   532   568 I VPS     : VPS:IOCStatusInfo.VoltageStatus->0 
09-07 14:29:59.872   532   568 I VPS     : VPS:IOCStatusInfo.IOCStatusCmd->a6 
09-07 14:29:59.872   532   568 I VPS     : VPS:IOCStatusInfo.WakeUpReason->0 
09-07 14:29:59.872   532   568 I VPS     : VPS:IOCStatusInfo.DerivedIgnitionStatus->0 
09-07 14:29:59.872   532   568 I VPS     : VPS:IOCStatusInfo.PowerModeState->4 
09-07 14:29:59.872   532   568 I VPS     : VPS:IOCStatusInfo.SOCShutdownRequest->0 
09-07 14:29:59.872   532   568 I VPS     : VPS:IOCStatusInfo.AntiTheftState->0 
09-07 14:29:59.872   532   568 I VPS     : VPS:IOCStatusInfo.BatteryConnect->0 
09-07 14:29:59.884   512 13241 D HarmanHAL: StreamIn::getCapturePositionImpl
01-01 00:05:03.220     0     0 W audit   : audit_lost=1605 audit_rate_limit=5 audit_backlog_limit=64
01-01 00:05:03.220     0     0 E audit   : rate limit exceeded
09-07 14:30:00.205   512 13241 I chatty  : uid=1041(audioserver) reader identical 10 lines
09-07 14:30:00.234   512 13241 D HarmanHAL: StreamIn::getCapturePositionImpl
09-07 14:30:00.223   536   536 I vendor.harman.p: type=1400 audit(0.0:3309): avc: denied { write } for name="2" dev="dm-4" ino=49241 scontext=u:r:pathologyd:s0 tcontext=u:object_r:vendor_data_file:s0 tclass=dir permissive=1
09-07 14:30:00.223   536   536 I vendor.harman.p: type=1400 audit(0.0:3310): avc: denied { remove_name } for name="PROCCRASH_PF_1631024854.lz4" dev="dm-4" ino=49346 scontext=u:r:pathologyd:s0 tcontext=u:object_r:vendor_data_file:s0 tclass=dir permissive=1
09-07 14:30:00.223   536   536 I vendor.harman.p: type=1400 audit(0.0:3311): avc: denied { unlink } for name="PROCCRASH_PF_1631024854.lz4" dev="dm-4" ino=49346 scontext=u:r:pathologyd:s0 tcontext=u:object_r:vendor_data_file:s0 tclass=file permissive=1
09-07 14:30:00.227   536   536 I vendor.harman.p: type=1400 audit(0.0:3312): avc: denied { add_name } for name="PROCCRASH_PF_1631024999.lz4" scontext=u:r:pathologyd:s0 tcontext=u:object_r:vendor_data_file:s0 tclass=dir permissive=1
09-07 14:30:00.274   512 13241 D HarmanHAL: StreamIn::getCapturePositionImpl
09-07 14:30:00.280   512  3972 I HarmanHal.Routing: hacs alsa node(pcmMedia_p) adtm interval_min:0 ms, inverval_max:10 ms, inverval_mean:8 ms!
09-07 14:30:00.280   512  3972 I HarmanHal.Routing:  in printADTM() PcmAlsaWrapper.cpp:876
09-07 14:30:00.304   512 13241 D HarmanHAL: StreamIn::getCapturePositionImpl
09-07 14:30:00.334   512 13241 D HarmanHAL: StreamIn::getCapturePositionImpl
09-07 14:30:00.364   512 13241 I HarmanHal.Routing: hacs alsa node(pcmTunerIn_c) adtm interval_min:29 ms, inverval_max:41 ms, inverval_mean:31 ms!
09-07 14:30:00.364   512 13241 I HarmanHal.Routing:  in printADTM() PcmAlsaWrapper.cpp:876
09-07 14:30:00.365   512 13241 D HarmanHAL: StreamIn::getCapturePositionImpl
09-07 14:30:00.435   512 13241 I chatty  : uid=1041(audioserver) reader identical 2 lines
09-07 14:30:00.464   512 13241 D HarmanHAL: StreamIn::getCapturePositionImpl
09-07 14:30:00.479   538   618 W ipcLib  : ipcLib: in ipc_lib. DV1 read called
09-07 14:30:00.494   512 13241 D HarmanHAL: StreamIn::getCapturePositionImpl
09-07 14:30:00.518   512 13158 D AudioProcessing: sseApply [handle 0xbc80d90][type 512] start..
09-07 14:30:00.518   512 13158 D AudioProcessing: sseProcess ul audioIO content print-1 [256] [2] [4] [1] 
09-07 14:30:00.518   512 13158 D AudioProcessing: sseProcess ul audioIO content print-2 [6] [1] [0x3bcbc5a0] [0x5bc7ede0] 
09-07 14:30:00.518   512 13158 D AudioProcessing: sseProcess ul audioIO content print-3 [0x1bca1320 [0x8bc84110] [0x1bc9f9b0] sse->pMain is [0x2bca4a60] 
09-07 14:30:00.519   512 13158 D AudioProcessing: sseProcess ul [handle 0xbc80d90]  ret[0]
09-07 14:30:00.519   512 13158 D AudioProcessing: sseProcess ul AudioBufferSampleCnt[256] type[512] finish..
09-07 14:30:00.524   512 13241 D HarmanHAL: StreamIn::getCapturePositionImpl
09-07 14:30:00.554   512 13241 I chatty  : uid=1041(audioserver) reader identical 1 line
09-07 14:30:00.595   512 13241 D HarmanHAL: StreamIn::getCapturePositionImpl
09-07 14:30:00.623   512 13169 D AudioProcessing: sseApply [handle 0xbc83090][type 768] start..
09-07 14:30:00.623   512 13169 D AudioProcessing: sseProcess dl audioIO content print-1 [256] [2] [1] [1] 
09-07 14:30:00.624   512 13169 D AudioProcessing: sseProcess dl audioIO content print-2 [1] [1] [0x0xb40000763bcc28d0] [0x0xb40000761bca6b00] 
09-07 14:30:00.624   512 13169 D AudioProcessing: sseProcess dl audioIO content print-3 [0x0xb40000761bca7fd0] [0x0xb40000761bcabe40] [0x0xb40000761bca5880] sse->pMain is [0x0xb40000772bcb4e80] 
09-07 14:30:00.624   512 13169 D AudioProcessing: sseProcess dl [handle 0xbc83090] ret[0]
09-07 14:30:00.624   512 13169 D AudioProcessing: sseProcess dl AudioBufferSampleCnt[256] type[768] finish..
09-07 14:30:00.624   512 13241 D HarmanHAL: StreamIn::getCapturePositionImpl
09-07 14:30:00.654   512 13241 I chatty  : uid=1041(audioserver) reader identical 1 line
09-07 14:30:00.684   512 13241 D HarmanHAL: StreamIn::getCapturePositionImpl
09-07 14:30:00.706   512 13133 I HarmanHal.Routing: hacs alsa node(pcmMicRefIn_c) adtm interval_min:0 ms, inverval_max:11 ms, inverval_mean:8 ms!
09-07 14:30:00.706   512 13133 I HarmanHal.Routing:  in printADTM() PcmAlsaWrapper.cpp:876
09-07 14:30:00.711   512 13159 I HarmanHal.Routing: hacs alsa node(pcmBtHfp_ul_pro_p) adtm interval_min:2 ms, inverval_max:12 ms, inverval_mean:8 ms!
09-07 14:30:00.711   512 13159 I HarmanHal.Routing:  in printADTM() PcmAlsaWrapper.cpp:876
09-07 14:30:00.714   512 13241 D HarmanHAL: StreamIn::getCapturePositionImpl
09-07 14:30:00.754   512 13241 I chatty  : uid=1041(audioserver) reader identical 1 line
09-07 14:30:00.785   512 13241 D HarmanHAL: StreamIn::getCapturePositionImpl
09-07 14:30:00.813   512 13169 I HarmanHal.Routing: hacs alsa node(pcmBtHfp_dl_pre_c) adtm interval_min:0 ms, inverval_max:11 ms, inverval_mean:7 ms!
09-07 14:30:00.813   512 13169 I HarmanHal.Routing:  in printADTM() PcmAlsaWrapper.cpp:876
09-07 14:30:00.814   512 13169 I HarmanHal.Routing: hacs alsa node(pcmHfp_dl_p) adtm interval_min:0 ms, inverval_max:11 ms, inverval_mean:7 ms!
09-07 14:30:00.814   512 13169 I HarmanHal.Routing:  in printADTM() PcmAlsaWrapper.cpp:876
09-07 14:30:00.815   512 13241 D HarmanHAL: StreamIn::getCapturePositionImpl
09-07 14:30:01.235   512 13241 I chatty  : uid=1041(audioserver) reader identical 13 lines
09-07 14:30:01.265   512 13241 D HarmanHAL: StreamIn::getCapturePositionImpl
09-07 14:30:01.280   512  3972 I HarmanHal.Routing: hacs alsa node(pcmMedia_p) adtm interval_min:0 ms, inverval_max:11 ms, inverval_mean:8 ms!
09-07 14:30:01.280   512  3972 I HarmanHal.Routing:  in printADTM() PcmAlsaWrapper.cpp:876
09-07 14:30:01.294   512 13241 D HarmanHAL: StreamIn::getCapturePositionImpl
09-07 14:30:01.324   512 13241 D HarmanHAL: StreamIn::getCapturePositionImpl
09-07 14:30:01.354   512 13241 I HarmanHal.Routing: hacs alsa node(pcmTunerIn_c) adtm interval_min:29 ms, inverval_max:41 ms, inverval_mean:31 ms!
09-07 14:30:01.354   512 13241 I HarmanHal.Routing:  in printADTM() PcmAlsaWrapper.cpp:876
09-07 14:30:01.355   512 13241 D HarmanHAL: StreamIn::getCapturePositionImpl
09-07 14:30:01.424   512 13241 I chatty  : uid=1041(audioserver) reader identical 2 lines
09-07 14:30:01.454   512 13241 D HarmanHAL: StreamIn::getCapturePositionImpl
09-07 14:30:01.479   538   618 W ipcLib  : ipcLib: in ipc_lib. DV1 read called
09-07 14:30:01.479   345   345 I Binder:345_2: type=1400 audit(0.0:3317): avc: denied { call } for scontext=u:r:carwatchdogd:s0 tcontext=u:r:hal_audio_default:s0 tclass=binder permissive=1
09-07 14:30:01.484   512   512 E android.hardware.audio@6.0-harman-service: [CXmlParser]: nodeset is empty for xpath: /audioConfiguration/EnableWatchdog
09-07 14:30:01.484   512 13241 D HarmanHAL: StreamIn::getCapturePositionImpl
09-07 14:30:01.484   512   512 E android.hardware.audio@6.0-harman-service: [CXmlParser::GetOneEleValue] Xpath object is NULL. XPath: /audioConfiguration/EnableWatchdog
09-07 14:30:01.484   512   512 W HarmanHal: ConfigSettings::GetOneEleValue Error while reading the path /audioConfiguration/EnableWatchdog
09-07 14:30:01.485   512   512 W HarmanHal: ConfigSettings::GetOneEleValue Error in checkifWatchdogTobeEnabled
09-07 14:30:01.485   512   512 I HarmanHal: WatchdogClient::isClientHealthy, Value Of checkifWatchdogTobeEnabled:0
09-07 14:30:01.515   512 13241 D HarmanHAL: StreamIn::getCapturePositionImpl
09-07 14:30:01.645   512 13241 I chatty  : uid=1041(audioserver) reader identical 4 lines
09-07 14:30:01.674   512 13241 D HarmanHAL: StreamIn::getCapturePositionImpl
09-07 14:30:01.706   512 13133 I HarmanHal.Routing: hacs alsa node(pcmMicRefIn_c) adtm interval_min:0 ms, inverval_max:11 ms, inverval_mean:7 ms!
09-07 14:30:01.706   512 13133 I HarmanHal.Routing:  in printADTM() PcmAlsaWrapper.cpp:876
09-07 14:30:01.711   512 13159 I HarmanHal.Routing: hacs alsa node(pcmBtHfp_ul_pro_p) adtm interval_min:2 ms, inverval_max:12 ms, inverval_mean:8 ms!
09-07 14:30:01.711   512 13159 I HarmanHal.Routing:  in printADTM() PcmAlsaWrapper.cpp:876
09-07 14:30:01.715   512 13241 D HarmanHAL: StreamIn::getCapturePositionImpl
09-07 14:30:01.774   512 13241 I chatty  : uid=1041(audioserver) reader identical 2 lines
09-07 14:30:01.804   512 13241 D HarmanHAL: StreamIn::getCapturePositionImpl
09-07 14:30:01.814   512 13169 I HarmanHal.Routing: hacs alsa node(pcmBtHfp_dl_pre_c) adtm interval_min:0 ms, inverval_max:11 ms, inverval_mean:8 ms!
09-07 14:30:01.814   512 13169 I HarmanHal.Routing:  in printADTM() PcmAlsaWrapper.cpp:876
09-07 14:30:01.815   512 13169 I HarmanHal.Routing: hacs alsa node(pcmHfp_dl_p) adtm interval_min:0 ms, inverval_max:11 ms, inverval_mean:8 ms!
09-07 14:30:01.815   512 13169 I HarmanHal.Routing:  in printADTM() PcmAlsaWrapper.cpp:876
09-07 14:30:01.834   512 13241 D HarmanHAL: StreamIn::getCapturePositionImpl
09-07 14:30:01.935   512 13241 I chatty  : uid=1041(audioserver) reader identical 3 lines
09-07 14:30:01.964   512 13241 D HarmanHAL: StreamIn::getCapturePositionImpl
09-07 14:30:01.971   532   569 W ipcLib  : ipcLib: in ipc_lib. DV1 read called
09-07 14:30:01.972   532   568 I VPS     : VPS:IOCStatusInfo.VoltageStatus->0 
09-07 14:30:01.972   532   568 I VPS     : VPS:IOCStatusInfo.IOCStatusCmd->a6 
09-07 14:30:01.972   532   568 I VPS     : VPS:IOCStatusInfo.WakeUpReason->0 
09-07 14:30:01.972   532   568 I VPS     : VPS:IOCStatusInfo.DerivedIgnitionStatus->0 
09-07 14:30:01.972   532   568 I VPS     : VPS:IOCStatusInfo.PowerModeState->4 
09-07 14:30:01.972   532   568 I VPS     : VPS:IOCStatusInfo.SOCShutdownRequest->0 
09-07 14:30:01.972   532   568 I VPS     : VPS:IOCStatusInfo.AntiTheftState->0 
09-07 14:30:01.972   532   568 I VPS     : VPS:IOCStatusInfo.BatteryConnect->0 
09-07 14:30:01.995   512 13241 D HarmanHAL: StreamIn::getCapturePositionImpl
09-07 14:30:02.064   512 13241 I chatty  : uid=1041(audioserver) reader identical 2 lines
09-07 14:30:02.094   512 13241 D HarmanHAL: StreamIn::getCapturePositionImpl
09-07 14:30:02.118   512 13158 D AudioProcessing: sseApply [handle 0xbc80d90][type 512] start..
09-07 14:30:02.118   512 13158 D AudioProcessing: sseProcess ul audioIO content print-1 [256] [2] [4] [1] 
09-07 14:30:02.118   512 13158 D AudioProcessing: sseProcess ul audioIO content print-2 [6] [1] [0x3bcbc5a0] [0x5bc7ede0] 
09-07 14:30:02.118   512 13158 D AudioProcessing: sseProcess ul audioIO content print-3 [0x1bca1320 [0x8bc84110] [0x1bc9f9b0] sse->pMain is [0x2bca4a60] 
09-07 14:30:02.119   512 13158 D AudioProcessing: sseProcess ul [handle 0xbc80d90]  ret[0]
09-07 14:30:02.119   512 13158 D AudioProcessing: sseProcess ul AudioBufferSampleCnt[256] type[512] finish..
09-07 14:30:02.124   512 13241 D HarmanHAL: StreamIn::getCapturePositionImpl
09-07 14:30:02.154   512 13241 I chatty  : uid=1041(audioserver) reader identical 1 line
09-07 14:30:02.195   512 13241 D HarmanHAL: StreamIn::getCapturePositionImpl
09-07 14:30:02.223   512 13169 D AudioProcessing: sseApply [handle 0xbc83090][type 768] start..
09-07 14:30:02.223   512 13169 D AudioProcessing: sseProcess dl audioIO content print-1 [256] [2] [1] [1] 
09-07 14:30:02.223   512 13169 D AudioProcessing: sseProcess dl audioIO content print-2 [1] [1] [0x0xb40000763bcc28d0] [0x0xb40000761bca6b00] 
09-07 14:30:02.223   512 13169 D AudioProcessing: sseProcess dl audioIO content print-3 [0x0xb40000761bca7fd0] [0x0xb40000761bcabe40] [0x0xb40000761bca5880] sse->pMain is [0x0xb40000772bcb4e80] 
09-07 14:30:02.224   512 13169 D AudioProcessing: sseProcess dl [handle 0xbc83090] ret[0]
09-07 14:30:02.224   512 13169 D AudioProcessing: sseProcess dl AudioBufferSampleCnt[256] type[768] finish..
09-07 14:30:02.225   512 13241 D HarmanHAL: StreamIn::getCapturePositionImpl
09-07 14:30:02.255   512 13241 D HarmanHAL: StreamIn::getCapturePositionImpl
09-07 14:30:02.280   512  3972 I HarmanHal.Routing: hacs alsa node(pcmMedia_p) adtm interval_min:1 ms, inverval_max:10 ms, inverval_mean:8 ms!
09-07 14:30:02.280   512  3972 I HarmanHal.Routing:  in printADTM() PcmAlsaWrapper.cpp:876
09-07 14:30:02.284   512 13241 D HarmanHAL: StreamIn::getCapturePositionImpl
09-07 14:30:02.314   512 13241 D HarmanHAL: StreamIn::getCapturePositionImpl
09-07 14:30:02.354   512 13241 I HarmanHal.Routing: hacs alsa node(pcmTunerIn_c) adtm interval_min:29 ms, inverval_max:41 ms, inverval_mean:32 ms!
09-07 14:30:02.354   512 13241 I HarmanHal.Routing:  in printADTM() PcmAlsaWrapper.cpp:876
09-07 14:30:02.355   512 13241 D HarmanHAL: StreamIn::getCapturePositionImpl
09-07 14:30:02.445   512 13241 I chatty  : uid=1041(audioserver) reader identical 3 lines
09-07 14:30:02.475   512 13241 D HarmanHAL: StreamIn::getCapturePositionImpl
09-07 14:30:02.480   538   618 W ipcLib  : ipcLib: in ipc_lib. DV1 read called
09-07 14:30:02.514   512 13241 D HarmanHAL: StreamIn::getCapturePositionImpl
09-07 14:30:02.674   512 13241 I chatty  : uid=1041(audioserver) reader identical 5 lines
09-07 14:30:02.705   512 13241 D HarmanHAL: StreamIn::getCapturePositionImpl
09-07 14:30:02.705   512 13133 I HarmanHal.Routing: hacs alsa node(pcmMicRefIn_c) adtm interval_min:0 ms, inverval_max:11 ms, inverval_mean:8 ms!
09-07 14:30:02.705   512 13133 I HarmanHal.Routing:  in printADTM() PcmAlsaWrapper.cpp:876
09-07 14:30:02.711   512 13159 I HarmanHal.Routing: hacs alsa node(pcmBtHfp_ul_pro_p) adtm interval_min:2 ms, inverval_max:12 ms, inverval_mean:8 ms!
09-07 14:30:02.711   512 13159 I HarmanHal.Routing:  in printADTM() PcmAlsaWrapper.cpp:876
09-07 14:30:02.734   512 13241 D HarmanHAL: StreamIn::getCapturePositionImpl
09-07 14:30:02.764   512 13241 I chatty  : uid=1041(audioserver) reader identical 1 line
09-07 14:30:02.794   512 13241 D HarmanHAL: StreamIn::getCapturePositionImpl
09-07 14:30:02.813   512 13169 I HarmanHal.Routing: hacs alsa node(pcmBtHfp_dl_pre_c) adtm interval_min:0 ms, inverval_max:10 ms, inverval_mean:7 ms!
09-07 14:30:02.813   512 13169 I HarmanHal.Routing:  in printADTM() PcmAlsaWrapper.cpp:876
09-07 14:30:02.814   911  4981 D BufferPoolAccessor2.0: bufferpool2 0xb400007205c6d498 : 2(1048576 size) total buffers - 1(524288 size) used buffers - 3484/3494 (recycle/alloc) - 24/3494 (fetch/transfer)
09-07 14:30:02.815   512 13169 I HarmanHal.Routing: hacs alsa node(pcmHfp_dl_p) adtm interval_min:0 ms, inverval_max:11 ms, inverval_mean:8 ms!
09-07 14:30:02.815   512 13169 I HarmanHal.Routing:  in printADTM() PcmAlsaWrapper.cpp:876
09-07 14:30:02.836   512 13241 D HarmanHAL: StreamIn::getCapturePositionImpl
09-07 14:30:03.245   512 13241 I chatty  : uid=1041(audioserver) reader identical 13 lines
09-07 14:30:03.274   512 13241 D HarmanHAL: StreamIn::getCapturePositionImpl
09-07 14:30:03.280   512  3972 I HarmanHal.Routing: hacs alsa node(pcmMedia_p) adtm interval_min:0 ms, inverval_max:10 ms, inverval_mean:8 ms!
09-07 14:30:03.280   512  3972 I HarmanHal.Routing:  in printADTM() PcmAlsaWrapper.cpp:876
09-07 14:30:03.314   512 13241 D HarmanHAL: StreamIn::getCapturePositionImpl
09-07 14:30:03.344   512 13241 I HarmanHal.Routing: hacs alsa node(pcmTunerIn_c) adtm interval_min:29 ms, inverval_max:41 ms, inverval_mean:31 ms!
09-07 14:30:03.344   512 13241 I HarmanHal.Routing:  in printADTM() PcmAlsaWrapper.cpp:876
09-07 14:30:03.345   512 13241 D HarmanHAL: StreamIn::getCapturePositionImpl
09-07 14:30:03.435   512 13241 I chatty  : uid=1041(audioserver) reader identical 3 lines
09-07 14:30:03.475   512 13241 D HarmanHAL: StreamIn::getCapturePositionImpl
09-07 14:30:03.479   538   618 W ipcLib  : ipcLib: in ipc_lib. DV1 read called
09-07 14:30:03.504   512 13241 D HarmanHAL: StreamIn::getCapturePositionImpl
09-07 14:30:03.664   512 13241 I chatty  : uid=1041(audioserver) reader identical 5 lines
09-07 14:30:03.694   512 13241 D HarmanHAL: StreamIn::getCapturePositionImpl
09-07 14:30:03.706   512 13133 I HarmanHal.Routing: hacs alsa node(pcmMicRefIn_c) adtm interval_min:0 ms, inverval_max:11 ms, inverval_mean:8 ms!
09-07 14:30:03.706   512 13133 I HarmanHal.Routing:  in printADTM() PcmAlsaWrapper.cpp:876
09-07 14:30:03.711   512 13159 I HarmanHal.Routing: hacs alsa node(pcmBtHfp_ul_pro_p) adtm interval_min:2 ms, inverval_max:12 ms, inverval_mean:8 ms!
09-07 14:30:03.711   512 13159 I HarmanHal.Routing:  in printADTM() PcmAlsaWrapper.cpp:876
09-07 14:30:03.718   512 13158 D AudioProcessing: sseApply [handle 0xbc80d90][type 512] start..
09-07 14:30:03.718   512 13158 D AudioProcessing: sseProcess ul audioIO content print-1 [256] [2] [4] [1] 
09-07 14:30:03.718   512 13158 D AudioProcessing: sseProcess ul audioIO content print-2 [6] [1] [0x3bcbc5a0] [0x5bc7ede0] 
09-07 14:30:03.718   512 13158 D AudioProcessing: sseProcess ul audioIO content print-3 [0x1bca1320 [0x8bc84110] [0x1bc9f9b0] sse->pMain is [0x2bca4a60] 
09-07 14:30:03.719   512 13158 D AudioProcessing: sseProcess ul [handle 0xbc80d90]  ret[0]
09-07 14:30:03.719   512 13158 D AudioProcessing: sseProcess ul AudioBufferSampleCnt[256] type[512] finish..
09-07 14:30:03.724   512 13241 D HarmanHAL: StreamIn::getCapturePositionImpl
09-07 14:30:03.755   512 13241 I chatty  : uid=1041(audioserver) reader identical 1 line
09-07 14:30:03.795   512 13241 D HarmanHAL: StreamIn::getCapturePositionImpl
09-07 14:30:03.813   512 13169 I HarmanHal.Routing: hacs alsa node(pcmBtHfp_dl_pre_c) adtm interval_min:0 ms, inverval_max:10 ms, inverval_mean:8 ms!
09-07 14:30:03.813   512 13169 I HarmanHal.Routing:  in printADTM() PcmAlsaWrapper.cpp:876
09-07 14:30:03.814   512 13169 I HarmanHal.Routing: hacs alsa node(pcmHfp_dl_p) adtm interval_min:0 ms, inverval_max:11 ms, inverval_mean:7 ms!
09-07 14:30:03.814   512 13169 I HarmanHal.Routing:  in printADTM() PcmAlsaWrapper.cpp:876
09-07 14:30:03.823   512 13169 D AudioProcessing: sseApply [handle 0xbc83090][type 768] start..
09-07 14:30:03.823   512 13169 D AudioProcessing: sseProcess dl audioIO content print-1 [256] [2] [1] [1] 
09-07 14:30:03.823   512 13169 D AudioProcessing: sseProcess dl audioIO content print-2 [1] [1] [0x0xb40000763bcc28d0] [0x0xb40000761bca6b00] 
09-07 14:30:03.823   512 13169 D AudioProcessing: sseProcess dl audioIO content print-3 [0x0xb40000761bca7fd0] [0x0xb40000761bcabe40] [0x0xb40000761bca5880] sse->pMain is [0x0xb40000772bcb4e80] 
09-07 14:30:03.824   512 13169 D AudioProcessing: sseProcess dl [handle 0xbc83090] ret[0]
09-07 14:30:03.824   512 13169 D AudioProcessing: sseProcess dl AudioBufferSampleCnt[256] type[768] finish..
09-07 14:30:03.824   512 13241 D HarmanHAL: StreamIn::getCapturePositionImpl
09-07 14:30:03.955   512 13241 I chatty  : uid=1041(audioserver) reader identical 4 lines
09-07 14:30:03.984   512 13241 D HarmanHAL: StreamIn::getCapturePositionImpl
09-07 14:30:04.000   532   569 I VPS     : VPS:VehiclePlatformSOCHeartBeatHandler IVI HeartBeat sent successfully SOCHeartBeatInfo.SOCStatus->2
09-07 14:30:04.000   532   569 W ipcLib  : ipcLib: in ipc_lib. DV1 write called
09-07 14:30:04.002   532   569 W ipcLib  : ipcLib: in ipc_lib. DV1 read called
09-07 14:30:04.014   512 13241 D HarmanHAL: StreamIn::getCapturePositionImpl
09-07 14:30:04.045   512 13241 D HarmanHAL: StreamIn::getCapturePositionImpl
09-07 14:30:04.071   532   569 W ipcLib  : ipcLib: in ipc_lib. DV1 read called
09-07 14:30:04.072   532   568 I VPS     : VPS:IOCStatusInfo.VoltageStatus->0 
09-07 14:30:04.072   532   568 I VPS     : VPS:IOCStatusInfo.IOCStatusCmd->a6 
09-07 14:30:04.072   532   568 I VPS     : VPS:IOCStatusInfo.WakeUpReason->0 
09-07 14:30:04.072   532   568 I VPS     : VPS:IOCStatusInfo.DerivedIgnitionStatus->0 
09-07 14:30:04.072   532   568 I VPS     : VPS:IOCStatusInfo.PowerModeState->4 
09-07 14:30:04.072   532   568 I VPS     : VPS:IOCStatusInfo.SOCShutdownRequest->0 
09-07 14:30:04.072   532   568 I VPS     : VPS:IOCStatusInfo.AntiTheftState->0 
09-07 14:30:04.072   532   568 I VPS     : VPS:IOCStatusInfo.BatteryConnect->0 
09-07 14:30:04.075   512 13241 D HarmanHAL: StreamIn::getCapturePositionImpl
01-01 00:05:07.108     0     0 I init    : starting service 'qccsyshalservice'...
01-01 00:05:07.120     0     0 I init    : starting service 'vendor.sensors-hal-1-0'...
01-01 00:05:07.127     0     0 I init    : starting service 'LogManager'...
09-07 14:30:04.115   512 13241 I chatty  : uid=1041(audioserver) reader identical 1 line
09-07 14:30:04.145   512 13241 D HarmanHAL: StreamIn::getCapturePositionImpl
09-07 14:30:04.156   376   376 I hwservicemanager: getTransport: Cannot find entry android.hardware.sensors@1.0::ISensors/default in either framework or device manifest.
09-07 14:30:04.157 17189 17189 I qccsyshalservice: Start with system binder
09-07 14:30:04.157 17189 17189 I qccsyshalservice: Registering qccsyshal service...
09-07 14:30:04.158 17190 17190 E android.hardware.sensors@1.0-service: Couldn't load sensors module (Unknown error -2147483648)
09-07 14:30:04.158 17190 17190 D RefBase : RefBase: Explicit destruction, weak count = 0 (in 0xb400007c47f394b8)
09-07 14:30:04.159 17190 17190 W RefBase : CallStack::getCurrentInternal not linked, returning null
09-07 14:30:04.159 17190 17190 W RefBase : CallStack::logStackInternal not linked
09-07 14:30:04.159 17190 17190 E LegacySupport: Could not get passthrough implementation for android.hardware.sensors@1.0::ISensors/default.
01-01 00:05:07.150     0     0 I init    : Service 'vendor.sensors-hal-1-0' (pid 17190) exited with status 1
01-01 00:05:07.150     0     0 I init    : Sending signal 9 to service 'vendor.sensors-hal-1-0' (pid 17190) process group...
01-01 00:05:07.150     0     0 I libprocessgroup: Successfully killed process cgroup uid 1000 pid 17190 in 0ms
09-07 14:30:04.165 17191 17191 D LOGMANAGER: LOGMANAGER HAL service init() start
09-07 14:30:04.165 17191 17191 D LOGMANAGER: Logmanager configured rpcthreadpool
09-07 14:30:04.159 17191 17191 I vendor.harman.L: type=1400 audit(0.0:3318): avc: denied { read } for name="u:object_r:hwservicemanager_prop:s0" dev="tmpfs" ino=24519 scontext=u:r:logmanagerd:s0 tcontext=u:object_r:hwservicemanager_prop:s0 tclass=file permissive=1
09-07 14:30:04.159 17191 17191 I vendor.harman.L: type=1400 audit(0.0:3319): avc: denied { open } for path="/dev/__properties__/u:object_r:hwservicemanager_prop:s0" dev="tmpfs" ino=24519 scontext=u:r:logmanagerd:s0 tcontext=u:object_r:hwservicemanager_prop:s0 tclass=file permissive=1
09-07 14:30:04.159 17191 17191 I vendor.harman.L: type=1400 audit(0.0:3320): avc: denied { getattr } for path="/dev/__properties__/u:object_r:hwservicemanager_prop:s0" dev="tmpfs" ino=24519 scontext=u:r:logmanagerd:s0 tcontext=u:object_r:hwservicemanager_prop:s0 tclass=file permissive=1
09-07 14:30:04.159 17191 17191 I vendor.harman.L: type=1400 audit(0.0:3321): avc: denied { map } for path="/dev/__properties__/u:object_r:hwservicemanager_prop:s0" dev="tmpfs" ino=24519 scontext=u:r:logmanagerd:s0 tcontext=u:object_r:hwservicemanager_prop:s0 tclass=file permissive=1
09-07 14:30:04.166   376   376 I hwservicemanager: getTransport: Cannot find entry vendor.qti.hardware.qccsyshal@1.0::IQccsyshal/qccsyshal in either framework or device manifest.
09-07 14:30:04.167 17189 17189 E HidlServiceManagement: Service vendor.qti.hardware.qccsyshal@1.0::IQccsyshal/qccsyshal must be in VINTF manifest in order to register/get.
09-07 14:30:04.167 17189 17189 E qccsyshalservice: [ERROR] registerAsService() failed with status: -2147483648
09-07 14:30:04.168 17191 17191 I HidlServiceManagement: Registered vendor.harman.hardware.LogManager@1.0::ILogManager/default
09-07 14:30:04.168 17191 17191 D LOGMANAGER: Logmanager HAL Service is registered and ready
09-07 14:30:04.168 17191 17191 I LOGMANAGER: ThreadPoolWrapper::initThreadPool
09-07 14:30:04.168 17191 17191 I LOGMANAGER: ThreadPoolWrapper : exit
09-07 14:30:04.168 17191 17191 D LOGMANAGER: Logmanager threadpoolwrapper created
09-07 14:30:04.168 17191 17191 D LOGMANAGER: User argument is -c
09-07 14:30:04.169 17191 17191 I LOGMANAGER: LogmanagerConfig is configured under config file
09-07 14:30:04.169 17191 17191 I LOGMANAGER: LoggingLevel is : 4
09-07 14:30:04.169 17191 17191 I LOGMANAGER: LogEnableState is : 0
09-07 14:30:04.169 17191 17191 I LOGMANAGER: OutputPluginConfiguration PluginType : LOGWRITTER
09-07 14:30:04.169 17191 17191 I LOGMANAGER: LM_OutputConfiguration : 1
09-07 14:30:04.169 17191 17191 I LOGMANAGER: LM_OfflineTraceDirectory : /data/cache
01-01 00:05:07.158     0     0 I init    : Service 'qccsyshalservice' (pid 17189) exited with status 1
01-01 00:05:07.159     0     0 I init    : Sending signal 9 to service 'qccsyshalservice' (pid 17189) process group...
01-01 00:05:07.159     0     0 I libprocessgroup: Successfully killed process cgroup uid 1000 pid 17189 in 0ms
01-01 00:05:07.159     0     0 W audit   : audit_lost=1608 audit_rate_limit=5 audit_backlog_limit=64
01-01 00:05:07.159     0     0 E audit   : rate limit exceeded
09-07 14:30:04.169 17191 17191 I LOGMANAGER: LM_OfflineTraceFILESize : 1000000
09-07 14:30:04.169 17191 17191 I LOGMANAGER: LM_OfflineTotalFILESSize : 20000000
09-07 14:30:04.169 17191 17191 I LOGMANAGER: LM_FileNameTimeStampBased : 0
09-07 14:30:04.169 17191 17191 I LOGMANAGER: Got IOC plugin
09-07 14:30:04.169 17191 17191 I LOGMANAGER: IOCIPCChannelNumber :6
09-07 14:30:04.169 17191 17191 I LOGMANAGER: keyseq: HOME + VOLUMEDOWN  for domain is AudioDump
09-07 14:30:04.163 17191 17191 I vendor.harman.L: type=1400 audit(0.0:3322): avc: denied { dac_read_search } for capability=2 scontext=u:r:logmanagerd:s0 tcontext=u:r:logmanagerd:s0 tclass=capability permissive=1
09-07 14:30:04.169 17191 17191 I LOGMANAGER: keyseq: HOME + VOLUMEUP  for domain is HCIDump
09-07 14:30:04.169 17191 17191 I LOGMANAGER: Domains parsing is done
09-07 14:30:04.163 17191 17191 I vendor.harman.L: type=1400 audit(0.0:3323): avc: denied { search } for name="cache" dev="dm-4" ino=262146 scontext=u:r:logmanagerd:s0 tcontext=u:object_r:cache_file:s0 tclass=dir permissive=1
09-07 14:30:04.174 17191 17191 E LOGMANAGER: Failed to load plugin /vendor/lib64/libIOCDLogReader.so with error code dlopen failed: library "/vendor/lib64/libIOCDLogReader.so" not found 
09-07 14:30:04.174 17191 17191 F libc    : Fatal signal 11 (SIGSEGV), code 1 (SEGV_MAPERR), fault addr 0x0 in tid 17191 (vendor.harman.L), pid 17191 (vendor.harman.L)
09-07 14:30:04.175 17191 17192 I LOGMANAGER: ThreadPoolWrapper:  enter the joinRpcThreadpool()
09-07 14:30:04.176   512 13241 D HarmanHAL: StreamIn::getCapturePositionImpl
09-07 14:30:04.163 17191 17191 I vendor.harman.L: type=1400 audit(0.0:3324): avc: denied { dac_override } for capability=1 scontext=u:r:logmanagerd:s0 tcontext=u:r:logmanagerd:s0 tclass=capability permissive=1
09-07 14:30:04.163 17191 17191 I vendor.harman.L: type=1400 audit(0.0:3325): avc: denied { write } for name="cache" dev="dm-4" ino=262146 scontext=u:r:logmanagerd:s0 tcontext=u:object_r:cache_file:s0 tclass=dir permissive=1
09-07 14:30:04.163 17191 17191 I vendor.harman.L: type=1400 audit(0.0:3326): avc: denied { remove_name } for name="lm" dev="dm-4" ino=262151 scontext=u:r:logmanagerd:s0 tcontext=u:object_r:cache_file:s0 tclass=dir permissive=1
09-07 14:30:04.205   512 13241 D HarmanHAL: StreamIn::getCapturePositionImpl
09-07 14:30:04.208 17195 17195 I crash_dump64: obtaining output fd from tombstoned, type: kDebuggerdTombstone
09-07 14:30:04.209   463   463 I tombstoned: received crash request for pid 17191
09-07 14:30:04.210 17195 17195 I crash_dump64: performing dump of process 17191 (target tid = 17191)
09-07 14:30:04.213 17195 17195 F DEBUG   : *** *** *** *** *** *** *** *** *** *** *** *** *** *** *** ***
09-07 14:30:04.213 17195 17195 F DEBUG   : Build fingerprint: 'qti/titan_tml_b2/titan_tml_b2:11/RQ3A.210605.005/eng.ksong.20210907.134230:userdebug/test-keys'
09-07 14:30:04.213 17195 17195 F DEBUG   : Revision: '0'
09-07 14:30:04.213 17195 17195 F DEBUG   : ABI: 'arm64'
09-07 14:30:04.215 17195 17195 F DEBUG   : Timestamp: 2021-09-07 14:30:04+0000
09-07 14:30:04.215 17195 17195 F DEBUG   : pid: 17191, tid: 17191, name: vendor.harman.L  >>> /vendor/bin/hw/vendor.harman.LogManager@1.0-service <<<
09-07 14:30:04.215 17195 17195 F DEBUG   : uid: 0
09-07 14:30:04.215 17195 17195 F DEBUG   : signal 11 (SIGSEGV), code 1 (SEGV_MAPERR), fault addr 0x0
09-07 14:30:04.215 17195 17195 F DEBUG   : Cause: null pointer dereference
09-07 14:30:04.215 17195 17195 F DEBUG   :     x0  0000000000000000  x1  0000000000000000  x2  0000000000080001  x3  0000000000000000
09-07 14:30:04.215 17195 17195 F DEBUG   :     x4  0000000000000000  x5  0000000000008000  x6  53736d647543ff6f  x7  7f7f7f7f7f7f7f7f
09-07 14:30:04.215 17195 17195 F DEBUG   :     x8  0101010101010101  x9  928d371b121b9dc8  x10 0000007fd0845fe8  x11 fffffffffffffffd
09-07 14:30:04.215 17195 17195 F DEBUG   :     x12 0000007fd0846170  x13 000000000000008e  x14 000a408292123400  x15 0000000034155555
09-07 14:30:04.216 17195 17195 F DEBUG   :     x16 0000005dc64197e0  x17 0000007cce69fb30  x18 0000007ccf098000  x19 0000000000000000
09-07 14:30:04.216 17195 17195 F DEBUG   :     x20 0000007cce62cc50  x21 0000007fd0846889  x22 b400007bcdfb1c38  x23 0000007fd08468a8
09-07 14:30:04.216 17195 17195 F DEBUG   :     x24 0000000000000000  x25 0000007ccebee000  x26 0000007fd0846889  x27 0000007fd0846859
09-07 14:30:04.216 17195 17195 F DEBUG   :     x28 0000000000000000  x29 0000007fd0846790
09-07 14:30:04.216 17195 17195 F DEBUG   :     lr  0000005dc6410048  sp  0000007fd0846790  pc  0000007cce69fb40  pst 0000000080000000
09-07 14:30:04.220 17195 17195 F DEBUG   : backtrace:
09-07 14:30:04.220 17195 17195 F DEBUG   :       #00 pc 000000000004ab40  /apex/com.android.runtime/lib64/bionic/libc.so (strlen_default+16) (BuildId: 2b7c6e33413ac7278a15dfc3ea383089)
09-07 14:30:04.220 17195 17195 F DEBUG   :       #01 pc 0000000000009044  /vendor/bin/hw/vendor.harman.LogManager@1.0-service (BuildId: 3e966ab64050b441b920ba0e8960d123)
09-07 14:30:04.220 17195 17195 F DEBUG   :       #02 pc 0000000000008df0  /vendor/bin/hw/vendor.harman.LogManager@1.0-service (LM::LogManagerImpl::load_plugin_conf(void*, std::__1::basic_string<char, std::__1::char_traits<char>, std::__1::allocator<char> >, std::__1::multimap<std::__1::basic_string<char, std::__1::char_traits<char>, std::__1::allocator<char> >, int, std::__1::less<std::__1::basic_string<char, std::__1::char_traits<char>, std::__1::allocator<char> > >, std::__1::allocator<std::__1::pair<std::__1::basic_string<char, std::__1::char_traits<char>, std::__1::allocator<char> > const, int> > >&)+752) (BuildId: 3e966ab64050b441b920ba0e8960d123)
09-07 14:30:04.221 17195 17195 F DEBUG   :       #03 pc 00000000000088c0  /vendor/bin/hw/vendor.harman.LogManager@1.0-service (LM::LogManagerImpl::loadplugins()+436) (BuildId: 3e966ab64050b441b920ba0e8960d123)
09-07 14:30:04.221 17195 17195 F DEBUG   :       #04 pc 0000000000007af8  /vendor/bin/hw/vendor.harman.LogManager@1.0-service (main+1112) (BuildId: 3e966ab64050b441b920ba0e8960d123)
09-07 14:30:04.221 17195 17195 F DEBUG   :       #05 pc 000000000004988c  /apex/com.android.runtime/lib64/bionic/libc.so (__libc_init+108) (BuildId: 2b7c6e33413ac7278a15dfc3ea383089)
09-07 14:30:04.235   512 13241 D HarmanHAL: StreamIn::getCapturePositionImpl
01-01 00:05:07.235     0     0 D logd    : logdr: UID=0 GID=1000 PID=17195 n tail=50 logMask=8 pid=17191 start=0ns timeout=0ns
09-07 14:30:04.275   512 13241 D HarmanHAL: StreamIn::getCapturePositionImpl
09-07 14:30:04.280   512  3972 I HarmanHal.Routing: hacs alsa node(pcmMedia_p) adtm interval_min:1 ms, inverval_max:10 ms, inverval_mean:8 ms!
09-07 14:30:04.280   512  3972 I HarmanHal.Routing:  in printADTM() PcmAlsaWrapper.cpp:876
09-07 14:30:04.300  1033  1270 W NativeCrashListener: Couldn't find ProcessRecord for pid 17191
09-07 14:30:04.300 17195 17195 E crash_dump64: AM data write failed: Broken pipe
09-07 14:30:04.302   463   463 E tombstoned: Tombstone written to: /data/tombstones/tombstone_27
09-07 14:30:04.304   512 13241 D HarmanHAL: StreamIn::getCapturePositionImpl
01-01 00:05:07.293     0     0 I init    : Untracked pid 17195 exited with status 0
09-07 14:30:04.311  1033  1095 I BootReceiver: Copying /data/tombstones/tombstone_27 to DropBox (SYSTEM_TOMBSTONE)
09-07 14:30:04.315  1033  1095 I DropBoxManagerService: add tag=SYSTEM_TOMBSTONE isTagEnabled=true flags=0x2
09-07 14:30:04.334   512 13241 I HarmanHal.Routing: hacs alsa node(pcmTunerIn_c) adtm interval_min:29 ms, inverval_max:41 ms, inverval_mean:31 ms!
09-07 14:30:04.334   512 13241 I HarmanHal.Routing:  in printADTM() PcmAlsaWrapper.cpp:876
09-07 14:30:04.335   512 13241 D HarmanHAL: StreamIn::getCapturePositionImpl
09-07 14:30:04.435   512 13241 I chatty  : uid=1041(audioserver) reader identical 3 lines
09-07 14:30:04.464   512 13241 D HarmanHAL: StreamIn::getCapturePositionImpl
09-07 14:30:04.479   538   618 W ipcLib  : ipcLib: in ipc_lib. DV1 read called
09-07 14:30:04.494   512 13241 D HarmanHAL: StreamIn::getCapturePositionImpl
09-07 14:30:04.654   512 13241 I chatty  : uid=1041(audioserver) reader identical 5 lines
09-07 14:30:04.685   512 13241 D HarmanHAL: StreamIn::getCapturePositionImpl
09-07 14:30:04.706   512 13133 I HarmanHal.Routing: hacs alsa node(pcmMicRefIn_c) adtm interval_min:0 ms, inverval_max:11 ms, inverval_mean:8 ms!
09-07 14:30:04.706   512 13133 I HarmanHal.Routing:  in printADTM() PcmAlsaWrapper.cpp:876
09-07 14:30:04.711   512 13159 I HarmanHal.Routing: hacs alsa node(pcmBtHfp_ul_pro_p) adtm interval_min:2 ms, inverval_max:12 ms, inverval_mean:8 ms!
09-07 14:30:04.711   512 13159 I HarmanHal.Routing:  in printADTM() PcmAlsaWrapper.cpp:876
09-07 14:30:04.714   512 13241 D HarmanHAL: StreamIn::getCapturePositionImpl
09-07 14:30:04.755   512 13241 I chatty  : uid=1041(audioserver) reader identical 1 line
09-07 14:30:04.785   512 13241 D HarmanHAL: StreamIn::getCapturePositionImpl
09-07 14:30:04.803   536   612 E pathology: [ProcessCrashHandler:: parseTombstoneFileName]string not found
09-07 14:30:04.803   536   612 I chatty  : uid=0(root) vendor.harman.p identical 4 lines
09-07 14:30:04.803   536   612 E pathology: [ProcessCrashHandler:: parseTombstoneFileName]string not found
09-07 14:30:04.813   512 13169 I HarmanHal.Routing: hacs alsa node(pcmBtHfp_dl_pre_c) adtm interval_min:0 ms, inverval_max:10 ms, inverval_mean:8 ms!
09-07 14:30:04.813   512 13169 I HarmanHal.Routing:  in printADTM() PcmAlsaWrapper.cpp:876
09-07 14:30:04.814   512 13169 I HarmanHal.Routing: hacs alsa node(pcmHfp_dl_p) adtm interval_min:0 ms, inverval_max:12 ms, inverval_mean:8 ms!
09-07 14:30:04.814   512 13169 I HarmanHal.Routing:  in printADTM() PcmAlsaWrapper.cpp:876
09-07 14:30:04.818   512 13241 D HarmanHAL: StreamIn::getCapturePositionImpl
09-07 14:30:05.134   512 13241 I chatty  : uid=1041(audioserver) reader identical 10 lines
09-07 14:30:05.165   512 13241 D HarmanHAL: StreamIn::getCapturePositionImpl
09-07 14:30:05.183 17227 17227 I top     : type=1400 audit(0.0:3346): avc: denied { sys_ptrace } for capability=19 scontext=u:r:pathologyd:s0 tcontext=u:r:pathologyd:s0 tclass=capability permissive=1
09-07 14:30:05.194   512 13241 D HarmanHAL: StreamIn::getCapturePositionImpl
09-07 14:30:05.235   512 13241 D HarmanHAL: StreamIn::getCapturePositionImpl
09-07 14:30:05.247   536   536 I vendor.harman.p: type=1400 audit(0.0:3347): avc: denied { write } for name="2" dev="dm-4" ino=49241 scontext=u:r:pathologyd:s0 tcontext=u:object_r:vendor_data_file:s0 tclass=dir permissive=1
09-07 14:30:05.247   536   536 I vendor.harman.p: type=1400 audit(0.0:3348): avc: denied { add_name } for name="PROCCRASH_PF_1631025004.lz4" scontext=u:r:pathologyd:s0 tcontext=u:object_r:vendor_data_file:s0 tclass=dir permissive=1
09-07 14:30:05.247   536   536 I vendor.harman.p: type=1400 audit(0.0:3349): avc: denied { create } for name="PROCCRASH_PF_1631025004.lz4" scontext=u:r:pathologyd:s0 tcontext=u:object_r:vendor_data_file:s0 tclass=file permissive=1
09-07 14:30:05.247   536   536 I vendor.harman.p: type=1400 audit(0.0:3350): avc: denied { write open } for path="/data/vendor/pathologyArchive/2/PROCCRASH_PF_1631025004.lz4" dev="dm-4" ino=49346 scontext=u:r:pathologyd:s0 tcontext=u:object_r:vendor_data_file:s0 tclass=file permissive=1
09-07 14:30:05.264   512 13241 D HarmanHAL: StreamIn::getCapturePositionImpl
09-07 14:30:05.280   512  3972 I HarmanHal.Routing: hacs alsa node(pcmMedia_p) adtm interval_min:1 ms, inverval_max:10 ms, inverval_mean:8 ms!
09-07 14:30:05.280   512  3972 I HarmanHal.Routing:  in printADTM() PcmAlsaWrapper.cpp:876
09-07 14:30:05.294   512 13241 D HarmanHAL: StreamIn::getCapturePositionImpl
09-07 14:30:05.318   512 13158 D AudioProcessing: sseApply [handle 0xbc80d90][type 512] start..
09-07 14:30:05.318   512 13158 D AudioProcessing: sseProcess ul audioIO content print-1 [256] [2] [4] [1] 
09-07 14:30:05.318   512 13158 D AudioProcessing: sseProcess ul audioIO content print-2 [6] [1] [0x3bcbc5a0] [0x5bc7ede0] 
09-07 14:30:05.318   512 13158 D AudioProcessing: sseProcess ul audioIO content print-3 [0x1bca1320 [0x8bc84110] [0x1bc9f9b0] sse->pMain is [0x2bca4a60] 
09-07 14:30:05.319   512 13158 D AudioProcessing: sseProcess ul [handle 0xbc80d90]  ret[0]
09-07 14:30:05.319   512 13158 D AudioProcessing: sseProcess ul AudioBufferSampleCnt[256] type[512] finish..
09-07 14:30:05.324   512 13241 I HarmanHal.Routing: hacs alsa node(pcmTunerIn_c) adtm interval_min:29 ms, inverval_max:40 ms, inverval_mean:31 ms!
09-07 14:30:05.324   512 13241 I HarmanHal.Routing:  in printADTM() PcmAlsaWrapper.cpp:876
09-07 14:30:05.325   512 13241 D HarmanHAL: StreamIn::getCapturePositionImpl
09-07 14:30:05.355   512 13241 I chatty  : uid=1041(audioserver) reader identical 1 line
09-07 14:30:05.395   512 13241 D HarmanHAL: StreamIn::getCapturePositionImpl
09-07 14:30:05.423   512 13169 D AudioProcessing: sseApply [handle 0xbc83090][type 768] start..
09-07 14:30:05.423   512 13169 D AudioProcessing: sseProcess dl audioIO content print-1 [256] [2] [1] [1] 
09-07 14:30:05.423   512 13169 D AudioProcessing: sseProcess dl audioIO content print-2 [1] [1] [0x0xb40000763bcc28d0] [0x0xb40000761bca6b00] 
09-07 14:30:05.423   512 13169 D AudioProcessing: sseProcess dl audioIO content print-3 [0x0xb40000761bca7fd0] [0x0xb40000761bcabe40] [0x0xb40000761bca5880] sse->pMain is [0x0xb40000772bcb4e80] 
09-07 14:30:05.424   512 13169 D AudioProcessing: sseProcess dl [handle 0xbc83090] ret[0]
09-07 14:30:05.424   512 13169 D AudioProcessing: sseProcess dl AudioBufferSampleCnt[256] type[768] finish..
09-07 14:30:05.426   512 13241 D HarmanHAL: StreamIn::getCapturePositionImpl
09-07 14:30:05.454   512 13241 D HarmanHAL: StreamIn::getCapturePositionImpl
09-07 14:30:05.479   538   618 W ipcLib  : ipcLib: in ipc_lib. DV1 read called
09-07 14:30:05.484   512 13241 D HarmanHAL: StreamIn::getCapturePositionImpl
09-07 14:30:05.645   512 13241 I chatty  : uid=1041(audioserver) reader identical 5 lines
09-07 14:30:05.675   512 13241 D HarmanHAL: StreamIn::getCapturePositionImpl
09-07 14:30:05.706   512 13133 I HarmanHal.Routing: hacs alsa node(pcmMicRefIn_c) adtm interval_min:0 ms, inverval_max:11 ms, inverval_mean:8 ms!
09-07 14:30:05.706   512 13133 I HarmanHal.Routing:  in printADTM() PcmAlsaWrapper.cpp:876
09-07 14:30:05.711   512 13159 I HarmanHal.Routing: hacs alsa node(pcmBtHfp_ul_pro_p) adtm interval_min:2 ms, inverval_max:12 ms, inverval_mean:8 ms!
09-07 14:30:05.711   512 13159 I HarmanHal.Routing:  in printADTM() PcmAlsaWrapper.cpp:876
09-07 14:30:05.715   512 13241 D HarmanHAL: StreamIn::getCapturePositionImpl
09-07 14:30:05.774   512 13241 I chatty  : uid=1041(audioserver) reader identical 2 lines
09-07 14:30:05.804   512 13241 D HarmanHAL: StreamIn::getCapturePositionImpl
09-07 14:30:05.814   512 13169 I HarmanHal.Routing: hacs alsa node(pcmBtHfp_dl_pre_c) adtm interval_min:0 ms, inverval_max:11 ms, inverval_mean:8 ms!
09-07 14:30:05.814   512 13169 I HarmanHal.Routing:  in printADTM() PcmAlsaWrapper.cpp:876
09-07 14:30:05.814   512 13169 I HarmanHal.Routing: hacs alsa node(pcmHfp_dl_p) adtm interval_min:0 ms, inverval_max:12 ms, inverval_mean:8 ms!
09-07 14:30:05.814   512 13169 I HarmanHal.Routing:  in printADTM() PcmAlsaWrapper.cpp:876
09-07 14:30:05.835   512 13241 D HarmanHAL: StreamIn::getCapturePositionImpl
01-01 00:05:08.854     0     0 W audit   : audit_lost=1627 audit_rate_limit=5 audit_backlog_limit=64
01-01 00:05:08.854     0     0 E audit   : rate limit exceeded
09-07 14:30:06.125   512 13241 I chatty  : uid=1041(audioserver) reader identical 9 lines
09-07 14:30:06.155   512 13241 D HarmanHAL: StreamIn::getCapturePositionImpl
09-07 14:30:06.171   532   569 W ipcLib  : ipcLib: in ipc_lib. DV1 read called
09-07 14:30:06.172   532   568 I VPS     : VPS:IOCStatusInfo.VoltageStatus->0 
09-07 14:30:06.172   532   568 I VPS     : VPS:IOCStatusInfo.IOCStatusCmd->a6 
09-07 14:30:06.172   532   568 I VPS     : VPS:IOCStatusInfo.WakeUpReason->0 
09-07 14:30:06.172   532   568 I VPS     : VPS:IOCStatusInfo.DerivedIgnitionStatus->0 
09-07 14:30:06.172   532   568 I VPS     : VPS:IOCStatusInfo.PowerModeState->4 
09-07 14:30:06.172   532   568 I VPS     : VPS:IOCStatusInfo.SOCShutdownRequest->0 
09-07 14:30:06.172   532   568 I VPS     : VPS:IOCStatusInfo.AntiTheftState->0 
09-07 14:30:06.172   532   568 I VPS     : VPS:IOCStatusInfo.BatteryConnect->0 
09-07 14:30:06.194   512 13241 D HarmanHAL: StreamIn::getCapturePositionImpl
09-07 14:30:06.225   512 13241 I chatty  : uid=1041(audioserver) reader identical 1 line
09-07 14:30:06.254   512 13241 D HarmanHAL: StreamIn::getCapturePositionImpl
09-07 14:30:06.280   512  3972 I HarmanHal.Routing: hacs alsa node(pcmMedia_p) adtm interval_min:0 ms, inverval_max:10 ms, inverval_mean:8 ms!
09-07 14:30:06.280   512  3972 I HarmanHal.Routing:  in printADTM() PcmAlsaWrapper.cpp:876
09-07 14:30:06.284   512 13241 D HarmanHAL: StreamIn::getCapturePositionImpl
09-07 14:30:06.314   512 13241 I HarmanHal.Routing: hacs alsa node(pcmTunerIn_c) adtm interval_min:28 ms, inverval_max:40 ms, inverval_mean:31 ms!
09-07 14:30:06.314   512 13241 I HarmanHal.Routing:  in printADTM() PcmAlsaWrapper.cpp:876
09-07 14:30:06.315   512 13241 D HarmanHAL: StreamIn::getCapturePositionImpl
09-07 14:30:06.445   512 13241 I chatty  : uid=1041(audioserver) reader identical 4 lines
09-07 14:30:06.474   512 13241 D HarmanHAL: StreamIn::getCapturePositionImpl
09-07 14:30:06.480   538   618 W ipcLib  : ipcLib: in ipc_lib. DV1 read called
09-07 14:30:06.515   512 13241 D HarmanHAL: StreamIn::getCapturePositionImpl
09-07 14:30:06.674   512 13241 I chatty  : uid=1041(audioserver) reader identical 5 lines
09-07 14:30:06.704   512 13241 D HarmanHAL: StreamIn::getCapturePositionImpl
09-07 14:30:06.706   512 13133 I HarmanHal.Routing: hacs alsa node(pcmMicRefIn_c) adtm interval_min:0 ms, inverval_max:13 ms, inverval_mean:8 ms!
09-07 14:30:06.706   512 13133 I HarmanHal.Routing:  in printADTM() PcmAlsaWrapper.cpp:876
09-07 14:30:06.711   512 13159 I HarmanHal.Routing: hacs alsa node(pcmBtHfp_ul_pro_p) adtm interval_min:2 ms, inverval_max:14 ms, inverval_mean:8 ms!
09-07 14:30:06.711   512 13159 I HarmanHal.Routing:  in printADTM() PcmAlsaWrapper.cpp:876
09-07 14:30:06.734   512 13241 D HarmanHAL: StreamIn::getCapturePositionImpl
09-07 14:30:06.764   512 13241 I chatty  : uid=1041(audioserver) reader identical 1 line
09-07 14:30:06.794   512 13241 D HarmanHAL: StreamIn::getCapturePositionImpl
09-07 14:30:06.813   512 13169 I HarmanHal.Routing: hacs alsa node(pcmBtHfp_dl_pre_c) adtm interval_min:0 ms, inverval_max:11 ms, inverval_mean:7 ms!
09-07 14:30:06.813   512 13169 I HarmanHal.Routing:  in printADTM() PcmAlsaWrapper.cpp:876
09-07 14:30:06.814   512 13169 I HarmanHal.Routing: hacs alsa node(pcmHfp_dl_p) adtm interval_min:0 ms, inverval_max:11 ms, inverval_mean:8 ms!
09-07 14:30:06.814   512 13169 I HarmanHal.Routing:  in printADTM() PcmAlsaWrapper.cpp:876
09-07 14:30:06.834   512 13241 D HarmanHAL: StreamIn::getCapturePositionImpl
09-07 14:30:06.865   512 13241 I chatty  : uid=1041(audioserver) reader identical 1 line
09-07 14:30:06.894   512 13241 D HarmanHAL: StreamIn::getCapturePositionImpl
09-07 14:30:06.917   512 13158 D AudioProcessing: sseApply [handle 0xbc80d90][type 512] start..
09-07 14:30:06.917   512 13158 D AudioProcessing: sseProcess ul audioIO content print-1 [256] [2] [4] [1] 
09-07 14:30:06.917   512 13158 D AudioProcessing: sseProcess ul audioIO content print-2 [6] [1] [0x3bcbc5a0] [0x5bc7ede0] 
09-07 14:30:06.917   512 13158 D AudioProcessing: sseProcess ul audioIO content print-3 [0x1bca1320 [0x8bc84110] [0x1bc9f9b0] sse->pMain is [0x2bca4a60] 
09-07 14:30:06.917   512 13158 D AudioProcessing: sseProcess ul [handle 0xbc80d90]  ret[0]
09-07 14:30:06.917   512 13158 D AudioProcessing: sseProcess ul AudioBufferSampleCnt[256] type[512] finish..
09-07 14:30:06.924   512 13241 D HarmanHAL: StreamIn::getCapturePositionImpl
09-07 14:30:06.955   512 13241 I chatty  : uid=1041(audioserver) reader identical 1 line
09-07 14:30:06.995   512 13241 D HarmanHAL: StreamIn::getCapturePositionImpl
09-07 14:30:07.023   512 13169 D AudioProcessing: sseApply [handle 0xbc83090][type 768] start..
09-07 14:30:07.023   512 13169 D AudioProcessing: sseProcess dl audioIO content print-1 [256] [2] [1] [1] 
09-07 14:30:07.023   512 13169 D AudioProcessing: sseProcess dl audioIO content print-2 [1] [1] [0x0xb40000763bcc28d0] [0x0xb40000761bca6b00] 
09-07 14:30:07.023   512 13169 D AudioProcessing: sseProcess dl audioIO content print-3 [0x0xb40000761bca7fd0] [0x0xb40000761bcabe40] [0x0xb40000761bca5880] sse->pMain is [0x0xb40000772bcb4e80] 
09-07 14:30:07.024   512 13169 D AudioProcessing: sseProcess dl [handle 0xbc83090] ret[0]
09-07 14:30:07.024   512 13169 D AudioProcessing: sseProcess dl AudioBufferSampleCnt[256] type[768] finish..
09-07 14:30:07.024   512 13241 D HarmanHAL: StreamIn::getCapturePositionImpl
09-07 14:30:07.245   512 13241 I chatty  : uid=1041(audioserver) reader identical 7 lines
09-07 14:30:07.275   512 13241 D HarmanHAL: StreamIn::getCapturePositionImpl
09-07 14:30:07.280   512  3972 I HarmanHal.Routing: hacs alsa node(pcmMedia_p) adtm interval_min:1 ms, inverval_max:10 ms, inverval_mean:8 ms!
09-07 14:30:07.280   512  3972 I HarmanHal.Routing:  in printADTM() PcmAlsaWrapper.cpp:876
09-07 14:30:07.314   512 13241 I HarmanHal.Routing: hacs alsa node(pcmTunerIn_c) adtm interval_min:29 ms, inverval_max:41 ms, inverval_mean:32 ms!
09-07 14:30:07.314   512 13241 I HarmanHal.Routing:  in printADTM() PcmAlsaWrapper.cpp:876
09-07 14:30:07.315   512 13241 D HarmanHAL: StreamIn::getCapturePositionImpl
09-07 14:30:07.434   512 13241 I chatty  : uid=1041(audioserver) reader identical 4 lines
09-07 14:30:07.475   512 13241 D HarmanHAL: StreamIn::getCapturePositionImpl
09-07 14:30:07.480   538   618 W ipcLib  : ipcLib: in ipc_lib. DV1 read called
09-07 14:30:07.504   512 13241 D HarmanHAL: StreamIn::getCapturePositionImpl
09-07 14:30:07.664   512 13241 I chatty  : uid=1041(audioserver) reader identical 5 lines
09-07 14:30:07.694   512 13241 D HarmanHAL: StreamIn::getCapturePositionImpl
09-07 14:30:07.705   512 13133 I HarmanHal.Routing: hacs alsa node(pcmMicRefIn_c) adtm interval_min:0 ms, inverval_max:11 ms, inverval_mean:7 ms!
09-07 14:30:07.705   512 13133 I HarmanHal.Routing:  in printADTM() PcmAlsaWrapper.cpp:876
09-07 14:30:07.711   512 13159 I HarmanHal.Routing: hacs alsa node(pcmBtHfp_ul_pro_p) adtm interval_min:2 ms, inverval_max:12 ms, inverval_mean:8 ms!
09-07 14:30:07.711   512 13159 I HarmanHal.Routing:  in printADTM() PcmAlsaWrapper.cpp:876
09-07 14:30:07.724   512 13241 D HarmanHAL: StreamIn::getCapturePositionImpl
09-07 14:30:07.754   512 13241 I chatty  : uid=1041(audioserver) reader identical 1 line
09-07 14:30:07.795   512 13241 D HarmanHAL: StreamIn::getCapturePositionImpl
09-07 14:30:07.814   512 13169 I HarmanHal.Routing: hacs alsa node(pcmBtHfp_dl_pre_c) adtm interval_min:0 ms, inverval_max:11 ms, inverval_mean:8 ms!
09-07 14:30:07.814   512 13169 I HarmanHal.Routing:  in printADTM() PcmAlsaWrapper.cpp:876
09-07 14:30:07.815   512 13169 I HarmanHal.Routing: hacs alsa node(pcmHfp_dl_p) adtm interval_min:0 ms, inverval_max:11 ms, inverval_mean:8 ms!
09-07 14:30:07.815   512 13169 I HarmanHal.Routing:  in printADTM() PcmAlsaWrapper.cpp:876
09-07 14:30:07.825   512 13241 D HarmanHAL: StreamIn::getCapturePositionImpl
09-07 14:30:08.044   512 13241 I chatty  : uid=1041(audioserver) reader identical 7 lines
09-07 14:30:08.074   512 13241 D HarmanHAL: StreamIn::getCapturePositionImpl
09-07 14:30:08.113   911  4981 D BufferPoolAccessor2.0: bufferpool2 0xb400007205c6d498 : 2(1048576 size) total buffers - 1(524288 size) used buffers - 3542/3552 (recycle/alloc) - 25/3551 (fetch/transfer)
09-07 14:30:08.115   512 13241 D HarmanHAL: StreamIn::getCapturePositionImpl
09-07 14:30:08.205   512 13241 I chatty  : uid=1041(audioserver) reader identical 3 lines
09-07 14:30:08.234   512 13241 D HarmanHAL: StreamIn::getCapturePositionImpl
09-07 14:30:08.272   532   569 W ipcLib  : ipcLib: in ipc_lib. DV1 read called
09-07 14:30:08.273   532   568 I VPS     : VPS:IOCStatusInfo.VoltageStatus->0 
09-07 14:30:08.273   532   568 I VPS     : VPS:IOCStatusInfo.IOCStatusCmd->a6 
09-07 14:30:08.273   532   568 I VPS     : VPS:IOCStatusInfo.WakeUpReason->0 
09-07 14:30:08.273   532   568 I VPS     : VPS:IOCStatusInfo.DerivedIgnitionStatus->0 
09-07 14:30:08.273   532   568 I VPS     : VPS:IOCStatusInfo.PowerModeState->4 
09-07 14:30:08.273   532   568 I VPS     : VPS:IOCStatusInfo.SOCShutdownRequest->0 
09-07 14:30:08.273   532   568 I VPS     : VPS:IOCStatusInfo.AntiTheftState->0 
09-07 14:30:08.273   532   568 I VPS     : VPS:IOCStatusInfo.BatteryConnect->0 
09-07 14:30:08.274   512 13241 D HarmanHAL: StreamIn::getCapturePositionImpl
09-07 14:30:08.280   512  3972 I HarmanHal.Routing: hacs alsa node(pcmMedia_p) adtm interval_min:0 ms, inverval_max:11 ms, inverval_mean:8 ms!
09-07 14:30:08.280   512  3972 I HarmanHal.Routing:  in printADTM() PcmAlsaWrapper.cpp:876
09-07 14:30:08.304   512 13241 I HarmanHal.Routing: hacs alsa node(pcmTunerIn_c) adtm interval_min:29 ms, inverval_max:40 ms, inverval_mean:31 ms!
09-07 14:30:08.304   512 13241 I HarmanHal.Routing:  in printADTM() PcmAlsaWrapper.cpp:876
09-07 14:30:08.305   512 13241 D HarmanHAL: StreamIn::getCapturePositionImpl
09-07 14:30:08.434   512 13241 I chatty  : uid=1041(audioserver) reader identical 4 lines
09-07 14:30:08.465   512 13241 D HarmanHAL: StreamIn::getCapturePositionImpl
09-07 14:30:08.480   538   618 W ipcLib  : ipcLib: in ipc_lib. DV1 read called
09-07 14:30:08.494   512 13241 D HarmanHAL: StreamIn::getCapturePositionImpl
09-07 14:30:08.518   512 13158 D AudioProcessing: sseApply [handle 0xbc80d90][type 512] start..
09-07 14:30:08.518   512 13158 D AudioProcessing: sseProcess ul audioIO content print-1 [256] [2] [4] [1] 
09-07 14:30:08.518   512 13158 D AudioProcessing: sseProcess ul audioIO content print-2 [6] [1] [0x3bcbc5a0] [0x5bc7ede0] 
09-07 14:30:08.518   512 13158 D AudioProcessing: sseProcess ul audioIO content print-3 [0x1bca1320 [0x8bc84110] [0x1bc9f9b0] sse->pMain is [0x2bca4a60] 
09-07 14:30:08.519   512 13158 D AudioProcessing: sseProcess ul [handle 0xbc80d90]  ret[0]
09-07 14:30:08.519   512 13158 D AudioProcessing: sseProcess ul AudioBufferSampleCnt[256] type[512] finish..
09-07 14:30:08.524   512 13241 D HarmanHAL: StreamIn::getCapturePositionImpl
09-07 14:30:08.555   512 13241 I chatty  : uid=1041(audioserver) reader identical 1 line
09-07 14:30:08.595   512 13241 D HarmanHAL: StreamIn::getCapturePositionImpl
09-07 14:30:08.623   512 13169 D AudioProcessing: sseApply [handle 0xbc83090][type 768] start..
09-07 14:30:08.623   512 13169 D AudioProcessing: sseProcess dl audioIO content print-1 [256] [2] [1] [1] 
09-07 14:30:08.623   512 13169 D AudioProcessing: sseProcess dl audioIO content print-2 [1] [1] [0x0xb40000763bcc28d0] [0x0xb40000761bca6b00] 
09-07 14:30:08.623   512 13169 D AudioProcessing: sseProcess dl audioIO content print-3 [0x0xb40000761bca7fd0] [0x0xb40000761bcabe40] [0x0xb40000761bca5880] sse->pMain is [0x0xb40000772bcb4e80] 
09-07 14:30:08.624   512 13169 D AudioProcessing: sseProcess dl [handle 0xbc83090] ret[0]
09-07 14:30:08.624   512 13169 D AudioProcessing: sseProcess dl AudioBufferSampleCnt[256] type[768] finish..
09-07 14:30:08.626   512 13241 D HarmanHAL: StreamIn::getCapturePositionImpl
09-07 14:30:08.655   512 13241 I chatty  : uid=1041(audioserver) reader identical 1 line
09-07 14:30:08.685   512 13241 D HarmanHAL: StreamIn::getCapturePositionImpl
09-07 14:30:08.706   512 13133 I HarmanHal.Routing: hacs alsa node(pcmMicRefIn_c) adtm interval_min:0 ms, inverval_max:11 ms, inverval_mean:8 ms!
09-07 14:30:08.706   512 13133 I HarmanHal.Routing:  in printADTM() PcmAlsaWrapper.cpp:876
09-07 14:30:08.711   512 13159 I HarmanHal.Routing: hacs alsa node(pcmBtHfp_ul_pro_p) adtm interval_min:2 ms, inverval_max:12 ms, inverval_mean:8 ms!
09-07 14:30:08.711   512 13159 I HarmanHal.Routing:  in printADTM() PcmAlsaWrapper.cpp:876
09-07 14:30:08.714   512 13241 D HarmanHAL: StreamIn::getCapturePositionImpl
09-07 14:30:08.754   512 13241 I chatty  : uid=1041(audioserver) reader identical 1 line
09-07 14:30:08.785   512 13241 D HarmanHAL: StreamIn::getCapturePositionImpl
09-07 14:30:08.813   512 13169 I HarmanHal.Routing: hacs alsa node(pcmBtHfp_dl_pre_c) adtm interval_min:0 ms, inverval_max:10 ms, inverval_mean:7 ms!
09-07 14:30:08.813   512 13169 I HarmanHal.Routing:  in printADTM() PcmAlsaWrapper.cpp:876
09-07 14:30:08.814   512 13241 D HarmanHAL: StreamIn::getCapturePositionImpl
09-07 14:30:08.814   512 13169 I HarmanHal.Routing: hacs alsa node(pcmHfp_dl_p) adtm interval_min:0 ms, inverval_max:11 ms, inverval_mean:7 ms!
09-07 14:30:08.814   512 13169 I HarmanHal.Routing:  in printADTM() PcmAlsaWrapper.cpp:876
09-07 14:30:08.845   512 13241 D HarmanHAL: StreamIn::getCapturePositionImpl
09-07 14:30:08.945   512 13241 I chatty  : uid=1041(audioserver) reader identical 3 lines
09-07 14:30:08.975   512 13241 D HarmanHAL: StreamIn::getCapturePositionImpl
09-07 14:30:09.000   532   569 I VPS     : VPS:VehiclePlatformSOCHeartBeatHandler IVI HeartBeat sent successfully SOCHeartBeatInfo.SOCStatus->2
09-07 14:30:09.000   532   569 W ipcLib  : ipcLib: in ipc_lib. DV1 write called
09-07 14:30:09.001   532   569 W ipcLib  : ipcLib: in ipc_lib. DV1 read called
09-07 14:30:09.004   512 13241 D HarmanHAL: StreamIn::getCapturePositionImpl
01-01 00:05:12.117     0     0 I init    : starting service 'qccsyshalservice'...
01-01 00:05:12.125     0     0 I init    : starting service 'vendor.sensors-hal-1-0'...
09-07 14:30:09.105   512 13241 I chatty  : uid=1041(audioserver) reader identical 3 lines
09-07 14:30:09.134   512 13241 D HarmanHAL: StreamIn::getCapturePositionImpl
09-07 14:30:09.143 17368 17368 I qccsyshalservice: Start with system binder
09-07 14:30:09.144 17368 17368 I qccsyshalservice: Registering qccsyshal service...
01-01 00:05:12.132     0     0 I init    : starting service 'LogManager'...
09-07 14:30:09.145   376   376 I hwservicemanager: getTransport: Cannot find entry vendor.qti.hardware.qccsyshal@1.0::IQccsyshal/qccsyshal in either framework or device manifest.
09-07 14:30:09.152 17368 17368 E HidlServiceManagement: Service vendor.qti.hardware.qccsyshal@1.0::IQccsyshal/qccsyshal must be in VINTF manifest in order to register/get.
09-07 14:30:09.152 17368 17368 E qccsyshalservice: [ERROR] registerAsService() failed with status: -2147483648
01-01 00:05:12.144     0     0 I init    : Service 'qccsyshalservice' (pid 17368) exited with status 1
01-01 00:05:12.144     0     0 I init    : Sending signal 9 to service 'qccsyshalservice' (pid 17368) process group...
01-01 00:05:12.145     0     0 I libprocessgroup: Successfully killed process cgroup uid 1000 pid 17368 in 0ms
09-07 14:30:09.161 17370 17370 D LOGMANAGER: LOGMANAGER HAL service init() start
09-07 14:30:09.159 17370 17370 I vendor.harman.L: type=1400 audit(0.0:3353): avc: denied { read } for name="u:object_r:hwservicemanager_prop:s0" dev="tmpfs" ino=24519 scontext=u:r:logmanagerd:s0 tcontext=u:object_r:hwservicemanager_prop:s0 tclass=file permissive=1
09-07 14:30:09.162 17370 17370 D LOGMANAGER: Logmanager configured rpcthreadpool
09-07 14:30:09.163   376   376 I hwservicemanager: getTransport: Cannot find entry android.hardware.sensors@1.0::ISensors/default in either framework or device manifest.
09-07 14:30:09.164 17370 17370 I HidlServiceManagement: Registered vendor.harman.hardware.LogManager@1.0::ILogManager/default
09-07 14:30:09.164 17370 17370 D LOGMANAGER: Logmanager HAL Service is registered and ready
09-07 14:30:09.164 17370 17370 I LOGMANAGER: ThreadPoolWrapper::initThreadPool
09-07 14:30:09.164 17370 17370 I LOGMANAGER: ThreadPoolWrapper : exit
09-07 14:30:09.164 17370 17370 D LOGMANAGER: Logmanager threadpoolwrapper created
09-07 14:30:09.164 17370 17370 D LOGMANAGER: User argument is -c
09-07 14:30:09.159 17370 17370 I vendor.harman.L: type=1400 audit(0.0:3354): avc: denied { open } for path="/dev/__properties__/u:object_r:hwservicemanager_prop:s0" dev="tmpfs" ino=24519 scontext=u:r:logmanagerd:s0 tcontext=u:object_r:hwservicemanager_prop:s0 tclass=file permissive=1
09-07 14:30:09.165   512 13241 D HarmanHAL: StreamIn::getCapturePositionImpl
09-07 14:30:09.165 17370 17370 I LOGMANAGER: LogmanagerConfig is configured under config file
09-07 14:30:09.165 17370 17370 I LOGMANAGER: LoggingLevel is : 4
09-07 14:30:09.165 17370 17370 I LOGMANAGER: LogEnableState is : 0
09-07 14:30:09.165 17370 17370 I LOGMANAGER: OutputPluginConfiguration PluginType : LOGWRITTER
09-07 14:30:09.165 17370 17370 I LOGMANAGER: LM_OutputConfiguration : 1
09-07 14:30:09.165 17370 17370 I LOGMANAGER: LM_OfflineTraceDirectory : /data/cache
09-07 14:30:09.165 17370 17370 I LOGMANAGER: LM_OfflineTraceFILESize : 1000000
09-07 14:30:09.165 17370 17370 I LOGMANAGER: LM_OfflineTotalFILESSize : 20000000
09-07 14:30:09.165 17370 17370 I LOGMANAGER: LM_FileNameTimeStampBased : 0
09-07 14:30:09.165 17370 17370 I LOGMANAGER: Got IOC plugin
09-07 14:30:09.165 17370 17370 I LOGMANAGER: IOCIPCChannelNumber :6
09-07 14:30:09.159 17370 17370 I vendor.harman.L: type=1400 audit(0.0:3355): avc: denied { getattr } for path="/dev/__properties__/u:object_r:hwservicemanager_prop:s0" dev="tmpfs" ino=24519 scontext=u:r:logmanagerd:s0 tcontext=u:object_r:hwservicemanager_prop:s0 tclass=file permissive=1
09-07 14:30:09.165 17370 17370 I LOGMANAGER: keyseq: HOME + VOLUMEDOWN  for domain is AudioDump
09-07 14:30:09.165 17370 17370 I LOGMANAGER: keyseq: HOME + VOLUMEUP  for domain is HCIDump
09-07 14:30:09.165 17370 17370 I LOGMANAGER: Domains parsing is done
09-07 14:30:09.165 17369 17369 E android.hardware.sensors@1.0-service: Couldn't load sensors module (Unknown error -2147483648)
09-07 14:30:09.166 17369 17369 D RefBase : RefBase: Explicit destruction, weak count = 0 (in 0xb40000770eefb0f8)
09-07 14:30:09.166 17369 17369 W RefBase : CallStack::getCurrentInternal not linked, returning null
09-07 14:30:09.166 17369 17369 W RefBase : CallStack::logStackInternal not linked
09-07 14:30:09.166 17369 17369 E LegacySupport: Could not get passthrough implementation for android.hardware.sensors@1.0::ISensors/default.
09-07 14:30:09.159 17370 17370 I vendor.harman.L: type=1400 audit(0.0:3356): avc: denied { map } for path="/dev/__properties__/u:object_r:hwservicemanager_prop:s0" dev="tmpfs" ino=24519 scontext=u:r:logmanagerd:s0 tcontext=u:object_r:hwservicemanager_prop:s0 tclass=file permissive=1
01-01 00:05:12.155     0     0 W audit   : audit_lost=1629 audit_rate_limit=5 audit_backlog_limit=64
01-01 00:05:12.155     0     0 E audit   : rate limit exceeded
01-01 00:05:12.158     0     0 I init    : Service 'vendor.sensors-hal-1-0' (pid 17369) exited with status 1
01-01 00:05:12.159     0     0 I init    : Sending signal 9 to service 'vendor.sensors-hal-1-0' (pid 17369) process group...
01-01 00:05:12.159     0     0 I libprocessgroup: Successfully killed process cgroup uid 1000 pid 17369 in 0ms
09-07 14:30:09.170 17370 17370 E LOGMANAGER: Failed to load plugin /vendor/lib64/libIOCDLogReader.so with error code dlopen failed: library "/vendor/lib64/libIOCDLogReader.so" not found 
09-07 14:30:09.171 17370 17370 F libc    : Fatal signal 11 (SIGSEGV), code 1 (SEGV_MAPERR), fault addr 0x0 in tid 17370 (vendor.harman.L), pid 17370 (vendor.harman.L)
09-07 14:30:09.159 17370 17370 I vendor.harman.L: type=1400 audit(0.0:3357): avc: denied { dac_read_search } for capability=2 scontext=u:r:logmanagerd:s0 tcontext=u:r:logmanagerd:s0 tclass=capability permissive=1
09-07 14:30:09.171 17370 17371 I LOGMANAGER: ThreadPoolWrapper:  enter the joinRpcThreadpool()
09-07 14:30:09.194   512 13241 D HarmanHAL: StreamIn::getCapturePositionImpl
09-07 14:30:09.198 17374 17374 I crash_dump64: obtaining output fd from tombstoned, type: kDebuggerdTombstone
09-07 14:30:09.199   463   463 I tombstoned: received crash request for pid 17370
09-07 14:30:09.200 17374 17374 I crash_dump64: performing dump of process 17370 (target tid = 17370)
09-07 14:30:09.203 17374 17374 F DEBUG   : *** *** *** *** *** *** *** *** *** *** *** *** *** *** *** ***
09-07 14:30:09.203 17374 17374 F DEBUG   : Build fingerprint: 'qti/titan_tml_b2/titan_tml_b2:11/RQ3A.210605.005/eng.ksong.20210907.134230:userdebug/test-keys'
09-07 14:30:09.204 17374 17374 F DEBUG   : Revision: '0'
09-07 14:30:09.204 17374 17374 F DEBUG   : ABI: 'arm64'
09-07 14:30:09.205 17374 17374 F DEBUG   : Timestamp: 2021-09-07 14:30:09+0000
09-07 14:30:09.205 17374 17374 F DEBUG   : pid: 17370, tid: 17370, name: vendor.harman.L  >>> /vendor/bin/hw/vendor.harman.LogManager@1.0-service <<<
09-07 14:30:09.205 17374 17374 F DEBUG   : uid: 0
09-07 14:30:09.205 17374 17374 F DEBUG   : signal 11 (SIGSEGV), code 1 (SEGV_MAPERR), fault addr 0x0
09-07 14:30:09.205 17374 17374 F DEBUG   : Cause: null pointer dereference
09-07 14:30:09.206 17374 17374 F DEBUG   :     x0  0000000000000000  x1  0000000000000000  x2  0000000000080001  x3  0000000000000000
09-07 14:30:09.206 17374 17374 F DEBUG   :     x4  0000000000000000  x5  0000000000000090  x6  fefefefefefefeff  x7  7f7f7f7f7f7f7f7f
09-07 14:30:09.206 17374 17374 F DEBUG   :     x8  0101010101010101  x9  3411fc8b7f45bbd2  x10 0000007fffd1c748  x11 fffffffffffffffd
09-07 14:30:09.206 17374 17374 F DEBUG   :     x12 0000007fffd1c8d0  x13 000000000000008e  x14 000a0379902a5000  x15 0000000034155555
09-07 14:30:09.206 17374 17374 F DEBUG   :     x16 0000005b1f39d7e0  x17 000000792ca9fb30  x18 000000792df0e000  x19 0000000000000000
09-07 14:30:09.206 17374 17374 F DEBUG   :     x20 000000792c7bac50  x21 0000007fffd1cfe9  x22 b40000782c5f2278  x23 0000007fffd1d008
09-07 14:30:09.206 17374 17374 F DEBUG   :     x24 0000000000000000  x25 000000792d264000  x26 0000007fffd1cfe9  x27 0000007fffd1cfb9
09-07 14:30:09.207 17374 17374 F DEBUG   :     x28 0000000000000000  x29 0000007fffd1cef0
09-07 14:30:09.207 17374 17374 F DEBUG   :     lr  0000005b1f394048  sp  0000007fffd1cef0  pc  000000792ca9fb40  pst 0000000080000000
09-07 14:30:09.211 17374 17374 F DEBUG   : backtrace:
09-07 14:30:09.212 17374 17374 F DEBUG   :       #00 pc 000000000004ab40  /apex/com.android.runtime/lib64/bionic/libc.so (strlen_default+16) (BuildId: 2b7c6e33413ac7278a15dfc3ea383089)
09-07 14:30:09.212 17374 17374 F DEBUG   :       #01 pc 0000000000009044  /vendor/bin/hw/vendor.harman.LogManager@1.0-service (BuildId: 3e966ab64050b441b920ba0e8960d123)
09-07 14:30:09.212 17374 17374 F DEBUG   :       #02 pc 0000000000008df0  /vendor/bin/hw/vendor.harman.LogManager@1.0-service (LM::LogManagerImpl::load_plugin_conf(void*, std::__1::basic_string<char, std::__1::char_traits<char>, std::__1::allocator<char> >, std::__1::multimap<std::__1::basic_string<char, std::__1::char_traits<char>, std::__1::allocator<char> >, int, std::__1::less<std::__1::basic_string<char, std::__1::char_traits<char>, std::__1::allocator<char> > >, std::__1::allocator<std::__1::pair<std::__1::basic_string<char, std::__1::char_traits<char>, std::__1::allocator<char> > const, int> > >&)+752) (BuildId: 3e966ab64050b441b920ba0e8960d123)
09-07 14:30:09.213 17374 17374 F DEBUG   :       #03 pc 00000000000088c0  /vendor/bin/hw/vendor.harman.LogManager@1.0-service (LM::LogManagerImpl::loadplugins()+436) (BuildId: 3e966ab64050b441b920ba0e8960d123)
09-07 14:30:09.213 17374 17374 F DEBUG   :       #04 pc 0000000000007af8  /vendor/bin/hw/vendor.harman.LogManager@1.0-service (main+1112) (BuildId: 3e966ab64050b441b920ba0e8960d123)
09-07 14:30:09.213 17374 17374 F DEBUG   :       #05 pc 000000000004988c  /apex/com.android.runtime/lib64/bionic/libc.so (__libc_init+108) (BuildId: 2b7c6e33413ac7278a15dfc3ea383089)
09-07 14:30:09.235   512 13241 D HarmanHAL: StreamIn::getCapturePositionImpl
01-01 00:05:12.229     0     0 D logd    : logdr: UID=0 GID=1000 PID=17374 n tail=50 logMask=8 pid=17370 start=0ns timeout=0ns
01-01 00:05:12.238     0     0 D logd    : logdr: UID=0 GID=1000 PID=17374 n tail=50 logMask=1 pid=17370 start=0ns timeout=0ns
01-01 00:05:12.262     0     0 D logd    : logdr: UID=0 GID=1000 PID=17374 n tail=0 logMask=8 pid=17370 start=0ns timeout=0ns
09-07 14:30:09.264   512 13241 D HarmanHAL: StreamIn::getCapturePositionImpl
09-07 14:30:09.280   512  3972 I HarmanHal.Routing: hacs alsa node(pcmMedia_p) adtm interval_min:0 ms, inverval_max:11 ms, inverval_mean:8 ms!
09-07 14:30:09.280   512  3972 I HarmanHal.Routing:  in printADTM() PcmAlsaWrapper.cpp:876
01-01 00:05:12.272     0     0 D logd    : logdr: UID=0 GID=1000 PID=17374 n tail=0 logMask=1 pid=17370 start=0ns timeout=0ns
09-07 14:30:09.292  1033  1270 W NativeCrashListener: Couldn't find ProcessRecord for pid 17370
09-07 14:30:09.292 17374 17374 E crash_dump64: AM data write failed: Broken pipe
09-07 14:30:09.294   512 13241 I HarmanHal.Routing: hacs alsa node(pcmTunerIn_c) adtm interval_min:29 ms, inverval_max:40 ms, inverval_mean:31 ms!
09-07 14:30:09.294   512 13241 I HarmanHal.Routing:  in printADTM() PcmAlsaWrapper.cpp:876
09-07 14:30:09.295   512 13241 D HarmanHAL: StreamIn::getCapturePositionImpl
09-07 14:30:09.296   463   463 E tombstoned: Tombstone written to: /data/tombstones/tombstone_28
01-01 00:05:12.285     0     0 I init    : Untracked pid 17374 exited with status 0
09-07 14:30:09.304  1033  1095 I BootReceiver: Copying /data/tombstones/tombstone_28 to DropBox (SYSTEM_TOMBSTONE)
09-07 14:30:09.307  1033  1095 I DropBoxManagerService: add tag=SYSTEM_TOMBSTONE isTagEnabled=true flags=0x2
09-07 14:30:09.324   512 13241 D HarmanHAL: StreamIn::getCapturePositionImpl
09-07 14:30:09.425   512 13241 I chatty  : uid=1041(audioserver) reader identical 3 lines
09-07 14:30:09.454   512 13241 D HarmanHAL: StreamIn::getCapturePositionImpl
09-07 14:30:09.480   538   618 W ipcLib  : ipcLib: in ipc_lib. DV1 read called
09-07 14:30:09.484   512 13241 D HarmanHAL: StreamIn::getCapturePositionImpl
09-07 14:30:09.644   512 13241 I chatty  : uid=1041(audioserver) reader identical 5 lines
09-07 14:30:09.675   512 13241 D HarmanHAL: StreamIn::getCapturePositionImpl
09-07 14:30:09.706   512 13133 I HarmanHal.Routing: hacs alsa node(pcmMicRefIn_c) adtm interval_min:0 ms, inverval_max:11 ms, inverval_mean:8 ms!
09-07 14:30:09.706   512 13133 I HarmanHal.Routing:  in printADTM() PcmAlsaWrapper.cpp:876
09-07 14:30:09.712   512 13159 I HarmanHal.Routing: hacs alsa node(pcmBtHfp_ul_pro_p) adtm interval_min:2 ms, inverval_max:14 ms, inverval_mean:8 ms!
09-07 14:30:09.712   512 13159 I HarmanHal.Routing:  in printADTM() PcmAlsaWrapper.cpp:876
09-07 14:30:09.714   512 13241 D HarmanHAL: StreamIn::getCapturePositionImpl
09-07 14:30:09.743   537   722 I TunerCommon: CTunerTimer::startTimer: altMsecTimeout = 15000
09-07 14:30:09.743   537   711 W TunerCommon: EventThd::run:deliverEvent: OK
09-07 14:30:09.744   512 13241 D HarmanHAL: StreamIn::getCapturePositionImpl
09-07 14:30:09.774   512 13241 D HarmanHAL: StreamIn::getCapturePositionImpl
09-07 14:30:09.797   536   612 E pathology: [ProcessCrashHandler:: parseTombstoneFileName]string not found
09-07 14:30:09.797   536   612 I chatty  : uid=0(root) vendor.harman.p identical 4 lines
09-07 14:30:09.797   536   612 E pathology: [ProcessCrashHandler:: parseTombstoneFileName]string not found
09-07 14:30:09.805   512 13241 D HarmanHAL: StreamIn::getCapturePositionImpl
09-07 14:30:09.814   512 13169 I HarmanHal.Routing: hacs alsa node(pcmBtHfp_dl_pre_c) adtm interval_min:0 ms, inverval_max:10 ms, inverval_mean:8 ms!
09-07 14:30:09.814   512 13169 I HarmanHal.Routing:  in printADTM() PcmAlsaWrapper.cpp:876
09-07 14:30:09.815   512 13169 I HarmanHal.Routing: hacs alsa node(pcmHfp_dl_p) adtm interval_min:0 ms, inverval_max:12 ms, inverval_mean:8 ms!
09-07 14:30:09.815   512 13169 I HarmanHal.Routing:  in printADTM() PcmAlsaWrapper.cpp:876
09-07 14:30:09.835   512 13241 D HarmanHAL: StreamIn::getCapturePositionImpl
09-07 14:30:10.064   512 13241 I chatty  : uid=1041(audioserver) reader identical 7 lines
09-07 14:30:10.094   512 13241 D HarmanHAL: StreamIn::getCapturePositionImpl
09-07 14:30:10.118   512 13158 D AudioProcessing: sseApply [handle 0xbc80d90][type 512] start..
09-07 14:30:10.118   512 13158 D AudioProcessing: sseProcess ul audioIO content print-1 [256] [2] [4] [1] 
09-07 14:30:10.118   512 13158 D AudioProcessing: sseProcess ul audioIO content print-2 [6] [1] [0x3bcbc5a0] [0x5bc7ede0] 
09-07 14:30:10.118   512 13158 D AudioProcessing: sseProcess ul audioIO content print-3 [0x1bca1320 [0x8bc84110] [0x1bc9f9b0] sse->pMain is [0x2bca4a60] 
09-07 14:30:10.119   512 13158 D AudioProcessing: sseProcess ul [handle 0xbc80d90]  ret[0]
09-07 14:30:10.119   512 13158 D AudioProcessing: sseProcess ul AudioBufferSampleCnt[256] type[512] finish..
09-07 14:30:10.125   512 13241 D HarmanHAL: StreamIn::getCapturePositionImpl
09-07 14:30:10.156   512 13241 I chatty  : uid=1041(audioserver) reader identical 1 line
09-07 14:30:10.195   512 13241 D HarmanHAL: StreamIn::getCapturePositionImpl
09-07 14:30:10.223   512 13169 D AudioProcessing: sseApply [handle 0xbc83090][type 768] start..
09-07 14:30:10.223   512 13169 D AudioProcessing: sseProcess dl audioIO content print-1 [256] [2] [1] [1] 
09-07 14:30:10.223   512 13169 D AudioProcessing: sseProcess dl audioIO content print-2 [1] [1] [0x0xb40000763bcc28d0] [0x0xb40000761bca6b00] 
09-07 14:30:10.223   512 13169 D AudioProcessing: sseProcess dl audioIO content print-3 [0x0xb40000761bca7fd0] [0x0xb40000761bcabe40] [0x0xb40000761bca5880] sse->pMain is [0x0xb40000772bcb4e80] 
09-07 14:30:10.224   512 13169 D AudioProcessing: sseProcess dl [handle 0xbc83090] ret[0]
09-07 14:30:10.224   512 13169 D AudioProcessing: sseProcess dl AudioBufferSampleCnt[256] type[768] finish..
09-07 14:30:10.225   512 13241 D HarmanHAL: StreamIn::getCapturePositionImpl
09-07 14:30:10.243   536   536 I vendor.harman.p: type=1400 audit(0.0:3382): avc: denied { write } for name="2" dev="dm-4" ino=49241 scontext=u:r:pathologyd:s0 tcontext=u:object_r:vendor_data_file:s0 tclass=dir permissive=1
09-07 14:30:10.243   536   536 I vendor.harman.p: type=1400 audit(0.0:3383): avc: denied { add_name } for name="PROCCRASH_PF_1631025009.lz4" scontext=u:r:pathologyd:s0 tcontext=u:object_r:vendor_data_file:s0 tclass=dir permissive=1
09-07 14:30:10.243   536   536 I vendor.harman.p: type=1400 audit(0.0:3384): avc: denied { create } for name="PROCCRASH_PF_1631025009.lz4" scontext=u:r:pathologyd:s0 tcontext=u:object_r:vendor_data_file:s0 tclass=file permissive=1
09-07 14:30:10.243   536   536 I vendor.harman.p: type=1400 audit(0.0:3385): avc: denied { write open } for path="/data/vendor/pathologyArchive/2/PROCCRASH_PF_1631025009.lz4" dev="dm-4" ino=49380 scontext=u:r:pathologyd:s0 tcontext=u:object_r:vendor_data_file:s0 tclass=file permissive=1
09-07 14:30:10.254   512 13241 D HarmanHAL: StreamIn::getCapturePositionImpl
09-07 14:30:10.280   512  3972 I HarmanHal.Routing: hacs alsa node(pcmMedia_p) adtm interval_min:1 ms, inverval_max:11 ms, inverval_mean:8 ms!
09-07 14:30:10.280   512  3972 I HarmanHal.Routing:  in printADTM() PcmAlsaWrapper.cpp:876
09-07 14:30:10.284   512 13241 I HarmanHal.Routing: hacs alsa node(pcmTunerIn_c) adtm interval_min:29 ms, inverval_max:40 ms, inverval_mean:31 ms!
09-07 14:30:10.284   512 13241 I HarmanHal.Routing:  in printADTM() PcmAlsaWrapper.cpp:876
09-07 14:30:10.284   512 13241 D HarmanHAL: StreamIn::getCapturePositionImpl
09-07 14:30:10.314   512 13241 I chatty  : uid=1041(audioserver) reader identical 1 line
09-07 14:30:10.355   512 13241 D HarmanHAL: StreamIn::getCapturePositionImpl
09-07 14:30:10.371   532   569 W ipcLib  : ipcLib: in ipc_lib. DV1 read called
09-07 14:30:10.372   532   568 I VPS     : VPS:IOCStatusInfo.VoltageStatus->0 
09-07 14:30:10.372   532   568 I VPS     : VPS:IOCStatusInfo.IOCStatusCmd->a6 
09-07 14:30:10.372   532   568 I VPS     : VPS:IOCStatusInfo.WakeUpReason->0 
09-07 14:30:10.372   532   568 I VPS     : VPS:IOCStatusInfo.DerivedIgnitionStatus->0 
09-07 14:30:10.372   532   568 I VPS     : VPS:IOCStatusInfo.PowerModeState->4 
09-07 14:30:10.372   532   568 I VPS     : VPS:IOCStatusInfo.SOCShutdownRequest->0 
09-07 14:30:10.372   532   568 I VPS     : VPS:IOCStatusInfo.AntiTheftState->0 
09-07 14:30:10.372   532   568 I VPS     : VPS:IOCStatusInfo.BatteryConnect->0 
09-07 14:30:10.385   512 13241 D HarmanHAL: StreamIn::getCapturePositionImpl
09-07 14:30:10.444   512 13241 I chatty  : uid=1041(audioserver) reader identical 2 lines
09-07 14:30:10.474   512 13241 D HarmanHAL: StreamIn::getCapturePositionImpl
09-07 14:30:10.480   538   618 W ipcLib  : ipcLib: in ipc_lib. DV1 read called
09-07 14:30:10.515   512 13241 D HarmanHAL: StreamIn::getCapturePositionImpl
09-07 14:30:10.675   512 13241 I chatty  : uid=1041(audioserver) reader identical 5 lines
09-07 14:30:10.704   512 13241 D HarmanHAL: StreamIn::getCapturePositionImpl
09-07 14:30:10.706   512 13133 I HarmanHal.Routing: hacs alsa node(pcmMicRefIn_c) adtm interval_min:0 ms, inverval_max:11 ms, inverval_mean:8 ms!
09-07 14:30:10.706   512 13133 I HarmanHal.Routing:  in printADTM() PcmAlsaWrapper.cpp:876
09-07 14:30:10.711   512 13159 I HarmanHal.Routing: hacs alsa node(pcmBtHfp_ul_pro_p) adtm interval_min:2 ms, inverval_max:12 ms, inverval_mean:8 ms!
09-07 14:30:10.711   512 13159 I HarmanHal.Routing:  in printADTM() PcmAlsaWrapper.cpp:876
09-07 14:30:10.734   512 13241 D HarmanHAL: StreamIn::getCapturePositionImpl
09-07 14:30:10.765   512 13241 I chatty  : uid=1041(audioserver) reader identical 1 line
09-07 14:30:10.794   512 13241 D HarmanHAL: StreamIn::getCapturePositionImpl
09-07 14:30:10.813   512 13169 I HarmanHal.Routing: hacs alsa node(pcmBtHfp_dl_pre_c) adtm interval_min:0 ms, inverval_max:10 ms, inverval_mean:7 ms!
09-07 14:30:10.813   512 13169 I HarmanHal.Routing:  in printADTM() PcmAlsaWrapper.cpp:876
09-07 14:30:10.814   512 13169 I HarmanHal.Routing: hacs alsa node(pcmHfp_dl_p) adtm interval_min:0 ms, inverval_max:11 ms, inverval_mean:7 ms!
09-07 14:30:10.814   512 13169 I HarmanHal.Routing:  in printADTM() PcmAlsaWrapper.cpp:876
09-07 14:30:10.835   512 13241 D HarmanHAL: StreamIn::getCapturePositionImpl
09-07 14:30:10.894   512 13241 I chatty  : uid=1041(audioserver) reader identical 2 lines
09-07 14:30:10.925   512 13241 D HarmanHAL: StreamIn::getCapturePositionImpl
09-07 14:30:10.939 17439 17439 I cat     : type=1400 audit(0.0:3386): avc: denied { read } for name="stats" dev="proc" ino=4026531864 scontext=u:r:pathologyd:s0 tcontext=u:object_r:proc_uid_io_stats:s0 tclass=file permissive=1
01-01 00:05:13.935     0     0 W audit   : audit_lost=1653 audit_rate_limit=5 audit_backlog_limit=64
01-01 00:05:13.935     0     0 E audit   : rate limit exceeded
09-07 14:30:10.954   512 13241 D HarmanHAL: StreamIn::getCapturePositionImpl
09-07 14:30:11.024   512 13241 I chatty  : uid=1041(audioserver) reader identical 2 lines
09-07 14:30:11.054   512 13241 D HarmanHAL: StreamIn::getCapturePositionImpl
09-07 14:30:11.059   909   958 I TuningService: void *rxThread(void *),waitnum is 0
09-07 14:30:11.059   909   958 I TuningService:  in rxThread() rxthread.cpp:220
09-07 14:30:11.059   909   958 I TuningService: void *rxThread(void *),wait for timeout in rxThread() rxthread.cpp:224
09-07 14:30:11.085   512 13241 D HarmanHAL: StreamIn::getCapturePositionImpl
09-07 14:30:11.214   512 13241 I chatty  : uid=1041(audioserver) reader identical 4 lines
09-07 14:30:11.244   512 13241 D HarmanHAL: StreamIn::getCapturePositionImpl
09-07 14:30:11.274   512 13241 I HarmanHal.Routing: hacs alsa node(pcmTunerIn_c) adtm interval_min:30 ms, inverval_max:40 ms, inverval_mean:31 ms!
09-07 14:30:11.274   512 13241 I HarmanHal.Routing:  in printADTM() PcmAlsaWrapper.cpp:876
09-07 14:30:11.275   512 13241 D HarmanHAL: StreamIn::getCapturePositionImpl
09-07 14:30:11.280   512  3972 I HarmanHal.Routing: hacs alsa node(pcmMedia_p) adtm interval_min:0 ms, inverval_max:11 ms, inverval_mean:8 ms!
09-07 14:30:11.280   512  3972 I HarmanHal.Routing:  in printADTM() PcmAlsaWrapper.cpp:876
09-07 14:30:11.314   512 13241 D HarmanHAL: StreamIn::getCapturePositionImpl
09-07 14:30:11.434   512 13241 I chatty  : uid=1041(audioserver) reader identical 4 lines
09-07 14:30:11.475   512 13241 D HarmanHAL: StreamIn::getCapturePositionImpl
09-07 14:30:11.480   538   618 W ipcLib  : ipcLib: in ipc_lib. DV1 read called
09-07 14:30:11.505   512 13241 D HarmanHAL: StreamIn::getCapturePositionImpl
09-07 14:30:11.664   512 13241 I chatty  : uid=1041(audioserver) reader identical 5 lines
09-07 14:30:11.694   512 13241 D HarmanHAL: StreamIn::getCapturePositionImpl
09-07 14:30:11.706   512 13133 I HarmanHal.Routing: hacs alsa node(pcmMicRefIn_c) adtm interval_min:0 ms, inverval_max:11 ms, inverval_mean:7 ms!
09-07 14:30:11.706   512 13133 I HarmanHal.Routing:  in printADTM() PcmAlsaWrapper.cpp:876
09-07 14:30:11.711   512 13159 I HarmanHal.Routing: hacs alsa node(pcmBtHfp_ul_pro_p) adtm interval_min:2 ms, inverval_max:12 ms, inverval_mean:8 ms!
09-07 14:30:11.711   512 13159 I HarmanHal.Routing:  in printADTM() PcmAlsaWrapper.cpp:876
09-07 14:30:11.718   512 13158 D AudioProcessing: sseApply [handle 0xbc80d90][type 512] start..
09-07 14:30:11.718   512 13158 D AudioProcessing: sseProcess ul audioIO content print-1 [256] [2] [4] [1] 
09-07 14:30:11.718   512 13158 D AudioProcessing: sseProcess ul audioIO content print-2 [6] [1] [0x3bcbc5a0] [0x5bc7ede0] 
09-07 14:30:11.718   512 13158 D AudioProcessing: sseProcess ul audioIO content print-3 [0x1bca1320 [0x8bc84110] [0x1bc9f9b0] sse->pMain is [0x2bca4a60] 
09-07 14:30:11.719   512 13158 D AudioProcessing: sseProcess ul [handle 0xbc80d90]  ret[0]
09-07 14:30:11.719   512 13158 D AudioProcessing: sseProcess ul AudioBufferSampleCnt[256] type[512] finish..
09-07 14:30:11.724   512 13241 D HarmanHAL: StreamIn::getCapturePositionImpl
09-07 14:30:11.755   512 13241 I chatty  : uid=1041(audioserver) reader identical 1 line
09-07 14:30:11.795   512 13241 D HarmanHAL: StreamIn::getCapturePositionImpl
09-07 14:30:11.814   512 13169 I HarmanHal.Routing: hacs alsa node(pcmBtHfp_dl_pre_c) adtm interval_min:0 ms, inverval_max:11 ms, inverval_mean:8 ms!
09-07 14:30:11.814   512 13169 I HarmanHal.Routing:  in printADTM() PcmAlsaWrapper.cpp:876
09-07 14:30:11.815   512 13169 I HarmanHal.Routing: hacs alsa node(pcmHfp_dl_p) adtm interval_min:0 ms, inverval_max:12 ms, inverval_mean:8 ms!
09-07 14:30:11.815   512 13169 I HarmanHal.Routing:  in printADTM() PcmAlsaWrapper.cpp:876
09-07 14:30:11.823   512 13169 D AudioProcessing: sseApply [handle 0xbc83090][type 768] start..
09-07 14:30:11.823   512 13169 D AudioProcessing: sseProcess dl audioIO content print-1 [256] [2] [1] [1] 
09-07 14:30:11.823   512 13169 D AudioProcessing: sseProcess dl audioIO content print-2 [1] [1] [0x0xb40000763bcc28d0] [0x0xb40000761bca6b00] 
09-07 14:30:11.823   512 13169 D AudioProcessing: sseProcess dl audioIO content print-3 [0x0xb40000761bca7fd0] [0x0xb40000761bcabe40] [0x0xb40000761bca5880] sse->pMain is [0x0xb40000772bcb4e80] 
09-07 14:30:11.824   512 13169 D AudioProcessing: sseProcess dl [handle 0xbc83090] ret[0]
09-07 14:30:11.824   512 13169 D AudioProcessing: sseProcess dl AudioBufferSampleCnt[256] type[768] finish..
09-07 14:30:11.825   512 13241 D HarmanHAL: StreamIn::getCapturePositionImpl
09-07 14:30:12.206   512 13241 I chatty  : uid=1041(audioserver) reader identical 12 lines
09-07 14:30:12.234   512 13241 D HarmanHAL: StreamIn::getCapturePositionImpl
09-07 14:30:12.274   512 13241 I HarmanHal.Routing: hacs alsa node(pcmTunerIn_c) adtm interval_min:29 ms, inverval_max:41 ms, inverval_mean:32 ms!
09-07 14:30:12.274   512 13241 I HarmanHal.Routing:  in printADTM() PcmAlsaWrapper.cpp:876
09-07 14:30:12.275   512 13241 D HarmanHAL: StreamIn::getCapturePositionImpl
09-07 14:30:12.280   512  3972 I HarmanHal.Routing: hacs alsa node(pcmMedia_p) adtm interval_min:1 ms, inverval_max:11 ms, inverval_mean:8 ms!
09-07 14:30:12.280   512  3972 I HarmanHal.Routing:  in printADTM() PcmAlsaWrapper.cpp:876
09-07 14:30:12.304   512 13241 D HarmanHAL: StreamIn::getCapturePositionImpl
09-07 14:30:12.435   512 13241 I chatty  : uid=1041(audioserver) reader identical 4 lines
09-07 14:30:12.464   512 13241 D HarmanHAL: StreamIn::getCapturePositionImpl
09-07 14:30:12.472   532   569 W ipcLib  : ipcLib: in ipc_lib. DV1 read called
09-07 14:30:12.472   532   568 I VPS     : VPS:IOCStatusInfo.VoltageStatus->0 
09-07 14:30:12.472   532   568 I VPS     : VPS:IOCStatusInfo.IOCStatusCmd->a6 
09-07 14:30:12.472   532   568 I VPS     : VPS:IOCStatusInfo.WakeUpReason->0 
09-07 14:30:12.472   532   568 I VPS     : VPS:IOCStatusInfo.DerivedIgnitionStatus->0 
09-07 14:30:12.472   532   568 I VPS     : VPS:IOCStatusInfo.PowerModeState->4 
09-07 14:30:12.472   532   568 I VPS     : VPS:IOCStatusInfo.SOCShutdownRequest->0 
09-07 14:30:12.472   532   568 I VPS     : VPS:IOCStatusInfo.AntiTheftState->0 
09-07 14:30:12.472   532   568 I VPS     : VPS:IOCStatusInfo.BatteryConnect->0 
09-07 14:30:12.479   538   618 W ipcLib  : ipcLib: in ipc_lib. DV1 read called
09-07 14:30:12.494   512 13241 D HarmanHAL: StreamIn::getCapturePositionImpl
09-07 14:30:12.655   512 13241 I chatty  : uid=1041(audioserver) reader identical 5 lines
09-07 14:30:12.685   512 13241 D HarmanHAL: StreamIn::getCapturePositionImpl
09-07 14:30:12.706   512 13133 I HarmanHal.Routing: hacs alsa node(pcmMicRefIn_c) adtm interval_min:0 ms, inverval_max:11 ms, inverval_mean:8 ms!
09-07 14:30:12.706   512 13133 I HarmanHal.Routing:  in printADTM() PcmAlsaWrapper.cpp:876
09-07 14:30:12.711   512 13159 I HarmanHal.Routing: hacs alsa node(pcmBtHfp_ul_pro_p) adtm interval_min:2 ms, inverval_max:12 ms, inverval_mean:8 ms!
09-07 14:30:12.711   512 13159 I HarmanHal.Routing:  in printADTM() PcmAlsaWrapper.cpp:876
09-07 14:30:12.714   512 13241 D HarmanHAL: StreamIn::getCapturePositionImpl
09-07 14:30:12.754   512 13241 I chatty  : uid=1041(audioserver) reader identical 1 line
09-07 14:30:12.784   512 13241 D HarmanHAL: StreamIn::getCapturePositionImpl
09-07 14:30:12.813   512 13169 I HarmanHal.Routing: hacs alsa node(pcmBtHfp_dl_pre_c) adtm interval_min:0 ms, inverval_max:10 ms, inverval_mean:7 ms!
09-07 14:30:12.813   512 13169 I HarmanHal.Routing:  in printADTM() PcmAlsaWrapper.cpp:876
09-07 14:30:12.814   512 13241 D HarmanHAL: StreamIn::getCapturePositionImpl
09-07 14:30:12.814   512 13169 I HarmanHal.Routing: hacs alsa node(pcmHfp_dl_p) adtm interval_min:0 ms, inverval_max:11 ms, inverval_mean:7 ms!
09-07 14:30:12.814   512 13169 I HarmanHal.Routing:  in printADTM() PcmAlsaWrapper.cpp:876
09-07 14:30:12.845   512 13241 D HarmanHAL: StreamIn::getCapturePositionImpl
09-07 14:30:13.195   512 13241 I chatty  : uid=1041(audioserver) reader identical 11 lines
09-07 14:30:13.234   512 13241 D HarmanHAL: StreamIn::getCapturePositionImpl
09-07 14:30:13.264   512 13241 I HarmanHal.Routing: hacs alsa node(pcmTunerIn_c) adtm interval_min:29 ms, inverval_max:40 ms, inverval_mean:31 ms!
09-07 14:30:13.264   512 13241 I HarmanHal.Routing:  in printADTM() PcmAlsaWrapper.cpp:876
09-07 14:30:13.265   512 13241 D HarmanHAL: StreamIn::getCapturePositionImpl
09-07 14:30:13.280   512  3972 I HarmanHal.Routing: hacs alsa node(pcmMedia_p) adtm interval_min:0 ms, inverval_max:10 ms, inverval_mean:8 ms!
09-07 14:30:13.280   512  3972 I HarmanHal.Routing:  in printADTM() PcmAlsaWrapper.cpp:876
09-07 14:30:13.295   512 13241 D HarmanHAL: StreamIn::getCapturePositionImpl
09-07 14:30:13.318   512 13158 D AudioProcessing: sseApply [handle 0xbc80d90][type 512] start..
09-07 14:30:13.318   512 13158 D AudioProcessing: sseProcess ul audioIO content print-1 [256] [2] [4] [1] 
09-07 14:30:13.318   512 13158 D AudioProcessing: sseProcess ul audioIO content print-2 [6] [1] [0x3bcbc5a0] [0x5bc7ede0] 
09-07 14:30:13.318   512 13158 D AudioProcessing: sseProcess ul audioIO content print-3 [0x1bca1320 [0x8bc84110] [0x1bc9f9b0] sse->pMain is [0x2bca4a60] 
09-07 14:30:13.319   512 13158 D AudioProcessing: sseProcess ul [handle 0xbc80d90]  ret[0]
09-07 14:30:13.319   512 13158 D AudioProcessing: sseProcess ul AudioBufferSampleCnt[256] type[512] finish..
09-07 14:30:13.324   512 13241 D HarmanHAL: StreamIn::getCapturePositionImpl
09-07 14:30:13.327   911  4981 D BufferPoolAccessor2.0: bufferpool2 0xb400007205c6d498 : 2(1048576 size) total buffers - 1(524288 size) used buffers - 3595/3605 (recycle/alloc) - 25/3605 (fetch/transfer)
09-07 14:30:13.355   512 13241 D HarmanHAL: StreamIn::getCapturePositionImpl
01-01 00:05:16.409     0     0 I kworker/dying (7): highest shadow stack usage: 400 bytes
09-07 14:30:13.395   512 13241 D HarmanHAL: StreamIn::getCapturePositionImpl
09-07 14:30:13.423   512 13169 D AudioProcessing: sseApply [handle 0xbc83090][type 768] start..
09-07 14:30:13.423   512 13169 D AudioProcessing: sseProcess dl audioIO content print-1 [256] [2] [1] [1] 
09-07 14:30:13.423   512 13169 D AudioProcessing: sseProcess dl audioIO content print-2 [1] [1] [0x0xb40000763bcc28d0] [0x0xb40000761bca6b00] 
09-07 14:30:13.423   512 13169 D AudioProcessing: sseProcess dl audioIO content print-3 [0x0xb40000761bca7fd0] [0x0xb40000761bcabe40] [0x0xb40000761bca5880] sse->pMain is [0x0xb40000772bcb4e80] 
09-07 14:30:13.424   512 13169 D AudioProcessing: sseProcess dl [handle 0xbc83090] ret[0]
09-07 14:30:13.424   512 13169 D AudioProcessing: sseProcess dl AudioBufferSampleCnt[256] type[768] finish..
09-07 14:30:13.424   512 13241 D HarmanHAL: StreamIn::getCapturePositionImpl
09-07 14:30:13.454   512 13241 D HarmanHAL: StreamIn::getCapturePositionImpl
09-07 14:30:13.479   538   618 W ipcLib  : ipcLib: in ipc_lib. DV1 read called
09-07 14:30:13.484   512 13241 D HarmanHAL: StreamIn::getCapturePositionImpl
09-07 14:30:13.483   345   345 I Binder:345_2: type=1400 audit(0.0:3394): avc: denied { call } for scontext=u:r:carwatchdogd:s0 tcontext=u:r:hal_audio_default:s0 tclass=binder permissive=1
09-07 14:30:13.486   512   512 E android.hardware.audio@6.0-harman-service: [CXmlParser]: nodeset is empty for xpath: /audioConfiguration/EnableWatchdog
09-07 14:30:13.487   512   512 E android.hardware.audio@6.0-harman-service: [CXmlParser::GetOneEleValue] Xpath object is NULL. XPath: /audioConfiguration/EnableWatchdog
09-07 14:30:13.487   512   512 W HarmanHal: ConfigSettings::GetOneEleValue Error while reading the path /audioConfiguration/EnableWatchdog
09-07 14:30:13.487   512   512 W HarmanHal: ConfigSettings::GetOneEleValue Error in checkifWatchdogTobeEnabled
09-07 14:30:13.487   512   512 I HarmanHal: WatchdogClient::isClientHealthy, Value Of checkifWatchdogTobeEnabled:0
09-07 14:30:13.514   512 13241 D HarmanHAL: StreamIn::getCapturePositionImpl
09-07 14:30:13.644   512 13241 I chatty  : uid=1041(audioserver) reader identical 4 lines
09-07 14:30:13.674   512 13241 D HarmanHAL: StreamIn::getCapturePositionImpl
09-07 14:30:13.706   512 13133 I HarmanHal.Routing: hacs alsa node(pcmMicRefIn_c) adtm interval_min:0 ms, inverval_max:11 ms, inverval_mean:8 ms!
09-07 14:30:13.706   512 13133 I HarmanHal.Routing:  in printADTM() PcmAlsaWrapper.cpp:876
09-07 14:30:13.712   512 13159 I HarmanHal.Routing: hacs alsa node(pcmBtHfp_ul_pro_p) adtm interval_min:2 ms, inverval_max:12 ms, inverval_mean:8 ms!
09-07 14:30:13.712   512 13159 I HarmanHal.Routing:  in printADTM() PcmAlsaWrapper.cpp:876
09-07 14:30:13.714   512 13241 D HarmanHAL: StreamIn::getCapturePositionImpl
09-07 14:30:13.774   512 13241 I chatty  : uid=1041(audioserver) reader identical 2 lines
09-07 14:30:13.804   512 13241 D HarmanHAL: StreamIn::getCapturePositionImpl
09-07 14:30:13.814   512 13169 I HarmanHal.Routing: hacs alsa node(pcmBtHfp_dl_pre_c) adtm interval_min:0 ms, inverval_max:10 ms, inverval_mean:8 ms!
09-07 14:30:13.814   512 13169 I HarmanHal.Routing:  in printADTM() PcmAlsaWrapper.cpp:876
09-07 14:30:13.814   512 13169 I HarmanHal.Routing: hacs alsa node(pcmHfp_dl_p) adtm interval_min:0 ms, inverval_max:11 ms, inverval_mean:8 ms!
09-07 14:30:13.814   512 13169 I HarmanHal.Routing:  in printADTM() PcmAlsaWrapper.cpp:876
09-07 14:30:13.835   512 13241 D HarmanHAL: StreamIn::getCapturePositionImpl
09-07 14:30:13.965   512 13241 I chatty  : uid=1041(audioserver) reader identical 4 lines
09-07 14:30:13.994   512 13241 D HarmanHAL: StreamIn::getCapturePositionImpl
09-07 14:30:14.000   532   569 I VPS     : VPS:VehiclePlatformSOCHeartBeatHandler IVI HeartBeat sent successfully SOCHeartBeatInfo.SOCStatus->2
09-07 14:30:14.000   532   569 W ipcLib  : ipcLib: in ipc_lib. DV1 write called
09-07 14:30:14.002   532   569 W ipcLib  : ipcLib: in ipc_lib. DV1 read called
09-07 14:30:14.035   512 13241 D HarmanHAL: StreamIn::getCapturePositionImpl
01-01 00:05:17.123     0     0 I init    : starting service 'qccsyshalservice'...
01-01 00:05:17.130     0     0 I init    : starting service 'vendor.sensors-hal-1-0'...
01-01 00:05:17.137     0     0 I init    : starting service 'LogManager'...
09-07 14:30:14.125   512 13241 I chatty  : uid=1041(audioserver) reader identical 3 lines
09-07 14:30:14.154   512 13241 D HarmanHAL: StreamIn::getCapturePositionImpl
09-07 14:30:14.171   376   376 I hwservicemanager: getTransport: Cannot find entry android.hardware.sensors@1.0::ISensors/default in either framework or device manifest.
09-07 14:30:14.174 17540 17540 E android.hardware.sensors@1.0-service: Couldn't load sensors module (Unknown error -2147483648)
09-07 14:30:14.174 17540 17540 D RefBase : RefBase: Explicit destruction, weak count = 0 (in 0xb4000074013f2918)
09-07 14:30:14.174 17540 17540 W RefBase : CallStack::getCurrentInternal not linked, returning null
09-07 14:30:14.174 17540 17540 W RefBase : CallStack::logStackInternal not linked
09-07 14:30:14.174 17539 17539 I qccsyshalservice: Start with system binder
09-07 14:30:14.175 17540 17540 E LegacySupport: Could not get passthrough implementation for android.hardware.sensors@1.0::ISensors/default.
09-07 14:30:14.175 17539 17539 I qccsyshalservice: Registering qccsyshal service...
09-07 14:30:14.176   376   376 I hwservicemanager: getTransport: Cannot find entry vendor.qti.hardware.qccsyshal@1.0::IQccsyshal/qccsyshal in either framework or device manifest.
01-01 00:05:17.166     0     0 I init    : Service 'vendor.sensors-hal-1-0' (pid 17540) exited with status 1
01-01 00:05:17.166     0     0 I init    : Sending signal 9 to service 'vendor.sensors-hal-1-0' (pid 17540) process group...
01-01 00:05:17.167     0     0 I libprocessgroup: Successfully killed process cgroup uid 1000 pid 17540 in 0ms
09-07 14:30:14.175 17541 17541 I vendor.harman.L: type=1400 audit(0.0:3395): avc: denied { read } for name="u:object_r:hwservicemanager_prop:s0" dev="tmpfs" ino=24519 scontext=u:r:logmanagerd:s0 tcontext=u:object_r:hwservicemanager_prop:s0 tclass=file permissive=1
09-07 14:30:14.180 17541 17541 D LOGMANAGER: LOGMANAGER HAL service init() start
09-07 14:30:14.180 17541 17541 D LOGMANAGER: Logmanager configured rpcthreadpool
09-07 14:30:14.181 17539 17539 E HidlServiceManagement: Service vendor.qti.hardware.qccsyshal@1.0::IQccsyshal/qccsyshal must be in VINTF manifest in order to register/get.
09-07 14:30:14.181 17539 17539 E qccsyshalservice: [ERROR] registerAsService() failed with status: -2147483648
09-07 14:30:14.183 17541 17541 I HidlServiceManagement: Registered vendor.harman.hardware.LogManager@1.0::ILogManager/default
09-07 14:30:14.183 17541 17541 D LOGMANAGER: Logmanager HAL Service is registered and ready
09-07 14:30:14.183 17541 17541 I LOGMANAGER: ThreadPoolWrapper::initThreadPool
09-07 14:30:14.183 17541 17541 I LOGMANAGER: ThreadPoolWrapper : exit
09-07 14:30:14.183 17541 17541 D LOGMANAGER: Logmanager threadpoolwrapper created
09-07 14:30:14.183 17541 17542 I LOGMANAGER: ThreadPoolWrapper:  enter the joinRpcThreadpool()
09-07 14:30:14.183 17541 17541 D LOGMANAGER: User argument is -c
09-07 14:30:14.184 17541 17541 I LOGMANAGER: LogmanagerConfig is configured under config file
09-07 14:30:14.184 17541 17541 I LOGMANAGER: LoggingLevel is : 4
09-07 14:30:14.184 17541 17541 I LOGMANAGER: LogEnableState is : 0
09-07 14:30:14.184 17541 17541 I LOGMANAGER: OutputPluginConfiguration PluginType : LOGWRITTER
09-07 14:30:14.184 17541 17541 I LOGMANAGER: LM_OutputConfiguration : 1
09-07 14:30:14.184 17541 17541 I LOGMANAGER: LM_OfflineTraceDirectory : /data/cache
09-07 14:30:14.184 17541 17541 I LOGMANAGER: LM_OfflineTraceFILESize : 1000000
09-07 14:30:14.184 17541 17541 I LOGMANAGER: LM_OfflineTotalFILESSize : 20000000
09-07 14:30:14.184 17541 17541 I LOGMANAGER: LM_FileNameTimeStampBased : 0
09-07 14:30:14.184 17541 17541 I LOGMANAGER: Got IOC plugin
09-07 14:30:14.184 17541 17541 I LOGMANAGER: IOCIPCChannelNumber :6
09-07 14:30:14.184 17541 17541 I LOGMANAGER: keyseq: HOME + VOLUMEDOWN  for domain is AudioDump
09-07 14:30:14.184 17541 17541 I LOGMANAGER: keyseq: HOME + VOLUMEUP  for domain is HCIDump
09-07 14:30:14.184 17541 17541 I LOGMANAGER: Domains parsing is done
01-01 00:05:17.172     0     0 I init    : Service 'qccsyshalservice' (pid 17539) exited with status 1
01-01 00:05:17.172     0     0 I init    : Sending signal 9 to service 'qccsyshalservice' (pid 17539) process group...
01-01 00:05:17.173     0     0 I libprocessgroup: Successfully killed process cgroup uid 1000 pid 17539 in 0ms
01-01 00:05:17.174     0     0 W audit   : audit_lost=1660 audit_rate_limit=5 audit_backlog_limit=64
01-01 00:05:17.174     0     0 E audit   : rate limit exceeded
09-07 14:30:14.175 17541 17541 I vendor.harman.L: type=1400 audit(0.0:3396): avc: denied { open } for path="/dev/__properties__/u:object_r:hwservicemanager_prop:s0" dev="tmpfs" ino=24519 scontext=u:r:logmanagerd:s0 tcontext=u:object_r:hwservicemanager_prop:s0 tclass=file permissive=1
09-07 14:30:14.175 17541 17541 I vendor.harman.L: type=1400 audit(0.0:3397): avc: denied { getattr } for path="/dev/__properties__/u:object_r:hwservicemanager_prop:s0" dev="tmpfs" ino=24519 scontext=u:r:logmanagerd:s0 tcontext=u:object_r:hwservicemanager_prop:s0 tclass=file permissive=1
09-07 14:30:14.175 17541 17541 I vendor.harman.L: type=1400 audit(0.0:3398): avc: denied { map } for path="/dev/__properties__/u:object_r:hwservicemanager_prop:s0" dev="tmpfs" ino=24519 scontext=u:r:logmanagerd:s0 tcontext=u:object_r:hwservicemanager_prop:s0 tclass=file permissive=1
09-07 14:30:14.189 17541 17541 E LOGMANAGER: Failed to load plugin /vendor/lib64/libIOCDLogReader.so with error code dlopen failed: library "/vendor/lib64/libIOCDLogReader.so" not found 
09-07 14:30:14.189 17541 17541 F libc    : Fatal signal 11 (SIGSEGV), code 1 (SEGV_MAPERR), fault addr 0x0 in tid 17541 (vendor.harman.L), pid 17541 (vendor.harman.L)
09-07 14:30:14.195   512 13241 D HarmanHAL: StreamIn::getCapturePositionImpl
09-07 14:30:14.222 17545 17545 I crash_dump64: obtaining output fd from tombstoned, type: kDebuggerdTombstone
09-07 14:30:14.224   463   463 I tombstoned: received crash request for pid 17541
09-07 14:30:14.225   512 13241 D HarmanHAL: StreamIn::getCapturePositionImpl
09-07 14:30:14.225 17545 17545 I crash_dump64: performing dump of process 17541 (target tid = 17541)
09-07 14:30:14.230 17545 17545 F DEBUG   : *** *** *** *** *** *** *** *** *** *** *** *** *** *** *** ***
09-07 14:30:14.231 17545 17545 F DEBUG   : Build fingerprint: 'qti/titan_tml_b2/titan_tml_b2:11/RQ3A.210605.005/eng.ksong.20210907.134230:userdebug/test-keys'
09-07 14:30:14.231 17545 17545 F DEBUG   : Revision: '0'
09-07 14:30:14.231 17545 17545 F DEBUG   : ABI: 'arm64'
09-07 14:30:14.234 17545 17545 F DEBUG   : Timestamp: 2021-09-07 14:30:14+0000
09-07 14:30:14.234 17545 17545 F DEBUG   : pid: 17541, tid: 17541, name: vendor.harman.L  >>> /vendor/bin/hw/vendor.harman.LogManager@1.0-service <<<
09-07 14:30:14.235 17545 17545 F DEBUG   : uid: 0
09-07 14:30:14.235 17545 17545 F DEBUG   : signal 11 (SIGSEGV), code 1 (SEGV_MAPERR), fault addr 0x0
09-07 14:30:14.235 17545 17545 F DEBUG   : Cause: null pointer dereference
09-07 14:30:14.235 17545 17545 F DEBUG   :     x0  0000000000000000  x1  0000000000000000  x2  0000000000080001  x3  0000000000000000
09-07 14:30:14.235 17545 17545 F DEBUG   :     x4  0000000000000000  x5  0000000000000090  x6  fefefefefefefeff  x7  7f7f7f7f7f7f7f7f
09-07 14:30:14.236 17545 17545 F DEBUG   :     x8  0101010101010101  x9  877c47a4690cb14c  x10 0000007fe04532d8  x11 fffffffffffffffd
09-07 14:30:14.236 17545 17545 F DEBUG   :     x12 0000007fe0453460  x13 000000000000008e  x14 000af79d8e407800  x15 0000000034155555
09-07 14:30:14.236 17545 17545 F DEBUG   :     x16 00000059aa4727e0  x17 0000007253a16b30  x18 0000007254fa4000  x19 0000000000000000
09-07 14:30:14.236 17545 17545 F DEBUG   :     x20 0000007253bb2c50  x21 0000007fe0453b79  x22 b400007153603598  x23 0000007fe0453b98
09-07 14:30:14.237 17545 17545 F DEBUG   :     x24 0000000000000000  x25 0000007254240000  x26 0000007fe0453b79  x27 0000007fe0453b49
09-07 14:30:14.237 17545 17545 F DEBUG   :     x28 0000000000000000  x29 0000007fe0453a80
09-07 14:30:14.237 17545 17545 F DEBUG   :     lr  00000059aa469048  sp  0000007fe0453a80  pc  0000007253a16b40  pst 0000000080000000
09-07 14:30:14.243 17545 17545 F DEBUG   : backtrace:
09-07 14:30:14.243 17545 17545 F DEBUG   :       #00 pc 000000000004ab40  /apex/com.android.runtime/lib64/bionic/libc.so (strlen_default+16) (BuildId: 2b7c6e33413ac7278a15dfc3ea383089)
09-07 14:30:14.243 17545 17545 F DEBUG   :       #01 pc 0000000000009044  /vendor/bin/hw/vendor.harman.LogManager@1.0-service (BuildId: 3e966ab64050b441b920ba0e8960d123)
09-07 14:30:14.243 17545 17545 F DEBUG   :       #02 pc 0000000000008df0  /vendor/bin/hw/vendor.harman.LogManager@1.0-service (LM::LogManagerImpl::load_plugin_conf(void*, std::__1::basic_string<char, std::__1::char_traits<char>, std::__1::allocator<char> >, std::__1::multimap<std::__1::basic_string<char, std::__1::char_traits<char>, std::__1::allocator<char> >, int, std::__1::less<std::__1::basic_string<char, std::__1::char_traits<char>, std::__1::allocator<char> > >, std::__1::allocator<std::__1::pair<std::__1::basic_string<char, std::__1::char_traits<char>, std::__1::allocator<char> > const, int> > >&)+752) (BuildId: 3e966ab64050b441b920ba0e8960d123)
09-07 14:30:14.243 17545 17545 F DEBUG   :       #03 pc 00000000000088c0  /vendor/bin/hw/vendor.harman.LogManager@1.0-service (LM::LogManagerImpl::loadplugins()+436) (BuildId: 3e966ab64050b441b920ba0e8960d123)
09-07 14:30:14.243 17545 17545 F DEBUG   :       #04 pc 0000000000007af8  /vendor/bin/hw/vendor.harman.LogManager@1.0-service (main+1112) (BuildId: 3e966ab64050b441b920ba0e8960d123)
09-07 14:30:14.243 17545 17545 F DEBUG   :       #05 pc 000000000004988c  /apex/com.android.runtime/lib64/bionic/libc.so (__libc_init+108) (BuildId: 2b7c6e33413ac7278a15dfc3ea383089)
09-07 14:30:14.254   512 13241 I HarmanHal.Routing: hacs alsa node(pcmTunerIn_c) adtm interval_min:29 ms, inverval_max:41 ms, inverval_mean:31 ms!
09-07 14:30:14.254   512 13241 I HarmanHal.Routing:  in printADTM() PcmAlsaWrapper.cpp:876
09-07 14:30:14.255   512 13241 D HarmanHAL: StreamIn::getCapturePositionImpl
01-01 00:05:17.252     0     0 D logd    : logdr: UID=0 GID=1000 PID=17545 n tail=50 logMask=8 pid=17541 start=0ns timeout=0ns
01-01 00:05:17.262     0     0 D logd    : logdr: UID=0 GID=1000 PID=17545 n tail=50 logMask=1 pid=17541 start=0ns timeout=0ns
09-07 14:30:14.280   512  3972 I HarmanHal.Routing: hacs alsa node(pcmMedia_p) adtm interval_min:1 ms, inverval_max:11 ms, inverval_mean:8 ms!
09-07 14:30:14.280   512  3972 I HarmanHal.Routing:  in printADTM() PcmAlsaWrapper.cpp:876
09-07 14:30:14.284   512 13241 D HarmanHAL: StreamIn::getCapturePositionImpl
01-01 00:05:17.286     0     0 D logd    : logdr: UID=0 GID=1000 PID=17545 n tail=0 logMask=8 pid=17541 start=0ns timeout=0ns
01-01 00:05:17.296     0     0 D logd    : logdr: UID=0 GID=1000 PID=17545 n tail=0 logMask=1 pid=17541 start=0ns timeout=0ns
09-07 14:30:14.316  1033  1270 W NativeCrashListener: Couldn't find ProcessRecord for pid 17541
09-07 14:30:14.314   512 13241 D HarmanHAL: StreamIn::getCapturePositionImpl
09-07 14:30:14.316 17545 17545 E crash_dump64: AM data write failed: Broken pipe
01-01 00:05:17.315     0     0 I init    : Service 'LogManager' (pid 17541) received signal 11
09-07 14:30:14.318   463   463 E tombstoned: Tombstone written to: /data/tombstones/tombstone_29
09-07 14:30:14.326  1033  1095 I BootReceiver: Copying /data/tombstones/tombstone_29 to DropBox (SYSTEM_TOMBSTONE)
09-07 14:30:14.328  1033  1095 I DropBoxManagerService: add tag=SYSTEM_TOMBSTONE isTagEnabled=true flags=0x2
09-07 14:30:14.354   512 13241 D HarmanHAL: StreamIn::getCapturePositionImpl
09-07 14:30:14.444   512 13241 I chatty  : uid=1041(audioserver) reader identical 3 lines
09-07 14:30:14.474   512 13241 D HarmanHAL: StreamIn::getCapturePositionImpl
09-07 14:30:14.480   538   618 W ipcLib  : ipcLib: in ipc_lib. DV1 read called
09-07 14:30:14.515   512 13241 D HarmanHAL: StreamIn::getCapturePositionImpl
09-07 14:30:14.544   512 13241 D HarmanHAL: StreamIn::getCapturePositionImpl
09-07 14:30:14.572   532   569 W ipcLib  : ipcLib: in ipc_lib. DV1 read called
09-07 14:30:14.572   532   568 I VPS     : VPS:IOCStatusInfo.VoltageStatus->0 
09-07 14:30:14.572   532   568 I VPS     : VPS:IOCStatusInfo.IOCStatusCmd->a6 
09-07 14:30:14.572   532   568 I VPS     : VPS:IOCStatusInfo.WakeUpReason->0 
09-07 14:30:14.572   532   568 I VPS     : VPS:IOCStatusInfo.DerivedIgnitionStatus->0 
09-07 14:30:14.572   532   568 I VPS     : VPS:IOCStatusInfo.PowerModeState->4 
09-07 14:30:14.572   532   568 I VPS     : VPS:IOCStatusInfo.SOCShutdownRequest->0 
09-07 14:30:14.572   532   568 I VPS     : VPS:IOCStatusInfo.AntiTheftState->0 
09-07 14:30:14.572   532   568 I VPS     : VPS:IOCStatusInfo.BatteryConnect->0 
09-07 14:30:14.574   512 13241 D HarmanHAL: StreamIn::getCapturePositionImpl
09-07 14:30:14.674   512 13241 I chatty  : uid=1041(audioserver) reader identical 3 lines
09-07 14:30:14.704   512 13241 D HarmanHAL: StreamIn::getCapturePositionImpl
09-07 14:30:14.706   512 13133 I HarmanHal.Routing: hacs alsa node(pcmMicRefIn_c) adtm interval_min:0 ms, inverval_max:10 ms, inverval_mean:7 ms!
09-07 14:30:14.706   512 13133 I HarmanHal.Routing:  in printADTM() PcmAlsaWrapper.cpp:876
09-07 14:30:14.711   512 13159 I HarmanHal.Routing: hacs alsa node(pcmBtHfp_ul_pro_p) adtm interval_min:2 ms, inverval_max:12 ms, inverval_mean:7 ms!
09-07 14:30:14.711   512 13159 I HarmanHal.Routing:  in printADTM() PcmAlsaWrapper.cpp:876
09-07 14:30:14.734   512 13241 D HarmanHAL: StreamIn::getCapturePositionImpl
09-07 14:30:14.765   512 13241 I chatty  : uid=1041(audioserver) reader identical 1 line
09-07 14:30:14.794   512 13241 D HarmanHAL: StreamIn::getCapturePositionImpl
09-07 14:30:14.813   512 13169 I HarmanHal.Routing: hacs alsa node(pcmBtHfp_dl_pre_c) adtm interval_min:0 ms, inverval_max:11 ms, inverval_mean:7 ms!
09-07 14:30:14.813   512 13169 I HarmanHal.Routing:  in printADTM() PcmAlsaWrapper.cpp:876
09-07 14:30:14.814   512 13169 I HarmanHal.Routing: hacs alsa node(pcmHfp_dl_p) adtm interval_min:0 ms, inverval_max:11 ms, inverval_mean:8 ms!
09-07 14:30:14.814   512 13169 I HarmanHal.Routing:  in printADTM() PcmAlsaWrapper.cpp:876
09-07 14:30:14.815   536   536 I vendor.harman.p: type=1400 audit(0.0:3415): avc: denied { search } for name="tombstones" dev="dm-4" ino=90113 scontext=u:r:pathologyd:s0 tcontext=u:object_r:tombstone_data_file:s0 tclass=dir permissive=1
09-07 14:30:14.819   536   612 E pathology: [ProcessCrashHandler:: parseTombstoneFileName]string not found
09-07 14:30:14.819   536   612 I chatty  : uid=0(root) vendor.harman.p identical 4 lines
09-07 14:30:14.819   536   612 E pathology: [ProcessCrashHandler:: parseTombstoneFileName]string not found
09-07 14:30:14.835   512 13241 D HarmanHAL: StreamIn::getCapturePositionImpl
09-07 14:30:14.839 17570 17570 I cp      : type=1400 audit(0.0:3419): avc: denied { getattr } for path="/data/vendor/pathologyArchive/2/tombstone_29_vendor.harman.L" dev="dm-4" ino=49356 scontext=u:r:pathologyd:s0 tcontext=u:object_r:vendor_data_file:s0 tclass=file permissive=1
09-07 14:30:14.865   512 13241 D HarmanHAL: StreamIn::getCapturePositionImpl
09-07 14:30:14.894   512 13241 D HarmanHAL: StreamIn::getCapturePositionImpl
09-07 14:30:14.917   512 13158 D AudioProcessing: sseApply [handle 0xbc80d90][type 512] start..
09-07 14:30:14.917   512 13158 D AudioProcessing: sseProcess ul audioIO content print-1 [256] [2] [4] [1] 
09-07 14:30:14.917   512 13158 D AudioProcessing: sseProcess ul audioIO content print-2 [6] [1] [0x3bcbc5a0] [0x5bc7ede0] 
09-07 14:30:14.917   512 13158 D AudioProcessing: sseProcess ul audioIO content print-3 [0x1bca1320 [0x8bc84110] [0x1bc9f9b0] sse->pMain is [0x2bca4a60] 
09-07 14:30:14.917   512 13158 D AudioProcessing: sseProcess ul [handle 0xbc80d90]  ret[0]
09-07 14:30:14.917   512 13158 D AudioProcessing: sseProcess ul AudioBufferSampleCnt[256] type[512] finish..
09-07 14:30:14.924   512 13241 D HarmanHAL: StreamIn::getCapturePositionImpl
09-07 14:30:14.954   512 13241 I chatty  : uid=1041(audioserver) reader identical 1 line
09-07 14:30:14.994   512 13241 D HarmanHAL: StreamIn::getCapturePositionImpl
09-07 14:30:15.023   512 13169 D AudioProcessing: sseApply [handle 0xbc83090][type 768] start..
09-07 14:30:15.023   512 13169 D AudioProcessing: sseProcess dl audioIO content print-1 [256] [2] [1] [1] 
09-07 14:30:15.023   512 13169 D AudioProcessing: sseProcess dl audioIO content print-2 [1] [1] [0x0xb40000763bcc28d0] [0x0xb40000761bca6b00] 
09-07 14:30:15.023   512 13169 D AudioProcessing: sseProcess dl audioIO content print-3 [0x0xb40000761bca7fd0] [0x0xb40000761bcabe40] [0x0xb40000761bca5880] sse->pMain is [0x0xb40000772bcb4e80] 
09-07 14:30:15.024   512 13169 D AudioProcessing: sseProcess dl [handle 0xbc83090] ret[0]
09-07 14:30:15.024   512 13169 D AudioProcessing: sseProcess dl AudioBufferSampleCnt[256] type[768] finish..
09-07 14:30:15.025   512 13241 D HarmanHAL: StreamIn::getCapturePositionImpl
09-07 14:30:15.184   512 13241 I chatty  : uid=1041(audioserver) reader identical 5 lines
09-07 14:30:15.215   512 13241 D HarmanHAL: StreamIn::getCapturePositionImpl
09-07 14:30:15.244   512 13241 I HarmanHal.Routing: hacs alsa node(pcmTunerIn_c) adtm interval_min:29 ms, inverval_max:40 ms, inverval_mean:31 ms!
09-07 14:30:15.244   512 13241 I HarmanHal.Routing:  in printADTM() PcmAlsaWrapper.cpp:876
09-07 14:30:15.245   512 13241 D HarmanHAL: StreamIn::getCapturePositionImpl
01-01 00:05:18.239     0     0 W audit   : audit_lost=1679 audit_rate_limit=5 audit_backlog_limit=64
01-01 00:05:18.239     0     0 E audit   : rate limit exceeded
09-07 14:30:15.275   512 13241 D HarmanHAL: StreamIn::getCapturePositionImpl
09-07 14:30:15.280   512  3972 I HarmanHal.Routing: hacs alsa node(pcmMedia_p) adtm interval_min:0 ms, inverval_max:13 ms, inverval_mean:8 ms!
09-07 14:30:15.280   512  3972 I HarmanHal.Routing:  in printADTM() PcmAlsaWrapper.cpp:876
09-07 14:30:15.314   512 13241 D HarmanHAL: StreamIn::getCapturePositionImpl
09-07 14:30:15.434   512 13241 I chatty  : uid=1041(audioserver) reader identical 4 lines
09-07 14:30:15.474   512 13241 D HarmanHAL: StreamIn::getCapturePositionImpl
09-07 14:30:15.480   538   618 W ipcLib  : ipcLib: in ipc_lib. DV1 read called
09-07 14:30:15.504   512 13241 D HarmanHAL: StreamIn::getCapturePositionImpl
09-07 14:30:15.665   512 13241 I chatty  : uid=1041(audioserver) reader identical 5 lines
09-07 14:30:15.695   512 13241 D HarmanHAL: StreamIn::getCapturePositionImpl
09-07 14:30:15.705   512 13133 I HarmanHal.Routing: hacs alsa node(pcmMicRefIn_c) adtm interval_min:0 ms, inverval_max:11 ms, inverval_mean:8 ms!
09-07 14:30:15.705   512 13133 I HarmanHal.Routing:  in printADTM() PcmAlsaWrapper.cpp:876
09-07 14:30:15.711   512 13159 I HarmanHal.Routing: hacs alsa node(pcmBtHfp_ul_pro_p) adtm interval_min:2 ms, inverval_max:13 ms, inverval_mean:8 ms!
09-07 14:30:15.711   512 13159 I HarmanHal.Routing:  in printADTM() PcmAlsaWrapper.cpp:876
09-07 14:30:15.724   512 13241 D HarmanHAL: StreamIn::getCapturePositionImpl
09-07 14:30:15.755   512 13241 I chatty  : uid=1041(audioserver) reader identical 1 line
09-07 14:30:15.795   512 13241 D HarmanHAL: StreamIn::getCapturePositionImpl
09-07 14:30:15.814   512 13169 I HarmanHal.Routing: hacs alsa node(pcmBtHfp_dl_pre_c) adtm interval_min:0 ms, inverval_max:11 ms, inverval_mean:8 ms!
09-07 14:30:15.814   512 13169 I HarmanHal.Routing:  in printADTM() PcmAlsaWrapper.cpp:876
09-07 14:30:15.814   512 13169 I HarmanHal.Routing: hacs alsa node(pcmHfp_dl_p) adtm interval_min:0 ms, inverval_max:12 ms, inverval_mean:8 ms!
09-07 14:30:15.814   512 13169 I HarmanHal.Routing:  in printADTM() PcmAlsaWrapper.cpp:876
09-07 14:30:15.825   512 13241 D HarmanHAL: StreamIn::getCapturePositionImpl
09-07 14:30:15.854   512 13241 D HarmanHAL: StreamIn::getCapturePositionImpl
09-07 14:30:15.859   536   536 I vendor.harman.p: type=1400 audit(0.0:3426): avc: denied { read } for name="2" dev="dm-4" ino=49241 scontext=u:r:pathologyd:s0 tcontext=u:object_r:vendor_data_file:s0 tclass=dir permissive=1
09-07 14:30:15.859   536   536 I vendor.harman.p: type=1400 audit(0.0:3427): avc: denied { open } for path="/data/vendor/pathologyArchive/2" dev="dm-4" ino=49241 scontext=u:r:pathologyd:s0 tcontext=u:object_r:vendor_data_file:s0 tclass=dir permissive=1
09-07 14:30:15.884   512 13241 D HarmanHAL: StreamIn::getCapturePositionImpl
09-07 14:30:16.174   512 13241 I chatty  : uid=1041(audioserver) reader identical 9 lines
09-07 14:30:16.204   512 13241 D HarmanHAL: StreamIn::getCapturePositionImpl
09-07 14:30:16.234   512 13241 I HarmanHal.Routing: hacs alsa node(pcmTunerIn_c) adtm interval_min:30 ms, inverval_max:40 ms, inverval_mean:31 ms!
09-07 14:30:16.234   512 13241 I HarmanHal.Routing:  in printADTM() PcmAlsaWrapper.cpp:876
09-07 14:30:16.235   512 13241 D HarmanHAL: StreamIn::getCapturePositionImpl
09-07 14:30:16.275   512 13241 D HarmanHAL: StreamIn::getCapturePositionImpl
09-07 14:30:16.280   512  3972 I HarmanHal.Routing: hacs alsa node(pcmMedia_p) adtm interval_min:1 ms, inverval_max:10 ms, inverval_mean:8 ms!
09-07 14:30:16.280   512  3972 I HarmanHal.Routing:  in printADTM() PcmAlsaWrapper.cpp:876
09-07 14:30:16.305   512 13241 D HarmanHAL: StreamIn::getCapturePositionImpl
09-07 14:30:16.435   512 13241 I chatty  : uid=1041(audioserver) reader identical 4 lines
09-07 14:30:16.464   512 13241 D HarmanHAL: StreamIn::getCapturePositionImpl
09-07 14:30:16.480   538   618 W ipcLib  : ipcLib: in ipc_lib. DV1 read called
09-07 14:30:16.495   512 13241 D HarmanHAL: StreamIn::getCapturePositionImpl
09-07 14:30:16.517   512 13158 D AudioProcessing: sseApply [handle 0xbc80d90][type 512] start..
09-07 14:30:16.518   512 13158 D AudioProcessing: sseProcess ul audioIO content print-1 [256] [2] [4] [1] 
09-07 14:30:16.518   512 13158 D AudioProcessing: sseProcess ul audioIO content print-2 [6] [1] [0x3bcbc5a0] [0x5bc7ede0] 
09-07 14:30:16.518   512 13158 D AudioProcessing: sseProcess ul audioIO content print-3 [0x1bca1320 [0x8bc84110] [0x1bc9f9b0] sse->pMain is [0x2bca4a60] 
09-07 14:30:16.519   512 13158 D AudioProcessing: sseProcess ul [handle 0xbc80d90]  ret[0]
09-07 14:30:16.519   512 13158 D AudioProcessing: sseProcess ul AudioBufferSampleCnt[256] type[512] finish..
09-07 14:30:16.524   512 13241 D HarmanHAL: StreamIn::getCapturePositionImpl
09-07 14:30:16.555   512 13241 I chatty  : uid=1041(audioserver) reader identical 1 line
09-07 14:30:16.595   512 13241 D HarmanHAL: StreamIn::getCapturePositionImpl
09-07 14:30:16.623   512 13169 D AudioProcessing: sseApply [handle 0xbc83090][type 768] start..
09-07 14:30:16.623   512 13169 D AudioProcessing: sseProcess dl audioIO content print-1 [256] [2] [1] [1] 
09-07 14:30:16.623   512 13169 D AudioProcessing: sseProcess dl audioIO content print-2 [1] [1] [0x0xb40000763bcc28d0] [0x0xb40000761bca6b00] 
09-07 14:30:16.623   512 13169 D AudioProcessing: sseProcess dl audioIO content print-3 [0x0xb40000761bca7fd0] [0x0xb40000761bcabe40] [0x0xb40000761bca5880] sse->pMain is [0x0xb40000772bcb4e80] 
09-07 14:30:16.624   512 13169 D AudioProcessing: sseProcess dl [handle 0xbc83090] ret[0]
09-07 14:30:16.624   512 13169 D AudioProcessing: sseProcess dl AudioBufferSampleCnt[256] type[768] finish..
09-07 14:30:16.626   512 13241 D HarmanHAL: StreamIn::getCapturePositionImpl
09-07 14:30:16.654   512 13241 D HarmanHAL: StreamIn::getCapturePositionImpl
09-07 14:30:16.672   532   569 W ipcLib  : ipcLib: in ipc_lib. DV1 read called
09-07 14:30:16.672   532   568 I VPS     : VPS:IOCStatusInfo.VoltageStatus->0 
09-07 14:30:16.672   532   568 I VPS     : VPS:IOCStatusInfo.IOCStatusCmd->a6 
09-07 14:30:16.672   532   568 I VPS     : VPS:IOCStatusInfo.WakeUpReason->0 
09-07 14:30:16.672   532   568 I VPS     : VPS:IOCStatusInfo.DerivedIgnitionStatus->0 
09-07 14:30:16.672   532   568 I VPS     : VPS:IOCStatusInfo.PowerModeState->4 
09-07 14:30:16.672   532   568 I VPS     : VPS:IOCStatusInfo.SOCShutdownRequest->0 
09-07 14:30:16.673   532   568 I VPS     : VPS:IOCStatusInfo.AntiTheftState->0 
09-07 14:30:16.673   532   568 I VPS     : VPS:IOCStatusInfo.BatteryConnect->0 
09-07 14:30:16.685   512 13241 D HarmanHAL: StreamIn::getCapturePositionImpl
09-07 14:30:16.707   512 13133 I HarmanHal.Routing: hacs alsa node(pcmMicRefIn_c) adtm interval_min:0 ms, inverval_max:11 ms, inverval_mean:8 ms!
09-07 14:30:16.707   512 13133 I HarmanHal.Routing:  in printADTM() PcmAlsaWrapper.cpp:876
09-07 14:30:16.712   512 13159 I HarmanHal.Routing: hacs alsa node(pcmBtHfp_ul_pro_p) adtm interval_min:2 ms, inverval_max:12 ms, inverval_mean:8 ms!
09-07 14:30:16.712   512 13159 I HarmanHal.Routing:  in printADTM() PcmAlsaWrapper.cpp:876
09-07 14:30:16.714   512 13241 D HarmanHAL: StreamIn::getCapturePositionImpl
09-07 14:30:16.754   512 13241 I chatty  : uid=1041(audioserver) reader identical 1 line
09-07 14:30:16.784   512 13241 D HarmanHAL: StreamIn::getCapturePositionImpl
09-07 14:30:16.813   512 13169 I HarmanHal.Routing: hacs alsa node(pcmBtHfp_dl_pre_c) adtm interval_min:0 ms, inverval_max:10 ms, inverval_mean:7 ms!
09-07 14:30:16.813   512 13169 I HarmanHal.Routing:  in printADTM() PcmAlsaWrapper.cpp:876
09-07 14:30:16.814   512 13241 D HarmanHAL: StreamIn::getCapturePositionImpl
09-07 14:30:16.814   512 13169 I HarmanHal.Routing: hacs alsa node(pcmHfp_dl_p) adtm interval_min:0 ms, inverval_max:11 ms, inverval_mean:8 ms!
09-07 14:30:16.814   512 13169 I HarmanHal.Routing:  in printADTM() PcmAlsaWrapper.cpp:876
09-07 14:30:16.845   512 13241 D HarmanHAL: StreamIn::getCapturePositionImpl
09-07 14:30:17.072  1033  1055 I DropBoxManagerService: add tag=system_server_strictmode isTagEnabled=true flags=0x2
09-07 14:30:17.164   512 13241 I chatty  : uid=1041(audioserver) reader identical 10 lines
09-07 14:30:17.194   512 13241 D HarmanHAL: StreamIn::getCapturePositionImpl
09-07 14:30:17.234   512 13241 I HarmanHal.Routing: hacs alsa node(pcmTunerIn_c) adtm interval_min:29 ms, inverval_max:40 ms, inverval_mean:32 ms!
09-07 14:30:17.234   512 13241 I HarmanHal.Routing:  in printADTM() PcmAlsaWrapper.cpp:876
09-07 14:30:17.235   512 13241 D HarmanHAL: StreamIn::getCapturePositionImpl
09-07 14:30:17.265   512 13241 D HarmanHAL: StreamIn::getCapturePositionImpl
09-07 14:30:17.280   512  3972 I HarmanHal.Routing: hacs alsa node(pcmMedia_p) adtm interval_min:0 ms, inverval_max:11 ms, inverval_mean:8 ms!
09-07 14:30:17.280   512  3972 I HarmanHal.Routing:  in printADTM() PcmAlsaWrapper.cpp:876
09-07 14:30:17.294   512 13241 D HarmanHAL: StreamIn::getCapturePositionImpl
09-07 14:30:17.424   512 13241 I chatty  : uid=1041(audioserver) reader identical 4 lines
09-07 14:30:17.455   512 13241 D HarmanHAL: StreamIn::getCapturePositionImpl
09-07 14:30:17.480   538   618 W ipcLib  : ipcLib: in ipc_lib. DV1 read called
09-07 14:30:17.484   512 13241 D HarmanHAL: StreamIn::getCapturePositionImpl
09-07 14:30:17.644   512 13241 I chatty  : uid=1041(audioserver) reader identical 5 lines
09-07 14:30:17.674   512 13241 D HarmanHAL: StreamIn::getCapturePositionImpl
09-07 14:30:17.705   512 13133 I HarmanHal.Routing: hacs alsa node(pcmMicRefIn_c) adtm interval_min:0 ms, inverval_max:11 ms, inverval_mean:7 ms!
09-07 14:30:17.705   512 13133 I HarmanHal.Routing:  in printADTM() PcmAlsaWrapper.cpp:876
09-07 14:30:17.711   512 13159 I HarmanHal.Routing: hacs alsa node(pcmBtHfp_ul_pro_p) adtm interval_min:2 ms, inverval_max:12 ms, inverval_mean:7 ms!
09-07 14:30:17.711   512 13159 I HarmanHal.Routing:  in printADTM() PcmAlsaWrapper.cpp:876
09-07 14:30:17.714   512 13241 D HarmanHAL: StreamIn::getCapturePositionImpl
09-07 14:30:17.774   512 13241 I chatty  : uid=1041(audioserver) reader identical 2 lines
09-07 14:30:17.804   512 13241 D HarmanHAL: StreamIn::getCapturePositionImpl
09-07 14:30:17.814   512 13169 I HarmanHal.Routing: hacs alsa node(pcmBtHfp_dl_pre_c) adtm interval_min:0 ms, inverval_max:10 ms, inverval_mean:8 ms!
09-07 14:30:17.814   512 13169 I HarmanHal.Routing:  in printADTM() PcmAlsaWrapper.cpp:876
09-07 14:30:17.814   512 13169 I HarmanHal.Routing: hacs alsa node(pcmHfp_dl_p) adtm interval_min:0 ms, inverval_max:11 ms, inverval_mean:8 ms!
09-07 14:30:17.814   512 13169 I HarmanHal.Routing:  in printADTM() PcmAlsaWrapper.cpp:876
09-07 14:30:17.835   512 13241 D HarmanHAL: StreamIn::getCapturePositionImpl
09-07 14:30:18.064   512 13241 I chatty  : uid=1041(audioserver) reader identical 7 lines
09-07 14:30:18.094   512 13241 D HarmanHAL: StreamIn::getCapturePositionImpl
09-07 14:30:18.118   512 13158 D AudioProcessing: sseApply [handle 0xbc80d90][type 512] start..
09-07 14:30:18.118   512 13158 D AudioProcessing: sseProcess ul audioIO content print-1 [256] [2] [4] [1] 
09-07 14:30:18.118   512 13158 D AudioProcessing: sseProcess ul audioIO content print-2 [6] [1] [0x3bcbc5a0] [0x5bc7ede0] 
09-07 14:30:18.118   512 13158 D AudioProcessing: sseProcess ul audioIO content print-3 [0x1bca1320 [0x8bc84110] [0x1bc9f9b0] sse->pMain is [0x2bca4a60] 
09-07 14:30:18.119   512 13158 D AudioProcessing: sseProcess ul [handle 0xbc80d90]  ret[0]
09-07 14:30:18.119   512 13158 D AudioProcessing: sseProcess ul AudioBufferSampleCnt[256] type[512] finish..
09-07 14:30:18.124   512 13241 D HarmanHAL: StreamIn::getCapturePositionImpl
09-07 14:30:18.155   512 13241 I chatty  : uid=1041(audioserver) reader identical 1 line
09-07 14:30:18.194   512 13241 D HarmanHAL: StreamIn::getCapturePositionImpl
09-07 14:30:18.223   512 13169 D AudioProcessing: sseApply [handle 0xbc83090][type 768] start..
09-07 14:30:18.223   512 13169 D AudioProcessing: sseProcess dl audioIO content print-1 [256] [2] [1] [1] 
09-07 14:30:18.223   512 13169 D AudioProcessing: sseProcess dl audioIO content print-2 [1] [1] [0x0xb40000763bcc28d0] [0x0xb40000761bca6b00] 
09-07 14:30:18.223   512 13169 D AudioProcessing: sseProcess dl audioIO content print-3 [0x0xb40000761bca7fd0] [0x0xb40000761bcabe40] [0x0xb40000761bca5880] sse->pMain is [0x0xb40000772bcb4e80] 
09-07 14:30:18.224   512 13169 D AudioProcessing: sseProcess dl [handle 0xbc83090] ret[0]
09-07 14:30:18.224   512 13169 D AudioProcessing: sseProcess dl AudioBufferSampleCnt[256] type[768] finish..
09-07 14:30:18.224   512 13241 I HarmanHal.Routing: hacs alsa node(pcmTunerIn_c) adtm interval_min:30 ms, inverval_max:40 ms, inverval_mean:31 ms!
09-07 14:30:18.224   512 13241 I HarmanHal.Routing:  in printADTM() PcmAlsaWrapper.cpp:876
09-07 14:30:18.225   512 13241 D HarmanHAL: StreamIn::getCapturePositionImpl
09-07 14:30:18.254   512 13241 D HarmanHAL: StreamIn::getCapturePositionImpl
09-07 14:30:18.281   512  3972 I HarmanHal.Routing: hacs alsa node(pcmMedia_p) adtm interval_min:1 ms, inverval_max:11 ms, inverval_mean:8 ms!
09-07 14:30:18.281   512  3972 I HarmanHal.Routing:  in printADTM() PcmAlsaWrapper.cpp:876
09-07 14:30:18.284   512 13241 D HarmanHAL: StreamIn::getCapturePositionImpl
09-07 14:30:18.445   512 13241 I chatty  : uid=1041(audioserver) reader identical 5 lines
09-07 14:30:18.475   512 13241 D HarmanHAL: StreamIn::getCapturePositionImpl
09-07 14:30:18.480   538   618 W ipcLib  : ipcLib: in ipc_lib. DV1 read called
09-07 14:30:18.515   512 13241 D HarmanHAL: StreamIn::getCapturePositionImpl
09-07 14:30:18.574   512 13241 I chatty  : uid=1041(audioserver) reader identical 2 lines
09-07 14:30:18.604   512 13241 D HarmanHAL: StreamIn::getCapturePositionImpl
09-07 14:30:18.619   911  4981 D BufferPoolAccessor2.0: bufferpool2 0xb400007205c6d498 : 2(1048576 size) total buffers - 1(524288 size) used buffers - 3650/3660 (recycle/alloc) - 25/3659 (fetch/transfer)
09-07 14:30:18.635   512 13241 D HarmanHAL: StreamIn::getCapturePositionImpl
09-07 14:30:18.674   512 13241 I chatty  : uid=1041(audioserver) reader identical 1 line
09-07 14:30:18.704   512 13241 D HarmanHAL: StreamIn::getCapturePositionImpl
09-07 14:30:18.706   512 13133 I HarmanHal.Routing: hacs alsa node(pcmMicRefIn_c) adtm interval_min:0 ms, inverval_max:11 ms, inverval_mean:8 ms!
09-07 14:30:18.706   512 13133 I HarmanHal.Routing:  in printADTM() PcmAlsaWrapper.cpp:876
09-07 14:30:18.711   512 13159 I HarmanHal.Routing: hacs alsa node(pcmBtHfp_ul_pro_p) adtm interval_min:2 ms, inverval_max:12 ms, inverval_mean:8 ms!
09-07 14:30:18.711   512 13159 I HarmanHal.Routing:  in printADTM() PcmAlsaWrapper.cpp:876
09-07 14:30:18.734   512 13241 D HarmanHAL: StreamIn::getCapturePositionImpl
09-07 14:30:18.764   512 13241 D HarmanHAL: StreamIn::getCapturePositionImpl
09-07 14:30:18.772   532   569 W ipcLib  : ipcLib: in ipc_lib. DV1 read called
09-07 14:30:18.772   532   568 I VPS     : VPS:IOCStatusInfo.VoltageStatus->0 
09-07 14:30:18.772   532   568 I VPS     : VPS:IOCStatusInfo.IOCStatusCmd->a6 
09-07 14:30:18.772   532   568 I VPS     : VPS:IOCStatusInfo.WakeUpReason->0 
09-07 14:30:18.772   532   568 I VPS     : VPS:IOCStatusInfo.DerivedIgnitionStatus->0 
09-07 14:30:18.772   532   568 I VPS     : VPS:IOCStatusInfo.PowerModeState->4 
09-07 14:30:18.772   532   568 I VPS     : VPS:IOCStatusInfo.SOCShutdownRequest->0 
09-07 14:30:18.772   532   568 I VPS     : VPS:IOCStatusInfo.AntiTheftState->0 
09-07 14:30:18.772   532   568 I VPS     : VPS:IOCStatusInfo.BatteryConnect->0 
09-07 14:30:18.795   512 13241 D HarmanHAL: StreamIn::getCapturePositionImpl
09-07 14:30:18.813   512 13169 I HarmanHal.Routing: hacs alsa node(pcmBtHfp_dl_pre_c) adtm interval_min:0 ms, inverval_max:10 ms, inverval_mean:7 ms!
09-07 14:30:18.813   512 13169 I HarmanHal.Routing:  in printADTM() PcmAlsaWrapper.cpp:876
09-07 14:30:18.815   512 13169 I HarmanHal.Routing: hacs alsa node(pcmHfp_dl_p) adtm interval_min:0 ms, inverval_max:11 ms, inverval_mean:8 ms!
09-07 14:30:18.815   512 13169 I HarmanHal.Routing:  in printADTM() PcmAlsaWrapper.cpp:876
09-07 14:30:18.835   512 13241 D HarmanHAL: StreamIn::getCapturePositionImpl
09-07 14:30:18.955   512 13241 I chatty  : uid=1041(audioserver) reader identical 4 lines
09-07 14:30:18.995   512 13241 D HarmanHAL: StreamIn::getCapturePositionImpl
09-07 14:30:19.000   532   569 I VPS     : VPS:VehiclePlatformSOCHeartBeatHandler IVI HeartBeat sent successfully SOCHeartBeatInfo.SOCStatus->2
09-07 14:30:19.000   532   569 W ipcLib  : ipcLib: in ipc_lib. DV1 write called
09-07 14:30:19.002   532   569 W ipcLib  : ipcLib: in ipc_lib. DV1 read called
09-07 14:30:19.025   512 13241 D HarmanHAL: StreamIn::getCapturePositionImpl
01-01 00:05:22.133     0     0 I init    : starting service 'qccsyshalservice'...
01-01 00:05:22.140     0     0 I init    : starting service 'vendor.sensors-hal-1-0'...
01-01 00:05:22.148     0     0 I init    : starting service 'LogManager'...
09-07 14:30:19.115   512 13241 I chatty  : uid=1041(audioserver) reader identical 3 lines
09-07 14:30:19.155   512 13241 D HarmanHAL: StreamIn::getCapturePositionImpl
09-07 14:30:19.168   376   376 I hwservicemanager: getTransport: Cannot find entry android.hardware.sensors@1.0::ISensors/default in either framework or device manifest.
09-07 14:30:19.172 17713 17713 E android.hardware.sensors@1.0-service: Couldn't load sensors module (Unknown error -2147483648)
09-07 14:30:19.172 17713 17713 D RefBase : RefBase: Explicit destruction, weak count = 0 (in 0xb4000073c6328988)
09-07 14:30:19.172 17713 17713 W RefBase : CallStack::getCurrentInternal not linked, returning null
09-07 14:30:19.172 17713 17713 W RefBase : CallStack::logStackInternal not linked
09-07 14:30:19.173 17713 17713 E LegacySupport: Could not get passthrough implementation for android.hardware.sensors@1.0::ISensors/default.
09-07 14:30:19.176 17712 17712 I qccsyshalservice: Start with system binder
09-07 14:30:19.177 17712 17712 I qccsyshalservice: Registering qccsyshal service...
01-01 00:05:22.164     0     0 I init    : Service 'vendor.sensors-hal-1-0' (pid 17713) exited with status 1
01-01 00:05:22.164     0     0 I init    : Sending signal 9 to service 'vendor.sensors-hal-1-0' (pid 17713) process group...
01-01 00:05:22.165     0     0 I libprocessgroup: Successfully killed process cgroup uid 1000 pid 17713 in 0ms
09-07 14:30:19.178   376   376 I hwservicemanager: getTransport: Cannot find entry vendor.qti.hardware.qccsyshal@1.0::IQccsyshal/qccsyshal in either framework or device manifest.
09-07 14:30:19.179 17712 17712 E HidlServiceManagement: Service vendor.qti.hardware.qccsyshal@1.0::IQccsyshal/qccsyshal must be in VINTF manifest in order to register/get.
09-07 14:30:19.179 17712 17712 E qccsyshalservice: [ERROR] registerAsService() failed with status: -2147483648
01-01 00:05:22.170     0     0 I init    : Service 'qccsyshalservice' (pid 17712) exited with status 1
01-01 00:05:22.171     0     0 I init    : Sending signal 9 to service 'qccsyshalservice' (pid 17712) process group...
01-01 00:05:22.171     0     0 I libprocessgroup: Successfully killed process cgroup uid 1000 pid 17712 in 0ms
09-07 14:30:19.184   512 13241 D HarmanHAL: StreamIn::getCapturePositionImpl
09-07 14:30:19.194 17714 17714 D LOGMANAGER: LOGMANAGER HAL service init() start
09-07 14:30:19.195 17714 17714 D LOGMANAGER: Logmanager configured rpcthreadpool
09-07 14:30:19.191 17714 17714 I vendor.harman.L: type=1400 audit(0.0:3428): avc: denied { read } for name="u:object_r:hwservicemanager_prop:s0" dev="tmpfs" ino=24519 scontext=u:r:logmanagerd:s0 tcontext=u:object_r:hwservicemanager_prop:s0 tclass=file permissive=1
09-07 14:30:19.191 17714 17714 I vendor.harman.L: type=1400 audit(0.0:3429): avc: denied { open } for path="/dev/__properties__/u:object_r:hwservicemanager_prop:s0" dev="tmpfs" ino=24519 scontext=u:r:logmanagerd:s0 tcontext=u:object_r:hwservicemanager_prop:s0 tclass=file permissive=1
09-07 14:30:19.191 17714 17714 I vendor.harman.L: type=1400 audit(0.0:3430): avc: denied { getattr } for path="/dev/__properties__/u:object_r:hwservicemanager_prop:s0" dev="tmpfs" ino=24519 scontext=u:r:logmanagerd:s0 tcontext=u:object_r:hwservicemanager_prop:s0 tclass=file permissive=1
09-07 14:30:19.191 17714 17714 I vendor.harman.L: type=1400 audit(0.0:3431): avc: denied { map } for path="/dev/__properties__/u:object_r:hwservicemanager_prop:s0" dev="tmpfs" ino=24519 scontext=u:r:logmanagerd:s0 tcontext=u:object_r:hwservicemanager_prop:s0 tclass=file permissive=1
09-07 14:30:19.197 17714 17714 I HidlServiceManagement: Registered vendor.harman.hardware.LogManager@1.0::ILogManager/default
09-07 14:30:19.198 17714 17714 D LOGMANAGER: Logmanager HAL Service is registered and ready
09-07 14:30:19.198 17714 17714 I LOGMANAGER: ThreadPoolWrapper::initThreadPool
09-07 14:30:19.198 17714 17714 I LOGMANAGER: ThreadPoolWrapper : exit
09-07 14:30:19.198 17714 17714 D LOGMANAGER: Logmanager threadpoolwrapper created
09-07 14:30:19.198 17714 17714 D LOGMANAGER: User argument is -c
09-07 14:30:19.198 17714 17715 I LOGMANAGER: ThreadPoolWrapper:  enter the joinRpcThreadpool()
09-07 14:30:19.198 17714 17714 I LOGMANAGER: LogmanagerConfig is configured under config file
09-07 14:30:19.198 17714 17714 I LOGMANAGER: LoggingLevel is : 4
09-07 14:30:19.198 17714 17714 I LOGMANAGER: LogEnableState is : 0
09-07 14:30:19.198 17714 17714 I LOGMANAGER: OutputPluginConfiguration PluginType : LOGWRITTER
09-07 14:30:19.198 17714 17714 I LOGMANAGER: LM_OutputConfiguration : 1
09-07 14:30:19.198 17714 17714 I LOGMANAGER: LM_OfflineTraceDirectory : /data/cache
09-07 14:30:19.198 17714 17714 I LOGMANAGER: LM_OfflineTraceFILESize : 1000000
09-07 14:30:19.198 17714 17714 I LOGMANAGER: LM_OfflineTotalFILESSize : 20000000
09-07 14:30:19.199 17714 17714 I LOGMANAGER: LM_FileNameTimeStampBased : 0
09-07 14:30:19.199 17714 17714 I LOGMANAGER: Got IOC plugin
09-07 14:30:19.199 17714 17714 I LOGMANAGER: IOCIPCChannelNumber :6
09-07 14:30:19.199 17714 17714 I LOGMANAGER: keyseq: HOME + VOLUMEDOWN  for domain is AudioDump
09-07 14:30:19.199 17714 17714 I LOGMANAGER: keyseq: HOME + VOLUMEUP  for domain is HCIDump
09-07 14:30:19.199 17714 17714 I LOGMANAGER: Domains parsing is done
01-01 00:05:22.189     0     0 W audit   : audit_lost=1682 audit_rate_limit=5 audit_backlog_limit=64
01-01 00:05:22.189     0     0 E audit   : rate limit exceeded
09-07 14:30:19.195 17714 17714 I vendor.harman.L: type=1400 audit(0.0:3432): avc: denied { dac_read_search } for capability=2 scontext=u:r:logmanagerd:s0 tcontext=u:r:logmanagerd:s0 tclass=capability permissive=1
09-07 14:30:19.195 17714 17714 I vendor.harman.L: type=1400 audit(0.0:3433): avc: denied { search } for name="cache" dev="dm-4" ino=262146 scontext=u:r:logmanagerd:s0 tcontext=u:object_r:cache_file:s0 tclass=dir permissive=1
09-07 14:30:19.195 17714 17714 I vendor.harman.L: type=1400 audit(0.0:3434): avc: denied { dac_override } for capability=1 scontext=u:r:logmanagerd:s0 tcontext=u:r:logmanagerd:s0 tclass=capability permissive=1
09-07 14:30:19.195 17714 17714 I vendor.harman.L: type=1400 audit(0.0:3435): avc: denied { write } for name="cache" dev="dm-4" ino=262146 scontext=u:r:logmanagerd:s0 tcontext=u:object_r:cache_file:s0 tclass=dir permissive=1
09-07 14:30:19.204 17714 17714 E LOGMANAGER: Failed to load plugin /vendor/lib64/libIOCDLogReader.so with error code dlopen failed: library "/vendor/lib64/libIOCDLogReader.so" not found 
09-07 14:30:19.204 17714 17714 F libc    : Fatal signal 11 (SIGSEGV), code 1 (SEGV_MAPERR), fault addr 0x0 in tid 17714 (vendor.harman.L), pid 17714 (vendor.harman.L)
09-07 14:30:19.214   512 13241 I HarmanHal.Routing: hacs alsa node(pcmTunerIn_c) adtm interval_min:29 ms, inverval_max:41 ms, inverval_mean:31 ms!
09-07 14:30:19.214   512 13241 I HarmanHal.Routing:  in printADTM() PcmAlsaWrapper.cpp:876
09-07 14:30:19.215   512 13241 D HarmanHAL: StreamIn::getCapturePositionImpl
09-07 14:30:19.244 17721 17721 I crash_dump64: obtaining output fd from tombstoned, type: kDebuggerdTombstone
09-07 14:30:19.245   512 13241 D HarmanHAL: StreamIn::getCapturePositionImpl
09-07 14:30:19.245   463   463 I tombstoned: received crash request for pid 17714
09-07 14:30:19.246 17721 17721 I crash_dump64: performing dump of process 17714 (target tid = 17714)
09-07 14:30:19.249 17721 17721 F DEBUG   : *** *** *** *** *** *** *** *** *** *** *** *** *** *** *** ***
09-07 14:30:19.249 17721 17721 F DEBUG   : Build fingerprint: 'qti/titan_tml_b2/titan_tml_b2:11/RQ3A.210605.005/eng.ksong.20210907.134230:userdebug/test-keys'
09-07 14:30:19.250 17721 17721 F DEBUG   : Revision: '0'
09-07 14:30:19.250 17721 17721 F DEBUG   : ABI: 'arm64'
09-07 14:30:19.251 17721 17721 F DEBUG   : Timestamp: 2021-09-07 14:30:19+0000
09-07 14:30:19.251 17721 17721 F DEBUG   : pid: 17714, tid: 17714, name: vendor.harman.L  >>> /vendor/bin/hw/vendor.harman.LogManager@1.0-service <<<
09-07 14:30:19.251 17721 17721 F DEBUG   : uid: 0
09-07 14:30:19.251 17721 17721 F DEBUG   : signal 11 (SIGSEGV), code 1 (SEGV_MAPERR), fault addr 0x0
09-07 14:30:19.251 17721 17721 F DEBUG   : Cause: null pointer dereference
09-07 14:30:19.251 17721 17721 F DEBUG   :     x0  0000000000000000  x1  0000000000000000  x2  0000000000080001  x3  0000000000000000
09-07 14:30:19.251 17721 17721 F DEBUG   :     x4  0000000000000000  x5  0000000000000090  x6  fefefefefefefeff  x7  7f7f7f7f7f7f7f7f
09-07 14:30:19.252 17721 17721 F DEBUG   :     x8  0101010101010101  x9  388bf7c3861bc910  x10 0000007ff0af55f8  x11 fffffffffffffffd
09-07 14:30:19.252 17721 17721 F DEBUG   :     x12 0000007ff0af5780  x13 000000000000008e  x14 000bebc18c56a000  x15 0000000034155555
09-07 14:30:19.252 17721 17721 F DEBUG   :     x16 0000005aa7a637e0  x17 0000007e5196cb30  x18 0000007e52d60000  x19 0000000000000000
09-07 14:30:19.252 17721 17721 F DEBUG   :     x20 0000007e51d39c50  x21 0000007ff0af5e99  x22 b400007d5168cc08  x23 0000007ff0af5eb8
09-07 14:30:19.252 17721 17721 F DEBUG   :     x24 0000000000000000  x25 0000007e522d3000  x26 0000007ff0af5e99  x27 0000007ff0af5e69
09-07 14:30:19.252 17721 17721 F DEBUG   :     x28 0000000000000000  x29 0000007ff0af5da0
09-07 14:30:19.252 17721 17721 F DEBUG   :     lr  0000005aa7a5a048  sp  0000007ff0af5da0  pc  0000007e5196cb40  pst 0000000080000000
09-07 14:30:19.256 17721 17721 F DEBUG   : backtrace:
09-07 14:30:19.256 17721 17721 F DEBUG   :       #00 pc 000000000004ab40  /apex/com.android.runtime/lib64/bionic/libc.so (strlen_default+16) (BuildId: 2b7c6e33413ac7278a15dfc3ea383089)
09-07 14:30:19.256 17721 17721 F DEBUG   :       #01 pc 0000000000009044  /vendor/bin/hw/vendor.harman.LogManager@1.0-service (BuildId: 3e966ab64050b441b920ba0e8960d123)
09-07 14:30:19.257 17721 17721 F DEBUG   :       #02 pc 0000000000008df0  /vendor/bin/hw/vendor.harman.LogManager@1.0-service (LM::LogManagerImpl::load_plugin_conf(void*, std::__1::basic_string<char, std::__1::char_traits<char>, std::__1::allocator<char> >, std::__1::multimap<std::__1::basic_string<char, std::__1::char_traits<char>, std::__1::allocator<char> >, int, std::__1::less<std::__1::basic_string<char, std::__1::char_traits<char>, std::__1::allocator<char> > >, std::__1::allocator<std::__1::pair<std::__1::basic_string<char, std::__1::char_traits<char>, std::__1::allocator<char> > const, int> > >&)+752) (BuildId: 3e966ab64050b441b920ba0e8960d123)
09-07 14:30:19.257 17721 17721 F DEBUG   :       #03 pc 00000000000088c0  /vendor/bin/hw/vendor.harman.LogManager@1.0-service (LM::LogManagerImpl::loadplugins()+436) (BuildId: 3e966ab64050b441b920ba0e8960d123)
09-07 14:30:19.257 17721 17721 F DEBUG   :       #04 pc 0000000000007af8  /vendor/bin/hw/vendor.harman.LogManager@1.0-service (main+1112) (BuildId: 3e966ab64050b441b920ba0e8960d123)
09-07 14:30:19.257 17721 17721 F DEBUG   :       #05 pc 000000000004988c  /apex/com.android.runtime/lib64/bionic/libc.so (__libc_init+108) (BuildId: 2b7c6e33413ac7278a15dfc3ea383089)
09-07 14:30:19.275   512 13241 D HarmanHAL: StreamIn::getCapturePositionImpl
09-07 14:30:19.280   512  3972 I HarmanHal.Routing: hacs alsa node(pcmMedia_p) adtm interval_min:0 ms, inverval_max:11 ms, inverval_mean:7 ms!
09-07 14:30:19.280   512  3972 I HarmanHal.Routing:  in printADTM() PcmAlsaWrapper.cpp:876
01-01 00:05:22.272     0     0 D logd    : logdr: UID=0 GID=1000 PID=17721 n tail=50 logMask=8 pid=17714 start=0ns timeout=0ns
01-01 00:05:22.282     0     0 D logd    : logdr: UID=0 GID=1000 PID=17721 n tail=50 logMask=1 pid=17714 start=0ns timeout=0ns
09-07 14:30:19.314   512 13241 D HarmanHAL: StreamIn::getCapturePositionImpl
09-07 14:30:17.091  1033  1055 I chatty  : uid=1000(system) android.io identical 2 lines
09-07 14:30:17.101  1033  1055 I DropBoxManagerService: add tag=system_server_strictmode isTagEnabled=true flags=0x2
09-07 14:30:19.347  1033  1270 W NativeCrashListener: Couldn't find ProcessRecord for pid 17714
09-07 14:30:19.345   512 13241 D HarmanHAL: StreamIn::getCapturePositionImpl
09-07 14:30:19.348 17721 17721 E crash_dump64: AM data write failed: Broken pipe
09-07 14:30:19.349   463   463 E tombstoned: Tombstone written to: /data/tombstones/tombstone_30
01-01 00:05:22.342     0     0 I init    : Service 'LogManager' (pid 17714) received signal 11
09-07 14:30:19.357  1033  1095 I BootReceiver: Copying /data/tombstones/tombstone_30 to DropBox (SYSTEM_TOMBSTONE)
09-07 14:30:19.360  1033  1095 I DropBoxManagerService: add tag=SYSTEM_TOMBSTONE isTagEnabled=true flags=0x2
09-07 14:30:19.374   512 13241 D HarmanHAL: StreamIn::getCapturePositionImpl
09-07 14:30:19.435   512 13241 I chatty  : uid=1041(audioserver) reader identical 2 lines
09-07 14:30:19.475   512 13241 D HarmanHAL: StreamIn::getCapturePositionImpl
09-07 14:30:19.480   538   618 W ipcLib  : ipcLib: in ipc_lib. DV1 read called
09-07 14:30:19.504   512 13241 D HarmanHAL: StreamIn::getCapturePositionImpl
09-07 14:30:19.665   512 13241 I chatty  : uid=1041(audioserver) reader identical 5 lines
09-07 14:30:19.694   512 13241 D HarmanHAL: StreamIn::getCapturePositionImpl
09-07 14:30:19.706   512 13133 I HarmanHal.Routing: hacs alsa node(pcmMicRefIn_c) adtm interval_min:0 ms, inverval_max:11 ms, inverval_mean:8 ms!
09-07 14:30:19.706   512 13133 I HarmanHal.Routing:  in printADTM() PcmAlsaWrapper.cpp:876
09-07 14:30:19.711   512 13159 I HarmanHal.Routing: hacs alsa node(pcmBtHfp_ul_pro_p) adtm interval_min:2 ms, inverval_max:11 ms, inverval_mean:8 ms!
09-07 14:30:19.711   512 13159 I HarmanHal.Routing:  in printADTM() PcmAlsaWrapper.cpp:876
09-07 14:30:19.717   512 13158 D AudioProcessing: sseApply [handle 0xbc80d90][type 512] start..
09-07 14:30:19.718   512 13158 D AudioProcessing: sseProcess ul audioIO content print-1 [256] [2] [4] [1] 
09-07 14:30:19.718   512 13158 D AudioProcessing: sseProcess ul audioIO content print-2 [6] [1] [0x3bcbc5a0] [0x5bc7ede0] 
09-07 14:30:19.718   512 13158 D AudioProcessing: sseProcess ul audioIO content print-3 [0x1bca1320 [0x8bc84110] [0x1bc9f9b0] sse->pMain is [0x2bca4a60] 
09-07 14:30:19.719   512 13158 D AudioProcessing: sseProcess ul [handle 0xbc80d90]  ret[0]
09-07 14:30:19.719   512 13158 D AudioProcessing: sseProcess ul AudioBufferSampleCnt[256] type[512] finish..
09-07 14:30:19.725   512 13241 D HarmanHAL: StreamIn::getCapturePositionImpl
09-07 14:30:19.754   512 13241 I chatty  : uid=1041(audioserver) reader identical 1 line
09-07 14:30:19.794   512 13241 D HarmanHAL: StreamIn::getCapturePositionImpl
09-07 14:30:19.814   512 13169 I HarmanHal.Routing: hacs alsa node(pcmBtHfp_dl_pre_c) adtm interval_min:0 ms, inverval_max:10 ms, inverval_mean:8 ms!
09-07 14:30:19.814   512 13169 I HarmanHal.Routing:  in printADTM() PcmAlsaWrapper.cpp:876
09-07 14:30:19.815   512 13169 I HarmanHal.Routing: hacs alsa node(pcmHfp_dl_p) adtm interval_min:0 ms, inverval_max:12 ms, inverval_mean:8 ms!
09-07 14:30:19.815   512 13169 I HarmanHal.Routing:  in printADTM() PcmAlsaWrapper.cpp:876
09-07 14:30:19.823   512 13169 D AudioProcessing: sseApply [handle 0xbc83090][type 768] start..
09-07 14:30:19.823   512 13169 D AudioProcessing: sseProcess dl audioIO content print-1 [256] [2] [1] [1] 
09-07 14:30:19.823   512 13169 D AudioProcessing: sseProcess dl audioIO content print-2 [1] [1] [0x0xb40000763bcc28d0] [0x0xb40000761bca6b00] 
09-07 14:30:19.823   512 13169 D AudioProcessing: sseProcess dl audioIO content print-3 [0x0xb40000761bca7fd0] [0x0xb40000761bcabe40] [0x0xb40000761bca5880] sse->pMain is [0x0xb40000772bcb4e80] 
09-07 14:30:19.824   512 13169 D AudioProcessing: sseProcess dl [handle 0xbc83090] ret[0]
09-07 14:30:19.824   512 13169 D AudioProcessing: sseProcess dl AudioBufferSampleCnt[256] type[768] finish..
09-07 14:30:19.826   512 13241 D HarmanHAL: StreamIn::getCapturePositionImpl
09-07 14:30:19.850   536   612 E pathology: [ProcessCrashHandler:: parseTombstoneFileName]string not found
09-07 14:30:19.850   536   612 I chatty  : uid=0(root) vendor.harman.p identical 4 lines
09-07 14:30:19.850   536   612 E pathology: [ProcessCrashHandler:: parseTombstoneFileName]string not found
09-07 14:30:19.854   512 13241 D HarmanHAL: StreamIn::getCapturePositionImpl
09-07 14:30:20.144   512 13241 I chatty  : uid=1041(audioserver) reader identical 9 lines
09-07 14:30:20.175   512 13241 D HarmanHAL: StreamIn::getCapturePositionImpl
09-07 14:30:20.204   512 13241 I HarmanHal.Routing: hacs alsa node(pcmTunerIn_c) adtm interval_min:30 ms, inverval_max:40 ms, inverval_mean:31 ms!
09-07 14:30:20.204   512 13241 I HarmanHal.Routing:  in printADTM() PcmAlsaWrapper.cpp:876
09-07 14:30:20.205   512 13241 D HarmanHAL: StreamIn::getCapturePositionImpl
09-07 14:30:20.235   512 13241 I chatty  : uid=1041(audioserver) reader identical 1 line
09-07 14:30:20.274   512 13241 D HarmanHAL: StreamIn::getCapturePositionImpl
09-07 14:30:20.280   512  3972 I HarmanHal.Routing: hacs alsa node(pcmMedia_p) adtm interval_min:1 ms, inverval_max:11 ms, inverval_mean:8 ms!
09-07 14:30:20.280   512  3972 I HarmanHal.Routing:  in printADTM() PcmAlsaWrapper.cpp:876
09-07 14:30:20.305   512 13241 D HarmanHAL: StreamIn::getCapturePositionImpl
09-07 14:30:20.307   536   536 I vendor.harman.p: type=1400 audit(0.0:3451): avc: denied { write } for name="2" dev="dm-4" ino=49241 scontext=u:r:pathologyd:s0 tcontext=u:object_r:vendor_data_file:s0 tclass=dir permissive=1
09-07 14:30:20.307   536   536 I vendor.harman.p: type=1400 audit(0.0:3452): avc: denied { add_name } for name="PROCCRASH_PF_1631025019.lz4" scontext=u:r:pathologyd:s0 tcontext=u:object_r:vendor_data_file:s0 tclass=dir permissive=1
09-07 14:30:20.307   536   536 I vendor.harman.p: type=1400 audit(0.0:3453): avc: denied { create } for name="PROCCRASH_PF_1631025019.lz4" scontext=u:r:pathologyd:s0 tcontext=u:object_r:vendor_data_file:s0 tclass=file permissive=1
09-07 14:30:20.335   512 13241 D HarmanHAL: StreamIn::getCapturePositionImpl
09-07 14:30:20.435   512 13241 I chatty  : uid=1041(audioserver) reader identical 3 lines
09-07 14:30:20.465   512 13241 D HarmanHAL: StreamIn::getCapturePositionImpl
09-07 14:30:20.480   538   618 W ipcLib  : ipcLib: in ipc_lib. DV1 read called
09-07 14:30:20.495   512 13241 D HarmanHAL: StreamIn::getCapturePositionImpl
09-07 14:30:20.654   512 13241 I chatty  : uid=1041(audioserver) reader identical 5 lines
09-07 14:30:20.684   512 13241 D HarmanHAL: StreamIn::getCapturePositionImpl
09-07 14:30:20.706   512 13133 I HarmanHal.Routing: hacs alsa node(pcmMicRefIn_c) adtm interval_min:0 ms, inverval_max:12 ms, inverval_mean:8 ms!
09-07 14:30:20.706   512 13133 I HarmanHal.Routing:  in printADTM() PcmAlsaWrapper.cpp:876
09-07 14:30:20.712   512 13159 I HarmanHal.Routing: hacs alsa node(pcmBtHfp_ul_pro_p) adtm interval_min:2 ms, inverval_max:12 ms, inverval_mean:8 ms!
09-07 14:30:20.712   512 13159 I HarmanHal.Routing:  in printADTM() PcmAlsaWrapper.cpp:876
09-07 14:30:20.715   512 13241 D HarmanHAL: StreamIn::getCapturePositionImpl
09-07 14:30:20.755   512 13241 I chatty  : uid=1041(audioserver) reader identical 1 line
09-07 14:30:20.784   512 13241 D HarmanHAL: StreamIn::getCapturePositionImpl
09-07 14:30:20.813   512 13169 I HarmanHal.Routing: hacs alsa node(pcmBtHfp_dl_pre_c) adtm interval_min:0 ms, inverval_max:11 ms, inverval_mean:7 ms!
09-07 14:30:20.813   512 13169 I HarmanHal.Routing:  in printADTM() PcmAlsaWrapper.cpp:876
09-07 14:30:20.814   512 13241 D HarmanHAL: StreamIn::getCapturePositionImpl
09-07 14:30:20.814   512 13169 I HarmanHal.Routing: hacs alsa node(pcmHfp_dl_p) adtm interval_min:0 ms, inverval_max:11 ms, inverval_mean:7 ms!
09-07 14:30:20.814   512 13169 I HarmanHal.Routing:  in printADTM() PcmAlsaWrapper.cpp:876
09-07 14:30:20.844   512 13241 D HarmanHAL: StreamIn::getCapturePositionImpl
09-07 14:30:20.872   532   569 W ipcLib  : ipcLib: in ipc_lib. DV1 read called
09-07 14:30:20.872   532   568 I VPS     : VPS:IOCStatusInfo.VoltageStatus->0 
09-07 14:30:20.872   532   568 I VPS     : VPS:IOCStatusInfo.IOCStatusCmd->a6 
09-07 14:30:20.872   532   568 I VPS     : VPS:IOCStatusInfo.WakeUpReason->0 
09-07 14:30:20.872   532   568 I VPS     : VPS:IOCStatusInfo.DerivedIgnitionStatus->0 
09-07 14:30:20.872   532   568 I VPS     : VPS:IOCStatusInfo.PowerModeState->4 
09-07 14:30:20.872   532   568 I VPS     : VPS:IOCStatusInfo.SOCShutdownRequest->0 
09-07 14:30:20.872   532   568 I VPS     : VPS:IOCStatusInfo.AntiTheftState->0 
09-07 14:30:20.873   532   568 I VPS     : VPS:IOCStatusInfo.BatteryConnect->0 
09-07 14:30:20.874   512 13241 D HarmanHAL: StreamIn::getCapturePositionImpl
09-07 14:30:20.911   536   536 I vendor.harman.p: type=1400 audit(0.0:3454): avc: denied { read } for name="2" dev="dm-4" ino=49241 scontext=u:r:pathologyd:s0 tcontext=u:object_r:vendor_data_file:s0 tclass=dir permissive=1
09-07 14:30:20.916   512 13241 D HarmanHAL: StreamIn::getCapturePositionImpl
09-07 14:30:20.911   536   536 I vendor.harman.p: type=1400 audit(0.0:3455): avc: denied { open } for path="/data/vendor/pathologyArchive/2" dev="dm-4" ino=49241 scontext=u:r:pathologyd:s0 tcontext=u:object_r:vendor_data_file:s0 tclass=dir permissive=1
09-07 14:30:20.945   512 13241 D HarmanHAL: StreamIn::getCapturePositionImpl
09-07 14:30:21.134   512 13241 I chatty  : uid=1041(audioserver) reader identical 6 lines
09-07 14:30:21.165   512 13241 D HarmanHAL: StreamIn::getCapturePositionImpl
09-07 14:30:21.194   512 13241 I HarmanHal.Routing: hacs alsa node(pcmTunerIn_c) adtm interval_min:28 ms, inverval_max:42 ms, inverval_mean:31 ms!
09-07 14:30:21.194   512 13241 I HarmanHal.Routing:  in printADTM() PcmAlsaWrapper.cpp:876
09-07 14:30:21.195   512 13241 D HarmanHAL: StreamIn::getCapturePositionImpl
09-07 14:30:21.235   512 13241 I chatty  : uid=1041(audioserver) reader identical 1 line
09-07 14:30:21.265   512 13241 D HarmanHAL: StreamIn::getCapturePositionImpl
09-07 14:30:21.280   512  3972 I HarmanHal.Routing: hacs alsa node(pcmMedia_p) adtm interval_min:0 ms, inverval_max:10 ms, inverval_mean:8 ms!
09-07 14:30:21.280   512  3972 I HarmanHal.Routing:  in printADTM() PcmAlsaWrapper.cpp:876
09-07 14:30:21.295   512 13241 D HarmanHAL: StreamIn::getCapturePositionImpl
09-07 14:30:21.318   512 13158 D AudioProcessing: sseApply [handle 0xbc80d90][type 512] start..
09-07 14:30:21.318   512 13158 D AudioProcessing: sseProcess ul audioIO content print-1 [256] [2] [4] [1] 
09-07 14:30:21.318   512 13158 D AudioProcessing: sseProcess ul audioIO content print-2 [6] [1] [0x3bcbc5a0] [0x5bc7ede0] 
09-07 14:30:21.318   512 13158 D AudioProcessing: sseProcess ul audioIO content print-3 [0x1bca1320 [0x8bc84110] [0x1bc9f9b0] sse->pMain is [0x2bca4a60] 
09-07 14:30:21.319   512 13158 D AudioProcessing: sseProcess ul [handle 0xbc80d90]  ret[0]
09-07 14:30:21.319   512 13158 D AudioProcessing: sseProcess ul AudioBufferSampleCnt[256] type[512] finish..
09-07 14:30:21.324   512 13241 D HarmanHAL: StreamIn::getCapturePositionImpl
09-07 14:30:21.354   512 13241 I chatty  : uid=1041(audioserver) reader identical 1 line
09-07 14:30:21.395   512 13241 D HarmanHAL: StreamIn::getCapturePositionImpl
09-07 14:30:21.423   512 13169 D AudioProcessing: sseApply [handle 0xbc83090][type 768] start..
09-07 14:30:21.423   512 13169 D AudioProcessing: sseProcess dl audioIO content print-1 [256] [2] [1] [1] 
09-07 14:30:21.423   512 13169 D AudioProcessing: sseProcess dl audioIO content print-2 [1] [1] [0x0xb40000763bcc28d0] [0x0xb40000761bca6b00] 
09-07 14:30:21.423   512 13169 D AudioProcessing: sseProcess dl audioIO content print-3 [0x0xb40000761bca7fd0] [0x0xb40000761bcabe40] [0x0xb40000761bca5880] sse->pMain is [0x0xb40000772bcb4e80] 
09-07 14:30:21.424   512 13169 D AudioProcessing: sseProcess dl [handle 0xbc83090] ret[0]
09-07 14:30:21.424   512 13169 D AudioProcessing: sseProcess dl AudioBufferSampleCnt[256] type[768] finish..
09-07 14:30:21.425   512 13241 D HarmanHAL: StreamIn::getCapturePositionImpl
09-07 14:30:21.454   512 13241 D HarmanHAL: StreamIn::getCapturePositionImpl
09-07 14:30:21.480   538   618 W ipcLib  : ipcLib: in ipc_lib. DV1 read called
09-07 14:30:21.484   512 13241 D HarmanHAL: StreamIn::getCapturePositionImpl
09-07 14:30:21.645   512 13241 I chatty  : uid=1041(audioserver) reader identical 5 lines
09-07 14:30:21.674   512 13241 D HarmanHAL: StreamIn::getCapturePositionImpl
09-07 14:30:21.706   512 13133 I HarmanHal.Routing: hacs alsa node(pcmMicRefIn_c) adtm interval_min:0 ms, inverval_max:11 ms, inverval_mean:8 ms!
09-07 14:30:21.706   512 13133 I HarmanHal.Routing:  in printADTM() PcmAlsaWrapper.cpp:876
09-07 14:30:21.711   512 13159 I HarmanHal.Routing: hacs alsa node(pcmBtHfp_ul_pro_p) adtm interval_min:2 ms, inverval_max:12 ms, inverval_mean:7 ms!
09-07 14:30:21.711   512 13159 I HarmanHal.Routing:  in printADTM() PcmAlsaWrapper.cpp:876
09-07 14:30:21.714   512 13241 D HarmanHAL: StreamIn::getCapturePositionImpl
09-07 14:30:21.774   512 13241 I chatty  : uid=1041(audioserver) reader identical 2 lines
09-07 14:30:21.804   512 13241 D HarmanHAL: StreamIn::getCapturePositionImpl
09-07 14:30:21.814   512 13169 I HarmanHal.Routing: hacs alsa node(pcmBtHfp_dl_pre_c) adtm interval_min:0 ms, inverval_max:10 ms, inverval_mean:8 ms!
09-07 14:30:21.814   512 13169 I HarmanHal.Routing:  in printADTM() PcmAlsaWrapper.cpp:876
09-07 14:30:21.814   512 13169 I HarmanHal.Routing: hacs alsa node(pcmHfp_dl_p) adtm interval_min:0 ms, inverval_max:11 ms, inverval_mean:8 ms!
09-07 14:30:21.814   512 13169 I HarmanHal.Routing:  in printADTM() PcmAlsaWrapper.cpp:876
09-07 14:30:21.834   512 13241 D HarmanHAL: StreamIn::getCapturePositionImpl
09-07 14:30:22.124   512 13241 I chatty  : uid=1041(audioserver) reader identical 9 lines
09-07 14:30:22.154   512 13241 D HarmanHAL: StreamIn::getCapturePositionImpl
09-07 14:30:22.194   512 13241 I HarmanHal.Routing: hacs alsa node(pcmTunerIn_c) adtm interval_min:29 ms, inverval_max:41 ms, inverval_mean:32 ms!
09-07 14:30:22.194   512 13241 I HarmanHal.Routing:  in printADTM() PcmAlsaWrapper.cpp:876
09-07 14:30:22.195   512 13241 D HarmanHAL: StreamIn::getCapturePositionImpl
09-07 14:30:22.225   512 13241 I chatty  : uid=1041(audioserver) reader identical 1 line
09-07 14:30:22.254   512 13241 D HarmanHAL: StreamIn::getCapturePositionImpl
09-07 14:30:22.280   512  3972 I HarmanHal.Routing: hacs alsa node(pcmMedia_p) adtm interval_min:0 ms, inverval_max:10 ms, inverval_mean:8 ms!
09-07 14:30:22.280   512  3972 I HarmanHal.Routing:  in printADTM() PcmAlsaWrapper.cpp:876
09-07 14:30:22.284   512 13241 D HarmanHAL: StreamIn::getCapturePositionImpl
09-07 14:30:22.444   512 13241 I chatty  : uid=1041(audioserver) reader identical 5 lines
09-07 14:30:22.474   512 13241 D HarmanHAL: StreamIn::getCapturePositionImpl
09-07 14:30:22.480   538   618 W ipcLib  : ipcLib: in ipc_lib. DV1 read called
09-07 14:30:22.515   512 13241 D HarmanHAL: StreamIn::getCapturePositionImpl
09-07 14:30:22.675   512 13241 I chatty  : uid=1041(audioserver) reader identical 5 lines
09-07 14:30:22.705   512 13241 D HarmanHAL: StreamIn::getCapturePositionImpl
09-07 14:30:22.706   512 13133 I HarmanHal.Routing: hacs alsa node(pcmMicRefIn_c) adtm interval_min:0 ms, inverval_max:11 ms, inverval_mean:8 ms!
09-07 14:30:22.706   512 13133 I HarmanHal.Routing:  in printADTM() PcmAlsaWrapper.cpp:876
09-07 14:30:22.711   512 13159 I HarmanHal.Routing: hacs alsa node(pcmBtHfp_ul_pro_p) adtm interval_min:2 ms, inverval_max:13 ms, inverval_mean:8 ms!
09-07 14:30:22.711   512 13159 I HarmanHal.Routing:  in printADTM() PcmAlsaWrapper.cpp:876
09-07 14:30:22.735   512 13241 D HarmanHAL: StreamIn::getCapturePositionImpl
09-07 14:30:22.764   512 13241 I chatty  : uid=1041(audioserver) reader identical 1 line
09-07 14:30:22.794   512 13241 D HarmanHAL: StreamIn::getCapturePositionImpl
09-07 14:30:22.813   512 13169 I HarmanHal.Routing: hacs alsa node(pcmBtHfp_dl_pre_c) adtm interval_min:0 ms, inverval_max:10 ms, inverval_mean:7 ms!
09-07 14:30:22.813   512 13169 I HarmanHal.Routing:  in printADTM() PcmAlsaWrapper.cpp:876
09-07 14:30:22.814   512 13169 I HarmanHal.Routing: hacs alsa node(pcmHfp_dl_p) adtm interval_min:0 ms, inverval_max:11 ms, inverval_mean:8 ms!
09-07 14:30:22.814   512 13169 I HarmanHal.Routing:  in printADTM() PcmAlsaWrapper.cpp:876
09-07 14:30:22.834   512 13241 D HarmanHAL: StreamIn::getCapturePositionImpl
09-07 14:30:22.864   512 13241 I chatty  : uid=1041(audioserver) reader identical 1 line
09-07 14:30:22.894   512 13241 D HarmanHAL: StreamIn::getCapturePositionImpl
09-07 14:30:22.917   512 13158 D AudioProcessing: sseApply [handle 0xbc80d90][type 512] start..
09-07 14:30:22.917   512 13158 D AudioProcessing: sseProcess ul audioIO content print-1 [256] [2] [4] [1] 
09-07 14:30:22.917   512 13158 D AudioProcessing: sseProcess ul audioIO content print-2 [6] [1] [0x3bcbc5a0] [0x5bc7ede0] 
09-07 14:30:22.917   512 13158 D AudioProcessing: sseProcess ul audioIO content print-3 [0x1bca1320 [0x8bc84110] [0x1bc9f9b0] sse->pMain is [0x2bca4a60] 
09-07 14:30:22.917   512 13158 D AudioProcessing: sseProcess ul [handle 0xbc80d90]  ret[0]
09-07 14:30:22.917   512 13158 D AudioProcessing: sseProcess ul AudioBufferSampleCnt[256] type[512] finish..
09-07 14:30:22.924   512 13241 D HarmanHAL: StreamIn::getCapturePositionImpl
09-07 14:30:22.954   512 13241 D HarmanHAL: StreamIn::getCapturePositionImpl
09-07 14:30:22.972   532   569 W ipcLib  : ipcLib: in ipc_lib. DV1 read called
09-07 14:30:22.972   532   568 I VPS     : VPS:IOCStatusInfo.VoltageStatus->0 
09-07 14:30:22.972   532   568 I VPS     : VPS:IOCStatusInfo.IOCStatusCmd->a6 
09-07 14:30:22.972   532   568 I VPS     : VPS:IOCStatusInfo.WakeUpReason->0 
09-07 14:30:22.972   532   568 I VPS     : VPS:IOCStatusInfo.DerivedIgnitionStatus->0 
09-07 14:30:22.972   532   568 I VPS     : VPS:IOCStatusInfo.PowerModeState->4 
09-07 14:30:22.972   532   568 I VPS     : VPS:IOCStatusInfo.SOCShutdownRequest->0 
09-07 14:30:22.972   532   568 I VPS     : VPS:IOCStatusInfo.AntiTheftState->0 
09-07 14:30:22.972   532   568 I VPS     : VPS:IOCStatusInfo.BatteryConnect->0 
09-07 14:30:22.995   512 13241 D HarmanHAL: StreamIn::getCapturePositionImpl
09-07 14:30:23.023   512 13169 D AudioProcessing: sseApply [handle 0xbc83090][type 768] start..
09-07 14:30:23.023   512 13169 D AudioProcessing: sseProcess dl audioIO content print-1 [256] [2] [1] [1] 
09-07 14:30:23.023   512 13169 D AudioProcessing: sseProcess dl audioIO content print-2 [1] [1] [0x0xb40000763bcc28d0] [0x0xb40000761bca6b00] 
09-07 14:30:23.023   512 13169 D AudioProcessing: sseProcess dl audioIO content print-3 [0x0xb40000761bca7fd0] [0x0xb40000761bcabe40] [0x0xb40000761bca5880] sse->pMain is [0x0xb40000772bcb4e80] 
09-07 14:30:23.024   512 13169 D AudioProcessing: sseProcess dl [handle 0xbc83090] ret[0]
09-07 14:30:23.024   512 13169 D AudioProcessing: sseProcess dl AudioBufferSampleCnt[256] type[768] finish..
09-07 14:30:23.024   512 13241 D HarmanHAL: StreamIn::getCapturePositionImpl
09-07 14:30:23.114   512 13241 I chatty  : uid=1041(audioserver) reader identical 3 lines
09-07 14:30:23.154   512 13241 D HarmanHAL: StreamIn::getCapturePositionImpl
09-07 14:30:23.184   512 13241 I HarmanHal.Routing: hacs alsa node(pcmTunerIn_c) adtm interval_min:30 ms, inverval_max:40 ms, inverval_mean:31 ms!
09-07 14:30:23.184   512 13241 I HarmanHal.Routing:  in printADTM() PcmAlsaWrapper.cpp:876
09-07 14:30:23.185   512 13241 D HarmanHAL: StreamIn::getCapturePositionImpl
09-07 14:30:23.244   512 13241 I chatty  : uid=1041(audioserver) reader identical 2 lines
09-07 14:30:23.274   512 13241 D HarmanHAL: StreamIn::getCapturePositionImpl
09-07 14:30:23.280   512  3972 I HarmanHal.Routing: hacs alsa node(pcmMedia_p) adtm interval_min:1 ms, inverval_max:12 ms, inverval_mean:8 ms!
09-07 14:30:23.280   512  3972 I HarmanHal.Routing:  in printADTM() PcmAlsaWrapper.cpp:876
09-07 14:30:23.315   512 13241 D HarmanHAL: StreamIn::getCapturePositionImpl
09-07 14:30:23.435   512 13241 I chatty  : uid=1041(audioserver) reader identical 4 lines
09-07 14:30:23.475   512 13241 D HarmanHAL: StreamIn::getCapturePositionImpl
09-07 14:30:23.480   538   618 W ipcLib  : ipcLib: in ipc_lib. DV1 read called
09-07 14:30:23.505   512 13241 D HarmanHAL: StreamIn::getCapturePositionImpl
09-07 14:30:23.665   512 13241 I chatty  : uid=1041(audioserver) reader identical 5 lines
09-07 14:30:23.694   512 13241 D HarmanHAL: StreamIn::getCapturePositionImpl
09-07 14:30:23.706   512 13133 I HarmanHal.Routing: hacs alsa node(pcmMicRefIn_c) adtm interval_min:0 ms, inverval_max:12 ms, inverval_mean:8 ms!
09-07 14:30:23.706   512 13133 I HarmanHal.Routing:  in printADTM() PcmAlsaWrapper.cpp:876
09-07 14:30:23.711   512 13159 I HarmanHal.Routing: hacs alsa node(pcmBtHfp_ul_pro_p) adtm interval_min:2 ms, inverval_max:12 ms, inverval_mean:8 ms!
09-07 14:30:23.711   512 13159 I HarmanHal.Routing:  in printADTM() PcmAlsaWrapper.cpp:876
09-07 14:30:23.724   512 13241 D HarmanHAL: StreamIn::getCapturePositionImpl
09-07 14:30:23.754   512 13241 I chatty  : uid=1041(audioserver) reader identical 1 line
09-07 14:30:23.794   512 13241 D HarmanHAL: StreamIn::getCapturePositionImpl
09-07 14:30:23.814   512 13169 I HarmanHal.Routing: hacs alsa node(pcmBtHfp_dl_pre_c) adtm interval_min:0 ms, inverval_max:10 ms, inverval_mean:8 ms!
09-07 14:30:23.814   512 13169 I HarmanHal.Routing:  in printADTM() PcmAlsaWrapper.cpp:876
09-07 14:30:23.814   512 13169 I HarmanHal.Routing: hacs alsa node(pcmHfp_dl_p) adtm interval_min:0 ms, inverval_max:11 ms, inverval_mean:8 ms!
09-07 14:30:23.814   512 13169 I HarmanHal.Routing:  in printADTM() PcmAlsaWrapper.cpp:876
09-07 14:30:23.824   512 13241 D HarmanHAL: StreamIn::getCapturePositionImpl
09-07 14:30:23.833   911  4981 D BufferPoolAccessor2.0: bufferpool2 0xb400007205c6d498 : 2(1048576 size) total buffers - 1(524288 size) used buffers - 3704/3714 (recycle/alloc) - 25/3714 (fetch/transfer)
09-07 14:30:23.854   512 13241 D HarmanHAL: StreamIn::getCapturePositionImpl
09-07 14:30:23.955   512 13241 I chatty  : uid=1041(audioserver) reader identical 3 lines
09-07 14:30:23.984   512 13241 D HarmanHAL: StreamIn::getCapturePositionImpl
09-07 14:30:24.000   532   569 I VPS     : VPS:VehiclePlatformSOCHeartBeatHandler IVI HeartBeat sent successfully SOCHeartBeatInfo.SOCStatus->2
09-07 14:30:24.000   532   569 W ipcLib  : ipcLib: in ipc_lib. DV1 write called
09-07 14:30:24.002   532   569 W ipcLib  : ipcLib: in ipc_lib. DV1 read called
09-07 14:30:24.014   512 13241 D HarmanHAL: StreamIn::getCapturePositionImpl
01-01 00:05:27.143     0     0 I init    : starting service 'qccsyshalservice'...
01-01 00:05:27.150     0     0 I init    : starting service 'vendor.sensors-hal-1-0'...
01-01 00:05:27.156     0     0 I init    : starting service 'LogManager'...
09-07 14:30:24.114   512 13241 I chatty  : uid=1041(audioserver) reader identical 3 lines
09-07 14:30:24.145   512 13241 D HarmanHAL: StreamIn::getCapturePositionImpl
09-07 14:30:24.174   512 13241 I HarmanHal.Routing: hacs alsa node(pcmTunerIn_c) adtm interval_min:30 ms, inverval_max:40 ms, inverval_mean:31 ms!
09-07 14:30:24.174   512 13241 I HarmanHal.Routing:  in printADTM() PcmAlsaWrapper.cpp:876
09-07 14:30:24.175   512 13241 D HarmanHAL: StreamIn::getCapturePositionImpl
09-07 14:30:24.186 17885 17885 I qccsyshalservice: Start with system binder
09-07 14:30:24.187 17885 17885 I qccsyshalservice: Registering qccsyshal service...
09-07 14:30:24.188   376   376 I hwservicemanager: getTransport: Cannot find entry vendor.qti.hardware.qccsyshal@1.0::IQccsyshal/qccsyshal in either framework or device manifest.
09-07 14:30:24.189 17885 17885 E HidlServiceManagement: Service vendor.qti.hardware.qccsyshal@1.0::IQccsyshal/qccsyshal must be in VINTF manifest in order to register/get.
09-07 14:30:24.189 17885 17885 E qccsyshalservice: [ERROR] registerAsService() failed with status: -2147483648
09-07 14:30:24.189   376   376 I hwservicemanager: getTransport: Cannot find entry android.hardware.sensors@1.0::ISensors/default in either framework or device manifest.
09-07 14:30:24.192 17886 17886 E android.hardware.sensors@1.0-service: Couldn't load sensors module (Unknown error -2147483648)
09-07 14:30:24.192 17886 17886 D RefBase : RefBase: Explicit destruction, weak count = 0 (in 0xb400007d12bffad8)
09-07 14:30:24.192 17886 17886 W RefBase : CallStack::getCurrentInternal not linked, returning null
09-07 14:30:24.192 17886 17886 W RefBase : CallStack::logStackInternal not linked
09-07 14:30:24.193 17886 17886 E LegacySupport: Could not get passthrough implementation for android.hardware.sensors@1.0::ISensors/default.
01-01 00:05:27.184     0     0 I init    : Service 'qccsyshalservice' (pid 17885) exited with status 1
01-01 00:05:27.184     0     0 I init    : Sending signal 9 to service 'qccsyshalservice' (pid 17885) process group...
01-01 00:05:27.184     0     0 I libprocessgroup: Successfully killed process cgroup uid 1000 pid 17885 in 0ms
01-01 00:05:27.185     0     0 I init    : Service 'vendor.sensors-hal-1-0' (pid 17886) exited with status 1
01-01 00:05:27.185     0     0 I init    : Sending signal 9 to service 'vendor.sensors-hal-1-0' (pid 17886) process group...
01-01 00:05:27.186     0     0 I libprocessgroup: Successfully killed process cgroup uid 1000 pid 17886 in 0ms
09-07 14:30:24.203 17887 17887 D LOGMANAGER: LOGMANAGER HAL service init() start
09-07 14:30:24.204 17887 17887 D LOGMANAGER: Logmanager configured rpcthreadpool
09-07 14:30:24.205   512 13241 D HarmanHAL: StreamIn::getCapturePositionImpl
09-07 14:30:24.199 17887 17887 I vendor.harman.L: type=1400 audit(0.0:3456): avc: denied { read } for name="u:object_r:hwservicemanager_prop:s0" dev="tmpfs" ino=24519 scontext=u:r:logmanagerd:s0 tcontext=u:object_r:hwservicemanager_prop:s0 tclass=file permissive=1
09-07 14:30:24.199 17887 17887 I vendor.harman.L: type=1400 audit(0.0:3457): avc: denied { open } for path="/dev/__properties__/u:object_r:hwservicemanager_prop:s0" dev="tmpfs" ino=24519 scontext=u:r:logmanagerd:s0 tcontext=u:object_r:hwservicemanager_prop:s0 tclass=file permissive=1
09-07 14:30:24.199 17887 17887 I vendor.harman.L: type=1400 audit(0.0:3458): avc: denied { getattr } for path="/dev/__properties__/u:object_r:hwservicemanager_prop:s0" dev="tmpfs" ino=24519 scontext=u:r:logmanagerd:s0 tcontext=u:object_r:hwservicemanager_prop:s0 tclass=file permissive=1
09-07 14:30:24.206 17887 17887 I HidlServiceManagement: Registered vendor.harman.hardware.LogManager@1.0::ILogManager/default
09-07 14:30:24.199 17887 17887 I vendor.harman.L: type=1400 audit(0.0:3459): avc: denied { map } for path="/dev/__properties__/u:object_r:hwservicemanager_prop:s0" dev="tmpfs" ino=24519 scontext=u:r:logmanagerd:s0 tcontext=u:object_r:hwservicemanager_prop:s0 tclass=file permissive=1
09-07 14:30:24.207 17887 17887 D LOGMANAGER: Logmanager HAL Service is registered and ready
09-07 14:30:24.207 17887 17887 I LOGMANAGER: ThreadPoolWrapper::initThreadPool
09-07 14:30:24.207 17887 17887 I LOGMANAGER: ThreadPoolWrapper : exit
09-07 14:30:24.207 17887 17887 D LOGMANAGER: Logmanager threadpoolwrapper created
09-07 14:30:24.207 17887 17887 D LOGMANAGER: User argument is -c
09-07 14:30:24.207 17887 17888 I LOGMANAGER: ThreadPoolWrapper:  enter the joinRpcThreadpool()
09-07 14:30:24.207 17887 17887 I LOGMANAGER: LogmanagerConfig is configured under config file
09-07 14:30:24.207 17887 17887 I LOGMANAGER: LoggingLevel is : 4
09-07 14:30:24.207 17887 17887 I LOGMANAGER: LogEnableState is : 0
09-07 14:30:24.207 17887 17887 I LOGMANAGER: OutputPluginConfiguration PluginType : LOGWRITTER
09-07 14:30:24.207 17887 17887 I LOGMANAGER: LM_OutputConfiguration : 1
09-07 14:30:24.207 17887 17887 I LOGMANAGER: LM_OfflineTraceDirectory : /data/cache
09-07 14:30:24.207 17887 17887 I LOGMANAGER: LM_OfflineTraceFILESize : 1000000
09-07 14:30:24.207 17887 17887 I LOGMANAGER: LM_OfflineTotalFILESSize : 20000000
09-07 14:30:24.207 17887 17887 I LOGMANAGER: LM_FileNameTimeStampBased : 0
09-07 14:30:24.207 17887 17887 I LOGMANAGER: Got IOC plugin
09-07 14:30:24.207 17887 17887 I LOGMANAGER: IOCIPCChannelNumber :6
09-07 14:30:24.207 17887 17887 I LOGMANAGER: keyseq: HOME + VOLUMEDOWN  for domain is AudioDump
09-07 14:30:24.207 17887 17887 I LOGMANAGER: keyseq: HOME + VOLUMEUP  for domain is HCIDump
09-07 14:30:24.207 17887 17887 I LOGMANAGER: Domains parsing is done
01-01 00:05:27.198     0     0 W audit   : audit_lost=1697 audit_rate_limit=5 audit_backlog_limit=64
01-01 00:05:27.198     0     0 E audit   : rate limit exceeded
09-07 14:30:24.213 17887 17887 E LOGMANAGER: Failed to load plugin /vendor/lib64/libIOCDLogReader.so with error code dlopen failed: library "/vendor/lib64/libIOCDLogReader.so" not found 
09-07 14:30:24.213 17887 17887 F libc    : Fatal signal 11 (SIGSEGV), code 1 (SEGV_MAPERR), fault addr 0x0 in tid 17887 (vendor.harman.L), pid 17887 (vendor.harman.L)
09-07 14:30:24.203 17887 17887 I vendor.harman.L: type=1400 audit(0.0:3460): avc: denied { dac_read_search } for capability=2 scontext=u:r:logmanagerd:s0 tcontext=u:r:logmanagerd:s0 tclass=capability permissive=1
09-07 14:30:24.233 17894 17894 I crash_dump64: obtaining output fd from tombstoned, type: kDebuggerdTombstone
09-07 14:30:24.234   463   463 I tombstoned: received crash request for pid 17887
09-07 14:30:24.234   512 13241 D HarmanHAL: StreamIn::getCapturePositionImpl
09-07 14:30:24.235 17894 17894 I crash_dump64: performing dump of process 17887 (target tid = 17887)
09-07 14:30:24.237 17894 17894 F DEBUG   : *** *** *** *** *** *** *** *** *** *** *** *** *** *** *** ***
09-07 14:30:24.238 17894 17894 F DEBUG   : Build fingerprint: 'qti/titan_tml_b2/titan_tml_b2:11/RQ3A.210605.005/eng.ksong.20210907.134230:userdebug/test-keys'
09-07 14:30:24.238 17894 17894 F DEBUG   : Revision: '0'
09-07 14:30:24.238 17894 17894 F DEBUG   : ABI: 'arm64'
09-07 14:30:24.239 17894 17894 F DEBUG   : Timestamp: 2021-09-07 14:30:24+0000
09-07 14:30:24.239 17894 17894 F DEBUG   : pid: 17887, tid: 17887, name: vendor.harman.L  >>> /vendor/bin/hw/vendor.harman.LogManager@1.0-service <<<
09-07 14:30:24.239 17894 17894 F DEBUG   : uid: 0
09-07 14:30:24.240 17894 17894 F DEBUG   : signal 11 (SIGSEGV), code 1 (SEGV_MAPERR), fault addr 0x0
09-07 14:30:24.240 17894 17894 F DEBUG   : Cause: null pointer dereference
09-07 14:30:24.240 17894 17894 F DEBUG   :     x0  0000000000000000  x1  0000000000000000  x2  0000000000080001  x3  0000000000000000
09-07 14:30:24.240 17894 17894 F DEBUG   :     x4  0000000000000000  x5  0000000000000090  x6  fefefefefefefeff  x7  7f7f7f7f7f7f7f7f
09-07 14:30:24.240 17894 17894 F DEBUG   :     x8  0101010101010101  x9  b88e0287c0f76a1d  x10 0000007fcbeac488  x11 fffffffffffffffd
09-07 14:30:24.240 17894 17894 F DEBUG   :     x12 0000007fcbeac610  x13 000000000000008e  x14 000c65d38a6d9000  x15 0000000034155555
09-07 14:30:24.240 17894 17894 F DEBUG   :     x16 00000056176a97e0  x17 000000720cd65b30  x18 000000720e7c8000  x19 0000000000000000
09-07 14:30:24.240 17894 17894 F DEBUG   :     x20 000000720ccbac50  x21 0000007fcbeacd29  x22 b40000710cb6bef8  x23 0000007fcbeacd48
09-07 14:30:24.240 17894 17894 F DEBUG   :     x24 0000000000000000  x25 000000720d7c8000  x26 0000007fcbeacd29  x27 0000007fcbeaccf9
09-07 14:30:24.241 17894 17894 F DEBUG   :     x28 0000000000000000  x29 0000007fcbeacc30
09-07 14:30:24.241 17894 17894 F DEBUG   :     lr  00000056176a0048  sp  0000007fcbeacc30  pc  000000720cd65b40  pst 0000000080000000
09-07 14:30:24.244 17894 17894 F DEBUG   : backtrace:
09-07 14:30:24.244 17894 17894 F DEBUG   :       #00 pc 000000000004ab40  /apex/com.android.runtime/lib64/bionic/libc.so (strlen_default+16) (BuildId: 2b7c6e33413ac7278a15dfc3ea383089)
09-07 14:30:24.244 17894 17894 F DEBUG   :       #01 pc 0000000000009044  /vendor/bin/hw/vendor.harman.LogManager@1.0-service (BuildId: 3e966ab64050b441b920ba0e8960d123)
09-07 14:30:24.244 17894 17894 F DEBUG   :       #02 pc 0000000000008df0  /vendor/bin/hw/vendor.harman.LogManager@1.0-service (LM::LogManagerImpl::load_plugin_conf(void*, std::__1::basic_string<char, std::__1::char_traits<char>, std::__1::allocator<char> >, std::__1::multimap<std::__1::basic_string<char, std::__1::char_traits<char>, std::__1::allocator<char> >, int, std::__1::less<std::__1::basic_string<char, std::__1::char_traits<char>, std::__1::allocator<char> > >, std::__1::allocator<std::__1::pair<std::__1::basic_string<char, std::__1::char_traits<char>, std::__1::allocator<char> > const, int> > >&)+752) (BuildId: 3e966ab64050b441b920ba0e8960d123)
09-07 14:30:24.244 17894 17894 F DEBUG   :       #03 pc 00000000000088c0  /vendor/bin/hw/vendor.harman.LogManager@1.0-service (LM::LogManagerImpl::loadplugins()+436) (BuildId: 3e966ab64050b441b920ba0e8960d123)
09-07 14:30:24.244 17894 17894 F DEBUG   :       #04 pc 0000000000007af8  /vendor/bin/hw/vendor.harman.LogManager@1.0-service (main+1112) (BuildId: 3e966ab64050b441b920ba0e8960d123)
09-07 14:30:24.244 17894 17894 F DEBUG   :       #05 pc 000000000004988c  /apex/com.android.runtime/lib64/bionic/libc.so (__libc_init+108) (BuildId: 2b7c6e33413ac7278a15dfc3ea383089)
01-01 00:05:27.252     0     0 D logd    : logdr: UID=0 GID=1000 PID=17894 n tail=50 logMask=8 pid=17887 start=0ns timeout=0ns
09-07 14:30:24.274   512 13241 D HarmanHAL: StreamIn::getCapturePositionImpl
01-01 00:05:27.261     0     0 D logd    : logdr: UID=0 GID=1000 PID=17894 n tail=50 logMask=1 pid=17887 start=0ns timeout=0ns
09-07 14:30:24.280   512  3972 I HarmanHal.Routing: hacs alsa node(pcmMedia_p) adtm interval_min:1 ms, inverval_max:11 ms, inverval_mean:8 ms!
09-07 14:30:24.280   512  3972 I HarmanHal.Routing:  in printADTM() PcmAlsaWrapper.cpp:876
01-01 00:05:27.286     0     0 D logd    : logdr: UID=0 GID=1000 PID=17894 n tail=0 logMask=8 pid=17887 start=0ns timeout=0ns
09-07 14:30:24.305   512 13241 D HarmanHAL: StreamIn::getCapturePositionImpl
01-01 00:05:27.296     0     0 D logd    : logdr: UID=0 GID=1000 PID=17894 n tail=0 logMask=1 pid=17887 start=0ns timeout=0ns
09-07 14:30:24.316  1033  1270 W NativeCrashListener: Couldn't find ProcessRecord for pid 17887
09-07 14:30:24.316 17894 17894 E crash_dump64: AM data write failed: Broken pipe
09-07 14:30:24.318   463   463 E tombstoned: Tombstone written to: /data/tombstones/tombstone_31
01-01 00:05:27.309     0     0 I init    : Service 'LogManager' (pid 17887) received signal 11
09-07 14:30:24.326  1033  1095 I BootReceiver: Copying /data/tombstones/tombstone_31 to DropBox (SYSTEM_TOMBSTONE)
09-07 14:30:24.329  1033  1095 I DropBoxManagerService: add tag=SYSTEM_TOMBSTONE isTagEnabled=true flags=0x2
09-07 14:30:24.334   512 13241 D HarmanHAL: StreamIn::getCapturePositionImpl
09-07 14:30:24.434   512 13241 I chatty  : uid=1041(audioserver) reader identical 3 lines
09-07 14:30:24.465   512 13241 D HarmanHAL: StreamIn::getCapturePositionImpl
09-07 14:30:24.480   538   618 W ipcLib  : ipcLib: in ipc_lib. DV1 read called
09-07 14:30:24.494   512 13241 D HarmanHAL: StreamIn::getCapturePositionImpl
09-07 14:30:24.518   512 13158 D AudioProcessing: sseApply [handle 0xbc80d90][type 512] start..
09-07 14:30:24.518   512 13158 D AudioProcessing: sseProcess ul audioIO content print-1 [256] [2] [4] [1] 
09-07 14:30:24.518   512 13158 D AudioProcessing: sseProcess ul audioIO content print-2 [6] [1] [0x3bcbc5a0] [0x5bc7ede0] 
09-07 14:30:24.518   512 13158 D AudioProcessing: sseProcess ul audioIO content print-3 [0x1bca1320 [0x8bc84110] [0x1bc9f9b0] sse->pMain is [0x2bca4a60] 
09-07 14:30:24.519   512 13158 D AudioProcessing: sseProcess ul [handle 0xbc80d90]  ret[0]
09-07 14:30:24.519   512 13158 D AudioProcessing: sseProcess ul AudioBufferSampleCnt[256] type[512] finish..
09-07 14:30:24.524   512 13241 D HarmanHAL: StreamIn::getCapturePositionImpl
09-07 14:30:24.555   512 13241 I chatty  : uid=1041(audioserver) reader identical 1 line
09-07 14:30:24.595   512 13241 D HarmanHAL: StreamIn::getCapturePositionImpl
09-07 14:30:24.623   512 13169 D AudioProcessing: sseApply [handle 0xbc83090][type 768] start..
09-07 14:30:24.623   512 13169 D AudioProcessing: sseProcess dl audioIO content print-1 [256] [2] [1] [1] 
09-07 14:30:24.623   512 13169 D AudioProcessing: sseProcess dl audioIO content print-2 [1] [1] [0x0xb40000763bcc28d0] [0x0xb40000761bca6b00] 
09-07 14:30:24.623   512 13169 D AudioProcessing: sseProcess dl audioIO content print-3 [0x0xb40000761bca7fd0] [0x0xb40000761bcabe40] [0x0xb40000761bca5880] sse->pMain is [0x0xb40000772bcb4e80] 
09-07 14:30:24.624   512 13169 D AudioProcessing: sseProcess dl [handle 0xbc83090] ret[0]
09-07 14:30:24.624   512 13169 D AudioProcessing: sseProcess dl AudioBufferSampleCnt[256] type[768] finish..
09-07 14:30:24.624   512 13241 D HarmanHAL: StreamIn::getCapturePositionImpl
09-07 14:30:24.654   512 13241 I chatty  : uid=1041(audioserver) reader identical 1 line
09-07 14:30:24.685   512 13241 D HarmanHAL: StreamIn::getCapturePositionImpl
09-07 14:30:24.706   512 13133 I HarmanHal.Routing: hacs alsa node(pcmMicRefIn_c) adtm interval_min:0 ms, inverval_max:11 ms, inverval_mean:8 ms!
09-07 14:30:24.706   512 13133 I HarmanHal.Routing:  in printADTM() PcmAlsaWrapper.cpp:876
09-07 14:30:24.711   512 13159 I HarmanHal.Routing: hacs alsa node(pcmBtHfp_ul_pro_p) adtm interval_min:2 ms, inverval_max:13 ms, inverval_mean:8 ms!
09-07 14:30:24.711   512 13159 I HarmanHal.Routing:  in printADTM() PcmAlsaWrapper.cpp:876
09-07 14:30:24.714   512 13241 D HarmanHAL: StreamIn::getCapturePositionImpl
09-07 14:30:24.744   537   722 I TunerCommon: CTunerTimer::startTimer: altMsecTimeout = 15000
09-07 14:30:24.744   537   711 W TunerCommon: EventThd::run:deliverEvent: OK
09-07 14:30:24.755   512 13241 D HarmanHAL: StreamIn::getCapturePositionImpl
09-07 14:30:24.785   512 13241 D HarmanHAL: StreamIn::getCapturePositionImpl
09-07 14:30:24.813   512 13169 I HarmanHal.Routing: hacs alsa node(pcmBtHfp_dl_pre_c) adtm interval_min:0 ms, inverval_max:10 ms, inverval_mean:7 ms!
09-07 14:30:24.813   512 13169 I HarmanHal.Routing:  in printADTM() PcmAlsaWrapper.cpp:876
09-07 14:30:24.814   512 13169 I HarmanHal.Routing: hacs alsa node(pcmHfp_dl_p) adtm interval_min:0 ms, inverval_max:11 ms, inverval_mean:8 ms!
09-07 14:30:24.814   512 13169 I HarmanHal.Routing:  in printADTM() PcmAlsaWrapper.cpp:876
09-07 14:30:24.814   512 13241 D HarmanHAL: StreamIn::getCapturePositionImpl
09-07 14:30:24.819   536   612 E pathology: [ProcessCrashHandler:: parseTombstoneFileName]string not found
09-07 14:30:24.819   536   612 I chatty  : uid=0(root) vendor.harman.p identical 4 lines
09-07 14:30:24.819   536   612 E pathology: [ProcessCrashHandler:: parseTombstoneFileName]string not found
09-07 14:30:24.845   512 13241 D HarmanHAL: StreamIn::getCapturePositionImpl
09-07 14:30:25.005   512 13241 I chatty  : uid=1041(audioserver) reader identical 5 lines
09-07 14:30:25.034   512 13241 D HarmanHAL: StreamIn::getCapturePositionImpl
09-07 14:30:25.072   532   569 W ipcLib  : ipcLib: in ipc_lib. DV1 read called
09-07 14:30:25.072   532   568 I VPS     : VPS:IOCStatusInfo.VoltageStatus->0 
09-07 14:30:25.072   532   568 I VPS     : VPS:IOCStatusInfo.IOCStatusCmd->a6 
09-07 14:30:25.072   532   568 I VPS     : VPS:IOCStatusInfo.WakeUpReason->0 
09-07 14:30:25.073   532   568 I VPS     : VPS:IOCStatusInfo.DerivedIgnitionStatus->0 
09-07 14:30:25.073   532   568 I VPS     : VPS:IOCStatusInfo.PowerModeState->4 
09-07 14:30:25.073   532   568 I VPS     : VPS:IOCStatusInfo.SOCShutdownRequest->0 
09-07 14:30:25.073   532   568 I VPS     : VPS:IOCStatusInfo.AntiTheftState->0 
09-07 14:30:25.073   532   568 I VPS     : VPS:IOCStatusInfo.BatteryConnect->0 
09-07 14:30:25.075   512 13241 D HarmanHAL: StreamIn::getCapturePositionImpl
09-07 14:30:25.105   512 13241 D HarmanHAL: StreamIn::getCapturePositionImpl
09-07 14:30:25.132   537   783 W TunerCommon: handler_announcementmaster_AnnouncementTunerStateHandling_all: [000009A9] AnMa4 AMFM PI INVALID
09-07 14:30:25.133   537   783 W TunerCommon: handler_announcementmaster_AnnouncementTunerStateHandling_all: [000009AD] AnMa4 AMFM PI INVALID
09-07 14:30:25.133   537   783 W TunerCommon: handler_announcementmaster_AnnouncementTunerStateHandling_all: [000009B1] AnMa4 AMFM PI INVALID
09-07 14:30:25.133   537   783 W TunerCommon: handler_announcementmaster_AnnouncementTunerStateHandling_all: [000009B5] AnMa4 AMFM PI INVALID
09-07 14:30:25.133   537   783 W TunerCommon: handler_announcementmaster_AnnouncementTunerStateHandling_all: [000009BA] AnMa4 AMFM PI INVALID
09-07 14:30:25.134   512 13241 D HarmanHAL: StreamIn::getCapturePositionImpl
09-07 14:30:25.164   512 13241 I HarmanHal.Routing: hacs alsa node(pcmTunerIn_c) adtm interval_min:30 ms, inverval_max:40 ms, inverval_mean:31 ms!
09-07 14:30:25.164   512 13241 I HarmanHal.Routing:  in printADTM() PcmAlsaWrapper.cpp:876
09-07 14:30:25.165   512 13241 D HarmanHAL: StreamIn::getCapturePositionImpl
09-07 14:30:25.234   512 13241 I chatty  : uid=1041(audioserver) reader identical 2 lines
09-07 14:30:25.264   512 13241 D HarmanHAL: StreamIn::getCapturePositionImpl
09-07 14:30:25.280   512  3972 I HarmanHal.Routing: hacs alsa node(pcmMedia_p) adtm interval_min:0 ms, inverval_max:11 ms, inverval_mean:8 ms!
09-07 14:30:25.280   512  3972 I HarmanHal.Routing:  in printADTM() PcmAlsaWrapper.cpp:876
09-07 14:30:25.294   512 13241 D HarmanHAL: StreamIn::getCapturePositionImpl
09-07 14:30:25.295   536   536 I vendor.harman.p: type=1400 audit(0.0:3483): avc: denied { write } for name="2" dev="dm-4" ino=49241 scontext=u:r:pathologyd:s0 tcontext=u:object_r:vendor_data_file:s0 tclass=dir permissive=1
09-07 14:30:25.295   536   536 I vendor.harman.p: type=1400 audit(0.0:3484): avc: denied { add_name } for name="PROCCRASH_PF_1631025024.lz4" scontext=u:r:pathologyd:s0 tcontext=u:object_r:vendor_data_file:s0 tclass=dir permissive=1
09-07 14:30:25.295   536   536 I vendor.harman.p: type=1400 audit(0.0:3485): avc: denied { create } for name="PROCCRASH_PF_1631025024.lz4" scontext=u:r:pathologyd:s0 tcontext=u:object_r:vendor_data_file:s0 tclass=file permissive=1
09-07 14:30:25.324   512 13241 D HarmanHAL: StreamIn::getCapturePositionImpl
09-07 14:30:25.424   512 13241 I chatty  : uid=1041(audioserver) reader identical 3 lines
09-07 14:30:25.454   512 13241 D HarmanHAL: StreamIn::getCapturePositionImpl
09-07 14:30:25.480   538   618 W ipcLib  : ipcLib: in ipc_lib. DV1 read called
09-07 14:30:25.484   512 13241 D HarmanHAL: StreamIn::getCapturePositionImpl
09-07 14:30:25.487   345   345 I Binder:345_2: type=1400 audit(0.0:3486): avc: denied { call } for scontext=u:r:carwatchdogd:s0 tcontext=u:r:hal_audio_default:s0 tclass=binder permissive=1
09-07 14:30:25.491   512   512 E android.hardware.audio@6.0-harman-service: [CXmlParser]: nodeset is empty for xpath: /audioConfiguration/EnableWatchdog
09-07 14:30:25.491   512   512 E android.hardware.audio@6.0-harman-service: [CXmlParser::GetOneEleValue] Xpath object is NULL. XPath: /audioConfiguration/EnableWatchdog
09-07 14:30:25.491   512   512 W HarmanHal: ConfigSettings::GetOneEleValue Error while reading the path /audioConfiguration/EnableWatchdog
09-07 14:30:25.491   512   512 W HarmanHal: ConfigSettings::GetOneEleValue Error in checkifWatchdogTobeEnabled
09-07 14:30:25.491   512   512 I HarmanHal: WatchdogClient::isClientHealthy, Value Of checkifWatchdogTobeEnabled:0
09-07 14:30:25.514   512 13241 D HarmanHAL: StreamIn::getCapturePositionImpl
09-07 14:30:25.645   512 13241 I chatty  : uid=1041(audioserver) reader identical 4 lines
09-07 14:30:25.674   512 13241 D HarmanHAL: StreamIn::getCapturePositionImpl
09-07 14:30:25.706   512 13133 I HarmanHal.Routing: hacs alsa node(pcmMicRefIn_c) adtm interval_min:0 ms, inverval_max:14 ms, inverval_mean:8 ms!
09-07 14:30:25.706   512 13133 I HarmanHal.Routing:  in printADTM() PcmAlsaWrapper.cpp:876
09-07 14:30:25.711   512 13159 I HarmanHal.Routing: hacs alsa node(pcmBtHfp_ul_pro_p) adtm interval_min:2 ms, inverval_max:14 ms, inverval_mean:8 ms!
09-07 14:30:25.711   512 13159 I HarmanHal.Routing:  in printADTM() PcmAlsaWrapper.cpp:876
09-07 14:30:25.715   512 13241 D HarmanHAL: StreamIn::getCapturePositionImpl
09-07 14:30:25.774   512 13241 I chatty  : uid=1041(audioserver) reader identical 2 lines
09-07 14:30:25.805   512 13241 D HarmanHAL: StreamIn::getCapturePositionImpl
09-07 14:30:25.814   512 13169 I HarmanHal.Routing: hacs alsa node(pcmBtHfp_dl_pre_c) adtm interval_min:0 ms, inverval_max:10 ms, inverval_mean:8 ms!
09-07 14:30:25.814   512 13169 I HarmanHal.Routing:  in printADTM() PcmAlsaWrapper.cpp:876
09-07 14:30:25.815   512 13169 I HarmanHal.Routing: hacs alsa node(pcmHfp_dl_p) adtm interval_min:0 ms, inverval_max:11 ms, inverval_mean:8 ms!
09-07 14:30:25.815   512 13169 I HarmanHal.Routing:  in printADTM() PcmAlsaWrapper.cpp:876
09-07 14:30:25.834   512 13241 D HarmanHAL: StreamIn::getCapturePositionImpl
09-07 14:30:25.875   512 13241 D HarmanHAL: StreamIn::getCapturePositionImpl
09-07 14:30:25.883   536   536 I vendor.harman.p: type=1400 audit(0.0:3487): avc: denied { read } for name="2" dev="dm-4" ino=49241 scontext=u:r:pathologyd:s0 tcontext=u:object_r:vendor_data_file:s0 tclass=dir permissive=1
01-01 00:05:28.877     0     0 W audit   : audit_lost=1719 audit_rate_limit=5 audit_backlog_limit=64
01-01 00:05:28.877     0     0 E audit   : rate limit exceeded
09-07 14:30:25.904   512 13241 D HarmanHAL: StreamIn::getCapturePositionImpl
09-07 14:30:26.064   512 13241 I chatty  : uid=1041(audioserver) reader identical 5 lines
09-07 14:30:26.094   512 13241 D HarmanHAL: StreamIn::getCapturePositionImpl
09-07 14:30:26.117   512 13158 D AudioProcessing: sseApply [handle 0xbc80d90][type 512] start..
09-07 14:30:26.118   512 13158 D AudioProcessing: sseProcess ul audioIO content print-1 [256] [2] [4] [1] 
09-07 14:30:26.118   512 13158 D AudioProcessing: sseProcess ul audioIO content print-2 [6] [1] [0x3bcbc5a0] [0x5bc7ede0] 
09-07 14:30:26.118   512 13158 D AudioProcessing: sseProcess ul audioIO content print-3 [0x1bca1320 [0x8bc84110] [0x1bc9f9b0] sse->pMain is [0x2bca4a60] 
09-07 14:30:26.119   512 13158 D AudioProcessing: sseProcess ul [handle 0xbc80d90]  ret[0]
09-07 14:30:26.119   512 13158 D AudioProcessing: sseProcess ul AudioBufferSampleCnt[256] type[512] finish..
09-07 14:30:26.125   512 13241 D HarmanHAL: StreamIn::getCapturePositionImpl
09-07 14:30:26.154   512 13241 I HarmanHal.Routing: hacs alsa node(pcmTunerIn_c) adtm interval_min:30 ms, inverval_max:40 ms, inverval_mean:31 ms!
09-07 14:30:26.154   512 13241 I HarmanHal.Routing:  in printADTM() PcmAlsaWrapper.cpp:876
09-07 14:30:26.155   512 13241 D HarmanHAL: StreamIn::getCapturePositionImpl
09-07 14:30:26.194   512 13241 D HarmanHAL: StreamIn::getCapturePositionImpl
09-07 14:30:26.223   512 13169 D AudioProcessing: sseApply [handle 0xbc83090][type 768] start..
09-07 14:30:26.223   512 13169 D AudioProcessing: sseProcess dl audioIO content print-1 [256] [2] [1] [1] 
09-07 14:30:26.223   512 13169 D AudioProcessing: sseProcess dl audioIO content print-2 [1] [1] [0x0xb40000763bcc28d0] [0x0xb40000761bca6b00] 
09-07 14:30:26.223   512 13169 D AudioProcessing: sseProcess dl audioIO content print-3 [0x0xb40000761bca7fd0] [0x0xb40000761bcabe40] [0x0xb40000761bca5880] sse->pMain is [0x0xb40000772bcb4e80] 
09-07 14:30:26.224   512 13169 D AudioProcessing: sseProcess dl [handle 0xbc83090] ret[0]
09-07 14:30:26.224   512 13169 D AudioProcessing: sseProcess dl AudioBufferSampleCnt[256] type[768] finish..
09-07 14:30:26.225   512 13241 D HarmanHAL: StreamIn::getCapturePositionImpl
09-07 14:30:26.254   512 13241 D HarmanHAL: StreamIn::getCapturePositionImpl
09-07 14:30:26.280   512  3972 I HarmanHal.Routing: hacs alsa node(pcmMedia_p) adtm interval_min:0 ms, inverval_max:12 ms, inverval_mean:8 ms!
09-07 14:30:26.280   512  3972 I HarmanHal.Routing:  in printADTM() PcmAlsaWrapper.cpp:876
09-07 14:30:26.284   512 13241 D HarmanHAL: StreamIn::getCapturePositionImpl
09-07 14:30:26.445   512 13241 I chatty  : uid=1041(audioserver) reader identical 5 lines
09-07 14:30:26.474   512 13241 D HarmanHAL: StreamIn::getCapturePositionImpl
09-07 14:30:26.480   538   618 W ipcLib  : ipcLib: in ipc_lib. DV1 read called
09-07 14:30:26.514   512 13241 D HarmanHAL: StreamIn::getCapturePositionImpl
09-07 14:30:26.675   512 13241 I chatty  : uid=1041(audioserver) reader identical 5 lines
09-07 14:30:26.704   512 13241 D HarmanHAL: StreamIn::getCapturePositionImpl
09-07 14:30:26.706   512 13133 I HarmanHal.Routing: hacs alsa node(pcmMicRefIn_c) adtm interval_min:0 ms, inverval_max:11 ms, inverval_mean:8 ms!
09-07 14:30:26.706   512 13133 I HarmanHal.Routing:  in printADTM() PcmAlsaWrapper.cpp:876
09-07 14:30:26.711   512 13159 I HarmanHal.Routing: hacs alsa node(pcmBtHfp_ul_pro_p) adtm interval_min:2 ms, inverval_max:12 ms, inverval_mean:8 ms!
09-07 14:30:26.711   512 13159 I HarmanHal.Routing:  in printADTM() PcmAlsaWrapper.cpp:876
09-07 14:30:26.734   512 13241 D HarmanHAL: StreamIn::getCapturePositionImpl
09-07 14:30:26.764   512 13241 I chatty  : uid=1041(audioserver) reader identical 1 line
09-07 14:30:26.794   512 13241 D HarmanHAL: StreamIn::getCapturePositionImpl
09-07 14:30:26.813   512 13169 I HarmanHal.Routing: hacs alsa node(pcmBtHfp_dl_pre_c) adtm interval_min:0 ms, inverval_max:11 ms, inverval_mean:7 ms!
09-07 14:30:26.813   512 13169 I HarmanHal.Routing:  in printADTM() PcmAlsaWrapper.cpp:876
09-07 14:30:26.814   512 13169 I HarmanHal.Routing: hacs alsa node(pcmHfp_dl_p) adtm interval_min:0 ms, inverval_max:12 ms, inverval_mean:7 ms!
09-07 14:30:26.814   512 13169 I HarmanHal.Routing:  in printADTM() PcmAlsaWrapper.cpp:876
09-07 14:30:26.834   512 13241 D HarmanHAL: StreamIn::getCapturePositionImpl
09-07 14:30:27.084   512 13241 I chatty  : uid=1041(audioserver) reader identical 8 lines
09-07 14:30:27.114   512 13241 D HarmanHAL: StreamIn::getCapturePositionImpl
09-07 14:30:27.154   512 13241 I HarmanHal.Routing: hacs alsa node(pcmTunerIn_c) adtm interval_min:28 ms, inverval_max:40 ms, inverval_mean:32 ms!
09-07 14:30:27.154   512 13241 I HarmanHal.Routing:  in printADTM() PcmAlsaWrapper.cpp:876
09-07 14:30:27.155   512 13241 D HarmanHAL: StreamIn::getCapturePositionImpl
09-07 14:30:27.172   532   569 W ipcLib  : ipcLib: in ipc_lib. DV1 read called
09-07 14:30:27.172   532   568 I VPS     : VPS:IOCStatusInfo.VoltageStatus->0 
09-07 14:30:27.172   532   568 I VPS     : VPS:IOCStatusInfo.IOCStatusCmd->a6 
09-07 14:30:27.172   532   568 I VPS     : VPS:IOCStatusInfo.WakeUpReason->0 
09-07 14:30:27.173   532   568 I VPS     : VPS:IOCStatusInfo.DerivedIgnitionStatus->0 
09-07 14:30:27.173   532   568 I VPS     : VPS:IOCStatusInfo.PowerModeState->4 
09-07 14:30:27.173   532   568 I VPS     : VPS:IOCStatusInfo.SOCShutdownRequest->0 
09-07 14:30:27.173   532   568 I VPS     : VPS:IOCStatusInfo.AntiTheftState->0 
09-07 14:30:27.173   532   568 I VPS     : VPS:IOCStatusInfo.BatteryConnect->0 
09-07 14:30:27.184   512 13241 D HarmanHAL: StreamIn::getCapturePositionImpl
09-07 14:30:27.245   512 13241 I chatty  : uid=1041(audioserver) reader identical 2 lines
09-07 14:30:27.275   512 13241 D HarmanHAL: StreamIn::getCapturePositionImpl
09-07 14:30:27.280   512  3972 I HarmanHal.Routing: hacs alsa node(pcmMedia_p) adtm interval_min:1 ms, inverval_max:11 ms, inverval_mean:8 ms!
09-07 14:30:27.280   512  3972 I HarmanHal.Routing:  in printADTM() PcmAlsaWrapper.cpp:876
09-07 14:30:27.314   512 13241 D HarmanHAL: StreamIn::getCapturePositionImpl
09-07 14:30:27.434   512 13241 I chatty  : uid=1041(audioserver) reader identical 4 lines
09-07 14:30:27.475   512 13241 D HarmanHAL: StreamIn::getCapturePositionImpl
09-07 14:30:27.480   538   618 W ipcLib  : ipcLib: in ipc_lib. DV1 read called
09-07 14:30:27.505   512 13241 D HarmanHAL: StreamIn::getCapturePositionImpl
09-07 14:30:27.665   512 13241 I chatty  : uid=1041(audioserver) reader identical 5 lines
09-07 14:30:27.694   512 13241 D HarmanHAL: StreamIn::getCapturePositionImpl
09-07 14:30:27.706   512 13133 I HarmanHal.Routing: hacs alsa node(pcmMicRefIn_c) adtm interval_min:0 ms, inverval_max:11 ms, inverval_mean:7 ms!
09-07 14:30:27.706   512 13133 I HarmanHal.Routing:  in printADTM() PcmAlsaWrapper.cpp:876
09-07 14:30:27.711   512 13159 I HarmanHal.Routing: hacs alsa node(pcmBtHfp_ul_pro_p) adtm interval_min:2 ms, inverval_max:12 ms, inverval_mean:8 ms!
09-07 14:30:27.711   512 13159 I HarmanHal.Routing:  in printADTM() PcmAlsaWrapper.cpp:876
09-07 14:30:27.718   512 13158 D AudioProcessing: sseApply [handle 0xbc80d90][type 512] start..
09-07 14:30:27.718   512 13158 D AudioProcessing: sseProcess ul audioIO content print-1 [256] [2] [4] [1] 
09-07 14:30:27.718   512 13158 D AudioProcessing: sseProcess ul audioIO content print-2 [6] [1] [0x3bcbc5a0] [0x5bc7ede0] 
09-07 14:30:27.718   512 13158 D AudioProcessing: sseProcess ul audioIO content print-3 [0x1bca1320 [0x8bc84110] [0x1bc9f9b0] sse->pMain is [0x2bca4a60] 
09-07 14:30:27.719   512 13158 D AudioProcessing: sseProcess ul [handle 0xbc80d90]  ret[0]
09-07 14:30:27.719   512 13158 D AudioProcessing: sseProcess ul AudioBufferSampleCnt[256] type[512] finish..
09-07 14:30:27.724   512 13241 D HarmanHAL: StreamIn::getCapturePositionImpl
09-07 14:30:27.754   512 13241 I chatty  : uid=1041(audioserver) reader identical 1 line
09-07 14:30:27.795   512 13241 D HarmanHAL: StreamIn::getCapturePositionImpl
09-07 14:30:27.814   512 13169 I HarmanHal.Routing: hacs alsa node(pcmBtHfp_dl_pre_c) adtm interval_min:0 ms, inverval_max:10 ms, inverval_mean:8 ms!
09-07 14:30:27.814   512 13169 I HarmanHal.Routing:  in printADTM() PcmAlsaWrapper.cpp:876
09-07 14:30:27.814   512 13169 I HarmanHal.Routing: hacs alsa node(pcmHfp_dl_p) adtm interval_min:0 ms, inverval_max:12 ms, inverval_mean:8 ms!
09-07 14:30:27.814   512 13169 I HarmanHal.Routing:  in printADTM() PcmAlsaWrapper.cpp:876
09-07 14:30:27.823   512 13169 D AudioProcessing: sseApply [handle 0xbc83090][type 768] start..
09-07 14:30:27.823   512 13169 D AudioProcessing: sseProcess dl audioIO content print-1 [256] [2] [1] [1] 
09-07 14:30:27.823   512 13169 D AudioProcessing: sseProcess dl audioIO content print-2 [1] [1] [0x0xb40000763bcc28d0] [0x0xb40000761bca6b00] 
09-07 14:30:27.823   512 13169 D AudioProcessing: sseProcess dl audioIO content print-3 [0x0xb40000761bca7fd0] [0x0xb40000761bcabe40] [0x0xb40000761bca5880] sse->pMain is [0x0xb40000772bcb4e80] 
09-07 14:30:27.824   512 13169 D AudioProcessing: sseProcess dl [handle 0xbc83090] ret[0]
09-07 14:30:27.824   512 13169 D AudioProcessing: sseProcess dl AudioBufferSampleCnt[256] type[768] finish..
09-07 14:30:27.825   512 13241 D HarmanHAL: StreamIn::getCapturePositionImpl
09-07 14:30:28.075   512 13241 I chatty  : uid=1041(audioserver) reader identical 8 lines
09-07 14:30:28.115   512 13241 D HarmanHAL: StreamIn::getCapturePositionImpl
09-07 14:30:28.144   512 13241 I HarmanHal.Routing: hacs alsa node(pcmTunerIn_c) adtm interval_min:29 ms, inverval_max:41 ms, inverval_mean:31 ms!
09-07 14:30:28.144   512 13241 I HarmanHal.Routing:  in printADTM() PcmAlsaWrapper.cpp:876
09-07 14:30:28.145   512 13241 D HarmanHAL: StreamIn::getCapturePositionImpl
09-07 14:30:28.234   512 13241 I chatty  : uid=1041(audioserver) reader identical 3 lines
09-07 14:30:28.275   512 13241 D HarmanHAL: StreamIn::getCapturePositionImpl
09-07 14:30:28.280   512  3972 I HarmanHal.Routing: hacs alsa node(pcmMedia_p) adtm interval_min:1 ms, inverval_max:11 ms, inverval_mean:8 ms!
09-07 14:30:28.280   512  3972 I HarmanHal.Routing:  in printADTM() PcmAlsaWrapper.cpp:876
09-07 14:30:28.304   512 13241 D HarmanHAL: StreamIn::getCapturePositionImpl
09-07 14:30:28.434   512 13241 I chatty  : uid=1041(audioserver) reader identical 4 lines
09-07 14:30:28.464   512 13241 D HarmanHAL: StreamIn::getCapturePositionImpl
09-07 14:30:28.480   538   618 W ipcLib  : ipcLib: in ipc_lib. DV1 read called
09-07 14:30:28.494   512 13241 D HarmanHAL: StreamIn::getCapturePositionImpl
09-07 14:30:28.654   512 13241 I chatty  : uid=1041(audioserver) reader identical 5 lines
09-07 14:30:28.684   512 13241 D HarmanHAL: StreamIn::getCapturePositionImpl
09-07 14:30:28.706   512 13133 I HarmanHal.Routing: hacs alsa node(pcmMicRefIn_c) adtm interval_min:0 ms, inverval_max:12 ms, inverval_mean:8 ms!
09-07 14:30:28.706   512 13133 I HarmanHal.Routing:  in printADTM() PcmAlsaWrapper.cpp:876
09-07 14:30:28.711   512 13159 I HarmanHal.Routing: hacs alsa node(pcmBtHfp_ul_pro_p) adtm interval_min:2 ms, inverval_max:12 ms, inverval_mean:8 ms!
09-07 14:30:28.711   512 13159 I HarmanHal.Routing:  in printADTM() PcmAlsaWrapper.cpp:876
09-07 14:30:28.714   512 13241 D HarmanHAL: StreamIn::getCapturePositionImpl
09-07 14:30:28.755   512 13241 I chatty  : uid=1041(audioserver) reader identical 1 line
09-07 14:30:28.784   512 13241 D HarmanHAL: StreamIn::getCapturePositionImpl
09-07 14:30:28.813   512 13169 I HarmanHal.Routing: hacs alsa node(pcmBtHfp_dl_pre_c) adtm interval_min:0 ms, inverval_max:11 ms, inverval_mean:7 ms!
09-07 14:30:28.813   512 13169 I HarmanHal.Routing:  in printADTM() PcmAlsaWrapper.cpp:876
09-07 14:30:28.814   512 13169 I HarmanHal.Routing: hacs alsa node(pcmHfp_dl_p) adtm interval_min:0 ms, inverval_max:11 ms, inverval_mean:8 ms!
09-07 14:30:28.814   512 13169 I HarmanHal.Routing:  in printADTM() PcmAlsaWrapper.cpp:876
09-07 14:30:28.814   512 13241 D HarmanHAL: StreamIn::getCapturePositionImpl
09-07 14:30:28.945   512 13241 I chatty  : uid=1041(audioserver) reader identical 4 lines
09-07 14:30:28.974   512 13241 D HarmanHAL: StreamIn::getCapturePositionImpl
09-07 14:30:29.000   532   569 I VPS     : VPS:VehiclePlatformSOCHeartBeatHandler IVI HeartBeat sent successfully SOCHeartBeatInfo.SOCStatus->2
09-07 14:30:29.000   532   569 W ipcLib  : ipcLib: in ipc_lib. DV1 write called
09-07 14:30:29.002   532   569 W ipcLib  : ipcLib: in ipc_lib. DV1 read called
09-07 14:30:29.004   512 13241 D HarmanHAL: StreamIn::getCapturePositionImpl
09-07 14:30:29.074   512 13241 I chatty  : uid=1041(audioserver) reader identical 2 lines
09-07 14:30:29.104   512 13241 D HarmanHAL: StreamIn::getCapturePositionImpl
09-07 14:30:29.121   911  4981 D BufferPoolAccessor2.0: bufferpool2 0xb400007205c6d498 : 2(1048576 size) total buffers - 1(524288 size) used buffers - 3759/3769 (recycle/alloc) - 25/3769 (fetch/transfer)
09-07 14:30:29.134   512 13241 I HarmanHal.Routing: hacs alsa node(pcmTunerIn_c) adtm interval_min:29 ms, inverval_max:41 ms, inverval_mean:31 ms!
09-07 14:30:29.134   512 13241 I HarmanHal.Routing:  in printADTM() PcmAlsaWrapper.cpp:876
09-07 14:30:29.135   512 13241 D HarmanHAL: StreamIn::getCapturePositionImpl
01-01 00:05:32.153     0     0 I init    : starting service 'qccsyshalservice'...
01-01 00:05:32.160     0     0 I init    : starting service 'vendor.sensors-hal-1-0'...
01-01 00:05:32.167     0     0 I init    : starting service 'LogManager'...
09-07 14:30:29.164   512 13241 D HarmanHAL: StreamIn::getCapturePositionImpl
09-07 14:30:29.180 18059 18059 I qccsyshalservice: Start with system binder
09-07 14:30:29.180 18059 18059 I qccsyshalservice: Registering qccsyshal service...
09-07 14:30:29.181   376   376 I hwservicemanager: getTransport: Cannot find entry vendor.qti.hardware.qccsyshal@1.0::IQccsyshal/qccsyshal in either framework or device manifest.
09-07 14:30:29.182 18059 18059 E HidlServiceManagement: Service vendor.qti.hardware.qccsyshal@1.0::IQccsyshal/qccsyshal must be in VINTF manifest in order to register/get.
09-07 14:30:29.182 18059 18059 E qccsyshalservice: [ERROR] registerAsService() failed with status: -2147483648
01-01 00:05:32.176     0     0 I init    : Service 'qccsyshalservice' (pid 18059) exited with status 1
01-01 00:05:32.176     0     0 I init    : Sending signal 9 to service 'qccsyshalservice' (pid 18059) process group...
01-01 00:05:32.176     0     0 I libprocessgroup: Successfully killed process cgroup uid 1000 pid 18059 in 0ms
09-07 14:30:29.195   512 13241 D HarmanHAL: StreamIn::getCapturePositionImpl
09-07 14:30:29.196   376   376 I hwservicemanager: getTransport: Cannot find entry android.hardware.sensors@1.0::ISensors/default in either framework or device manifest.
09-07 14:30:29.197 18061 18061 D LOGMANAGER: LOGMANAGER HAL service init() start
09-07 14:30:29.198 18061 18061 D LOGMANAGER: Logmanager configured rpcthreadpool
09-07 14:30:29.195 18061 18061 I vendor.harman.L: type=1400 audit(0.0:3489): avc: denied { read } for name="u:object_r:hwservicemanager_prop:s0" dev="tmpfs" ino=24519 scontext=u:r:logmanagerd:s0 tcontext=u:object_r:hwservicemanager_prop:s0 tclass=file permissive=1
09-07 14:30:29.195 18061 18061 I vendor.harman.L: type=1400 audit(0.0:3490): avc: denied { open } for path="/dev/__properties__/u:object_r:hwservicemanager_prop:s0" dev="tmpfs" ino=24519 scontext=u:r:logmanagerd:s0 tcontext=u:object_r:hwservicemanager_prop:s0 tclass=file permissive=1
09-07 14:30:29.195 18061 18061 I vendor.harman.L: type=1400 audit(0.0:3491): avc: denied { getattr } for path="/dev/__properties__/u:object_r:hwservicemanager_prop:s0" dev="tmpfs" ino=24519 scontext=u:r:logmanagerd:s0 tcontext=u:object_r:hwservicemanager_prop:s0 tclass=file permissive=1
09-07 14:30:29.195 18061 18061 I vendor.harman.L: type=1400 audit(0.0:3492): avc: denied { map } for path="/dev/__properties__/u:object_r:hwservicemanager_prop:s0" dev="tmpfs" ino=24519 scontext=u:r:logmanagerd:s0 tcontext=u:object_r:hwservicemanager_prop:s0 tclass=file permissive=1
09-07 14:30:29.199 18060 18060 E android.hardware.sensors@1.0-service: Couldn't load sensors module (Unknown error -2147483648)
09-07 14:30:29.199 18060 18060 D RefBase : RefBase: Explicit destruction, weak count = 0 (in 0xb40000724a1e6758)
09-07 14:30:29.199 18060 18060 W RefBase : CallStack::getCurrentInternal not linked, returning null
09-07 14:30:29.199 18060 18060 W RefBase : CallStack::logStackInternal not linked
09-07 14:30:29.200 18060 18060 E LegacySupport: Could not get passthrough implementation for android.hardware.sensors@1.0::ISensors/default.
09-07 14:30:29.201 18061 18061 I HidlServiceManagement: Registered vendor.harman.hardware.LogManager@1.0::ILogManager/default
09-07 14:30:29.201 18061 18061 D LOGMANAGER: Logmanager HAL Service is registered and ready
09-07 14:30:29.201 18061 18061 I LOGMANAGER: ThreadPoolWrapper::initThreadPool
09-07 14:30:29.201 18061 18061 I LOGMANAGER: ThreadPoolWrapper : exit
09-07 14:30:29.202 18061 18061 D LOGMANAGER: Logmanager threadpoolwrapper created
09-07 14:30:29.202 18061 18061 D LOGMANAGER: User argument is -c
09-07 14:30:29.202 18061 18062 I LOGMANAGER: ThreadPoolWrapper:  enter the joinRpcThreadpool()
09-07 14:30:29.202 18061 18061 I LOGMANAGER: LogmanagerConfig is configured under config file
09-07 14:30:29.202 18061 18061 I LOGMANAGER: LoggingLevel is : 4
09-07 14:30:29.202 18061 18061 I LOGMANAGER: LogEnableState is : 0
09-07 14:30:29.199 18061 18061 I vendor.harman.L: type=1400 audit(0.0:3493): avc: denied { dac_read_search } for capability=2 scontext=u:r:logmanagerd:s0 tcontext=u:r:logmanagerd:s0 tclass=capability permissive=1
09-07 14:30:29.202 18061 18061 I LOGMANAGER: OutputPluginConfiguration PluginType : LOGWRITTER
09-07 14:30:29.202 18061 18061 I LOGMANAGER: LM_OutputConfiguration : 1
09-07 14:30:29.202 18061 18061 I LOGMANAGER: LM_OfflineTraceDirectory : /data/cache
01-01 00:05:32.191     0     0 I init    : Service 'vendor.sensors-hal-1-0' (pid 18060) exited with status 1
09-07 14:30:29.202 18061 18061 I LOGMANAGER: LM_OfflineTraceFILESize : 1000000
09-07 14:30:29.202 18061 18061 I LOGMANAGER: LM_OfflineTotalFILESSize : 20000000
01-01 00:05:32.191     0     0 I init    : Sending signal 9 to service 'vendor.sensors-hal-1-0' (pid 18060) process group...
09-07 14:30:29.202 18061 18061 I LOGMANAGER: LM_FileNameTimeStampBased : 0
01-01 00:05:32.191     0     0 I libprocessgroup: Successfully killed process cgroup uid 1000 pid 18060 in 0ms
01-01 00:05:32.192     0     0 W audit   : audit_lost=1720 audit_rate_limit=5 audit_backlog_limit=64
09-07 14:30:29.202 18061 18061 I LOGMANAGER: Got IOC plugin
01-01 00:05:32.192     0     0 E audit   : rate limit exceeded
09-07 14:30:29.202 18061 18061 I LOGMANAGER: IOCIPCChannelNumber :6
09-07 14:30:29.202 18061 18061 I LOGMANAGER: keyseq: HOME + VOLUMEDOWN  for domain is AudioDump
09-07 14:30:29.202 18061 18061 I LOGMANAGER: keyseq: HOME + VOLUMEUP  for domain is HCIDump
09-07 14:30:29.202 18061 18061 I LOGMANAGER: Domains parsing is done
09-07 14:30:29.208 18061 18061 E LOGMANAGER: Failed to load plugin /vendor/lib64/libIOCDLogReader.so with error code dlopen failed: library "/vendor/lib64/libIOCDLogReader.so" not found 
09-07 14:30:29.208 18061 18061 F libc    : Fatal signal 11 (SIGSEGV), code 1 (SEGV_MAPERR), fault addr 0x0 in tid 18061 (vendor.harman.L), pid 18061 (vendor.harman.L)
09-07 14:30:29.234   512 13241 D HarmanHAL: StreamIn::getCapturePositionImpl
09-07 14:30:29.244 18068 18068 I crash_dump64: obtaining output fd from tombstoned, type: kDebuggerdTombstone
09-07 14:30:29.245   463   463 I tombstoned: received crash request for pid 18061
09-07 14:30:29.246 18068 18068 I crash_dump64: performing dump of process 18061 (target tid = 18061)
09-07 14:30:29.249 18068 18068 F DEBUG   : *** *** *** *** *** *** *** *** *** *** *** *** *** *** *** ***
09-07 14:30:29.249 18068 18068 F DEBUG   : Build fingerprint: 'qti/titan_tml_b2/titan_tml_b2:11/RQ3A.210605.005/eng.ksong.20210907.134230:userdebug/test-keys'
09-07 14:30:29.249 18068 18068 F DEBUG   : Revision: '0'
09-07 14:30:29.249 18068 18068 F DEBUG   : ABI: 'arm64'
09-07 14:30:29.250 18068 18068 F DEBUG   : Timestamp: 2021-09-07 14:30:29+0000
09-07 14:30:29.250 18068 18068 F DEBUG   : pid: 18061, tid: 18061, name: vendor.harman.L  >>> /vendor/bin/hw/vendor.harman.LogManager@1.0-service <<<
09-07 14:30:29.250 18068 18068 F DEBUG   : uid: 0
09-07 14:30:29.250 18068 18068 F DEBUG   : signal 11 (SIGSEGV), code 1 (SEGV_MAPERR), fault addr 0x0
09-07 14:30:29.250 18068 18068 F DEBUG   : Cause: null pointer dereference
09-07 14:30:29.251 18068 18068 F DEBUG   :     x0  0000000000000000  x1  0000000000000000  x2  0000000000080001  x3  0000000000000000
09-07 14:30:29.251 18068 18068 F DEBUG   :     x4  0000000000000000  x5  0000000000000090  x6  fefefefefefefeff  x7  7f7f7f7f7f7f7f7f
09-07 14:30:29.251 18068 18068 F DEBUG   :     x8  0101010101010101  x9  1cac3873d12b161a  x10 0000007fd2707928  x11 fffffffffffffffd
09-07 14:30:29.251 18068 18068 F DEBUG   :     x12 0000007fd2707ab0  x13 000000000000008e  x14 000c28ca8885ac00  x15 0000000034155555
09-07 14:30:29.251 18068 18068 F DEBUG   :     x16 00000059dc87e7e0  x17 00000079db660b30  x18 00000079dc92a000  x19 0000000000000000
09-07 14:30:29.251 18068 18068 F DEBUG   :     x20 00000079db7aec50  x21 0000007fd27081c9  x22 b4000078db3a5218  x23 0000007fd27081e8
09-07 14:30:29.251 18068 18068 F DEBUG   :     x24 0000000000000000  x25 00000079dbf68000  x26 0000007fd27081c9  x27 0000007fd2708199
09-07 14:30:29.251 18068 18068 F DEBUG   :     x28 0000000000000000  x29 0000007fd27080d0
09-07 14:30:29.251 18068 18068 F DEBUG   :     lr  00000059dc875048  sp  0000007fd27080d0  pc  00000079db660b40  pst 0000000080000000
09-07 14:30:29.255 18068 18068 F DEBUG   : backtrace:
09-07 14:30:29.256 18068 18068 F DEBUG   :       #00 pc 000000000004ab40  /apex/com.android.runtime/lib64/bionic/libc.so (strlen_default+16) (BuildId: 2b7c6e33413ac7278a15dfc3ea383089)
09-07 14:30:29.256 18068 18068 F DEBUG   :       #01 pc 0000000000009044  /vendor/bin/hw/vendor.harman.LogManager@1.0-service (BuildId: 3e966ab64050b441b920ba0e8960d123)
09-07 14:30:29.256 18068 18068 F DEBUG   :       #02 pc 0000000000008df0  /vendor/bin/hw/vendor.harman.LogManager@1.0-service (LM::LogManagerImpl::load_plugin_conf(void*, std::__1::basic_string<char, std::__1::char_traits<char>, std::__1::allocator<char> >, std::__1::multimap<std::__1::basic_string<char, std::__1::char_traits<char>, std::__1::allocator<char> >, int, std::__1::less<std::__1::basic_string<char, std::__1::char_traits<char>, std::__1::allocator<char> > >, std::__1::allocator<std::__1::pair<std::__1::basic_string<char, std::__1::char_traits<char>, std::__1::allocator<char> > const, int> > >&)+752) (BuildId: 3e966ab64050b441b920ba0e8960d123)
09-07 14:30:29.256 18068 18068 F DEBUG   :       #03 pc 00000000000088c0  /vendor/bin/hw/vendor.harman.LogManager@1.0-service (LM::LogManagerImpl::loadplugins()+436) (BuildId: 3e966ab64050b441b920ba0e8960d123)
09-07 14:30:29.256 18068 18068 F DEBUG   :       #04 pc 0000000000007af8  /vendor/bin/hw/vendor.harman.LogManager@1.0-service (main+1112) (BuildId: 3e966ab64050b441b920ba0e8960d123)
09-07 14:30:29.256 18068 18068 F DEBUG   :       #05 pc 000000000004988c  /apex/com.android.runtime/lib64/bionic/libc.so (__libc_init+108) (BuildId: 2b7c6e33413ac7278a15dfc3ea383089)
09-07 14:30:29.264   512 13241 D HarmanHAL: StreamIn::getCapturePositionImpl
09-07 14:30:29.272   532   569 W ipcLib  : ipcLib: in ipc_lib. DV1 read called
09-07 14:30:29.273   532   568 I VPS     : VPS:IOCStatusInfo.VoltageStatus->0 
09-07 14:30:29.273   532   568 I VPS     : VPS:IOCStatusInfo.IOCStatusCmd->a6 
09-07 14:30:29.273   532   568 I VPS     : VPS:IOCStatusInfo.WakeUpReason->0 
09-07 14:30:29.274   532   568 I VPS     : VPS:IOCStatusInfo.DerivedIgnitionStatus->0 
09-07 14:30:29.274   532   568 I VPS     : VPS:IOCStatusInfo.PowerModeState->4 
09-07 14:30:29.274   532   568 I VPS     : VPS:IOCStatusInfo.SOCShutdownRequest->0 
09-07 14:30:29.274   532   568 I VPS     : VPS:IOCStatusInfo.AntiTheftState->0 
09-07 14:30:29.274   532   568 I VPS     : VPS:IOCStatusInfo.BatteryConnect->0 
09-07 14:30:29.280   512  3972 I HarmanHal.Routing: hacs alsa node(pcmMedia_p) adtm interval_min:1 ms, inverval_max:10 ms, inverval_mean:8 ms!
09-07 14:30:29.280   512  3972 I HarmanHal.Routing:  in printADTM() PcmAlsaWrapper.cpp:876
01-01 00:05:32.273     0     0 D logd    : logdr: UID=0 GID=1000 PID=18068 n tail=50 logMask=8 pid=18061 start=0ns timeout=0ns
09-07 14:30:29.294   512 13241 D HarmanHAL: StreamIn::getCapturePositionImpl
01-01 00:05:32.283     0     0 D logd    : logdr: UID=0 GID=1000 PID=18068 n tail=50 logMask=1 pid=18061 start=0ns timeout=0ns
01-01 00:05:32.306     0     0 D logd    : logdr: UID=0 GID=1000 PID=18068 n tail=0 logMask=8 pid=18061 start=0ns timeout=0ns
09-07 14:30:29.318   512 13158 D AudioProcessing: sseApply [handle 0xbc80d90][type 512] start..
09-07 14:30:29.318   512 13158 D AudioProcessing: sseProcess ul audioIO content print-1 [256] [2] [4] [1] 
09-07 14:30:29.318   512 13158 D AudioProcessing: sseProcess ul audioIO content print-2 [6] [1] [0x3bcbc5a0] [0x5bc7ede0] 
09-07 14:30:29.318   512 13158 D AudioProcessing: sseProcess ul audioIO content print-3 [0x1bca1320 [0x8bc84110] [0x1bc9f9b0] sse->pMain is [0x2bca4a60] 
09-07 14:30:29.319   512 13158 D AudioProcessing: sseProcess ul [handle 0xbc80d90]  ret[0]
09-07 14:30:29.319   512 13158 D AudioProcessing: sseProcess ul AudioBufferSampleCnt[256] type[512] finish..
09-07 14:30:29.324   512 13241 D HarmanHAL: StreamIn::getCapturePositionImpl
01-01 00:05:32.318     0     0 D logd    : logdr: UID=0 GID=1000 PID=18068 n tail=0 logMask=1 pid=18061 start=0ns timeout=0ns
09-07 14:30:29.337  1033  1270 W NativeCrashListener: Couldn't find ProcessRecord for pid 18061
09-07 14:30:29.338 18068 18068 E crash_dump64: AM data write failed: Broken pipe
09-07 14:30:29.340   463   463 E tombstoned: Tombstone written to: /data/tombstones/tombstone_32
01-01 00:05:32.330     0     0 I init    : Untracked pid 18068 exited with status 0
09-07 14:30:29.347  1033  1095 I BootReceiver: Copying /data/tombstones/tombstone_32 to DropBox (SYSTEM_TOMBSTONE)
09-07 14:30:29.349  1033  1095 I DropBoxManagerService: add tag=SYSTEM_TOMBSTONE isTagEnabled=true flags=0x2
09-07 14:30:29.354   512 13241 D HarmanHAL: StreamIn::getCapturePositionImpl
09-07 14:30:29.394   512 13241 D HarmanHAL: StreamIn::getCapturePositionImpl
09-07 14:30:29.423   512 13169 D AudioProcessing: sseApply [handle 0xbc83090][type 768] start..
09-07 14:30:29.423   512 13169 D AudioProcessing: sseProcess dl audioIO content print-1 [256] [2] [1] [1] 
09-07 14:30:29.423   512 13169 D AudioProcessing: sseProcess dl audioIO content print-2 [1] [1] [0x0xb40000763bcc28d0] [0x0xb40000761bca6b00] 
09-07 14:30:29.424   512 13169 D AudioProcessing: sseProcess dl audioIO content print-3 [0x0xb40000761bca7fd0] [0x0xb40000761bcabe40] [0x0xb40000761bca5880] sse->pMain is [0x0xb40000772bcb4e80] 
09-07 14:30:29.424   512 13169 D AudioProcessing: sseProcess dl [handle 0xbc83090] ret[0]
09-07 14:30:29.424   512 13241 D HarmanHAL: StreamIn::getCapturePositionImpl
09-07 14:30:29.425   512 13169 D AudioProcessing: sseProcess dl AudioBufferSampleCnt[256] type[768] finish..
09-07 14:30:29.454   512 13241 D HarmanHAL: StreamIn::getCapturePositionImpl
09-07 14:30:29.480   538   618 W ipcLib  : ipcLib: in ipc_lib. DV1 read called
09-07 14:30:29.484   512 13241 D HarmanHAL: StreamIn::getCapturePositionImpl
09-07 14:30:29.644   512 13241 I chatty  : uid=1041(audioserver) reader identical 5 lines
09-07 14:30:29.675   512 13241 D HarmanHAL: StreamIn::getCapturePositionImpl
09-07 14:30:29.680  1986  3683 I vDM (Thread-5): android/vdm_smm_pl.c.  107: [SMM] ACQUIRE WakeLock smm(0)
09-07 14:30:29.684  1986  3683 V vDM (Thread-5): android/vdm_smm_pl.c.  233: [SMM] Timeout waiting for smm, passed 85s
09-07 14:30:29.684  1986  3683 I swupdate: BasicService: Resetting Alarm ID 1
09-07 14:30:29.687  1986  3683 V vDM (Thread-5): src/vdm_smm_static.c.  786: [SMM] Timeout will be at 2021-09-07 14:30:57 for SM: DMA_SYNC_TIMEOUTS
09-07 14:30:29.687  1986  3683 V vDM (Thread-5): src/vdm_smm_static.c. 1346: [SMM] received Event SMM_SAVED_TO_PS
09-07 14:30:29.687  1986  3683 V vDM (Thread-5): /src/vdm_smm_event.c.   96: [SMM] Event name=SMM_SAVED_TO_PS, without variables
09-07 14:30:29.688  1986  3683 V vDM (Thread-5): /src/vdm_smm_event.c.  121: [SMM] End event: SMM_SAVED_TO_PS
09-07 14:30:29.688  1986  3683 V vDM (Thread-5): src/vdm_smm_static.c. 1367: [SMM] --------- Finished handling SM event SMM_SAVED_TO_PS -----------
09-07 14:30:29.688  1986  3683 V vDM (Thread-5): src/vdm_smm_static.c. 1346: [SMM] received Event DMA_MSG_INT_TIMEOUT
09-07 14:30:29.689  1986  3683 V vDM (Thread-5): /src/vdm_smm_event.c.   96: [SMM] Event name=DMA_MSG_INT_TIMEOUT, variables:
09-07 14:30:29.689  1986  3683 V vDM (Thread-5): /src/vdm_smm_event.c.  117: [SMM] str variable(#1): INSTANCE_VAR=[null]
09-07 14:30:29.689  1986  3683 V vDM (Thread-5): /src/vdm_smm_event.c.  121: [SMM] End event: DMA_MSG_INT_TIMEOUT
09-07 14:30:29.689  1986  3683 V vDM (Thread-5): src/vdm_smm_static.c. 1372: [SMM] Nobody is interested in SM event DMA_MSG_INT_TIMEOUT sent from 'NA'
09-07 14:30:29.689  1986  3683 V vDM (Thread-5): utl_persistentdata.c. 1026: [Util] ps_save: typeCryptInfo=0x0, typeCryptInfo->encrypt=0x0
09-07 14:30:29.689  1986  3683 V vDM (Thread-5): utl_persistentdata.c. 1042: [Util] saving to persistent storage file: /cache/swdl/reg.conf
09-07 14:30:29.700  1986  3683 V vDM (Thread-5): utl_persistentdata.c. 1149: [Util] -ps_save
09-07 14:30:29.700  1986  3683 V vDM (Thread-5): src/vdm_smm_static.c.  786: [SMM] Timeout will be at 2021-09-07 14:30:57 for SM: DMA_SYNC_TIMEOUTS
09-07 14:30:29.700  1986  3683 I swupdate: BasicService: Setting Alarm ID 1 for Tue Sep 07 14:30:57 GMT 2021
09-07 14:30:29.703  1986  3683 I vDM (Thread-5): android/vdm_smm_pl.c.  123: [SMM] RELEASE WakeLock smm(1)
09-07 14:30:29.705   512 13133 I HarmanHal.Routing: hacs alsa node(pcmMicRefIn_c) adtm interval_min:0 ms, inverval_max:10 ms, inverval_mean:8 ms!
09-07 14:30:29.705   512 13133 I HarmanHal.Routing:  in printADTM() PcmAlsaWrapper.cpp:876
09-07 14:30:29.711   512 13159 I HarmanHal.Routing: hacs alsa node(pcmBtHfp_ul_pro_p) adtm interval_min:2 ms, inverval_max:12 ms, inverval_mean:8 ms!
09-07 14:30:29.711   512 13159 I HarmanHal.Routing:  in printADTM() PcmAlsaWrapper.cpp:876
09-07 14:30:29.714   512 13241 D HarmanHAL: StreamIn::getCapturePositionImpl
09-07 14:30:29.774   512 13241 I chatty  : uid=1041(audioserver) reader identical 2 lines
09-07 14:30:29.804   512 13241 D HarmanHAL: StreamIn::getCapturePositionImpl
09-07 14:30:29.814   512 13169 I HarmanHal.Routing: hacs alsa node(pcmBtHfp_dl_pre_c) adtm interval_min:0 ms, inverval_max:10 ms, inverval_mean:8 ms!
09-07 14:30:29.814   512 13169 I HarmanHal.Routing:  in printADTM() PcmAlsaWrapper.cpp:876
09-07 14:30:29.814   512 13169 I HarmanHal.Routing: hacs alsa node(pcmHfp_dl_p) adtm interval_min:0 ms, inverval_max:11 ms, inverval_mean:8 ms!
09-07 14:30:29.814   512 13169 I HarmanHal.Routing:  in printADTM() PcmAlsaWrapper.cpp:876
09-07 14:30:29.834   512 13241 D HarmanHAL: StreamIn::getCapturePositionImpl
09-07 14:30:29.841   536   612 E pathology: [ProcessCrashHandler:: parseTombstoneFileName]string not found
09-07 14:30:29.841   536   612 I chatty  : uid=0(root) vendor.harman.p identical 4 lines
09-07 14:30:29.841   536   612 E pathology: [ProcessCrashHandler:: parseTombstoneFileName]string not found
09-07 14:30:29.874   512 13241 D HarmanHAL: StreamIn::getCapturePositionImpl
09-07 14:30:30.066   512 13241 I chatty  : uid=1041(audioserver) reader identical 6 lines
09-07 14:30:30.095   512 13241 D HarmanHAL: StreamIn::getCapturePositionImpl
09-07 14:30:30.124   512 13241 I HarmanHal.Routing: hacs alsa node(pcmTunerIn_c) adtm interval_min:29 ms, inverval_max:40 ms, inverval_mean:31 ms!
09-07 14:30:30.124   512 13241 I HarmanHal.Routing:  in printADTM() PcmAlsaWrapper.cpp:876
09-07 14:30:30.125   512 13241 D HarmanHAL: StreamIn::getCapturePositionImpl
09-07 14:30:30.225   512 13241 I chatty  : uid=1041(audioserver) reader identical 3 lines
09-07 14:30:30.254   512 13241 D HarmanHAL: StreamIn::getCapturePositionImpl
09-07 14:30:30.255   536   536 I vendor.harman.p: type=1400 audit(0.0:3529): avc: denied { write } for name="2" dev="dm-4" ino=49241 scontext=u:r:pathologyd:s0 tcontext=u:object_r:vendor_data_file:s0 tclass=dir permissive=1
09-07 14:30:30.255   536   536 I vendor.harman.p: type=1400 audit(0.0:3530): avc: denied { add_name } for name="PROCCRASH_PF_1631025029.lz4" scontext=u:r:pathologyd:s0 tcontext=u:object_r:vendor_data_file:s0 tclass=dir permissive=1
09-07 14:30:30.255   536   536 I vendor.harman.p: type=1400 audit(0.0:3531): avc: denied { create } for name="PROCCRASH_PF_1631025029.lz4" scontext=u:r:pathologyd:s0 tcontext=u:object_r:vendor_data_file:s0 tclass=file permissive=1
09-07 14:30:30.280   512  3972 I HarmanHal.Routing: hacs alsa node(pcmMedia_p) adtm interval_min:0 ms, inverval_max:11 ms, inverval_mean:8 ms!
09-07 14:30:30.280   512  3972 I HarmanHal.Routing:  in printADTM() PcmAlsaWrapper.cpp:876
09-07 14:30:30.284   512 13241 D HarmanHAL: StreamIn::getCapturePositionImpl
09-07 14:30:30.445   512 13241 I chatty  : uid=1041(audioserver) reader identical 5 lines
09-07 14:30:30.474   512 13241 D HarmanHAL: StreamIn::getCapturePositionImpl
09-07 14:30:30.480   538   618 W ipcLib  : ipcLib: in ipc_lib. DV1 read called
09-07 14:30:30.515   512 13241 D HarmanHAL: StreamIn::getCapturePositionImpl
09-07 14:30:30.675   512 13241 I chatty  : uid=1041(audioserver) reader identical 5 lines
09-07 14:30:30.705   512 13241 D HarmanHAL: StreamIn::getCapturePositionImpl
09-07 14:30:30.706   512 13133 I HarmanHal.Routing: hacs alsa node(pcmMicRefIn_c) adtm interval_min:0 ms, inverval_max:12 ms, inverval_mean:8 ms!
09-07 14:30:30.706   512 13133 I HarmanHal.Routing:  in printADTM() PcmAlsaWrapper.cpp:876
09-07 14:30:30.711   512 13159 I HarmanHal.Routing: hacs alsa node(pcmBtHfp_ul_pro_p) adtm interval_min:2 ms, inverval_max:13 ms, inverval_mean:8 ms!
09-07 14:30:30.711   512 13159 I HarmanHal.Routing:  in printADTM() PcmAlsaWrapper.cpp:876
09-07 14:30:30.734   512 13241 D HarmanHAL: StreamIn::getCapturePositionImpl
09-07 14:30:30.764   512 13241 I chatty  : uid=1041(audioserver) reader identical 1 line
09-07 14:30:30.794   512 13241 D HarmanHAL: StreamIn::getCapturePositionImpl
09-07 14:30:30.813   512 13169 I HarmanHal.Routing: hacs alsa node(pcmBtHfp_dl_pre_c) adtm interval_min:0 ms, inverval_max:10 ms, inverval_mean:7 ms!
09-07 14:30:30.813   512 13169 I HarmanHal.Routing:  in printADTM() PcmAlsaWrapper.cpp:876
09-07 14:30:30.814   512 13169 I HarmanHal.Routing: hacs alsa node(pcmHfp_dl_p) adtm interval_min:0 ms, inverval_max:11 ms, inverval_mean:8 ms!
09-07 14:30:30.814   512 13169 I HarmanHal.Routing:  in printADTM() PcmAlsaWrapper.cpp:876
09-07 14:30:30.834   512 13241 D HarmanHAL: StreamIn::getCapturePositionImpl
09-07 14:30:30.864   512 13241 I chatty  : uid=1041(audioserver) reader identical 1 line
09-07 14:30:30.895   512 13241 D HarmanHAL: StreamIn::getCapturePositionImpl
09-07 14:30:30.917   512 13158 D AudioProcessing: sseApply [handle 0xbc80d90][type 512] start..
09-07 14:30:30.917   512 13158 D AudioProcessing: sseProcess ul audioIO content print-1 [256] [2] [4] [1] 
09-07 14:30:30.917   512 13158 D AudioProcessing: sseProcess ul audioIO content print-2 [6] [1] [0x3bcbc5a0] [0x5bc7ede0] 
09-07 14:30:30.917   512 13158 D AudioProcessing: sseProcess ul audioIO content print-3 [0x1bca1320 [0x8bc84110] [0x1bc9f9b0] sse->pMain is [0x2bca4a60] 
09-07 14:30:30.917   512 13158 D AudioProcessing: sseProcess ul [handle 0xbc80d90]  ret[0]
09-07 14:30:30.917   512 13158 D AudioProcessing: sseProcess ul AudioBufferSampleCnt[256] type[512] finish..
09-07 14:30:30.919   536   536 I vendor.harman.p: type=1400 audit(0.0:3532): avc: denied { read } for name="2" dev="dm-4" ino=49241 scontext=u:r:pathologyd:s0 tcontext=u:object_r:vendor_data_file:s0 tclass=dir permissive=1
09-07 14:30:30.919   536   536 I vendor.harman.p: type=1400 audit(0.0:3533): avc: denied { open } for path="/data/vendor/pathologyArchive/2" dev="dm-4" ino=49241 scontext=u:r:pathologyd:s0 tcontext=u:object_r:vendor_data_file:s0 tclass=dir permissive=1
09-07 14:30:30.924   512 13241 D HarmanHAL: StreamIn::getCapturePositionImpl
01-01 00:05:33.979     0     0 W audit   : audit_lost=1755 audit_rate_limit=5 audit_backlog_limit=64
01-01 00:05:33.979     0     0 E audit   : rate limit exceeded
09-07 14:30:30.954   512 13241 I chatty  : uid=1041(audioserver) reader identical 1 line
09-07 14:30:30.994   512 13241 D HarmanHAL: StreamIn::getCapturePositionImpl
09-07 14:30:31.023   512 13169 D AudioProcessing: sseApply [handle 0xbc83090][type 768] start..
09-07 14:30:31.023   512 13169 D AudioProcessing: sseProcess dl audioIO content print-1 [256] [2] [1] [1] 
09-07 14:30:31.023   512 13169 D AudioProcessing: sseProcess dl audioIO content print-2 [1] [1] [0x0xb40000763bcc28d0] [0x0xb40000761bca6b00] 
09-07 14:30:31.023   512 13169 D AudioProcessing: sseProcess dl audioIO content print-3 [0x0xb40000761bca7fd0] [0x0xb40000761bcabe40] [0x0xb40000761bca5880] sse->pMain is [0x0xb40000772bcb4e80] 
09-07 14:30:31.024   512 13169 D AudioProcessing: sseProcess dl [handle 0xbc83090] ret[0]
09-07 14:30:31.024   512 13169 D AudioProcessing: sseProcess dl AudioBufferSampleCnt[256] type[768] finish..
09-07 14:30:31.024   512 13241 D HarmanHAL: StreamIn::getCapturePositionImpl
09-07 14:30:31.054   512 13241 I chatty  : uid=1041(audioserver) reader identical 1 line
09-07 14:30:31.084   512 13241 D HarmanHAL: StreamIn::getCapturePositionImpl
09-07 14:30:31.114   512 13241 I HarmanHal.Routing: hacs alsa node(pcmTunerIn_c) adtm interval_min:30 ms, inverval_max:40 ms, inverval_mean:31 ms!
09-07 14:30:31.114   512 13241 I HarmanHal.Routing:  in printADTM() PcmAlsaWrapper.cpp:876
09-07 14:30:31.115   512 13241 D HarmanHAL: StreamIn::getCapturePositionImpl
09-07 14:30:31.244   512 13241 I chatty  : uid=1041(audioserver) reader identical 4 lines
09-07 14:30:31.274   512 13241 D HarmanHAL: StreamIn::getCapturePositionImpl
09-07 14:30:31.280   512  3972 I HarmanHal.Routing: hacs alsa node(pcmMedia_p) adtm interval_min:1 ms, inverval_max:13 ms, inverval_mean:8 ms!
09-07 14:30:31.280   512  3972 I HarmanHal.Routing:  in printADTM() PcmAlsaWrapper.cpp:876
09-07 14:30:31.315   512 13241 D HarmanHAL: StreamIn::getCapturePositionImpl
09-07 14:30:31.344   512 13241 D HarmanHAL: StreamIn::getCapturePositionImpl
09-07 14:30:31.372   532   569 W ipcLib  : ipcLib: in ipc_lib. DV1 read called
09-07 14:30:31.374   532   568 I VPS     : VPS:IOCStatusInfo.VoltageStatus->0 
09-07 14:30:31.374   532   568 I VPS     : VPS:IOCStatusInfo.IOCStatusCmd->a6 
09-07 14:30:31.374   512 13241 D HarmanHAL: StreamIn::getCapturePositionImpl
09-07 14:30:31.374   532   568 I VPS     : VPS:IOCStatusInfo.WakeUpReason->0 
09-07 14:30:31.374   532   568 I VPS     : VPS:IOCStatusInfo.DerivedIgnitionStatus->0 
09-07 14:30:31.375   532   568 I VPS     : VPS:IOCStatusInfo.PowerModeState->4 
09-07 14:30:31.375   532   568 I VPS     : VPS:IOCStatusInfo.SOCShutdownRequest->0 
09-07 14:30:31.375   532   568 I VPS     : VPS:IOCStatusInfo.AntiTheftState->0 
09-07 14:30:31.375   532   568 I VPS     : VPS:IOCStatusInfo.BatteryConnect->0 
09-07 14:30:31.404   512 13241 D HarmanHAL: StreamIn::getCapturePositionImpl
09-07 14:30:31.434   512 13241 I chatty  : uid=1041(audioserver) reader identical 1 line
09-07 14:30:31.474   512 13241 D HarmanHAL: StreamIn::getCapturePositionImpl
09-07 14:30:31.480   538   618 W ipcLib  : ipcLib: in ipc_lib. DV1 read called
09-07 14:30:31.504   512 13241 D HarmanHAL: StreamIn::getCapturePositionImpl
09-07 14:30:31.664   512 13241 I chatty  : uid=1041(audioserver) reader identical 5 lines
09-07 14:30:31.694   512 13241 D HarmanHAL: StreamIn::getCapturePositionImpl
09-07 14:30:31.706   512 13133 I HarmanHal.Routing: hacs alsa node(pcmMicRefIn_c) adtm interval_min:0 ms, inverval_max:11 ms, inverval_mean:8 ms!
09-07 14:30:31.706   512 13133 I HarmanHal.Routing:  in printADTM() PcmAlsaWrapper.cpp:876
09-07 14:30:31.711   512 13159 I HarmanHal.Routing: hacs alsa node(pcmBtHfp_ul_pro_p) adtm interval_min:2 ms, inverval_max:12 ms, inverval_mean:8 ms!
09-07 14:30:31.711   512 13159 I HarmanHal.Routing:  in printADTM() PcmAlsaWrapper.cpp:876
09-07 14:30:31.724   512 13241 D HarmanHAL: StreamIn::getCapturePositionImpl
09-07 14:30:31.755   512 13241 I chatty  : uid=1041(audioserver) reader identical 1 line
09-07 14:30:31.794   512 13241 D HarmanHAL: StreamIn::getCapturePositionImpl
09-07 14:30:31.814   512 13169 I HarmanHal.Routing: hacs alsa node(pcmBtHfp_dl_pre_c) adtm interval_min:0 ms, inverval_max:11 ms, inverval_mean:8 ms!
09-07 14:30:31.814   512 13169 I HarmanHal.Routing:  in printADTM() PcmAlsaWrapper.cpp:876
09-07 14:30:31.814   512 13169 I HarmanHal.Routing: hacs alsa node(pcmHfp_dl_p) adtm interval_min:0 ms, inverval_max:12 ms, inverval_mean:8 ms!
09-07 14:30:31.814   512 13169 I HarmanHal.Routing:  in printADTM() PcmAlsaWrapper.cpp:876
09-07 14:30:31.825   512 13241 D HarmanHAL: StreamIn::getCapturePositionImpl
09-07 14:30:32.044   512 13241 I chatty  : uid=1041(audioserver) reader identical 7 lines
09-07 14:30:32.074   512 13241 D HarmanHAL: StreamIn::getCapturePositionImpl
09-07 14:30:32.114   512 13241 I HarmanHal.Routing: hacs alsa node(pcmTunerIn_c) adtm interval_min:30 ms, inverval_max:40 ms, inverval_mean:32 ms!
09-07 14:30:32.114   512 13241 I HarmanHal.Routing:  in printADTM() PcmAlsaWrapper.cpp:876
09-07 14:30:32.115   512 13241 D HarmanHAL: StreamIn::getCapturePositionImpl
09-07 14:30:32.234   512 13241 I chatty  : uid=1041(audioserver) reader identical 4 lines
09-07 14:30:32.274   512 13241 D HarmanHAL: StreamIn::getCapturePositionImpl
09-07 14:30:32.280   512  3972 I HarmanHal.Routing: hacs alsa node(pcmMedia_p) adtm interval_min:1 ms, inverval_max:11 ms, inverval_mean:8 ms!
09-07 14:30:32.280   512  3972 I HarmanHal.Routing:  in printADTM() PcmAlsaWrapper.cpp:876
09-07 14:30:32.304   512 13241 D HarmanHAL: StreamIn::getCapturePositionImpl
09-07 14:30:32.435   512 13241 I chatty  : uid=1041(audioserver) reader identical 4 lines
09-07 14:30:32.464   512 13241 D HarmanHAL: StreamIn::getCapturePositionImpl
09-07 14:30:32.480   538   618 W ipcLib  : ipcLib: in ipc_lib. DV1 read called
09-07 14:30:32.495   512 13241 D HarmanHAL: StreamIn::getCapturePositionImpl
09-07 14:30:32.518   512 13158 D AudioProcessing: sseApply [handle 0xbc80d90][type 512] start..
09-07 14:30:32.518   512 13158 D AudioProcessing: sseProcess ul audioIO content print-1 [256] [2] [4] [1] 
09-07 14:30:32.518   512 13158 D AudioProcessing: sseProcess ul audioIO content print-2 [6] [1] [0x3bcbc5a0] [0x5bc7ede0] 
09-07 14:30:32.518   512 13158 D AudioProcessing: sseProcess ul audioIO content print-3 [0x1bca1320 [0x8bc84110] [0x1bc9f9b0] sse->pMain is [0x2bca4a60] 
09-07 14:30:32.519   512 13158 D AudioProcessing: sseProcess ul [handle 0xbc80d90]  ret[0]
09-07 14:30:32.519   512 13158 D AudioProcessing: sseProcess ul AudioBufferSampleCnt[256] type[512] finish..
09-07 14:30:32.524   512 13241 D HarmanHAL: StreamIn::getCapturePositionImpl
09-07 14:30:32.555   512 13241 I chatty  : uid=1041(audioserver) reader identical 1 line
09-07 14:30:32.595   512 13241 D HarmanHAL: StreamIn::getCapturePositionImpl
09-07 14:30:32.623   512 13169 D AudioProcessing: sseApply [handle 0xbc83090][type 768] start..
09-07 14:30:32.623   512 13169 D AudioProcessing: sseProcess dl audioIO content print-1 [256] [2] [1] [1] 
09-07 14:30:32.623   512 13169 D AudioProcessing: sseProcess dl audioIO content print-2 [1] [1] [0x0xb40000763bcc28d0] [0x0xb40000761bca6b00] 
09-07 14:30:32.623   512 13169 D AudioProcessing: sseProcess dl audioIO content print-3 [0x0xb40000761bca7fd0] [0x0xb40000761bcabe40] [0x0xb40000761bca5880] sse->pMain is [0x0xb40000772bcb4e80] 
09-07 14:30:32.624   512 13169 D AudioProcessing: sseProcess dl [handle 0xbc83090] ret[0]
09-07 14:30:32.624   512 13169 D AudioProcessing: sseProcess dl AudioBufferSampleCnt[256] type[768] finish..
09-07 14:30:32.624   512 13241 D HarmanHAL: StreamIn::getCapturePositionImpl
09-07 14:30:32.654   512 13241 I chatty  : uid=1041(audioserver) reader identical 1 line
09-07 14:30:32.686   512 13241 D HarmanHAL: StreamIn::getCapturePositionImpl
09-07 14:30:32.706   512 13133 I HarmanHal.Routing: hacs alsa node(pcmMicRefIn_c) adtm interval_min:0 ms, inverval_max:12 ms, inverval_mean:8 ms!
09-07 14:30:32.706   512 13133 I HarmanHal.Routing:  in printADTM() PcmAlsaWrapper.cpp:876
09-07 14:30:32.711   512 13159 I HarmanHal.Routing: hacs alsa node(pcmBtHfp_ul_pro_p) adtm interval_min:2 ms, inverval_max:12 ms, inverval_mean:8 ms!
09-07 14:30:32.711   512 13159 I HarmanHal.Routing:  in printADTM() PcmAlsaWrapper.cpp:876
09-07 14:30:32.714   512 13241 D HarmanHAL: StreamIn::getCapturePositionImpl
09-07 14:30:32.755   512 13241 I chatty  : uid=1041(audioserver) reader identical 1 line
09-07 14:30:32.784   512 13241 D HarmanHAL: StreamIn::getCapturePositionImpl
09-07 14:30:32.813   512 13169 I HarmanHal.Routing: hacs alsa node(pcmBtHfp_dl_pre_c) adtm interval_min:0 ms, inverval_max:10 ms, inverval_mean:7 ms!
09-07 14:30:32.813   512 13169 I HarmanHal.Routing:  in printADTM() PcmAlsaWrapper.cpp:876
09-07 14:30:32.814   512 13241 D HarmanHAL: StreamIn::getCapturePositionImpl
09-07 14:30:32.815   512 13169 I HarmanHal.Routing: hacs alsa node(pcmHfp_dl_p) adtm interval_min:0 ms, inverval_max:11 ms, inverval_mean:8 ms!
09-07 14:30:32.815   512 13169 I HarmanHal.Routing:  in printADTM() PcmAlsaWrapper.cpp:876
09-07 14:30:32.844   512 13241 D HarmanHAL: StreamIn::getCapturePositionImpl
09-07 14:30:33.034   512 13241 I chatty  : uid=1041(audioserver) reader identical 6 lines
09-07 14:30:33.074   512 13241 D HarmanHAL: StreamIn::getCapturePositionImpl
09-07 14:30:33.104   512 13241 I HarmanHal.Routing: hacs alsa node(pcmTunerIn_c) adtm interval_min:28 ms, inverval_max:40 ms, inverval_mean:31 ms!
09-07 14:30:33.104   512 13241 I HarmanHal.Routing:  in printADTM() PcmAlsaWrapper.cpp:876
09-07 14:30:33.105   512 13241 D HarmanHAL: StreamIn::getCapturePositionImpl
09-07 14:30:33.235   512 13241 I chatty  : uid=1041(audioserver) reader identical 4 lines
09-07 14:30:33.264   512 13241 D HarmanHAL: StreamIn::getCapturePositionImpl
09-07 14:30:33.281   512  3972 I HarmanHal.Routing: hacs alsa node(pcmMedia_p) adtm interval_min:1 ms, inverval_max:11 ms, inverval_mean:8 ms!
09-07 14:30:33.281   512  3972 I HarmanHal.Routing:  in printADTM() PcmAlsaWrapper.cpp:876
09-07 14:30:33.294   512 13241 D HarmanHAL: StreamIn::getCapturePositionImpl
09-07 14:30:33.425   512 13241 I chatty  : uid=1041(audioserver) reader identical 4 lines
09-07 14:30:33.454   512 13241 D HarmanHAL: StreamIn::getCapturePositionImpl
09-07 14:30:33.472   532   569 W ipcLib  : ipcLib: in ipc_lib. DV1 read called
09-07 14:30:33.473   532   568 I VPS     : VPS:IOCStatusInfo.VoltageStatus->0 
09-07 14:30:33.473   532   568 I VPS     : VPS:IOCStatusInfo.IOCStatusCmd->a6 
09-07 14:30:33.473   532   568 I VPS     : VPS:IOCStatusInfo.WakeUpReason->0 
09-07 14:30:33.473   532   568 I VPS     : VPS:IOCStatusInfo.DerivedIgnitionStatus->0 
09-07 14:30:33.473   532   568 I VPS     : VPS:IOCStatusInfo.PowerModeState->4 
09-07 14:30:33.473   532   568 I VPS     : VPS:IOCStatusInfo.SOCShutdownRequest->0 
09-07 14:30:33.473   532   568 I VPS     : VPS:IOCStatusInfo.AntiTheftState->0 
09-07 14:30:33.473   532   568 I VPS     : VPS:IOCStatusInfo.BatteryConnect->0 
09-07 14:30:33.481   538   618 W ipcLib  : ipcLib: in ipc_lib. DV1 read called
09-07 14:30:33.484   512 13241 D HarmanHAL: StreamIn::getCapturePositionImpl
09-07 14:30:33.644   512 13241 I chatty  : uid=1041(audioserver) reader identical 5 lines
09-07 14:30:33.674   512 13241 D HarmanHAL: StreamIn::getCapturePositionImpl
09-07 14:30:33.706   512 13133 I HarmanHal.Routing: hacs alsa node(pcmMicRefIn_c) adtm interval_min:0 ms, inverval_max:11 ms, inverval_mean:8 ms!
09-07 14:30:33.706   512 13133 I HarmanHal.Routing:  in printADTM() PcmAlsaWrapper.cpp:876
09-07 14:30:33.711   512 13159 I HarmanHal.Routing: hacs alsa node(pcmBtHfp_ul_pro_p) adtm interval_min:2 ms, inverval_max:12 ms, inverval_mean:8 ms!
09-07 14:30:33.711   512 13159 I HarmanHal.Routing:  in printADTM() PcmAlsaWrapper.cpp:876
09-07 14:30:33.714   512 13241 D HarmanHAL: StreamIn::getCapturePositionImpl
09-07 14:30:33.775   512 13241 I chatty  : uid=1041(audioserver) reader identical 2 lines
09-07 14:30:33.804   512 13241 D HarmanHAL: StreamIn::getCapturePositionImpl
09-07 14:30:33.814   512 13169 I HarmanHal.Routing: hacs alsa node(pcmBtHfp_dl_pre_c) adtm interval_min:0 ms, inverval_max:10 ms, inverval_mean:8 ms!
09-07 14:30:33.814   512 13169 I HarmanHal.Routing:  in printADTM() PcmAlsaWrapper.cpp:876
09-07 14:30:33.815   512 13169 I HarmanHal.Routing: hacs alsa node(pcmHfp_dl_p) adtm interval_min:0 ms, inverval_max:11 ms, inverval_mean:8 ms!
09-07 14:30:33.815   512 13169 I HarmanHal.Routing:  in printADTM() PcmAlsaWrapper.cpp:876
09-07 14:30:33.835   512 13241 D HarmanHAL: StreamIn::getCapturePositionImpl
09-07 14:30:33.964   512 13241 I chatty  : uid=1041(audioserver) reader identical 4 lines
09-07 14:30:33.994   512 13241 D HarmanHAL: StreamIn::getCapturePositionImpl
09-07 14:30:34.000   532   569 I VPS     : VPS:VehiclePlatformSOCHeartBeatHandler IVI HeartBeat sent successfully SOCHeartBeatInfo.SOCStatus->2
09-07 14:30:34.000   532   569 W ipcLib  : ipcLib: in ipc_lib. DV1 write called
09-07 14:30:34.002   532   569 W ipcLib  : ipcLib: in ipc_lib. DV1 read called
09-07 14:30:34.035   512 13241 D HarmanHAL: StreamIn::getCapturePositionImpl
09-07 14:30:34.064   512 13241 D HarmanHAL: StreamIn::getCapturePositionImpl
09-07 14:30:34.094   512 13241 I HarmanHal.Routing: hacs alsa node(pcmTunerIn_c) adtm interval_min:29 ms, inverval_max:41 ms, inverval_mean:31 ms!
09-07 14:30:34.094   512 13241 I HarmanHal.Routing:  in printADTM() PcmAlsaWrapper.cpp:876
09-07 14:30:34.095   512 13241 D HarmanHAL: StreamIn::getCapturePositionImpl
09-07 14:30:34.118   512 13158 D AudioProcessing: sseApply [handle 0xbc80d90][type 512] start..
09-07 14:30:34.118   512 13158 D AudioProcessing: sseProcess ul audioIO content print-1 [256] [2] [4] [1] 
09-07 14:30:34.118   512 13158 D AudioProcessing: sseProcess ul audioIO content print-2 [6] [1] [0x3bcbc5a0] [0x5bc7ede0] 
09-07 14:30:34.118   512 13158 D AudioProcessing: sseProcess ul audioIO content print-3 [0x1bca1320 [0x8bc84110] [0x1bc9f9b0] sse->pMain is [0x2bca4a60] 
09-07 14:30:34.119   512 13158 D AudioProcessing: sseProcess ul [handle 0xbc80d90]  ret[0]
09-07 14:30:34.119   512 13158 D AudioProcessing: sseProcess ul AudioBufferSampleCnt[256] type[512] finish..
09-07 14:30:34.125   512 13241 D HarmanHAL: StreamIn::getCapturePositionImpl
01-01 00:05:37.163     0     0 I init    : starting service 'qccsyshalservice'...
01-01 00:05:37.169     0     0 I init    : starting service 'vendor.sensors-hal-1-0'...
01-01 00:05:37.175     0     0 I init    : starting service 'LogManager'...
09-07 14:30:34.154   512 13241 I chatty  : uid=1041(audioserver) reader identical 1 line
09-07 14:30:34.195   512 13241 D HarmanHAL: StreamIn::getCapturePositionImpl
09-07 14:30:34.202 18234 18234 I qccsyshalservice: Start with system binder
09-07 14:30:34.202 18234 18234 I qccsyshalservice: Registering qccsyshal service...
09-07 14:30:34.204   376   376 I hwservicemanager: getTransport: Cannot find entry vendor.qti.hardware.qccsyshal@1.0::IQccsyshal/qccsyshal in either framework or device manifest.
09-07 14:30:34.204   376   376 I hwservicemanager: getTransport: Cannot find entry android.hardware.sensors@1.0::ISensors/default in either framework or device manifest.
09-07 14:30:34.205 18234 18234 E HidlServiceManagement: Service vendor.qti.hardware.qccsyshal@1.0::IQccsyshal/qccsyshal must be in VINTF manifest in order to register/get.
09-07 14:30:34.205 18234 18234 E qccsyshalservice: [ERROR] registerAsService() failed with status: -2147483648
09-07 14:30:34.208 18235 18235 E android.hardware.sensors@1.0-service: Couldn't load sensors module (Unknown error -2147483648)
09-07 14:30:34.208 18235 18235 D RefBase : RefBase: Explicit destruction, weak count = 0 (in 0xb40000797b5781d8)
09-07 14:30:34.208 18235 18235 W RefBase : CallStack::getCurrentInternal not linked, returning null
09-07 14:30:34.208 18235 18235 W RefBase : CallStack::logStackInternal not linked
09-07 14:30:34.209 18235 18235 E LegacySupport: Could not get passthrough implementation for android.hardware.sensors@1.0::ISensors/default.
01-01 00:05:37.197     0     0 I init    : Service 'qccsyshalservice' (pid 18234) exited with status 1
01-01 00:05:37.197     0     0 I init    : Sending signal 9 to service 'qccsyshalservice' (pid 18234) process group...
01-01 00:05:37.197     0     0 I libprocessgroup: Successfully killed process cgroup uid 1000 pid 18234 in 0ms
01-01 00:05:37.200     0     0 I init    : Service 'vendor.sensors-hal-1-0' (pid 18235) exited with status 1
01-01 00:05:37.200     0     0 I init    : Sending signal 9 to service 'vendor.sensors-hal-1-0' (pid 18235) process group...
01-01 00:05:37.200     0     0 I libprocessgroup: Successfully killed process cgroup uid 1000 pid 18235 in 0ms
09-07 14:30:34.219 18236 18236 D LOGMANAGER: LOGMANAGER HAL service init() start
09-07 14:30:34.219 18236 18236 D LOGMANAGER: Logmanager configured rpcthreadpool
09-07 14:30:34.215 18236 18236 I vendor.harman.L: type=1400 audit(0.0:3536): avc: denied { read } for name="u:object_r:hwservicemanager_prop:s0" dev="tmpfs" ino=24519 scontext=u:r:logmanagerd:s0 tcontext=u:object_r:hwservicemanager_prop:s0 tclass=file permissive=1
09-07 14:30:34.215 18236 18236 I vendor.harman.L: type=1400 audit(0.0:3537): avc: denied { open } for path="/dev/__properties__/u:object_r:hwservicemanager_prop:s0" dev="tmpfs" ino=24519 scontext=u:r:logmanagerd:s0 tcontext=u:object_r:hwservicemanager_prop:s0 tclass=file permissive=1
09-07 14:30:34.215 18236 18236 I vendor.harman.L: type=1400 audit(0.0:3538): avc: denied { getattr } for path="/dev/__properties__/u:object_r:hwservicemanager_prop:s0" dev="tmpfs" ino=24519 scontext=u:r:logmanagerd:s0 tcontext=u:object_r:hwservicemanager_prop:s0 tclass=file permissive=1
09-07 14:30:34.215 18236 18236 I vendor.harman.L: type=1400 audit(0.0:3539): avc: denied { map } for path="/dev/__properties__/u:object_r:hwservicemanager_prop:s0" dev="tmpfs" ino=24519 scontext=u:r:logmanagerd:s0 tcontext=u:object_r:hwservicemanager_prop:s0 tclass=file permissive=1
09-07 14:30:34.222 18236 18236 I HidlServiceManagement: Registered vendor.harman.hardware.LogManager@1.0::ILogManager/default
09-07 14:30:34.222 18236 18236 D LOGMANAGER: Logmanager HAL Service is registered and ready
09-07 14:30:34.222 18236 18236 I LOGMANAGER: ThreadPoolWrapper::initThreadPool
09-07 14:30:34.222 18236 18236 I LOGMANAGER: ThreadPoolWrapper : exit
09-07 14:30:34.222 18236 18236 D LOGMANAGER: Logmanager threadpoolwrapper created
09-07 14:30:34.222 18236 18236 D LOGMANAGER: User argument is -c
09-07 14:30:34.223 18236 18236 I LOGMANAGER: LogmanagerConfig is configured under config file
09-07 14:30:34.223 18236 18236 I LOGMANAGER: LoggingLevel is : 4
09-07 14:30:34.223 18236 18236 I LOGMANAGER: LogEnableState is : 0
09-07 14:30:34.223 18236 18236 I LOGMANAGER: OutputPluginConfiguration PluginType : LOGWRITTER
09-07 14:30:34.223 18236 18236 I LOGMANAGER: LM_OutputConfiguration : 1
09-07 14:30:34.223 18236 18236 I LOGMANAGER: LM_OfflineTraceDirectory : /data/cache
09-07 14:30:34.223 18236 18236 I LOGMANAGER: LM_OfflineTraceFILESize : 1000000
09-07 14:30:34.223 18236 18236 I LOGMANAGER: LM_OfflineTotalFILESSize : 20000000
09-07 14:30:34.223 18236 18236 I LOGMANAGER: LM_FileNameTimeStampBased : 0
09-07 14:30:34.223 18236 18236 I LOGMANAGER: Got IOC plugin
09-07 14:30:34.223 18236 18236 I LOGMANAGER: IOCIPCChannelNumber :6
09-07 14:30:34.223   512 13169 D AudioProcessing: sseApply [handle 0xbc83090][type 768] start..
09-07 14:30:34.223 18236 18236 I LOGMANAGER: keyseq: HOME + VOLUMEDOWN  for domain is AudioDump
09-07 14:30:34.223 18236 18236 I LOGMANAGER: keyseq: HOME + VOLUMEUP  for domain is HCIDump
09-07 14:30:34.223 18236 18236 I LOGMANAGER: Domains parsing is done
09-07 14:30:34.223   512 13169 D AudioProcessing: sseProcess dl audioIO content print-1 [256] [2] [1] [1] 
09-07 14:30:34.223   512 13169 D AudioProcessing: sseProcess dl audioIO content print-2 [1] [1] [0x0xb40000763bcc28d0] [0x0xb40000761bca6b00] 
09-07 14:30:34.223   512 13169 D AudioProcessing: sseProcess dl audioIO content print-3 [0x0xb40000761bca7fd0] [0x0xb40000761bcabe40] [0x0xb40000761bca5880] sse->pMain is [0x0xb40000772bcb4e80] 
09-07 14:30:34.219 18236 18236 I vendor.harman.L: type=1400 audit(0.0:3540): avc: denied { dac_read_search } for capability=2 scontext=u:r:logmanagerd:s0 tcontext=u:r:logmanagerd:s0 tclass=capability permissive=1
09-07 14:30:34.224   512 13169 D AudioProcessing: sseProcess dl [handle 0xbc83090] ret[0]
09-07 14:30:34.224   512 13169 D AudioProcessing: sseProcess dl AudioBufferSampleCnt[256] type[768] finish..
09-07 14:30:34.224   512 13241 D HarmanHAL: StreamIn::getCapturePositionImpl
01-01 00:05:37.213     0     0 W audit   : audit_lost=1757 audit_rate_limit=5 audit_backlog_limit=64
01-01 00:05:37.213     0     0 E audit   : rate limit exceeded
09-07 14:30:34.228 18236 18236 E LOGMANAGER: Failed to load plugin /vendor/lib64/libIOCDLogReader.so with error code dlopen failed: library "/vendor/lib64/libIOCDLogReader.so" not found 
09-07 14:30:34.229 18236 18236 F libc    : Fatal signal 11 (SIGSEGV), code 1 (SEGV_MAPERR), fault addr 0x0 in tid 18236 (vendor.harman.L), pid 18236 (vendor.harman.L)
09-07 14:30:34.229 18236 18240 I LOGMANAGER: ThreadPoolWrapper:  enter the joinRpcThreadpool()
09-07 14:30:34.255   512 13241 D HarmanHAL: StreamIn::getCapturePositionImpl
09-07 14:30:34.263 18243 18243 I crash_dump64: obtaining output fd from tombstoned, type: kDebuggerdTombstone
09-07 14:30:34.264   463   463 I tombstoned: received crash request for pid 18236
09-07 14:30:34.265 18243 18243 I crash_dump64: performing dump of process 18236 (target tid = 18236)
09-07 14:30:34.271 18243 18243 F DEBUG   : *** *** *** *** *** *** *** *** *** *** *** *** *** *** *** ***
09-07 14:30:34.272 18243 18243 F DEBUG   : Build fingerprint: 'qti/titan_tml_b2/titan_tml_b2:11/RQ3A.210605.005/eng.ksong.20210907.134230:userdebug/test-keys'
09-07 14:30:34.272 18243 18243 F DEBUG   : Revision: '0'
09-07 14:30:34.272 18243 18243 F DEBUG   : ABI: 'arm64'
09-07 14:30:34.273 18243 18243 F DEBUG   : Timestamp: 2021-09-07 14:30:34+0000
09-07 14:30:34.273 18243 18243 F DEBUG   : pid: 18236, tid: 18236, name: vendor.harman.L  >>> /vendor/bin/hw/vendor.harman.LogManager@1.0-service <<<
09-07 14:30:34.273 18243 18243 F DEBUG   : uid: 0
09-07 14:30:34.273 18243 18243 F DEBUG   : signal 11 (SIGSEGV), code 1 (SEGV_MAPERR), fault addr 0x0
09-07 14:30:34.273 18243 18243 F DEBUG   : Cause: null pointer dereference
09-07 14:30:34.273 18243 18243 F DEBUG   :     x0  0000000000000000  x1  0000000000000000  x2  0000000000080001  x3  0000000000000000
09-07 14:30:34.273 18243 18243 F DEBUG   :     x4  0000000000000000  x5  0000000000000090  x6  fefefefefefefeff  x7  7f7f7f7f7f7f7f7f
09-07 14:30:34.274 18243 18243 F DEBUG   :     x8  0101010101010101  x9  2b2729d8ff11357d  x10 0000007fdc3298b8  x11 fffffffffffffffd
09-07 14:30:34.274 18243 18243 F DEBUG   :     x12 0000007fdc329a40  x13 000000000000008e  x14 000d59f7869b7000  x15 0000000034155555
09-07 14:30:34.275 18243 18243 F DEBUG   :     x16 0000005ccf1807e0  x17 0000007e212d3b30  x18 0000007e22c38000  x19 0000000000000000
09-07 14:30:34.275 18243 18243 F DEBUG   :     x20 0000007e21a7cc50  x21 0000007fdc32a159  x22 b400007d212625c8  x23 0000007fdc32a178
09-07 14:30:34.275 18243 18243 F DEBUG   :     x24 0000000000000000  x25 0000007e21e51000  x26 0000007fdc32a159  x27 0000007fdc32a129
09-07 14:30:34.275 18243 18243 F DEBUG   :     x28 0000000000000000  x29 0000007fdc32a060
09-07 14:30:34.275 18243 18243 F DEBUG   :     lr  0000005ccf177048  sp  0000007fdc32a060  pc  0000007e212d3b40  pst 0000000080000000
09-07 14:30:34.276 18243 18243 F DEBUG   : backtrace:
09-07 14:30:34.276 18243 18243 F DEBUG   :       #00 pc 000000000004ab40  /apex/com.android.runtime/lib64/bionic/libc.so (strlen_default+16) (BuildId: 2b7c6e33413ac7278a15dfc3ea383089)
09-07 14:30:34.276 18243 18243 F DEBUG   :       #01 pc 0000000000009044  /vendor/bin/hw/vendor.harman.LogManager@1.0-service (BuildId: 3e966ab64050b441b920ba0e8960d123)
09-07 14:30:34.277 18243 18243 F DEBUG   :       #02 pc 0000000000008df0  /vendor/bin/hw/vendor.harman.LogManager@1.0-service (LM::LogManagerImpl::load_plugin_conf(void*, std::__1::basic_string<char, std::__1::char_traits<char>, std::__1::allocator<char> >, std::__1::multimap<std::__1::basic_string<char, std::__1::char_traits<char>, std::__1::allocator<char> >, int, std::__1::less<std::__1::basic_string<char, std::__1::char_traits<char>, std::__1::allocator<char> > >, std::__1::allocator<std::__1::pair<std::__1::basic_string<char, std::__1::char_traits<char>, std::__1::allocator<char> > const, int> > >&)+752) (BuildId: 3e966ab64050b441b920ba0e8960d123)
09-07 14:30:34.277 18243 18243 F DEBUG   :       #03 pc 00000000000088c0  /vendor/bin/hw/vendor.harman.LogManager@1.0-service (LM::LogManagerImpl::loadplugins()+436) (BuildId: 3e966ab64050b441b920ba0e8960d123)
09-07 14:30:34.277 18243 18243 F DEBUG   :       #04 pc 0000000000007af8  /vendor/bin/hw/vendor.harman.LogManager@1.0-service (main+1112) (BuildId: 3e966ab64050b441b920ba0e8960d123)
09-07 14:30:34.277 18243 18243 F DEBUG   :       #05 pc 000000000004988c  /apex/com.android.runtime/lib64/bionic/libc.so (__libc_init+108) (BuildId: 2b7c6e33413ac7278a15dfc3ea383089)
09-07 14:30:34.280   512  3972 I HarmanHal.Routing: hacs alsa node(pcmMedia_p) adtm interval_min:1 ms, inverval_max:11 ms, inverval_mean:7 ms!
09-07 14:30:34.280   512  3972 I HarmanHal.Routing:  in printADTM() PcmAlsaWrapper.cpp:876
09-07 14:30:34.285   512 13241 D HarmanHAL: StreamIn::getCapturePositionImpl
01-01 00:05:37.287     0     0 D logd    : logdr: UID=0 GID=1000 PID=18243 n tail=50 logMask=8 pid=18236 start=0ns timeout=0ns
01-01 00:05:37.297     0     0 D logd    : logdr: UID=0 GID=1000 PID=18243 n tail=50 logMask=1 pid=18236 start=0ns timeout=0ns
01-01 00:05:37.323     0     0 D logd    : logdr: UID=0 GID=1000 PID=18243 n tail=0 logMask=8 pid=18236 start=0ns timeout=0ns
01-01 00:05:37.328     0     0 I IRQ 5   : no longer affine to CPU5
01-01 00:05:37.334     0     0 D logd    : logdr: UID=0 GID=1000 PID=18243 n tail=0 logMask=1 pid=18236 start=0ns timeout=0ns
09-07 14:30:34.354  1033  1270 W NativeCrashListener: Couldn't find ProcessRecord for pid 18236
09-07 14:30:34.315   512 13241 D HarmanHAL: StreamIn::getCapturePositionImpl
09-07 14:30:34.354 18243 18243 E crash_dump64: AM data write failed: Broken pipe
09-07 14:30:34.355   512 13241 D HarmanHAL: StreamIn::getCapturePositionImpl
01-01 00:05:37.346     0     0 I init    : Untracked pid 18243 exited with status 0
09-07 14:30:34.356   463   463 E tombstoned: Tombstone written to: /data/tombstones/tombstone_33
09-07 14:30:34.364  1033  1095 I BootReceiver: Copying /data/tombstones/tombstone_33 to DropBox (SYSTEM_TOMBSTONE)
09-07 14:30:34.367  1033  1095 I DropBoxManagerService: add tag=SYSTEM_TOMBSTONE isTagEnabled=true flags=0x2
09-07 14:30:34.384   512 13241 D HarmanHAL: StreamIn::getCapturePositionImpl
09-07 14:30:34.414   512 13241 D HarmanHAL: StreamIn::getCapturePositionImpl
09-07 14:30:34.417   911  4981 D BufferPoolAccessor2.0: bufferpool2 0xb400007205c6d498 : 2(1048576 size) total buffers - 1(524288 size) used buffers - 3814/3824 (recycle/alloc) - 25/3823 (fetch/transfer)
09-07 14:30:34.444   512 13241 D HarmanHAL: StreamIn::getCapturePositionImpl
09-07 14:30:34.474   512 13241 D HarmanHAL: StreamIn::getCapturePositionImpl
09-07 14:30:34.480   538   618 W ipcLib  : ipcLib: in ipc_lib. DV1 read called
09-07 14:30:34.514   512 13241 D HarmanHAL: StreamIn::getCapturePositionImpl
09-07 14:30:34.675   512 13241 I chatty  : uid=1041(audioserver) reader identical 5 lines
09-07 14:30:34.705   512 13241 D HarmanHAL: StreamIn::getCapturePositionImpl
09-07 14:30:34.706   512 13133 I HarmanHal.Routing: hacs alsa node(pcmMicRefIn_c) adtm interval_min:0 ms, inverval_max:11 ms, inverval_mean:7 ms!
09-07 14:30:34.706   512 13133 I HarmanHal.Routing:  in printADTM() PcmAlsaWrapper.cpp:876
09-07 14:30:34.711   512 13159 I HarmanHal.Routing: hacs alsa node(pcmBtHfp_ul_pro_p) adtm interval_min:2 ms, inverval_max:12 ms, inverval_mean:8 ms!
09-07 14:30:34.711   512 13159 I HarmanHal.Routing:  in printADTM() PcmAlsaWrapper.cpp:876
09-07 14:30:34.734   512 13241 D HarmanHAL: StreamIn::getCapturePositionImpl
09-07 14:30:34.764   512 13241 I chatty  : uid=1041(audioserver) reader identical 1 line
09-07 14:30:34.795   512 13241 D HarmanHAL: StreamIn::getCapturePositionImpl
09-07 14:30:34.813   512 13169 I HarmanHal.Routing: hacs alsa node(pcmBtHfp_dl_pre_c) adtm interval_min:0 ms, inverval_max:10 ms, inverval_mean:7 ms!
09-07 14:30:34.813   512 13169 I HarmanHal.Routing:  in printADTM() PcmAlsaWrapper.cpp:876
09-07 14:30:34.814   512 13169 I HarmanHal.Routing: hacs alsa node(pcmHfp_dl_p) adtm interval_min:0 ms, inverval_max:11 ms, inverval_mean:8 ms!
09-07 14:30:34.814   512 13169 I HarmanHal.Routing:  in printADTM() PcmAlsaWrapper.cpp:876
09-07 14:30:34.834   512 13241 D HarmanHAL: StreamIn::getCapturePositionImpl
09-07 14:30:34.857   536   612 E pathology: [ProcessCrashHandler:: parseTombstoneFileName]string not found
09-07 14:30:34.858   536   612 I chatty  : uid=0(root) vendor.harman.p identical 4 lines
09-07 14:30:34.858   536   612 E pathology: [ProcessCrashHandler:: parseTombstoneFileName]string not found
09-07 14:30:34.864   512 13241 D HarmanHAL: StreamIn::getCapturePositionImpl
09-07 14:30:35.024   512 13241 I chatty  : uid=1041(audioserver) reader identical 5 lines
09-07 14:30:35.054   512 13241 D HarmanHAL: StreamIn::getCapturePositionImpl
09-07 14:30:35.084   512 13241 I HarmanHal.Routing: hacs alsa node(pcmTunerIn_c) adtm interval_min:29 ms, inverval_max:41 ms, inverval_mean:31 ms!
09-07 14:30:35.084   512 13241 I HarmanHal.Routing:  in printADTM() PcmAlsaWrapper.cpp:876
09-07 14:30:35.084   512 13241 D HarmanHAL: StreamIn::getCapturePositionImpl
09-07 14:30:35.244   512 13241 I chatty  : uid=1041(audioserver) reader identical 5 lines
09-07 14:30:35.274   512 13241 D HarmanHAL: StreamIn::getCapturePositionImpl
09-07 14:30:35.280   512  3972 I HarmanHal.Routing: hacs alsa node(pcmMedia_p) adtm interval_min:0 ms, inverval_max:10 ms, inverval_mean:8 ms!
09-07 14:30:35.280   512  3972 I HarmanHal.Routing:  in printADTM() PcmAlsaWrapper.cpp:876
09-07 14:30:35.315   512 13241 D HarmanHAL: StreamIn::getCapturePositionImpl
09-07 14:30:35.311   536   536 I vendor.harman.p: type=1400 audit(0.0:3561): avc: denied { write } for name="2" dev="dm-4" ino=49241 scontext=u:r:pathologyd:s0 tcontext=u:object_r:vendor_data_file:s0 tclass=dir permissive=1
09-07 14:30:35.311   536   536 I vendor.harman.p: type=1400 audit(0.0:3562): avc: denied { add_name } for name="PROCCRASH_PF_1631025034.lz4" scontext=u:r:pathologyd:s0 tcontext=u:object_r:vendor_data_file:s0 tclass=dir permissive=1
09-07 14:30:35.311   536   536 I vendor.harman.p: type=1400 audit(0.0:3563): avc: denied { create } for name="PROCCRASH_PF_1631025034.lz4" scontext=u:r:pathologyd:s0 tcontext=u:object_r:vendor_data_file:s0 tclass=file permissive=1
09-07 14:30:35.311   536   536 I vendor.harman.p: type=1400 audit(0.0:3564): avc: denied { write open } for path="/data/vendor/pathologyArchive/2/PROCCRASH_PF_1631025034.lz4" dev="dm-4" ino=49331 scontext=u:r:pathologyd:s0 tcontext=u:object_r:vendor_data_file:s0 tclass=file permissive=1
09-07 14:30:35.345   512 13241 D HarmanHAL: StreamIn::getCapturePositionImpl
09-07 14:30:35.434   512 13241 I chatty  : uid=1041(audioserver) reader identical 3 lines
09-07 14:30:35.474   512 13241 D HarmanHAL: StreamIn::getCapturePositionImpl
09-07 14:30:35.480   538   618 W ipcLib  : ipcLib: in ipc_lib. DV1 read called
09-07 14:30:35.505   512 13241 D HarmanHAL: StreamIn::getCapturePositionImpl
09-07 14:30:35.534   512 13241 I chatty  : uid=1041(audioserver) reader identical 1 line
09-07 14:30:35.565   512 13241 D HarmanHAL: StreamIn::getCapturePositionImpl
09-07 14:30:35.572   532   569 W ipcLib  : ipcLib: in ipc_lib. DV1 read called
09-07 14:30:35.573   532   568 I VPS     : VPS:IOCStatusInfo.VoltageStatus->0 
09-07 14:30:35.573   532   568 I VPS     : VPS:IOCStatusInfo.IOCStatusCmd->a6 
09-07 14:30:35.573   532   568 I VPS     : VPS:IOCStatusInfo.WakeUpReason->0 
09-07 14:30:35.573   532   568 I VPS     : VPS:IOCStatusInfo.DerivedIgnitionStatus->0 
09-07 14:30:35.573   532   568 I VPS     : VPS:IOCStatusInfo.PowerModeState->4 
09-07 14:30:35.573   532   568 I VPS     : VPS:IOCStatusInfo.SOCShutdownRequest->0 
09-07 14:30:35.573   532   568 I VPS     : VPS:IOCStatusInfo.AntiTheftState->0 
09-07 14:30:35.573   532   568 I VPS     : VPS:IOCStatusInfo.BatteryConnect->0 
09-07 14:30:35.594   512 13241 D HarmanHAL: StreamIn::getCapturePositionImpl
09-07 14:30:35.664   512 13241 I chatty  : uid=1041(audioserver) reader identical 2 lines
09-07 14:30:35.694   512 13241 D HarmanHAL: StreamIn::getCapturePositionImpl
09-07 14:30:35.706   512 13133 I HarmanHal.Routing: hacs alsa node(pcmMicRefIn_c) adtm interval_min:0 ms, inverval_max:11 ms, inverval_mean:8 ms!
09-07 14:30:35.706   512 13133 I HarmanHal.Routing:  in printADTM() PcmAlsaWrapper.cpp:876
09-07 14:30:35.711   512 13159 I HarmanHal.Routing: hacs alsa node(pcmBtHfp_ul_pro_p) adtm interval_min:2 ms, inverval_max:11 ms, inverval_mean:8 ms!
09-07 14:30:35.711   512 13159 I HarmanHal.Routing:  in printADTM() PcmAlsaWrapper.cpp:876
09-07 14:30:35.718   512 13158 D AudioProcessing: sseApply [handle 0xbc80d90][type 512] start..
09-07 14:30:35.718   512 13158 D AudioProcessing: sseProcess ul audioIO content print-1 [256] [2] [4] [1] 
09-07 14:30:35.718   512 13158 D AudioProcessing: sseProcess ul audioIO content print-2 [6] [1] [0x3bcbc5a0] [0x5bc7ede0] 
09-07 14:30:35.718   512 13158 D AudioProcessing: sseProcess ul audioIO content print-3 [0x1bca1320 [0x8bc84110] [0x1bc9f9b0] sse->pMain is [0x2bca4a60] 
09-07 14:30:35.719   512 13158 D AudioProcessing: sseProcess ul [handle 0xbc80d90]  ret[0]
09-07 14:30:35.719   512 13158 D AudioProcessing: sseProcess ul AudioBufferSampleCnt[256] type[512] finish..
09-07 14:30:35.725   512 13241 D HarmanHAL: StreamIn::getCapturePositionImpl
09-07 14:30:35.754   512 13241 I chatty  : uid=1041(audioserver) reader identical 1 line
09-07 14:30:35.795   512 13241 D HarmanHAL: StreamIn::getCapturePositionImpl
09-07 14:30:35.814   512 13169 I HarmanHal.Routing: hacs alsa node(pcmBtHfp_dl_pre_c) adtm interval_min:0 ms, inverval_max:10 ms, inverval_mean:8 ms!
09-07 14:30:35.814   512 13169 I HarmanHal.Routing:  in printADTM() PcmAlsaWrapper.cpp:876
09-07 14:30:35.814   512 13169 I HarmanHal.Routing: hacs alsa node(pcmHfp_dl_p) adtm interval_min:0 ms, inverval_max:11 ms, inverval_mean:8 ms!
09-07 14:30:35.814   512 13169 I HarmanHal.Routing:  in printADTM() PcmAlsaWrapper.cpp:876
09-07 14:30:35.823   512 13169 D AudioProcessing: sseApply [handle 0xbc83090][type 768] start..
09-07 14:30:35.823   512 13169 D AudioProcessing: sseProcess dl audioIO content print-1 [256] [2] [1] [1] 
09-07 14:30:35.823   512 13169 D AudioProcessing: sseProcess dl audioIO content print-2 [1] [1] [0x0xb40000763bcc28d0] [0x0xb40000761bca6b00] 
09-07 14:30:35.823   512 13169 D AudioProcessing: sseProcess dl audioIO content print-3 [0x0xb40000761bca7fd0] [0x0xb40000761bcabe40] [0x0xb40000761bca5880] sse->pMain is [0x0xb40000772bcb4e80] 
09-07 14:30:35.824   512 13169 D AudioProcessing: sseProcess dl [handle 0xbc83090] ret[0]
09-07 14:30:35.824   512 13169 D AudioProcessing: sseProcess dl AudioBufferSampleCnt[256] type[768] finish..
09-07 14:30:35.826   512 13241 D HarmanHAL: StreamIn::getCapturePositionImpl
09-07 14:30:35.884   512 13241 I chatty  : uid=1041(audioserver) reader identical 2 lines
09-07 14:30:35.914   512 13241 D HarmanHAL: StreamIn::getCapturePositionImpl
09-07 14:30:35.915   536   536 I vendor.harman.p: type=1400 audit(0.0:3565): avc: denied { read } for name="2" dev="dm-4" ino=49241 scontext=u:r:pathologyd:s0 tcontext=u:object_r:vendor_data_file:s0 tclass=dir permissive=1
01-01 00:05:38.911     0     0 W audit   : audit_lost=1777 audit_rate_limit=5 audit_backlog_limit=64
01-01 00:05:38.911     0     0 E audit   : rate limit exceeded
09-07 14:30:35.954   512 13241 D HarmanHAL: StreamIn::getCapturePositionImpl
09-07 14:30:36.014   512 13241 I chatty  : uid=1041(audioserver) reader identical 2 lines
09-07 14:30:36.045   512 13241 D HarmanHAL: StreamIn::getCapturePositionImpl
09-07 14:30:36.074   512 13241 I HarmanHal.Routing: hacs alsa node(pcmTunerIn_c) adtm interval_min:30 ms, inverval_max:40 ms, inverval_mean:31 ms!
09-07 14:30:36.074   512 13241 I HarmanHal.Routing:  in printADTM() PcmAlsaWrapper.cpp:876
09-07 14:30:36.075   512 13241 D HarmanHAL: StreamIn::getCapturePositionImpl
09-07 14:30:36.234   512 13241 I chatty  : uid=1041(audioserver) reader identical 5 lines
09-07 14:30:36.274   512 13241 D HarmanHAL: StreamIn::getCapturePositionImpl
09-07 14:30:36.280   512  3972 I HarmanHal.Routing: hacs alsa node(pcmMedia_p) adtm interval_min:1 ms, inverval_max:10 ms, inverval_mean:8 ms!
09-07 14:30:36.280   512  3972 I HarmanHal.Routing:  in printADTM() PcmAlsaWrapper.cpp:876
09-07 14:30:36.305   512 13241 D HarmanHAL: StreamIn::getCapturePositionImpl
09-07 14:30:36.434   512 13241 I chatty  : uid=1041(audioserver) reader identical 4 lines
09-07 14:30:36.465   512 13241 D HarmanHAL: StreamIn::getCapturePositionImpl
09-07 14:30:36.480   538   618 W ipcLib  : ipcLib: in ipc_lib. DV1 read called
09-07 14:30:36.494   512 13241 D HarmanHAL: StreamIn::getCapturePositionImpl
09-07 14:30:36.655   512 13241 I chatty  : uid=1041(audioserver) reader identical 5 lines
09-07 14:30:36.685   512 13241 D HarmanHAL: StreamIn::getCapturePositionImpl
09-07 14:30:36.705   512 13133 I HarmanHal.Routing: hacs alsa node(pcmMicRefIn_c) adtm interval_min:0 ms, inverval_max:12 ms, inverval_mean:7 ms!
09-07 14:30:36.705   512 13133 I HarmanHal.Routing:  in printADTM() PcmAlsaWrapper.cpp:876
09-07 14:30:36.711   512 13159 I HarmanHal.Routing: hacs alsa node(pcmBtHfp_ul_pro_p) adtm interval_min:2 ms, inverval_max:12 ms, inverval_mean:8 ms!
09-07 14:30:36.711   512 13159 I HarmanHal.Routing:  in printADTM() PcmAlsaWrapper.cpp:876
09-07 14:30:36.714   512 13241 D HarmanHAL: StreamIn::getCapturePositionImpl
09-07 14:30:36.754   512 13241 I chatty  : uid=1041(audioserver) reader identical 1 line
09-07 14:30:36.784   512 13241 D HarmanHAL: StreamIn::getCapturePositionImpl
09-07 14:30:36.813   512 13169 I HarmanHal.Routing: hacs alsa node(pcmBtHfp_dl_pre_c) adtm interval_min:0 ms, inverval_max:11 ms, inverval_mean:7 ms!
09-07 14:30:36.813   512 13169 I HarmanHal.Routing:  in printADTM() PcmAlsaWrapper.cpp:876
09-07 14:30:36.814   512 13241 D HarmanHAL: StreamIn::getCapturePositionImpl
09-07 14:30:36.815   512 13169 I HarmanHal.Routing: hacs alsa node(pcmHfp_dl_p) adtm interval_min:0 ms, inverval_max:12 ms, inverval_mean:8 ms!
09-07 14:30:36.815   512 13169 I HarmanHal.Routing:  in printADTM() PcmAlsaWrapper.cpp:876
09-07 14:30:36.845   512 13241 D HarmanHAL: StreamIn::getCapturePositionImpl
09-07 14:30:37.004   512 13241 I chatty  : uid=1041(audioserver) reader identical 5 lines
09-07 14:30:37.035   512 13241 D HarmanHAL: StreamIn::getCapturePositionImpl
09-07 14:30:37.074   512 13241 I HarmanHal.Routing: hacs alsa node(pcmTunerIn_c) adtm interval_min:30 ms, inverval_max:40 ms, inverval_mean:32 ms!
09-07 14:30:37.074   512 13241 I HarmanHal.Routing:  in printADTM() PcmAlsaWrapper.cpp:876
09-07 14:30:37.075   512 13241 D HarmanHAL: StreamIn::getCapturePositionImpl
09-07 14:30:37.235   512 13241 I chatty  : uid=1041(audioserver) reader identical 5 lines
09-07 14:30:37.264   512 13241 D HarmanHAL: StreamIn::getCapturePositionImpl
09-07 14:30:37.281   512  3972 I HarmanHal.Routing: hacs alsa node(pcmMedia_p) adtm interval_min:1 ms, inverval_max:11 ms, inverval_mean:8 ms!
09-07 14:30:37.281   512  3972 I HarmanHal.Routing:  in printADTM() PcmAlsaWrapper.cpp:876
09-07 14:30:37.294   512 13241 D HarmanHAL: StreamIn::getCapturePositionImpl
09-07 14:30:37.318   512 13158 D AudioProcessing: sseApply [handle 0xbc80d90][type 512] start..
09-07 14:30:37.318   512 13158 D AudioProcessing: sseProcess ul audioIO content print-1 [256] [2] [4] [1] 
09-07 14:30:37.318   512 13158 D AudioProcessing: sseProcess ul audioIO content print-2 [6] [1] [0x3bcbc5a0] [0x5bc7ede0] 
09-07 14:30:37.318   512 13158 D AudioProcessing: sseProcess ul audioIO content print-3 [0x1bca1320 [0x8bc84110] [0x1bc9f9b0] sse->pMain is [0x2bca4a60] 
09-07 14:30:37.319   512 13158 D AudioProcessing: sseProcess ul [handle 0xbc80d90]  ret[0]
09-07 14:30:37.319   512 13158 D AudioProcessing: sseProcess ul AudioBufferSampleCnt[256] type[512] finish..
09-07 14:30:37.324   512 13241 D HarmanHAL: StreamIn::getCapturePositionImpl
09-07 14:30:37.355   512 13241 I chatty  : uid=1041(audioserver) reader identical 1 line
09-07 14:30:37.395   512 13241 D HarmanHAL: StreamIn::getCapturePositionImpl
09-07 14:30:37.391   536   536 I vendor.harman.p: type=1400 audit(0.0:3567): avc: denied { sys_ptrace } for capability=19 scontext=u:r:pathologyd:s0 tcontext=u:r:pathologyd:s0 tclass=capability permissive=1
09-07 14:30:37.423   512 13169 D AudioProcessing: sseApply [handle 0xbc83090][type 768] start..
09-07 14:30:37.423   512 13169 D AudioProcessing: sseProcess dl audioIO content print-1 [256] [2] [1] [1] 
09-07 14:30:37.423   512 13169 D AudioProcessing: sseProcess dl audioIO content print-2 [1] [1] [0x0xb40000763bcc28d0] [0x0xb40000761bca6b00] 
09-07 14:30:37.423   512 13169 D AudioProcessing: sseProcess dl audioIO content print-3 [0x0xb40000761bca7fd0] [0x0xb40000761bcabe40] [0x0xb40000761bca5880] sse->pMain is [0x0xb40000772bcb4e80] 
09-07 14:30:37.424   512 13169 D AudioProcessing: sseProcess dl [handle 0xbc83090] ret[0]
09-07 14:30:37.424   512 13169 D AudioProcessing: sseProcess dl AudioBufferSampleCnt[256] type[768] finish..
09-07 14:30:37.425   512 13241 D HarmanHAL: StreamIn::getCapturePositionImpl
09-07 14:30:37.454   512 13241 D HarmanHAL: StreamIn::getCapturePositionImpl
09-07 14:30:37.480   538   618 W ipcLib  : ipcLib: in ipc_lib. DV1 read called
09-07 14:30:37.484   512 13241 D HarmanHAL: StreamIn::getCapturePositionImpl
09-07 14:30:37.487   345   345 I Binder:345_2: type=1400 audit(0.0:3568): avc: denied { call } for scontext=u:r:carwatchdogd:s0 tcontext=u:r:hal_audio_default:s0 tclass=binder permissive=1
09-07 14:30:37.494   512   512 E android.hardware.audio@6.0-harman-service: [CXmlParser]: nodeset is empty for xpath: /audioConfiguration/EnableWatchdog
09-07 14:30:37.494   512   512 E android.hardware.audio@6.0-harman-service: [CXmlParser::GetOneEleValue] Xpath object is NULL. XPath: /audioConfiguration/EnableWatchdog
09-07 14:30:37.494   512   512 W HarmanHal: ConfigSettings::GetOneEleValue Error while reading the path /audioConfiguration/EnableWatchdog
09-07 14:30:37.494   512   512 W HarmanHal: ConfigSettings::GetOneEleValue Error in checkifWatchdogTobeEnabled
09-07 14:30:37.494   512   512 I HarmanHal: WatchdogClient::isClientHealthy, Value Of checkifWatchdogTobeEnabled:0
09-07 14:30:37.514   512 13241 D HarmanHAL: StreamIn::getCapturePositionImpl
09-07 14:30:37.614   512 13241 I chatty  : uid=1041(audioserver) reader identical 3 lines
09-07 14:30:37.645   512 13241 D HarmanHAL: StreamIn::getCapturePositionImpl
09-07 14:30:37.672   532   569 W ipcLib  : ipcLib: in ipc_lib. DV1 read called
09-07 14:30:37.673   532   568 I VPS     : VPS:IOCStatusInfo.VoltageStatus->0 
09-07 14:30:37.673   532   568 I VPS     : VPS:IOCStatusInfo.IOCStatusCmd->a6 
09-07 14:30:37.673   532   568 I VPS     : VPS:IOCStatusInfo.WakeUpReason->0 
09-07 14:30:37.673   532   568 I VPS     : VPS:IOCStatusInfo.DerivedIgnitionStatus->0 
09-07 14:30:37.673   532   568 I VPS     : VPS:IOCStatusInfo.PowerModeState->4 
09-07 14:30:37.673   532   568 I VPS     : VPS:IOCStatusInfo.SOCShutdownRequest->0 
09-07 14:30:37.673   532   568 I VPS     : VPS:IOCStatusInfo.AntiTheftState->0 
09-07 14:30:37.673   532   568 I VPS     : VPS:IOCStatusInfo.BatteryConnect->0 
09-07 14:30:37.675   512 13241 D HarmanHAL: StreamIn::getCapturePositionImpl
09-07 14:30:37.706   512 13133 I HarmanHal.Routing: hacs alsa node(pcmMicRefIn_c) adtm interval_min:0 ms, inverval_max:10 ms, inverval_mean:8 ms!
09-07 14:30:37.706   512 13133 I HarmanHal.Routing:  in printADTM() PcmAlsaWrapper.cpp:876
09-07 14:30:37.711   512 13159 I HarmanHal.Routing: hacs alsa node(pcmBtHfp_ul_pro_p) adtm interval_min:2 ms, inverval_max:12 ms, inverval_mean:8 ms!
09-07 14:30:37.711   512 13159 I HarmanHal.Routing:  in printADTM() PcmAlsaWrapper.cpp:876
09-07 14:30:37.715   512 13241 D HarmanHAL: StreamIn::getCapturePositionImpl
09-07 14:30:37.774   512 13241 I chatty  : uid=1041(audioserver) reader identical 2 lines
09-07 14:30:37.804   512 13241 D HarmanHAL: StreamIn::getCapturePositionImpl
09-07 14:30:37.814   512 13169 I HarmanHal.Routing: hacs alsa node(pcmBtHfp_dl_pre_c) adtm interval_min:0 ms, inverval_max:10 ms, inverval_mean:8 ms!
09-07 14:30:37.814   512 13169 I HarmanHal.Routing:  in printADTM() PcmAlsaWrapper.cpp:876
09-07 14:30:37.814   512 13169 I HarmanHal.Routing: hacs alsa node(pcmHfp_dl_p) adtm interval_min:0 ms, inverval_max:11 ms, inverval_mean:7 ms!
09-07 14:30:37.814   512 13169 I HarmanHal.Routing:  in printADTM() PcmAlsaWrapper.cpp:876
09-07 14:30:37.834   512 13241 D HarmanHAL: StreamIn::getCapturePositionImpl
09-07 14:30:37.995   512 13241 I chatty  : uid=1041(audioserver) reader identical 5 lines
09-07 14:30:38.035   512 13241 D HarmanHAL: StreamIn::getCapturePositionImpl
09-07 14:30:38.064   512 13241 I HarmanHal.Routing: hacs alsa node(pcmTunerIn_c) adtm interval_min:30 ms, inverval_max:40 ms, inverval_mean:31 ms!
09-07 14:30:38.064   512 13241 I HarmanHal.Routing:  in printADTM() PcmAlsaWrapper.cpp:876
09-07 14:30:38.065   512 13241 D HarmanHAL: StreamIn::getCapturePositionImpl
09-07 14:30:38.225   512 13241 I chatty  : uid=1041(audioserver) reader identical 5 lines
09-07 14:30:38.254   512 13241 D HarmanHAL: StreamIn::getCapturePositionImpl
09-07 14:30:38.280   512  3972 I HarmanHal.Routing: hacs alsa node(pcmMedia_p) adtm interval_min:0 ms, inverval_max:11 ms, inverval_mean:7 ms!
09-07 14:30:38.280   512  3972 I HarmanHal.Routing:  in printADTM() PcmAlsaWrapper.cpp:876
09-07 14:30:38.284   512 13241 D HarmanHAL: StreamIn::getCapturePositionImpl
09-07 14:30:38.444   512 13241 I chatty  : uid=1041(audioserver) reader identical 5 lines
09-07 14:30:38.475   512 13241 D HarmanHAL: StreamIn::getCapturePositionImpl
09-07 14:30:38.480   538   618 W ipcLib  : ipcLib: in ipc_lib. DV1 read called
09-07 14:30:38.514   512 13241 D HarmanHAL: StreamIn::getCapturePositionImpl
09-07 14:30:38.675   512 13241 I chatty  : uid=1041(audioserver) reader identical 5 lines
09-07 14:30:38.704   512 13241 D HarmanHAL: StreamIn::getCapturePositionImpl
09-07 14:30:38.705   512 13133 I HarmanHal.Routing: hacs alsa node(pcmMicRefIn_c) adtm interval_min:0 ms, inverval_max:11 ms, inverval_mean:8 ms!
09-07 14:30:38.705   512 13133 I HarmanHal.Routing:  in printADTM() PcmAlsaWrapper.cpp:876
09-07 14:30:38.711   512 13159 I HarmanHal.Routing: hacs alsa node(pcmBtHfp_ul_pro_p) adtm interval_min:2 ms, inverval_max:12 ms, inverval_mean:8 ms!
09-07 14:30:38.711   512 13159 I HarmanHal.Routing:  in printADTM() PcmAlsaWrapper.cpp:876
09-07 14:30:38.734   512 13241 D HarmanHAL: StreamIn::getCapturePositionImpl
09-07 14:30:38.764   512 13241 I chatty  : uid=1041(audioserver) reader identical 1 line
09-07 14:30:38.794   512 13241 D HarmanHAL: StreamIn::getCapturePositionImpl
09-07 14:30:38.813   512 13169 I HarmanHal.Routing: hacs alsa node(pcmBtHfp_dl_pre_c) adtm interval_min:0 ms, inverval_max:10 ms, inverval_mean:7 ms!
09-07 14:30:38.813   512 13169 I HarmanHal.Routing:  in printADTM() PcmAlsaWrapper.cpp:876
09-07 14:30:38.815   512 13169 I HarmanHal.Routing: hacs alsa node(pcmHfp_dl_p) adtm interval_min:0 ms, inverval_max:11 ms, inverval_mean:8 ms!
09-07 14:30:38.815   512 13169 I HarmanHal.Routing:  in printADTM() PcmAlsaWrapper.cpp:876
09-07 14:30:38.834   512 13241 D HarmanHAL: StreamIn::getCapturePositionImpl
09-07 14:30:38.864   512 13241 I chatty  : uid=1041(audioserver) reader identical 1 line
09-07 14:30:38.894   512 13241 D HarmanHAL: StreamIn::getCapturePositionImpl
09-07 14:30:38.917   512 13158 D AudioProcessing: sseApply [handle 0xbc80d90][type 512] start..
09-07 14:30:38.917   512 13158 D AudioProcessing: sseProcess ul audioIO content print-1 [256] [2] [4] [1] 
09-07 14:30:38.917   512 13158 D AudioProcessing: sseProcess ul audioIO content print-2 [6] [1] [0x3bcbc5a0] [0x5bc7ede0] 
09-07 14:30:38.917   512 13158 D AudioProcessing: sseProcess ul audioIO content print-3 [0x1bca1320 [0x8bc84110] [0x1bc9f9b0] sse->pMain is [0x2bca4a60] 
09-07 14:30:38.917   512 13158 D AudioProcessing: sseProcess ul [handle 0xbc80d90]  ret[0]
09-07 14:30:38.917   512 13158 D AudioProcessing: sseProcess ul AudioBufferSampleCnt[256] type[512] finish..
09-07 14:30:38.924   512 13241 D HarmanHAL: StreamIn::getCapturePositionImpl
09-07 14:30:38.954   512 13241 I chatty  : uid=1041(audioserver) reader identical 1 line
09-07 14:30:38.995   512 13241 D HarmanHAL: StreamIn::getCapturePositionImpl
09-07 14:30:39.000   532   569 I VPS     : VPS:VehiclePlatformSOCHeartBeatHandler IVI HeartBeat sent successfully SOCHeartBeatInfo.SOCStatus->2
09-07 14:30:39.000   532   569 W ipcLib  : ipcLib: in ipc_lib. DV1 write called
09-07 14:30:39.003   532   569 W ipcLib  : ipcLib: in ipc_lib. DV1 read called
09-07 14:30:39.023   512 13169 D AudioProcessing: sseApply [handle 0xbc83090][type 768] start..
09-07 14:30:39.023   512 13169 D AudioProcessing: sseProcess dl audioIO content print-1 [256] [2] [1] [1] 
09-07 14:30:39.023   512 13169 D AudioProcessing: sseProcess dl audioIO content print-2 [1] [1] [0x0xb40000763bcc28d0] [0x0xb40000761bca6b00] 
09-07 14:30:39.023   512 13169 D AudioProcessing: sseProcess dl audioIO content print-3 [0x0xb40000761bca7fd0] [0x0xb40000761bcabe40] [0x0xb40000761bca5880] sse->pMain is [0x0xb40000772bcb4e80] 
09-07 14:30:39.024   512 13169 D AudioProcessing: sseProcess dl [handle 0xbc83090] ret[0]
09-07 14:30:39.024   512 13169 D AudioProcessing: sseProcess dl AudioBufferSampleCnt[256] type[768] finish..
09-07 14:30:39.024   512 13241 D HarmanHAL: StreamIn::getCapturePositionImpl
09-07 14:30:39.054   512 13241 I HarmanHal.Routing: hacs alsa node(pcmTunerIn_c) adtm interval_min:30 ms, inverval_max:40 ms, inverval_mean:31 ms!
09-07 14:30:39.054   512 13241 I HarmanHal.Routing:  in printADTM() PcmAlsaWrapper.cpp:876
09-07 14:30:39.055   512 13241 D HarmanHAL: StreamIn::getCapturePositionImpl
01-01 00:05:42.172     0     0 I init    : starting service 'qccsyshalservice'...
01-01 00:05:42.179     0     0 I init    : starting service 'vendor.sensors-hal-1-0'...
01-01 00:05:42.186     0     0 I init    : starting service 'LogManager'...
09-07 14:30:39.154   512 13241 I chatty  : uid=1041(audioserver) reader identical 3 lines
09-07 14:30:39.185   512 13241 D HarmanHAL: StreamIn::getCapturePositionImpl
09-07 14:30:39.199 18415 18415 I qccsyshalservice: Start with system binder
09-07 14:30:39.199 18415 18415 I qccsyshalservice: Registering qccsyshal service...
09-07 14:30:39.201   376   376 I hwservicemanager: getTransport: Cannot find entry vendor.qti.hardware.qccsyshal@1.0::IQccsyshal/qccsyshal in either framework or device manifest.
09-07 14:30:39.202 18415 18415 E HidlServiceManagement: Service vendor.qti.hardware.qccsyshal@1.0::IQccsyshal/qccsyshal must be in VINTF manifest in order to register/get.
09-07 14:30:39.202 18415 18415 E qccsyshalservice: [ERROR] registerAsService() failed with status: -2147483648
01-01 00:05:42.200     0     0 I init    : Service 'qccsyshalservice' (pid 18415) exited with status 1
01-01 00:05:42.200     0     0 I init    : Sending signal 9 to service 'qccsyshalservice' (pid 18415) process group...
01-01 00:05:42.201     0     0 I libprocessgroup: Successfully killed process cgroup uid 1000 pid 18415 in 0ms
09-07 14:30:39.214   512 13241 D HarmanHAL: StreamIn::getCapturePositionImpl
09-07 14:30:39.226 18417 18417 D LOGMANAGER: LOGMANAGER HAL service init() start
09-07 14:30:39.226 18417 18417 D LOGMANAGER: Logmanager configured rpcthreadpool
09-07 14:30:39.223 18417 18417 I vendor.harman.L: type=1400 audit(0.0:3569): avc: denied { read } for name="u:object_r:hwservicemanager_prop:s0" dev="tmpfs" ino=24519 scontext=u:r:logmanagerd:s0 tcontext=u:object_r:hwservicemanager_prop:s0 tclass=file permissive=1
09-07 14:30:39.229 18417 18417 I LOGMANAGER: ThreadPoolWrapper::initThreadPool
09-07 14:30:39.229 18417 18417 I LOGMANAGER: ThreadPoolWrapper : exit
09-07 14:30:39.229 18417 18417 D LOGMANAGER: Logmanager threadpoolwrapper created
09-07 14:30:39.229 18417 18417 D LOGMANAGER: User argument is -c
09-07 14:30:39.229 18417 18421 I LOGMANAGER: ThreadPoolWrapper:  enter the joinRpcThreadpool()
09-07 14:30:39.230 18417 18417 I LOGMANAGER: LogmanagerConfig is configured under config file
09-07 14:30:39.227 18417 18417 I vendor.harman.L: type=1400 audit(0.0:3573): avc: denied { dac_read_search } for capability=2 scontext=u:r:logmanagerd:s0 tcontext=u:r:logmanagerd:s0 tclass=capability permissive=1
09-07 14:30:39.230 18417 18417 I LOGMANAGER: LoggingLevel is : 4
09-07 14:30:39.230 18417 18417 I LOGMANAGER: LogEnableState is : 0
09-07 14:30:39.227 18417 18417 I vendor.harman.L: type=1400 audit(0.0:3574): avc: denied { search } for name="cache" dev="dm-4" ino=262146 scontext=u:r:logmanagerd:s0 tcontext=u:object_r:cache_file:s0 tclass=dir permissive=1
09-07 14:30:39.230 18417 18417 I LOGMANAGER: OutputPluginConfiguration PluginType : LOGWRITTER
09-07 14:30:39.230 18417 18417 I LOGMANAGER: LM_OutputConfiguration : 1
09-07 14:30:39.230 18417 18417 I LOGMANAGER: LM_OfflineTraceDirectory : /data/cache
09-07 14:30:39.227 18417 18417 I vendor.harman.L: type=1400 audit(0.0:3575): avc: denied { dac_override } for capability=1 scontext=u:r:logmanagerd:s0 tcontext=u:r:logmanagerd:s0 tclass=capability permissive=1
09-07 14:30:39.230 18417 18417 I LOGMANAGER: LM_OfflineTraceFILESize : 1000000
09-07 14:30:39.230 18417 18417 I LOGMANAGER: LM_OfflineTotalFILESSize : 20000000
09-07 14:30:39.227 18417 18417 I vendor.harman.L: type=1400 audit(0.0:3576): avc: denied { write } for name="cache" dev="dm-4" ino=262146 scontext=u:r:logmanagerd:s0 tcontext=u:object_r:cache_file:s0 tclass=dir permissive=1
09-07 14:30:39.230 18417 18417 I LOGMANAGER: LM_FileNameTimeStampBased : 0
09-07 14:30:39.230 18417 18417 I LOGMANAGER: Got IOC plugin
09-07 14:30:39.230 18417 18417 I LOGMANAGER: IOCIPCChannelNumber :6
09-07 14:30:39.230 18417 18417 I LOGMANAGER: keyseq: HOME + VOLUMEDOWN  for domain is AudioDump
09-07 14:30:39.230 18417 18417 I LOGMANAGER: keyseq: HOME + VOLUMEUP  for domain is HCIDump
09-07 14:30:39.230 18417 18417 I LOGMANAGER: Domains parsing is done
09-07 14:30:39.232   376   376 I hwservicemanager: getTransport: Cannot find entry android.hardware.sensors@1.0::ISensors/default in either framework or device manifest.
09-07 14:30:39.235 18417 18417 E LOGMANAGER: Failed to load plugin /vendor/lib64/libIOCDLogReader.so with error code dlopen failed: library "/vendor/lib64/libIOCDLogReader.so" not found 
09-07 14:30:39.235 18417 18417 F libc    : Fatal signal 11 (SIGSEGV), code 1 (SEGV_MAPERR), fault addr 0x0 in tid 18417 (vendor.harman.L), pid 18417 (vendor.harman.L)
09-07 14:30:39.235 18416 18416 E android.hardware.sensors@1.0-service: Couldn't load sensors module (Unknown error -2147483648)
01-01 00:05:42.220     0     0 W audit   : audit_lost=1778 audit_rate_limit=5 audit_backlog_limit=64
09-07 14:30:39.236 18416 18416 D RefBase : RefBase: Explicit destruction, weak count = 0 (in 0xb40000776d746718)
01-01 00:05:42.220     0     0 E audit   : rate limit exceeded
09-07 14:30:39.236 18416 18416 W RefBase : CallStack::getCurrentInternal not linked, returning null
09-07 14:30:39.236 18416 18416 W RefBase : CallStack::logStackInternal not linked
09-07 14:30:39.236 18416 18416 E LegacySupport: Could not get passthrough implementation for android.hardware.sensors@1.0::ISensors/default.
01-01 00:05:42.228     0     0 I init    : Service 'vendor.sensors-hal-1-0' (pid 18416) exited with status 1
01-01 00:05:42.228     0     0 I init    : Sending signal 9 to service 'vendor.sensors-hal-1-0' (pid 18416) process group...
01-01 00:05:42.228     0     0 I libprocessgroup: Successfully killed process cgroup uid 1000 pid 18416 in 0ms
09-07 14:30:39.244   512 13241 D HarmanHAL: StreamIn::getCapturePositionImpl
09-07 14:30:39.255 18424 18424 I crash_dump64: obtaining output fd from tombstoned, type: kDebuggerdTombstone
09-07 14:30:39.256   463   463 I tombstoned: received crash request for pid 18417
09-07 14:30:39.257 18424 18424 I crash_dump64: performing dump of process 18417 (target tid = 18417)
09-07 14:30:39.260 18424 18424 F DEBUG   : *** *** *** *** *** *** *** *** *** *** *** *** *** *** *** ***
09-07 14:30:39.260 18424 18424 F DEBUG   : Build fingerprint: 'qti/titan_tml_b2/titan_tml_b2:11/RQ3A.210605.005/eng.ksong.20210907.134230:userdebug/test-keys'
09-07 14:30:39.260 18424 18424 F DEBUG   : Revision: '0'
09-07 14:30:39.260 18424 18424 F DEBUG   : ABI: 'arm64'
09-07 14:30:39.261 18424 18424 F DEBUG   : Timestamp: 2021-09-07 14:30:39+0000
09-07 14:30:39.261 18424 18424 F DEBUG   : pid: 18417, tid: 18417, name: vendor.harman.L  >>> /vendor/bin/hw/vendor.harman.LogManager@1.0-service <<<
09-07 14:30:39.261 18424 18424 F DEBUG   : uid: 0
09-07 14:30:39.261 18424 18424 F DEBUG   : signal 11 (SIGSEGV), code 1 (SEGV_MAPERR), fault addr 0x0
09-07 14:30:39.262 18424 18424 F DEBUG   : Cause: null pointer dereference
09-07 14:30:39.262 18424 18424 F DEBUG   :     x0  0000000000000000  x1  0000000000000000  x2  0000000000080001  x3  0000000000000000
09-07 14:30:39.262 18424 18424 F DEBUG   :     x4  0000000000000000  x5  0000000000000090  x6  fefefefefefefeff  x7  7f7f7f7f7f7f7f7f
09-07 14:30:39.262 18424 18424 F DEBUG   :     x8  0101010101010101  x9  b7f05839d50879de  x10 0000007fe22abc38  x11 fffffffffffffffd
09-07 14:30:39.262 18424 18424 F DEBUG   :     x12 0000007fe22abdc0  x13 000000000000008e  x14 000dd40984b26000  x15 0000000034155555
09-07 14:30:39.262 18424 18424 F DEBUG   :     x16 000000633822a7e0  x17 0000007b6ffe6b30  x18 0000007b70fa8000  x19 0000000000000000
09-07 14:30:39.262 18424 18424 F DEBUG   :     x20 0000007b6fbb5c50  x21 0000007fe22ac4d9  x22 b400007a6faaf598  x23 0000007fe22ac4f8
09-07 14:30:39.262 18424 18424 F DEBUG   :     x24 0000000000000000  x25 0000007b7071e000  x26 0000007fe22ac4d9  x27 0000007fe22ac4a9
09-07 14:30:39.262 18424 18424 F DEBUG   :     x28 0000000000000000  x29 0000007fe22ac3e0
09-07 14:30:39.263 18424 18424 F DEBUG   :     lr  0000006338221048  sp  0000007fe22ac3e0  pc  0000007b6ffe6b40  pst 0000000080000000
09-07 14:30:39.267 18424 18424 F DEBUG   : backtrace:
09-07 14:30:39.267 18424 18424 F DEBUG   :       #00 pc 000000000004ab40  /apex/com.android.runtime/lib64/bionic/libc.so (strlen_default+16) (BuildId: 2b7c6e33413ac7278a15dfc3ea383089)
09-07 14:30:39.267 18424 18424 F DEBUG   :       #01 pc 0000000000009044  /vendor/bin/hw/vendor.harman.LogManager@1.0-service (BuildId: 3e966ab64050b441b920ba0e8960d123)
09-07 14:30:39.267 18424 18424 F DEBUG   :       #02 pc 0000000000008df0  /vendor/bin/hw/vendor.harman.LogManager@1.0-service (LM::LogManagerImpl::load_plugin_conf(void*, std::__1::basic_string<char, std::__1::char_traits<char>, std::__1::allocator<char> >, std::__1::multimap<std::__1::basic_string<char, std::__1::char_traits<char>, std::__1::allocator<char> >, int, std::__1::less<std::__1::basic_string<char, std::__1::char_traits<char>, std::__1::allocator<char> > >, std::__1::allocator<std::__1::pair<std::__1::basic_string<char, std::__1::char_traits<char>, std::__1::allocator<char> > const, int> > >&)+752) (BuildId: 3e966ab64050b441b920ba0e8960d123)
09-07 14:30:39.267 18424 18424 F DEBUG   :       #03 pc 00000000000088c0  /vendor/bin/hw/vendor.harman.LogManager@1.0-service (LM::LogManagerImpl::loadplugins()+436) (BuildId: 3e966ab64050b441b920ba0e8960d123)
09-07 14:30:39.267 18424 18424 F DEBUG   :       #04 pc 0000000000007af8  /vendor/bin/hw/vendor.harman.LogManager@1.0-service (main+1112) (BuildId: 3e966ab64050b441b920ba0e8960d123)
09-07 14:30:39.267 18424 18424 F DEBUG   :       #05 pc 000000000004988c  /apex/com.android.runtime/lib64/bionic/libc.so (__libc_init+108) (BuildId: 2b7c6e33413ac7278a15dfc3ea383089)
09-07 14:30:39.275   512 13241 D HarmanHAL: StreamIn::getCapturePositionImpl
09-07 14:30:39.280   512  3972 I HarmanHal.Routing: hacs alsa node(pcmMedia_p) adtm interval_min:1 ms, inverval_max:11 ms, inverval_mean:8 ms!
09-07 14:30:39.280   512  3972 I HarmanHal.Routing:  in printADTM() PcmAlsaWrapper.cpp:876
09-07 14:30:39.314   512 13241 D HarmanHAL: StreamIn::getCapturePositionImpl
01-01 00:05:42.310     0     0 D logd    : logdr: UID=0 GID=1000 PID=18424 n tail=0 logMask=8 pid=18417 start=0ns timeout=0ns
01-01 00:05:42.319     0     0 D logd    : logdr: UID=0 GID=1000 PID=18424 n tail=0 logMask=1 pid=18417 start=0ns timeout=0ns
09-07 14:30:39.340  1033  1270 W NativeCrashListener: Couldn't find ProcessRecord for pid 18417
09-07 14:30:39.340 18424 18424 E crash_dump64: AM data write failed: Broken pipe
09-07 14:30:39.341   463   463 E tombstoned: Tombstone written to: /data/tombstones/tombstone_34
09-07 14:30:39.344   512 13241 D HarmanHAL: StreamIn::getCapturePositionImpl
01-01 00:05:42.332     0     0 I init    : Untracked pid 18424 exited with status 0
09-07 14:30:39.351  1033  1095 I BootReceiver: Copying /data/tombstones/tombstone_34 to DropBox (SYSTEM_TOMBSTONE)
09-07 14:30:39.354  1033  1095 I DropBoxManagerService: add tag=SYSTEM_TOMBSTONE isTagEnabled=true flags=0x2
09-07 14:30:39.434   512 13241 I chatty  : uid=1041(audioserver) reader identical 3 lines
09-07 14:30:39.475   512 13241 D HarmanHAL: StreamIn::getCapturePositionImpl
09-07 14:30:39.480   538   618 W ipcLib  : ipcLib: in ipc_lib. DV1 read called
09-07 14:30:39.505   512 13241 D HarmanHAL: StreamIn::getCapturePositionImpl
09-07 14:30:39.565   512 13241 I chatty  : uid=1041(audioserver) reader identical 2 lines
09-07 14:30:39.594   512 13241 D HarmanHAL: StreamIn::getCapturePositionImpl
09-07 14:30:39.628   911  4981 D BufferPoolAccessor2.0: bufferpool2 0xb400007205c6d498 : 2(1048576 size) total buffers - 1(524288 size) used buffers - 3870/3880 (recycle/alloc) - 25/3880 (fetch/transfer)
09-07 14:30:39.634   512 13241 D HarmanHAL: StreamIn::getCapturePositionImpl
09-07 14:30:39.665   512 13241 I chatty  : uid=1041(audioserver) reader identical 1 line
09-07 14:30:39.694   512 13241 D HarmanHAL: StreamIn::getCapturePositionImpl
09-07 14:30:39.705   512 13133 I HarmanHal.Routing: hacs alsa node(pcmMicRefIn_c) adtm interval_min:0 ms, inverval_max:12 ms, inverval_mean:8 ms!
09-07 14:30:39.705   512 13133 I HarmanHal.Routing:  in printADTM() PcmAlsaWrapper.cpp:876
09-07 14:30:39.711   512 13159 I HarmanHal.Routing: hacs alsa node(pcmBtHfp_ul_pro_p) adtm interval_min:2 ms, inverval_max:12 ms, inverval_mean:8 ms!
09-07 14:30:39.711   512 13159 I HarmanHal.Routing:  in printADTM() PcmAlsaWrapper.cpp:876
09-07 14:30:39.725   512 13241 D HarmanHAL: StreamIn::getCapturePositionImpl
09-07 14:30:39.745   537   722 I TunerCommon: CTunerTimer::startTimer: altMsecTimeout = 15000
09-07 14:30:39.745   537   711 W TunerCommon: EventThd::run:deliverEvent: OK
09-07 14:30:39.754   512 13241 D HarmanHAL: StreamIn::getCapturePositionImpl
09-07 14:30:39.772   532   569 W ipcLib  : ipcLib: in ipc_lib. DV1 read called
09-07 14:30:39.773   532   568 I VPS     : VPS:IOCStatusInfo.VoltageStatus->0 
09-07 14:30:39.773   532   568 I VPS     : VPS:IOCStatusInfo.IOCStatusCmd->a6 
09-07 14:30:39.773   532   568 I VPS     : VPS:IOCStatusInfo.WakeUpReason->0 
09-07 14:30:39.773   532   568 I VPS     : VPS:IOCStatusInfo.DerivedIgnitionStatus->0 
09-07 14:30:39.773   532   568 I VPS     : VPS:IOCStatusInfo.PowerModeState->4 
09-07 14:30:39.773   532   568 I VPS     : VPS:IOCStatusInfo.SOCShutdownRequest->0 
09-07 14:30:39.773   532   568 I VPS     : VPS:IOCStatusInfo.AntiTheftState->0 
09-07 14:30:39.773   532   568 I VPS     : VPS:IOCStatusInfo.BatteryConnect->0 
09-07 14:30:39.794   512 13241 D HarmanHAL: StreamIn::getCapturePositionImpl
09-07 14:30:39.814   512 13169 I HarmanHal.Routing: hacs alsa node(pcmBtHfp_dl_pre_c) adtm interval_min:0 ms, inverval_max:11 ms, inverval_mean:8 ms!
09-07 14:30:39.814   512 13169 I HarmanHal.Routing:  in printADTM() PcmAlsaWrapper.cpp:876
09-07 14:30:39.815   512 13169 I HarmanHal.Routing: hacs alsa node(pcmHfp_dl_p) adtm interval_min:0 ms, inverval_max:12 ms, inverval_mean:8 ms!
09-07 14:30:39.815   512 13169 I HarmanHal.Routing:  in printADTM() PcmAlsaWrapper.cpp:876
09-07 14:30:39.825   512 13241 D HarmanHAL: StreamIn::getCapturePositionImpl
09-07 14:30:39.842   536   612 E pathology: [ProcessCrashHandler:: parseTombstoneFileName]string not found
09-07 14:30:39.842   536   612 I chatty  : uid=0(root) vendor.harman.p identical 4 lines
09-07 14:30:39.842   536   612 E pathology: [ProcessCrashHandler:: parseTombstoneFileName]string not found
09-07 14:30:39.855   512 13241 D HarmanHAL: StreamIn::getCapturePositionImpl
09-07 14:30:39.985   512 13241 I chatty  : uid=1041(audioserver) reader identical 4 lines
09-07 14:30:40.014   512 13241 D HarmanHAL: StreamIn::getCapturePositionImpl
09-07 14:30:40.044   512 13241 I HarmanHal.Routing: hacs alsa node(pcmTunerIn_c) adtm interval_min:29 ms, inverval_max:40 ms, inverval_mean:31 ms!
09-07 14:30:40.044   512 13241 I HarmanHal.Routing:  in printADTM() PcmAlsaWrapper.cpp:876
09-07 14:30:40.045   512 13241 D HarmanHAL: StreamIn::getCapturePositionImpl
09-07 14:30:40.234   512 13241 I chatty  : uid=1041(audioserver) reader identical 6 lines
09-07 14:30:40.274   512 13241 D HarmanHAL: StreamIn::getCapturePositionImpl
09-07 14:30:40.280   512  3972 I HarmanHal.Routing: hacs alsa node(pcmMedia_p) adtm interval_min:0 ms, inverval_max:10 ms, inverval_mean:8 ms!
09-07 14:30:40.280   512  3972 I HarmanHal.Routing:  in printADTM() PcmAlsaWrapper.cpp:876
09-07 14:30:40.287   536   536 I vendor.harman.p: type=1400 audit(0.0:3595): avc: denied { write } for name="2" dev="dm-4" ino=49241 scontext=u:r:pathologyd:s0 tcontext=u:object_r:vendor_data_file:s0 tclass=dir permissive=1
09-07 14:30:40.287   536   536 I vendor.harman.p: type=1400 audit(0.0:3596): avc: denied { add_name } for name="PROCCRASH_PF_1631025039.lz4" scontext=u:r:pathologyd:s0 tcontext=u:object_r:vendor_data_file:s0 tclass=dir permissive=1
09-07 14:30:40.287   536   536 I vendor.harman.p: type=1400 audit(0.0:3597): avc: denied { create } for name="PROCCRASH_PF_1631025039.lz4" scontext=u:r:pathologyd:s0 tcontext=u:object_r:vendor_data_file:s0 tclass=file permissive=1
09-07 14:30:40.287   536   536 I vendor.harman.p: type=1400 audit(0.0:3598): avc: denied { write open } for path="/data/vendor/pathologyArchive/2/PROCCRASH_PF_1631025039.lz4" dev="dm-4" ino=49357 scontext=u:r:pathologyd:s0 tcontext=u:object_r:vendor_data_file:s0 tclass=file permissive=1
09-07 14:30:40.304   512 13241 D HarmanHAL: StreamIn::getCapturePositionImpl
09-07 14:30:40.434   512 13241 I chatty  : uid=1041(audioserver) reader identical 4 lines
09-07 14:30:40.464   512 13241 D HarmanHAL: StreamIn::getCapturePositionImpl
09-07 14:30:40.481   538   618 W ipcLib  : ipcLib: in ipc_lib. DV1 read called
09-07 14:30:40.494   512 13241 D HarmanHAL: StreamIn::getCapturePositionImpl
09-07 14:30:40.517   512 13158 D AudioProcessing: sseApply [handle 0xbc80d90][type 512] start..
09-07 14:30:40.518   512 13158 D AudioProcessing: sseProcess ul audioIO content print-1 [256] [2] [4] [1] 
09-07 14:30:40.518   512 13158 D AudioProcessing: sseProcess ul audioIO content print-2 [6] [1] [0x3bcbc5a0] [0x5bc7ede0] 
09-07 14:30:40.518   512 13158 D AudioProcessing: sseProcess ul audioIO content print-3 [0x1bca1320 [0x8bc84110] [0x1bc9f9b0] sse->pMain is [0x2bca4a60] 
09-07 14:30:40.519   512 13158 D AudioProcessing: sseProcess ul [handle 0xbc80d90]  ret[0]
09-07 14:30:40.519   512 13158 D AudioProcessing: sseProcess ul AudioBufferSampleCnt[256] type[512] finish..
09-07 14:30:40.524   512 13241 D HarmanHAL: StreamIn::getCapturePositionImpl
09-07 14:30:40.555   512 13241 I chatty  : uid=1041(audioserver) reader identical 1 line
09-07 14:30:40.594   512 13241 D HarmanHAL: StreamIn::getCapturePositionImpl
09-07 14:30:40.623   512 13169 D AudioProcessing: sseApply [handle 0xbc83090][type 768] start..
09-07 14:30:40.623   512 13169 D AudioProcessing: sseProcess dl audioIO content print-1 [256] [2] [1] [1] 
09-07 14:30:40.623   512 13169 D AudioProcessing: sseProcess dl audioIO content print-2 [1] [1] [0x0xb40000763bcc28d0] [0x0xb40000761bca6b00] 
09-07 14:30:40.623   512 13169 D AudioProcessing: sseProcess dl audioIO content print-3 [0x0xb40000761bca7fd0] [0x0xb40000761bcabe40] [0x0xb40000761bca5880] sse->pMain is [0x0xb40000772bcb4e80] 
09-07 14:30:40.624   512 13169 D AudioProcessing: sseProcess dl [handle 0xbc83090] ret[0]
09-07 14:30:40.624   512 13169 D AudioProcessing: sseProcess dl AudioBufferSampleCnt[256] type[768] finish..
09-07 14:30:40.625   512 13241 D HarmanHAL: StreamIn::getCapturePositionImpl
09-07 14:30:40.654   512 13241 I chatty  : uid=1041(audioserver) reader identical 1 line
09-07 14:30:40.685   512 13241 D HarmanHAL: StreamIn::getCapturePositionImpl
09-07 14:30:40.706   512 13133 I HarmanHal.Routing: hacs alsa node(pcmMicRefIn_c) adtm interval_min:0 ms, inverval_max:11 ms, inverval_mean:8 ms!
09-07 14:30:40.706   512 13133 I HarmanHal.Routing:  in printADTM() PcmAlsaWrapper.cpp:876
09-07 14:30:40.711   512 13159 I HarmanHal.Routing: hacs alsa node(pcmBtHfp_ul_pro_p) adtm interval_min:2 ms, inverval_max:12 ms, inverval_mean:8 ms!
09-07 14:30:40.711   512 13159 I HarmanHal.Routing:  in printADTM() PcmAlsaWrapper.cpp:876
09-07 14:30:40.714   512 13241 D HarmanHAL: StreamIn::getCapturePositionImpl
09-07 14:30:40.754   512 13241 I chatty  : uid=1041(audioserver) reader identical 1 line
09-07 14:30:40.784   512 13241 D HarmanHAL: StreamIn::getCapturePositionImpl
09-07 14:30:40.813   512 13169 I HarmanHal.Routing: hacs alsa node(pcmBtHfp_dl_pre_c) adtm interval_min:0 ms, inverval_max:10 ms, inverval_mean:7 ms!
09-07 14:30:40.813   512 13169 I HarmanHal.Routing:  in printADTM() PcmAlsaWrapper.cpp:876
09-07 14:30:40.814   512 13241 D HarmanHAL: StreamIn::getCapturePositionImpl
09-07 14:30:40.814   512 13169 I HarmanHal.Routing: hacs alsa node(pcmHfp_dl_p) adtm interval_min:0 ms, inverval_max:11 ms, inverval_mean:7 ms!
09-07 14:30:40.814   512 13169 I HarmanHal.Routing:  in printADTM() PcmAlsaWrapper.cpp:876
09-07 14:30:40.845   512 13241 D HarmanHAL: StreamIn::getCapturePositionImpl
01-01 00:05:43.884     0     0 W audit   : audit_lost=1796 audit_rate_limit=5 audit_backlog_limit=64
01-01 00:05:43.884     0     0 E audit   : rate limit exceeded
09-07 14:30:40.874   512 13241 D HarmanHAL: StreamIn::getCapturePositionImpl
09-07 14:30:40.891   536   536 I vendor.harman.p: type=1400 audit(0.0:3599): avc: denied { read } for name="2" dev="dm-4" ino=49241 scontext=u:r:pathologyd:s0 tcontext=u:object_r:vendor_data_file:s0 tclass=dir permissive=1
09-07 14:30:40.914   512 13241 D HarmanHAL: StreamIn::getCapturePositionImpl
09-07 14:30:40.974   512 13241 I chatty  : uid=1041(audioserver) reader identical 2 lines
09-07 14:30:41.004   512 13241 D HarmanHAL: StreamIn::getCapturePositionImpl
09-07 14:30:41.034   512 13241 I HarmanHal.Routing: hacs alsa node(pcmTunerIn_c) adtm interval_min:30 ms, inverval_max:40 ms, inverval_mean:31 ms!
09-07 14:30:41.034   512 13241 I HarmanHal.Routing:  in printADTM() PcmAlsaWrapper.cpp:876
09-07 14:30:41.035   512 13241 D HarmanHAL: StreamIn::getCapturePositionImpl
09-07 14:30:41.234   512 13241 I chatty  : uid=1041(audioserver) reader identical 6 lines
09-07 14:30:41.265   512 13241 D HarmanHAL: StreamIn::getCapturePositionImpl
09-07 14:30:41.280   512  3972 I HarmanHal.Routing: hacs alsa node(pcmMedia_p) adtm interval_min:1 ms, inverval_max:11 ms, inverval_mean:8 ms!
09-07 14:30:41.280   512  3972 I HarmanHal.Routing:  in printADTM() PcmAlsaWrapper.cpp:876
09-07 14:30:41.294   512 13241 D HarmanHAL: StreamIn::getCapturePositionImpl
09-07 14:30:41.355   512 13241 I chatty  : uid=1041(audioserver) reader identical 2 lines
09-07 14:30:41.394   512 13241 D HarmanHAL: StreamIn::getCapturePositionImpl
09-07 14:30:41.391   536   536 I vendor.harman.p: type=1400 audit(0.0:3601): avc: denied { sys_ptrace } for capability=19 scontext=u:r:pathologyd:s0 tcontext=u:r:pathologyd:s0 tclass=capability permissive=1
09-07 14:30:41.425   512 13241 D HarmanHAL: StreamIn::getCapturePositionImpl
09-07 14:30:41.455   512 13241 D HarmanHAL: StreamIn::getCapturePositionImpl
09-07 14:30:41.481   538   618 W ipcLib  : ipcLib: in ipc_lib. DV1 read called
09-07 14:30:41.485   512 13241 D HarmanHAL: StreamIn::getCapturePositionImpl
09-07 14:30:41.644   512 13241 I chatty  : uid=1041(audioserver) reader identical 5 lines
09-07 14:30:41.674   512 13241 D HarmanHAL: StreamIn::getCapturePositionImpl
09-07 14:30:41.707   512 13133 I HarmanHal.Routing: hacs alsa node(pcmMicRefIn_c) adtm interval_min:0 ms, inverval_max:14 ms, inverval_mean:8 ms!
09-07 14:30:41.707   512 13133 I HarmanHal.Routing:  in printADTM() PcmAlsaWrapper.cpp:876
09-07 14:30:41.713   512 13159 I HarmanHal.Routing: hacs alsa node(pcmBtHfp_ul_pro_p) adtm interval_min:2 ms, inverval_max:13 ms, inverval_mean:8 ms!
09-07 14:30:41.713   512 13159 I HarmanHal.Routing:  in printADTM() PcmAlsaWrapper.cpp:876
09-07 14:30:41.715   512 13241 D HarmanHAL: StreamIn::getCapturePositionImpl
09-07 14:30:41.774   512 13241 I chatty  : uid=1041(audioserver) reader identical 2 lines
09-07 14:30:41.805   512 13241 D HarmanHAL: StreamIn::getCapturePositionImpl
09-07 14:30:41.814   512 13169 I HarmanHal.Routing: hacs alsa node(pcmBtHfp_dl_pre_c) adtm interval_min:0 ms, inverval_max:10 ms, inverval_mean:8 ms!
09-07 14:30:41.814   512 13169 I HarmanHal.Routing:  in printADTM() PcmAlsaWrapper.cpp:876
09-07 14:30:41.815   512 13169 I HarmanHal.Routing: hacs alsa node(pcmHfp_dl_p) adtm interval_min:0 ms, inverval_max:12 ms, inverval_mean:8 ms!
09-07 14:30:41.815   512 13169 I HarmanHal.Routing:  in printADTM() PcmAlsaWrapper.cpp:876
09-07 14:30:41.835   512 13241 D HarmanHAL: StreamIn::getCapturePositionImpl
09-07 14:30:41.873   532   569 W ipcLib  : ipcLib: in ipc_lib. DV1 read called
09-07 14:30:41.873   532   568 I VPS     : VPS:IOCStatusInfo.VoltageStatus->0 
09-07 14:30:41.873   532   568 I VPS     : VPS:IOCStatusInfo.IOCStatusCmd->a6 
09-07 14:30:41.873   532   568 I VPS     : VPS:IOCStatusInfo.WakeUpReason->0 
09-07 14:30:41.873   532   568 I VPS     : VPS:IOCStatusInfo.DerivedIgnitionStatus->0 
09-07 14:30:41.873   532   568 I VPS     : VPS:IOCStatusInfo.PowerModeState->4 
09-07 14:30:41.873   532   568 I VPS     : VPS:IOCStatusInfo.SOCShutdownRequest->0 
09-07 14:30:41.873   532   568 I VPS     : VPS:IOCStatusInfo.AntiTheftState->0 
09-07 14:30:41.873   532   568 I VPS     : VPS:IOCStatusInfo.BatteryConnect->0 
09-07 14:30:41.875   512 13241 D HarmanHAL: StreamIn::getCapturePositionImpl
09-07 14:30:41.964   512 13241 I chatty  : uid=1041(audioserver) reader identical 3 lines
09-07 14:30:41.996   512 13241 D HarmanHAL: StreamIn::getCapturePositionImpl
09-07 14:30:42.034   512 13241 I HarmanHal.Routing: hacs alsa node(pcmTunerIn_c) adtm interval_min:30 ms, inverval_max:40 ms, inverval_mean:32 ms!
09-07 14:30:42.034   512 13241 I HarmanHal.Routing:  in printADTM() PcmAlsaWrapper.cpp:876
09-07 14:30:42.035   512 13241 D HarmanHAL: StreamIn::getCapturePositionImpl
09-07 14:30:42.064   512 13241 I chatty  : uid=1041(audioserver) reader identical 1 line
09-07 14:30:42.094   512 13241 D HarmanHAL: StreamIn::getCapturePositionImpl
09-07 14:30:42.118   512 13158 D AudioProcessing: sseApply [handle 0xbc80d90][type 512] start..
09-07 14:30:42.118   512 13158 D AudioProcessing: sseProcess ul audioIO content print-1 [256] [2] [4] [1] 
09-07 14:30:42.118   512 13158 D AudioProcessing: sseProcess ul audioIO content print-2 [6] [1] [0x3bcbc5a0] [0x5bc7ede0] 
09-07 14:30:42.118   512 13158 D AudioProcessing: sseProcess ul audioIO content print-3 [0x1bca1320 [0x8bc84110] [0x1bc9f9b0] sse->pMain is [0x2bca4a60] 
09-07 14:30:42.119   512 13158 D AudioProcessing: sseProcess ul [handle 0xbc80d90]  ret[0]
09-07 14:30:42.119   512 13158 D AudioProcessing: sseProcess ul AudioBufferSampleCnt[256] type[512] finish..
09-07 14:30:42.124   512 13241 D HarmanHAL: StreamIn::getCapturePositionImpl
09-07 14:30:42.154   512 13241 I chatty  : uid=1041(audioserver) reader identical 1 line
09-07 14:30:42.195   512 13241 D HarmanHAL: StreamIn::getCapturePositionImpl
09-07 14:30:42.223   512 13169 D AudioProcessing: sseApply [handle 0xbc83090][type 768] start..
09-07 14:30:42.223   512 13169 D AudioProcessing: sseProcess dl audioIO content print-1 [256] [2] [1] [1] 
09-07 14:30:42.223   512 13169 D AudioProcessing: sseProcess dl audioIO content print-2 [1] [1] [0x0xb40000763bcc28d0] [0x0xb40000761bca6b00] 
09-07 14:30:42.223   512 13169 D AudioProcessing: sseProcess dl audioIO content print-3 [0x0xb40000761bca7fd0] [0x0xb40000761bcabe40] [0x0xb40000761bca5880] sse->pMain is [0x0xb40000772bcb4e80] 
09-07 14:30:42.225   512 13169 D AudioProcessing: sseProcess dl [handle 0xbc83090] ret[0]
09-07 14:30:42.225   512 13169 D AudioProcessing: sseProcess dl AudioBufferSampleCnt[256] type[768] finish..
09-07 14:30:42.225   512 13241 D HarmanHAL: StreamIn::getCapturePositionImpl
09-07 14:30:42.254   512 13241 D HarmanHAL: StreamIn::getCapturePositionImpl
09-07 14:30:42.280   512  3972 I HarmanHal.Routing: hacs alsa node(pcmMedia_p) adtm interval_min:0 ms, inverval_max:10 ms, inverval_mean:8 ms!
09-07 14:30:42.280   512  3972 I HarmanHal.Routing:  in printADTM() PcmAlsaWrapper.cpp:876
09-07 14:30:42.284   512 13241 D HarmanHAL: StreamIn::getCapturePositionImpl
09-07 14:30:42.444   512 13241 I chatty  : uid=1041(audioserver) reader identical 5 lines
09-07 14:30:42.475   512 13241 D HarmanHAL: StreamIn::getCapturePositionImpl
09-07 14:30:42.481   538   618 W ipcLib  : ipcLib: in ipc_lib. DV1 read called
09-07 14:30:42.515   512 13241 D HarmanHAL: StreamIn::getCapturePositionImpl
09-07 14:30:42.675   512 13241 I chatty  : uid=1041(audioserver) reader identical 5 lines
09-07 14:30:42.705   512 13241 D HarmanHAL: StreamIn::getCapturePositionImpl
09-07 14:30:42.706   512 13133 I HarmanHal.Routing: hacs alsa node(pcmMicRefIn_c) adtm interval_min:0 ms, inverval_max:11 ms, inverval_mean:7 ms!
09-07 14:30:42.706   512 13133 I HarmanHal.Routing:  in printADTM() PcmAlsaWrapper.cpp:876
09-07 14:30:42.711   512 13159 I HarmanHal.Routing: hacs alsa node(pcmBtHfp_ul_pro_p) adtm interval_min:2 ms, inverval_max:12 ms, inverval_mean:7 ms!
09-07 14:30:42.711   512 13159 I HarmanHal.Routing:  in printADTM() PcmAlsaWrapper.cpp:876
09-07 14:30:42.734   512 13241 D HarmanHAL: StreamIn::getCapturePositionImpl
09-07 14:30:42.764   512 13241 I chatty  : uid=1041(audioserver) reader identical 1 line
09-07 14:30:42.795   512 13241 D HarmanHAL: StreamIn::getCapturePositionImpl
09-07 14:30:42.813   512 13169 I HarmanHal.Routing: hacs alsa node(pcmBtHfp_dl_pre_c) adtm interval_min:0 ms, inverval_max:10 ms, inverval_mean:7 ms!
09-07 14:30:42.813   512 13169 I HarmanHal.Routing:  in printADTM() PcmAlsaWrapper.cpp:876
09-07 14:30:42.815   512 13169 I HarmanHal.Routing: hacs alsa node(pcmHfp_dl_p) adtm interval_min:0 ms, inverval_max:11 ms, inverval_mean:8 ms!
09-07 14:30:42.815   512 13169 I HarmanHal.Routing:  in printADTM() PcmAlsaWrapper.cpp:876
09-07 14:30:42.834   512 13241 D HarmanHAL: StreamIn::getCapturePositionImpl
09-07 14:30:42.955   512 13241 I chatty  : uid=1041(audioserver) reader identical 4 lines
09-07 14:30:42.995   512 13241 D HarmanHAL: StreamIn::getCapturePositionImpl
09-07 14:30:43.024   512 13241 I HarmanHal.Routing: hacs alsa node(pcmTunerIn_c) adtm interval_min:30 ms, inverval_max:40 ms, inverval_mean:31 ms!
09-07 14:30:43.024   512 13241 I HarmanHal.Routing:  in printADTM() PcmAlsaWrapper.cpp:876
09-07 14:30:43.025   512 13241 D HarmanHAL: StreamIn::getCapturePositionImpl
09-07 14:30:43.244   512 13241 I chatty  : uid=1041(audioserver) reader identical 7 lines
09-07 14:30:43.274   512 13241 D HarmanHAL: StreamIn::getCapturePositionImpl
09-07 14:30:43.281   512  3972 I HarmanHal.Routing: hacs alsa node(pcmMedia_p) adtm interval_min:0 ms, inverval_max:11 ms, inverval_mean:8 ms!
09-07 14:30:43.281   512  3972 I HarmanHal.Routing:  in printADTM() PcmAlsaWrapper.cpp:876
09-07 14:30:43.315   512 13241 D HarmanHAL: StreamIn::getCapturePositionImpl
09-07 14:30:43.435   512 13241 I chatty  : uid=1041(audioserver) reader identical 4 lines
09-07 14:30:43.475   512 13241 D HarmanHAL: StreamIn::getCapturePositionImpl
09-07 14:30:43.481   538   618 W ipcLib  : ipcLib: in ipc_lib. DV1 read called
09-07 14:30:43.504   512 13241 D HarmanHAL: StreamIn::getCapturePositionImpl
09-07 14:30:43.665   512 13241 I chatty  : uid=1041(audioserver) reader identical 5 lines
09-07 14:30:43.694   512 13241 D HarmanHAL: StreamIn::getCapturePositionImpl
09-07 14:30:43.705   512 13133 I HarmanHal.Routing: hacs alsa node(pcmMicRefIn_c) adtm interval_min:0 ms, inverval_max:11 ms, inverval_mean:8 ms!
09-07 14:30:43.705   512 13133 I HarmanHal.Routing:  in printADTM() PcmAlsaWrapper.cpp:876
09-07 14:30:43.711   512 13159 I HarmanHal.Routing: hacs alsa node(pcmBtHfp_ul_pro_p) adtm interval_min:2 ms, inverval_max:12 ms, inverval_mean:8 ms!
09-07 14:30:43.711   512 13159 I HarmanHal.Routing:  in printADTM() PcmAlsaWrapper.cpp:876
09-07 14:30:43.718   512 13158 D AudioProcessing: sseApply [handle 0xbc80d90][type 512] start..
09-07 14:30:43.718   512 13158 D AudioProcessing: sseProcess ul audioIO content print-1 [256] [2] [4] [1] 
09-07 14:30:43.718   512 13158 D AudioProcessing: sseProcess ul audioIO content print-2 [6] [1] [0x3bcbc5a0] [0x5bc7ede0] 
09-07 14:30:43.718   512 13158 D AudioProcessing: sseProcess ul audioIO content print-3 [0x1bca1320 [0x8bc84110] [0x1bc9f9b0] sse->pMain is [0x2bca4a60] 
09-07 14:30:43.719   512 13158 D AudioProcessing: sseProcess ul [handle 0xbc80d90]  ret[0]
09-07 14:30:43.719   512 13158 D AudioProcessing: sseProcess ul AudioBufferSampleCnt[256] type[512] finish..
09-07 14:30:43.724   512 13241 D HarmanHAL: StreamIn::getCapturePositionImpl
09-07 14:30:43.755   512 13241 I chatty  : uid=1041(audioserver) reader identical 1 line
09-07 14:30:43.795   512 13241 D HarmanHAL: StreamIn::getCapturePositionImpl
09-07 14:30:43.814   512 13169 I HarmanHal.Routing: hacs alsa node(pcmBtHfp_dl_pre_c) adtm interval_min:0 ms, inverval_max:10 ms, inverval_mean:8 ms!
09-07 14:30:43.814   512 13169 I HarmanHal.Routing:  in printADTM() PcmAlsaWrapper.cpp:876
09-07 14:30:43.814   512 13169 I HarmanHal.Routing: hacs alsa node(pcmHfp_dl_p) adtm interval_min:0 ms, inverval_max:11 ms, inverval_mean:7 ms!
09-07 14:30:43.814   512 13169 I HarmanHal.Routing:  in printADTM() PcmAlsaWrapper.cpp:876
09-07 14:30:43.823   512 13169 D AudioProcessing: sseApply [handle 0xbc83090][type 768] start..
09-07 14:30:43.823   512 13169 D AudioProcessing: sseProcess dl audioIO content print-1 [256] [2] [1] [1] 
09-07 14:30:43.823   512 13169 D AudioProcessing: sseProcess dl audioIO content print-2 [1] [1] [0x0xb40000763bcc28d0] [0x0xb40000761bca6b00] 
09-07 14:30:43.823   512 13169 D AudioProcessing: sseProcess dl audioIO content print-3 [0x0xb40000761bca7fd0] [0x0xb40000761bcabe40] [0x0xb40000761bca5880] sse->pMain is [0x0xb40000772bcb4e80] 
09-07 14:30:43.824   512 13169 D AudioProcessing: sseProcess dl [handle 0xbc83090] ret[0]
09-07 14:30:43.824   512 13169 D AudioProcessing: sseProcess dl AudioBufferSampleCnt[256] type[768] finish..
09-07 14:30:43.825   512 13241 D HarmanHAL: StreamIn::getCapturePositionImpl
09-07 14:30:43.914   512 13241 I chatty  : uid=1041(audioserver) reader identical 3 lines
09-07 14:30:43.955   512 13241 D HarmanHAL: StreamIn::getCapturePositionImpl
09-07 14:30:43.974   532   569 W ipcLib  : ipcLib: in ipc_lib. DV1 read called
09-07 14:30:43.975   532   568 I VPS     : VPS:IOCStatusInfo.VoltageStatus->0 
09-07 14:30:43.975   532   568 I VPS     : VPS:IOCStatusInfo.IOCStatusCmd->a6 
09-07 14:30:43.975   532   568 I VPS     : VPS:IOCStatusInfo.WakeUpReason->0 
09-07 14:30:43.975   532   568 I VPS     : VPS:IOCStatusInfo.DerivedIgnitionStatus->0 
09-07 14:30:43.975   532   568 I VPS     : VPS:IOCStatusInfo.PowerModeState->4 
09-07 14:30:43.975   532   568 I VPS     : VPS:IOCStatusInfo.SOCShutdownRequest->0 
09-07 14:30:43.975   532   568 I VPS     : VPS:IOCStatusInfo.AntiTheftState->0 
09-07 14:30:43.975   532   568 I VPS     : VPS:IOCStatusInfo.BatteryConnect->0 
09-07 14:30:43.984   512 13241 D HarmanHAL: StreamIn::getCapturePositionImpl
09-07 14:30:44.000   532   569 I VPS     : VPS:VehiclePlatformSOCHeartBeatHandler IVI HeartBeat sent successfully SOCHeartBeatInfo.SOCStatus->2
09-07 14:30:44.000   532   569 W ipcLib  : ipcLib: in ipc_lib. DV1 write called
09-07 14:30:44.003   532   569 W ipcLib  : ipcLib: in ipc_lib. DV1 read called
09-07 14:30:44.014   512 13241 I HarmanHal.Routing: hacs alsa node(pcmTunerIn_c) adtm interval_min:28 ms, inverval_max:40 ms, inverval_mean:31 ms!
09-07 14:30:44.014   512 13241 I HarmanHal.Routing:  in printADTM() PcmAlsaWrapper.cpp:876
09-07 14:30:44.015   512 13241 D HarmanHAL: StreamIn::getCapturePositionImpl
01-01 00:05:47.181     0     0 I init    : starting service 'qccsyshalservice'...
01-01 00:05:47.188     0     0 I init    : starting service 'vendor.sensors-hal-1-0'...
01-01 00:05:47.194     0     0 I init    : starting service 'LogManager'...
09-07 14:30:44.174   512 13241 I chatty  : uid=1041(audioserver) reader identical 5 lines
09-07 14:30:44.204   512 13241 D HarmanHAL: StreamIn::getCapturePositionImpl
09-07 14:30:44.228 18591 18591 I qccsyshalservice: Start with system binder
09-07 14:30:44.229 18591 18591 I qccsyshalservice: Registering qccsyshal service...
09-07 14:30:44.230   376   376 I hwservicemanager: getTransport: Cannot find entry vendor.qti.hardware.qccsyshal@1.0::IQccsyshal/qccsyshal in either framework or device manifest.
09-07 14:30:44.234 18591 18591 E HidlServiceManagement: Service vendor.qti.hardware.qccsyshal@1.0::IQccsyshal/qccsyshal must be in VINTF manifest in order to register/get.
09-07 14:30:44.234 18591 18591 E qccsyshalservice: [ERROR] registerAsService() failed with status: -2147483648
09-07 14:30:44.234   376   376 I hwservicemanager: getTransport: Cannot find entry android.hardware.sensors@1.0::ISensors/default in either framework or device manifest.
09-07 14:30:44.235   512 13241 D HarmanHAL: StreamIn::getCapturePositionImpl
01-01 00:05:47.226     0     0 I init    : Service 'qccsyshalservice' (pid 18591) exited with status 1
01-01 00:05:47.226     0     0 I init    : Sending signal 9 to service 'qccsyshalservice' (pid 18591) process group...
01-01 00:05:47.226     0     0 I libprocessgroup: Successfully killed process cgroup uid 1000 pid 18591 in 0ms
09-07 14:30:44.240 18592 18592 E android.hardware.sensors@1.0-service: Couldn't load sensors module (Unknown error -2147483648)
09-07 14:30:44.240 18592 18592 D RefBase : RefBase: Explicit destruction, weak count = 0 (in 0xb40000777c189368)
09-07 14:30:44.240 18592 18592 W RefBase : CallStack::getCurrentInternal not linked, returning null
09-07 14:30:44.240 18592 18592 W RefBase : CallStack::logStackInternal not linked
09-07 14:30:44.241 18592 18592 E LegacySupport: Could not get passthrough implementation for android.hardware.sensors@1.0::ISensors/default.
09-07 14:30:44.244 18593 18593 D LOGMANAGER: LOGMANAGER HAL service init() start
09-07 14:30:44.245 18593 18593 D LOGMANAGER: Logmanager configured rpcthreadpool
09-07 14:30:44.239 18593 18593 I vendor.harman.L: type=1400 audit(0.0:3602): avc: denied { read } for name="u:object_r:hwservicemanager_prop:s0" dev="tmpfs" ino=24519 scontext=u:r:logmanagerd:s0 tcontext=u:object_r:hwservicemanager_prop:s0 tclass=file permissive=1
09-07 14:30:44.239 18593 18593 I vendor.harman.L: type=1400 audit(0.0:3603): avc: denied { open } for path="/dev/__properties__/u:object_r:hwservicemanager_prop:s0" dev="tmpfs" ino=24519 scontext=u:r:logmanagerd:s0 tcontext=u:object_r:hwservicemanager_prop:s0 tclass=file permissive=1
09-07 14:30:44.239 18593 18593 I vendor.harman.L: type=1400 audit(0.0:3604): avc: denied { getattr } for path="/dev/__properties__/u:object_r:hwservicemanager_prop:s0" dev="tmpfs" ino=24519 scontext=u:r:logmanagerd:s0 tcontext=u:object_r:hwservicemanager_prop:s0 tclass=file permissive=1
09-07 14:30:44.239 18593 18593 I vendor.harman.L: type=1400 audit(0.0:3605): avc: denied { map } for path="/dev/__properties__/u:object_r:hwservicemanager_prop:s0" dev="tmpfs" ino=24519 scontext=u:r:logmanagerd:s0 tcontext=u:object_r:hwservicemanager_prop:s0 tclass=file permissive=1
01-01 00:05:47.232     0     0 I init    : Service 'vendor.sensors-hal-1-0' (pid 18592) exited with status 1
01-01 00:05:47.232     0     0 I init    : Sending signal 9 to service 'vendor.sensors-hal-1-0' (pid 18592) process group...
01-01 00:05:47.232     0     0 I libprocessgroup: Successfully killed process cgroup uid 1000 pid 18592 in 0ms
09-07 14:30:44.252 18593 18593 I HidlServiceManagement: Registered vendor.harman.hardware.LogManager@1.0::ILogManager/default
09-07 14:30:44.252 18593 18593 D LOGMANAGER: Logmanager HAL Service is registered and ready
09-07 14:30:44.252 18593 18593 I LOGMANAGER: ThreadPoolWrapper::initThreadPool
09-07 14:30:44.252 18593 18593 I LOGMANAGER: ThreadPoolWrapper : exit
09-07 14:30:44.252 18593 18593 D LOGMANAGER: Logmanager threadpoolwrapper created
09-07 14:30:44.252 18593 18593 D LOGMANAGER: User argument is -c
09-07 14:30:44.252 18593 18597 I LOGMANAGER: ThreadPoolWrapper:  enter the joinRpcThreadpool()
09-07 14:30:44.253 18593 18593 I LOGMANAGER: LogmanagerConfig is configured under config file
09-07 14:30:44.253 18593 18593 I LOGMANAGER: LoggingLevel is : 4
09-07 14:30:44.253 18593 18593 I LOGMANAGER: LogEnableState is : 0
09-07 14:30:44.253 18593 18593 I LOGMANAGER: OutputPluginConfiguration PluginType : LOGWRITTER
09-07 14:30:44.253 18593 18593 I LOGMANAGER: LM_OutputConfiguration : 1
09-07 14:30:44.253 18593 18593 I LOGMANAGER: LM_OfflineTraceDirectory : /data/cache
09-07 14:30:44.253 18593 18593 I LOGMANAGER: LM_OfflineTraceFILESize : 1000000
09-07 14:30:44.253 18593 18593 I LOGMANAGER: LM_OfflineTotalFILESSize : 20000000
09-07 14:30:44.253 18593 18593 I LOGMANAGER: LM_FileNameTimeStampBased : 0
09-07 14:30:44.253 18593 18593 I LOGMANAGER: Got IOC plugin
09-07 14:30:44.253 18593 18593 I LOGMANAGER: IOCIPCChannelNumber :6
09-07 14:30:44.253 18593 18593 I LOGMANAGER: keyseq: HOME + VOLUMEDOWN  for domain is AudioDump
09-07 14:30:44.253 18593 18593 I LOGMANAGER: keyseq: HOME + VOLUMEUP  for domain is HCIDump
09-07 14:30:44.253 18593 18593 I LOGMANAGER: Domains parsing is done
09-07 14:30:44.247 18593 18593 I vendor.harman.L: type=1400 audit(0.0:3606): avc: denied { dac_read_search } for capability=2 scontext=u:r:logmanagerd:s0 tcontext=u:r:logmanagerd:s0 tclass=capability permissive=1
09-07 14:30:44.247 18593 18593 I vendor.harman.L: type=1400 audit(0.0:3607): avc: denied { search } for name="cache" dev="dm-4" ino=262146 scontext=u:r:logmanagerd:s0 tcontext=u:object_r:cache_file:s0 tclass=dir permissive=1
09-07 14:30:44.247 18593 18593 I vendor.harman.L: type=1400 audit(0.0:3608): avc: denied { dac_override } for capability=1 scontext=u:r:logmanagerd:s0 tcontext=u:r:logmanagerd:s0 tclass=capability permissive=1
09-07 14:30:44.247 18593 18593 I vendor.harman.L: type=1400 audit(0.0:3609): avc: denied { write } for name="cache" dev="dm-4" ino=262146 scontext=u:r:logmanagerd:s0 tcontext=u:object_r:cache_file:s0 tclass=dir permissive=1
09-07 14:30:44.247 18593 18593 I vendor.harman.L: type=1400 audit(0.0:3610): avc: denied { remove_name } for name="lm" dev="dm-4" ino=262151 scontext=u:r:logmanagerd:s0 tcontext=u:object_r:cache_file:s0 tclass=dir permissive=1
01-01 00:05:47.243     0     0 W audit   : audit_lost=1797 audit_rate_limit=5 audit_backlog_limit=64
01-01 00:05:47.243     0     0 E audit   : rate limit exceeded
09-07 14:30:44.258 18593 18593 E LOGMANAGER: Failed to load plugin /vendor/lib64/libIOCDLogReader.so with error code dlopen failed: library "/vendor/lib64/libIOCDLogReader.so" not found 
09-07 14:30:44.258 18593 18593 F libc    : Fatal signal 11 (SIGSEGV), code 1 (SEGV_MAPERR), fault addr 0x0 in tid 18593 (vendor.harman.L), pid 18593 (vendor.harman.L)
09-07 14:30:44.275   512 13241 D HarmanHAL: StreamIn::getCapturePositionImpl
09-07 14:30:44.280   512  3972 I HarmanHal.Routing: hacs alsa node(pcmMedia_p) adtm interval_min:0 ms, inverval_max:12 ms, inverval_mean:7 ms!
09-07 14:30:44.280   512  3972 I HarmanHal.Routing:  in printADTM() PcmAlsaWrapper.cpp:876
09-07 14:30:44.287 18600 18600 I crash_dump64: obtaining output fd from tombstoned, type: kDebuggerdTombstone
09-07 14:30:44.288   463   463 I tombstoned: received crash request for pid 18593
09-07 14:30:44.289 18600 18600 I crash_dump64: performing dump of process 18593 (target tid = 18593)
09-07 14:30:44.292 18600 18600 F DEBUG   : *** *** *** *** *** *** *** *** *** *** *** *** *** *** *** ***
09-07 14:30:44.293 18600 18600 F DEBUG   : Build fingerprint: 'qti/titan_tml_b2/titan_tml_b2:11/RQ3A.210605.005/eng.ksong.20210907.134230:userdebug/test-keys'
09-07 14:30:44.293 18600 18600 F DEBUG   : Revision: '0'
09-07 14:30:44.293 18600 18600 F DEBUG   : ABI: 'arm64'
09-07 14:30:44.294 18600 18600 F DEBUG   : Timestamp: 2021-09-07 14:30:44+0000
09-07 14:30:44.294 18600 18600 F DEBUG   : pid: 18593, tid: 18593, name: vendor.harman.L  >>> /vendor/bin/hw/vendor.harman.LogManager@1.0-service <<<
09-07 14:30:44.294 18600 18600 F DEBUG   : uid: 0
09-07 14:30:44.294 18600 18600 F DEBUG   : signal 11 (SIGSEGV), code 1 (SEGV_MAPERR), fault addr 0x0
09-07 14:30:44.295 18600 18600 F DEBUG   : Cause: null pointer dereference
09-07 14:30:44.295 18600 18600 F DEBUG   :     x0  0000000000000000  x1  0000000000000000  x2  0000000000080001  x3  0000000000000000
09-07 14:30:44.295 18600 18600 F DEBUG   :     x4  0000000000000000  x5  0000000000000090  x6  fefefefefefefeff  x7  7f7f7f7f7f7f7f7f
09-07 14:30:44.295 18600 18600 F DEBUG   :     x8  0101010101010101  x9  407fd020ae73199e  x10 0000007fe47c1188  x11 fffffffffffffffd
09-07 14:30:44.295 18600 18600 F DEBUG   :     x12 0000007fe47c1310  x13 000000000000008e  x14 000f423f82c7c000  x15 0000000034155555
09-07 14:30:44.295 18600 18600 F DEBUG   :     x16 00000061516767e0  x17 0000007ed4d90b30  x18 0000007ed66ba000  x19 0000000000000000
09-07 14:30:44.295 18600 18600 F DEBUG   :     x20 0000007ed52adc50  x21 0000007fe47c1a29  x22 b400007dd4ba3248  x23 0000007fe47c1a48
09-07 14:30:44.295 18600 18600 F DEBUG   :     x24 0000000000000000  x25 0000007ed57f2000  x26 0000007fe47c1a29  x27 0000007fe47c19f9
09-07 14:30:44.295 18600 18600 F DEBUG   :     x28 0000000000000000  x29 0000007fe47c1930
09-07 14:30:44.295 18600 18600 F DEBUG   :     lr  000000615166d048  sp  0000007fe47c1930  pc  0000007ed4d90b40  pst 0000000080000000
09-07 14:30:44.299 18600 18600 F DEBUG   : backtrace:
09-07 14:30:44.300 18600 18600 F DEBUG   :       #00 pc 000000000004ab40  /apex/com.android.runtime/lib64/bionic/libc.so (strlen_default+16) (BuildId: 2b7c6e33413ac7278a15dfc3ea383089)
09-07 14:30:44.300 18600 18600 F DEBUG   :       #01 pc 0000000000009044  /vendor/bin/hw/vendor.harman.LogManager@1.0-service (BuildId: 3e966ab64050b441b920ba0e8960d123)
09-07 14:30:44.300 18600 18600 F DEBUG   :       #02 pc 0000000000008df0  /vendor/bin/hw/vendor.harman.LogManager@1.0-service (LM::LogManagerImpl::load_plugin_conf(void*, std::__1::basic_string<char, std::__1::char_traits<char>, std::__1::allocator<char> >, std::__1::multimap<std::__1::basic_string<char, std::__1::char_traits<char>, std::__1::allocator<char> >, int, std::__1::less<std::__1::basic_string<char, std::__1::char_traits<char>, std::__1::allocator<char> > >, std::__1::allocator<std::__1::pair<std::__1::basic_string<char, std::__1::char_traits<char>, std::__1::allocator<char> > const, int> > >&)+752) (BuildId: 3e966ab64050b441b920ba0e8960d123)
09-07 14:30:44.300 18600 18600 F DEBUG   :       #03 pc 00000000000088c0  /vendor/bin/hw/vendor.harman.LogManager@1.0-service (LM::LogManagerImpl::loadplugins()+436) (BuildId: 3e966ab64050b441b920ba0e8960d123)
09-07 14:30:44.301 18600 18600 F DEBUG   :       #04 pc 0000000000007af8  /vendor/bin/hw/vendor.harman.LogManager@1.0-service (main+1112) (BuildId: 3e966ab64050b441b920ba0e8960d123)
09-07 14:30:44.301 18600 18600 F DEBUG   :       #05 pc 000000000004988c  /apex/com.android.runtime/lib64/bionic/libc.so (__libc_init+108) (BuildId: 2b7c6e33413ac7278a15dfc3ea383089)
09-07 14:30:44.304   512 13241 D HarmanHAL: StreamIn::getCapturePositionImpl
01-01 00:05:47.315     0     0 D logd    : logdr: UID=0 GID=1000 PID=18600 n tail=50 logMask=8 pid=18593 start=0ns timeout=0ns
01-01 00:05:47.326     0     0 D logd    : logdr: UID=0 GID=1000 PID=18600 n tail=50 logMask=1 pid=18593 start=0ns timeout=0ns
01-01 00:05:47.350     0     0 D logd    : logdr: UID=0 GID=1000 PID=18600 n tail=0 logMask=8 pid=18593 start=0ns timeout=0ns
01-01 00:05:47.359     0     0 D logd    : logdr: UID=0 GID=1000 PID=18600 n tail=0 logMask=1 pid=18593 start=0ns timeout=0ns
09-07 14:30:44.380  1033  1270 W NativeCrashListener: Couldn't find ProcessRecord for pid 18593
09-07 14:30:44.334   512 13241 I chatty  : uid=1041(audioserver) reader identical 1 line
09-07 14:30:44.364   512 13241 D HarmanHAL: StreamIn::getCapturePositionImpl
09-07 14:30:44.381 18600 18600 E crash_dump64: AM data write failed: Broken pipe
01-01 00:05:47.373     0     0 I init    : Untracked pid 18600 exited with status 0
09-07 14:30:44.382   463   463 E tombstoned: Tombstone written to: /data/tombstones/tombstone_35
09-07 14:30:44.394   512 13241 D HarmanHAL: StreamIn::getCapturePositionImpl
09-07 14:30:44.395  1033  1095 I BootReceiver: Copying /data/tombstones/tombstone_35 to DropBox (SYSTEM_TOMBSTONE)
09-07 14:30:44.398  1033  1095 I DropBoxManagerService: add tag=SYSTEM_TOMBSTONE isTagEnabled=true flags=0x2
09-07 14:30:44.434   512 13241 I chatty  : uid=1041(audioserver) reader identical 1 line
09-07 14:30:44.465   512 13241 D HarmanHAL: StreamIn::getCapturePositionImpl
09-07 14:30:44.481   538   618 W ipcLib  : ipcLib: in ipc_lib. DV1 read called
09-07 14:30:44.495   512 13241 D HarmanHAL: StreamIn::getCapturePositionImpl
09-07 14:30:44.514  1033  1043 I system_server: Background concurrent copying GC freed 39302(2676KB) AllocSpace objects, 159(9844KB) LOS objects, 49% free, 12MB/24MB, paused 120us total 127.809ms
09-07 14:30:44.524   512 13241 D HarmanHAL: StreamIn::getCapturePositionImpl
09-07 14:30:44.654   512 13241 I chatty  : uid=1041(audioserver) reader identical 4 lines
09-07 14:30:44.685   512 13241 D HarmanHAL: StreamIn::getCapturePositionImpl
09-07 14:30:44.706   512 13133 I HarmanHal.Routing: hacs alsa node(pcmMicRefIn_c) adtm interval_min:0 ms, inverval_max:12 ms, inverval_mean:8 ms!
09-07 14:30:44.706   512 13133 I HarmanHal.Routing:  in printADTM() PcmAlsaWrapper.cpp:876
09-07 14:30:44.711   512 13159 I HarmanHal.Routing: hacs alsa node(pcmBtHfp_ul_pro_p) adtm interval_min:2 ms, inverval_max:13 ms, inverval_mean:8 ms!
09-07 14:30:44.711   512 13159 I HarmanHal.Routing:  in printADTM() PcmAlsaWrapper.cpp:876
09-07 14:30:44.714   512 13241 D HarmanHAL: StreamIn::getCapturePositionImpl
09-07 14:30:44.755   512 13241 I chatty  : uid=1041(audioserver) reader identical 1 line
09-07 14:30:44.784   512 13241 D HarmanHAL: StreamIn::getCapturePositionImpl
09-07 14:30:44.813   512 13169 I HarmanHal.Routing: hacs alsa node(pcmBtHfp_dl_pre_c) adtm interval_min:0 ms, inverval_max:11 ms, inverval_mean:7 ms!
09-07 14:30:44.813   512 13169 I HarmanHal.Routing:  in printADTM() PcmAlsaWrapper.cpp:876
09-07 14:30:44.814   512 13169 I HarmanHal.Routing: hacs alsa node(pcmHfp_dl_p) adtm interval_min:0 ms, inverval_max:12 ms, inverval_mean:8 ms!
09-07 14:30:44.814   512 13169 I HarmanHal.Routing:  in printADTM() PcmAlsaWrapper.cpp:876
09-07 14:30:44.815   512 13241 D HarmanHAL: StreamIn::getCapturePositionImpl
09-07 14:30:44.845   512 13241 I chatty  : uid=1041(audioserver) reader identical 1 line
09-07 14:30:44.874   512 13241 D HarmanHAL: StreamIn::getCapturePositionImpl
09-07 14:30:44.883   536   612 E pathology: [ProcessCrashHandler:: parseTombstoneFileName]string not found
09-07 14:30:44.883   536   612 I chatty  : uid=0(root) vendor.harman.p identical 4 lines
09-07 14:30:44.883   536   612 E pathology: [ProcessCrashHandler:: parseTombstoneFileName]string not found
09-07 14:30:44.914   512 13241 D HarmanHAL: StreamIn::getCapturePositionImpl
09-07 14:30:44.922   911  4981 D BufferPoolAccessor2.0: bufferpool2 0xb400007205c6d498 : 2(1048576 size) total buffers - 1(524288 size) used buffers - 3927/3937 (recycle/alloc) - 25/3937 (fetch/transfer)
09-07 14:30:44.945   512 13241 D HarmanHAL: StreamIn::getCapturePositionImpl
09-07 14:30:44.975   512 13241 D HarmanHAL: StreamIn::getCapturePositionImpl
09-07 14:30:45.004   512 13241 I HarmanHal.Routing: hacs alsa node(pcmTunerIn_c) adtm interval_min:29 ms, inverval_max:41 ms, inverval_mean:31 ms!
09-07 14:30:45.004   512 13241 I HarmanHal.Routing:  in printADTM() PcmAlsaWrapper.cpp:876
09-07 14:30:45.005   512 13241 D HarmanHAL: StreamIn::getCapturePositionImpl
09-07 14:30:45.235   512 13241 I chatty  : uid=1041(audioserver) reader identical 7 lines
09-07 14:30:45.265   512 13241 D HarmanHAL: StreamIn::getCapturePositionImpl
09-07 14:30:45.280   512  3972 I HarmanHal.Routing: hacs alsa node(pcmMedia_p) adtm interval_min:1 ms, inverval_max:11 ms, inverval_mean:8 ms!
09-07 14:30:45.280   512  3972 I HarmanHal.Routing:  in printADTM() PcmAlsaWrapper.cpp:876
09-07 14:30:45.295   512 13241 D HarmanHAL: StreamIn::getCapturePositionImpl
09-07 14:30:45.318   512 13158 D AudioProcessing: sseApply [handle 0xbc80d90][type 512] start..
09-07 14:30:45.318   512 13158 D AudioProcessing: sseProcess ul audioIO content print-1 [256] [2] [4] [1] 
09-07 14:30:45.318   512 13158 D AudioProcessing: sseProcess ul audioIO content print-2 [6] [1] [0x3bcbc5a0] [0x5bc7ede0] 
09-07 14:30:45.318   512 13158 D AudioProcessing: sseProcess ul audioIO content print-3 [0x1bca1320 [0x8bc84110] [0x1bc9f9b0] sse->pMain is [0x2bca4a60] 
09-07 14:30:45.319   512 13158 D AudioProcessing: sseProcess ul [handle 0xbc80d90]  ret[0]
09-07 14:30:45.319   512 13158 D AudioProcessing: sseProcess ul AudioBufferSampleCnt[256] type[512] finish..
09-07 14:30:45.325   512 13241 D HarmanHAL: StreamIn::getCapturePositionImpl
09-07 14:30:45.327   536   536 I vendor.harman.p: type=1400 audit(0.0:3629): avc: denied { write } for name="2" dev="dm-4" ino=49241 scontext=u:r:pathologyd:s0 tcontext=u:object_r:vendor_data_file:s0 tclass=dir permissive=1
09-07 14:30:45.327   536   536 I vendor.harman.p: type=1400 audit(0.0:3630): avc: denied { add_name } for name="PROCCRASH_PF_1631025044.lz4" scontext=u:r:pathologyd:s0 tcontext=u:object_r:vendor_data_file:s0 tclass=dir permissive=1
09-07 14:30:45.327   536   536 I vendor.harman.p: type=1400 audit(0.0:3631): avc: denied { create } for name="PROCCRASH_PF_1631025044.lz4" scontext=u:r:pathologyd:s0 tcontext=u:object_r:vendor_data_file:s0 tclass=file permissive=1
09-07 14:30:45.354   512 13241 D HarmanHAL: StreamIn::getCapturePositionImpl
09-07 14:30:45.395   512 13241 D HarmanHAL: StreamIn::getCapturePositionImpl
09-07 14:30:45.423   512 13169 D AudioProcessing: sseApply [handle 0xbc83090][type 768] start..
09-07 14:30:45.423   512 13169 D AudioProcessing: sseProcess dl audioIO content print-1 [256] [2] [1] [1] 
09-07 14:30:45.423   512 13169 D AudioProcessing: sseProcess dl audioIO content print-2 [1] [1] [0x0xb40000763bcc28d0] [0x0xb40000761bca6b00] 
09-07 14:30:45.423   512 13169 D AudioProcessing: sseProcess dl audioIO content print-3 [0x0xb40000761bca7fd0] [0x0xb40000761bcabe40] [0x0xb40000761bca5880] sse->pMain is [0x0xb40000772bcb4e80] 
09-07 14:30:45.424   512 13169 D AudioProcessing: sseProcess dl [handle 0xbc83090] ret[0]
09-07 14:30:45.424   512 13169 D AudioProcessing: sseProcess dl AudioBufferSampleCnt[256] type[768] finish..
09-07 14:30:45.424   512 13241 D HarmanHAL: StreamIn::getCapturePositionImpl
09-07 14:30:45.454   512 13241 D HarmanHAL: StreamIn::getCapturePositionImpl
09-07 14:30:45.481   538   618 W ipcLib  : ipcLib: in ipc_lib. DV1 read called
09-07 14:30:45.484   512 13241 D HarmanHAL: StreamIn::getCapturePositionImpl
09-07 14:30:45.644   512 13241 I chatty  : uid=1041(audioserver) reader identical 5 lines
09-07 14:30:45.674   512 13241 D HarmanHAL: StreamIn::getCapturePositionImpl
09-07 14:30:45.706   512 13133 I HarmanHal.Routing: hacs alsa node(pcmMicRefIn_c) adtm interval_min:0 ms, inverval_max:11 ms, inverval_mean:8 ms!
09-07 14:30:45.706   512 13133 I HarmanHal.Routing:  in printADTM() PcmAlsaWrapper.cpp:876
09-07 14:30:45.711   512 13159 I HarmanHal.Routing: hacs alsa node(pcmBtHfp_ul_pro_p) adtm interval_min:2 ms, inverval_max:12 ms, inverval_mean:8 ms!
09-07 14:30:45.711   512 13159 I HarmanHal.Routing:  in printADTM() PcmAlsaWrapper.cpp:876
09-07 14:30:45.714   512 13241 D HarmanHAL: StreamIn::getCapturePositionImpl
09-07 14:30:45.774   512 13241 I chatty  : uid=1041(audioserver) reader identical 2 lines
09-07 14:30:45.804   512 13241 D HarmanHAL: StreamIn::getCapturePositionImpl
09-07 14:30:45.814   512 13169 I HarmanHal.Routing: hacs alsa node(pcmBtHfp_dl_pre_c) adtm interval_min:0 ms, inverval_max:10 ms, inverval_mean:8 ms!
09-07 14:30:45.814   512 13169 I HarmanHal.Routing:  in printADTM() PcmAlsaWrapper.cpp:876
09-07 14:30:45.814   512 13169 I HarmanHal.Routing: hacs alsa node(pcmHfp_dl_p) adtm interval_min:0 ms, inverval_max:11 ms, inverval_mean:8 ms!
09-07 14:30:45.814   512 13169 I HarmanHal.Routing:  in printADTM() PcmAlsaWrapper.cpp:876
09-07 14:30:45.834   512 13241 D HarmanHAL: StreamIn::getCapturePositionImpl
09-07 14:30:45.875   512 13241 I chatty  : uid=1041(audioserver) reader identical 1 line
09-07 14:30:45.904   512 13241 D HarmanHAL: StreamIn::getCapturePositionImpl
09-07 14:30:45.927   536   536 I vendor.harman.p: type=1400 audit(0.0:3632): avc: denied { read } for name="2" dev="dm-4" ino=49241 scontext=u:r:pathologyd:s0 tcontext=u:object_r:vendor_data_file:s0 tclass=dir permissive=1
09-07 14:30:45.927   536   536 I vendor.harman.p: type=1400 audit(0.0:3633): avc: denied { open } for path="/data/vendor/pathologyArchive/2" dev="dm-4" ino=49241 scontext=u:r:pathologyd:s0 tcontext=u:object_r:vendor_data_file:s0 tclass=dir permissive=1
09-07 14:30:45.934   512 13241 D HarmanHAL: StreamIn::getCapturePositionImpl
09-07 14:30:45.965   512 13241 D HarmanHAL: StreamIn::getCapturePositionImpl
09-07 14:30:45.994   512 13241 I HarmanHal.Routing: hacs alsa node(pcmTunerIn_c) adtm interval_min:30 ms, inverval_max:40 ms, inverval_mean:31 ms!
09-07 14:30:45.994   512 13241 I HarmanHal.Routing:  in printADTM() PcmAlsaWrapper.cpp:876
09-07 14:30:45.995   512 13241 D HarmanHAL: StreamIn::getCapturePositionImpl
09-07 14:30:46.034   512 13241 I chatty  : uid=1041(audioserver) reader identical 1 line
09-07 14:30:46.064   512 13241 D HarmanHAL: StreamIn::getCapturePositionImpl
09-07 14:30:46.073   532   569 W ipcLib  : ipcLib: in ipc_lib. DV1 read called
09-07 14:30:46.073   532   568 I VPS     : VPS:IOCStatusInfo.VoltageStatus->0 
09-07 14:30:46.073   532   568 I VPS     : VPS:IOCStatusInfo.IOCStatusCmd->a6 
09-07 14:30:46.073   532   568 I VPS     : VPS:IOCStatusInfo.WakeUpReason->0 
09-07 14:30:46.073   532   568 I VPS     : VPS:IOCStatusInfo.DerivedIgnitionStatus->0 
09-07 14:30:46.073   532   568 I VPS     : VPS:IOCStatusInfo.PowerModeState->4 
09-07 14:30:46.073   532   568 I VPS     : VPS:IOCStatusInfo.SOCShutdownRequest->0 
09-07 14:30:46.074   532   568 I VPS     : VPS:IOCStatusInfo.AntiTheftState->0 
09-07 14:30:46.074   532   568 I VPS     : VPS:IOCStatusInfo.BatteryConnect->0 
09-07 14:30:46.094   512 13241 D HarmanHAL: StreamIn::getCapturePositionImpl
09-07 14:30:46.225   512 13241 I chatty  : uid=1041(audioserver) reader identical 4 lines
09-07 14:30:46.254   512 13241 D HarmanHAL: StreamIn::getCapturePositionImpl
09-07 14:30:46.280   512  3972 I HarmanHal.Routing: hacs alsa node(pcmMedia_p) adtm interval_min:0 ms, inverval_max:10 ms, inverval_mean:8 ms!
09-07 14:30:46.280   512  3972 I HarmanHal.Routing:  in printADTM() PcmAlsaWrapper.cpp:876
09-07 14:30:46.284   512 13241 D HarmanHAL: StreamIn::getCapturePositionImpl
09-07 14:30:46.444   512 13241 I chatty  : uid=1041(audioserver) reader identical 5 lines
09-07 14:30:46.474   512 13241 D HarmanHAL: StreamIn::getCapturePositionImpl
09-07 14:30:46.481   538   618 W ipcLib  : ipcLib: in ipc_lib. DV1 read called
09-07 14:30:46.515   512 13241 D HarmanHAL: StreamIn::getCapturePositionImpl
09-07 14:30:46.674   512 13241 I chatty  : uid=1041(audioserver) reader identical 5 lines
09-07 14:30:46.705   512 13241 D HarmanHAL: StreamIn::getCapturePositionImpl
09-07 14:30:46.706   512 13133 I HarmanHal.Routing: hacs alsa node(pcmMicRefIn_c) adtm interval_min:0 ms, inverval_max:11 ms, inverval_mean:8 ms!
09-07 14:30:46.706   512 13133 I HarmanHal.Routing:  in printADTM() PcmAlsaWrapper.cpp:876
09-07 14:30:46.712   512 13159 I HarmanHal.Routing: hacs alsa node(pcmBtHfp_ul_pro_p) adtm interval_min:2 ms, inverval_max:12 ms, inverval_mean:8 ms!
09-07 14:30:46.712   512 13159 I HarmanHal.Routing:  in printADTM() PcmAlsaWrapper.cpp:876
09-07 14:30:46.734   512 13241 D HarmanHAL: StreamIn::getCapturePositionImpl
09-07 14:30:46.764   512 13241 I chatty  : uid=1041(audioserver) reader identical 1 line
09-07 14:30:46.794   512 13241 D HarmanHAL: StreamIn::getCapturePositionImpl
09-07 14:30:46.813   512 13169 I HarmanHal.Routing: hacs alsa node(pcmBtHfp_dl_pre_c) adtm interval_min:0 ms, inverval_max:11 ms, inverval_mean:7 ms!
09-07 14:30:46.813   512 13169 I HarmanHal.Routing:  in printADTM() PcmAlsaWrapper.cpp:876
09-07 14:30:46.814   512 13169 I HarmanHal.Routing: hacs alsa node(pcmHfp_dl_p) adtm interval_min:0 ms, inverval_max:11 ms, inverval_mean:8 ms!
09-07 14:30:46.814   512 13169 I HarmanHal.Routing:  in printADTM() PcmAlsaWrapper.cpp:876
09-07 14:30:46.835   512 13241 D HarmanHAL: StreamIn::getCapturePositionImpl
09-07 14:30:46.864   512 13241 I chatty  : uid=1041(audioserver) reader identical 1 line
09-07 14:30:46.894   512 13241 D HarmanHAL: StreamIn::getCapturePositionImpl
09-07 14:30:46.917   512 13158 D AudioProcessing: sseApply [handle 0xbc80d90][type 512] start..
09-07 14:30:46.917   512 13158 D AudioProcessing: sseProcess ul audioIO content print-1 [256] [2] [4] [1] 
09-07 14:30:46.917   512 13158 D AudioProcessing: sseProcess ul audioIO content print-2 [6] [1] [0x3bcbc5a0] [0x5bc7ede0] 
09-07 14:30:46.917   512 13158 D AudioProcessing: sseProcess ul audioIO content print-3 [0x1bca1320 [0x8bc84110] [0x1bc9f9b0] sse->pMain is [0x2bca4a60] 
09-07 14:30:46.917   512 13158 D AudioProcessing: sseProcess ul [handle 0xbc80d90]  ret[0]
09-07 14:30:46.917   512 13158 D AudioProcessing: sseProcess ul AudioBufferSampleCnt[256] type[512] finish..
09-07 14:30:46.925   512 13241 D HarmanHAL: StreamIn::getCapturePositionImpl
09-07 14:30:46.955   512 13241 D HarmanHAL: StreamIn::getCapturePositionImpl
09-07 14:30:46.994   512 13241 I HarmanHal.Routing: hacs alsa node(pcmTunerIn_c) adtm interval_min:29 ms, inverval_max:40 ms, inverval_mean:32 ms!
09-07 14:30:46.994   512 13241 I HarmanHal.Routing:  in printADTM() PcmAlsaWrapper.cpp:876
09-07 14:30:46.995   512 13241 D HarmanHAL: StreamIn::getCapturePositionImpl
09-07 14:30:47.023   512 13169 D AudioProcessing: sseApply [handle 0xbc83090][type 768] start..
09-07 14:30:47.023   512 13169 D AudioProcessing: sseProcess dl audioIO content print-1 [256] [2] [1] [1] 
09-07 14:30:47.023   512 13169 D AudioProcessing: sseProcess dl audioIO content print-2 [1] [1] [0x0xb40000763bcc28d0] [0x0xb40000761bca6b00] 
09-07 14:30:47.023   512 13169 D AudioProcessing: sseProcess dl audioIO content print-3 [0x0xb40000761bca7fd0] [0x0xb40000761bcabe40] [0x0xb40000761bca5880] sse->pMain is [0x0xb40000772bcb4e80] 
09-07 14:30:47.024   512 13169 D AudioProcessing: sseProcess dl [handle 0xbc83090] ret[0]
09-07 14:30:47.024   512 13169 D AudioProcessing: sseProcess dl AudioBufferSampleCnt[256] type[768] finish..
09-07 14:30:47.024   512 13241 D HarmanHAL: StreamIn::getCapturePositionImpl
09-07 14:30:47.245   512 13241 I chatty  : uid=1041(audioserver) reader identical 7 lines
09-07 14:30:47.274   512 13241 D HarmanHAL: StreamIn::getCapturePositionImpl
09-07 14:30:47.280   512  3972 I HarmanHal.Routing: hacs alsa node(pcmMedia_p) adtm interval_min:1 ms, inverval_max:11 ms, inverval_mean:8 ms!
09-07 14:30:47.280   512  3972 I HarmanHal.Routing:  in printADTM() PcmAlsaWrapper.cpp:876
09-07 14:30:47.314   512 13241 D HarmanHAL: StreamIn::getCapturePositionImpl
09-07 14:30:47.435   512 13241 I chatty  : uid=1041(audioserver) reader identical 4 lines
09-07 14:30:47.474   512 13241 D HarmanHAL: StreamIn::getCapturePositionImpl
09-07 14:30:47.481   538   618 W ipcLib  : ipcLib: in ipc_lib. DV1 read called
09-07 14:30:47.505   512 13241 D HarmanHAL: StreamIn::getCapturePositionImpl
09-07 14:30:47.664   512 13241 I chatty  : uid=1041(audioserver) reader identical 5 lines
09-07 14:30:47.695   512 13241 D HarmanHAL: StreamIn::getCapturePositionImpl
09-07 14:30:47.706   512 13133 I HarmanHal.Routing: hacs alsa node(pcmMicRefIn_c) adtm interval_min:0 ms, inverval_max:11 ms, inverval_mean:8 ms!
09-07 14:30:47.706   512 13133 I HarmanHal.Routing:  in printADTM() PcmAlsaWrapper.cpp:876
09-07 14:30:47.711   512 13159 I HarmanHal.Routing: hacs alsa node(pcmBtHfp_ul_pro_p) adtm interval_min:2 ms, inverval_max:12 ms, inverval_mean:7 ms!
09-07 14:30:47.711   512 13159 I HarmanHal.Routing:  in printADTM() PcmAlsaWrapper.cpp:876
09-07 14:30:47.724   512 13241 D HarmanHAL: StreamIn::getCapturePositionImpl
09-07 14:30:47.754   512 13241 I chatty  : uid=1041(audioserver) reader identical 1 line
09-07 14:30:47.794   512 13241 D HarmanHAL: StreamIn::getCapturePositionImpl
09-07 14:30:47.814   512 13169 I HarmanHal.Routing: hacs alsa node(pcmBtHfp_dl_pre_c) adtm interval_min:0 ms, inverval_max:11 ms, inverval_mean:8 ms!
09-07 14:30:47.814   512 13169 I HarmanHal.Routing:  in printADTM() PcmAlsaWrapper.cpp:876
09-07 14:30:47.815   512 13169 I HarmanHal.Routing: hacs alsa node(pcmHfp_dl_p) adtm interval_min:0 ms, inverval_max:11 ms, inverval_mean:8 ms!
09-07 14:30:47.815   512 13169 I HarmanHal.Routing:  in printADTM() PcmAlsaWrapper.cpp:876
09-07 14:30:47.824   512 13241 D HarmanHAL: StreamIn::getCapturePositionImpl
09-07 14:30:47.914   512 13241 I chatty  : uid=1041(audioserver) reader identical 3 lines
09-07 14:30:47.954   512 13241 D HarmanHAL: StreamIn::getCapturePositionImpl
09-07 14:30:47.984   512 13241 I HarmanHal.Routing: hacs alsa node(pcmTunerIn_c) adtm interval_min:30 ms, inverval_max:40 ms, inverval_mean:31 ms!
09-07 14:30:47.984   512 13241 I HarmanHal.Routing:  in printADTM() PcmAlsaWrapper.cpp:876
09-07 14:30:47.985   512 13241 D HarmanHAL: StreamIn::getCapturePositionImpl
09-07 14:30:48.144   512 13241 I chatty  : uid=1041(audioserver) reader identical 5 lines
09-07 14:30:48.174   512 13241 D HarmanHAL: StreamIn::getCapturePositionImpl
09-07 14:30:48.175   532   569 W ipcLib  : ipcLib: in ipc_lib. DV1 read called
09-07 14:30:48.175   532   568 I VPS     : VPS:IOCStatusInfo.VoltageStatus->0 
09-07 14:30:48.175   532   568 I VPS     : VPS:IOCStatusInfo.IOCStatusCmd->a6 
09-07 14:30:48.175   532   568 I VPS     : VPS:IOCStatusInfo.WakeUpReason->0 
09-07 14:30:48.175   532   568 I VPS     : VPS:IOCStatusInfo.DerivedIgnitionStatus->0 
09-07 14:30:48.175   532   568 I VPS     : VPS:IOCStatusInfo.PowerModeState->4 
09-07 14:30:48.175   532   568 I VPS     : VPS:IOCStatusInfo.SOCShutdownRequest->0 
09-07 14:30:48.175   532   568 I VPS     : VPS:IOCStatusInfo.AntiTheftState->0 
09-07 14:30:48.176   532   568 I VPS     : VPS:IOCStatusInfo.BatteryConnect->0 
09-07 14:30:48.204   512 13241 D HarmanHAL: StreamIn::getCapturePositionImpl
09-07 14:30:48.234   512 13241 I chatty  : uid=1041(audioserver) reader identical 1 line
09-07 14:30:48.275   512 13241 D HarmanHAL: StreamIn::getCapturePositionImpl
09-07 14:30:48.280   512  3972 I HarmanHal.Routing: hacs alsa node(pcmMedia_p) adtm interval_min:0 ms, inverval_max:11 ms, inverval_mean:8 ms!
09-07 14:30:48.280   512  3972 I HarmanHal.Routing:  in printADTM() PcmAlsaWrapper.cpp:876
09-07 14:30:48.304   512 13241 D HarmanHAL: StreamIn::getCapturePositionImpl
09-07 14:30:48.434   512 13241 I chatty  : uid=1041(audioserver) reader identical 4 lines
09-07 14:30:48.465   512 13241 D HarmanHAL: StreamIn::getCapturePositionImpl
09-07 14:30:48.481   538   618 W ipcLib  : ipcLib: in ipc_lib. DV1 read called
09-07 14:30:48.494   512 13241 D HarmanHAL: StreamIn::getCapturePositionImpl
09-07 14:30:48.517   512 13158 D AudioProcessing: sseApply [handle 0xbc80d90][type 512] start..
09-07 14:30:48.518   512 13158 D AudioProcessing: sseProcess ul audioIO content print-1 [256] [2] [4] [1] 
09-07 14:30:48.518   512 13158 D AudioProcessing: sseProcess ul audioIO content print-2 [6] [1] [0x3bcbc5a0] [0x5bc7ede0] 
09-07 14:30:48.518   512 13158 D AudioProcessing: sseProcess ul audioIO content print-3 [0x1bca1320 [0x8bc84110] [0x1bc9f9b0] sse->pMain is [0x2bca4a60] 
09-07 14:30:48.519   512 13158 D AudioProcessing: sseProcess ul [handle 0xbc80d90]  ret[0]
09-07 14:30:48.519   512 13158 D AudioProcessing: sseProcess ul AudioBufferSampleCnt[256] type[512] finish..
09-07 14:30:48.525   512 13241 D HarmanHAL: StreamIn::getCapturePositionImpl
09-07 14:30:48.555   512 13241 I chatty  : uid=1041(audioserver) reader identical 1 line
09-07 14:30:48.595   512 13241 D HarmanHAL: StreamIn::getCapturePositionImpl
09-07 14:30:48.623   512 13169 D AudioProcessing: sseApply [handle 0xbc83090][type 768] start..
09-07 14:30:48.623   512 13169 D AudioProcessing: sseProcess dl audioIO content print-1 [256] [2] [1] [1] 
09-07 14:30:48.623   512 13169 D AudioProcessing: sseProcess dl audioIO content print-2 [1] [1] [0x0xb40000763bcc28d0] [0x0xb40000761bca6b00] 
09-07 14:30:48.623   512 13169 D AudioProcessing: sseProcess dl audioIO content print-3 [0x0xb40000761bca7fd0] [0x0xb40000761bcabe40] [0x0xb40000761bca5880] sse->pMain is [0x0xb40000772bcb4e80] 
09-07 14:30:48.624   512 13169 D AudioProcessing: sseProcess dl [handle 0xbc83090] ret[0]
09-07 14:30:48.624   512 13169 D AudioProcessing: sseProcess dl AudioBufferSampleCnt[256] type[768] finish..
09-07 14:30:48.626   512 13241 D HarmanHAL: StreamIn::getCapturePositionImpl
09-07 14:30:48.654   512 13241 I chatty  : uid=1041(audioserver) reader identical 1 line
09-07 14:30:48.684   512 13241 D HarmanHAL: StreamIn::getCapturePositionImpl
09-07 14:30:48.706   512 13133 I HarmanHal.Routing: hacs alsa node(pcmMicRefIn_c) adtm interval_min:0 ms, inverval_max:11 ms, inverval_mean:8 ms!
09-07 14:30:48.706   512 13133 I HarmanHal.Routing:  in printADTM() PcmAlsaWrapper.cpp:876
09-07 14:30:48.711   512 13159 I HarmanHal.Routing: hacs alsa node(pcmBtHfp_ul_pro_p) adtm interval_min:2 ms, inverval_max:12 ms, inverval_mean:8 ms!
09-07 14:30:48.711   512 13159 I HarmanHal.Routing:  in printADTM() PcmAlsaWrapper.cpp:876
09-07 14:30:48.714   512 13241 D HarmanHAL: StreamIn::getCapturePositionImpl
09-07 14:30:48.755   512 13241 I chatty  : uid=1041(audioserver) reader identical 1 line
09-07 14:30:48.785   512 13241 D HarmanHAL: StreamIn::getCapturePositionImpl
09-07 14:30:48.813   512 13169 I HarmanHal.Routing: hacs alsa node(pcmBtHfp_dl_pre_c) adtm interval_min:0 ms, inverval_max:10 ms, inverval_mean:7 ms!
09-07 14:30:48.813   512 13169 I HarmanHal.Routing:  in printADTM() PcmAlsaWrapper.cpp:876
09-07 14:30:48.814   512 13241 D HarmanHAL: StreamIn::getCapturePositionImpl
09-07 14:30:48.815   512 13169 I HarmanHal.Routing: hacs alsa node(pcmHfp_dl_p) adtm interval_min:0 ms, inverval_max:11 ms, inverval_mean:7 ms!
09-07 14:30:48.815   512 13169 I HarmanHal.Routing:  in printADTM() PcmAlsaWrapper.cpp:876
09-07 14:30:48.845   512 13241 D HarmanHAL: StreamIn::getCapturePositionImpl
09-07 14:30:48.914   512 13241 I chatty  : uid=1041(audioserver) reader identical 2 lines
09-07 14:30:48.944   512 13241 D HarmanHAL: StreamIn::getCapturePositionImpl
09-07 14:30:48.974   512 13241 I HarmanHal.Routing: hacs alsa node(pcmTunerIn_c) adtm interval_min:29 ms, inverval_max:40 ms, inverval_mean:31 ms!
09-07 14:30:48.974   512 13241 I HarmanHal.Routing:  in printADTM() PcmAlsaWrapper.cpp:876
09-07 14:30:48.975   512 13241 D HarmanHAL: StreamIn::getCapturePositionImpl
09-07 14:30:49.000   532   569 I VPS     : VPS:VehiclePlatformSOCHeartBeatHandler IVI HeartBeat sent successfully SOCHeartBeatInfo.SOCStatus->2
09-07 14:30:49.000   532   569 W ipcLib  : ipcLib: in ipc_lib. DV1 write called
09-07 14:30:49.002   532   569 W ipcLib  : ipcLib: in ipc_lib. DV1 read called
09-07 14:30:49.004   512 13241 D HarmanHAL: StreamIn::getCapturePositionImpl
01-01 00:05:52.192     0     0 I init    : starting service 'qccsyshalservice'...
01-01 00:05:52.199     0     0 I init    : starting service 'vendor.sensors-hal-1-0'...
01-01 00:05:52.212     0     0 I init    : starting service 'LogManager'...
09-07 14:30:49.166   512 13241 I chatty  : uid=1041(audioserver) reader identical 5 lines
09-07 14:30:49.195   512 13241 D HarmanHAL: StreamIn::getCapturePositionImpl
09-07 14:30:49.234 18767 18767 I qccsyshalservice: Start with system binder
09-07 14:30:49.235   512 13241 D HarmanHAL: StreamIn::getCapturePositionImpl
09-07 14:30:49.235 18767 18767 I qccsyshalservice: Registering qccsyshal service...
09-07 14:30:49.236   376   376 I hwservicemanager: getTransport: Cannot find entry vendor.qti.hardware.qccsyshal@1.0::IQccsyshal/qccsyshal in either framework or device manifest.
09-07 14:30:49.236 18767 18767 E HidlServiceManagement: Service vendor.qti.hardware.qccsyshal@1.0::IQccsyshal/qccsyshal must be in VINTF manifest in order to register/get.
09-07 14:30:49.237 18767 18767 E qccsyshalservice: [ERROR] registerAsService() failed with status: -2147483648
01-01 00:05:52.228     0     0 I init    : Service 'qccsyshalservice' (pid 18767) exited with status 1
01-01 00:05:52.228     0     0 I init    : Sending signal 9 to service 'qccsyshalservice' (pid 18767) process group...
01-01 00:05:52.228     0     0 I libprocessgroup: Successfully killed process cgroup uid 1000 pid 18767 in 0ms
09-07 14:30:49.243   376   376 I hwservicemanager: getTransport: Cannot find entry android.hardware.sensors@1.0::ISensors/default in either framework or device manifest.
09-07 14:30:49.246 18768 18768 E android.hardware.sensors@1.0-service: Couldn't load sensors module (Unknown error -2147483648)
09-07 14:30:49.246 18768 18768 D RefBase : RefBase: Explicit destruction, weak count = 0 (in 0xb40000786aeae6a8)
09-07 14:30:49.246 18768 18768 W RefBase : CallStack::getCurrentInternal not linked, returning null
09-07 14:30:49.246 18768 18768 W RefBase : CallStack::logStackInternal not linked
09-07 14:30:49.247 18768 18768 E LegacySupport: Could not get passthrough implementation for android.hardware.sensors@1.0::ISensors/default.
01-01 00:05:52.238     0     0 I init    : Service 'vendor.sensors-hal-1-0' (pid 18768) exited with status 1
01-01 00:05:52.238     0     0 I init    : Sending signal 9 to service 'vendor.sensors-hal-1-0' (pid 18768) process group...
01-01 00:05:52.238     0     0 I libprocessgroup: Successfully killed process cgroup uid 1000 pid 18768 in 0ms
09-07 14:30:49.259 18772 18772 D LOGMANAGER: LOGMANAGER HAL service init() start
09-07 14:30:49.259 18772 18772 D LOGMANAGER: Logmanager configured rpcthreadpool
09-07 14:30:49.255 18772 18772 I vendor.harman.L: type=1400 audit(0.0:3634): avc: denied { read } for name="u:object_r:hwservicemanager_prop:s0" dev="tmpfs" ino=24519 scontext=u:r:logmanagerd:s0 tcontext=u:object_r:hwservicemanager_prop:s0 tclass=file permissive=1
09-07 14:30:49.255 18772 18772 I vendor.harman.L: type=1400 audit(0.0:3635): avc: denied { open } for path="/dev/__properties__/u:object_r:hwservicemanager_prop:s0" dev="tmpfs" ino=24519 scontext=u:r:logmanagerd:s0 tcontext=u:object_r:hwservicemanager_prop:s0 tclass=file permissive=1
09-07 14:30:49.255 18772 18772 I vendor.harman.L: type=1400 audit(0.0:3636): avc: denied { getattr } for path="/dev/__properties__/u:object_r:hwservicemanager_prop:s0" dev="tmpfs" ino=24519 scontext=u:r:logmanagerd:s0 tcontext=u:object_r:hwservicemanager_prop:s0 tclass=file permissive=1
09-07 14:30:49.255 18772 18772 I vendor.harman.L: type=1400 audit(0.0:3637): avc: denied { map } for path="/dev/__properties__/u:object_r:hwservicemanager_prop:s0" dev="tmpfs" ino=24519 scontext=u:r:logmanagerd:s0 tcontext=u:object_r:hwservicemanager_prop:s0 tclass=file permissive=1
09-07 14:30:49.261 18772 18772 I HidlServiceManagement: Registered vendor.harman.hardware.LogManager@1.0::ILogManager/default
09-07 14:30:49.261 18772 18772 D LOGMANAGER: Logmanager HAL Service is registered and ready
09-07 14:30:49.261 18772 18772 I LOGMANAGER: ThreadPoolWrapper::initThreadPool
09-07 14:30:49.261 18772 18772 I LOGMANAGER: ThreadPoolWrapper : exit
09-07 14:30:49.261 18772 18772 D LOGMANAGER: Logmanager threadpoolwrapper created
09-07 14:30:49.259 18772 18772 I vendor.harman.L: type=1400 audit(0.0:3638): avc: denied { dac_read_search } for capability=2 scontext=u:r:logmanagerd:s0 tcontext=u:r:logmanagerd:s0 tclass=capability permissive=1
09-07 14:30:49.261 18772 18772 D LOGMANAGER: User argument is -c
09-07 14:30:49.261 18772 18773 I LOGMANAGER: ThreadPoolWrapper:  enter the joinRpcThreadpool()
09-07 14:30:49.262 18772 18772 I LOGMANAGER: LogmanagerConfig is configured under config file
09-07 14:30:49.262 18772 18772 I LOGMANAGER: LoggingLevel is : 4
09-07 14:30:49.262 18772 18772 I LOGMANAGER: LogEnableState is : 0
09-07 14:30:49.262 18772 18772 I LOGMANAGER: OutputPluginConfiguration PluginType : LOGWRITTER
09-07 14:30:49.262 18772 18772 I LOGMANAGER: LM_OutputConfiguration : 1
09-07 14:30:49.262 18772 18772 I LOGMANAGER: LM_OfflineTraceDirectory : /data/cache
09-07 14:30:49.262 18772 18772 I LOGMANAGER: LM_OfflineTraceFILESize : 1000000
09-07 14:30:49.262 18772 18772 I LOGMANAGER: LM_OfflineTotalFILESSize : 20000000
09-07 14:30:49.262 18772 18772 I LOGMANAGER: LM_FileNameTimeStampBased : 0
09-07 14:30:49.262 18772 18772 I LOGMANAGER: Got IOC plugin
09-07 14:30:49.262 18772 18772 I LOGMANAGER: IOCIPCChannelNumber :6
09-07 14:30:49.262 18772 18772 I LOGMANAGER: keyseq: HOME + VOLUMEDOWN  for domain is AudioDump
09-07 14:30:49.262 18772 18772 I LOGMANAGER: keyseq: HOME + VOLUMEUP  for domain is HCIDump
09-07 14:30:49.262 18772 18772 I LOGMANAGER: Domains parsing is done
09-07 14:30:49.264   512 13241 D HarmanHAL: StreamIn::getCapturePositionImpl
01-01 00:05:52.252     0     0 W audit   : audit_lost=1815 audit_rate_limit=5 audit_backlog_limit=64
01-01 00:05:52.252     0     0 E audit   : rate limit exceeded
09-07 14:30:49.267 18772 18772 E LOGMANAGER: Failed to load plugin /vendor/lib64/libIOCDLogReader.so with error code dlopen failed: library "/vendor/lib64/libIOCDLogReader.so" not found 
09-07 14:30:49.267 18772 18772 F libc    : Fatal signal 11 (SIGSEGV), code 1 (SEGV_MAPERR), fault addr 0x0 in tid 18772 (vendor.harman.L), pid 18772 (vendor.harman.L)
09-07 14:30:49.280   512  3972 I HarmanHal.Routing: hacs alsa node(pcmMedia_p) adtm interval_min:0 ms, inverval_max:11 ms, inverval_mean:8 ms!
09-07 14:30:49.280   512  3972 I HarmanHal.Routing:  in printADTM() PcmAlsaWrapper.cpp:876
09-07 14:30:49.294 18776 18776 I crash_dump64: obtaining output fd from tombstoned, type: kDebuggerdTombstone
09-07 14:30:49.295   512 13241 D HarmanHAL: StreamIn::getCapturePositionImpl
09-07 14:30:49.295   463   463 I tombstoned: received crash request for pid 18772
09-07 14:30:49.296 18776 18776 I crash_dump64: performing dump of process 18772 (target tid = 18772)
09-07 14:30:49.299 18776 18776 F DEBUG   : *** *** *** *** *** *** *** *** *** *** *** *** *** *** *** ***
09-07 14:30:49.300 18776 18776 F DEBUG   : Build fingerprint: 'qti/titan_tml_b2/titan_tml_b2:11/RQ3A.210605.005/eng.ksong.20210907.134230:userdebug/test-keys'
09-07 14:30:49.300 18776 18776 F DEBUG   : Revision: '0'
09-07 14:30:49.300 18776 18776 F DEBUG   : ABI: 'arm64'
09-07 14:30:49.301 18776 18776 F DEBUG   : Timestamp: 2021-09-07 14:30:49+0000
09-07 14:30:49.301 18776 18776 F DEBUG   : pid: 18772, tid: 18772, name: vendor.harman.L  >>> /vendor/bin/hw/vendor.harman.LogManager@1.0-service <<<
09-07 14:30:49.301 18776 18776 F DEBUG   : uid: 0
09-07 14:30:49.301 18776 18776 F DEBUG   : signal 11 (SIGSEGV), code 1 (SEGV_MAPERR), fault addr 0x0
09-07 14:30:49.301 18776 18776 F DEBUG   : Cause: null pointer dereference
09-07 14:30:49.301 18776 18776 F DEBUG   :     x0  0000000000000000  x1  0000000000000000  x2  0000000000080001  x3  0000000000000000
09-07 14:30:49.301 18776 18776 F DEBUG   :     x4  0000000000000000  x5  0000000000000090  x6  fefefefefefefeff  x7  7f7f7f7f7f7f7f7f
09-07 14:30:49.301 18776 18776 F DEBUG   :     x8  0101010101010101  x9  702190049d54e181  x10 0000007fd4cb7b48  x11 fffffffffffffffd
09-07 14:30:49.302 18776 18776 F DEBUG   :     x12 0000007fd4cb7cd0  x13 000000000000008e  x14 000fbc5180deb000  x15 0000000034155555
09-07 14:30:49.302 18776 18776 F DEBUG   :     x16 00000060f50347e0  x17 000000793c4ccb30  x18 000000793d070000  x19 0000000000000000
09-07 14:30:49.302 18776 18776 F DEBUG   :     x20 000000793c3b0c50  x21 0000007fd4cb83e9  x22 b40000783bfed888  x23 0000007fd4cb8408
09-07 14:30:49.302 18776 18776 F DEBUG   :     x24 0000000000000000  x25 000000793cc4c000  x26 0000007fd4cb83e9  x27 0000007fd4cb83b9
09-07 14:30:49.302 18776 18776 F DEBUG   :     x28 0000000000000000  x29 0000007fd4cb82f0
09-07 14:30:49.302 18776 18776 F DEBUG   :     lr  00000060f502b048  sp  0000007fd4cb82f0  pc  000000793c4ccb40  pst 0000000080000000
09-07 14:30:49.306 18776 18776 F DEBUG   : backtrace:
09-07 14:30:49.307 18776 18776 F DEBUG   :       #00 pc 000000000004ab40  /apex/com.android.runtime/lib64/bionic/libc.so (strlen_default+16) (BuildId: 2b7c6e33413ac7278a15dfc3ea383089)
09-07 14:30:49.307 18776 18776 F DEBUG   :       #01 pc 0000000000009044  /vendor/bin/hw/vendor.harman.LogManager@1.0-service (BuildId: 3e966ab64050b441b920ba0e8960d123)
09-07 14:30:49.307 18776 18776 F DEBUG   :       #02 pc 0000000000008df0  /vendor/bin/hw/vendor.harman.LogManager@1.0-service (LM::LogManagerImpl::load_plugin_conf(void*, std::__1::basic_string<char, std::__1::char_traits<char>, std::__1::allocator<char> >, std::__1::multimap<std::__1::basic_string<char, std::__1::char_traits<char>, std::__1::allocator<char> >, int, std::__1::less<std::__1::basic_string<char, std::__1::char_traits<char>, std::__1::allocator<char> > >, std::__1::allocator<std::__1::pair<std::__1::basic_string<char, std::__1::char_traits<char>, std::__1::allocator<char> > const, int> > >&)+752) (BuildId: 3e966ab64050b441b920ba0e8960d123)
09-07 14:30:49.307 18776 18776 F DEBUG   :       #03 pc 00000000000088c0  /vendor/bin/hw/vendor.harman.LogManager@1.0-service (LM::LogManagerImpl::loadplugins()+436) (BuildId: 3e966ab64050b441b920ba0e8960d123)
09-07 14:30:49.307 18776 18776 F DEBUG   :       #04 pc 0000000000007af8  /vendor/bin/hw/vendor.harman.LogManager@1.0-service (main+1112) (BuildId: 3e966ab64050b441b920ba0e8960d123)
09-07 14:30:49.307 18776 18776 F DEBUG   :       #05 pc 000000000004988c  /apex/com.android.runtime/lib64/bionic/libc.so (__libc_init+108) (BuildId: 2b7c6e33413ac7278a15dfc3ea383089)
09-07 14:30:49.325   512 13241 D HarmanHAL: StreamIn::getCapturePositionImpl
01-01 00:05:52.322     0     0 D logd    : logdr: UID=0 GID=1000 PID=18776 n tail=50 logMask=8 pid=18772 start=0ns timeout=0ns
01-01 00:05:52.333     0     0 D logd    : logdr: UID=0 GID=1000 PID=18776 n tail=50 logMask=1 pid=18772 start=0ns timeout=0ns
01-01 00:05:52.358     0     0 D logd    : logdr: UID=0 GID=1000 PID=18776 n tail=0 logMask=8 pid=18772 start=0ns timeout=0ns
01-01 00:05:52.368     0     0 D logd    : logdr: UID=0 GID=1000 PID=18776 n tail=0 logMask=1 pid=18772 start=0ns timeout=0ns
09-07 14:30:49.388  1033  1270 W NativeCrashListener: Couldn't find ProcessRecord for pid 18772
09-07 14:30:49.354   512 13241 D HarmanHAL: StreamIn::getCapturePositionImpl
09-07 14:30:49.389 18776 18776 E crash_dump64: AM data write failed: Broken pipe
09-07 14:30:49.390   463   463 E tombstoned: Tombstone written to: /data/tombstones/tombstone_36
09-07 14:30:49.394   512 13241 D HarmanHAL: StreamIn::getCapturePositionImpl
01-01 00:05:52.382     0     0 I init    : Untracked pid 18776 exited with status 0
09-07 14:30:49.401  1033  1095 I BootReceiver: Copying /data/tombstones/tombstone_36 to DropBox (SYSTEM_TOMBSTONE)
09-07 14:30:49.404  1033  1095 I DropBoxManagerService: add tag=SYSTEM_TOMBSTONE isTagEnabled=true flags=0x2
09-07 14:30:49.424   512 13241 I chatty  : uid=1041(audioserver) reader identical 1 line
09-07 14:30:49.454   512 13241 D HarmanHAL: StreamIn::getCapturePositionImpl
09-07 14:30:49.481   538   618 W ipcLib  : ipcLib: in ipc_lib. DV1 read called
09-07 14:30:49.484   512 13241 D HarmanHAL: StreamIn::getCapturePositionImpl
09-07 14:30:49.496   512   512 E android.hardware.audio@6.0-harman-service: [CXmlParser]: nodeset is empty for xpath: /audioConfiguration/EnableWatchdog
09-07 14:30:49.496   512   512 E android.hardware.audio@6.0-harman-service: [CXmlParser::GetOneEleValue] Xpath object is NULL. XPath: /audioConfiguration/EnableWatchdog
09-07 14:30:49.497   512   512 W HarmanHal: ConfigSettings::GetOneEleValue Error while reading the path /audioConfiguration/EnableWatchdog
09-07 14:30:49.497   512   512 W HarmanHal: ConfigSettings::GetOneEleValue Error in checkifWatchdogTobeEnabled
09-07 14:30:49.497   512   512 I HarmanHal: WatchdogClient::isClientHealthy, Value Of checkifWatchdogTobeEnabled:0
09-07 14:30:49.514   512 13241 D HarmanHAL: StreamIn::getCapturePositionImpl
09-07 14:30:49.644   512 13241 I chatty  : uid=1041(audioserver) reader identical 4 lines
09-07 14:30:49.674   512 13241 D HarmanHAL: StreamIn::getCapturePositionImpl
09-07 14:30:49.706   512 13133 I HarmanHal.Routing: hacs alsa node(pcmMicRefIn_c) adtm interval_min:0 ms, inverval_max:10 ms, inverval_mean:8 ms!
09-07 14:30:49.706   512 13133 I HarmanHal.Routing:  in printADTM() PcmAlsaWrapper.cpp:876
09-07 14:30:49.712   512 13159 I HarmanHal.Routing: hacs alsa node(pcmBtHfp_ul_pro_p) adtm interval_min:2 ms, inverval_max:12 ms, inverval_mean:8 ms!
09-07 14:30:49.712   512 13159 I HarmanHal.Routing:  in printADTM() PcmAlsaWrapper.cpp:876
09-07 14:30:49.714   512 13241 D HarmanHAL: StreamIn::getCapturePositionImpl
09-07 14:30:49.774   512 13241 I chatty  : uid=1041(audioserver) reader identical 2 lines
09-07 14:30:49.804   512 13241 D HarmanHAL: StreamIn::getCapturePositionImpl
09-07 14:30:49.814   512 13169 I HarmanHal.Routing: hacs alsa node(pcmBtHfp_dl_pre_c) adtm interval_min:0 ms, inverval_max:11 ms, inverval_mean:8 ms!
09-07 14:30:49.814   512 13169 I HarmanHal.Routing:  in printADTM() PcmAlsaWrapper.cpp:876
09-07 14:30:49.814   512 13169 I HarmanHal.Routing: hacs alsa node(pcmHfp_dl_p) adtm interval_min:0 ms, inverval_max:11 ms, inverval_mean:8 ms!
09-07 14:30:49.814   512 13169 I HarmanHal.Routing:  in printADTM() PcmAlsaWrapper.cpp:876
09-07 14:30:49.834   512 13241 D HarmanHAL: StreamIn::getCapturePositionImpl
09-07 14:30:49.875   512 13241 D HarmanHAL: StreamIn::getCapturePositionImpl
09-07 14:30:49.901   536   612 E pathology: [ProcessCrashHandler:: parseTombstoneFileName]string not found
09-07 14:30:49.901   536   612 I chatty  : uid=0(root) vendor.harman.p identical 4 lines
09-07 14:30:49.901   536   612 E pathology: [ProcessCrashHandler:: parseTombstoneFileName]string not found
09-07 14:30:49.904   512 13241 D HarmanHAL: StreamIn::getCapturePositionImpl
09-07 14:30:49.935   512 13241 D HarmanHAL: StreamIn::getCapturePositionImpl
09-07 14:30:49.964   512 13241 I HarmanHal.Routing: hacs alsa node(pcmTunerIn_c) adtm interval_min:29 ms, inverval_max:40 ms, inverval_mean:31 ms!
09-07 14:30:49.964   512 13241 I HarmanHal.Routing:  in printADTM() PcmAlsaWrapper.cpp:876
09-07 14:30:49.965   512 13241 D HarmanHAL: StreamIn::getCapturePositionImpl
09-07 14:30:50.065   512 13241 I chatty  : uid=1041(audioserver) reader identical 3 lines
09-07 14:30:50.094   512 13241 D HarmanHAL: StreamIn::getCapturePositionImpl
09-07 14:30:50.118   512 13158 D AudioProcessing: sseApply [handle 0xbc80d90][type 512] start..
09-07 14:30:50.118   512 13158 D AudioProcessing: sseProcess ul audioIO content print-1 [256] [2] [4] [1] 
09-07 14:30:50.118   512 13158 D AudioProcessing: sseProcess ul audioIO content print-2 [6] [1] [0x3bcbc5a0] [0x5bc7ede0] 
09-07 14:30:50.118   512 13158 D AudioProcessing: sseProcess ul audioIO content print-3 [0x1bca1320 [0x8bc84110] [0x1bc9f9b0] sse->pMain is [0x2bca4a60] 
09-07 14:30:50.119   512 13158 D AudioProcessing: sseProcess ul [handle 0xbc80d90]  ret[0]
09-07 14:30:50.119   512 13158 D AudioProcessing: sseProcess ul AudioBufferSampleCnt[256] type[512] finish..
09-07 14:30:50.125   512 13241 D HarmanHAL: StreamIn::getCapturePositionImpl
09-07 14:30:50.155   512 13241 I chatty  : uid=1041(audioserver) reader identical 1 line
09-07 14:30:50.195   512 13241 D HarmanHAL: StreamIn::getCapturePositionImpl
09-07 14:30:50.214   911  4981 D BufferPoolAccessor2.0: bufferpool2 0xb400007205c6d498 : 2(1048576 size) total buffers - 1(524288 size) used buffers - 3983/3993 (recycle/alloc) - 25/3992 (fetch/transfer)
09-07 14:30:50.223   512 13169 D AudioProcessing: sseApply [handle 0xbc83090][type 768] start..
09-07 14:30:50.223   512 13169 D AudioProcessing: sseProcess dl audioIO content print-1 [256] [2] [1] [1] 
09-07 14:30:50.223   512 13169 D AudioProcessing: sseProcess dl audioIO content print-2 [1] [1] [0x0xb40000763bcc28d0] [0x0xb40000761bca6b00] 
09-07 14:30:50.223   512 13169 D AudioProcessing: sseProcess dl audioIO content print-3 [0x0xb40000761bca7fd0] [0x0xb40000761bcabe40] [0x0xb40000761bca5880] sse->pMain is [0x0xb40000772bcb4e80] 
09-07 14:30:50.224   512 13169 D AudioProcessing: sseProcess dl [handle 0xbc83090] ret[0]
09-07 14:30:50.224   512 13169 D AudioProcessing: sseProcess dl AudioBufferSampleCnt[256] type[768] finish..
09-07 14:30:50.225   512 13241 D HarmanHAL: StreamIn::getCapturePositionImpl
09-07 14:30:50.254   512 13241 D HarmanHAL: StreamIn::getCapturePositionImpl
09-07 14:30:50.273   532   569 W ipcLib  : ipcLib: in ipc_lib. DV1 read called
09-07 14:30:50.273   532   568 I VPS     : VPS:IOCStatusInfo.VoltageStatus->0 
09-07 14:30:50.273   532   568 I VPS     : VPS:IOCStatusInfo.IOCStatusCmd->a6 
09-07 14:30:50.273   532   568 I VPS     : VPS:IOCStatusInfo.WakeUpReason->0 
09-07 14:30:50.273   532   568 I VPS     : VPS:IOCStatusInfo.DerivedIgnitionStatus->0 
09-07 14:30:50.273   532   568 I VPS     : VPS:IOCStatusInfo.PowerModeState->4 
09-07 14:30:50.273   532   568 I VPS     : VPS:IOCStatusInfo.SOCShutdownRequest->0 
09-07 14:30:50.274   532   568 I VPS     : VPS:IOCStatusInfo.AntiTheftState->0 
09-07 14:30:50.274   532   568 I VPS     : VPS:IOCStatusInfo.BatteryConnect->0 
09-07 14:30:50.280   512  3972 I HarmanHal.Routing: hacs alsa node(pcmMedia_p) adtm interval_min:0 ms, inverval_max:10 ms, inverval_mean:8 ms!
09-07 14:30:50.280   512  3972 I HarmanHal.Routing:  in printADTM() PcmAlsaWrapper.cpp:876
09-07 14:30:50.285   512 13241 D HarmanHAL: StreamIn::getCapturePositionImpl
09-07 14:30:50.316   512 13241 D HarmanHAL: StreamIn::getCapturePositionImpl
09-07 14:30:50.331   536   536 I vendor.harman.p: type=1400 audit(0.0:3660): avc: denied { write } for name="2" dev="dm-4" ino=49241 scontext=u:r:pathologyd:s0 tcontext=u:object_r:vendor_data_file:s0 tclass=dir permissive=1
09-07 14:30:50.331   536   536 I vendor.harman.p: type=1400 audit(0.0:3661): avc: denied { add_name } for name="PROCCRASH_PF_1631025049.lz4" scontext=u:r:pathologyd:s0 tcontext=u:object_r:vendor_data_file:s0 tclass=dir permissive=1
09-07 14:30:50.331   536   536 I vendor.harman.p: type=1400 audit(0.0:3662): avc: denied { create } for name="PROCCRASH_PF_1631025049.lz4" scontext=u:r:pathologyd:s0 tcontext=u:object_r:vendor_data_file:s0 tclass=file permissive=1
09-07 14:30:50.354   512 13241 D HarmanHAL: StreamIn::getCapturePositionImpl
09-07 14:30:50.445   512 13241 I chatty  : uid=1041(audioserver) reader identical 3 lines
09-07 14:30:50.474   512 13241 D HarmanHAL: StreamIn::getCapturePositionImpl
09-07 14:30:50.481   538   618 W ipcLib  : ipcLib: in ipc_lib. DV1 read called
09-07 14:30:50.514   512 13241 D HarmanHAL: StreamIn::getCapturePositionImpl
09-07 14:30:50.675   512 13241 I chatty  : uid=1041(audioserver) reader identical 5 lines
09-07 14:30:50.705   512 13241 D HarmanHAL: StreamIn::getCapturePositionImpl
09-07 14:30:50.706   512 13133 I HarmanHal.Routing: hacs alsa node(pcmMicRefIn_c) adtm interval_min:0 ms, inverval_max:12 ms, inverval_mean:8 ms!
09-07 14:30:50.706   512 13133 I HarmanHal.Routing:  in printADTM() PcmAlsaWrapper.cpp:876
09-07 14:30:50.711   512 13159 I HarmanHal.Routing: hacs alsa node(pcmBtHfp_ul_pro_p) adtm interval_min:2 ms, inverval_max:12 ms, inverval_mean:7 ms!
09-07 14:30:50.711   512 13159 I HarmanHal.Routing:  in printADTM() PcmAlsaWrapper.cpp:876
09-07 14:30:50.734   512 13241 D HarmanHAL: StreamIn::getCapturePositionImpl
09-07 14:30:50.765   512 13241 I chatty  : uid=1041(audioserver) reader identical 1 line
09-07 14:30:50.794   512 13241 D HarmanHAL: StreamIn::getCapturePositionImpl
09-07 14:30:50.813   512 13169 I HarmanHal.Routing: hacs alsa node(pcmBtHfp_dl_pre_c) adtm interval_min:0 ms, inverval_max:10 ms, inverval_mean:7 ms!
09-07 14:30:50.813   512 13169 I HarmanHal.Routing:  in printADTM() PcmAlsaWrapper.cpp:876
09-07 14:30:50.815   512 13169 I HarmanHal.Routing: hacs alsa node(pcmHfp_dl_p) adtm interval_min:0 ms, inverval_max:11 ms, inverval_mean:8 ms!
09-07 14:30:50.815   512 13169 I HarmanHal.Routing:  in printADTM() PcmAlsaWrapper.cpp:876
09-07 14:30:50.835   512 13241 D HarmanHAL: StreamIn::getCapturePositionImpl
09-07 14:30:50.894   512 13241 I chatty  : uid=1041(audioserver) reader identical 2 lines
09-07 14:30:50.925   512 13241 D HarmanHAL: StreamIn::getCapturePositionImpl
09-07 14:30:50.939   536   536 I vendor.harman.p: type=1400 audit(0.0:3663): avc: denied { read } for name="2" dev="dm-4" ino=49241 scontext=u:r:pathologyd:s0 tcontext=u:object_r:vendor_data_file:s0 tclass=dir permissive=1
09-07 14:30:50.939   536   536 I vendor.harman.p: type=1400 audit(0.0:3664): avc: denied { open } for path="/data/vendor/pathologyArchive/2" dev="dm-4" ino=49241 scontext=u:r:pathologyd:s0 tcontext=u:object_r:vendor_data_file:s0 tclass=dir permissive=1
09-07 14:30:50.954   512 13241 I HarmanHal.Routing: hacs alsa node(pcmTunerIn_c) adtm interval_min:29 ms, inverval_max:41 ms, inverval_mean:31 ms!
09-07 14:30:50.954   512 13241 I HarmanHal.Routing:  in printADTM() PcmAlsaWrapper.cpp:876
09-07 14:30:50.955   512 13241 D HarmanHAL: StreamIn::getCapturePositionImpl
01-01 00:05:53.980     0     0 W audit   : audit_lost=1836 audit_rate_limit=5 audit_backlog_limit=64
01-01 00:05:53.980     0     0 E audit   : rate limit exceeded
09-07 14:30:51.245   512 13241 I chatty  : uid=1041(audioserver) reader identical 9 lines
09-07 14:30:51.275   512 13241 D HarmanHAL: StreamIn::getCapturePositionImpl
09-07 14:30:51.280   512  3972 I HarmanHal.Routing: hacs alsa node(pcmMedia_p) adtm interval_min:0 ms, inverval_max:11 ms, inverval_mean:8 ms!
09-07 14:30:51.280   512  3972 I HarmanHal.Routing:  in printADTM() PcmAlsaWrapper.cpp:876
09-07 14:30:51.315   512 13241 D HarmanHAL: StreamIn::getCapturePositionImpl
09-07 14:30:51.434   512 13241 I chatty  : uid=1041(audioserver) reader identical 4 lines
09-07 14:30:51.474   512 13241 D HarmanHAL: StreamIn::getCapturePositionImpl
09-07 14:30:51.481   538   618 W ipcLib  : ipcLib: in ipc_lib. DV1 read called
09-07 14:30:51.504   512 13241 D HarmanHAL: StreamIn::getCapturePositionImpl
09-07 14:30:51.665   512 13241 I chatty  : uid=1041(audioserver) reader identical 5 lines
09-07 14:30:51.694   512 13241 D HarmanHAL: StreamIn::getCapturePositionImpl
09-07 14:30:51.706   512 13133 I HarmanHal.Routing: hacs alsa node(pcmMicRefIn_c) adtm interval_min:0 ms, inverval_max:10 ms, inverval_mean:8 ms!
09-07 14:30:51.706   512 13133 I HarmanHal.Routing:  in printADTM() PcmAlsaWrapper.cpp:876
09-07 14:30:51.712   512 13159 I HarmanHal.Routing: hacs alsa node(pcmBtHfp_ul_pro_p) adtm interval_min:2 ms, inverval_max:12 ms, inverval_mean:8 ms!
09-07 14:30:51.712   512 13159 I HarmanHal.Routing:  in printADTM() PcmAlsaWrapper.cpp:876
09-07 14:30:51.717   512 13158 D AudioProcessing: sseApply [handle 0xbc80d90][type 512] start..
09-07 14:30:51.718   512 13158 D AudioProcessing: sseProcess ul audioIO content print-1 [256] [2] [4] [1] 
09-07 14:30:51.718   512 13158 D AudioProcessing: sseProcess ul audioIO content print-2 [6] [1] [0x3bcbc5a0] [0x5bc7ede0] 
09-07 14:30:51.718   512 13158 D AudioProcessing: sseProcess ul audioIO content print-3 [0x1bca1320 [0x8bc84110] [0x1bc9f9b0] sse->pMain is [0x2bca4a60] 
09-07 14:30:51.719   512 13158 D AudioProcessing: sseProcess ul [handle 0xbc80d90]  ret[0]
09-07 14:30:51.719   512 13158 D AudioProcessing: sseProcess ul AudioBufferSampleCnt[256] type[512] finish..
09-07 14:30:51.725   512 13241 D HarmanHAL: StreamIn::getCapturePositionImpl
09-07 14:30:51.755   512 13241 I chatty  : uid=1041(audioserver) reader identical 1 line
09-07 14:30:51.795   512 13241 D HarmanHAL: StreamIn::getCapturePositionImpl
09-07 14:30:51.814   512 13169 I HarmanHal.Routing: hacs alsa node(pcmBtHfp_dl_pre_c) adtm interval_min:0 ms, inverval_max:10 ms, inverval_mean:8 ms!
09-07 14:30:51.814   512 13169 I HarmanHal.Routing:  in printADTM() PcmAlsaWrapper.cpp:876
09-07 14:30:51.814   512 13169 I HarmanHal.Routing: hacs alsa node(pcmHfp_dl_p) adtm interval_min:0 ms, inverval_max:11 ms, inverval_mean:7 ms!
09-07 14:30:51.814   512 13169 I HarmanHal.Routing:  in printADTM() PcmAlsaWrapper.cpp:876
09-07 14:30:51.823   512 13169 D AudioProcessing: sseApply [handle 0xbc83090][type 768] start..
09-07 14:30:51.823   512 13169 D AudioProcessing: sseProcess dl audioIO content print-1 [256] [2] [1] [1] 
09-07 14:30:51.823   512 13169 D AudioProcessing: sseProcess dl audioIO content print-2 [1] [1] [0x0xb40000763bcc28d0] [0x0xb40000761bca6b00] 
09-07 14:30:51.823   512 13169 D AudioProcessing: sseProcess dl audioIO content print-3 [0x0xb40000761bca7fd0] [0x0xb40000761bcabe40] [0x0xb40000761bca5880] sse->pMain is [0x0xb40000772bcb4e80] 
09-07 14:30:51.824   512 13169 D AudioProcessing: sseProcess dl [handle 0xbc83090] ret[0]
09-07 14:30:51.824   512 13169 D AudioProcessing: sseProcess dl AudioBufferSampleCnt[256] type[768] finish..
09-07 14:30:51.825   512 13241 D HarmanHAL: StreamIn::getCapturePositionImpl
09-07 14:30:51.885   512 13241 I chatty  : uid=1041(audioserver) reader identical 2 lines
09-07 14:30:51.914   512 13241 D HarmanHAL: StreamIn::getCapturePositionImpl
09-07 14:30:51.954   512 13241 I HarmanHal.Routing: hacs alsa node(pcmTunerIn_c) adtm interval_min:30 ms, inverval_max:40 ms, inverval_mean:32 ms!
09-07 14:30:51.954   512 13241 I HarmanHal.Routing:  in printADTM() PcmAlsaWrapper.cpp:876
09-07 14:30:51.955   512 13241 D HarmanHAL: StreamIn::getCapturePositionImpl
09-07 14:30:52.234   512 13241 I chatty  : uid=1041(audioserver) reader identical 9 lines
09-07 14:30:52.274   512 13241 D HarmanHAL: StreamIn::getCapturePositionImpl
09-07 14:30:52.280   512  3972 I HarmanHal.Routing: hacs alsa node(pcmMedia_p) adtm interval_min:0 ms, inverval_max:11 ms, inverval_mean:8 ms!
09-07 14:30:52.280   512  3972 I HarmanHal.Routing:  in printADTM() PcmAlsaWrapper.cpp:876
09-07 14:30:52.304   512 13241 D HarmanHAL: StreamIn::getCapturePositionImpl
09-07 14:30:52.334   512 13241 I chatty  : uid=1041(audioserver) reader identical 1 line
09-07 14:30:52.364   512 13241 D HarmanHAL: StreamIn::getCapturePositionImpl
09-07 14:30:52.373   532   569 W ipcLib  : ipcLib: in ipc_lib. DV1 read called
09-07 14:30:52.373   532   568 I VPS     : VPS:IOCStatusInfo.VoltageStatus->0 
09-07 14:30:52.373   532   568 I VPS     : VPS:IOCStatusInfo.IOCStatusCmd->a6 
09-07 14:30:52.373   532   568 I VPS     : VPS:IOCStatusInfo.WakeUpReason->0 
09-07 14:30:52.373   532   568 I VPS     : VPS:IOCStatusInfo.DerivedIgnitionStatus->0 
09-07 14:30:52.374   532   568 I VPS     : VPS:IOCStatusInfo.PowerModeState->4 
09-07 14:30:52.374   532   568 I VPS     : VPS:IOCStatusInfo.SOCShutdownRequest->0 
09-07 14:30:52.374   532   568 I VPS     : VPS:IOCStatusInfo.AntiTheftState->0 
09-07 14:30:52.374   532   568 I VPS     : VPS:IOCStatusInfo.BatteryConnect->0 
09-07 14:30:52.394   512 13241 D HarmanHAL: StreamIn::getCapturePositionImpl
09-07 14:30:52.434   512 13241 I chatty  : uid=1041(audioserver) reader identical 1 line
09-07 14:30:52.464   512 13241 D HarmanHAL: StreamIn::getCapturePositionImpl
09-07 14:30:52.481   538   618 W ipcLib  : ipcLib: in ipc_lib. DV1 read called
09-07 14:30:52.494   512 13241 D HarmanHAL: StreamIn::getCapturePositionImpl
09-07 14:30:52.654   512 13241 I chatty  : uid=1041(audioserver) reader identical 5 lines
09-07 14:30:52.684   512 13241 D HarmanHAL: StreamIn::getCapturePositionImpl
09-07 14:30:52.706   512 13133 I HarmanHal.Routing: hacs alsa node(pcmMicRefIn_c) adtm interval_min:0 ms, inverval_max:11 ms, inverval_mean:8 ms!
09-07 14:30:52.706   512 13133 I HarmanHal.Routing:  in printADTM() PcmAlsaWrapper.cpp:876
09-07 14:30:52.711   512 13159 I HarmanHal.Routing: hacs alsa node(pcmBtHfp_ul_pro_p) adtm interval_min:2 ms, inverval_max:12 ms, inverval_mean:7 ms!
09-07 14:30:52.711   512 13159 I HarmanHal.Routing:  in printADTM() PcmAlsaWrapper.cpp:876
09-07 14:30:52.714   512 13241 D HarmanHAL: StreamIn::getCapturePositionImpl
09-07 14:30:52.755   512 13241 I chatty  : uid=1041(audioserver) reader identical 1 line
09-07 14:30:52.785   512 13241 D HarmanHAL: StreamIn::getCapturePositionImpl
09-07 14:30:52.813   512 13169 I HarmanHal.Routing: hacs alsa node(pcmBtHfp_dl_pre_c) adtm interval_min:0 ms, inverval_max:10 ms, inverval_mean:7 ms!
09-07 14:30:52.813   512 13169 I HarmanHal.Routing:  in printADTM() PcmAlsaWrapper.cpp:876
09-07 14:30:52.814   512 13169 I HarmanHal.Routing: hacs alsa node(pcmHfp_dl_p) adtm interval_min:0 ms, inverval_max:11 ms, inverval_mean:8 ms!
09-07 14:30:52.814   512 13169 I HarmanHal.Routing:  in printADTM() PcmAlsaWrapper.cpp:876
09-07 14:30:52.816   512 13241 D HarmanHAL: StreamIn::getCapturePositionImpl
09-07 14:30:52.874   512 13241 I chatty  : uid=1041(audioserver) reader identical 2 lines
09-07 14:30:52.914   512 13241 D HarmanHAL: StreamIn::getCapturePositionImpl
09-07 14:30:52.944   512 13241 I HarmanHal.Routing: hacs alsa node(pcmTunerIn_c) adtm interval_min:29 ms, inverval_max:40 ms, inverval_mean:31 ms!
09-07 14:30:52.944   512 13241 I HarmanHal.Routing:  in printADTM() PcmAlsaWrapper.cpp:876
09-07 14:30:52.945   512 13241 D HarmanHAL: StreamIn::getCapturePositionImpl
09-07 14:30:53.235   512 13241 I chatty  : uid=1041(audioserver) reader identical 9 lines
09-07 14:30:53.265   512 13241 D HarmanHAL: StreamIn::getCapturePositionImpl
09-07 14:30:53.280   512  3972 I HarmanHal.Routing: hacs alsa node(pcmMedia_p) adtm interval_min:1 ms, inverval_max:11 ms, inverval_mean:8 ms!
09-07 14:30:53.280   512  3972 I HarmanHal.Routing:  in printADTM() PcmAlsaWrapper.cpp:876
09-07 14:30:53.294   512 13241 D HarmanHAL: StreamIn::getCapturePositionImpl
09-07 14:30:53.318   512 13158 D AudioProcessing: sseApply [handle 0xbc80d90][type 512] start..
09-07 14:30:53.318   512 13158 D AudioProcessing: sseProcess ul audioIO content print-1 [256] [2] [4] [1] 
09-07 14:30:53.318   512 13158 D AudioProcessing: sseProcess ul audioIO content print-2 [6] [1] [0x3bcbc5a0] [0x5bc7ede0] 
09-07 14:30:53.318   512 13158 D AudioProcessing: sseProcess ul audioIO content print-3 [0x1bca1320 [0x8bc84110] [0x1bc9f9b0] sse->pMain is [0x2bca4a60] 
09-07 14:30:53.319   512 13158 D AudioProcessing: sseProcess ul [handle 0xbc80d90]  ret[0]
09-07 14:30:53.319   512 13158 D AudioProcessing: sseProcess ul AudioBufferSampleCnt[256] type[512] finish..
09-07 14:30:53.324   512 13241 D HarmanHAL: StreamIn::getCapturePositionImpl
09-07 14:30:53.355   512 13241 I chatty  : uid=1041(audioserver) reader identical 1 line
09-07 14:30:53.395   512 13241 D HarmanHAL: StreamIn::getCapturePositionImpl
09-07 14:30:53.423   512 13169 D AudioProcessing: sseApply [handle 0xbc83090][type 768] start..
09-07 14:30:53.423   512 13169 D AudioProcessing: sseProcess dl audioIO content print-1 [256] [2] [1] [1] 
09-07 14:30:53.423   512 13169 D AudioProcessing: sseProcess dl audioIO content print-2 [1] [1] [0x0xb40000763bcc28d0] [0x0xb40000761bca6b00] 
09-07 14:30:53.423   512 13169 D AudioProcessing: sseProcess dl audioIO content print-3 [0x0xb40000761bca7fd0] [0x0xb40000761bcabe40] [0x0xb40000761bca5880] sse->pMain is [0x0xb40000772bcb4e80] 
09-07 14:30:53.424   512 13169 D AudioProcessing: sseProcess dl [handle 0xbc83090] ret[0]
09-07 14:30:53.424   512 13169 D AudioProcessing: sseProcess dl AudioBufferSampleCnt[256] type[768] finish..
09-07 14:30:53.425   512 13241 D HarmanHAL: StreamIn::getCapturePositionImpl
09-07 14:30:53.454   512 13241 D HarmanHAL: StreamIn::getCapturePositionImpl
09-07 14:30:53.481   538   618 W ipcLib  : ipcLib: in ipc_lib. DV1 read called
09-07 14:30:53.484   512 13241 D HarmanHAL: StreamIn::getCapturePositionImpl
09-07 14:30:53.644   512 13241 I chatty  : uid=1041(audioserver) reader identical 5 lines
09-07 14:30:53.674   512 13241 D HarmanHAL: StreamIn::getCapturePositionImpl
09-07 14:30:53.706   512 13133 I HarmanHal.Routing: hacs alsa node(pcmMicRefIn_c) adtm interval_min:0 ms, inverval_max:10 ms, inverval_mean:8 ms!
09-07 14:30:53.706   512 13133 I HarmanHal.Routing:  in printADTM() PcmAlsaWrapper.cpp:876
09-07 14:30:53.711   512 13159 I HarmanHal.Routing: hacs alsa node(pcmBtHfp_ul_pro_p) adtm interval_min:2 ms, inverval_max:12 ms, inverval_mean:8 ms!
09-07 14:30:53.711   512 13159 I HarmanHal.Routing:  in printADTM() PcmAlsaWrapper.cpp:876
09-07 14:30:53.714   512 13241 D HarmanHAL: StreamIn::getCapturePositionImpl
09-07 14:30:53.774   512 13241 I chatty  : uid=1041(audioserver) reader identical 2 lines
09-07 14:30:53.804   512 13241 D HarmanHAL: StreamIn::getCapturePositionImpl
09-07 14:30:53.814   512 13169 I HarmanHal.Routing: hacs alsa node(pcmBtHfp_dl_pre_c) adtm interval_min:0 ms, inverval_max:10 ms, inverval_mean:8 ms!
09-07 14:30:53.814   512 13169 I HarmanHal.Routing:  in printADTM() PcmAlsaWrapper.cpp:876
09-07 14:30:53.814   512 13169 I HarmanHal.Routing: hacs alsa node(pcmHfp_dl_p) adtm interval_min:0 ms, inverval_max:11 ms, inverval_mean:8 ms!
09-07 14:30:53.814   512 13169 I HarmanHal.Routing:  in printADTM() PcmAlsaWrapper.cpp:876
09-07 14:30:53.834   512 13241 D HarmanHAL: StreamIn::getCapturePositionImpl
09-07 14:30:53.874   512 13241 I chatty  : uid=1041(audioserver) reader identical 1 line
09-07 14:30:53.905   512 13241 D HarmanHAL: StreamIn::getCapturePositionImpl
09-07 14:30:53.934   512 13241 I HarmanHal.Routing: hacs alsa node(pcmTunerIn_c) adtm interval_min:30 ms, inverval_max:40 ms, inverval_mean:31 ms!
09-07 14:30:53.934   512 13241 I HarmanHal.Routing:  in printADTM() PcmAlsaWrapper.cpp:876
09-07 14:30:53.935   512 13241 D HarmanHAL: StreamIn::getCapturePositionImpl
09-07 14:30:53.964   512 13241 I chatty  : uid=1041(audioserver) reader identical 1 line
09-07 14:30:53.995   512 13241 D HarmanHAL: StreamIn::getCapturePositionImpl
09-07 14:30:54.000   532   569 I VPS     : VPS:VehiclePlatformSOCHeartBeatHandler IVI HeartBeat sent successfully SOCHeartBeatInfo.SOCStatus->2
09-07 14:30:54.000   532   569 W ipcLib  : ipcLib: in ipc_lib. DV1 write called
09-07 14:30:54.002   532   569 W ipcLib  : ipcLib: in ipc_lib. DV1 read called
09-07 14:30:54.034   512 13241 D HarmanHAL: StreamIn::getCapturePositionImpl
01-01 00:05:57.201     0     0 I init    : starting service 'qccsyshalservice'...
01-01 00:05:57.207     0     0 I init    : starting service 'vendor.sensors-hal-1-0'...
01-01 00:05:57.215     0     0 I init    : starting service 'LogManager'...
09-07 14:30:54.195   512 13241 I chatty  : uid=1041(audioserver) reader identical 5 lines
09-07 14:30:54.227   512 13241 D HarmanHAL: StreamIn::getCapturePositionImpl
09-07 14:30:54.236 18938 18938 I qccsyshalservice: Start with system binder
09-07 14:30:54.236 18938 18938 I qccsyshalservice: Registering qccsyshal service...
09-07 14:30:54.237   376   376 I hwservicemanager: getTransport: Cannot find entry vendor.qti.hardware.qccsyshal@1.0::IQccsyshal/qccsyshal in either framework or device manifest.
09-07 14:30:54.238 18938 18938 E HidlServiceManagement: Service vendor.qti.hardware.qccsyshal@1.0::IQccsyshal/qccsyshal must be in VINTF manifest in order to register/get.
09-07 14:30:54.238 18938 18938 E qccsyshalservice: [ERROR] registerAsService() failed with status: -2147483648
01-01 00:05:57.230     0     0 I init    : Service 'qccsyshalservice' (pid 18938) exited with status 1
01-01 00:05:57.230     0     0 I init    : Sending signal 9 to service 'qccsyshalservice' (pid 18938) process group...
01-01 00:05:57.230     0     0 I libprocessgroup: Successfully killed process cgroup uid 1000 pid 18938 in 0ms
09-07 14:30:54.250   376   376 I hwservicemanager: getTransport: Cannot find entry android.hardware.sensors@1.0::ISensors/default in either framework or device manifest.
09-07 14:30:54.252 18942 18942 E android.hardware.sensors@1.0-service: Couldn't load sensors module (Unknown error -2147483648)
09-07 14:30:54.253 18942 18942 D RefBase : RefBase: Explicit destruction, weak count = 0 (in 0xb400007a1eea3218)
09-07 14:30:54.253 18942 18942 W RefBase : CallStack::getCurrentInternal not linked, returning null
09-07 14:30:54.253 18942 18942 W RefBase : CallStack::logStackInternal not linked
09-07 14:30:54.253 18942 18942 E LegacySupport: Could not get passthrough implementation for android.hardware.sensors@1.0::ISensors/default.
09-07 14:30:54.254   512 13241 D HarmanHAL: StreamIn::getCapturePositionImpl
01-01 00:05:57.244     0     0 I init    : Service 'vendor.sensors-hal-1-0' (pid 18942) exited with status 1
01-01 00:05:57.244     0     0 I init    : Sending signal 9 to service 'vendor.sensors-hal-1-0' (pid 18942) process group...
01-01 00:05:57.245     0     0 I libprocessgroup: Successfully killed process cgroup uid 1000 pid 18942 in 0ms
09-07 14:30:54.258 18943 18943 D LOGMANAGER: LOGMANAGER HAL service init() start
09-07 14:30:54.255 18943 18943 I vendor.harman.L: type=1400 audit(0.0:3667): avc: denied { read } for name="u:object_r:hwservicemanager_prop:s0" dev="tmpfs" ino=24519 scontext=u:r:logmanagerd:s0 tcontext=u:object_r:hwservicemanager_prop:s0 tclass=file permissive=1
09-07 14:30:54.259 18943 18943 D LOGMANAGER: Logmanager configured rpcthreadpool
09-07 14:30:54.255 18943 18943 I vendor.harman.L: type=1400 audit(0.0:3668): avc: denied { open } for path="/dev/__properties__/u:object_r:hwservicemanager_prop:s0" dev="tmpfs" ino=24519 scontext=u:r:logmanagerd:s0 tcontext=u:object_r:hwservicemanager_prop:s0 tclass=file permissive=1
09-07 14:30:54.255 18943 18943 I vendor.harman.L: type=1400 audit(0.0:3669): avc: denied { getattr } for path="/dev/__properties__/u:object_r:hwservicemanager_prop:s0" dev="tmpfs" ino=24519 scontext=u:r:logmanagerd:s0 tcontext=u:object_r:hwservicemanager_prop:s0 tclass=file permissive=1
09-07 14:30:54.255 18943 18943 I vendor.harman.L: type=1400 audit(0.0:3670): avc: denied { map } for path="/dev/__properties__/u:object_r:hwservicemanager_prop:s0" dev="tmpfs" ino=24519 scontext=u:r:logmanagerd:s0 tcontext=u:object_r:hwservicemanager_prop:s0 tclass=file permissive=1
09-07 14:30:54.262 18943 18943 I HidlServiceManagement: Registered vendor.harman.hardware.LogManager@1.0::ILogManager/default
09-07 14:30:54.262 18943 18943 D LOGMANAGER: Logmanager HAL Service is registered and ready
09-07 14:30:54.262 18943 18943 I LOGMANAGER: ThreadPoolWrapper::initThreadPool
09-07 14:30:54.262 18943 18943 I LOGMANAGER: ThreadPoolWrapper : exit
09-07 14:30:54.262 18943 18943 D LOGMANAGER: Logmanager threadpoolwrapper created
09-07 14:30:54.262 18943 18943 D LOGMANAGER: User argument is -c
09-07 14:30:54.262 18943 18944 I LOGMANAGER: ThreadPoolWrapper:  enter the joinRpcThreadpool()
09-07 14:30:54.263 18943 18943 I LOGMANAGER: LogmanagerConfig is configured under config file
09-07 14:30:54.263 18943 18943 I LOGMANAGER: LoggingLevel is : 4
09-07 14:30:54.263 18943 18943 I LOGMANAGER: LogEnableState is : 0
09-07 14:30:54.263 18943 18943 I LOGMANAGER: OutputPluginConfiguration PluginType : LOGWRITTER
09-07 14:30:54.263 18943 18943 I LOGMANAGER: LM_OutputConfiguration : 1
09-07 14:30:54.263 18943 18943 I LOGMANAGER: LM_OfflineTraceDirectory : /data/cache
09-07 14:30:54.263 18943 18943 I LOGMANAGER: LM_OfflineTraceFILESize : 1000000
09-07 14:30:54.263 18943 18943 I LOGMANAGER: LM_OfflineTotalFILESSize : 20000000
09-07 14:30:54.263 18943 18943 I LOGMANAGER: LM_FileNameTimeStampBased : 0
09-07 14:30:54.263 18943 18943 I LOGMANAGER: Got IOC plugin
09-07 14:30:54.263 18943 18943 I LOGMANAGER: IOCIPCChannelNumber :6
09-07 14:30:54.263 18943 18943 I LOGMANAGER: keyseq: HOME + VOLUMEDOWN  for domain is AudioDump
09-07 14:30:54.263 18943 18943 I LOGMANAGER: keyseq: HOME + VOLUMEUP  for domain is HCIDump
09-07 14:30:54.263 18943 18943 I LOGMANAGER: Domains parsing is done
09-07 14:30:54.259 18943 18943 I vendor.harman.L: type=1400 audit(0.0:3671): avc: denied { dac_read_search } for capability=2 scontext=u:r:logmanagerd:s0 tcontext=u:r:logmanagerd:s0 tclass=capability permissive=1
01-01 00:05:57.253     0     0 W audit   : audit_lost=1838 audit_rate_limit=5 audit_backlog_limit=64
01-01 00:05:57.253     0     0 E audit   : rate limit exceeded
09-07 14:30:54.268 18943 18943 E LOGMANAGER: Failed to load plugin /vendor/lib64/libIOCDLogReader.so with error code dlopen failed: library "/vendor/lib64/libIOCDLogReader.so" not found 
09-07 14:30:54.268 18943 18943 F libc    : Fatal signal 11 (SIGSEGV), code 1 (SEGV_MAPERR), fault addr 0x0 in tid 18943 (vendor.harman.L), pid 18943 (vendor.harman.L)
09-07 14:30:54.280   512  3972 I HarmanHal.Routing: hacs alsa node(pcmMedia_p) adtm interval_min:1 ms, inverval_max:10 ms, inverval_mean:8 ms!
09-07 14:30:54.280   512  3972 I HarmanHal.Routing:  in printADTM() PcmAlsaWrapper.cpp:876
09-07 14:30:54.284   512 13241 D HarmanHAL: StreamIn::getCapturePositionImpl
09-07 14:30:54.306 18947 18947 I crash_dump64: obtaining output fd from tombstoned, type: kDebuggerdTombstone
09-07 14:30:54.307   463   463 I tombstoned: received crash request for pid 18943
09-07 14:30:54.308 18947 18947 I crash_dump64: performing dump of process 18943 (target tid = 18943)
09-07 14:30:54.311 18947 18947 F DEBUG   : *** *** *** *** *** *** *** *** *** *** *** *** *** *** *** ***
09-07 14:30:54.311 18947 18947 F DEBUG   : Build fingerprint: 'qti/titan_tml_b2/titan_tml_b2:11/RQ3A.210605.005/eng.ksong.20210907.134230:userdebug/test-keys'
09-07 14:30:54.312 18947 18947 F DEBUG   : Revision: '0'
09-07 14:30:54.312 18947 18947 F DEBUG   : ABI: 'arm64'
09-07 14:30:54.313 18947 18947 F DEBUG   : Timestamp: 2021-09-07 14:30:54+0000
09-07 14:30:54.313 18947 18947 F DEBUG   : pid: 18943, tid: 18943, name: vendor.harman.L  >>> /vendor/bin/hw/vendor.harman.LogManager@1.0-service <<<
09-07 14:30:54.313 18947 18947 F DEBUG   : uid: 0
09-07 14:30:54.313 18947 18947 F DEBUG   : signal 11 (SIGSEGV), code 1 (SEGV_MAPERR), fault addr 0x0
09-07 14:30:54.313 18947 18947 F DEBUG   : Cause: null pointer dereference
09-07 14:30:54.313 18947 18947 F DEBUG   :     x0  0000000000000000  x1  0000000000000000  x2  0000000000080001  x3  0000000000000000
09-07 14:30:54.313 18947 18947 F DEBUG   :     x4  0000000000000000  x5  0000000000000090  x6  fefefefefefefeff  x7  7f7f7f7f7f7f7f7f
09-07 14:30:54.313 18947 18947 F DEBUG   :     x8  0101010101010101  x9  1dddd9a857b8c570  x10 0000007fc63b3f38  x11 fffffffffffffffd
09-07 14:30:54.314 18947 18947 F DEBUG   :     x12 0000007fc63b40c0  x13 000000000000008e  x14 000fbc517ef66800  x15 0000000034155555
09-07 14:30:54.314 18947 18947 F DEBUG   :     x16 00000056709287e0  x17 0000007825bdcb30  x18 0000007826fba000  x19 0000000000000000
09-07 14:30:54.314 18947 18947 F DEBUG   :     x20 00000078255b2c50  x21 0000007fc63b47d9  x22 b400007725337248  x23 0000007fc63b47f8
09-07 14:30:54.314 18947 18947 F DEBUG   :     x24 0000000000000000  x25 0000007825f6c000  x26 0000007fc63b47d9  x27 0000007fc63b47a9
09-07 14:30:54.314 18947 18947 F DEBUG   :     x28 0000000000000000  x29 0000007fc63b46e0
09-07 14:30:54.314 18947 18947 F DEBUG   :     lr  000000567091f048  sp  0000007fc63b46e0  pc  0000007825bdcb40  pst 0000000080000000
09-07 14:30:54.315   512 13241 D HarmanHAL: StreamIn::getCapturePositionImpl
09-07 14:30:54.318 18947 18947 F DEBUG   : backtrace:
09-07 14:30:54.319 18947 18947 F DEBUG   :       #00 pc 000000000004ab40  /apex/com.android.runtime/lib64/bionic/libc.so (strlen_default+16) (BuildId: 2b7c6e33413ac7278a15dfc3ea383089)
09-07 14:30:54.319 18947 18947 F DEBUG   :       #01 pc 0000000000009044  /vendor/bin/hw/vendor.harman.LogManager@1.0-service (BuildId: 3e966ab64050b441b920ba0e8960d123)
09-07 14:30:54.319 18947 18947 F DEBUG   :       #02 pc 0000000000008df0  /vendor/bin/hw/vendor.harman.LogManager@1.0-service (LM::LogManagerImpl::load_plugin_conf(void*, std::__1::basic_string<char, std::__1::char_traits<char>, std::__1::allocator<char> >, std::__1::multimap<std::__1::basic_string<char, std::__1::char_traits<char>, std::__1::allocator<char> >, int, std::__1::less<std::__1::basic_string<char, std::__1::char_traits<char>, std::__1::allocator<char> > >, std::__1::allocator<std::__1::pair<std::__1::basic_string<char, std::__1::char_traits<char>, std::__1::allocator<char> > const, int> > >&)+752) (BuildId: 3e966ab64050b441b920ba0e8960d123)
09-07 14:30:54.319 18947 18947 F DEBUG   :       #03 pc 00000000000088c0  /vendor/bin/hw/vendor.harman.LogManager@1.0-service (LM::LogManagerImpl::loadplugins()+436) (BuildId: 3e966ab64050b441b920ba0e8960d123)
09-07 14:30:54.319 18947 18947 F DEBUG   :       #04 pc 0000000000007af8  /vendor/bin/hw/vendor.harman.LogManager@1.0-service (main+1112) (BuildId: 3e966ab64050b441b920ba0e8960d123)
09-07 14:30:54.319 18947 18947 F DEBUG   :       #05 pc 000000000004988c  /apex/com.android.runtime/lib64/bionic/libc.so (__libc_init+108) (BuildId: 2b7c6e33413ac7278a15dfc3ea383089)
01-01 00:05:57.331     0     0 D logd    : logdr: UID=0 GID=1000 PID=18947 n tail=50 logMask=8 pid=18943 start=0ns timeout=0ns
01-01 00:05:57.342     0     0 D logd    : logdr: UID=0 GID=1000 PID=18947 n tail=50 logMask=1 pid=18943 start=0ns timeout=0ns
01-01 00:05:57.367     0     0 D logd    : logdr: UID=0 GID=1000 PID=18947 n tail=0 logMask=8 pid=18943 start=0ns timeout=0ns
01-01 00:05:57.381     0     0 D logd    : logdr: UID=0 GID=1000 PID=18947 n tail=0 logMask=1 pid=18943 start=0ns timeout=0ns
09-07 14:30:54.401  1033  1270 W NativeCrashListener: Couldn't find ProcessRecord for pid 18943
09-07 14:30:54.354   512 13241 I chatty  : uid=1041(audioserver) reader identical 1 line
09-07 14:30:54.384   512 13241 D HarmanHAL: StreamIn::getCapturePositionImpl
09-07 14:30:54.401 18947 18947 E crash_dump64: AM data write failed: Broken pipe
09-07 14:30:54.403   463   463 E tombstoned: Tombstone written to: /data/tombstones/tombstone_37
01-01 00:05:57.394     0     0 I init    : Untracked pid 18947 exited with status 0
09-07 14:30:54.410  1033  1095 I BootReceiver: Copying /data/tombstones/tombstone_37 to DropBox (SYSTEM_TOMBSTONE)
09-07 14:30:54.413  1033  1095 I DropBoxManagerService: add tag=SYSTEM_TOMBSTONE isTagEnabled=true flags=0x2
09-07 14:30:54.414   512 13241 D HarmanHAL: StreamIn::getCapturePositionImpl
09-07 14:30:54.444   512 13241 D HarmanHAL: StreamIn::getCapturePositionImpl
09-07 14:30:54.473   532   569 W ipcLib  : ipcLib: in ipc_lib. DV1 read called
09-07 14:30:54.474   532   568 I VPS     : VPS:IOCStatusInfo.VoltageStatus->0 
09-07 14:30:54.474   532   568 I VPS     : VPS:IOCStatusInfo.IOCStatusCmd->a6 
09-07 14:30:54.474   532   568 I VPS     : VPS:IOCStatusInfo.WakeUpReason->0 
09-07 14:30:54.474   532   568 I VPS     : VPS:IOCStatusInfo.DerivedIgnitionStatus->0 
09-07 14:30:54.474   532   568 I VPS     : VPS:IOCStatusInfo.PowerModeState->4 
09-07 14:30:54.474   532   568 I VPS     : VPS:IOCStatusInfo.SOCShutdownRequest->0 
09-07 14:30:54.474   532   568 I VPS     : VPS:IOCStatusInfo.AntiTheftState->0 
09-07 14:30:54.474   532   568 I VPS     : VPS:IOCStatusInfo.BatteryConnect->0 
09-07 14:30:54.475   512 13241 D HarmanHAL: StreamIn::getCapturePositionImpl
09-07 14:30:54.481   538   618 W ipcLib  : ipcLib: in ipc_lib. DV1 read called
09-07 14:30:54.514   512 13241 D HarmanHAL: StreamIn::getCapturePositionImpl
09-07 14:30:54.674   512 13241 I chatty  : uid=1041(audioserver) reader identical 5 lines
09-07 14:30:54.704   512 13241 D HarmanHAL: StreamIn::getCapturePositionImpl
09-07 14:30:54.705   512 13133 I HarmanHal.Routing: hacs alsa node(pcmMicRefIn_c) adtm interval_min:0 ms, inverval_max:11 ms, inverval_mean:7 ms!
09-07 14:30:54.705   512 13133 I HarmanHal.Routing:  in printADTM() PcmAlsaWrapper.cpp:876
09-07 14:30:54.711   512 13159 I HarmanHal.Routing: hacs alsa node(pcmBtHfp_ul_pro_p) adtm interval_min:2 ms, inverval_max:12 ms, inverval_mean:8 ms!
09-07 14:30:54.711   512 13159 I HarmanHal.Routing:  in printADTM() PcmAlsaWrapper.cpp:876
09-07 14:30:54.734   512 13241 D HarmanHAL: StreamIn::getCapturePositionImpl
09-07 14:30:54.745   537   722 I TunerCommon: CTunerTimer::startTimer: altMsecTimeout = 15000
09-07 14:30:54.746   537   711 W TunerCommon: EventThd::run:deliverEvent: OK
09-07 14:30:54.765   512 13241 D HarmanHAL: StreamIn::getCapturePositionImpl
09-07 14:30:54.795   512 13241 D HarmanHAL: StreamIn::getCapturePositionImpl
09-07 14:30:54.813   512 13169 I HarmanHal.Routing: hacs alsa node(pcmBtHfp_dl_pre_c) adtm interval_min:0 ms, inverval_max:10 ms, inverval_mean:7 ms!
09-07 14:30:54.813   512 13169 I HarmanHal.Routing:  in printADTM() PcmAlsaWrapper.cpp:876
09-07 14:30:54.814   512 13169 I HarmanHal.Routing: hacs alsa node(pcmHfp_dl_p) adtm interval_min:0 ms, inverval_max:11 ms, inverval_mean:8 ms!
09-07 14:30:54.814   512 13169 I HarmanHal.Routing:  in printADTM() PcmAlsaWrapper.cpp:876
09-07 14:30:54.835   512 13241 D HarmanHAL: StreamIn::getCapturePositionImpl
09-07 14:30:54.864   512 13241 I chatty  : uid=1041(audioserver) reader identical 1 line
09-07 14:30:54.894   512 13241 D HarmanHAL: StreamIn::getCapturePositionImpl
09-07 14:30:54.904   536   612 E pathology: [ProcessCrashHandler:: parseTombstoneFileName]string not found
09-07 14:30:54.905   536   612 I chatty  : uid=0(root) vendor.harman.p identical 4 lines
09-07 14:30:54.905   536   612 E pathology: [ProcessCrashHandler:: parseTombstoneFileName]string not found
09-07 14:30:54.917   512 13158 D AudioProcessing: sseApply [handle 0xbc80d90][type 512] start..
09-07 14:30:54.917   512 13158 D AudioProcessing: sseProcess ul audioIO content print-1 [256] [2] [4] [1] 
09-07 14:30:54.917   512 13158 D AudioProcessing: sseProcess ul audioIO content print-2 [6] [1] [0x3bcbc5a0] [0x5bc7ede0] 
09-07 14:30:54.917   512 13158 D AudioProcessing: sseProcess ul audioIO content print-3 [0x1bca1320 [0x8bc84110] [0x1bc9f9b0] sse->pMain is [0x2bca4a60] 
09-07 14:30:54.917   512 13158 D AudioProcessing: sseProcess ul [handle 0xbc80d90]  ret[0]
09-07 14:30:54.917   512 13158 D AudioProcessing: sseProcess ul AudioBufferSampleCnt[256] type[512] finish..
09-07 14:30:54.924   512 13241 I HarmanHal.Routing: hacs alsa node(pcmTunerIn_c) adtm interval_min:27 ms, inverval_max:40 ms, inverval_mean:31 ms!
09-07 14:30:54.924   512 13241 I HarmanHal.Routing:  in printADTM() PcmAlsaWrapper.cpp:876
09-07 14:30:54.926   512 13241 D HarmanHAL: StreamIn::getCapturePositionImpl
09-07 14:30:54.954   512 13241 I chatty  : uid=1041(audioserver) reader identical 1 line
09-07 14:30:54.995   512 13241 D HarmanHAL: StreamIn::getCapturePositionImpl
09-07 14:30:55.023   512 13169 D AudioProcessing: sseApply [handle 0xbc83090][type 768] start..
09-07 14:30:55.023   512 13169 D AudioProcessing: sseProcess dl audioIO content print-1 [256] [2] [1] [1] 
09-07 14:30:55.023   512 13169 D AudioProcessing: sseProcess dl audioIO content print-2 [1] [1] [0x0xb40000763bcc28d0] [0x0xb40000761bca6b00] 
09-07 14:30:55.023   512 13169 D AudioProcessing: sseProcess dl audioIO content print-3 [0x0xb40000761bca7fd0] [0x0xb40000761bcabe40] [0x0xb40000761bca5880] sse->pMain is [0x0xb40000772bcb4e80] 
09-07 14:30:55.024   512 13169 D AudioProcessing: sseProcess dl [handle 0xbc83090] ret[0]
09-07 14:30:55.024   512 13169 D AudioProcessing: sseProcess dl AudioBufferSampleCnt[256] type[768] finish..
09-07 14:30:55.024   512 13241 D HarmanHAL: StreamIn::getCapturePositionImpl
09-07 14:30:55.244   512 13241 I chatty  : uid=1041(audioserver) reader identical 7 lines
09-07 14:30:55.274   512 13241 D HarmanHAL: StreamIn::getCapturePositionImpl
09-07 14:30:55.280   512  3972 I HarmanHal.Routing: hacs alsa node(pcmMedia_p) adtm interval_min:0 ms, inverval_max:10 ms, inverval_mean:8 ms!
09-07 14:30:55.280   512  3972 I HarmanHal.Routing:  in printADTM() PcmAlsaWrapper.cpp:876
09-07 14:30:55.314   512 13241 D HarmanHAL: StreamIn::getCapturePositionImpl
09-07 14:30:55.345   512 13241 D HarmanHAL: StreamIn::getCapturePositionImpl
09-07 14:30:55.343   536   536 I vendor.harman.p: type=1400 audit(0.0:3695): avc: denied { write } for name="2" dev="dm-4" ino=49241 scontext=u:r:pathologyd:s0 tcontext=u:object_r:vendor_data_file:s0 tclass=dir permissive=1
09-07 14:30:55.343   536   536 I vendor.harman.p: type=1400 audit(0.0:3696): avc: denied { add_name } for name="PROCCRASH_PF_1631025054.lz4" scontext=u:r:pathologyd:s0 tcontext=u:object_r:vendor_data_file:s0 tclass=dir permissive=1
09-07 14:30:55.343   536   536 I vendor.harman.p: type=1400 audit(0.0:3697): avc: denied { create } for name="PROCCRASH_PF_1631025054.lz4" scontext=u:r:pathologyd:s0 tcontext=u:object_r:vendor_data_file:s0 tclass=file permissive=1
09-07 14:30:55.343   536   536 I vendor.harman.p: type=1400 audit(0.0:3698): avc: denied { write open } for path="/data/vendor/pathologyArchive/2/PROCCRASH_PF_1631025054.lz4" dev="dm-4" ino=49346 scontext=u:r:pathologyd:s0 tcontext=u:object_r:vendor_data_file:s0 tclass=file permissive=1
09-07 14:30:55.374   512 13241 D HarmanHAL: StreamIn::getCapturePositionImpl
09-07 14:30:55.404   512 13241 D HarmanHAL: StreamIn::getCapturePositionImpl
09-07 14:30:55.425   911  4981 D BufferPoolAccessor2.0: bufferpool2 0xb400007205c6d498 : 2(1048576 size) total buffers - 1(524288 size) used buffers - 4036/4046 (recycle/alloc) - 25/4046 (fetch/transfer)
09-07 14:30:55.434   512 13241 D HarmanHAL: StreamIn::getCapturePositionImpl
09-07 14:30:55.475   512 13241 D HarmanHAL: StreamIn::getCapturePositionImpl
09-07 14:30:55.481   538   618 W ipcLib  : ipcLib: in ipc_lib. DV1 read called
09-07 14:30:55.505   512 13241 D HarmanHAL: StreamIn::getCapturePositionImpl
09-07 14:30:55.664   512 13241 I chatty  : uid=1041(audioserver) reader identical 5 lines
09-07 14:30:55.694   512 13241 D HarmanHAL: StreamIn::getCapturePositionImpl
09-07 14:30:55.707   512 13133 I HarmanHal.Routing: hacs alsa node(pcmMicRefIn_c) adtm interval_min:0 ms, inverval_max:12 ms, inverval_mean:8 ms!
09-07 14:30:55.707   512 13133 I HarmanHal.Routing:  in printADTM() PcmAlsaWrapper.cpp:876
09-07 14:30:55.713   512 13159 I HarmanHal.Routing: hacs alsa node(pcmBtHfp_ul_pro_p) adtm interval_min:2 ms, inverval_max:13 ms, inverval_mean:8 ms!
09-07 14:30:55.713   512 13159 I HarmanHal.Routing:  in printADTM() PcmAlsaWrapper.cpp:876
09-07 14:30:55.724   512 13241 D HarmanHAL: StreamIn::getCapturePositionImpl
09-07 14:30:55.754   512 13241 I chatty  : uid=1041(audioserver) reader identical 1 line
09-07 14:30:55.795   512 13241 D HarmanHAL: StreamIn::getCapturePositionImpl
09-07 14:30:55.814   512 13169 I HarmanHal.Routing: hacs alsa node(pcmBtHfp_dl_pre_c) adtm interval_min:0 ms, inverval_max:11 ms, inverval_mean:8 ms!
09-07 14:30:55.814   512 13169 I HarmanHal.Routing:  in printADTM() PcmAlsaWrapper.cpp:876
09-07 14:30:55.814   512 13169 I HarmanHal.Routing: hacs alsa node(pcmHfp_dl_p) adtm interval_min:0 ms, inverval_max:11 ms, inverval_mean:8 ms!
09-07 14:30:55.814   512 13169 I HarmanHal.Routing:  in printADTM() PcmAlsaWrapper.cpp:876
09-07 14:30:55.824   512 13241 D HarmanHAL: StreamIn::getCapturePositionImpl
09-07 14:30:55.854   512 13241 I chatty  : uid=1041(audioserver) reader identical 1 line
09-07 14:30:55.885   512 13241 D HarmanHAL: StreamIn::getCapturePositionImpl
09-07 14:30:55.914   512 13241 I HarmanHal.Routing: hacs alsa node(pcmTunerIn_c) adtm interval_min:30 ms, inverval_max:40 ms, inverval_mean:31 ms!
09-07 14:30:55.914   512 13241 I HarmanHal.Routing:  in printADTM() PcmAlsaWrapper.cpp:876
09-07 14:30:55.915   512 13241 D HarmanHAL: StreamIn::getCapturePositionImpl
01-01 00:05:58.954     0     0 W audit   : audit_lost=1861 audit_rate_limit=5 audit_backlog_limit=64
01-01 00:05:58.954     0     0 E audit   : rate limit exceeded
09-07 14:30:55.954   512 13241 D HarmanHAL: StreamIn::getCapturePositionImpl
09-07 14:30:55.959   536   536 I vendor.harman.p: type=1400 audit(0.0:3699): avc: denied { read } for name="2" dev="dm-4" ino=49241 scontext=u:r:pathologyd:s0 tcontext=u:object_r:vendor_data_file:s0 tclass=dir permissive=1
09-07 14:30:55.985   512 13241 D HarmanHAL: StreamIn::getCapturePositionImpl
09-07 14:30:56.234   512 13241 I chatty  : uid=1041(audioserver) reader identical 8 lines
09-07 14:30:56.274   512 13241 D HarmanHAL: StreamIn::getCapturePositionImpl
09-07 14:30:56.280   512  3972 I HarmanHal.Routing: hacs alsa node(pcmMedia_p) adtm interval_min:0 ms, inverval_max:10 ms, inverval_mean:8 ms!
09-07 14:30:56.280   512  3972 I HarmanHal.Routing:  in printADTM() PcmAlsaWrapper.cpp:876
09-07 14:30:56.305   512 13241 D HarmanHAL: StreamIn::getCapturePositionImpl
09-07 14:30:56.435   512 13241 I chatty  : uid=1041(audioserver) reader identical 4 lines
09-07 14:30:56.465   512 13241 D HarmanHAL: StreamIn::getCapturePositionImpl
09-07 14:30:56.481   538   618 W ipcLib  : ipcLib: in ipc_lib. DV1 read called
09-07 14:30:56.494   512 13241 D HarmanHAL: StreamIn::getCapturePositionImpl
09-07 14:30:56.517   512 13158 D AudioProcessing: sseApply [handle 0xbc80d90][type 512] start..
09-07 14:30:56.518   512 13158 D AudioProcessing: sseProcess ul audioIO content print-1 [256] [2] [4] [1] 
09-07 14:30:56.518   512 13158 D AudioProcessing: sseProcess ul audioIO content print-2 [6] [1] [0x3bcbc5a0] [0x5bc7ede0] 
09-07 14:30:56.518   512 13158 D AudioProcessing: sseProcess ul audioIO content print-3 [0x1bca1320 [0x8bc84110] [0x1bc9f9b0] sse->pMain is [0x2bca4a60] 
09-07 14:30:56.519   512 13158 D AudioProcessing: sseProcess ul [handle 0xbc80d90]  ret[0]
09-07 14:30:56.519   512 13158 D AudioProcessing: sseProcess ul AudioBufferSampleCnt[256] type[512] finish..
09-07 14:30:56.524   512 13241 D HarmanHAL: StreamIn::getCapturePositionImpl
09-07 14:30:56.554   512 13241 D HarmanHAL: StreamIn::getCapturePositionImpl
09-07 14:30:56.573   532   569 W ipcLib  : ipcLib: in ipc_lib. DV1 read called
09-07 14:30:56.573   532   568 I VPS     : VPS:IOCStatusInfo.VoltageStatus->0 
09-07 14:30:56.574   532   568 I VPS     : VPS:IOCStatusInfo.IOCStatusCmd->a6 
09-07 14:30:56.574   532   568 I VPS     : VPS:IOCStatusInfo.WakeUpReason->0 
09-07 14:30:56.574   532   568 I VPS     : VPS:IOCStatusInfo.DerivedIgnitionStatus->0 
09-07 14:30:56.574   532   568 I VPS     : VPS:IOCStatusInfo.PowerModeState->4 
09-07 14:30:56.574   532   568 I VPS     : VPS:IOCStatusInfo.SOCShutdownRequest->0 
09-07 14:30:56.574   532   568 I VPS     : VPS:IOCStatusInfo.AntiTheftState->0 
09-07 14:30:56.574   532   568 I VPS     : VPS:IOCStatusInfo.BatteryConnect->0 
09-07 14:30:56.594   512 13241 D HarmanHAL: StreamIn::getCapturePositionImpl
09-07 14:30:56.623   512 13169 D AudioProcessing: sseApply [handle 0xbc83090][type 768] start..
09-07 14:30:56.623   512 13169 D AudioProcessing: sseProcess dl audioIO content print-1 [256] [2] [1] [1] 
09-07 14:30:56.623   512 13169 D AudioProcessing: sseProcess dl audioIO content print-2 [1] [1] [0x0xb40000763bcc28d0] [0x0xb40000761bca6b00] 
09-07 14:30:56.623   512 13169 D AudioProcessing: sseProcess dl audioIO content print-3 [0x0xb40000761bca7fd0] [0x0xb40000761bcabe40] [0x0xb40000761bca5880] sse->pMain is [0x0xb40000772bcb4e80] 
09-07 14:30:56.624   512 13169 D AudioProcessing: sseProcess dl [handle 0xbc83090] ret[0]
09-07 14:30:56.624   512 13169 D AudioProcessing: sseProcess dl AudioBufferSampleCnt[256] type[768] finish..
09-07 14:30:56.624   512 13241 D HarmanHAL: StreamIn::getCapturePositionImpl
09-07 14:30:56.654   512 13241 I chatty  : uid=1041(audioserver) reader identical 1 line
09-07 14:30:56.684   512 13241 D HarmanHAL: StreamIn::getCapturePositionImpl
09-07 14:30:56.706   512 13133 I HarmanHal.Routing: hacs alsa node(pcmMicRefIn_c) adtm interval_min:0 ms, inverval_max:13 ms, inverval_mean:7 ms!
09-07 14:30:56.706   512 13133 I HarmanHal.Routing:  in printADTM() PcmAlsaWrapper.cpp:876
09-07 14:30:56.711   512 13159 I HarmanHal.Routing: hacs alsa node(pcmBtHfp_ul_pro_p) adtm interval_min:2 ms, inverval_max:12 ms, inverval_mean:7 ms!
09-07 14:30:56.711   512 13159 I HarmanHal.Routing:  in printADTM() PcmAlsaWrapper.cpp:876
09-07 14:30:56.714   512 13241 D HarmanHAL: StreamIn::getCapturePositionImpl
09-07 14:30:56.755   512 13241 I chatty  : uid=1041(audioserver) reader identical 1 line
09-07 14:30:56.784   512 13241 D HarmanHAL: StreamIn::getCapturePositionImpl
09-07 14:30:56.813   512 13169 I HarmanHal.Routing: hacs alsa node(pcmBtHfp_dl_pre_c) adtm interval_min:0 ms, inverval_max:10 ms, inverval_mean:7 ms!
09-07 14:30:56.813   512 13169 I HarmanHal.Routing:  in printADTM() PcmAlsaWrapper.cpp:876
09-07 14:30:56.814   512 13241 D HarmanHAL: StreamIn::getCapturePositionImpl
09-07 14:30:56.815   512 13169 I HarmanHal.Routing: hacs alsa node(pcmHfp_dl_p) adtm interval_min:0 ms, inverval_max:11 ms, inverval_mean:8 ms!
09-07 14:30:56.815   512 13169 I HarmanHal.Routing:  in printADTM() PcmAlsaWrapper.cpp:876
09-07 14:30:56.844   512 13241 D HarmanHAL: StreamIn::getCapturePositionImpl
09-07 14:30:56.875   512 13241 D HarmanHAL: StreamIn::getCapturePositionImpl
09-07 14:30:56.914   512 13241 I HarmanHal.Routing: hacs alsa node(pcmTunerIn_c) adtm interval_min:29 ms, inverval_max:40 ms, inverval_mean:32 ms!
09-07 14:30:56.914   512 13241 I HarmanHal.Routing:  in printADTM() PcmAlsaWrapper.cpp:876
09-07 14:30:56.915   512 13241 D HarmanHAL: StreamIn::getCapturePositionImpl
09-07 14:30:57.235   512 13241 I chatty  : uid=1041(audioserver) reader identical 10 lines
09-07 14:30:57.264   512 13241 D HarmanHAL: StreamIn::getCapturePositionImpl
09-07 14:30:57.280   512  3972 I HarmanHal.Routing: hacs alsa node(pcmMedia_p) adtm interval_min:1 ms, inverval_max:11 ms, inverval_mean:8 ms!
09-07 14:30:57.280   512  3972 I HarmanHal.Routing:  in printADTM() PcmAlsaWrapper.cpp:876
09-07 14:30:57.294   512 13241 D HarmanHAL: StreamIn::getCapturePositionImpl
09-07 14:30:57.424   512 13241 I chatty  : uid=1041(audioserver) reader identical 4 lines
09-07 14:30:57.454   512 13241 D HarmanHAL: StreamIn::getCapturePositionImpl
09-07 14:30:57.481   538   618 W ipcLib  : ipcLib: in ipc_lib. DV1 read called
09-07 14:30:57.484   512 13241 D HarmanHAL: StreamIn::getCapturePositionImpl
09-07 14:30:57.644   512 13241 I chatty  : uid=1041(audioserver) reader identical 5 lines
09-07 14:30:57.675   512 13241 D HarmanHAL: StreamIn::getCapturePositionImpl
09-07 14:30:57.701  1033  1175 E ActivityManager: Sending non-protected broadcast com.redbend.client.SET_ALARM from system uid 1000 pkg com.harman.softwareUpdate
09-07 14:30:57.701  1033  1175 E ActivityManager: java.lang.Throwable
09-07 14:30:57.701  1033  1175 E ActivityManager: 	at com.android.server.am.ActivityManagerService.checkBroadcastFromSystem(ActivityManagerService.java:15914)
09-07 14:30:57.701  1033  1175 E ActivityManager: 	at com.android.server.am.ActivityManagerService.broadcastIntentLocked(ActivityManagerService.java:16585)
09-07 14:30:57.701  1033  1175 E ActivityManager: 	at com.android.server.am.ActivityManagerService.broadcastIntentInPackage(ActivityManagerService.java:16764)
09-07 14:30:57.701  1033  1175 E ActivityManager: 	at com.android.server.am.ActivityManagerService$LocalService.broadcastIntentInPackage(ActivityManagerService.java:19425)
09-07 14:30:57.701  1033  1175 E ActivityManager: 	at com.android.server.am.PendingIntentRecord.sendInner(PendingIntentRecord.java:442)
09-07 14:30:57.701  1033  1175 E ActivityManager: 	at com.android.server.am.PendingIntentRecord.sendWithResult(PendingIntentRecord.java:285)
09-07 14:30:57.701  1033  1175 E ActivityManager: 	at com.android.server.am.ActivityManagerService.sendIntentSender(ActivityManagerService.java:5732)
09-07 14:30:57.701  1033  1175 E ActivityManager: 	at android.app.PendingIntent.sendAndReturnResult(PendingIntent.java:913)
09-07 14:30:57.701  1033  1175 E ActivityManager: 	at android.app.PendingIntent.send(PendingIntent.java:884)
09-07 14:30:57.701  1033  1175 E ActivityManager: 	at com.android.server.AlarmManagerService$DeliveryTracker.deliverLocked(AlarmManagerService.java:4733)
09-07 14:30:57.701  1033  1175 E ActivityManager: 	at com.android.server.AlarmManagerService.deliverAlarmsLocked(AlarmManagerService.java:3868)
09-07 14:30:57.701  1033  1175 E ActivityManager: 	at com.android.server.AlarmManagerService$AlarmThread.run(AlarmManagerService.java:4112)
09-07 14:30:57.703  1986  3683 I vDM (Thread-5): android/vdm_smm_pl.c.  107: [SMM] ACQUIRE WakeLock smm(0)
09-07 14:30:57.705  1033  1064 I DropBoxManagerService: add tag=system_server_wtf isTagEnabled=true flags=0x2
09-07 14:30:57.706   512 13133 I HarmanHal.Routing: hacs alsa node(pcmMicRefIn_c) adtm interval_min:0 ms, inverval_max:12 ms, inverval_mean:8 ms!
09-07 14:30:57.706   512 13133 I HarmanHal.Routing:  in printADTM() PcmAlsaWrapper.cpp:876
09-07 14:30:57.712   512 13159 I HarmanHal.Routing: hacs alsa node(pcmBtHfp_ul_pro_p) adtm interval_min:2 ms, inverval_max:13 ms, inverval_mean:8 ms!
09-07 14:30:57.712   512 13159 I HarmanHal.Routing:  in printADTM() PcmAlsaWrapper.cpp:876
09-07 14:30:57.712  1986  3683 V vDM (Thread-5): android/vdm_smm_pl.c.  233: [SMM] Timeout waiting for smm, passed 28s
09-07 14:30:57.712  1986  3683 I swupdate: BasicService: Resetting Alarm ID 1
09-07 14:30:57.715   512 13241 D HarmanHAL: StreamIn::getCapturePositionImpl
09-07 14:30:57.715  1986  3683 V vDM (Thread-5): src/vdm_smm_static.c.  786: [SMM] Timeout will be at 2021-09-07 14:31:26 for SM: SCOMO_SWM
09-07 14:30:57.715  1986  3683 V vDM (Thread-5): src/vdm_smm_static.c. 1346: [SMM] received Event SMM_SAVED_TO_PS
09-07 14:30:57.715  1986  3683 V vDM (Thread-5): /src/vdm_smm_event.c.   96: [SMM] Event name=SMM_SAVED_TO_PS, without variables
09-07 14:30:57.715  1986  3683 V vDM (Thread-5): /src/vdm_smm_event.c.  121: [SMM] End event: SMM_SAVED_TO_PS
09-07 14:30:57.716  1986  3683 V vDM (Thread-5): src/vdm_smm_static.c. 1367: [SMM] --------- Finished handling SM event SMM_SAVED_TO_PS -----------
09-07 14:30:57.716  1986  1986 I swupdate: BasicService: Alarm ID 1 expired
09-07 14:30:57.717  1986  3683 V vDM (Thread-5): src/vdm_smm_static.c. 1346: [SMM] received Event DMA_MSG_INT_TIMEOUT
09-07 14:30:57.717  1986  3683 V vDM (Thread-5): /src/vdm_smm_event.c.   96: [SMM] Event name=DMA_MSG_INT_TIMEOUT, variables:
09-07 14:30:57.717  1986  3683 V vDM (Thread-5): /src/vdm_smm_event.c.  117: [SMM] str variable(#1): INSTANCE_VAR=none
09-07 14:30:57.717  1986  3683 V vDM (Thread-5): /src/vdm_smm_event.c.  121: [SMM] End event: DMA_MSG_INT_TIMEOUT
09-07 14:30:57.717  1986  3683 V vDM (Thread-5): src/vdm_smm_static.c. 1109: [SMM] DMA_SYNC_TIMEOUTS: DMA_SYNC_TIMEOUTS_dummy -> DMA_SYNC_TIMEOUTS_I_sync
09-07 14:30:57.717  1986  3683 V vDM (Thread-5): src/vdm_smm_static.c.  809: [SMM] curr time 2021-09-07 14:30:57
09-07 14:30:57.717  1986  3683 V vDM (Thread-5): src/vdm_smm_static.c.  810: [SMM] SM: DMA_SYNC_TIMEOUTS Timeout configured for 2021-09-07 14:35:58
09-07 14:30:57.715  1986  1986 I Thread-5: type=1400 audit(0.0:3701): avc: denied { read } for name="cache" dev="dm-2" ino=16 scontext=u:r:system_app:s0 tcontext=u:object_r:cache_file:s0 tclass=lnk_file permissive=1
09-07 14:30:57.715  1986  1986 I Thread-5: type=1400 audit(0.0:3702): avc: denied { search } for name="cache" dev="dm-4" ino=262146 scontext=u:r:system_app:s0 tcontext=u:object_r:cache_file:s0 tclass=dir permissive=1
09-07 14:30:57.715  1986  1986 I Thread-5: type=1400 audit(0.0:3703): avc: denied { write } for name="swdl" dev="dm-4" ino=262154 scontext=u:r:system_app:s0 tcontext=u:object_r:cache_file:s0 tclass=dir permissive=1
09-07 14:30:57.715  1986  1986 I Thread-5: type=1400 audit(0.0:3704): avc: denied { add_name } for name="reg_new.conf" scontext=u:r:system_app:s0 tcontext=u:object_r:cache_file:s0 tclass=dir permissive=1
09-07 14:30:57.715  1986  1986 I Thread-5: type=1400 audit(0.0:3705): avc: denied { create } for name="reg_new.conf" scontext=u:r:system_app:s0 tcontext=u:object_r:cache_file:s0 tclass=file permissive=1
09-07 14:30:57.718  1986  3683 V vDM (Thread-5): src/vdm_smm_static.c. 1109: [SMM] DMA_SYNC_TIMEOUTS: DMA_SYNC_TIMEOUTS_I_sync -> DMA_SYNC_TIMEOUTS_dummy
09-07 14:30:57.719  1986  3683 V vDM (Thread-5): src/vdm_smm_static.c. 1367: [SMM] --------- Finished handling SM event DMA_MSG_INT_TIMEOUT -----------
09-07 14:30:57.719  1986  3683 V vDM (Thread-5): utl_persistentdata.c. 1026: [Util] ps_save: typeCryptInfo=0x0, typeCryptInfo->encrypt=0x0
01-01 00:06:00.711     0     0 W audit   : audit_lost=1862 audit_rate_limit=5 audit_backlog_limit=64
09-07 14:30:57.719  1986  3683 V vDM (Thread-5): utl_persistentdata.c. 1042: [Util] saving to persistent storage file: /cache/swdl/reg.conf
01-01 00:06:00.711     0     0 E audit   : rate limit exceeded
09-07 14:30:57.738  1986  3683 V vDM (Thread-5): utl_persistentdata.c. 1149: [Util] -ps_save
09-07 14:30:57.738  1986  3683 V vDM (Thread-5): src/vdm_smm_static.c.  786: [SMM] Timeout will be at 2021-09-07 14:31:26 for SM: SCOMO_SWM
09-07 14:30:57.738  1986  3683 I swupdate: BasicService: Setting Alarm ID 1 for Tue Sep 07 14:31:26 GMT 2021
09-07 14:30:57.739  1986  3683 I vDM (Thread-5): android/vdm_smm_pl.c.  123: [SMM] RELEASE WakeLock smm(1)
09-07 14:30:57.744   512 13241 D HarmanHAL: StreamIn::getCapturePositionImpl
09-07 14:30:57.774   512 13241 I chatty  : uid=1041(audioserver) reader identical 1 line
09-07 14:30:57.805   512 13241 D HarmanHAL: StreamIn::getCapturePositionImpl
09-07 14:30:57.814   512 13169 I HarmanHal.Routing: hacs alsa node(pcmBtHfp_dl_pre_c) adtm interval_min:0 ms, inverval_max:12 ms, inverval_mean:8 ms!
09-07 14:30:57.814   512 13169 I HarmanHal.Routing:  in printADTM() PcmAlsaWrapper.cpp:876
09-07 14:30:57.815   512 13169 I HarmanHal.Routing: hacs alsa node(pcmHfp_dl_p) adtm interval_min:0 ms, inverval_max:12 ms, inverval_mean:8 ms!
09-07 14:30:57.815   512 13169 I HarmanHal.Routing:  in printADTM() PcmAlsaWrapper.cpp:876
09-07 14:30:57.834   512 13241 D HarmanHAL: StreamIn::getCapturePositionImpl
01-01 00:06:00.832     0     0 I IRQ 5   : no longer affine to CPU5
09-07 14:30:57.874   512 13241 D HarmanHAL: StreamIn::getCapturePositionImpl
09-07 14:30:57.904   512 13241 I HarmanHal.Routing: hacs alsa node(pcmTunerIn_c) adtm interval_min:29 ms, inverval_max:40 ms, inverval_mean:31 ms!
09-07 14:30:57.904   512 13241 I HarmanHal.Routing:  in printADTM() PcmAlsaWrapper.cpp:876
09-07 14:30:57.905   512 13241 D HarmanHAL: StreamIn::getCapturePositionImpl
09-07 14:30:58.065   512 13241 I chatty  : uid=1041(audioserver) reader identical 5 lines
09-07 14:30:58.094   512 13241 D HarmanHAL: StreamIn::getCapturePositionImpl
09-07 14:30:58.117   512 13158 D AudioProcessing: sseApply [handle 0xbc80d90][type 512] start..
09-07 14:30:58.117   512 13158 D AudioProcessing: sseProcess ul audioIO content print-1 [256] [2] [4] [1] 
09-07 14:30:58.117   512 13158 D AudioProcessing: sseProcess ul audioIO content print-2 [6] [1] [0x3bcbc5a0] [0x5bc7ede0] 
09-07 14:30:58.117   512 13158 D AudioProcessing: sseProcess ul audioIO content print-3 [0x1bca1320 [0x8bc84110] [0x1bc9f9b0] sse->pMain is [0x2bca4a60] 
09-07 14:30:58.117   512 13158 D AudioProcessing: sseProcess ul [handle 0xbc80d90]  ret[0]
09-07 14:30:58.117   512 13158 D AudioProcessing: sseProcess ul AudioBufferSampleCnt[256] type[512] finish..
09-07 14:30:58.124   512 13241 D HarmanHAL: StreamIn::getCapturePositionImpl
09-07 14:30:58.154   512 13241 I chatty  : uid=1041(audioserver) reader identical 1 line
09-07 14:30:58.195   512 13241 D HarmanHAL: StreamIn::getCapturePositionImpl
09-07 14:30:58.223   512 13169 D AudioProcessing: sseApply [handle 0xbc83090][type 768] start..
09-07 14:30:58.223   512 13169 D AudioProcessing: sseProcess dl audioIO content print-1 [256] [2] [1] [1] 
09-07 14:30:58.223   512 13169 D AudioProcessing: sseProcess dl audioIO content print-2 [1] [1] [0x0xb40000763bcc28d0] [0x0xb40000761bca6b00] 
09-07 14:30:58.224   512 13169 D AudioProcessing: sseProcess dl audioIO content print-3 [0x0xb40000761bca7fd0] [0x0xb40000761bcabe40] [0x0xb40000761bca5880] sse->pMain is [0x0xb40000772bcb4e80] 
09-07 14:30:58.224   512 13241 D HarmanHAL: StreamIn::getCapturePositionImpl
09-07 14:30:58.224   512 13169 D AudioProcessing: sseProcess dl [handle 0xbc83090] ret[0]
09-07 14:30:58.225   512 13169 D AudioProcessing: sseProcess dl AudioBufferSampleCnt[256] type[768] finish..
09-07 14:30:58.254   512 13241 D HarmanHAL: StreamIn::getCapturePositionImpl
09-07 14:30:58.281   512  3972 I HarmanHal.Routing: hacs alsa node(pcmMedia_p) adtm interval_min:1 ms, inverval_max:11 ms, inverval_mean:8 ms!
09-07 14:30:58.281   512  3972 I HarmanHal.Routing:  in printADTM() PcmAlsaWrapper.cpp:876
09-07 14:30:58.285   512 13241 D HarmanHAL: StreamIn::getCapturePositionImpl
09-07 14:30:58.445   512 13241 I chatty  : uid=1041(audioserver) reader identical 5 lines
09-07 14:30:58.474   512 13241 D HarmanHAL: StreamIn::getCapturePositionImpl
09-07 14:30:58.481   538   618 W ipcLib  : ipcLib: in ipc_lib. DV1 read called
09-07 14:30:58.515   512 13241 D HarmanHAL: StreamIn::getCapturePositionImpl
09-07 14:30:58.605   512 13241 I chatty  : uid=1041(audioserver) reader identical 3 lines
09-07 14:30:58.634   512 13241 D HarmanHAL: StreamIn::getCapturePositionImpl
09-07 14:30:58.674   532   569 W ipcLib  : ipcLib: in ipc_lib. DV1 read called
09-07 14:30:58.674   512 13241 D HarmanHAL: StreamIn::getCapturePositionImpl
09-07 14:30:58.675   532   568 I VPS     : VPS:IOCStatusInfo.VoltageStatus->0 
09-07 14:30:58.675   532   568 I VPS     : VPS:IOCStatusInfo.IOCStatusCmd->a6 
09-07 14:30:58.675   532   568 I VPS     : VPS:IOCStatusInfo.WakeUpReason->0 
09-07 14:30:58.675   532   568 I VPS     : VPS:IOCStatusInfo.DerivedIgnitionStatus->0 
09-07 14:30:58.675   532   568 I VPS     : VPS:IOCStatusInfo.PowerModeState->4 
09-07 14:30:58.675   532   568 I VPS     : VPS:IOCStatusInfo.SOCShutdownRequest->0 
09-07 14:30:58.675   532   568 I VPS     : VPS:IOCStatusInfo.AntiTheftState->0 
09-07 14:30:58.675   532   568 I VPS     : VPS:IOCStatusInfo.BatteryConnect->0 
09-07 14:30:58.704   512 13241 D HarmanHAL: StreamIn::getCapturePositionImpl
09-07 14:30:58.705   512 13133 I HarmanHal.Routing: hacs alsa node(pcmMicRefIn_c) adtm interval_min:0 ms, inverval_max:12 ms, inverval_mean:7 ms!
09-07 14:30:58.705   512 13133 I HarmanHal.Routing:  in printADTM() PcmAlsaWrapper.cpp:876
09-07 14:30:58.711   512 13159 I HarmanHal.Routing: hacs alsa node(pcmBtHfp_ul_pro_p) adtm interval_min:2 ms, inverval_max:13 ms, inverval_mean:7 ms!
09-07 14:30:58.711   512 13159 I HarmanHal.Routing:  in printADTM() PcmAlsaWrapper.cpp:876
09-07 14:30:58.734   512 13241 D HarmanHAL: StreamIn::getCapturePositionImpl
09-07 14:30:58.765   512 13241 I chatty  : uid=1041(audioserver) reader identical 1 line
09-07 14:30:58.794   512 13241 D HarmanHAL: StreamIn::getCapturePositionImpl
09-07 14:30:58.813   512 13169 I HarmanHal.Routing: hacs alsa node(pcmBtHfp_dl_pre_c) adtm interval_min:0 ms, inverval_max:11 ms, inverval_mean:7 ms!
09-07 14:30:58.813   512 13169 I HarmanHal.Routing:  in printADTM() PcmAlsaWrapper.cpp:876
09-07 14:30:58.815   512 13169 I HarmanHal.Routing: hacs alsa node(pcmHfp_dl_p) adtm interval_min:0 ms, inverval_max:11 ms, inverval_mean:8 ms!
09-07 14:30:58.815   512 13169 I HarmanHal.Routing:  in printADTM() PcmAlsaWrapper.cpp:876
09-07 14:30:58.835   512 13241 D HarmanHAL: StreamIn::getCapturePositionImpl
09-07 14:30:58.865   512 13241 D HarmanHAL: StreamIn::getCapturePositionImpl
09-07 14:30:58.894   512 13241 I HarmanHal.Routing: hacs alsa node(pcmTunerIn_c) adtm interval_min:30 ms, inverval_max:40 ms, inverval_mean:31 ms!
09-07 14:30:58.894   512 13241 I HarmanHal.Routing:  in printADTM() PcmAlsaWrapper.cpp:876
09-07 14:30:58.895   512 13241 D HarmanHAL: StreamIn::getCapturePositionImpl
09-07 14:30:58.955   512 13241 I chatty  : uid=1041(audioserver) reader identical 2 lines
09-07 14:30:58.995   512 13241 D HarmanHAL: StreamIn::getCapturePositionImpl
09-07 14:30:59.000   532   569 I VPS     : VPS:VehiclePlatformSOCHeartBeatHandler IVI HeartBeat sent successfully SOCHeartBeatInfo.SOCStatus->2
09-07 14:30:59.000   532   569 W ipcLib  : ipcLib: in ipc_lib. DV1 write called
09-07 14:30:59.002   532   569 W ipcLib  : ipcLib: in ipc_lib. DV1 read called
09-07 14:30:59.025   512 13241 D HarmanHAL: StreamIn::getCapturePositionImpl
01-01 00:06:02.210     0     0 I init    : starting service 'qccsyshalservice'...
01-01 00:06:02.217     0     0 I init    : starting service 'vendor.sensors-hal-1-0'...
01-01 00:06:02.223     0     0 I init    : starting service 'LogManager'...
09-07 14:30:59.185   512 13241 I chatty  : uid=1041(audioserver) reader identical 5 lines
09-07 14:30:59.214   512 13241 D HarmanHAL: StreamIn::getCapturePositionImpl
09-07 14:30:59.244   376   376 I hwservicemanager: getTransport: Cannot find entry android.hardware.sensors@1.0::ISensors/default in either framework or device manifest.
09-07 14:30:59.245   512 13241 D HarmanHAL: StreamIn::getCapturePositionImpl
09-07 14:30:59.251 19119 19119 E android.hardware.sensors@1.0-service: Couldn't load sensors module (Unknown error -2147483648)
09-07 14:30:59.251 19119 19119 D RefBase : RefBase: Explicit destruction, weak count = 0 (in 0xb40000792e101758)
09-07 14:30:59.251 19119 19119 W RefBase : CallStack::getCurrentInternal not linked, returning null
09-07 14:30:59.251 19119 19119 W RefBase : CallStack::logStackInternal not linked
09-07 14:30:59.252 19119 19119 E LegacySupport: Could not get passthrough implementation for android.hardware.sensors@1.0::ISensors/default.
01-01 00:06:02.243     0     0 I init    : Service 'vendor.sensors-hal-1-0' (pid 19119) exited with status 1
01-01 00:06:02.244     0     0 I init    : Sending signal 9 to service 'vendor.sensors-hal-1-0' (pid 19119) process group...
09-07 14:30:59.257 19118 19118 I qccsyshalservice: Start with system binder
09-07 14:30:59.257 19118 19118 I qccsyshalservice: Registering qccsyshal service...
01-01 00:06:02.244     0     0 I libprocessgroup: Successfully killed process cgroup uid 1000 pid 19119 in 0ms
09-07 14:30:59.258   376   376 I hwservicemanager: getTransport: Cannot find entry vendor.qti.hardware.qccsyshal@1.0::IQccsyshal/qccsyshal in either framework or device manifest.
09-07 14:30:59.259 19118 19118 E HidlServiceManagement: Service vendor.qti.hardware.qccsyshal@1.0::IQccsyshal/qccsyshal must be in VINTF manifest in order to register/get.
09-07 14:30:59.259 19118 19118 E qccsyshalservice: [ERROR] registerAsService() failed with status: -2147483648
01-01 00:06:02.251     0     0 I init    : Service 'qccsyshalservice' (pid 19118) exited with status 1
01-01 00:06:02.251     0     0 I init    : Sending signal 9 to service 'qccsyshalservice' (pid 19118) process group...
01-01 00:06:02.251     0     0 I libprocessgroup: Successfully killed process cgroup uid 1000 pid 19118 in 0ms
09-07 14:30:59.264 19120 19120 D LOGMANAGER: LOGMANAGER HAL service init() start
09-07 14:30:59.264 19120 19120 D LOGMANAGER: Logmanager configured rpcthreadpool
09-07 14:30:59.259 19120 19120 I vendor.harman.L: type=1400 audit(0.0:3712): avc: denied { read } for name="u:object_r:hwservicemanager_prop:s0" dev="tmpfs" ino=24519 scontext=u:r:logmanagerd:s0 tcontext=u:object_r:hwservicemanager_prop:s0 tclass=file permissive=1
09-07 14:30:59.267 19120 19120 I HidlServiceManagement: Registered vendor.harman.hardware.LogManager@1.0::ILogManager/default
09-07 14:30:59.267 19120 19120 D LOGMANAGER: Logmanager HAL Service is registered and ready
09-07 14:30:59.267 19120 19120 I LOGMANAGER: ThreadPoolWrapper::initThreadPool
09-07 14:30:59.267 19120 19120 I LOGMANAGER: ThreadPoolWrapper : exit
09-07 14:30:59.267 19120 19120 D LOGMANAGER: Logmanager threadpoolwrapper created
09-07 14:30:59.267 19120 19120 D LOGMANAGER: User argument is -c
09-07 14:30:59.267 19120 19121 I LOGMANAGER: ThreadPoolWrapper:  enter the joinRpcThreadpool()
09-07 14:30:59.268 19120 19120 I LOGMANAGER: LogmanagerConfig is configured under config file
09-07 14:30:59.268 19120 19120 I LOGMANAGER: LoggingLevel is : 4
09-07 14:30:59.268 19120 19120 I LOGMANAGER: LogEnableState is : 0
09-07 14:30:59.268 19120 19120 I LOGMANAGER: OutputPluginConfiguration PluginType : LOGWRITTER
09-07 14:30:59.268 19120 19120 I LOGMANAGER: LM_OutputConfiguration : 1
09-07 14:30:59.268 19120 19120 I LOGMANAGER: LM_OfflineTraceDirectory : /data/cache
09-07 14:30:59.268 19120 19120 I LOGMANAGER: LM_OfflineTraceFILESize : 1000000
09-07 14:30:59.268 19120 19120 I LOGMANAGER: LM_OfflineTotalFILESSize : 20000000
09-07 14:30:59.268 19120 19120 I LOGMANAGER: LM_FileNameTimeStampBased : 0
09-07 14:30:59.268 19120 19120 I LOGMANAGER: Got IOC plugin
09-07 14:30:59.268 19120 19120 I LOGMANAGER: IOCIPCChannelNumber :6
09-07 14:30:59.268 19120 19120 I LOGMANAGER: keyseq: HOME + VOLUMEDOWN  for domain is AudioDump
09-07 14:30:59.268 19120 19120 I LOGMANAGER: keyseq: HOME + VOLUMEUP  for domain is HCIDump
09-07 14:30:59.268 19120 19120 I LOGMANAGER: Domains parsing is done
09-07 14:30:59.263 19120 19120 I vendor.harman.L: type=1400 audit(0.0:3716): avc: denied { dac_read_search } for capability=2 scontext=u:r:logmanagerd:s0 tcontext=u:r:logmanagerd:s0 tclass=capability permissive=1
01-01 00:06:02.258     0     0 W audit   : audit_lost=1868 audit_rate_limit=5 audit_backlog_limit=64
01-01 00:06:02.258     0     0 E audit   : rate limit exceeded
09-07 14:30:59.273 19120 19120 E LOGMANAGER: Failed to load plugin /vendor/lib64/libIOCDLogReader.so with error code dlopen failed: library "/vendor/lib64/libIOCDLogReader.so" not found 
09-07 14:30:59.273 19120 19120 F libc    : Fatal signal 11 (SIGSEGV), code 1 (SEGV_MAPERR), fault addr 0x0 in tid 19120 (vendor.harman.L), pid 19120 (vendor.harman.L)
09-07 14:30:59.274   512 13241 D HarmanHAL: StreamIn::getCapturePositionImpl
09-07 14:30:59.280   512  3972 I HarmanHal.Routing: hacs alsa node(pcmMedia_p) adtm interval_min:1 ms, inverval_max:10 ms, inverval_mean:7 ms!
09-07 14:30:59.280   512  3972 I HarmanHal.Routing:  in printADTM() PcmAlsaWrapper.cpp:876
09-07 14:30:59.293 19124 19124 I crash_dump64: obtaining output fd from tombstoned, type: kDebuggerdTombstone
09-07 14:30:59.294   463   463 I tombstoned: received crash request for pid 19120
09-07 14:30:59.296 19124 19124 I crash_dump64: performing dump of process 19120 (target tid = 19120)
09-07 14:30:59.301 19124 19124 F DEBUG   : *** *** *** *** *** *** *** *** *** *** *** *** *** *** *** ***
09-07 14:30:59.302 19124 19124 F DEBUG   : Build fingerprint: 'qti/titan_tml_b2/titan_tml_b2:11/RQ3A.210605.005/eng.ksong.20210907.134230:userdebug/test-keys'
09-07 14:30:59.303 19124 19124 F DEBUG   : Revision: '0'
09-07 14:30:59.303 19124 19124 F DEBUG   : ABI: 'arm64'
09-07 14:30:59.305 19124 19124 F DEBUG   : Timestamp: 2021-09-07 14:30:59+0000
09-07 14:30:59.305 19124 19124 F DEBUG   : pid: 19120, tid: 19120, name: vendor.harman.L  >>> /vendor/bin/hw/vendor.harman.LogManager@1.0-service <<<
09-07 14:30:59.305 19124 19124 F DEBUG   : uid: 0
09-07 14:30:59.306 19124 19124 F DEBUG   : signal 11 (SIGSEGV), code 1 (SEGV_MAPERR), fault addr 0x0
09-07 14:30:59.307 19124 19124 F DEBUG   : Cause: null pointer dereference
09-07 14:30:59.307 19124 19124 F DEBUG   :     x0  0000000000000000  x1  0000000000000000  x2  0000000000080001  x3  0000000000000000
09-07 14:30:59.307 19124 19124 F DEBUG   :     x4  0000000000000000  x5  0000000000000090  x6  fefefefefefefeff  x7  7f7f7f7f7f7f7f7f
09-07 14:30:59.307 19124 19124 F DEBUG   :     x8  0101010101010101  x9  c0bf9b2837d8b3a5  x10 0000007fe26808c8  x11 fffffffffffffffd
09-07 14:30:59.307 19124 19124 F DEBUG   :     x12 0000007fe2680a50  x13 000000000000008e  x14 000ff95a7d0dbc00  x15 0000000034155555
09-07 14:30:59.308 19124 19124 F DEBUG   :     x16 00000060ed9da7e0  x17 00000078a885bb30  x18 00000078a9de2000  x19 0000000000000000
09-07 14:30:59.308 19124 19124 F DEBUG   :     x20 00000078a8bbdc50  x21 0000007fe2681169  x22 b4000077a8343888  x23 0000007fe2681188
09-07 14:30:59.308 19124 19124 F DEBUG   :     x24 0000000000000000  x25 00000078a8f9f000  x26 0000007fe2681169  x27 0000007fe2681139
09-07 14:30:59.308 19124 19124 F DEBUG   :     x28 0000000000000000  x29 0000007fe2681070
09-07 14:30:59.309 19124 19124 F DEBUG   :     lr  00000060ed9d1048  sp  0000007fe2681070  pc  00000078a885bb40  pst 0000000080000000
09-07 14:30:59.314   512 13241 D HarmanHAL: StreamIn::getCapturePositionImpl
09-07 14:30:59.315 19124 19124 F DEBUG   : backtrace:
09-07 14:30:59.315 19124 19124 F DEBUG   :       #00 pc 000000000004ab40  /apex/com.android.runtime/lib64/bionic/libc.so (strlen_default+16) (BuildId: 2b7c6e33413ac7278a15dfc3ea383089)
09-07 14:30:59.315 19124 19124 F DEBUG   :       #01 pc 0000000000009044  /vendor/bin/hw/vendor.harman.LogManager@1.0-service (BuildId: 3e966ab64050b441b920ba0e8960d123)
09-07 14:30:59.315 19124 19124 F DEBUG   :       #02 pc 0000000000008df0  /vendor/bin/hw/vendor.harman.LogManager@1.0-service (LM::LogManagerImpl::load_plugin_conf(void*, std::__1::basic_string<char, std::__1::char_traits<char>, std::__1::allocator<char> >, std::__1::multimap<std::__1::basic_string<char, std::__1::char_traits<char>, std::__1::allocator<char> >, int, std::__1::less<std::__1::basic_string<char, std::__1::char_traits<char>, std::__1::allocator<char> > >, std::__1::allocator<std::__1::pair<std::__1::basic_string<char, std::__1::char_traits<char>, std::__1::allocator<char> > const, int> > >&)+752) (BuildId: 3e966ab64050b441b920ba0e8960d123)
09-07 14:30:59.315 19124 19124 F DEBUG   :       #03 pc 00000000000088c0  /vendor/bin/hw/vendor.harman.LogManager@1.0-service (LM::LogManagerImpl::loadplugins()+436) (BuildId: 3e966ab64050b441b920ba0e8960d123)
09-07 14:30:59.315 19124 19124 F DEBUG   :       #04 pc 0000000000007af8  /vendor/bin/hw/vendor.harman.LogManager@1.0-service (main+1112) (BuildId: 3e966ab64050b441b920ba0e8960d123)
09-07 14:30:59.315 19124 19124 F DEBUG   :       #05 pc 000000000004988c  /apex/com.android.runtime/lib64/bionic/libc.so (__libc_init+108) (BuildId: 2b7c6e33413ac7278a15dfc3ea383089)
01-01 00:06:02.333     0     0 D logd    : logdr: UID=0 GID=1000 PID=19124 n tail=50 logMask=8 pid=19120 start=0ns timeout=0ns
01-01 00:06:02.343     0     0 D logd    : logdr: UID=0 GID=1000 PID=19124 n tail=50 logMask=1 pid=19120 start=0ns timeout=0ns
01-01 00:06:02.367     0     0 D logd    : logdr: UID=0 GID=1000 PID=19124 n tail=0 logMask=8 pid=19120 start=0ns timeout=0ns
01-01 00:06:02.377     0     0 D logd    : logdr: UID=0 GID=1000 PID=19124 n tail=0 logMask=1 pid=19120 start=0ns timeout=0ns
09-07 14:30:59.396  1033  1270 W NativeCrashListener: Couldn't find ProcessRecord for pid 19120
09-07 14:30:59.345   512 13241 I chatty  : uid=1041(audioserver) reader identical 1 line
09-07 14:30:59.374   512 13241 D HarmanHAL: StreamIn::getCapturePositionImpl
09-07 14:30:59.397 19124 19124 E crash_dump64: AM data write failed: Broken pipe
09-07 14:30:59.398   463   463 E tombstoned: Tombstone written to: /data/tombstones/tombstone_38
01-01 00:06:02.389     0     0 I init    : Untracked pid 19124 exited with status 0
09-07 14:30:59.404   512 13241 D HarmanHAL: StreamIn::getCapturePositionImpl
09-07 14:30:59.405  1033  1095 I BootReceiver: Copying /data/tombstones/tombstone_38 to DropBox (SYSTEM_TOMBSTONE)
09-07 14:30:59.407  1033  1095 I DropBoxManagerService: add tag=SYSTEM_TOMBSTONE isTagEnabled=true flags=0x2
09-07 14:30:59.434   512 13241 I chatty  : uid=1041(audioserver) reader identical 1 line
09-07 14:30:59.475   512 13241 D HarmanHAL: StreamIn::getCapturePositionImpl
09-07 14:30:59.481   538   618 W ipcLib  : ipcLib: in ipc_lib. DV1 read called
09-07 14:30:59.505   512 13241 D HarmanHAL: StreamIn::getCapturePositionImpl
09-07 14:30:59.665   512 13241 I chatty  : uid=1041(audioserver) reader identical 5 lines
09-07 14:30:59.694   512 13241 D HarmanHAL: StreamIn::getCapturePositionImpl
09-07 14:30:59.706   512 13133 I HarmanHal.Routing: hacs alsa node(pcmMicRefIn_c) adtm interval_min:0 ms, inverval_max:11 ms, inverval_mean:8 ms!
09-07 14:30:59.706   512 13133 I HarmanHal.Routing:  in printADTM() PcmAlsaWrapper.cpp:876
09-07 14:30:59.711   512 13159 I HarmanHal.Routing: hacs alsa node(pcmBtHfp_ul_pro_p) adtm interval_min:2 ms, inverval_max:12 ms, inverval_mean:8 ms!
09-07 14:30:59.711   512 13159 I HarmanHal.Routing:  in printADTM() PcmAlsaWrapper.cpp:876
09-07 14:30:59.718   512 13158 D AudioProcessing: sseApply [handle 0xbc80d90][type 512] start..
09-07 14:30:59.718   512 13158 D AudioProcessing: sseProcess ul audioIO content print-1 [256] [2] [4] [1] 
09-07 14:30:59.718   512 13158 D AudioProcessing: sseProcess ul audioIO content print-2 [6] [1] [0x3bcbc5a0] [0x5bc7ede0] 
09-07 14:30:59.718   512 13158 D AudioProcessing: sseProcess ul audioIO content print-3 [0x1bca1320 [0x8bc84110] [0x1bc9f9b0] sse->pMain is [0x2bca4a60] 
09-07 14:30:59.719   512 13158 D AudioProcessing: sseProcess ul [handle 0xbc80d90]  ret[0]
09-07 14:30:59.719   512 13158 D AudioProcessing: sseProcess ul AudioBufferSampleCnt[256] type[512] finish..
09-07 14:30:59.724   512 13241 D HarmanHAL: StreamIn::getCapturePositionImpl
09-07 14:30:59.755   512 13241 I chatty  : uid=1041(audioserver) reader identical 1 line
09-07 14:30:59.795   512 13241 D HarmanHAL: StreamIn::getCapturePositionImpl
09-07 14:30:59.814   512 13169 I HarmanHal.Routing: hacs alsa node(pcmBtHfp_dl_pre_c) adtm interval_min:0 ms, inverval_max:10 ms, inverval_mean:8 ms!
09-07 14:30:59.814   512 13169 I HarmanHal.Routing:  in printADTM() PcmAlsaWrapper.cpp:876
09-07 14:30:59.815   512 13169 I HarmanHal.Routing: hacs alsa node(pcmHfp_dl_p) adtm interval_min:0 ms, inverval_max:12 ms, inverval_mean:8 ms!
09-07 14:30:59.815   512 13169 I HarmanHal.Routing:  in printADTM() PcmAlsaWrapper.cpp:876
09-07 14:30:59.823   512 13169 D AudioProcessing: sseApply [handle 0xbc83090][type 768] start..
09-07 14:30:59.823   512 13169 D AudioProcessing: sseProcess dl audioIO content print-1 [256] [2] [1] [1] 
09-07 14:30:59.823   512 13169 D AudioProcessing: sseProcess dl audioIO content print-2 [1] [1] [0x0xb40000763bcc28d0] [0x0xb40000761bca6b00] 
09-07 14:30:59.823   512 13169 D AudioProcessing: sseProcess dl audioIO content print-3 [0x0xb40000761bca7fd0] [0x0xb40000761bcabe40] [0x0xb40000761bca5880] sse->pMain is [0x0xb40000772bcb4e80] 
09-07 14:30:59.824   512 13169 D AudioProcessing: sseProcess dl [handle 0xbc83090] ret[0]
09-07 14:30:59.824   512 13169 D AudioProcessing: sseProcess dl AudioBufferSampleCnt[256] type[768] finish..
09-07 14:30:59.826   512 13241 D HarmanHAL: StreamIn::getCapturePositionImpl
09-07 14:30:59.855   512 13241 D HarmanHAL: StreamIn::getCapturePositionImpl
09-07 14:30:59.884   512 13241 I HarmanHal.Routing: hacs alsa node(pcmTunerIn_c) adtm interval_min:29 ms, inverval_max:41 ms, inverval_mean:31 ms!
09-07 14:30:59.884   512 13241 I HarmanHal.Routing:  in printADTM() PcmAlsaWrapper.cpp:876
09-07 14:30:59.885   512 13241 D HarmanHAL: StreamIn::getCapturePositionImpl
09-07 14:30:59.899   536   612 E pathology: [ProcessCrashHandler:: parseTombstoneFileName]string not found
09-07 14:30:59.899   536   612 I chatty  : uid=0(root) vendor.harman.p identical 4 lines
09-07 14:30:59.900   536   612 E pathology: [ProcessCrashHandler:: parseTombstoneFileName]string not found
09-07 14:30:59.914   512 13241 D HarmanHAL: StreamIn::getCapturePositionImpl
09-07 14:31:00.234   512 13241 I chatty  : uid=1041(audioserver) reader identical 10 lines
09-07 14:31:00.275   512 13241 D HarmanHAL: StreamIn::getCapturePositionImpl
09-07 14:31:00.280   512  3972 I HarmanHal.Routing: hacs alsa node(pcmMedia_p) adtm interval_min:1 ms, inverval_max:11 ms, inverval_mean:8 ms!
09-07 14:31:00.280   512  3972 I HarmanHal.Routing:  in printADTM() PcmAlsaWrapper.cpp:876
09-07 14:31:00.305   512 13241 D HarmanHAL: StreamIn::getCapturePositionImpl
09-07 14:31:00.334   512 13241 D HarmanHAL: StreamIn::getCapturePositionImpl
09-07 14:31:00.351   536   536 I vendor.harman.p: type=1400 audit(0.0:3737): avc: denied { create } for name="PROCCRASH_PF_1631025059.lz4" scontext=u:r:pathologyd:s0 tcontext=u:object_r:vendor_data_file:s0 tclass=file permissive=1
09-07 14:31:00.364   512 13241 D HarmanHAL: StreamIn::getCapturePositionImpl
09-07 14:31:00.435   512 13241 I chatty  : uid=1041(audioserver) reader identical 2 lines
09-07 14:31:00.465   512 13241 D HarmanHAL: StreamIn::getCapturePositionImpl
09-07 14:31:00.481   538   618 W ipcLib  : ipcLib: in ipc_lib. DV1 read called
09-07 14:31:00.495   512 13241 D HarmanHAL: StreamIn::getCapturePositionImpl
09-07 14:31:00.594   512 13241 I chatty  : uid=1041(audioserver) reader identical 3 lines
09-07 14:31:00.624   512 13241 D HarmanHAL: StreamIn::getCapturePositionImpl
09-07 14:31:00.642   911  4981 D BufferPoolAccessor2.0: bufferpool2 0xb400007205c6d498 : 2(1048576 size) total buffers - 1(524288 size) used buffers - 4092/4102 (recycle/alloc) - 25/4102 (fetch/transfer)
09-07 14:31:00.654   512 13241 D HarmanHAL: StreamIn::getCapturePositionImpl
09-07 14:31:00.684   512 13241 D HarmanHAL: StreamIn::getCapturePositionImpl
09-07 14:31:00.706   512 13133 I HarmanHal.Routing: hacs alsa node(pcmMicRefIn_c) adtm interval_min:0 ms, inverval_max:11 ms, inverval_mean:8 ms!
09-07 14:31:00.706   512 13133 I HarmanHal.Routing:  in printADTM() PcmAlsaWrapper.cpp:876
09-07 14:31:00.711   512 13159 I HarmanHal.Routing: hacs alsa node(pcmBtHfp_ul_pro_p) adtm interval_min:2 ms, inverval_max:12 ms, inverval_mean:8 ms!
09-07 14:31:00.711   512 13159 I HarmanHal.Routing:  in printADTM() PcmAlsaWrapper.cpp:876
09-07 14:31:00.714   512 13241 D HarmanHAL: StreamIn::getCapturePositionImpl
09-07 14:31:00.754   512 13241 D HarmanHAL: StreamIn::getCapturePositionImpl
09-07 14:31:00.773   532   569 W ipcLib  : ipcLib: in ipc_lib. DV1 read called
09-07 14:31:00.774   532   568 I VPS     : VPS:IOCStatusInfo.VoltageStatus->0 
09-07 14:31:00.774   532   568 I VPS     : VPS:IOCStatusInfo.IOCStatusCmd->a6 
09-07 14:31:00.774   532   568 I VPS     : VPS:IOCStatusInfo.WakeUpReason->0 
09-07 14:31:00.774   532   568 I VPS     : VPS:IOCStatusInfo.DerivedIgnitionStatus->0 
09-07 14:31:00.774   532   568 I VPS     : VPS:IOCStatusInfo.PowerModeState->4 
09-07 14:31:00.774   532   568 I VPS     : VPS:IOCStatusInfo.SOCShutdownRequest->0 
09-07 14:31:00.774   532   568 I VPS     : VPS:IOCStatusInfo.AntiTheftState->0 
09-07 14:31:00.775   532   568 I VPS     : VPS:IOCStatusInfo.BatteryConnect->0 
09-07 14:31:00.784   512 13241 D HarmanHAL: StreamIn::getCapturePositionImpl
09-07 14:31:00.813   512 13169 I HarmanHal.Routing: hacs alsa node(pcmBtHfp_dl_pre_c) adtm interval_min:0 ms, inverval_max:10 ms, inverval_mean:7 ms!
09-07 14:31:00.813   512 13169 I HarmanHal.Routing:  in printADTM() PcmAlsaWrapper.cpp:876
09-07 14:31:00.814   512 13169 I HarmanHal.Routing: hacs alsa node(pcmHfp_dl_p) adtm interval_min:0 ms, inverval_max:12 ms, inverval_mean:7 ms!
09-07 14:31:00.814   512 13169 I HarmanHal.Routing:  in printADTM() PcmAlsaWrapper.cpp:876
09-07 14:31:00.814   512 13241 D HarmanHAL: StreamIn::getCapturePositionImpl
09-07 14:31:00.844   512 13241 D HarmanHAL: StreamIn::getCapturePositionImpl
09-07 14:31:00.874   512 13241 I HarmanHal.Routing: hacs alsa node(pcmTunerIn_c) adtm interval_min:30 ms, inverval_max:40 ms, inverval_mean:31 ms!
09-07 14:31:00.874   512 13241 I HarmanHal.Routing:  in printADTM() PcmAlsaWrapper.cpp:876
09-07 14:31:00.875   512 13241 D HarmanHAL: StreamIn::getCapturePositionImpl
09-07 14:31:01.234   512 13241 I chatty  : uid=1041(audioserver) reader identical 11 lines
09-07 14:31:01.265   512 13241 D HarmanHAL: StreamIn::getCapturePositionImpl
09-07 14:31:01.280   512  3972 I HarmanHal.Routing: hacs alsa node(pcmMedia_p) adtm interval_min:0 ms, inverval_max:11 ms, inverval_mean:8 ms!
09-07 14:31:01.280   512  3972 I HarmanHal.Routing:  in printADTM() PcmAlsaWrapper.cpp:876
09-07 14:31:01.294   512 13241 D HarmanHAL: StreamIn::getCapturePositionImpl
09-07 14:31:01.317   512 13158 D AudioProcessing: sseApply [handle 0xbc80d90][type 512] start..
09-07 14:31:01.318   512 13158 D AudioProcessing: sseProcess ul audioIO content print-1 [256] [2] [4] [1] 
09-07 14:31:01.318   512 13158 D AudioProcessing: sseProcess ul audioIO content print-2 [6] [1] [0x3bcbc5a0] [0x5bc7ede0] 
09-07 14:31:01.318   512 13158 D AudioProcessing: sseProcess ul audioIO content print-3 [0x1bca1320 [0x8bc84110] [0x1bc9f9b0] sse->pMain is [0x2bca4a60] 
09-07 14:31:01.319   512 13158 D AudioProcessing: sseProcess ul [handle 0xbc80d90]  ret[0]
09-07 14:31:01.319   512 13158 D AudioProcessing: sseProcess ul AudioBufferSampleCnt[256] type[512] finish..
09-07 14:31:01.325   512 13241 D HarmanHAL: StreamIn::getCapturePositionImpl
09-07 14:31:01.355   512 13241 I chatty  : uid=1041(audioserver) reader identical 1 line
09-07 14:31:01.394   512 13241 D HarmanHAL: StreamIn::getCapturePositionImpl
09-07 14:31:01.423   512 13169 D AudioProcessing: sseApply [handle 0xbc83090][type 768] start..
09-07 14:31:01.423   512 13169 D AudioProcessing: sseProcess dl audioIO content print-1 [256] [2] [1] [1] 
09-07 14:31:01.423   512 13169 D AudioProcessing: sseProcess dl audioIO content print-2 [1] [1] [0x0xb40000763bcc28d0] [0x0xb40000761bca6b00] 
09-07 14:31:01.423   512 13169 D AudioProcessing: sseProcess dl audioIO content print-3 [0x0xb40000761bca7fd0] [0x0xb40000761bcabe40] [0x0xb40000761bca5880] sse->pMain is [0x0xb40000772bcb4e80] 
09-07 14:31:01.424   512 13169 D AudioProcessing: sseProcess dl [handle 0xbc83090] ret[0]
09-07 14:31:01.424   512 13169 D AudioProcessing: sseProcess dl AudioBufferSampleCnt[256] type[768] finish..
09-07 14:31:01.425   512 13241 D HarmanHAL: StreamIn::getCapturePositionImpl
09-07 14:31:01.454   512 13241 D HarmanHAL: StreamIn::getCapturePositionImpl
09-07 14:31:01.481   538   618 W ipcLib  : ipcLib: in ipc_lib. DV1 read called
09-07 14:31:01.485   512 13241 D HarmanHAL: StreamIn::getCapturePositionImpl
09-07 14:31:01.495   345   345 I Binder:345_2: type=1400 audit(0.0:3739): avc: denied { call } for scontext=u:r:carwatchdogd:s0 tcontext=u:r:hal_audio_default:s0 tclass=binder permissive=1
09-07 14:31:01.499   512   512 E android.hardware.audio@6.0-harman-service: [CXmlParser]: nodeset is empty for xpath: /audioConfiguration/EnableWatchdog
09-07 14:31:01.499   512   512 E android.hardware.audio@6.0-harman-service: [CXmlParser::GetOneEleValue] Xpath object is NULL. XPath: /audioConfiguration/EnableWatchdog
09-07 14:31:01.499   512   512 W HarmanHal: ConfigSettings::GetOneEleValue Error while reading the path /audioConfiguration/EnableWatchdog
09-07 14:31:01.499   512   512 W HarmanHal: ConfigSettings::GetOneEleValue Error in checkifWatchdogTobeEnabled
09-07 14:31:01.499   512   512 I HarmanHal: WatchdogClient::isClientHealthy, Value Of checkifWatchdogTobeEnabled:0
09-07 14:31:01.514   512 13241 D HarmanHAL: StreamIn::getCapturePositionImpl
09-07 14:31:01.644   512 13241 I chatty  : uid=1041(audioserver) reader identical 4 lines
09-07 14:31:01.674   512 13241 D HarmanHAL: StreamIn::getCapturePositionImpl
09-07 14:31:01.706   512 13133 I HarmanHal.Routing: hacs alsa node(pcmMicRefIn_c) adtm interval_min:0 ms, inverval_max:10 ms, inverval_mean:8 ms!
09-07 14:31:01.706   512 13133 I HarmanHal.Routing:  in printADTM() PcmAlsaWrapper.cpp:876
09-07 14:31:01.711   512 13159 I HarmanHal.Routing: hacs alsa node(pcmBtHfp_ul_pro_p) adtm interval_min:2 ms, inverval_max:12 ms, inverval_mean:8 ms!
09-07 14:31:01.711   512 13159 I HarmanHal.Routing:  in printADTM() PcmAlsaWrapper.cpp:876
09-07 14:31:01.714   512 13241 D HarmanHAL: StreamIn::getCapturePositionImpl
09-07 14:31:01.774   512 13241 I chatty  : uid=1041(audioserver) reader identical 2 lines
09-07 14:31:01.805   512 13241 D HarmanHAL: StreamIn::getCapturePositionImpl
09-07 14:31:01.814   512 13169 I HarmanHal.Routing: hacs alsa node(pcmBtHfp_dl_pre_c) adtm interval_min:0 ms, inverval_max:11 ms, inverval_mean:8 ms!
09-07 14:31:01.814   512 13169 I HarmanHal.Routing:  in printADTM() PcmAlsaWrapper.cpp:876
09-07 14:31:01.815   512 13169 I HarmanHal.Routing: hacs alsa node(pcmHfp_dl_p) adtm interval_min:0 ms, inverval_max:11 ms, inverval_mean:8 ms!
09-07 14:31:01.815   512 13169 I HarmanHal.Routing:  in printADTM() PcmAlsaWrapper.cpp:876
09-07 14:31:01.834   512 13241 D HarmanHAL: StreamIn::getCapturePositionImpl
09-07 14:31:01.874   512 13241 I HarmanHal.Routing: hacs alsa node(pcmTunerIn_c) adtm interval_min:29 ms, inverval_max:41 ms, inverval_mean:32 ms!
09-07 14:31:01.874   512 13241 I HarmanHal.Routing:  in printADTM() PcmAlsaWrapper.cpp:876
09-07 14:31:01.875   512 13241 D HarmanHAL: StreamIn::getCapturePositionImpl
09-07 14:31:02.225   512 13241 I chatty  : uid=1041(audioserver) reader identical 11 lines
09-07 14:31:02.254   512 13241 D HarmanHAL: StreamIn::getCapturePositionImpl
09-07 14:31:02.280   512  3972 I HarmanHal.Routing: hacs alsa node(pcmMedia_p) adtm interval_min:0 ms, inverval_max:11 ms, inverval_mean:8 ms!
09-07 14:31:02.280   512  3972 I HarmanHal.Routing:  in printADTM() PcmAlsaWrapper.cpp:876
09-07 14:31:02.284   512 13241 D HarmanHAL: StreamIn::getCapturePositionImpl
09-07 14:31:02.444   512 13241 I chatty  : uid=1041(audioserver) reader identical 5 lines
09-07 14:31:02.475   512 13241 D HarmanHAL: StreamIn::getCapturePositionImpl
09-07 14:31:02.481   538   618 W ipcLib  : ipcLib: in ipc_lib. DV1 read called
09-07 14:31:02.515   512 13241 D HarmanHAL: StreamIn::getCapturePositionImpl
09-07 14:31:02.674   512 13241 I chatty  : uid=1041(audioserver) reader identical 5 lines
09-07 14:31:02.704   512 13241 D HarmanHAL: StreamIn::getCapturePositionImpl
09-07 14:31:02.706   512 13133 I HarmanHal.Routing: hacs alsa node(pcmMicRefIn_c) adtm interval_min:0 ms, inverval_max:11 ms, inverval_mean:7 ms!
09-07 14:31:02.706   512 13133 I HarmanHal.Routing:  in printADTM() PcmAlsaWrapper.cpp:876
09-07 14:31:02.711   512 13159 I HarmanHal.Routing: hacs alsa node(pcmBtHfp_ul_pro_p) adtm interval_min:2 ms, inverval_max:12 ms, inverval_mean:8 ms!
09-07 14:31:02.711   512 13159 I HarmanHal.Routing:  in printADTM() PcmAlsaWrapper.cpp:876
09-07 14:31:02.734   512 13241 D HarmanHAL: StreamIn::getCapturePositionImpl
09-07 14:31:02.765   512 13241 I chatty  : uid=1041(audioserver) reader identical 1 line
09-07 14:31:02.794   512 13241 D HarmanHAL: StreamIn::getCapturePositionImpl
09-07 14:31:02.813   512 13169 I HarmanHal.Routing: hacs alsa node(pcmBtHfp_dl_pre_c) adtm interval_min:0 ms, inverval_max:10 ms, inverval_mean:7 ms!
09-07 14:31:02.813   512 13169 I HarmanHal.Routing:  in printADTM() PcmAlsaWrapper.cpp:876
09-07 14:31:02.814   512 13169 I HarmanHal.Routing: hacs alsa node(pcmHfp_dl_p) adtm interval_min:0 ms, inverval_max:11 ms, inverval_mean:7 ms!
09-07 14:31:02.814   512 13169 I HarmanHal.Routing:  in printADTM() PcmAlsaWrapper.cpp:876
09-07 14:31:02.835   512 13241 D HarmanHAL: StreamIn::getCapturePositionImpl
09-07 14:31:02.864   512 13241 I HarmanHal.Routing: hacs alsa node(pcmTunerIn_c) adtm interval_min:29 ms, inverval_max:41 ms, inverval_mean:31 ms!
09-07 14:31:02.864   512 13241 I HarmanHal.Routing:  in printADTM() PcmAlsaWrapper.cpp:876
09-07 14:31:02.865   512 13241 D HarmanHAL: StreamIn::getCapturePositionImpl
09-07 14:31:02.873   532   569 W ipcLib  : ipcLib: in ipc_lib. DV1 read called
09-07 14:31:02.874   532   568 I VPS     : VPS:IOCStatusInfo.VoltageStatus->0 
09-07 14:31:02.874   532   568 I VPS     : VPS:IOCStatusInfo.IOCStatusCmd->a6 
09-07 14:31:02.874   532   568 I VPS     : VPS:IOCStatusInfo.WakeUpReason->0 
09-07 14:31:02.874   532   568 I VPS     : VPS:IOCStatusInfo.DerivedIgnitionStatus->0 
09-07 14:31:02.874   532   568 I VPS     : VPS:IOCStatusInfo.PowerModeState->4 
09-07 14:31:02.874   532   568 I VPS     : VPS:IOCStatusInfo.SOCShutdownRequest->0 
09-07 14:31:02.874   532   568 I VPS     : VPS:IOCStatusInfo.AntiTheftState->0 
09-07 14:31:02.874   532   568 I VPS     : VPS:IOCStatusInfo.BatteryConnect->0 
09-07 14:31:02.894   512 13241 D HarmanHAL: StreamIn::getCapturePositionImpl
09-07 14:31:02.917   512 13158 D AudioProcessing: sseApply [handle 0xbc80d90][type 512] start..
09-07 14:31:02.917   512 13158 D AudioProcessing: sseProcess ul audioIO content print-1 [256] [2] [4] [1] 
09-07 14:31:02.917   512 13158 D AudioProcessing: sseProcess ul audioIO content print-2 [6] [1] [0x3bcbc5a0] [0x5bc7ede0] 
09-07 14:31:02.917   512 13158 D AudioProcessing: sseProcess ul audioIO content print-3 [0x1bca1320 [0x8bc84110] [0x1bc9f9b0] sse->pMain is [0x2bca4a60] 
09-07 14:31:02.917   512 13158 D AudioProcessing: sseProcess ul [handle 0xbc80d90]  ret[0]
09-07 14:31:02.917   512 13158 D AudioProcessing: sseProcess ul AudioBufferSampleCnt[256] type[512] finish..
09-07 14:31:02.924   512 13241 D HarmanHAL: StreamIn::getCapturePositionImpl
09-07 14:31:02.955   512 13241 I chatty  : uid=1041(audioserver) reader identical 1 line
09-07 14:31:02.995   512 13241 D HarmanHAL: StreamIn::getCapturePositionImpl
09-07 14:31:03.023   512 13169 D AudioProcessing: sseApply [handle 0xbc83090][type 768] start..
09-07 14:31:03.023   512 13169 D AudioProcessing: sseProcess dl audioIO content print-1 [256] [2] [1] [1] 
09-07 14:31:03.023   512 13169 D AudioProcessing: sseProcess dl audioIO content print-2 [1] [1] [0x0xb40000763bcc28d0] [0x0xb40000761bca6b00] 
09-07 14:31:03.023   512 13169 D AudioProcessing: sseProcess dl audioIO content print-3 [0x0xb40000761bca7fd0] [0x0xb40000761bcabe40] [0x0xb40000761bca5880] sse->pMain is [0x0xb40000772bcb4e80] 
09-07 14:31:03.024   512 13169 D AudioProcessing: sseProcess dl [handle 0xbc83090] ret[0]
09-07 14:31:03.024   512 13169 D AudioProcessing: sseProcess dl AudioBufferSampleCnt[256] type[768] finish..
09-07 14:31:03.024   512 13241 D HarmanHAL: StreamIn::getCapturePositionImpl
09-07 14:31:03.244   512 13241 I chatty  : uid=1041(audioserver) reader identical 7 lines
09-07 14:31:03.274   512 13241 D HarmanHAL: StreamIn::getCapturePositionImpl
09-07 14:31:03.280   512  3972 I HarmanHal.Routing: hacs alsa node(pcmMedia_p) adtm interval_min:1 ms, inverval_max:11 ms, inverval_mean:8 ms!
09-07 14:31:03.280   512  3972 I HarmanHal.Routing:  in printADTM() PcmAlsaWrapper.cpp:876
09-07 14:31:03.314   512 13241 D HarmanHAL: StreamIn::getCapturePositionImpl
09-07 14:31:03.434   512 13241 I chatty  : uid=1041(audioserver) reader identical 4 lines
09-07 14:31:03.475   512 13241 D HarmanHAL: StreamIn::getCapturePositionImpl
09-07 14:31:03.481   538   618 W ipcLib  : ipcLib: in ipc_lib. DV1 read called
09-07 14:31:03.505   512 13241 D HarmanHAL: StreamIn::getCapturePositionImpl
09-07 14:31:03.665   512 13241 I chatty  : uid=1041(audioserver) reader identical 5 lines
09-07 14:31:03.694   512 13241 D HarmanHAL: StreamIn::getCapturePositionImpl
09-07 14:31:03.706   512 13133 I HarmanHal.Routing: hacs alsa node(pcmMicRefIn_c) adtm interval_min:0 ms, inverval_max:12 ms, inverval_mean:8 ms!
09-07 14:31:03.706   512 13133 I HarmanHal.Routing:  in printADTM() PcmAlsaWrapper.cpp:876
09-07 14:31:03.712   512 13159 I HarmanHal.Routing: hacs alsa node(pcmBtHfp_ul_pro_p) adtm interval_min:2 ms, inverval_max:12 ms, inverval_mean:8 ms!
09-07 14:31:03.712   512 13159 I HarmanHal.Routing:  in printADTM() PcmAlsaWrapper.cpp:876
09-07 14:31:03.724   512 13241 D HarmanHAL: StreamIn::getCapturePositionImpl
09-07 14:31:03.754   512 13241 I chatty  : uid=1041(audioserver) reader identical 1 line
09-07 14:31:03.794   512 13241 D HarmanHAL: StreamIn::getCapturePositionImpl
09-07 14:31:03.814   512 13169 I HarmanHal.Routing: hacs alsa node(pcmBtHfp_dl_pre_c) adtm interval_min:0 ms, inverval_max:11 ms, inverval_mean:8 ms!
09-07 14:31:03.814   512 13169 I HarmanHal.Routing:  in printADTM() PcmAlsaWrapper.cpp:876
09-07 14:31:03.814   512 13169 I HarmanHal.Routing: hacs alsa node(pcmHfp_dl_p) adtm interval_min:0 ms, inverval_max:12 ms, inverval_mean:8 ms!
09-07 14:31:03.814   512 13169 I HarmanHal.Routing:  in printADTM() PcmAlsaWrapper.cpp:876
09-07 14:31:03.825   512 13241 D HarmanHAL: StreamIn::getCapturePositionImpl
09-07 14:31:03.854   512 13241 I HarmanHal.Routing: hacs alsa node(pcmTunerIn_c) adtm interval_min:29 ms, inverval_max:40 ms, inverval_mean:31 ms!
09-07 14:31:03.854   512 13241 I HarmanHal.Routing:  in printADTM() PcmAlsaWrapper.cpp:876
09-07 14:31:03.855   512 13241 D HarmanHAL: StreamIn::getCapturePositionImpl
09-07 14:31:03.955   512 13241 I chatty  : uid=1041(audioserver) reader identical 3 lines
09-07 14:31:03.985   512 13241 D HarmanHAL: StreamIn::getCapturePositionImpl
09-07 14:31:04.000   532   569 I VPS     : VPS:VehiclePlatformSOCHeartBeatHandler IVI HeartBeat sent successfully SOCHeartBeatInfo.SOCStatus->2
09-07 14:31:04.000   532   569 W ipcLib  : ipcLib: in ipc_lib. DV1 write called
09-07 14:31:04.002   532   569 W ipcLib  : ipcLib: in ipc_lib. DV1 read called
09-07 14:31:04.014   512 13241 D HarmanHAL: StreamIn::getCapturePositionImpl
01-01 00:06:07.217     0     0 I init    : starting service 'qccsyshalservice'...
01-01 00:06:07.224     0     0 I init    : starting service 'vendor.sensors-hal-1-0'...
01-01 00:06:07.231     0     0 I init    : starting service 'LogManager'...
09-07 14:31:04.206   512 13241 I chatty  : uid=1041(audioserver) reader identical 6 lines
09-07 14:31:04.234   512 13241 D HarmanHAL: StreamIn::getCapturePositionImpl
09-07 14:31:04.244 19296 19296 I qccsyshalservice: Start with system binder
09-07 14:31:04.244 19296 19296 I qccsyshalservice: Registering qccsyshal service...
09-07 14:31:04.246   376   376 I hwservicemanager: getTransport: Cannot find entry vendor.qti.hardware.qccsyshal@1.0::IQccsyshal/qccsyshal in either framework or device manifest.
09-07 14:31:04.247 19296 19296 E HidlServiceManagement: Service vendor.qti.hardware.qccsyshal@1.0::IQccsyshal/qccsyshal must be in VINTF manifest in order to register/get.
01-01 00:06:07.238     0     0 I init    : Service 'qccsyshalservice' (pid 19296) exited with status 1
09-07 14:31:04.247 19296 19296 E qccsyshalservice: [ERROR] registerAsService() failed with status: -2147483648
01-01 00:06:07.238     0     0 I init    : Sending signal 9 to service 'qccsyshalservice' (pid 19296) process group...
01-01 00:06:07.238     0     0 I libprocessgroup: Successfully killed process cgroup uid 1000 pid 19296 in 0ms
09-07 14:31:04.266   376   376 I hwservicemanager: getTransport: Cannot find entry android.hardware.sensors@1.0::ISensors/default in either framework or device manifest.
09-07 14:31:04.268 19297 19297 E android.hardware.sensors@1.0-service: Couldn't load sensors module (Unknown error -2147483648)
09-07 14:31:04.268 19297 19297 D RefBase : RefBase: Explicit destruction, weak count = 0 (in 0xb4000079b5da7758)
09-07 14:31:04.268 19297 19297 W RefBase : CallStack::getCurrentInternal not linked, returning null
09-07 14:31:04.268 19297 19297 W RefBase : CallStack::logStackInternal not linked
09-07 14:31:04.269 19297 19297 E LegacySupport: Could not get passthrough implementation for android.hardware.sensors@1.0::ISensors/default.
09-07 14:31:04.270 19298 19298 D LOGMANAGER: LOGMANAGER HAL service init() start
09-07 14:31:04.270 19298 19298 D LOGMANAGER: Logmanager configured rpcthreadpool
09-07 14:31:04.267 19298 19298 I vendor.harman.L: type=1400 audit(0.0:3740): avc: denied { read } for name="u:object_r:hwservicemanager_prop:s0" dev="tmpfs" ino=24519 scontext=u:r:logmanagerd:s0 tcontext=u:object_r:hwservicemanager_prop:s0 tclass=file permissive=1
09-07 14:31:04.267 19298 19298 I vendor.harman.L: type=1400 audit(0.0:3741): avc: denied { open } for path="/dev/__properties__/u:object_r:hwservicemanager_prop:s0" dev="tmpfs" ino=24519 scontext=u:r:logmanagerd:s0 tcontext=u:object_r:hwservicemanager_prop:s0 tclass=file permissive=1
09-07 14:31:04.267 19298 19298 I vendor.harman.L: type=1400 audit(0.0:3742): avc: denied { getattr } for path="/dev/__properties__/u:object_r:hwservicemanager_prop:s0" dev="tmpfs" ino=24519 scontext=u:r:logmanagerd:s0 tcontext=u:object_r:hwservicemanager_prop:s0 tclass=file permissive=1
09-07 14:31:04.267 19298 19298 I vendor.harman.L: type=1400 audit(0.0:3743): avc: denied { map } for path="/dev/__properties__/u:object_r:hwservicemanager_prop:s0" dev="tmpfs" ino=24519 scontext=u:r:logmanagerd:s0 tcontext=u:object_r:hwservicemanager_prop:s0 tclass=file permissive=1
01-01 00:06:07.260     0     0 I init    : Service 'vendor.sensors-hal-1-0' (pid 19297) exited with status 1
09-07 14:31:04.274 19298 19298 I HidlServiceManagement: Registered vendor.harman.hardware.LogManager@1.0::ILogManager/default
09-07 14:31:04.274 19298 19298 D LOGMANAGER: Logmanager HAL Service is registered and ready
01-01 00:06:07.260     0     0 I init    : Sending signal 9 to service 'vendor.sensors-hal-1-0' (pid 19297) process group...
09-07 14:31:04.274 19298 19298 I LOGMANAGER: ThreadPoolWrapper::initThreadPool
01-01 00:06:07.261     0     0 I libprocessgroup: Successfully killed process cgroup uid 1000 pid 19297 in 0ms
09-07 14:31:04.274 19298 19298 I LOGMANAGER: ThreadPoolWrapper : exit
09-07 14:31:04.274 19298 19298 D LOGMANAGER: Logmanager threadpoolwrapper created
09-07 14:31:04.274 19298 19298 D LOGMANAGER: User argument is -c
09-07 14:31:04.274 19298 19299 I LOGMANAGER: ThreadPoolWrapper:  enter the joinRpcThreadpool()
09-07 14:31:04.275   512 13241 D HarmanHAL: StreamIn::getCapturePositionImpl
09-07 14:31:04.275 19298 19298 I LOGMANAGER: LogmanagerConfig is configured under config file
09-07 14:31:04.275 19298 19298 I LOGMANAGER: LoggingLevel is : 4
09-07 14:31:04.275 19298 19298 I LOGMANAGER: LogEnableState is : 0
09-07 14:31:04.275 19298 19298 I LOGMANAGER: OutputPluginConfiguration PluginType : LOGWRITTER
09-07 14:31:04.275 19298 19298 I LOGMANAGER: LM_OutputConfiguration : 1
09-07 14:31:04.275 19298 19298 I LOGMANAGER: LM_OfflineTraceDirectory : /data/cache
09-07 14:31:04.275 19298 19298 I LOGMANAGER: LM_OfflineTraceFILESize : 1000000
09-07 14:31:04.275 19298 19298 I LOGMANAGER: LM_OfflineTotalFILESSize : 20000000
09-07 14:31:04.275 19298 19298 I LOGMANAGER: LM_FileNameTimeStampBased : 0
09-07 14:31:04.275 19298 19298 I LOGMANAGER: Got IOC plugin
09-07 14:31:04.275 19298 19298 I LOGMANAGER: IOCIPCChannelNumber :6
09-07 14:31:04.275 19298 19298 I LOGMANAGER: keyseq: HOME + VOLUMEDOWN  for domain is AudioDump
09-07 14:31:04.275 19298 19298 I LOGMANAGER: keyseq: HOME + VOLUMEUP  for domain is HCIDump
09-07 14:31:04.275 19298 19298 I LOGMANAGER: Domains parsing is done
09-07 14:31:04.271 19298 19298 I vendor.harman.L: type=1400 audit(0.0:3744): avc: denied { dac_read_search } for capability=2 scontext=u:r:logmanagerd:s0 tcontext=u:r:logmanagerd:s0 tclass=capability permissive=1
09-07 14:31:04.271 19298 19298 I vendor.harman.L: type=1400 audit(0.0:3745): avc: denied { search } for name="cache" dev="dm-4" ino=262146 scontext=u:r:logmanagerd:s0 tcontext=u:object_r:cache_file:s0 tclass=dir permissive=1
01-01 00:06:07.265     0     0 W audit   : audit_lost=1888 audit_rate_limit=5 audit_backlog_limit=64
01-01 00:06:07.265     0     0 E audit   : rate limit exceeded
09-07 14:31:04.280 19298 19298 E LOGMANAGER: Failed to load plugin /vendor/lib64/libIOCDLogReader.so with error code dlopen failed: library "/vendor/lib64/libIOCDLogReader.so" not found 
09-07 14:31:04.280 19298 19298 F libc    : Fatal signal 11 (SIGSEGV), code 1 (SEGV_MAPERR), fault addr 0x0 in tid 19298 (vendor.harman.L), pid 19298 (vendor.harman.L)
09-07 14:31:04.280   512  3972 I HarmanHal.Routing: hacs alsa node(pcmMedia_p) adtm interval_min:1 ms, inverval_max:10 ms, inverval_mean:8 ms!
09-07 14:31:04.280   512  3972 I HarmanHal.Routing:  in printADTM() PcmAlsaWrapper.cpp:876
09-07 14:31:04.305   512 13241 D HarmanHAL: StreamIn::getCapturePositionImpl
09-07 14:31:04.315 19302 19302 I crash_dump64: obtaining output fd from tombstoned, type: kDebuggerdTombstone
09-07 14:31:04.316   463   463 I tombstoned: received crash request for pid 19298
09-07 14:31:04.317 19302 19302 I crash_dump64: performing dump of process 19298 (target tid = 19298)
09-07 14:31:04.320 19302 19302 F DEBUG   : *** *** *** *** *** *** *** *** *** *** *** *** *** *** *** ***
09-07 14:31:04.321 19302 19302 F DEBUG   : Build fingerprint: 'qti/titan_tml_b2/titan_tml_b2:11/RQ3A.210605.005/eng.ksong.20210907.134230:userdebug/test-keys'
09-07 14:31:04.321 19302 19302 F DEBUG   : Revision: '0'
09-07 14:31:04.321 19302 19302 F DEBUG   : ABI: 'arm64'
09-07 14:31:04.322 19302 19302 F DEBUG   : Timestamp: 2021-09-07 14:31:04+0000
09-07 14:31:04.322 19302 19302 F DEBUG   : pid: 19298, tid: 19298, name: vendor.harman.L  >>> /vendor/bin/hw/vendor.harman.LogManager@1.0-service <<<
09-07 14:31:04.322 19302 19302 F DEBUG   : uid: 0
09-07 14:31:04.322 19302 19302 F DEBUG   : signal 11 (SIGSEGV), code 1 (SEGV_MAPERR), fault addr 0x0
09-07 14:31:04.323 19302 19302 F DEBUG   : Cause: null pointer dereference
09-07 14:31:04.323 19302 19302 F DEBUG   :     x0  0000000000000000  x1  0000000000000000  x2  0000000000080001  x3  0000000000000000
09-07 14:31:04.323 19302 19302 F DEBUG   :     x4  0000000000000000  x5  0000000000000090  x6  fefefefefefefeff  x7  7f7f7f7f7f7f7f7f
09-07 14:31:04.323 19302 19302 F DEBUG   :     x8  0101010101010101  x9  a3384d1c6a66b2ff  x10 0000007ff66161d8  x11 fffffffffffffffd
09-07 14:31:04.323 19302 19302 F DEBUG   :     x12 0000007ff6616360  x13 000000000000008e  x14 0010736c7b24ac00  x15 0000000034155555
09-07 14:31:04.323 19302 19302 F DEBUG   :     x16 00000057260c87e0  x17 00000071937acb30  x18 0000007194ac0000  x19 0000000000000000
09-07 14:31:04.324 19302 19302 F DEBUG   :     x20 000000719363ac50  x21 0000007ff6616a79  x22 b4000070932c88b8  x23 0000007ff6616a98
09-07 14:31:04.324 19302 19302 F DEBUG   :     x24 0000000000000000  x25 0000007193efb000  x26 0000007ff6616a79  x27 0000007ff6616a49
09-07 14:31:04.324 19302 19302 F DEBUG   :     x28 0000000000000000  x29 0000007ff6616980
09-07 14:31:04.324 19302 19302 F DEBUG   :     lr  00000057260bf048  sp  0000007ff6616980  pc  00000071937acb40  pst 0000000080000000
09-07 14:31:04.329 19302 19302 F DEBUG   : backtrace:
09-07 14:31:04.329 19302 19302 F DEBUG   :       #00 pc 000000000004ab40  /apex/com.android.runtime/lib64/bionic/libc.so (strlen_default+16) (BuildId: 2b7c6e33413ac7278a15dfc3ea383089)
09-07 14:31:04.329 19302 19302 F DEBUG   :       #01 pc 0000000000009044  /vendor/bin/hw/vendor.harman.LogManager@1.0-service (BuildId: 3e966ab64050b441b920ba0e8960d123)
09-07 14:31:04.330 19302 19302 F DEBUG   :       #02 pc 0000000000008df0  /vendor/bin/hw/vendor.harman.LogManager@1.0-service (LM::LogManagerImpl::load_plugin_conf(void*, std::__1::basic_string<char, std::__1::char_traits<char>, std::__1::allocator<char> >, std::__1::multimap<std::__1::basic_string<char, std::__1::char_traits<char>, std::__1::allocator<char> >, int, std::__1::less<std::__1::basic_string<char, std::__1::char_traits<char>, std::__1::allocator<char> > >, std::__1::allocator<std::__1::pair<std::__1::basic_string<char, std::__1::char_traits<char>, std::__1::allocator<char> > const, int> > >&)+752) (BuildId: 3e966ab64050b441b920ba0e8960d123)
09-07 14:31:04.331 19302 19302 F DEBUG   :       #03 pc 00000000000088c0  /vendor/bin/hw/vendor.harman.LogManager@1.0-service (LM::LogManagerImpl::loadplugins()+436) (BuildId: 3e966ab64050b441b920ba0e8960d123)
09-07 14:31:04.331 19302 19302 F DEBUG   :       #04 pc 0000000000007af8  /vendor/bin/hw/vendor.harman.LogManager@1.0-service (main+1112) (BuildId: 3e966ab64050b441b920ba0e8960d123)
09-07 14:31:04.331 19302 19302 F DEBUG   :       #05 pc 000000000004988c  /apex/com.android.runtime/lib64/bionic/libc.so (__libc_init+108) (BuildId: 2b7c6e33413ac7278a15dfc3ea383089)
09-07 14:31:04.334   512 13241 D HarmanHAL: StreamIn::getCapturePositionImpl
01-01 00:06:07.343     0     0 D logd    : logdr: UID=0 GID=1000 PID=19302 n tail=50 logMask=8 pid=19298 start=0ns timeout=0ns
01-01 00:06:07.354     0     0 D logd    : logdr: UID=0 GID=1000 PID=19302 n tail=50 logMask=1 pid=19298 start=0ns timeout=0ns
01-01 00:06:07.379     0     0 D logd    : logdr: UID=0 GID=1000 PID=19302 n tail=0 logMask=8 pid=19298 start=0ns timeout=0ns
01-01 00:06:07.390     0     0 D logd    : logdr: UID=0 GID=1000 PID=19302 n tail=0 logMask=1 pid=19298 start=0ns timeout=0ns
09-07 14:31:04.410  1033  1270 W NativeCrashListener: Couldn't find ProcessRecord for pid 19298
09-07 14:31:04.365   512 13241 I chatty  : uid=1041(audioserver) reader identical 1 line
09-07 14:31:04.394   512 13241 D HarmanHAL: StreamIn::getCapturePositionImpl
09-07 14:31:04.410 19302 19302 E crash_dump64: AM data write failed: Broken pipe
09-07 14:31:04.411   463   463 E tombstoned: Tombstone written to: /data/tombstones/tombstone_39
01-01 00:06:07.403     0     0 I init    : Service 'LogManager' (pid 19298) received signal 11
09-07 14:31:04.421  1033  1095 I BootReceiver: Copying /data/tombstones/tombstone_39 to DropBox (SYSTEM_TOMBSTONE)
09-07 14:31:04.424  1033  1095 I DropBoxManagerService: add tag=SYSTEM_TOMBSTONE isTagEnabled=true flags=0x2
09-07 14:31:04.435   512 13241 D HarmanHAL: StreamIn::getCapturePositionImpl
09-07 14:31:04.464   512 13241 D HarmanHAL: StreamIn::getCapturePositionImpl
09-07 14:31:04.482   538   618 W ipcLib  : ipcLib: in ipc_lib. DV1 read called
09-07 14:31:04.494   512 13241 D HarmanHAL: StreamIn::getCapturePositionImpl
09-07 14:31:04.518   512 13158 D AudioProcessing: sseApply [handle 0xbc80d90][type 512] start..
09-07 14:31:04.518   512 13158 D AudioProcessing: sseProcess ul audioIO content print-1 [256] [2] [4] [1] 
09-07 14:31:04.518   512 13158 D AudioProcessing: sseProcess ul audioIO content print-2 [6] [1] [0x3bcbc5a0] [0x5bc7ede0] 
09-07 14:31:04.518   512 13158 D AudioProcessing: sseProcess ul audioIO content print-3 [0x1bca1320 [0x8bc84110] [0x1bc9f9b0] sse->pMain is [0x2bca4a60] 
09-07 14:31:04.519   512 13158 D AudioProcessing: sseProcess ul [handle 0xbc80d90]  ret[0]
09-07 14:31:04.519   512 13158 D AudioProcessing: sseProcess ul AudioBufferSampleCnt[256] type[512] finish..
09-07 14:31:04.524   512 13241 D HarmanHAL: StreamIn::getCapturePositionImpl
09-07 14:31:04.554   512 13241 I chatty  : uid=1041(audioserver) reader identical 1 line
09-07 14:31:04.595   512 13241 D HarmanHAL: StreamIn::getCapturePositionImpl
09-07 14:31:04.623   512 13169 D AudioProcessing: sseApply [handle 0xbc83090][type 768] start..
09-07 14:31:04.623   512 13169 D AudioProcessing: sseProcess dl audioIO content print-1 [256] [2] [1] [1] 
09-07 14:31:04.623   512 13169 D AudioProcessing: sseProcess dl audioIO content print-2 [1] [1] [0x0xb40000763bcc28d0] [0x0xb40000761bca6b00] 
09-07 14:31:04.623   512 13169 D AudioProcessing: sseProcess dl audioIO content print-3 [0x0xb40000761bca7fd0] [0x0xb40000761bcabe40] [0x0xb40000761bca5880] sse->pMain is [0x0xb40000772bcb4e80] 
09-07 14:31:04.624   512 13169 D AudioProcessing: sseProcess dl [handle 0xbc83090] ret[0]
09-07 14:31:04.624   512 13169 D AudioProcessing: sseProcess dl AudioBufferSampleCnt[256] type[768] finish..
09-07 14:31:04.626   512 13241 D HarmanHAL: StreamIn::getCapturePositionImpl
09-07 14:31:04.654   512 13241 I chatty  : uid=1041(audioserver) reader identical 1 line
09-07 14:31:04.685   512 13241 D HarmanHAL: StreamIn::getCapturePositionImpl
09-07 14:31:04.706   512 13133 I HarmanHal.Routing: hacs alsa node(pcmMicRefIn_c) adtm interval_min:0 ms, inverval_max:11 ms, inverval_mean:7 ms!
09-07 14:31:04.706   512 13133 I HarmanHal.Routing:  in printADTM() PcmAlsaWrapper.cpp:876
09-07 14:31:04.711   512 13159 I HarmanHal.Routing: hacs alsa node(pcmBtHfp_ul_pro_p) adtm interval_min:2 ms, inverval_max:12 ms, inverval_mean:7 ms!
09-07 14:31:04.711   512 13159 I HarmanHal.Routing:  in printADTM() PcmAlsaWrapper.cpp:876
09-07 14:31:04.714   512 13241 D HarmanHAL: StreamIn::getCapturePositionImpl
09-07 14:31:04.754   512 13241 I chatty  : uid=1041(audioserver) reader identical 1 line
09-07 14:31:04.785   512 13241 D HarmanHAL: StreamIn::getCapturePositionImpl
09-07 14:31:04.813   512 13169 I HarmanHal.Routing: hacs alsa node(pcmBtHfp_dl_pre_c) adtm interval_min:0 ms, inverval_max:10 ms, inverval_mean:7 ms!
09-07 14:31:04.813   512 13169 I HarmanHal.Routing:  in printADTM() PcmAlsaWrapper.cpp:876
09-07 14:31:04.814   512 13241 D HarmanHAL: StreamIn::getCapturePositionImpl
09-07 14:31:04.815   512 13169 I HarmanHal.Routing: hacs alsa node(pcmHfp_dl_p) adtm interval_min:0 ms, inverval_max:11 ms, inverval_mean:8 ms!
09-07 14:31:04.815   512 13169 I HarmanHal.Routing:  in printADTM() PcmAlsaWrapper.cpp:876
09-07 14:31:04.844   512 13241 I HarmanHal.Routing: hacs alsa node(pcmTunerIn_c) adtm interval_min:28 ms, inverval_max:40 ms, inverval_mean:31 ms!
09-07 14:31:04.844   512 13241 I HarmanHal.Routing:  in printADTM() PcmAlsaWrapper.cpp:876
09-07 14:31:04.845   512 13241 D HarmanHAL: StreamIn::getCapturePositionImpl
09-07 14:31:04.876   512 13241 D HarmanHAL: StreamIn::getCapturePositionImpl
09-07 14:31:04.914   536   612 E pathology: [ProcessCrashHandler:: parseTombstoneFileName]string not found
09-07 14:31:04.914   512 13241 D HarmanHAL: StreamIn::getCapturePositionImpl
09-07 14:31:04.915   536   612 E pathology: [ProcessCrashHandler:: parseTombstoneFileName]string not found
09-07 14:31:04.915   536   612 I chatty  : uid=0(root) vendor.harman.p identical 3 lines
09-07 14:31:04.915   536   612 E pathology: [ProcessCrashHandler:: parseTombstoneFileName]string not found
09-07 14:31:04.944   512 13241 D HarmanHAL: StreamIn::getCapturePositionImpl
09-07 14:31:04.973   532   569 W ipcLib  : ipcLib: in ipc_lib. DV1 read called
09-07 14:31:04.975   532   568 I VPS     : VPS:IOCStatusInfo.VoltageStatus->0 
09-07 14:31:04.975   512 13241 D HarmanHAL: StreamIn::getCapturePositionImpl
09-07 14:31:04.975   532   568 I VPS     : VPS:IOCStatusInfo.IOCStatusCmd->a6 
09-07 14:31:04.975   532   568 I VPS     : VPS:IOCStatusInfo.WakeUpReason->0 
09-07 14:31:04.975   532   568 I VPS     : VPS:IOCStatusInfo.DerivedIgnitionStatus->0 
09-07 14:31:04.975   532   568 I VPS     : VPS:IOCStatusInfo.PowerModeState->4 
09-07 14:31:04.975   532   568 I VPS     : VPS:IOCStatusInfo.SOCShutdownRequest->0 
09-07 14:31:04.975   532   568 I VPS     : VPS:IOCStatusInfo.AntiTheftState->0 
09-07 14:31:04.975   532   568 I VPS     : VPS:IOCStatusInfo.BatteryConnect->0 
09-07 14:31:05.004   512 13241 D HarmanHAL: StreamIn::getCapturePositionImpl
09-07 14:31:05.234   512 13241 I chatty  : uid=1041(audioserver) reader identical 7 lines
09-07 14:31:05.264   512 13241 D HarmanHAL: StreamIn::getCapturePositionImpl
09-07 14:31:05.280   512  3972 I HarmanHal.Routing: hacs alsa node(pcmMedia_p) adtm interval_min:1 ms, inverval_max:11 ms, inverval_mean:8 ms!
09-07 14:31:05.280   512  3972 I HarmanHal.Routing:  in printADTM() PcmAlsaWrapper.cpp:876
09-07 14:31:05.294   512 13241 D HarmanHAL: StreamIn::getCapturePositionImpl
09-07 14:31:05.325   512 13241 I chatty  : uid=1041(audioserver) reader identical 1 line
09-07 14:31:05.355   512 13241 D HarmanHAL: StreamIn::getCapturePositionImpl
09-07 14:31:05.359   536   536 I vendor.harman.p: type=1400 audit(0.0:3766): avc: denied { write } for name="2" dev="dm-4" ino=49241 scontext=u:r:pathologyd:s0 tcontext=u:object_r:vendor_data_file:s0 tclass=dir permissive=1
09-07 14:31:05.359   536   536 I vendor.harman.p: type=1400 audit(0.0:3767): avc: denied { add_name } for name="PROCCRASH_PF_1631025064.lz4" scontext=u:r:pathologyd:s0 tcontext=u:object_r:vendor_data_file:s0 tclass=dir permissive=1
09-07 14:31:05.359   536   536 I vendor.harman.p: type=1400 audit(0.0:3768): avc: denied { create } for name="PROCCRASH_PF_1631025064.lz4" scontext=u:r:pathologyd:s0 tcontext=u:object_r:vendor_data_file:s0 tclass=file permissive=1
09-07 14:31:05.395   512 13241 D HarmanHAL: StreamIn::getCapturePositionImpl
09-07 14:31:05.424   512 13241 I chatty  : uid=1041(audioserver) reader identical 1 line
09-07 14:31:05.454   512 13241 D HarmanHAL: StreamIn::getCapturePositionImpl
09-07 14:31:05.481   538   618 W ipcLib  : ipcLib: in ipc_lib. DV1 read called
09-07 14:31:05.484   512 13241 D HarmanHAL: StreamIn::getCapturePositionImpl
09-07 14:31:05.644   512 13241 I chatty  : uid=1041(audioserver) reader identical 5 lines
09-07 14:31:05.674   512 13241 D HarmanHAL: StreamIn::getCapturePositionImpl
09-07 14:31:05.706   512 13133 I HarmanHal.Routing: hacs alsa node(pcmMicRefIn_c) adtm interval_min:0 ms, inverval_max:11 ms, inverval_mean:8 ms!
09-07 14:31:05.706   512 13133 I HarmanHal.Routing:  in printADTM() PcmAlsaWrapper.cpp:876
09-07 14:31:05.711   512 13159 I HarmanHal.Routing: hacs alsa node(pcmBtHfp_ul_pro_p) adtm interval_min:2 ms, inverval_max:11 ms, inverval_mean:8 ms!
09-07 14:31:05.711   512 13159 I HarmanHal.Routing:  in printADTM() PcmAlsaWrapper.cpp:876
09-07 14:31:05.714   512 13241 D HarmanHAL: StreamIn::getCapturePositionImpl
09-07 14:31:05.774   512 13241 I chatty  : uid=1041(audioserver) reader identical 2 lines
09-07 14:31:05.804   512 13241 D HarmanHAL: StreamIn::getCapturePositionImpl
09-07 14:31:05.814   512 13169 I HarmanHal.Routing: hacs alsa node(pcmBtHfp_dl_pre_c) adtm interval_min:0 ms, inverval_max:10 ms, inverval_mean:8 ms!
09-07 14:31:05.814   512 13169 I HarmanHal.Routing:  in printADTM() PcmAlsaWrapper.cpp:876
09-07 14:31:05.814   512 13169 I HarmanHal.Routing: hacs alsa node(pcmHfp_dl_p) adtm interval_min:0 ms, inverval_max:11 ms, inverval_mean:8 ms!
09-07 14:31:05.814   512 13169 I HarmanHal.Routing:  in printADTM() PcmAlsaWrapper.cpp:876
09-07 14:31:05.834   512 13241 I HarmanHal.Routing: hacs alsa node(pcmTunerIn_c) adtm interval_min:30 ms, inverval_max:40 ms, inverval_mean:31 ms!
09-07 14:31:05.834   512 13241 I HarmanHal.Routing:  in printADTM() PcmAlsaWrapper.cpp:876
09-07 14:31:05.835   512 13241 D HarmanHAL: StreamIn::getCapturePositionImpl
09-07 14:31:05.875   512 13241 I chatty  : uid=1041(audioserver) reader identical 1 line
09-07 14:31:05.905   512 13241 D HarmanHAL: StreamIn::getCapturePositionImpl
09-07 14:31:05.919   911  4981 D BufferPoolAccessor2.0: bufferpool2 0xb400007205c6d498 : 2(1048576 size) total buffers - 1(524288 size) used buffers - 4148/4158 (recycle/alloc) - 25/4158 (fetch/transfer)
09-07 14:31:05.934   512 13241 D HarmanHAL: StreamIn::getCapturePositionImpl
09-07 14:31:05.965   512 13241 D HarmanHAL: StreamIn::getCapturePositionImpl
09-07 14:31:05.971   536   536 I vendor.harman.p: type=1400 audit(0.0:3769): avc: denied { read } for name="2" dev="dm-4" ino=49241 scontext=u:r:pathologyd:s0 tcontext=u:object_r:vendor_data_file:s0 tclass=dir permissive=1
09-07 14:31:05.971   536   536 I vendor.harman.p: type=1400 audit(0.0:3770): avc: denied { open } for path="/data/vendor/pathologyArchive/2" dev="dm-4" ino=49241 scontext=u:r:pathologyd:s0 tcontext=u:object_r:vendor_data_file:s0 tclass=dir permissive=1
09-07 14:31:05.994   512 13241 D HarmanHAL: StreamIn::getCapturePositionImpl
09-07 14:31:06.065   512 13241 I chatty  : uid=1041(audioserver) reader identical 2 lines
09-07 14:31:06.094   512 13241 D HarmanHAL: StreamIn::getCapturePositionImpl
09-07 14:31:06.118   512 13158 D AudioProcessing: sseApply [handle 0xbc80d90][type 512] start..
09-07 14:31:06.118   512 13158 D AudioProcessing: sseProcess ul audioIO content print-1 [256] [2] [4] [1] 
09-07 14:31:06.118   512 13158 D AudioProcessing: sseProcess ul audioIO content print-2 [6] [1] [0x3bcbc5a0] [0x5bc7ede0] 
09-07 14:31:06.118   512 13158 D AudioProcessing: sseProcess ul audioIO content print-3 [0x1bca1320 [0x8bc84110] [0x1bc9f9b0] sse->pMain is [0x2bca4a60] 
09-07 14:31:06.119   512 13158 D AudioProcessing: sseProcess ul [handle 0xbc80d90]  ret[0]
09-07 14:31:06.119   512 13158 D AudioProcessing: sseProcess ul AudioBufferSampleCnt[256] type[512] finish..
09-07 14:31:06.125   512 13241 D HarmanHAL: StreamIn::getCapturePositionImpl
09-07 14:31:06.154   512 13241 I chatty  : uid=1041(audioserver) reader identical 1 line
09-07 14:31:06.194   512 13241 D HarmanHAL: StreamIn::getCapturePositionImpl
09-07 14:31:06.223   512 13169 D AudioProcessing: sseApply [handle 0xbc83090][type 768] start..
09-07 14:31:06.223   512 13169 D AudioProcessing: sseProcess dl audioIO content print-1 [256] [2] [1] [1] 
09-07 14:31:06.223   512 13169 D AudioProcessing: sseProcess dl audioIO content print-2 [1] [1] [0x0xb40000763bcc28d0] [0x0xb40000761bca6b00] 
09-07 14:31:06.223   512 13169 D AudioProcessing: sseProcess dl audioIO content print-3 [0x0xb40000761bca7fd0] [0x0xb40000761bcabe40] [0x0xb40000761bca5880] sse->pMain is [0x0xb40000772bcb4e80] 
09-07 14:31:06.224   512 13169 D AudioProcessing: sseProcess dl [handle 0xbc83090] ret[0]
09-07 14:31:06.224   512 13169 D AudioProcessing: sseProcess dl AudioBufferSampleCnt[256] type[768] finish..
09-07 14:31:06.226   512 13241 D HarmanHAL: StreamIn::getCapturePositionImpl
09-07 14:31:06.254   512 13241 D HarmanHAL: StreamIn::getCapturePositionImpl
09-07 14:31:06.280   512  3972 I HarmanHal.Routing: hacs alsa node(pcmMedia_p) adtm interval_min:1 ms, inverval_max:10 ms, inverval_mean:8 ms!
09-07 14:31:06.280   512  3972 I HarmanHal.Routing:  in printADTM() PcmAlsaWrapper.cpp:876
09-07 14:31:06.284   512 13241 D HarmanHAL: StreamIn::getCapturePositionImpl
09-07 14:31:06.444   512 13241 I chatty  : uid=1041(audioserver) reader identical 5 lines
09-07 14:31:06.474   512 13241 D HarmanHAL: StreamIn::getCapturePositionImpl
09-07 14:31:06.481   538   618 W ipcLib  : ipcLib: in ipc_lib. DV1 read called
09-07 14:31:06.514   512 13241 D HarmanHAL: StreamIn::getCapturePositionImpl
09-07 14:31:06.544   512 13241 I chatty  : uid=1041(audioserver) reader identical 1 line
09-07 14:31:06.574   512 13241 D HarmanHAL: StreamIn::getCapturePositionImpl
09-07 14:31:06.583   512 13169 E HarmanHal.Routing: hacs module(pcmHfp_dl_p): data->sampleCount = 383, period_size = 384 in writeFrame() PcmAlsaWrapper.cpp:340
09-07 14:31:06.604   512 13241 D HarmanHAL: StreamIn::getCapturePositionImpl
09-07 14:31:06.674   512 13241 I chatty  : uid=1041(audioserver) reader identical 2 lines
09-07 14:31:06.705   512 13241 D HarmanHAL: StreamIn::getCapturePositionImpl
09-07 14:31:06.705   512 13133 I HarmanHal.Routing: hacs alsa node(pcmMicRefIn_c) adtm interval_min:0 ms, inverval_max:11 ms, inverval_mean:7 ms!
09-07 14:31:06.705   512 13133 I HarmanHal.Routing:  in printADTM() PcmAlsaWrapper.cpp:876
09-07 14:31:06.711   512 13159 I HarmanHal.Routing: hacs alsa node(pcmBtHfp_ul_pro_p) adtm interval_min:2 ms, inverval_max:12 ms, inverval_mean:8 ms!
09-07 14:31:06.711   512 13159 I HarmanHal.Routing:  in printADTM() PcmAlsaWrapper.cpp:876
09-07 14:31:06.734   512 13241 D HarmanHAL: StreamIn::getCapturePositionImpl
09-07 14:31:06.765   512 13241 I chatty  : uid=1041(audioserver) reader identical 1 line
09-07 14:31:06.794   512 13241 D HarmanHAL: StreamIn::getCapturePositionImpl
09-07 14:31:06.813   512 13169 I HarmanHal.Routing: hacs alsa node(pcmBtHfp_dl_pre_c) adtm interval_min:0 ms, inverval_max:10 ms, inverval_mean:7 ms!
09-07 14:31:06.813   512 13169 I HarmanHal.Routing:  in printADTM() PcmAlsaWrapper.cpp:876
09-07 14:31:06.814   512 13169 I HarmanHal.Routing: hacs alsa node(pcmHfp_dl_p) adtm interval_min:0 ms, inverval_max:11 ms, inverval_mean:8 ms!
09-07 14:31:06.814   512 13169 I HarmanHal.Routing:  in printADTM() PcmAlsaWrapper.cpp:876
09-07 14:31:06.834   512 13241 I HarmanHal.Routing: hacs alsa node(pcmTunerIn_c) adtm interval_min:29 ms, inverval_max:40 ms, inverval_mean:32 ms!
09-07 14:31:06.834   512 13241 I HarmanHal.Routing:  in printADTM() PcmAlsaWrapper.cpp:876
09-07 14:31:06.835   512 13241 D HarmanHAL: StreamIn::getCapturePositionImpl
09-07 14:31:07.024   512 13241 I chatty  : uid=1041(audioserver) reader identical 6 lines
09-07 14:31:07.054   512 13241 D HarmanHAL: StreamIn::getCapturePositionImpl
09-07 14:31:07.073   532   569 W ipcLib  : ipcLib: in ipc_lib. DV1 read called
09-07 14:31:07.074   532   568 I VPS     : VPS:IOCStatusInfo.VoltageStatus->0 
09-07 14:31:07.074   532   568 I VPS     : VPS:IOCStatusInfo.IOCStatusCmd->a6 
09-07 14:31:07.074   532   568 I VPS     : VPS:IOCStatusInfo.WakeUpReason->0 
09-07 14:31:07.074   532   568 I VPS     : VPS:IOCStatusInfo.DerivedIgnitionStatus->0 
09-07 14:31:07.074   532   568 I VPS     : VPS:IOCStatusInfo.PowerModeState->4 
09-07 14:31:07.074   532   568 I VPS     : VPS:IOCStatusInfo.SOCShutdownRequest->0 
09-07 14:31:07.074   532   568 I VPS     : VPS:IOCStatusInfo.AntiTheftState->0 
09-07 14:31:07.074   532   568 I VPS     : VPS:IOCStatusInfo.BatteryConnect->0 
09-07 14:31:07.085   512 13241 D HarmanHAL: StreamIn::getCapturePositionImpl
09-07 14:31:07.244   512 13241 I chatty  : uid=1041(audioserver) reader identical 5 lines
09-07 14:31:07.274   512 13241 D HarmanHAL: StreamIn::getCapturePositionImpl
09-07 14:31:07.281   512  3972 I HarmanHal.Routing: hacs alsa node(pcmMedia_p) adtm interval_min:1 ms, inverval_max:11 ms, inverval_mean:8 ms!
09-07 14:31:07.281   512  3972 I HarmanHal.Routing:  in printADTM() PcmAlsaWrapper.cpp:876
09-07 14:31:07.315   512 13241 D HarmanHAL: StreamIn::getCapturePositionImpl
09-07 14:31:07.434   512 13241 I chatty  : uid=1041(audioserver) reader identical 4 lines
09-07 14:31:07.475   512 13241 D HarmanHAL: StreamIn::getCapturePositionImpl
09-07 14:31:07.481   538   618 W ipcLib  : ipcLib: in ipc_lib. DV1 read called
09-07 14:31:07.504   512 13241 D HarmanHAL: StreamIn::getCapturePositionImpl
09-07 14:31:07.664   512 13241 I chatty  : uid=1041(audioserver) reader identical 5 lines
09-07 14:31:07.694   512 13241 D HarmanHAL: StreamIn::getCapturePositionImpl
09-07 14:31:07.706   512 13133 I HarmanHal.Routing: hacs alsa node(pcmMicRefIn_c) adtm interval_min:0 ms, inverval_max:10 ms, inverval_mean:8 ms!
09-07 14:31:07.706   512 13133 I HarmanHal.Routing:  in printADTM() PcmAlsaWrapper.cpp:876
09-07 14:31:07.711   512 13159 I HarmanHal.Routing: hacs alsa node(pcmBtHfp_ul_pro_p) adtm interval_min:2 ms, inverval_max:12 ms, inverval_mean:8 ms!
09-07 14:31:07.711   512 13159 I HarmanHal.Routing:  in printADTM() PcmAlsaWrapper.cpp:876
09-07 14:31:07.718   512 13158 D AudioProcessing: sseApply [handle 0xbc80d90][type 512] start..
09-07 14:31:07.718   512 13158 D AudioProcessing: sseProcess ul audioIO content print-1 [256] [2] [4] [1] 
09-07 14:31:07.718   512 13158 D AudioProcessing: sseProcess ul audioIO content print-2 [6] [1] [0x3bcbc5a0] [0x5bc7ede0] 
09-07 14:31:07.718   512 13158 D AudioProcessing: sseProcess ul audioIO content print-3 [0x1bca1320 [0x8bc84110] [0x1bc9f9b0] sse->pMain is [0x2bca4a60] 
09-07 14:31:07.719   512 13158 D AudioProcessing: sseProcess ul [handle 0xbc80d90]  ret[0]
09-07 14:31:07.719   512 13158 D AudioProcessing: sseProcess ul AudioBufferSampleCnt[256] type[512] finish..
09-07 14:31:07.724   512 13241 D HarmanHAL: StreamIn::getCapturePositionImpl
09-07 14:31:07.755   512 13241 I chatty  : uid=1041(audioserver) reader identical 1 line
09-07 14:31:07.795   512 13241 D HarmanHAL: StreamIn::getCapturePositionImpl
09-07 14:31:07.814   512 13169 I HarmanHal.Routing: hacs alsa node(pcmBtHfp_dl_pre_c) adtm interval_min:0 ms, inverval_max:11 ms, inverval_mean:8 ms!
09-07 14:31:07.814   512 13169 I HarmanHal.Routing:  in printADTM() PcmAlsaWrapper.cpp:876
09-07 14:31:07.814   512 13169 I HarmanHal.Routing: hacs alsa node(pcmHfp_dl_p) adtm interval_min:0 ms, inverval_max:11 ms, inverval_mean:8 ms!
09-07 14:31:07.814   512 13169 I HarmanHal.Routing:  in printADTM() PcmAlsaWrapper.cpp:876
09-07 14:31:07.823   512 13169 D AudioProcessing: sseApply [handle 0xbc83090][type 768] start..
09-07 14:31:07.823   512 13169 D AudioProcessing: sseProcess dl audioIO content print-1 [256] [2] [1] [1] 
09-07 14:31:07.823   512 13169 D AudioProcessing: sseProcess dl audioIO content print-2 [1] [1] [0x0xb40000763bcc28d0] [0x0xb40000761bca6b00] 
09-07 14:31:07.823   512 13169 D AudioProcessing: sseProcess dl audioIO content print-3 [0x0xb40000761bca7fd0] [0x0xb40000761bcabe40] [0x0xb40000761bca5880] sse->pMain is [0x0xb40000772bcb4e80] 
09-07 14:31:07.824   512 13169 D AudioProcessing: sseProcess dl [handle 0xbc83090] ret[0]
09-07 14:31:07.824   512 13169 D AudioProcessing: sseProcess dl AudioBufferSampleCnt[256] type[768] finish..
09-07 14:31:07.824   512 13241 I HarmanHal.Routing: hacs alsa node(pcmTunerIn_c) adtm interval_min:30 ms, inverval_max:40 ms, inverval_mean:31 ms!
09-07 14:31:07.824   512 13241 I HarmanHal.Routing:  in printADTM() PcmAlsaWrapper.cpp:876
09-07 14:31:07.826   512 13241 D HarmanHAL: StreamIn::getCapturePositionImpl
09-07 14:31:08.235   512 13241 I chatty  : uid=1041(audioserver) reader identical 13 lines
09-07 14:31:08.275   512 13241 D HarmanHAL: StreamIn::getCapturePositionImpl
09-07 14:31:08.280   512  3972 I HarmanHal.Routing: hacs alsa node(pcmMedia_p) adtm interval_min:1 ms, inverval_max:11 ms, inverval_mean:7 ms!
09-07 14:31:08.280   512  3972 I HarmanHal.Routing:  in printADTM() PcmAlsaWrapper.cpp:876
09-07 14:31:08.304   512 13241 D HarmanHAL: StreamIn::getCapturePositionImpl
09-07 14:31:08.435   512 13241 I chatty  : uid=1041(audioserver) reader identical 4 lines
09-07 14:31:08.464   512 13241 D HarmanHAL: StreamIn::getCapturePositionImpl
09-07 14:31:08.482   538   618 W ipcLib  : ipcLib: in ipc_lib. DV1 read called
09-07 14:31:08.494   512 13241 D HarmanHAL: StreamIn::getCapturePositionImpl
09-07 14:31:08.654   512 13241 I chatty  : uid=1041(audioserver) reader identical 5 lines
09-07 14:31:08.684   512 13241 D HarmanHAL: StreamIn::getCapturePositionImpl
09-07 14:31:08.706   512 13133 I HarmanHal.Routing: hacs alsa node(pcmMicRefIn_c) adtm interval_min:0 ms, inverval_max:11 ms, inverval_mean:8 ms!
09-07 14:31:08.706   512 13133 I HarmanHal.Routing:  in printADTM() PcmAlsaWrapper.cpp:876
09-07 14:31:08.711   512 13159 I HarmanHal.Routing: hacs alsa node(pcmBtHfp_ul_pro_p) adtm interval_min:2 ms, inverval_max:12 ms, inverval_mean:8 ms!
09-07 14:31:08.711   512 13159 I HarmanHal.Routing:  in printADTM() PcmAlsaWrapper.cpp:876
09-07 14:31:08.715   512 13241 D HarmanHAL: StreamIn::getCapturePositionImpl
09-07 14:31:08.755   512 13241 I chatty  : uid=1041(audioserver) reader identical 1 line
09-07 14:31:08.785   512 13241 D HarmanHAL: StreamIn::getCapturePositionImpl
09-07 14:31:08.813   512 13169 I HarmanHal.Routing: hacs alsa node(pcmBtHfp_dl_pre_c) adtm interval_min:0 ms, inverval_max:11 ms, inverval_mean:7 ms!
09-07 14:31:08.813   512 13169 I HarmanHal.Routing:  in printADTM() PcmAlsaWrapper.cpp:876
09-07 14:31:08.814   512 13241 I HarmanHal.Routing: hacs alsa node(pcmTunerIn_c) adtm interval_min:30 ms, inverval_max:40 ms, inverval_mean:31 ms!
09-07 14:31:08.814   512 13241 I HarmanHal.Routing:  in printADTM() PcmAlsaWrapper.cpp:876
09-07 14:31:08.814   512 13169 I HarmanHal.Routing: hacs alsa node(pcmHfp_dl_p) adtm interval_min:0 ms, inverval_max:11 ms, inverval_mean:8 ms!
09-07 14:31:08.814   512 13169 I HarmanHal.Routing:  in printADTM() PcmAlsaWrapper.cpp:876
09-07 14:31:08.814   512 13241 D HarmanHAL: StreamIn::getCapturePositionImpl
09-07 14:31:08.944   512 13241 I chatty  : uid=1041(audioserver) reader identical 4 lines
09-07 14:31:08.974   512 13241 D HarmanHAL: StreamIn::getCapturePositionImpl
09-07 14:31:09.000   532   569 I VPS     : VPS:VehiclePlatformSOCHeartBeatHandler IVI HeartBeat sent successfully SOCHeartBeatInfo.SOCStatus->2
09-07 14:31:09.000   532   569 W ipcLib  : ipcLib: in ipc_lib. DV1 write called
09-07 14:31:09.001   532   569 W ipcLib  : ipcLib: in ipc_lib. DV1 read called
09-07 14:31:09.004   512 13241 D HarmanHAL: StreamIn::getCapturePositionImpl
09-07 14:31:09.135   512 13241 I chatty  : uid=1041(audioserver) reader identical 4 lines
09-07 14:31:09.165   512 13241 D HarmanHAL: StreamIn::getCapturePositionImpl
09-07 14:31:09.174   532   569 W ipcLib  : ipcLib: in ipc_lib. DV1 read called
09-07 14:31:09.174   532   568 I VPS     : VPS:IOCStatusInfo.VoltageStatus->0 
09-07 14:31:09.174   532   568 I VPS     : VPS:IOCStatusInfo.IOCStatusCmd->a6 
09-07 14:31:09.174   532   568 I VPS     : VPS:IOCStatusInfo.WakeUpReason->0 
09-07 14:31:09.174   532   568 I VPS     : VPS:IOCStatusInfo.DerivedIgnitionStatus->0 
09-07 14:31:09.174   532   568 I VPS     : VPS:IOCStatusInfo.PowerModeState->4 
09-07 14:31:09.174   532   568 I VPS     : VPS:IOCStatusInfo.SOCShutdownRequest->0 
09-07 14:31:09.174   532   568 I VPS     : VPS:IOCStatusInfo.AntiTheftState->0 
09-07 14:31:09.174   532   568 I VPS     : VPS:IOCStatusInfo.BatteryConnect->0 
09-07 14:31:09.195   512 13241 D HarmanHAL: StreamIn::getCapturePositionImpl
01-01 00:06:12.227     0     0 I init    : starting service 'qccsyshalservice'...
01-01 00:06:12.234     0     0 I init    : starting service 'vendor.sensors-hal-1-0'...
01-01 00:06:12.241     0     0 I init    : starting service 'LogManager'...
09-07 14:31:09.234   512 13241 I chatty  : uid=1041(audioserver) reader identical 1 line
09-07 14:31:09.265   512 13241 D HarmanHAL: StreamIn::getCapturePositionImpl
09-07 14:31:09.271 19472 19472 I qccsyshalservice: Start with system binder
09-07 14:31:09.271 19472 19472 I qccsyshalservice: Registering qccsyshal service...
09-07 14:31:09.273   376   376 I hwservicemanager: getTransport: Cannot find entry vendor.qti.hardware.qccsyshal@1.0::IQccsyshal/qccsyshal in either framework or device manifest.
09-07 14:31:09.277   376   376 I hwservicemanager: getTransport: Cannot find entry android.hardware.sensors@1.0::ISensors/default in either framework or device manifest.
09-07 14:31:09.278 19472 19472 E HidlServiceManagement: Service vendor.qti.hardware.qccsyshal@1.0::IQccsyshal/qccsyshal must be in VINTF manifest in order to register/get.
09-07 14:31:09.278 19472 19472 E qccsyshalservice: [ERROR] registerAsService() failed with status: -2147483648
09-07 14:31:09.279 19473 19473 E android.hardware.sensors@1.0-service: Couldn't load sensors module (Unknown error -2147483648)
09-07 14:31:09.279 19473 19473 D RefBase : RefBase: Explicit destruction, weak count = 0 (in 0xb4000073c536f288)
09-07 14:31:09.279 19473 19473 W RefBase : CallStack::getCurrentInternal not linked, returning null
09-07 14:31:09.279 19473 19473 W RefBase : CallStack::logStackInternal not linked
09-07 14:31:09.280 19473 19473 E LegacySupport: Could not get passthrough implementation for android.hardware.sensors@1.0::ISensors/default.
09-07 14:31:09.280   512  3972 I HarmanHal.Routing: hacs alsa node(pcmMedia_p) adtm interval_min:0 ms, inverval_max:11 ms, inverval_mean:8 ms!
09-07 14:31:09.280   512  3972 I HarmanHal.Routing:  in printADTM() PcmAlsaWrapper.cpp:876
01-01 00:06:12.269     0     0 I init    : Service 'qccsyshalservice' (pid 19472) exited with status 1
01-01 00:06:12.269     0     0 I init    : Sending signal 9 to service 'qccsyshalservice' (pid 19472) process group...
01-01 00:06:12.270     0     0 I libprocessgroup: Successfully killed process cgroup uid 1000 pid 19472 in 0ms
01-01 00:06:12.272     0     0 I init    : Service 'vendor.sensors-hal-1-0' (pid 19473) exited with status 1
01-01 00:06:12.272     0     0 I init    : Sending signal 9 to service 'vendor.sensors-hal-1-0' (pid 19473) process group...
09-07 14:31:09.284 19474 19474 D LOGMANAGER: LOGMANAGER HAL service init() start
09-07 14:31:09.285 19474 19474 D LOGMANAGER: Logmanager configured rpcthreadpool
09-07 14:31:09.279 19474 19474 I vendor.harman.L: type=1400 audit(0.0:3771): avc: denied { read } for name="u:object_r:hwservicemanager_prop:s0" dev="tmpfs" ino=24519 scontext=u:r:logmanagerd:s0 tcontext=u:object_r:hwservicemanager_prop:s0 tclass=file permissive=1
09-07 14:31:09.279 19474 19474 I vendor.harman.L: type=1400 audit(0.0:3772): avc: denied { open } for path="/dev/__properties__/u:object_r:hwservicemanager_prop:s0" dev="tmpfs" ino=24519 scontext=u:r:logmanagerd:s0 tcontext=u:object_r:hwservicemanager_prop:s0 tclass=file permissive=1
09-07 14:31:09.279 19474 19474 I vendor.harman.L: type=1400 audit(0.0:3773): avc: denied { getattr } for path="/dev/__properties__/u:object_r:hwservicemanager_prop:s0" dev="tmpfs" ino=24519 scontext=u:r:logmanagerd:s0 tcontext=u:object_r:hwservicemanager_prop:s0 tclass=file permissive=1
01-01 00:06:12.273     0     0 I libprocessgroup: Successfully killed process cgroup uid 1000 pid 19473 in 0ms
09-07 14:31:09.279 19474 19474 I vendor.harman.L: type=1400 audit(0.0:3774): avc: denied { map } for path="/dev/__properties__/u:object_r:hwservicemanager_prop:s0" dev="tmpfs" ino=24519 scontext=u:r:logmanagerd:s0 tcontext=u:object_r:hwservicemanager_prop:s0 tclass=file permissive=1
09-07 14:31:09.287 19474 19474 I HidlServiceManagement: Registered vendor.harman.hardware.LogManager@1.0::ILogManager/default
09-07 14:31:09.287 19474 19474 D LOGMANAGER: Logmanager HAL Service is registered and ready
09-07 14:31:09.287 19474 19474 I LOGMANAGER: ThreadPoolWrapper::initThreadPool
09-07 14:31:09.287 19474 19474 I LOGMANAGER: ThreadPoolWrapper : exit
09-07 14:31:09.287 19474 19474 D LOGMANAGER: Logmanager threadpoolwrapper created
09-07 14:31:09.287 19474 19474 D LOGMANAGER: User argument is -c
09-07 14:31:09.287 19474 19475 I LOGMANAGER: ThreadPoolWrapper:  enter the joinRpcThreadpool()
09-07 14:31:09.288 19474 19474 I LOGMANAGER: LogmanagerConfig is configured under config file
09-07 14:31:09.288 19474 19474 I LOGMANAGER: LoggingLevel is : 4
09-07 14:31:09.288 19474 19474 I LOGMANAGER: LogEnableState is : 0
09-07 14:31:09.288 19474 19474 I LOGMANAGER: OutputPluginConfiguration PluginType : LOGWRITTER
09-07 14:31:09.288 19474 19474 I LOGMANAGER: LM_OutputConfiguration : 1
09-07 14:31:09.288 19474 19474 I LOGMANAGER: LM_OfflineTraceDirectory : /data/cache
09-07 14:31:09.288 19474 19474 I LOGMANAGER: LM_OfflineTraceFILESize : 1000000
09-07 14:31:09.288 19474 19474 I LOGMANAGER: LM_OfflineTotalFILESSize : 20000000
09-07 14:31:09.283 19474 19474 I vendor.harman.L: type=1400 audit(0.0:3775): avc: denied { dac_read_search } for capability=2 scontext=u:r:logmanagerd:s0 tcontext=u:r:logmanagerd:s0 tclass=capability permissive=1
09-07 14:31:09.288 19474 19474 I LOGMANAGER: LM_FileNameTimeStampBased : 0
09-07 14:31:09.288 19474 19474 I LOGMANAGER: Got IOC plugin
09-07 14:31:09.288 19474 19474 I LOGMANAGER: IOCIPCChannelNumber :6
09-07 14:31:09.288 19474 19474 I LOGMANAGER: keyseq: HOME + VOLUMEDOWN  for domain is AudioDump
09-07 14:31:09.288 19474 19474 I LOGMANAGER: keyseq: HOME + VOLUMEUP  for domain is HCIDump
09-07 14:31:09.288 19474 19474 I LOGMANAGER: Domains parsing is done
01-01 00:06:12.278     0     0 W audit   : audit_lost=1907 audit_rate_limit=5 audit_backlog_limit=64
01-01 00:06:12.278     0     0 E audit   : rate limit exceeded
09-07 14:31:09.293 19474 19474 E LOGMANAGER: Failed to load plugin /vendor/lib64/libIOCDLogReader.so with error code dlopen failed: library "/vendor/lib64/libIOCDLogReader.so" not found 
09-07 14:31:09.293 19474 19474 F libc    : Fatal signal 11 (SIGSEGV), code 1 (SEGV_MAPERR), fault addr 0x0 in tid 19474 (vendor.harman.L), pid 19474 (vendor.harman.L)
09-07 14:31:09.294   512 13241 D HarmanHAL: StreamIn::getCapturePositionImpl
09-07 14:31:09.318   512 13158 D AudioProcessing: sseApply [handle 0xbc80d90][type 512] start..
09-07 14:31:09.318   512 13158 D AudioProcessing: sseProcess ul audioIO content print-1 [256] [2] [4] [1] 
09-07 14:31:09.318   512 13158 D AudioProcessing: sseProcess ul audioIO content print-2 [6] [1] [0x3bcbc5a0] [0x5bc7ede0] 
09-07 14:31:09.318   512 13158 D AudioProcessing: sseProcess ul audioIO content print-3 [0x1bca1320 [0x8bc84110] [0x1bc9f9b0] sse->pMain is [0x2bca4a60] 
09-07 14:31:09.319   512 13158 D AudioProcessing: sseProcess ul [handle 0xbc80d90]  ret[0]
09-07 14:31:09.319   512 13158 D AudioProcessing: sseProcess ul AudioBufferSampleCnt[256] type[512] finish..
09-07 14:31:09.324   512 13241 D HarmanHAL: StreamIn::getCapturePositionImpl
09-07 14:31:09.336 19481 19481 I crash_dump64: obtaining output fd from tombstoned, type: kDebuggerdTombstone
09-07 14:31:09.337   463   463 I tombstoned: received crash request for pid 19474
09-07 14:31:09.338 19481 19481 I crash_dump64: performing dump of process 19474 (target tid = 19474)
09-07 14:31:09.340 19481 19481 F DEBUG   : *** *** *** *** *** *** *** *** *** *** *** *** *** *** *** ***
09-07 14:31:09.341 19481 19481 F DEBUG   : Build fingerprint: 'qti/titan_tml_b2/titan_tml_b2:11/RQ3A.210605.005/eng.ksong.20210907.134230:userdebug/test-keys'
09-07 14:31:09.341 19481 19481 F DEBUG   : Revision: '0'
09-07 14:31:09.341 19481 19481 F DEBUG   : ABI: 'arm64'
09-07 14:31:09.343 19481 19481 F DEBUG   : Timestamp: 2021-09-07 14:31:09+0000
09-07 14:31:09.343 19481 19481 F DEBUG   : pid: 19474, tid: 19474, name: vendor.harman.L  >>> /vendor/bin/hw/vendor.harman.LogManager@1.0-service <<<
09-07 14:31:09.343 19481 19481 F DEBUG   : uid: 0
09-07 14:31:09.343 19481 19481 F DEBUG   : signal 11 (SIGSEGV), code 1 (SEGV_MAPERR), fault addr 0x0
09-07 14:31:09.343 19481 19481 F DEBUG   : Cause: null pointer dereference
09-07 14:31:09.343 19481 19481 F DEBUG   :     x0  0000000000000000  x1  0000000000000000  x2  0000000000080001  x3  0000000000000000
09-07 14:31:09.343 19481 19481 F DEBUG   :     x4  0000000000000000  x5  0000000000000090  x6  fefefefefefefeff  x7  7f7f7f7f7f7f7f7f
09-07 14:31:09.344 19481 19481 F DEBUG   :     x8  0101010101010101  x9  14467f357724622e  x10 0000007ff81b36f8  x11 fffffffffffffffd
09-07 14:31:09.344 19481 19481 F DEBUG   :     x12 0000007ff81b3880  x13 000000000000008e  x14 00112a87793b3800  x15 0000000034155555
09-07 14:31:09.344 19481 19481 F DEBUG   :     x16 00000056f04607e0  x17 0000007a9f2e0b30  x18 0000007aa0852000  x19 0000000000000000
09-07 14:31:09.344 19481 19481 F DEBUG   :     x20 0000007a9ef74c50  x21 0000007ff81b3f99  x22 b40000799edf5248  x23 0000007ff81b3fb8
09-07 14:31:09.344 19481 19481 F DEBUG   :     x24 0000000000000000  x25 0000007a9fa5b000  x26 0000007ff81b3f99  x27 0000007ff81b3f69
09-07 14:31:09.344 19481 19481 F DEBUG   :     x28 0000000000000000  x29 0000007ff81b3ea0
09-07 14:31:09.344 19481 19481 F DEBUG   :     lr  00000056f0457048  sp  0000007ff81b3ea0  pc  0000007a9f2e0b40  pst 0000000080000000
09-07 14:31:09.348 19481 19481 F DEBUG   : backtrace:
09-07 14:31:09.348 19481 19481 F DEBUG   :       #00 pc 000000000004ab40  /apex/com.android.runtime/lib64/bionic/libc.so (strlen_default+16) (BuildId: 2b7c6e33413ac7278a15dfc3ea383089)
09-07 14:31:09.348 19481 19481 F DEBUG   :       #01 pc 0000000000009044  /vendor/bin/hw/vendor.harman.LogManager@1.0-service (BuildId: 3e966ab64050b441b920ba0e8960d123)
09-07 14:31:09.348 19481 19481 F DEBUG   :       #02 pc 0000000000008df0  /vendor/bin/hw/vendor.harman.LogManager@1.0-service (LM::LogManagerImpl::load_plugin_conf(void*, std::__1::basic_string<char, std::__1::char_traits<char>, std::__1::allocator<char> >, std::__1::multimap<std::__1::basic_string<char, std::__1::char_traits<char>, std::__1::allocator<char> >, int, std::__1::less<std::__1::basic_string<char, std::__1::char_traits<char>, std::__1::allocator<char> > >, std::__1::allocator<std::__1::pair<std::__1::basic_string<char, std::__1::char_traits<char>, std::__1::allocator<char> > const, int> > >&)+752) (BuildId: 3e966ab64050b441b920ba0e8960d123)
09-07 14:31:09.348 19481 19481 F DEBUG   :       #03 pc 00000000000088c0  /vendor/bin/hw/vendor.harman.LogManager@1.0-service (LM::LogManagerImpl::loadplugins()+436) (BuildId: 3e966ab64050b441b920ba0e8960d123)
09-07 14:31:09.348 19481 19481 F DEBUG   :       #04 pc 0000000000007af8  /vendor/bin/hw/vendor.harman.LogManager@1.0-service (main+1112) (BuildId: 3e966ab64050b441b920ba0e8960d123)
09-07 14:31:09.348 19481 19481 F DEBUG   :       #05 pc 000000000004988c  /apex/com.android.runtime/lib64/bionic/libc.so (__libc_init+108) (BuildId: 2b7c6e33413ac7278a15dfc3ea383089)
09-07 14:31:09.355   512 13241 D HarmanHAL: StreamIn::getCapturePositionImpl
01-01 00:06:12.357     0     0 D logd    : logdr: UID=0 GID=1000 PID=19481 n tail=50 logMask=8 pid=19474 start=0ns timeout=0ns
01-01 00:06:12.367     0     0 D logd    : logdr: UID=0 GID=1000 PID=19481 n tail=50 logMask=1 pid=19474 start=0ns timeout=0ns
01-01 00:06:12.391     0     0 D logd    : logdr: UID=0 GID=1000 PID=19481 n tail=0 logMask=8 pid=19474 start=0ns timeout=0ns
01-01 00:06:12.401     0     0 D logd    : logdr: UID=0 GID=1000 PID=19481 n tail=0 logMask=1 pid=19474 start=0ns timeout=0ns
09-07 14:31:09.420  1033  1270 W NativeCrashListener: Couldn't find ProcessRecord for pid 19474
09-07 14:31:09.394   512 13241 D HarmanHAL: StreamIn::getCapturePositionImpl
09-07 14:31:09.421 19481 19481 E crash_dump64: AM data write failed: Broken pipe
09-07 14:31:09.422   463   463 E tombstoned: Tombstone written to: /data/tombstones/tombstone_40
09-07 14:31:09.423   512 13169 D AudioProcessing: sseApply [handle 0xbc83090][type 768] start..
09-07 14:31:09.423   512 13169 D AudioProcessing: sseProcess dl audioIO content print-1 [256] [2] [1] [1] 
09-07 14:31:09.423   512 13169 D AudioProcessing: sseProcess dl audioIO content print-2 [1] [1] [0x0xb40000763bcc28d0] [0x0xb40000761bca6b00] 
09-07 14:31:09.423   512 13169 D AudioProcessing: sseProcess dl audioIO content print-3 [0x0xb40000761bca7fd0] [0x0xb40000761bcabe40] [0x0xb40000761bca5880] sse->pMain is [0x0xb40000772bcb4e80] 
09-07 14:31:09.424   512 13169 D AudioProcessing: sseProcess dl [handle 0xbc83090] ret[0]
09-07 14:31:09.424   512 13169 D AudioProcessing: sseProcess dl AudioBufferSampleCnt[256] type[768] finish..
01-01 00:06:12.416     0     0 I init    : Service 'LogManager' (pid 19474) received signal 11
09-07 14:31:09.429  1033  1095 I BootReceiver: Copying /data/tombstones/tombstone_40 to DropBox (SYSTEM_TOMBSTONE)
09-07 14:31:09.431   512 13241 D HarmanHAL: StreamIn::getCapturePositionImpl
09-07 14:31:09.433  1033  1095 I DropBoxManagerService: add tag=SYSTEM_TOMBSTONE isTagEnabled=true flags=0x2
09-07 14:31:09.454   512 13241 D HarmanHAL: StreamIn::getCapturePositionImpl
09-07 14:31:09.481   538   618 W ipcLib  : ipcLib: in ipc_lib. DV1 read called
09-07 14:31:09.484   512 13241 D HarmanHAL: StreamIn::getCapturePositionImpl
09-07 14:31:09.644   512 13241 I chatty  : uid=1041(audioserver) reader identical 5 lines
09-07 14:31:09.675   512 13241 D HarmanHAL: StreamIn::getCapturePositionImpl
09-07 14:31:09.706   512 13133 I HarmanHal.Routing: hacs alsa node(pcmMicRefIn_c) adtm interval_min:0 ms, inverval_max:11 ms, inverval_mean:8 ms!
09-07 14:31:09.706   512 13133 I HarmanHal.Routing:  in printADTM() PcmAlsaWrapper.cpp:876
09-07 14:31:09.711   512 13159 I HarmanHal.Routing: hacs alsa node(pcmBtHfp_ul_pro_p) adtm interval_min:2 ms, inverval_max:12 ms, inverval_mean:8 ms!
09-07 14:31:09.711   512 13159 I HarmanHal.Routing:  in printADTM() PcmAlsaWrapper.cpp:876
09-07 14:31:09.714   512 13241 D HarmanHAL: StreamIn::getCapturePositionImpl
09-07 14:31:09.744   512 13241 D HarmanHAL: StreamIn::getCapturePositionImpl
09-07 14:31:09.746   537   722 I TunerCommon: CTunerTimer::startTimer: altMsecTimeout = 15000
09-07 14:31:09.746   537   711 W TunerCommon: EventThd::run:deliverEvent: OK
09-07 14:31:09.774   512 13241 D HarmanHAL: StreamIn::getCapturePositionImpl
09-07 14:31:09.804   512 13241 I HarmanHal.Routing: hacs alsa node(pcmTunerIn_c) adtm interval_min:29 ms, inverval_max:40 ms, inverval_mean:31 ms!
09-07 14:31:09.804   512 13241 I HarmanHal.Routing:  in printADTM() PcmAlsaWrapper.cpp:876
09-07 14:31:09.805   512 13241 D HarmanHAL: StreamIn::getCapturePositionImpl
09-07 14:31:09.814   512 13169 I HarmanHal.Routing: hacs alsa node(pcmBtHfp_dl_pre_c) adtm interval_min:0 ms, inverval_max:11 ms, inverval_mean:8 ms!
09-07 14:31:09.814   512 13169 I HarmanHal.Routing:  in printADTM() PcmAlsaWrapper.cpp:876
09-07 14:31:09.814   512 13169 I HarmanHal.Routing: hacs alsa node(pcmHfp_dl_p) adtm interval_min:0 ms, inverval_max:11 ms, inverval_mean:8 ms!
09-07 14:31:09.814   512 13169 I HarmanHal.Routing:  in printADTM() PcmAlsaWrapper.cpp:876
09-07 14:31:09.835   512 13241 D HarmanHAL: StreamIn::getCapturePositionImpl
09-07 14:31:09.875   512 13241 I chatty  : uid=1041(audioserver) reader identical 1 line
09-07 14:31:09.905   512 13241 D HarmanHAL: StreamIn::getCapturePositionImpl
09-07 14:31:09.923   536   612 E pathology: [ProcessCrashHandler:: parseTombstoneFileName]string not found
09-07 14:31:09.923   536   612 I chatty  : uid=0(root) vendor.harman.p identical 4 lines
09-07 14:31:09.923   536   612 E pathology: [ProcessCrashHandler:: parseTombstoneFileName]string not found
09-07 14:31:09.935   512 13241 D HarmanHAL: StreamIn::getCapturePositionImpl
09-07 14:31:10.225   512 13241 I chatty  : uid=1041(audioserver) reader identical 9 lines
09-07 14:31:10.254   512 13241 D HarmanHAL: StreamIn::getCapturePositionImpl
09-07 14:31:10.280   512  3972 I HarmanHal.Routing: hacs alsa node(pcmMedia_p) adtm interval_min:1 ms, inverval_max:11 ms, inverval_mean:8 ms!
09-07 14:31:10.280   512  3972 I HarmanHal.Routing:  in printADTM() PcmAlsaWrapper.cpp:876
09-07 14:31:10.284   512 13241 D HarmanHAL: StreamIn::getCapturePositionImpl
09-07 14:31:10.315   512 13241 I chatty  : uid=1041(audioserver) reader identical 1 line
09-07 14:31:10.355   512 13241 D HarmanHAL: StreamIn::getCapturePositionImpl
09-07 14:31:10.367   536   536 I vendor.harman.p: type=1400 audit(0.0:3799): avc: denied { write } for name="2" dev="dm-4" ino=49241 scontext=u:r:pathologyd:s0 tcontext=u:object_r:vendor_data_file:s0 tclass=dir permissive=1
09-07 14:31:10.367   536   536 I vendor.harman.p: type=1400 audit(0.0:3800): avc: denied { add_name } for name="PROCCRASH_PF_1631025069.lz4" scontext=u:r:pathologyd:s0 tcontext=u:object_r:vendor_data_file:s0 tclass=dir permissive=1
09-07 14:31:10.367   536   536 I vendor.harman.p: type=1400 audit(0.0:3801): avc: denied { create } for name="PROCCRASH_PF_1631025069.lz4" scontext=u:r:pathologyd:s0 tcontext=u:object_r:vendor_data_file:s0 tclass=file permissive=1
09-07 14:31:10.384   512 13241 D HarmanHAL: StreamIn::getCapturePositionImpl
09-07 14:31:10.445   512 13241 I chatty  : uid=1041(audioserver) reader identical 2 lines
09-07 14:31:10.475   512 13241 D HarmanHAL: StreamIn::getCapturePositionImpl
09-07 14:31:10.481   538   618 W ipcLib  : ipcLib: in ipc_lib. DV1 read called
09-07 14:31:10.514   512 13241 D HarmanHAL: StreamIn::getCapturePositionImpl
09-07 14:31:10.675   512 13241 I chatty  : uid=1041(audioserver) reader identical 5 lines
09-07 14:31:10.704   512 13241 D HarmanHAL: StreamIn::getCapturePositionImpl
09-07 14:31:10.706   512 13133 I HarmanHal.Routing: hacs alsa node(pcmMicRefIn_c) adtm interval_min:0 ms, inverval_max:12 ms, inverval_mean:7 ms!
09-07 14:31:10.706   512 13133 I HarmanHal.Routing:  in printADTM() PcmAlsaWrapper.cpp:876
09-07 14:31:10.711   512 13159 I HarmanHal.Routing: hacs alsa node(pcmBtHfp_ul_pro_p) adtm interval_min:2 ms, inverval_max:12 ms, inverval_mean:8 ms!
09-07 14:31:10.711   512 13159 I HarmanHal.Routing:  in printADTM() PcmAlsaWrapper.cpp:876
09-07 14:31:10.734   512 13241 D HarmanHAL: StreamIn::getCapturePositionImpl
09-07 14:31:10.766   512 13241 D HarmanHAL: StreamIn::getCapturePositionImpl
09-07 14:31:10.794   512 13241 I HarmanHal.Routing: hacs alsa node(pcmTunerIn_c) adtm interval_min:29 ms, inverval_max:41 ms, inverval_mean:31 ms!
09-07 14:31:10.794   512 13241 I HarmanHal.Routing:  in printADTM() PcmAlsaWrapper.cpp:876
09-07 14:31:10.795   512 13241 D HarmanHAL: StreamIn::getCapturePositionImpl
09-07 14:31:10.813   512 13169 I HarmanHal.Routing: hacs alsa node(pcmBtHfp_dl_pre_c) adtm interval_min:0 ms, inverval_max:10 ms, inverval_mean:7 ms!
09-07 14:31:10.813   512 13169 I HarmanHal.Routing:  in printADTM() PcmAlsaWrapper.cpp:876
09-07 14:31:10.814   512 13169 I HarmanHal.Routing: hacs alsa node(pcmHfp_dl_p) adtm interval_min:0 ms, inverval_max:11 ms, inverval_mean:8 ms!
09-07 14:31:10.814   512 13169 I HarmanHal.Routing:  in printADTM() PcmAlsaWrapper.cpp:876
09-07 14:31:10.835   512 13241 D HarmanHAL: StreamIn::getCapturePositionImpl
09-07 14:31:10.865   512 13241 I chatty  : uid=1041(audioserver) reader identical 1 line
09-07 14:31:10.895   512 13241 D HarmanHAL: StreamIn::getCapturePositionImpl
09-07 14:31:10.917   512 13158 D AudioProcessing: sseApply [handle 0xbc80d90][type 512] start..
09-07 14:31:10.917   512 13158 D AudioProcessing: sseProcess ul audioIO content print-1 [256] [2] [4] [1] 
09-07 14:31:10.917   512 13158 D AudioProcessing: sseProcess ul audioIO content print-2 [6] [1] [0x3bcbc5a0] [0x5bc7ede0] 
09-07 14:31:10.917   512 13158 D AudioProcessing: sseProcess ul audioIO content print-3 [0x1bca1320 [0x8bc84110] [0x1bc9f9b0] sse->pMain is [0x2bca4a60] 
09-07 14:31:10.917   512 13158 D AudioProcessing: sseProcess ul [handle 0xbc80d90]  ret[0]
09-07 14:31:10.917   512 13158 D AudioProcessing: sseProcess ul AudioBufferSampleCnt[256] type[512] finish..
09-07 14:31:10.924   512 13241 D HarmanHAL: StreamIn::getCapturePositionImpl
09-07 14:31:10.955   512 13241 D HarmanHAL: StreamIn::getCapturePositionImpl
09-07 14:31:10.971   536   536 I vendor.harman.p: type=1400 audit(0.0:3802): avc: denied { read } for name="2" dev="dm-4" ino=49241 scontext=u:r:pathologyd:s0 tcontext=u:object_r:vendor_data_file:s0 tclass=dir permissive=1
09-07 14:31:10.971   536   536 I vendor.harman.p: type=1400 audit(0.0:3803): avc: denied { open } for path="/data/vendor/pathologyArchive/2" dev="dm-4" ino=49241 scontext=u:r:pathologyd:s0 tcontext=u:object_r:vendor_data_file:s0 tclass=dir permissive=1
01-01 00:06:13.973     0     0 W audit   : audit_lost=1930 audit_rate_limit=5 audit_backlog_limit=64
01-01 00:06:13.973     0     0 E audit   : rate limit exceeded
09-07 14:31:10.994   512 13241 D HarmanHAL: StreamIn::getCapturePositionImpl
09-07 14:31:11.023   512 13169 D AudioProcessing: sseApply [handle 0xbc83090][type 768] start..
09-07 14:31:11.023   512 13169 D AudioProcessing: sseProcess dl audioIO content print-1 [256] [2] [1] [1] 
09-07 14:31:11.023   512 13169 D AudioProcessing: sseProcess dl audioIO content print-2 [1] [1] [0x0xb40000763bcc28d0] [0x0xb40000761bca6b00] 
09-07 14:31:11.023   512 13169 D AudioProcessing: sseProcess dl audioIO content print-3 [0x0xb40000761bca7fd0] [0x0xb40000761bcabe40] [0x0xb40000761bca5880] sse->pMain is [0x0xb40000772bcb4e80] 
09-07 14:31:11.024   512 13241 D HarmanHAL: StreamIn::getCapturePositionImpl
09-07 14:31:11.024   512 13169 D AudioProcessing: sseProcess dl [handle 0xbc83090] ret[0]
09-07 14:31:11.025   512 13169 D AudioProcessing: sseProcess dl AudioBufferSampleCnt[256] type[768] finish..
09-07 14:31:11.055   512 13241 D HarmanHAL: StreamIn::getCapturePositionImpl
09-07 14:31:11.084   512 13241 D HarmanHAL: StreamIn::getCapturePositionImpl
09-07 14:31:11.110   909   958 I TuningService: void *rxThread(void *),waitnum is 0
09-07 14:31:11.110   909   958 I TuningService:  in rxThread() rxthread.cpp:220
09-07 14:31:11.111   909   958 I TuningService: void *rxThread(void *),wait for timeout in rxThread() rxthread.cpp:224
09-07 14:31:11.115   512 13241 D HarmanHAL: StreamIn::getCapturePositionImpl
09-07 14:31:11.154   512 13241 I chatty  : uid=1041(audioserver) reader identical 1 line
09-07 14:31:11.184   512 13241 D HarmanHAL: StreamIn::getCapturePositionImpl
09-07 14:31:11.213   911  4981 D BufferPoolAccessor2.0: bufferpool2 0xb400007205c6d498 : 2(1048576 size) total buffers - 1(524288 size) used buffers - 4202/4212 (recycle/alloc) - 25/4211 (fetch/transfer)
09-07 14:31:11.214   512 13241 D HarmanHAL: StreamIn::getCapturePositionImpl
09-07 14:31:11.245   512 13241 D HarmanHAL: StreamIn::getCapturePositionImpl
09-07 14:31:11.274   532   569 W ipcLib  : ipcLib: in ipc_lib. DV1 read called
09-07 14:31:11.274   532   568 I VPS     : VPS:IOCStatusInfo.VoltageStatus->0 
09-07 14:31:11.274   532   568 I VPS     : VPS:IOCStatusInfo.IOCStatusCmd->a6 
09-07 14:31:11.274   532   568 I VPS     : VPS:IOCStatusInfo.WakeUpReason->0 
09-07 14:31:11.274   532   568 I VPS     : VPS:IOCStatusInfo.DerivedIgnitionStatus->0 
09-07 14:31:11.274   532   568 I VPS     : VPS:IOCStatusInfo.PowerModeState->4 
09-07 14:31:11.274   532   568 I VPS     : VPS:IOCStatusInfo.SOCShutdownRequest->0 
09-07 14:31:11.274   532   568 I VPS     : VPS:IOCStatusInfo.AntiTheftState->0 
09-07 14:31:11.274   532   568 I VPS     : VPS:IOCStatusInfo.BatteryConnect->0 
09-07 14:31:11.274   512 13241 D HarmanHAL: StreamIn::getCapturePositionImpl
09-07 14:31:11.280   512  3972 I HarmanHal.Routing: hacs alsa node(pcmMedia_p) adtm interval_min:0 ms, inverval_max:11 ms, inverval_mean:8 ms!
09-07 14:31:11.280   512  3972 I HarmanHal.Routing:  in printADTM() PcmAlsaWrapper.cpp:876
09-07 14:31:11.315   512 13241 D HarmanHAL: StreamIn::getCapturePositionImpl
09-07 14:31:11.434   512 13241 I chatty  : uid=1041(audioserver) reader identical 4 lines
09-07 14:31:11.474   512 13241 D HarmanHAL: StreamIn::getCapturePositionImpl
09-07 14:31:11.481   538   618 W ipcLib  : ipcLib: in ipc_lib. DV1 read called
09-07 14:31:11.505   512 13241 D HarmanHAL: StreamIn::getCapturePositionImpl
09-07 14:31:11.665   512 13241 I chatty  : uid=1041(audioserver) reader identical 5 lines
09-07 14:31:11.694   512 13241 D HarmanHAL: StreamIn::getCapturePositionImpl
09-07 14:31:11.706   512 13133 I HarmanHal.Routing: hacs alsa node(pcmMicRefIn_c) adtm interval_min:0 ms, inverval_max:13 ms, inverval_mean:8 ms!
09-07 14:31:11.706   512 13133 I HarmanHal.Routing:  in printADTM() PcmAlsaWrapper.cpp:876
09-07 14:31:11.711   512 13159 I HarmanHal.Routing: hacs alsa node(pcmBtHfp_ul_pro_p) adtm interval_min:2 ms, inverval_max:13 ms, inverval_mean:8 ms!
09-07 14:31:11.711   512 13159 I HarmanHal.Routing:  in printADTM() PcmAlsaWrapper.cpp:876
09-07 14:31:11.725   512 13241 D HarmanHAL: StreamIn::getCapturePositionImpl
09-07 14:31:11.755   512 13241 D HarmanHAL: StreamIn::getCapturePositionImpl
09-07 14:31:11.794   512 13241 I HarmanHal.Routing: hacs alsa node(pcmTunerIn_c) adtm interval_min:29 ms, inverval_max:41 ms, inverval_mean:32 ms!
09-07 14:31:11.794   512 13241 I HarmanHal.Routing:  in printADTM() PcmAlsaWrapper.cpp:876
09-07 14:31:11.795   512 13241 D HarmanHAL: StreamIn::getCapturePositionImpl
09-07 14:31:11.814   512 13169 I HarmanHal.Routing: hacs alsa node(pcmBtHfp_dl_pre_c) adtm interval_min:0 ms, inverval_max:10 ms, inverval_mean:8 ms!
09-07 14:31:11.814   512 13169 I HarmanHal.Routing:  in printADTM() PcmAlsaWrapper.cpp:876
09-07 14:31:11.814   512 13169 I HarmanHal.Routing: hacs alsa node(pcmHfp_dl_p) adtm interval_min:0 ms, inverval_max:11 ms, inverval_mean:8 ms!
09-07 14:31:11.814   512 13169 I HarmanHal.Routing:  in printADTM() PcmAlsaWrapper.cpp:876
09-07 14:31:11.824   512 13241 D HarmanHAL: StreamIn::getCapturePositionImpl
09-07 14:31:12.235   512 13241 I chatty  : uid=1041(audioserver) reader identical 13 lines
09-07 14:31:12.275   512 13241 D HarmanHAL: StreamIn::getCapturePositionImpl
09-07 14:31:12.280   512  3972 I HarmanHal.Routing: hacs alsa node(pcmMedia_p) adtm interval_min:1 ms, inverval_max:11 ms, inverval_mean:8 ms!
09-07 14:31:12.280   512  3972 I HarmanHal.Routing:  in printADTM() PcmAlsaWrapper.cpp:876
09-07 14:31:12.305   512 13241 D HarmanHAL: StreamIn::getCapturePositionImpl
09-07 14:31:12.435   512 13241 I chatty  : uid=1041(audioserver) reader identical 4 lines
09-07 14:31:12.464   512 13241 D HarmanHAL: StreamIn::getCapturePositionImpl
09-07 14:31:12.482   538   618 W ipcLib  : ipcLib: in ipc_lib. DV1 read called
09-07 14:31:12.494   512 13241 D HarmanHAL: StreamIn::getCapturePositionImpl
09-07 14:31:12.517   512 13158 D AudioProcessing: sseApply [handle 0xbc80d90][type 512] start..
09-07 14:31:12.518   512 13158 D AudioProcessing: sseProcess ul audioIO content print-1 [256] [2] [4] [1] 
09-07 14:31:12.518   512 13158 D AudioProcessing: sseProcess ul audioIO content print-2 [6] [1] [0x3bcbc5a0] [0x5bc7ede0] 
09-07 14:31:12.518   512 13158 D AudioProcessing: sseProcess ul audioIO content print-3 [0x1bca1320 [0x8bc84110] [0x1bc9f9b0] sse->pMain is [0x2bca4a60] 
09-07 14:31:12.519   512 13158 D AudioProcessing: sseProcess ul [handle 0xbc80d90]  ret[0]
09-07 14:31:12.519   512 13158 D AudioProcessing: sseProcess ul AudioBufferSampleCnt[256] type[512] finish..
09-07 14:31:12.525   512 13241 D HarmanHAL: StreamIn::getCapturePositionImpl
09-07 14:31:12.555   512 13241 I chatty  : uid=1041(audioserver) reader identical 1 line
09-07 14:31:12.595   512 13241 D HarmanHAL: StreamIn::getCapturePositionImpl
09-07 14:31:12.623   512 13169 D AudioProcessing: sseApply [handle 0xbc83090][type 768] start..
09-07 14:31:12.623   512 13169 D AudioProcessing: sseProcess dl audioIO content print-1 [256] [2] [1] [1] 
09-07 14:31:12.623   512 13169 D AudioProcessing: sseProcess dl audioIO content print-2 [1] [1] [0x0xb40000763bcc28d0] [0x0xb40000761bca6b00] 
09-07 14:31:12.623   512 13169 D AudioProcessing: sseProcess dl audioIO content print-3 [0x0xb40000761bca7fd0] [0x0xb40000761bcabe40] [0x0xb40000761bca5880] sse->pMain is [0x0xb40000772bcb4e80] 
09-07 14:31:12.624   512 13169 D AudioProcessing: sseProcess dl [handle 0xbc83090] ret[0]
09-07 14:31:12.624   512 13169 D AudioProcessing: sseProcess dl AudioBufferSampleCnt[256] type[768] finish..
09-07 14:31:12.624   512 13241 D HarmanHAL: StreamIn::getCapturePositionImpl
09-07 14:31:12.654   512 13241 I chatty  : uid=1041(audioserver) reader identical 1 line
09-07 14:31:12.684   512 13241 D HarmanHAL: StreamIn::getCapturePositionImpl
09-07 14:31:12.705   512 13133 I HarmanHal.Routing: hacs alsa node(pcmMicRefIn_c) adtm interval_min:0 ms, inverval_max:10 ms, inverval_mean:7 ms!
09-07 14:31:12.705   512 13133 I HarmanHal.Routing:  in printADTM() PcmAlsaWrapper.cpp:876
09-07 14:31:12.711   512 13159 I HarmanHal.Routing: hacs alsa node(pcmBtHfp_ul_pro_p) adtm interval_min:2 ms, inverval_max:12 ms, inverval_mean:8 ms!
09-07 14:31:12.711   512 13159 I HarmanHal.Routing:  in printADTM() PcmAlsaWrapper.cpp:876
09-07 14:31:12.714   512 13241 D HarmanHAL: StreamIn::getCapturePositionImpl
09-07 14:31:12.754   512 13241 D HarmanHAL: StreamIn::getCapturePositionImpl
09-07 14:31:12.784   512 13241 I HarmanHal.Routing: hacs alsa node(pcmTunerIn_c) adtm interval_min:30 ms, inverval_max:40 ms, inverval_mean:31 ms!
09-07 14:31:12.784   512 13241 I HarmanHal.Routing:  in printADTM() PcmAlsaWrapper.cpp:876
09-07 14:31:12.785   512 13241 D HarmanHAL: StreamIn::getCapturePositionImpl
09-07 14:31:12.813   512 13169 I HarmanHal.Routing: hacs alsa node(pcmBtHfp_dl_pre_c) adtm interval_min:0 ms, inverval_max:11 ms, inverval_mean:7 ms!
09-07 14:31:12.813   512 13169 I HarmanHal.Routing:  in printADTM() PcmAlsaWrapper.cpp:876
09-07 14:31:12.814   512 13169 I HarmanHal.Routing: hacs alsa node(pcmHfp_dl_p) adtm interval_min:0 ms, inverval_max:11 ms, inverval_mean:8 ms!
09-07 14:31:12.814   512 13169 I HarmanHal.Routing:  in printADTM() PcmAlsaWrapper.cpp:876
09-07 14:31:12.814   512 13241 D HarmanHAL: StreamIn::getCapturePositionImpl
09-07 14:31:13.234   512 13241 I chatty  : uid=1041(audioserver) reader identical 13 lines
09-07 14:31:13.265   512 13241 D HarmanHAL: StreamIn::getCapturePositionImpl
09-07 14:31:13.280   512  3972 I HarmanHal.Routing: hacs alsa node(pcmMedia_p) adtm interval_min:1 ms, inverval_max:11 ms, inverval_mean:8 ms!
09-07 14:31:13.280   512  3972 I HarmanHal.Routing:  in printADTM() PcmAlsaWrapper.cpp:876
09-07 14:31:13.294   512 13241 D HarmanHAL: StreamIn::getCapturePositionImpl
09-07 14:31:13.324   512 13241 I chatty  : uid=1041(audioserver) reader identical 1 line
09-07 14:31:13.354   512 13241 D HarmanHAL: StreamIn::getCapturePositionImpl
09-07 14:31:13.374   532   569 W ipcLib  : ipcLib: in ipc_lib. DV1 read called
09-07 14:31:13.374   532   568 I VPS     : VPS:IOCStatusInfo.VoltageStatus->0 
09-07 14:31:13.374   532   568 I VPS     : VPS:IOCStatusInfo.IOCStatusCmd->a6 
09-07 14:31:13.374   532   568 I VPS     : VPS:IOCStatusInfo.WakeUpReason->0 
09-07 14:31:13.374   532   568 I VPS     : VPS:IOCStatusInfo.DerivedIgnitionStatus->0 
09-07 14:31:13.374   532   568 I VPS     : VPS:IOCStatusInfo.PowerModeState->4 
09-07 14:31:13.374   532   568 I VPS     : VPS:IOCStatusInfo.SOCShutdownRequest->0 
09-07 14:31:13.374   532   568 I VPS     : VPS:IOCStatusInfo.AntiTheftState->0 
09-07 14:31:13.374   532   568 I VPS     : VPS:IOCStatusInfo.BatteryConnect->0 
09-07 14:31:13.395   512 13241 D HarmanHAL: StreamIn::getCapturePositionImpl
09-07 14:31:13.424   512 13241 I chatty  : uid=1041(audioserver) reader identical 1 line
09-07 14:31:13.454   512 13241 D HarmanHAL: StreamIn::getCapturePositionImpl
09-07 14:31:13.482   538   618 W ipcLib  : ipcLib: in ipc_lib. DV1 read called
09-07 14:31:13.484   512 13241 D HarmanHAL: StreamIn::getCapturePositionImpl
09-07 14:31:13.495   345   345 I Binder:345_2: type=1400 audit(0.0:3808): avc: denied { call } for scontext=u:r:carwatchdogd:s0 tcontext=u:r:hal_audio_default:s0 tclass=binder permissive=1
09-07 14:31:13.502   512   512 E android.hardware.audio@6.0-harman-service: [CXmlParser]: nodeset is empty for xpath: /audioConfiguration/EnableWatchdog
09-07 14:31:13.502   512   512 E android.hardware.audio@6.0-harman-service: [CXmlParser::GetOneEleValue] Xpath object is NULL. XPath: /audioConfiguration/EnableWatchdog
09-07 14:31:13.502   512   512 W HarmanHal: ConfigSettings::GetOneEleValue Error while reading the path /audioConfiguration/EnableWatchdog
09-07 14:31:13.502   512   512 W HarmanHal: ConfigSettings::GetOneEleValue Error in checkifWatchdogTobeEnabled
09-07 14:31:13.502   512   512 I HarmanHal: WatchdogClient::isClientHealthy, Value Of checkifWatchdogTobeEnabled:0
09-07 14:31:13.514   512 13241 D HarmanHAL: StreamIn::getCapturePositionImpl
09-07 14:31:13.645   512 13241 I chatty  : uid=1041(audioserver) reader identical 4 lines
09-07 14:31:13.674   512 13241 D HarmanHAL: StreamIn::getCapturePositionImpl
09-07 14:31:13.706   512 13133 I HarmanHal.Routing: hacs alsa node(pcmMicRefIn_c) adtm interval_min:0 ms, inverval_max:11 ms, inverval_mean:8 ms!
09-07 14:31:13.706   512 13133 I HarmanHal.Routing:  in printADTM() PcmAlsaWrapper.cpp:876
09-07 14:31:13.712   512 13159 I HarmanHal.Routing: hacs alsa node(pcmBtHfp_ul_pro_p) adtm interval_min:2 ms, inverval_max:12 ms, inverval_mean:8 ms!
09-07 14:31:13.712   512 13159 I HarmanHal.Routing:  in printADTM() PcmAlsaWrapper.cpp:876
09-07 14:31:13.715   512 13241 D HarmanHAL: StreamIn::getCapturePositionImpl
09-07 14:31:13.744   512 13241 D HarmanHAL: StreamIn::getCapturePositionImpl
09-07 14:31:13.774   512 13241 I HarmanHal.Routing: hacs alsa node(pcmTunerIn_c) adtm interval_min:30 ms, inverval_max:40 ms, inverval_mean:31 ms!
09-07 14:31:13.774   512 13241 I HarmanHal.Routing:  in printADTM() PcmAlsaWrapper.cpp:876
09-07 14:31:13.774   512 13241 D HarmanHAL: StreamIn::getCapturePositionImpl
09-07 14:31:13.805   512 13241 D HarmanHAL: StreamIn::getCapturePositionImpl
09-07 14:31:13.814   512 13169 I HarmanHal.Routing: hacs alsa node(pcmBtHfp_dl_pre_c) adtm interval_min:0 ms, inverval_max:10 ms, inverval_mean:8 ms!
09-07 14:31:13.814   512 13169 I HarmanHal.Routing:  in printADTM() PcmAlsaWrapper.cpp:876
09-07 14:31:13.814   512 13169 I HarmanHal.Routing: hacs alsa node(pcmHfp_dl_p) adtm interval_min:0 ms, inverval_max:11 ms, inverval_mean:8 ms!
09-07 14:31:13.814   512 13169 I HarmanHal.Routing:  in printADTM() PcmAlsaWrapper.cpp:876
09-07 14:31:13.835   512 13241 D HarmanHAL: StreamIn::getCapturePositionImpl
09-07 14:31:13.964   512 13241 I chatty  : uid=1041(audioserver) reader identical 4 lines
09-07 14:31:13.994   512 13241 D HarmanHAL: StreamIn::getCapturePositionImpl
09-07 14:31:14.000   532   569 I VPS     : VPS:VehiclePlatformSOCHeartBeatHandler IVI HeartBeat sent successfully SOCHeartBeatInfo.SOCStatus->2
09-07 14:31:14.000   532   569 W ipcLib  : ipcLib: in ipc_lib. DV1 write called
09-07 14:31:14.002   532   569 W ipcLib  : ipcLib: in ipc_lib. DV1 read called
09-07 14:31:14.035   512 13241 D HarmanHAL: StreamIn::getCapturePositionImpl
09-07 14:31:14.065   512 13241 I chatty  : uid=1041(audioserver) reader identical 1 line
09-07 14:31:14.094   512 13241 D HarmanHAL: StreamIn::getCapturePositionImpl
09-07 14:31:14.117   512 13158 D AudioProcessing: sseApply [handle 0xbc80d90][type 512] start..
09-07 14:31:14.117   512 13158 D AudioProcessing: sseProcess ul audioIO content print-1 [256] [2] [4] [1] 
09-07 14:31:14.117   512 13158 D AudioProcessing: sseProcess ul audioIO content print-2 [6] [1] [0x3bcbc5a0] [0x5bc7ede0] 
09-07 14:31:14.117   512 13158 D AudioProcessing: sseProcess ul audioIO content print-3 [0x1bca1320 [0x8bc84110] [0x1bc9f9b0] sse->pMain is [0x2bca4a60] 
09-07 14:31:14.117   512 13158 D AudioProcessing: sseProcess ul [handle 0xbc80d90]  ret[0]
09-07 14:31:14.117   512 13158 D AudioProcessing: sseProcess ul AudioBufferSampleCnt[256] type[512] finish..
09-07 14:31:14.125   512 13241 D HarmanHAL: StreamIn::getCapturePositionImpl
09-07 14:31:14.155   512 13241 I chatty  : uid=1041(audioserver) reader identical 1 line
09-07 14:31:14.194   512 13241 D HarmanHAL: StreamIn::getCapturePositionImpl
09-07 14:31:14.223   512 13169 D AudioProcessing: sseApply [handle 0xbc83090][type 768] start..
09-07 14:31:14.223   512 13169 D AudioProcessing: sseProcess dl audioIO content print-1 [256] [2] [1] [1] 
09-07 14:31:14.223   512 13169 D AudioProcessing: sseProcess dl audioIO content print-2 [1] [1] [0x0xb40000763bcc28d0] [0x0xb40000761bca6b00] 
09-07 14:31:14.223   512 13169 D AudioProcessing: sseProcess dl audioIO content print-3 [0x0xb40000761bca7fd0] [0x0xb40000761bcabe40] [0x0xb40000761bca5880] sse->pMain is [0x0xb40000772bcb4e80] 
09-07 14:31:14.224   512 13169 D AudioProcessing: sseProcess dl [handle 0xbc83090] ret[0]
09-07 14:31:14.224   512 13169 D AudioProcessing: sseProcess dl AudioBufferSampleCnt[256] type[768] finish..
09-07 14:31:14.225   512 13241 D HarmanHAL: StreamIn::getCapturePositionImpl
01-01 00:06:17.237     0     0 I init    : starting service 'qccsyshalservice'...
01-01 00:06:17.244     0     0 I init    : starting service 'vendor.sensors-hal-1-0'...
09-07 14:31:14.255   512 13241 D HarmanHAL: StreamIn::getCapturePositionImpl
09-07 14:31:14.264 19644 19644 I qccsyshalservice: Start with system binder
09-07 14:31:14.265 19644 19644 I qccsyshalservice: Registering qccsyshal service...
09-07 14:31:14.267   376   376 I hwservicemanager: getTransport: Cannot find entry vendor.qti.hardware.qccsyshal@1.0::IQccsyshal/qccsyshal in either framework or device manifest.
09-07 14:31:14.268 19644 19644 E HidlServiceManagement: Service vendor.qti.hardware.qccsyshal@1.0::IQccsyshal/qccsyshal must be in VINTF manifest in order to register/get.
09-07 14:31:14.268 19644 19644 E qccsyshalservice: [ERROR] registerAsService() failed with status: -2147483648
01-01 00:06:17.251     0     0 I init    : starting service 'LogManager'...
01-01 00:06:17.263     0     0 I init    : Service 'qccsyshalservice' (pid 19644) exited with status 1
01-01 00:06:17.263     0     0 I init    : Sending signal 9 to service 'qccsyshalservice' (pid 19644) process group...
01-01 00:06:17.263     0     0 I libprocessgroup: Successfully killed process cgroup uid 1000 pid 19644 in 0ms
09-07 14:31:14.280   512  3972 I HarmanHal.Routing: hacs alsa node(pcmMedia_p) adtm interval_min:0 ms, inverval_max:11 ms, inverval_mean:8 ms!
09-07 14:31:14.280   512  3972 I HarmanHal.Routing:  in printADTM() PcmAlsaWrapper.cpp:876
09-07 14:31:14.284   512 13241 D HarmanHAL: StreamIn::getCapturePositionImpl
09-07 14:31:14.289 19646 19646 D LOGMANAGER: LOGMANAGER HAL service init() start
09-07 14:31:14.289 19646 19646 D LOGMANAGER: Logmanager configured rpcthreadpool
09-07 14:31:14.283 19646 19646 I vendor.harman.L: type=1400 audit(0.0:3809): avc: denied { read } for name="u:object_r:hwservicemanager_prop:s0" dev="tmpfs" ino=24519 scontext=u:r:logmanagerd:s0 tcontext=u:object_r:hwservicemanager_prop:s0 tclass=file permissive=1
09-07 14:31:14.283 19646 19646 I vendor.harman.L: type=1400 audit(0.0:3810): avc: denied { open } for path="/dev/__properties__/u:object_r:hwservicemanager_prop:s0" dev="tmpfs" ino=24519 scontext=u:r:logmanagerd:s0 tcontext=u:object_r:hwservicemanager_prop:s0 tclass=file permissive=1
09-07 14:31:14.283 19646 19646 I vendor.harman.L: type=1400 audit(0.0:3811): avc: denied { getattr } for path="/dev/__properties__/u:object_r:hwservicemanager_prop:s0" dev="tmpfs" ino=24519 scontext=u:r:logmanagerd:s0 tcontext=u:object_r:hwservicemanager_prop:s0 tclass=file permissive=1
09-07 14:31:14.283 19646 19646 I vendor.harman.L: type=1400 audit(0.0:3812): avc: denied { map } for path="/dev/__properties__/u:object_r:hwservicemanager_prop:s0" dev="tmpfs" ino=24519 scontext=u:r:logmanagerd:s0 tcontext=u:object_r:hwservicemanager_prop:s0 tclass=file permissive=1
09-07 14:31:14.291 19646 19646 I HidlServiceManagement: Registered vendor.harman.hardware.LogManager@1.0::ILogManager/default
09-07 14:31:14.291 19646 19646 D LOGMANAGER: Logmanager HAL Service is registered and ready
09-07 14:31:14.291 19646 19646 I LOGMANAGER: ThreadPoolWrapper::initThreadPool
09-07 14:31:14.291 19646 19646 I LOGMANAGER: ThreadPoolWrapper : exit
09-07 14:31:14.292 19646 19646 D LOGMANAGER: Logmanager threadpoolwrapper created
09-07 14:31:14.292 19646 19647 I LOGMANAGER: ThreadPoolWrapper:  enter the joinRpcThreadpool()
09-07 14:31:14.292 19646 19646 D LOGMANAGER: User argument is -c
09-07 14:31:14.292   376   376 I hwservicemanager: getTransport: Cannot find entry android.hardware.sensors@1.0::ISensors/default in either framework or device manifest.
09-07 14:31:14.292 19646 19646 I LOGMANAGER: LogmanagerConfig is configured under config file
09-07 14:31:14.292 19646 19646 I LOGMANAGER: LoggingLevel is : 4
09-07 14:31:14.293 19646 19646 I LOGMANAGER: LogEnableState is : 0
09-07 14:31:14.293 19646 19646 I LOGMANAGER: OutputPluginConfiguration PluginType : LOGWRITTER
09-07 14:31:14.293 19646 19646 I LOGMANAGER: LM_OutputConfiguration : 1
09-07 14:31:14.293 19646 19646 I LOGMANAGER: LM_OfflineTraceDirectory : /data/cache
09-07 14:31:14.293 19646 19646 I LOGMANAGER: LM_OfflineTraceFILESize : 1000000
09-07 14:31:14.293 19646 19646 I LOGMANAGER: LM_OfflineTotalFILESSize : 20000000
09-07 14:31:14.293 19646 19646 I LOGMANAGER: LM_FileNameTimeStampBased : 0
09-07 14:31:14.293 19646 19646 I LOGMANAGER: Got IOC plugin
09-07 14:31:14.293 19646 19646 I LOGMANAGER: IOCIPCChannelNumber :6
09-07 14:31:14.293 19646 19646 I LOGMANAGER: keyseq: HOME + VOLUMEDOWN  for domain is AudioDump
09-07 14:31:14.293 19646 19646 I LOGMANAGER: keyseq: HOME + VOLUMEUP  for domain is HCIDump
09-07 14:31:14.293 19646 19646 I LOGMANAGER: Domains parsing is done
09-07 14:31:14.295 19645 19645 E android.hardware.sensors@1.0-service: Couldn't load sensors module (Unknown error -2147483648)
09-07 14:31:14.295 19645 19645 D RefBase : RefBase: Explicit destruction, weak count = 0 (in 0xb400007d5a56a1d8)
09-07 14:31:14.295 19645 19645 W RefBase : CallStack::getCurrentInternal not linked, returning null
09-07 14:31:14.295 19645 19645 W RefBase : CallStack::logStackInternal not linked
09-07 14:31:14.296 19645 19645 E LegacySupport: Could not get passthrough implementation for android.hardware.sensors@1.0::ISensors/default.
01-01 00:06:17.283     0     0 W audit   : audit_lost=1934 audit_rate_limit=5 audit_backlog_limit=64
01-01 00:06:17.283     0     0 E audit   : rate limit exceeded
01-01 00:06:17.287     0     0 I init    : Service 'vendor.sensors-hal-1-0' (pid 19645) exited with status 1
01-01 00:06:17.287     0     0 I init    : Sending signal 9 to service 'vendor.sensors-hal-1-0' (pid 19645) process group...
01-01 00:06:17.288     0     0 I libprocessgroup: Successfully killed process cgroup uid 1000 pid 19645 in 0ms
09-07 14:31:14.298 19646 19646 E LOGMANAGER: Failed to load plugin /vendor/lib64/libIOCDLogReader.so with error code dlopen failed: library "/vendor/lib64/libIOCDLogReader.so" not found 
09-07 14:31:14.298 19646 19646 F libc    : Fatal signal 11 (SIGSEGV), code 1 (SEGV_MAPERR), fault addr 0x0 in tid 19646 (vendor.harman.L), pid 19646 (vendor.harman.L)
09-07 14:31:14.315   512 13241 D HarmanHAL: StreamIn::getCapturePositionImpl
09-07 14:31:14.316 19650 19650 I crash_dump64: obtaining output fd from tombstoned, type: kDebuggerdTombstone
09-07 14:31:14.317   463   463 I tombstoned: received crash request for pid 19646
09-07 14:31:14.318 19650 19650 I crash_dump64: performing dump of process 19646 (target tid = 19646)
09-07 14:31:14.322 19650 19650 F DEBUG   : *** *** *** *** *** *** *** *** *** *** *** *** *** *** *** ***
09-07 14:31:14.322 19650 19650 F DEBUG   : Build fingerprint: 'qti/titan_tml_b2/titan_tml_b2:11/RQ3A.210605.005/eng.ksong.20210907.134230:userdebug/test-keys'
09-07 14:31:14.323 19650 19650 F DEBUG   : Revision: '0'
09-07 14:31:14.323 19650 19650 F DEBUG   : ABI: 'arm64'
09-07 14:31:14.324 19650 19650 F DEBUG   : Timestamp: 2021-09-07 14:31:14+0000
09-07 14:31:14.324 19650 19650 F DEBUG   : pid: 19646, tid: 19646, name: vendor.harman.L  >>> /vendor/bin/hw/vendor.harman.LogManager@1.0-service <<<
09-07 14:31:14.324 19650 19650 F DEBUG   : uid: 0
09-07 14:31:14.324 19650 19650 F DEBUG   : signal 11 (SIGSEGV), code 1 (SEGV_MAPERR), fault addr 0x0
09-07 14:31:14.325 19650 19650 F DEBUG   : Cause: null pointer dereference
09-07 14:31:14.325 19650 19650 F DEBUG   :     x0  0000000000000000  x1  0000000000000000  x2  0000000000080001  x3  0000000000000000
09-07 14:31:14.325 19650 19650 F DEBUG   :     x4  0000000000000000  x5  0000000000000090  x6  fefefefefefefeff  x7  7f7f7f7f7f7f7f7f
09-07 14:31:14.325 19650 19650 F DEBUG   :     x8  0101010101010101  x9  df1ef031743e7cf9  x10 0000007fd315ce28  x11 fffffffffffffffd
09-07 14:31:14.326 19650 19650 F DEBUG   :     x12 0000007fd315cfb0  x13 000000000000008e  x14 0011a49977522800  x15 0000000034155555
09-07 14:31:14.326 19650 19650 F DEBUG   :     x16 000000627c8c97e0  x17 00000071074a4b30  x18 0000007107aaa000  x19 0000000000000000
09-07 14:31:14.326 19650 19650 F DEBUG   :     x20 0000007106e2cc50  x21 0000007fd315d6c9  x22 b400007006cc68e8  x23 0000007fd315d6e8
09-07 14:31:14.326 19650 19650 F DEBUG   :     x24 0000000000000000  x25 0000007107924000  x26 0000007fd315d6c9  x27 0000007fd315d699
09-07 14:31:14.326 19650 19650 F DEBUG   :     x28 0000000000000000  x29 0000007fd315d5d0
09-07 14:31:14.326 19650 19650 F DEBUG   :     lr  000000627c8c0048  sp  0000007fd315d5d0  pc  00000071074a4b40  pst 0000000080000000
09-07 14:31:14.331 19650 19650 F DEBUG   : backtrace:
09-07 14:31:14.332 19650 19650 F DEBUG   :       #00 pc 000000000004ab40  /apex/com.android.runtime/lib64/bionic/libc.so (strlen_default+16) (BuildId: 2b7c6e33413ac7278a15dfc3ea383089)
09-07 14:31:14.332 19650 19650 F DEBUG   :       #01 pc 0000000000009044  /vendor/bin/hw/vendor.harman.LogManager@1.0-service (BuildId: 3e966ab64050b441b920ba0e8960d123)
09-07 14:31:14.333 19650 19650 F DEBUG   :       #02 pc 0000000000008df0  /vendor/bin/hw/vendor.harman.LogManager@1.0-service (LM::LogManagerImpl::load_plugin_conf(void*, std::__1::basic_string<char, std::__1::char_traits<char>, std::__1::allocator<char> >, std::__1::multimap<std::__1::basic_string<char, std::__1::char_traits<char>, std::__1::allocator<char> >, int, std::__1::less<std::__1::basic_string<char, std::__1::char_traits<char>, std::__1::allocator<char> > >, std::__1::allocator<std::__1::pair<std::__1::basic_string<char, std::__1::char_traits<char>, std::__1::allocator<char> > const, int> > >&)+752) (BuildId: 3e966ab64050b441b920ba0e8960d123)
09-07 14:31:14.333 19650 19650 F DEBUG   :       #03 pc 00000000000088c0  /vendor/bin/hw/vendor.harman.LogManager@1.0-service (LM::LogManagerImpl::loadplugins()+436) (BuildId: 3e966ab64050b441b920ba0e8960d123)
09-07 14:31:14.333 19650 19650 F DEBUG   :       #04 pc 0000000000007af8  /vendor/bin/hw/vendor.harman.LogManager@1.0-service (main+1112) (BuildId: 3e966ab64050b441b920ba0e8960d123)
09-07 14:31:14.333 19650 19650 F DEBUG   :       #05 pc 000000000004988c  /apex/com.android.runtime/lib64/bionic/libc.so (__libc_init+108) (BuildId: 2b7c6e33413ac7278a15dfc3ea383089)
09-07 14:31:14.356   512 13241 D HarmanHAL: StreamIn::getCapturePositionImpl
01-01 00:06:17.381     0     0 D logd    : logdr: UID=0 GID=1000 PID=19650 n tail=0 logMask=8 pid=19646 start=0ns timeout=0ns
01-01 00:06:17.391     0     0 D logd    : logdr: UID=0 GID=1000 PID=19650 n tail=0 logMask=1 pid=19646 start=0ns timeout=0ns
09-07 14:31:14.411  1033  1270 W NativeCrashListener: Couldn't find ProcessRecord for pid 19646
09-07 14:31:14.384   512 13241 D HarmanHAL: StreamIn::getCapturePositionImpl
09-07 14:31:14.411 19650 19650 E crash_dump64: AM data write failed: Broken pipe
09-07 14:31:14.414   463   463 E tombstoned: Tombstone written to: /data/tombstones/tombstone_41
09-07 14:31:14.415   512 13241 D HarmanHAL: StreamIn::getCapturePositionImpl
01-01 00:06:17.405     0     0 I init    : Untracked pid 19650 exited with status 0
09-07 14:31:14.423  1033  1095 I BootReceiver: Copying /data/tombstones/tombstone_41 to DropBox (SYSTEM_TOMBSTONE)
09-07 14:31:14.425  1033  1095 I DropBoxManagerService: add tag=SYSTEM_TOMBSTONE isTagEnabled=true flags=0x2
09-07 14:31:14.444   512 13241 I chatty  : uid=1041(audioserver) reader identical 1 line
09-07 14:31:14.474   512 13241 D HarmanHAL: StreamIn::getCapturePositionImpl
09-07 14:31:14.482   538   618 W ipcLib  : ipcLib: in ipc_lib. DV1 read called
09-07 14:31:14.514   512 13241 D HarmanHAL: StreamIn::getCapturePositionImpl
09-07 14:31:14.675   512 13241 I chatty  : uid=1041(audioserver) reader identical 5 lines
09-07 14:31:14.704   512 13241 D HarmanHAL: StreamIn::getCapturePositionImpl
09-07 14:31:14.706   512 13133 I HarmanHal.Routing: hacs alsa node(pcmMicRefIn_c) adtm interval_min:0 ms, inverval_max:11 ms, inverval_mean:7 ms!
09-07 14:31:14.706   512 13133 I HarmanHal.Routing:  in printADTM() PcmAlsaWrapper.cpp:876
09-07 14:31:14.711   512 13159 I HarmanHal.Routing: hacs alsa node(pcmBtHfp_ul_pro_p) adtm interval_min:2 ms, inverval_max:12 ms, inverval_mean:7 ms!
09-07 14:31:14.711   512 13159 I HarmanHal.Routing:  in printADTM() PcmAlsaWrapper.cpp:876
09-07 14:31:14.734   512 13241 D HarmanHAL: StreamIn::getCapturePositionImpl
09-07 14:31:14.764   512 13241 I HarmanHal.Routing: hacs alsa node(pcmTunerIn_c) adtm interval_min:29 ms, inverval_max:41 ms, inverval_mean:31 ms!
09-07 14:31:14.764   512 13241 I HarmanHal.Routing:  in printADTM() PcmAlsaWrapper.cpp:876
09-07 14:31:14.765   512 13241 D HarmanHAL: StreamIn::getCapturePositionImpl
09-07 14:31:14.794   512 13241 D HarmanHAL: StreamIn::getCapturePositionImpl
09-07 14:31:14.813   512 13169 I HarmanHal.Routing: hacs alsa node(pcmBtHfp_dl_pre_c) adtm interval_min:0 ms, inverval_max:11 ms, inverval_mean:7 ms!
09-07 14:31:14.813   512 13169 I HarmanHal.Routing:  in printADTM() PcmAlsaWrapper.cpp:876
09-07 14:31:14.814   512 13169 I HarmanHal.Routing: hacs alsa node(pcmHfp_dl_p) adtm interval_min:0 ms, inverval_max:12 ms, inverval_mean:8 ms!
09-07 14:31:14.814   512 13169 I HarmanHal.Routing:  in printADTM() PcmAlsaWrapper.cpp:876
09-07 14:31:14.834   512 13241 D HarmanHAL: StreamIn::getCapturePositionImpl
09-07 14:31:14.865   512 13241 I chatty  : uid=1041(audioserver) reader identical 1 line
09-07 14:31:14.894   512 13241 D HarmanHAL: StreamIn::getCapturePositionImpl
09-07 14:31:14.911   536   536 I vendor.harman.p: type=1400 audit(0.0:3827): avc: denied { read } for name="tombstone_41" dev="dm-4" ino=90154 scontext=u:r:pathologyd:s0 tcontext=u:object_r:tombstone_data_file:s0 tclass=file permissive=1
09-07 14:31:14.911   536   536 I vendor.harman.p: type=1400 audit(0.0:3828): avc: denied { open } for path="/data/tombstones/tombstone_41" dev="dm-4" ino=90154 scontext=u:r:pathologyd:s0 tcontext=u:object_r:tombstone_data_file:s0 tclass=file permissive=1
09-07 14:31:14.915   536   612 E pathology: [ProcessCrashHandler:: parseTombstoneFileName]string not found
09-07 14:31:14.915   536   612 I chatty  : uid=0(root) vendor.harman.p identical 4 lines
09-07 14:31:14.915   536   612 E pathology: [ProcessCrashHandler:: parseTombstoneFileName]string not found
09-07 14:31:14.911   536   536 I vendor.harman.p: type=1400 audit(0.0:3829): avc: denied { getattr } for path="/data/tombstones/tombstone_41" dev="dm-4" ino=90154 scontext=u:r:pathologyd:s0 tcontext=u:object_r:tombstone_data_file:s0 tclass=file permissive=1
09-07 14:31:14.924   512 13241 D HarmanHAL: StreamIn::getCapturePositionImpl
09-07 14:31:14.931 19678 19678 I cp      : type=1400 audit(0.0:3830): avc: denied { getattr } for path="/data/vendor/pathologyArchive/2/tombstone_41_vendor.harman.L" dev="dm-4" ino=49394 scontext=u:r:pathologyd:s0 tcontext=u:object_r:vendor_data_file:s0 tclass=file permissive=1
09-07 14:31:14.954   512 13241 D HarmanHAL: StreamIn::getCapturePositionImpl
09-07 14:31:15.244   512 13241 I chatty  : uid=1041(audioserver) reader identical 9 lines
09-07 14:31:15.274   512 13241 D HarmanHAL: StreamIn::getCapturePositionImpl
09-07 14:31:15.280   512  3972 I HarmanHal.Routing: hacs alsa node(pcmMedia_p) adtm interval_min:0 ms, inverval_max:11 ms, inverval_mean:8 ms!
09-07 14:31:15.280   512  3972 I HarmanHal.Routing:  in printADTM() PcmAlsaWrapper.cpp:876
09-07 14:31:15.314   512 13241 D HarmanHAL: StreamIn::getCapturePositionImpl
01-01 00:06:18.352     0     0 W audit   : audit_lost=1950 audit_rate_limit=5 audit_backlog_limit=64
01-01 00:06:18.352     0     0 E audit   : rate limit exceeded
09-07 14:31:15.405   512 13241 I chatty  : uid=1041(audioserver) reader identical 3 lines
09-07 14:31:15.434   512 13241 D HarmanHAL: StreamIn::getCapturePositionImpl
09-07 14:31:15.474   532   569 W ipcLib  : ipcLib: in ipc_lib. DV1 read called
09-07 14:31:15.474   512 13241 D HarmanHAL: StreamIn::getCapturePositionImpl
09-07 14:31:15.474   532   568 I VPS     : VPS:IOCStatusInfo.VoltageStatus->0 
09-07 14:31:15.475   532   568 I VPS     : VPS:IOCStatusInfo.IOCStatusCmd->a6 
09-07 14:31:15.475   532   568 I VPS     : VPS:IOCStatusInfo.WakeUpReason->0 
09-07 14:31:15.475   532   568 I VPS     : VPS:IOCStatusInfo.DerivedIgnitionStatus->0 
09-07 14:31:15.475   532   568 I VPS     : VPS:IOCStatusInfo.PowerModeState->4 
09-07 14:31:15.475   532   568 I VPS     : VPS:IOCStatusInfo.SOCShutdownRequest->0 
09-07 14:31:15.475   532   568 I VPS     : VPS:IOCStatusInfo.AntiTheftState->0 
09-07 14:31:15.475   532   568 I VPS     : VPS:IOCStatusInfo.BatteryConnect->0 
09-07 14:31:15.482   538   618 W ipcLib  : ipcLib: in ipc_lib. DV1 read called
09-07 14:31:15.504   512 13241 D HarmanHAL: StreamIn::getCapturePositionImpl
09-07 14:31:15.664   512 13241 I chatty  : uid=1041(audioserver) reader identical 5 lines
09-07 14:31:15.694   512 13241 D HarmanHAL: StreamIn::getCapturePositionImpl
09-07 14:31:15.706   512 13133 I HarmanHal.Routing: hacs alsa node(pcmMicRefIn_c) adtm interval_min:0 ms, inverval_max:11 ms, inverval_mean:8 ms!
09-07 14:31:15.706   512 13133 I HarmanHal.Routing:  in printADTM() PcmAlsaWrapper.cpp:876
09-07 14:31:15.711   512 13159 I HarmanHal.Routing: hacs alsa node(pcmBtHfp_ul_pro_p) adtm interval_min:2 ms, inverval_max:12 ms, inverval_mean:8 ms!
09-07 14:31:15.711   512 13159 I HarmanHal.Routing:  in printADTM() PcmAlsaWrapper.cpp:876
09-07 14:31:15.718   512 13158 D AudioProcessing: sseApply [handle 0xbc80d90][type 512] start..
09-07 14:31:15.718   512 13158 D AudioProcessing: sseProcess ul audioIO content print-1 [256] [2] [4] [1] 
09-07 14:31:15.718   512 13158 D AudioProcessing: sseProcess ul audioIO content print-2 [6] [1] [0x3bcbc5a0] [0x5bc7ede0] 
09-07 14:31:15.718   512 13158 D AudioProcessing: sseProcess ul audioIO content print-3 [0x1bca1320 [0x8bc84110] [0x1bc9f9b0] sse->pMain is [0x2bca4a60] 
09-07 14:31:15.719   512 13158 D AudioProcessing: sseProcess ul [handle 0xbc80d90]  ret[0]
09-07 14:31:15.719   512 13158 D AudioProcessing: sseProcess ul AudioBufferSampleCnt[256] type[512] finish..
09-07 14:31:15.724   512 13241 D HarmanHAL: StreamIn::getCapturePositionImpl
09-07 14:31:15.754   512 13241 I HarmanHal.Routing: hacs alsa node(pcmTunerIn_c) adtm interval_min:30 ms, inverval_max:40 ms, inverval_mean:31 ms!
09-07 14:31:15.754   512 13241 I HarmanHal.Routing:  in printADTM() PcmAlsaWrapper.cpp:876
09-07 14:31:15.755   512 13241 D HarmanHAL: StreamIn::getCapturePositionImpl
09-07 14:31:15.794   512 13241 D HarmanHAL: StreamIn::getCapturePositionImpl
09-07 14:31:15.814   512 13169 I HarmanHal.Routing: hacs alsa node(pcmBtHfp_dl_pre_c) adtm interval_min:0 ms, inverval_max:11 ms, inverval_mean:8 ms!
09-07 14:31:15.814   512 13169 I HarmanHal.Routing:  in printADTM() PcmAlsaWrapper.cpp:876
09-07 14:31:15.814   512 13169 I HarmanHal.Routing: hacs alsa node(pcmHfp_dl_p) adtm interval_min:0 ms, inverval_max:11 ms, inverval_mean:8 ms!
09-07 14:31:15.814   512 13169 I HarmanHal.Routing:  in printADTM() PcmAlsaWrapper.cpp:876
09-07 14:31:15.823   512 13169 D AudioProcessing: sseApply [handle 0xbc83090][type 768] start..
09-07 14:31:15.823   512 13169 D AudioProcessing: sseProcess dl audioIO content print-1 [256] [2] [1] [1] 
09-07 14:31:15.823   512 13169 D AudioProcessing: sseProcess dl audioIO content print-2 [1] [1] [0x0xb40000763bcc28d0] [0x0xb40000761bca6b00] 
09-07 14:31:15.823   512 13169 D AudioProcessing: sseProcess dl audioIO content print-3 [0x0xb40000761bca7fd0] [0x0xb40000761bcabe40] [0x0xb40000761bca5880] sse->pMain is [0x0xb40000772bcb4e80] 
09-07 14:31:15.824   512 13169 D AudioProcessing: sseProcess dl [handle 0xbc83090] ret[0]
09-07 14:31:15.824   512 13169 D AudioProcessing: sseProcess dl AudioBufferSampleCnt[256] type[768] finish..
09-07 14:31:15.825   512 13241 D HarmanHAL: StreamIn::getCapturePositionImpl
09-07 14:31:15.914   512 13241 I chatty  : uid=1041(audioserver) reader identical 3 lines
09-07 14:31:15.954   512 13241 D HarmanHAL: StreamIn::getCapturePositionImpl
09-07 14:31:15.951   536   536 I vendor.harman.p: type=1400 audit(0.0:3838): avc: denied { read } for name="2" dev="dm-4" ino=49241 scontext=u:r:pathologyd:s0 tcontext=u:object_r:vendor_data_file:s0 tclass=dir permissive=1
09-07 14:31:15.951   536   536 I vendor.harman.p: type=1400 audit(0.0:3839): avc: denied { open } for path="/data/vendor/pathologyArchive/2" dev="dm-4" ino=49241 scontext=u:r:pathologyd:s0 tcontext=u:object_r:vendor_data_file:s0 tclass=dir permissive=1
09-07 14:31:15.985   512 13241 D HarmanHAL: StreamIn::getCapturePositionImpl
09-07 14:31:16.234   512 13241 I chatty  : uid=1041(audioserver) reader identical 8 lines
09-07 14:31:16.274   512 13241 D HarmanHAL: StreamIn::getCapturePositionImpl
09-07 14:31:16.280   512  3972 I HarmanHal.Routing: hacs alsa node(pcmMedia_p) adtm interval_min:1 ms, inverval_max:10 ms, inverval_mean:8 ms!
09-07 14:31:16.280   512  3972 I HarmanHal.Routing:  in printADTM() PcmAlsaWrapper.cpp:876
09-07 14:31:16.305   512 13241 D HarmanHAL: StreamIn::getCapturePositionImpl
09-07 14:31:16.364   512 13241 I chatty  : uid=1041(audioserver) reader identical 2 lines
09-07 14:31:16.394   512 13241 D HarmanHAL: StreamIn::getCapturePositionImpl
09-07 14:31:16.425   911  4981 D BufferPoolAccessor2.0: bufferpool2 0xb400007205c6d498 : 2(1048576 size) total buffers - 1(524288 size) used buffers - 4255/4265 (recycle/alloc) - 25/4265 (fetch/transfer)
09-07 14:31:16.434   512 13241 D HarmanHAL: StreamIn::getCapturePositionImpl
09-07 14:31:16.464   512 13241 D HarmanHAL: StreamIn::getCapturePositionImpl
09-07 14:31:16.482   538   618 W ipcLib  : ipcLib: in ipc_lib. DV1 read called
09-07 14:31:16.494   512 13241 D HarmanHAL: StreamIn::getCapturePositionImpl
09-07 14:31:16.654   512 13241 I chatty  : uid=1041(audioserver) reader identical 5 lines
09-07 14:31:16.684   512 13241 D HarmanHAL: StreamIn::getCapturePositionImpl
09-07 14:31:16.706   512 13133 I HarmanHal.Routing: hacs alsa node(pcmMicRefIn_c) adtm interval_min:0 ms, inverval_max:11 ms, inverval_mean:8 ms!
09-07 14:31:16.706   512 13133 I HarmanHal.Routing:  in printADTM() PcmAlsaWrapper.cpp:876
09-07 14:31:16.711   512 13159 I HarmanHal.Routing: hacs alsa node(pcmBtHfp_ul_pro_p) adtm interval_min:2 ms, inverval_max:12 ms, inverval_mean:8 ms!
09-07 14:31:16.711   512 13159 I HarmanHal.Routing:  in printADTM() PcmAlsaWrapper.cpp:876
09-07 14:31:16.714   512 13241 D HarmanHAL: StreamIn::getCapturePositionImpl
09-07 14:31:16.754   512 13241 I HarmanHal.Routing: hacs alsa node(pcmTunerIn_c) adtm interval_min:30 ms, inverval_max:40 ms, inverval_mean:32 ms!
09-07 14:31:16.754   512 13241 I HarmanHal.Routing:  in printADTM() PcmAlsaWrapper.cpp:876
09-07 14:31:16.755   512 13241 D HarmanHAL: StreamIn::getCapturePositionImpl
09-07 14:31:16.784   512 13241 D HarmanHAL: StreamIn::getCapturePositionImpl
09-07 14:31:16.813   512 13169 I HarmanHal.Routing: hacs alsa node(pcmBtHfp_dl_pre_c) adtm interval_min:0 ms, inverval_max:10 ms, inverval_mean:7 ms!
09-07 14:31:16.813   512 13169 I HarmanHal.Routing:  in printADTM() PcmAlsaWrapper.cpp:876
09-07 14:31:16.814   512 13241 D HarmanHAL: StreamIn::getCapturePositionImpl
09-07 14:31:16.815   512 13169 I HarmanHal.Routing: hacs alsa node(pcmHfp_dl_p) adtm interval_min:0 ms, inverval_max:11 ms, inverval_mean:8 ms!
09-07 14:31:16.815   512 13169 I HarmanHal.Routing:  in printADTM() PcmAlsaWrapper.cpp:876
09-07 14:31:16.844   512 13241 D HarmanHAL: StreamIn::getCapturePositionImpl
09-07 14:31:17.234   512 13241 I chatty  : uid=1041(audioserver) reader identical 12 lines
09-07 14:31:17.264   512 13241 D HarmanHAL: StreamIn::getCapturePositionImpl
09-07 14:31:17.280   512  3972 I HarmanHal.Routing: hacs alsa node(pcmMedia_p) adtm interval_min:0 ms, inverval_max:11 ms, inverval_mean:8 ms!
09-07 14:31:17.280   512  3972 I HarmanHal.Routing:  in printADTM() PcmAlsaWrapper.cpp:876
09-07 14:31:17.294   512 13241 D HarmanHAL: StreamIn::getCapturePositionImpl
09-07 14:31:17.318   512 13158 D AudioProcessing: sseApply [handle 0xbc80d90][type 512] start..
09-07 14:31:17.318   512 13158 D AudioProcessing: sseProcess ul audioIO content print-1 [256] [2] [4] [1] 
09-07 14:31:17.318   512 13158 D AudioProcessing: sseProcess ul audioIO content print-2 [6] [1] [0x3bcbc5a0] [0x5bc7ede0] 
09-07 14:31:17.318   512 13158 D AudioProcessing: sseProcess ul audioIO content print-3 [0x1bca1320 [0x8bc84110] [0x1bc9f9b0] sse->pMain is [0x2bca4a60] 
09-07 14:31:17.319   512 13158 D AudioProcessing: sseProcess ul [handle 0xbc80d90]  ret[0]
09-07 14:31:17.319   512 13158 D AudioProcessing: sseProcess ul AudioBufferSampleCnt[256] type[512] finish..
09-07 14:31:17.324   512 13241 D HarmanHAL: StreamIn::getCapturePositionImpl
09-07 14:31:17.355   512 13241 I chatty  : uid=1041(audioserver) reader identical 1 line
09-07 14:31:17.394   512 13241 D HarmanHAL: StreamIn::getCapturePositionImpl
09-07 14:31:17.391   536   536 I vendor.harman.p: type=1400 audit(0.0:3840): avc: denied { sys_ptrace } for capability=19 scontext=u:r:pathologyd:s0 tcontext=u:r:pathologyd:s0 tclass=capability permissive=1
09-07 14:31:17.423   512 13169 D AudioProcessing: sseApply [handle 0xbc83090][type 768] start..
09-07 14:31:17.423   512 13169 D AudioProcessing: sseProcess dl audioIO content print-1 [256] [2] [1] [1] 
09-07 14:31:17.423   512 13169 D AudioProcessing: sseProcess dl audioIO content print-2 [1] [1] [0x0xb40000763bcc28d0] [0x0xb40000761bca6b00] 
09-07 14:31:17.423   512 13169 D AudioProcessing: sseProcess dl audioIO content print-3 [0x0xb40000761bca7fd0] [0x0xb40000761bcabe40] [0x0xb40000761bca5880] sse->pMain is [0x0xb40000772bcb4e80] 
09-07 14:31:17.424   512 13169 D AudioProcessing: sseProcess dl [handle 0xbc83090] ret[0]
09-07 14:31:17.424   512 13169 D AudioProcessing: sseProcess dl AudioBufferSampleCnt[256] type[768] finish..
09-07 14:31:17.425   512 13241 D HarmanHAL: StreamIn::getCapturePositionImpl
09-07 14:31:17.454   512 13241 D HarmanHAL: StreamIn::getCapturePositionImpl
09-07 14:31:17.482   538   618 W ipcLib  : ipcLib: in ipc_lib. DV1 read called
09-07 14:31:17.484   512 13241 D HarmanHAL: StreamIn::getCapturePositionImpl
09-07 14:31:17.514   512 13241 I chatty  : uid=1041(audioserver) reader identical 1 line
09-07 14:31:17.554   512 13241 D HarmanHAL: StreamIn::getCapturePositionImpl
09-07 14:31:17.574   532   569 W ipcLib  : ipcLib: in ipc_lib. DV1 read called
09-07 14:31:17.574   532   568 I VPS     : VPS:IOCStatusInfo.VoltageStatus->0 
09-07 14:31:17.574   532   568 I VPS     : VPS:IOCStatusInfo.IOCStatusCmd->a6 
09-07 14:31:17.574   532   568 I VPS     : VPS:IOCStatusInfo.WakeUpReason->0 
09-07 14:31:17.574   532   568 I VPS     : VPS:IOCStatusInfo.DerivedIgnitionStatus->0 
09-07 14:31:17.574   532   568 I VPS     : VPS:IOCStatusInfo.PowerModeState->4 
09-07 14:31:17.574   532   568 I VPS     : VPS:IOCStatusInfo.SOCShutdownRequest->0 
09-07 14:31:17.574   532   568 I VPS     : VPS:IOCStatusInfo.AntiTheftState->0 
09-07 14:31:17.575   532   568 I VPS     : VPS:IOCStatusInfo.BatteryConnect->0 
09-07 14:31:17.584   512 13241 D HarmanHAL: StreamIn::getCapturePositionImpl
09-07 14:31:17.644   512 13241 I chatty  : uid=1041(audioserver) reader identical 2 lines
09-07 14:31:17.674   512 13241 D HarmanHAL: StreamIn::getCapturePositionImpl
09-07 14:31:17.706   512 13133 I HarmanHal.Routing: hacs alsa node(pcmMicRefIn_c) adtm interval_min:0 ms, inverval_max:10 ms, inverval_mean:7 ms!
09-07 14:31:17.706   512 13133 I HarmanHal.Routing:  in printADTM() PcmAlsaWrapper.cpp:876
09-07 14:31:17.711   512 13159 I HarmanHal.Routing: hacs alsa node(pcmBtHfp_ul_pro_p) adtm interval_min:2 ms, inverval_max:12 ms, inverval_mean:8 ms!
09-07 14:31:17.711   512 13159 I HarmanHal.Routing:  in printADTM() PcmAlsaWrapper.cpp:876
09-07 14:31:17.714   512 13241 D HarmanHAL: StreamIn::getCapturePositionImpl
09-07 14:31:17.744   512 13241 I HarmanHal.Routing: hacs alsa node(pcmTunerIn_c) adtm interval_min:29 ms, inverval_max:40 ms, inverval_mean:31 ms!
09-07 14:31:17.744   512 13241 I HarmanHal.Routing:  in printADTM() PcmAlsaWrapper.cpp:876
09-07 14:31:17.745   512 13241 D HarmanHAL: StreamIn::getCapturePositionImpl
09-07 14:31:17.774   512 13241 I chatty  : uid=1041(audioserver) reader identical 1 line
09-07 14:31:17.806   512 13241 D HarmanHAL: StreamIn::getCapturePositionImpl
09-07 14:31:17.814   512 13169 I HarmanHal.Routing: hacs alsa node(pcmBtHfp_dl_pre_c) adtm interval_min:0 ms, inverval_max:10 ms, inverval_mean:8 ms!
09-07 14:31:17.814   512 13169 I HarmanHal.Routing:  in printADTM() PcmAlsaWrapper.cpp:876
09-07 14:31:17.814   512 13169 I HarmanHal.Routing: hacs alsa node(pcmHfp_dl_p) adtm interval_min:0 ms, inverval_max:11 ms, inverval_mean:8 ms!
09-07 14:31:17.814   512 13169 I HarmanHal.Routing:  in printADTM() PcmAlsaWrapper.cpp:876
09-07 14:31:17.837   512 13241 D HarmanHAL: StreamIn::getCapturePositionImpl
09-07 14:31:18.224   512 13241 I chatty  : uid=1041(audioserver) reader identical 12 lines
09-07 14:31:18.254   512 13241 D HarmanHAL: StreamIn::getCapturePositionImpl
09-07 14:31:18.280   512  3972 I HarmanHal.Routing: hacs alsa node(pcmMedia_p) adtm interval_min:1 ms, inverval_max:11 ms, inverval_mean:8 ms!
09-07 14:31:18.280   512  3972 I HarmanHal.Routing:  in printADTM() PcmAlsaWrapper.cpp:876
09-07 14:31:18.284   512 13241 D HarmanHAL: StreamIn::getCapturePositionImpl
09-07 14:31:18.445   512 13241 I chatty  : uid=1041(audioserver) reader identical 5 lines
09-07 14:31:18.474   512 13241 D HarmanHAL: StreamIn::getCapturePositionImpl
09-07 14:31:18.482   538   618 W ipcLib  : ipcLib: in ipc_lib. DV1 read called
09-07 14:31:18.515   512 13241 D HarmanHAL: StreamIn::getCapturePositionImpl
09-07 14:31:18.675   512 13241 I chatty  : uid=1041(audioserver) reader identical 5 lines
09-07 14:31:18.704   512 13241 D HarmanHAL: StreamIn::getCapturePositionImpl
09-07 14:31:18.705   512 13133 I HarmanHal.Routing: hacs alsa node(pcmMicRefIn_c) adtm interval_min:0 ms, inverval_max:11 ms, inverval_mean:8 ms!
09-07 14:31:18.705   512 13133 I HarmanHal.Routing:  in printADTM() PcmAlsaWrapper.cpp:876
09-07 14:31:18.711   512 13159 I HarmanHal.Routing: hacs alsa node(pcmBtHfp_ul_pro_p) adtm interval_min:2 ms, inverval_max:12 ms, inverval_mean:8 ms!
09-07 14:31:18.711   512 13159 I HarmanHal.Routing:  in printADTM() PcmAlsaWrapper.cpp:876
09-07 14:31:18.734   512 13241 I HarmanHal.Routing: hacs alsa node(pcmTunerIn_c) adtm interval_min:29 ms, inverval_max:40 ms, inverval_mean:31 ms!
09-07 14:31:18.734   512 13241 I HarmanHal.Routing:  in printADTM() PcmAlsaWrapper.cpp:876
09-07 14:31:18.735   512 13241 D HarmanHAL: StreamIn::getCapturePositionImpl
09-07 14:31:18.764   512 13241 I chatty  : uid=1041(audioserver) reader identical 1 line
09-07 14:31:18.794   512 13241 D HarmanHAL: StreamIn::getCapturePositionImpl
09-07 14:31:18.813   512 13169 I HarmanHal.Routing: hacs alsa node(pcmBtHfp_dl_pre_c) adtm interval_min:0 ms, inverval_max:10 ms, inverval_mean:7 ms!
09-07 14:31:18.813   512 13169 I HarmanHal.Routing:  in printADTM() PcmAlsaWrapper.cpp:876
09-07 14:31:18.815   512 13169 I HarmanHal.Routing: hacs alsa node(pcmHfp_dl_p) adtm interval_min:0 ms, inverval_max:11 ms, inverval_mean:8 ms!
09-07 14:31:18.815   512 13169 I HarmanHal.Routing:  in printADTM() PcmAlsaWrapper.cpp:876
09-07 14:31:18.835   512 13241 D HarmanHAL: StreamIn::getCapturePositionImpl
09-07 14:31:18.865   512 13241 I chatty  : uid=1041(audioserver) reader identical 1 line
09-07 14:31:18.895   512 13241 D HarmanHAL: StreamIn::getCapturePositionImpl
09-07 14:31:18.918   512 13158 D AudioProcessing: sseApply [handle 0xbc80d90][type 512] start..
09-07 14:31:18.918   512 13158 D AudioProcessing: sseProcess ul audioIO content print-1 [256] [2] [4] [1] 
09-07 14:31:18.918   512 13158 D AudioProcessing: sseProcess ul audioIO content print-2 [6] [1] [0x3bcbc5a0] [0x5bc7ede0] 
09-07 14:31:18.918   512 13158 D AudioProcessing: sseProcess ul audioIO content print-3 [0x1bca1320 [0x8bc84110] [0x1bc9f9b0] sse->pMain is [0x2bca4a60] 
09-07 14:31:18.919   512 13158 D AudioProcessing: sseProcess ul [handle 0xbc80d90]  ret[0]
09-07 14:31:18.919   512 13158 D AudioProcessing: sseProcess ul AudioBufferSampleCnt[256] type[512] finish..
09-07 14:31:18.924   512 13241 D HarmanHAL: StreamIn::getCapturePositionImpl
09-07 14:31:18.954   512 13241 I chatty  : uid=1041(audioserver) reader identical 1 line
09-07 14:31:18.995   512 13241 D HarmanHAL: StreamIn::getCapturePositionImpl
09-07 14:31:19.000   532   569 I VPS     : VPS:VehiclePlatformSOCHeartBeatHandler IVI HeartBeat sent successfully SOCHeartBeatInfo.SOCStatus->2
09-07 14:31:19.000   532   569 W ipcLib  : ipcLib: in ipc_lib. DV1 write called
09-07 14:31:19.002   532   569 W ipcLib  : ipcLib: in ipc_lib. DV1 read called
09-07 14:31:19.023   512 13169 D AudioProcessing: sseApply [handle 0xbc83090][type 768] start..
09-07 14:31:19.023   512 13169 D AudioProcessing: sseProcess dl audioIO content print-1 [256] [2] [1] [1] 
09-07 14:31:19.023   512 13169 D AudioProcessing: sseProcess dl audioIO content print-2 [1] [1] [0x0xb40000763bcc28d0] [0x0xb40000761bca6b00] 
09-07 14:31:19.023   512 13169 D AudioProcessing: sseProcess dl audioIO content print-3 [0x0xb40000761bca7fd0] [0x0xb40000761bcabe40] [0x0xb40000761bca5880] sse->pMain is [0x0xb40000772bcb4e80] 
09-07 14:31:19.024   512 13169 D AudioProcessing: sseProcess dl [handle 0xbc83090] ret[0]
09-07 14:31:19.024   512 13169 D AudioProcessing: sseProcess dl AudioBufferSampleCnt[256] type[768] finish..
09-07 14:31:19.024   512 13241 D HarmanHAL: StreamIn::getCapturePositionImpl
01-01 00:06:22.247     0     0 I init    : starting service 'qccsyshalservice'...
01-01 00:06:22.254     0     0 I init    : starting service 'vendor.sensors-hal-1-0'...
01-01 00:06:22.261     0     0 I init    : starting service 'LogManager'...
09-07 14:31:19.214   512 13241 I chatty  : uid=1041(audioserver) reader identical 6 lines
09-07 14:31:19.245   512 13241 D HarmanHAL: StreamIn::getCapturePositionImpl
09-07 14:31:19.274 19814 19814 I qccsyshalservice: Start with system binder
09-07 14:31:19.275 19814 19814 I qccsyshalservice: Registering qccsyshal service...
09-07 14:31:19.275   512 13241 D HarmanHAL: StreamIn::getCapturePositionImpl
09-07 14:31:19.276   376   376 I hwservicemanager: getTransport: Cannot find entry vendor.qti.hardware.qccsyshal@1.0::IQccsyshal/qccsyshal in either framework or device manifest.
09-07 14:31:19.277 19814 19814 E HidlServiceManagement: Service vendor.qti.hardware.qccsyshal@1.0::IQccsyshal/qccsyshal must be in VINTF manifest in order to register/get.
09-07 14:31:19.277 19814 19814 E qccsyshalservice: [ERROR] registerAsService() failed with status: -2147483648
09-07 14:31:19.280   512  3972 I HarmanHal.Routing: hacs alsa node(pcmMedia_p) adtm interval_min:0 ms, inverval_max:10 ms, inverval_mean:8 ms!
09-07 14:31:19.280   512  3972 I HarmanHal.Routing:  in printADTM() PcmAlsaWrapper.cpp:876
01-01 00:06:22.271     0     0 I init    : Service 'qccsyshalservice' (pid 19814) exited with status 1
01-01 00:06:22.271     0     0 I init    : Sending signal 9 to service 'qccsyshalservice' (pid 19814) process group...
01-01 00:06:22.271     0     0 I libprocessgroup: Successfully killed process cgroup uid 1000 pid 19814 in 0ms
09-07 14:31:19.292 19816 19816 D LOGMANAGER: LOGMANAGER HAL service init() start
09-07 14:31:19.292   376   376 I hwservicemanager: getTransport: Cannot find entry android.hardware.sensors@1.0::ISensors/default in either framework or device manifest.
09-07 14:31:19.292 19816 19816 D LOGMANAGER: Logmanager configured rpcthreadpool
09-07 14:31:19.287 19816 19816 I vendor.harman.L: type=1400 audit(0.0:3841): avc: denied { read } for name="u:object_r:hwservicemanager_prop:s0" dev="tmpfs" ino=24519 scontext=u:r:logmanagerd:s0 tcontext=u:object_r:hwservicemanager_prop:s0 tclass=file permissive=1
09-07 14:31:19.287 19816 19816 I vendor.harman.L: type=1400 audit(0.0:3842): avc: denied { open } for path="/dev/__properties__/u:object_r:hwservicemanager_prop:s0" dev="tmpfs" ino=24519 scontext=u:r:logmanagerd:s0 tcontext=u:object_r:hwservicemanager_prop:s0 tclass=file permissive=1
09-07 14:31:19.287 19816 19816 I vendor.harman.L: type=1400 audit(0.0:3843): avc: denied { getattr } for path="/dev/__properties__/u:object_r:hwservicemanager_prop:s0" dev="tmpfs" ino=24519 scontext=u:r:logmanagerd:s0 tcontext=u:object_r:hwservicemanager_prop:s0 tclass=file permissive=1
09-07 14:31:19.287 19816 19816 I vendor.harman.L: type=1400 audit(0.0:3844): avc: denied { map } for path="/dev/__properties__/u:object_r:hwservicemanager_prop:s0" dev="tmpfs" ino=24519 scontext=u:r:logmanagerd:s0 tcontext=u:object_r:hwservicemanager_prop:s0 tclass=file permissive=1
09-07 14:31:19.294 19815 19815 E android.hardware.sensors@1.0-service: Couldn't load sensors module (Unknown error -2147483648)
09-07 14:31:19.294 19815 19815 D RefBase : RefBase: Explicit destruction, weak count = 0 (in 0xb400007dc0ca4638)
09-07 14:31:19.294 19815 19815 W RefBase : CallStack::getCurrentInternal not linked, returning null
09-07 14:31:19.294 19815 19815 W RefBase : CallStack::logStackInternal not linked
09-07 14:31:19.295 19815 19815 E LegacySupport: Could not get passthrough implementation for android.hardware.sensors@1.0::ISensors/default.
09-07 14:31:19.295 19816 19816 I HidlServiceManagement: Registered vendor.harman.hardware.LogManager@1.0::ILogManager/default
09-07 14:31:19.296 19816 19816 D LOGMANAGER: Logmanager HAL Service is registered and ready
09-07 14:31:19.296 19816 19816 I LOGMANAGER: ThreadPoolWrapper::initThreadPool
09-07 14:31:19.296 19816 19816 I LOGMANAGER: ThreadPoolWrapper : exit
09-07 14:31:19.296 19816 19816 D LOGMANAGER: Logmanager threadpoolwrapper created
09-07 14:31:19.296 19816 19816 D LOGMANAGER: User argument is -c
09-07 14:31:19.296 19816 19817 I LOGMANAGER: ThreadPoolWrapper:  enter the joinRpcThreadpool()
09-07 14:31:19.297 19816 19816 I LOGMANAGER: LogmanagerConfig is configured under config file
09-07 14:31:19.297 19816 19816 I LOGMANAGER: LoggingLevel is : 4
09-07 14:31:19.297 19816 19816 I LOGMANAGER: LogEnableState is : 0
09-07 14:31:19.297 19816 19816 I LOGMANAGER: OutputPluginConfiguration PluginType : LOGWRITTER
09-07 14:31:19.297 19816 19816 I LOGMANAGER: LM_OutputConfiguration : 1
09-07 14:31:19.297 19816 19816 I LOGMANAGER: LM_OfflineTraceDirectory : /data/cache
09-07 14:31:19.297 19816 19816 I LOGMANAGER: LM_OfflineTraceFILESize : 1000000
01-01 00:06:22.286     0     0 I init    : Service 'vendor.sensors-hal-1-0' (pid 19815) exited with status 1
09-07 14:31:19.297 19816 19816 I LOGMANAGER: LM_OfflineTotalFILESSize : 20000000
01-01 00:06:22.286     0     0 I init    : Sending signal 9 to service 'vendor.sensors-hal-1-0' (pid 19815) process group...
09-07 14:31:19.298 19816 19816 I LOGMANAGER: LM_FileNameTimeStampBased : 0
09-07 14:31:19.298 19816 19816 I LOGMANAGER: Got IOC plugin
09-07 14:31:19.298 19816 19816 I LOGMANAGER: IOCIPCChannelNumber :6
01-01 00:06:22.286     0     0 I libprocessgroup: Successfully killed process cgroup uid 1000 pid 19815 in 0ms
09-07 14:31:19.298 19816 19816 I LOGMANAGER: keyseq: HOME + VOLUMEDOWN  for domain is AudioDump
01-01 00:06:22.288     0     0 W audit   : audit_lost=1954 audit_rate_limit=5 audit_backlog_limit=64
09-07 14:31:19.298 19816 19816 I LOGMANAGER: keyseq: HOME + VOLUMEUP  for domain is HCIDump
01-01 00:06:22.288     0     0 E audit   : rate limit exceeded
09-07 14:31:19.298 19816 19816 I LOGMANAGER: Domains parsing is done
09-07 14:31:19.295 19816 19816 I vendor.harman.L: type=1400 audit(0.0:3845): avc: denied { dac_read_search } for capability=2 scontext=u:r:logmanagerd:s0 tcontext=u:r:logmanagerd:s0 tclass=capability permissive=1
09-07 14:31:19.295 19816 19816 I vendor.harman.L: type=1400 audit(0.0:3846): avc: denied { search } for name="cache" dev="dm-4" ino=262146 scontext=u:r:logmanagerd:s0 tcontext=u:object_r:cache_file:s0 tclass=dir permissive=1
09-07 14:31:19.295 19816 19816 I vendor.harman.L: type=1400 audit(0.0:3847): avc: denied { dac_override } for capability=1 scontext=u:r:logmanagerd:s0 tcontext=u:r:logmanagerd:s0 tclass=capability permissive=1
09-07 14:31:19.303 19816 19816 E LOGMANAGER: Failed to load plugin /vendor/lib64/libIOCDLogReader.so with error code dlopen failed: library "/vendor/lib64/libIOCDLogReader.so" not found 
09-07 14:31:19.303 19816 19816 F libc    : Fatal signal 11 (SIGSEGV), code 1 (SEGV_MAPERR), fault addr 0x0 in tid 19816 (vendor.harman.L), pid 19816 (vendor.harman.L)
09-07 14:31:19.315   512 13241 D HarmanHAL: StreamIn::getCapturePositionImpl
09-07 14:31:19.342 19820 19820 I crash_dump64: obtaining output fd from tombstoned, type: kDebuggerdTombstone
09-07 14:31:19.343   463   463 I tombstoned: received crash request for pid 19816
09-07 14:31:19.344 19820 19820 I crash_dump64: performing dump of process 19816 (target tid = 19816)
09-07 14:31:19.345   512 13241 D HarmanHAL: StreamIn::getCapturePositionImpl
09-07 14:31:19.347 19820 19820 F DEBUG   : *** *** *** *** *** *** *** *** *** *** *** *** *** *** *** ***
09-07 14:31:19.347 19820 19820 F DEBUG   : Build fingerprint: 'qti/titan_tml_b2/titan_tml_b2:11/RQ3A.210605.005/eng.ksong.20210907.134230:userdebug/test-keys'
09-07 14:31:19.347 19820 19820 F DEBUG   : Revision: '0'
09-07 14:31:19.348 19820 19820 F DEBUG   : ABI: 'arm64'
09-07 14:31:19.348 19820 19820 F DEBUG   : Timestamp: 2021-09-07 14:31:19+0000
09-07 14:31:19.349 19820 19820 F DEBUG   : pid: 19816, tid: 19816, name: vendor.harman.L  >>> /vendor/bin/hw/vendor.harman.LogManager@1.0-service <<<
09-07 14:31:19.349 19820 19820 F DEBUG   : uid: 0
09-07 14:31:19.349 19820 19820 F DEBUG   : signal 11 (SIGSEGV), code 1 (SEGV_MAPERR), fault addr 0x0
09-07 14:31:19.349 19820 19820 F DEBUG   : Cause: null pointer dereference
09-07 14:31:19.349 19820 19820 F DEBUG   :     x0  0000000000000000  x1  0000000000000000  x2  0000000000080001  x3  0000000000000000
09-07 14:31:19.349 19820 19820 F DEBUG   :     x4  0000000000000000  x5  0000000000000090  x6  fefefefefefefeff  x7  7f7f7f7f7f7f7f7f
09-07 14:31:19.349 19820 19820 F DEBUG   :     x8  0101010101010101  x9  646154465b292599  x10 0000007fca32e628  x11 fffffffffffffffd
09-07 14:31:19.349 19820 19820 F DEBUG   :     x12 0000007fca32e7b0  x13 000000000000008e  x14 0011e1a275697c00  x15 0000000034155555
09-07 14:31:19.349 19820 19820 F DEBUG   :     x16 000000586d47f7e0  x17 0000007bf754bb30  x18 0000007bf7ef6000  x19 0000000000000000
09-07 14:31:19.349 19820 19820 F DEBUG   :     x20 0000007bf6f73c50  x21 0000007fca32eec9  x22 b400007af6d24bd8  x23 0000007fca32eee8
09-07 14:31:19.350 19820 19820 F DEBUG   :     x24 0000000000000000  x25 0000007bf79a3000  x26 0000007fca32eec9  x27 0000007fca32ee99
09-07 14:31:19.350 19820 19820 F DEBUG   :     x28 0000000000000000  x29 0000007fca32edd0
09-07 14:31:19.350 19820 19820 F DEBUG   :     lr  000000586d476048  sp  0000007fca32edd0  pc  0000007bf754bb40  pst 0000000080000000
09-07 14:31:19.353 19820 19820 F DEBUG   : backtrace:
09-07 14:31:19.354 19820 19820 F DEBUG   :       #00 pc 000000000004ab40  /apex/com.android.runtime/lib64/bionic/libc.so (strlen_default+16) (BuildId: 2b7c6e33413ac7278a15dfc3ea383089)
09-07 14:31:19.354 19820 19820 F DEBUG   :       #01 pc 0000000000009044  /vendor/bin/hw/vendor.harman.LogManager@1.0-service (BuildId: 3e966ab64050b441b920ba0e8960d123)
09-07 14:31:19.354 19820 19820 F DEBUG   :       #02 pc 0000000000008df0  /vendor/bin/hw/vendor.harman.LogManager@1.0-service (LM::LogManagerImpl::load_plugin_conf(void*, std::__1::basic_string<char, std::__1::char_traits<char>, std::__1::allocator<char> >, std::__1::multimap<std::__1::basic_string<char, std::__1::char_traits<char>, std::__1::allocator<char> >, int, std::__1::less<std::__1::basic_string<char, std::__1::char_traits<char>, std::__1::allocator<char> > >, std::__1::allocator<std::__1::pair<std::__1::basic_string<char, std::__1::char_traits<char>, std::__1::allocator<char> > const, int> > >&)+752) (BuildId: 3e966ab64050b441b920ba0e8960d123)
09-07 14:31:19.355 19820 19820 F DEBUG   :       #03 pc 00000000000088c0  /vendor/bin/hw/vendor.harman.LogManager@1.0-service (LM::LogManagerImpl::loadplugins()+436) (BuildId: 3e966ab64050b441b920ba0e8960d123)
09-07 14:31:19.355 19820 19820 F DEBUG   :       #04 pc 0000000000007af8  /vendor/bin/hw/vendor.harman.LogManager@1.0-service (main+1112) (BuildId: 3e966ab64050b441b920ba0e8960d123)
09-07 14:31:19.355 19820 19820 F DEBUG   :       #05 pc 000000000004988c  /apex/com.android.runtime/lib64/bionic/libc.so (__libc_init+108) (BuildId: 2b7c6e33413ac7278a15dfc3ea383089)
01-01 00:06:22.384     0     0 I IRQ 5   : no longer affine to CPU5
01-01 00:06:22.405     0     0 D logd    : logdr: UID=0 GID=1000 PID=19820 n tail=0 logMask=8 pid=19816 start=0ns timeout=0ns
01-01 00:06:22.416     0     0 D logd    : logdr: UID=0 GID=1000 PID=19820 n tail=0 logMask=1 pid=19816 start=0ns timeout=0ns
09-07 14:31:19.437  1033  1270 W NativeCrashListener: Couldn't find ProcessRecord for pid 19816
09-07 14:31:19.404   512 13241 I chatty  : uid=1041(audioserver) reader identical 2 lines
09-07 14:31:19.435   512 13241 D HarmanHAL: StreamIn::getCapturePositionImpl
09-07 14:31:19.438 19820 19820 E crash_dump64: AM data write failed: Broken pipe
09-07 14:31:19.439   463   463 E tombstoned: Tombstone written to: /data/tombstones/tombstone_42
01-01 00:06:22.429     0     0 I init    : Untracked pid 19820 exited with status 0
09-07 14:31:19.447  1033  1095 I BootReceiver: Copying /data/tombstones/tombstone_42 to DropBox (SYSTEM_TOMBSTONE)
09-07 14:31:19.450  1033  1095 I DropBoxManagerService: add tag=SYSTEM_TOMBSTONE isTagEnabled=true flags=0x2
09-07 14:31:19.474   512 13241 D HarmanHAL: StreamIn::getCapturePositionImpl
09-07 14:31:19.482   538   618 W ipcLib  : ipcLib: in ipc_lib. DV1 read called
09-07 14:31:19.505   512 13241 D HarmanHAL: StreamIn::getCapturePositionImpl
01-01 00:06:22.560     0     0 I IRQ 5   : no longer affine to CPU5
09-07 14:31:19.635   512 13241 I chatty  : uid=1041(audioserver) reader identical 4 lines
09-07 14:31:19.664   512 13241 D HarmanHAL: StreamIn::getCapturePositionImpl
09-07 14:31:19.674   532   569 W ipcLib  : ipcLib: in ipc_lib. DV1 read called
09-07 14:31:19.674   532   568 I VPS     : VPS:IOCStatusInfo.VoltageStatus->0 
09-07 14:31:19.674   532   568 I VPS     : VPS:IOCStatusInfo.IOCStatusCmd->a6 
09-07 14:31:19.674   532   568 I VPS     : VPS:IOCStatusInfo.WakeUpReason->0 
09-07 14:31:19.674   532   568 I VPS     : VPS:IOCStatusInfo.DerivedIgnitionStatus->0 
09-07 14:31:19.674   532   568 I VPS     : VPS:IOCStatusInfo.PowerModeState->4 
09-07 14:31:19.674   532   568 I VPS     : VPS:IOCStatusInfo.SOCShutdownRequest->0 
09-07 14:31:19.674   532   568 I VPS     : VPS:IOCStatusInfo.AntiTheftState->0 
09-07 14:31:19.675   532   568 I VPS     : VPS:IOCStatusInfo.BatteryConnect->0 
09-07 14:31:19.694   512 13241 D HarmanHAL: StreamIn::getCapturePositionImpl
09-07 14:31:19.706   512 13133 I HarmanHal.Routing: hacs alsa node(pcmMicRefIn_c) adtm interval_min:0 ms, inverval_max:11 ms, inverval_mean:8 ms!
09-07 14:31:19.706   512 13133 I HarmanHal.Routing:  in printADTM() PcmAlsaWrapper.cpp:876
09-07 14:31:19.711   512 13159 I HarmanHal.Routing: hacs alsa node(pcmBtHfp_ul_pro_p) adtm interval_min:2 ms, inverval_max:12 ms, inverval_mean:8 ms!
09-07 14:31:19.711   512 13159 I HarmanHal.Routing:  in printADTM() PcmAlsaWrapper.cpp:876
09-07 14:31:19.724   512 13241 I HarmanHal.Routing: hacs alsa node(pcmTunerIn_c) adtm interval_min:30 ms, inverval_max:40 ms, inverval_mean:31 ms!
09-07 14:31:19.724   512 13241 I HarmanHal.Routing:  in printADTM() PcmAlsaWrapper.cpp:876
09-07 14:31:19.725   512 13241 D HarmanHAL: StreamIn::getCapturePositionImpl
09-07 14:31:19.754   512 13241 I chatty  : uid=1041(audioserver) reader identical 1 line
09-07 14:31:19.794   512 13241 D HarmanHAL: StreamIn::getCapturePositionImpl
09-07 14:31:19.814   512 13169 I HarmanHal.Routing: hacs alsa node(pcmBtHfp_dl_pre_c) adtm interval_min:0 ms, inverval_max:10 ms, inverval_mean:8 ms!
09-07 14:31:19.814   512 13169 I HarmanHal.Routing:  in printADTM() PcmAlsaWrapper.cpp:876
09-07 14:31:19.814   512 13169 I HarmanHal.Routing: hacs alsa node(pcmHfp_dl_p) adtm interval_min:0 ms, inverval_max:11 ms, inverval_mean:7 ms!
09-07 14:31:19.814   512 13169 I HarmanHal.Routing:  in printADTM() PcmAlsaWrapper.cpp:876
09-07 14:31:19.825   512 13241 D HarmanHAL: StreamIn::getCapturePositionImpl
09-07 14:31:20.235   512 13241 I chatty  : uid=1041(audioserver) reader identical 13 lines
09-07 14:31:20.274   512 13241 D HarmanHAL: StreamIn::getCapturePositionImpl
09-07 14:31:20.280   512  3972 I HarmanHal.Routing: hacs alsa node(pcmMedia_p) adtm interval_min:1 ms, inverval_max:11 ms, inverval_mean:8 ms!
09-07 14:31:20.280   512  3972 I HarmanHal.Routing:  in printADTM() PcmAlsaWrapper.cpp:876
09-07 14:31:20.304   512 13241 D HarmanHAL: StreamIn::getCapturePositionImpl
09-07 14:31:20.364   512 13241 I chatty  : uid=1041(audioserver) reader identical 2 lines
09-07 14:31:20.395   512 13241 D HarmanHAL: StreamIn::getCapturePositionImpl
09-07 14:31:20.427   536   536 I vendor.harman.p: type=1400 audit(0.0:3858): avc: denied { dac_read_search } for capability=2 scontext=u:r:pathologyd:s0 tcontext=u:r:pathologyd:s0 tclass=capability permissive=1
09-07 14:31:20.427   536   536 I vendor.harman.p: type=1400 audit(0.0:3859): avc: denied { read } for name="tombstones" dev="dm-4" ino=90113 scontext=u:r:pathologyd:s0 tcontext=u:object_r:tombstone_data_file:s0 tclass=dir permissive=1
09-07 14:31:20.427   536   536 I vendor.harman.p: type=1400 audit(0.0:3860): avc: denied { open } for path="/data/tombstones" dev="dm-4" ino=90113 scontext=u:r:pathologyd:s0 tcontext=u:object_r:tombstone_data_file:s0 tclass=dir permissive=1
09-07 14:31:20.435   512 13241 D HarmanHAL: StreamIn::getCapturePositionImpl
09-07 14:31:20.465   512 13241 D HarmanHAL: StreamIn::getCapturePositionImpl
09-07 14:31:20.482   538   618 W ipcLib  : ipcLib: in ipc_lib. DV1 read called
09-07 14:31:20.494   512 13241 D HarmanHAL: StreamIn::getCapturePositionImpl
09-07 14:31:20.518   512 13158 D AudioProcessing: sseApply [handle 0xbc80d90][type 512] start..
09-07 14:31:20.518   512 13158 D AudioProcessing: sseProcess ul audioIO content print-1 [256] [2] [4] [1] 
09-07 14:31:20.518   512 13158 D AudioProcessing: sseProcess ul audioIO content print-2 [6] [1] [0x3bcbc5a0] [0x5bc7ede0] 
09-07 14:31:20.518   512 13158 D AudioProcessing: sseProcess ul audioIO content print-3 [0x1bca1320 [0x8bc84110] [0x1bc9f9b0] sse->pMain is [0x2bca4a60] 
09-07 14:31:20.519   512 13158 D AudioProcessing: sseProcess ul [handle 0xbc80d90]  ret[0]
09-07 14:31:20.519   512 13158 D AudioProcessing: sseProcess ul AudioBufferSampleCnt[256] type[512] finish..
09-07 14:31:20.524   512 13241 D HarmanHAL: StreamIn::getCapturePositionImpl
09-07 14:31:20.554   512 13241 I chatty  : uid=1041(audioserver) reader identical 1 line
09-07 14:31:20.595   512 13241 D HarmanHAL: StreamIn::getCapturePositionImpl
09-07 14:31:20.623   512 13169 D AudioProcessing: sseApply [handle 0xbc83090][type 768] start..
09-07 14:31:20.623   512 13169 D AudioProcessing: sseProcess dl audioIO content print-1 [256] [2] [1] [1] 
09-07 14:31:20.623   512 13169 D AudioProcessing: sseProcess dl audioIO content print-2 [1] [1] [0x0xb40000763bcc28d0] [0x0xb40000761bca6b00] 
09-07 14:31:20.623   512 13169 D AudioProcessing: sseProcess dl audioIO content print-3 [0x0xb40000761bca7fd0] [0x0xb40000761bcabe40] [0x0xb40000761bca5880] sse->pMain is [0x0xb40000772bcb4e80] 
09-07 14:31:20.624   512 13169 D AudioProcessing: sseProcess dl [handle 0xbc83090] ret[0]
09-07 14:31:20.624   512 13169 D AudioProcessing: sseProcess dl AudioBufferSampleCnt[256] type[768] finish..
09-07 14:31:20.625   512 13241 D HarmanHAL: StreamIn::getCapturePositionImpl
09-07 14:31:20.654   512 13241 I chatty  : uid=1041(audioserver) reader identical 1 line
09-07 14:31:20.684   512 13241 D HarmanHAL: StreamIn::getCapturePositionImpl
09-07 14:31:20.706   512 13133 I HarmanHal.Routing: hacs alsa node(pcmMicRefIn_c) adtm interval_min:0 ms, inverval_max:10 ms, inverval_mean:8 ms!
09-07 14:31:20.706   512 13133 I HarmanHal.Routing:  in printADTM() PcmAlsaWrapper.cpp:876
09-07 14:31:20.711   512 13159 I HarmanHal.Routing: hacs alsa node(pcmBtHfp_ul_pro_p) adtm interval_min:2 ms, inverval_max:12 ms, inverval_mean:8 ms!
09-07 14:31:20.711   512 13159 I HarmanHal.Routing:  in printADTM() PcmAlsaWrapper.cpp:876
09-07 14:31:20.714   512 13241 I HarmanHal.Routing: hacs alsa node(pcmTunerIn_c) adtm interval_min:30 ms, inverval_max:40 ms, inverval_mean:31 ms!
09-07 14:31:20.714   512 13241 I HarmanHal.Routing:  in printADTM() PcmAlsaWrapper.cpp:876
09-07 14:31:20.715   512 13241 D HarmanHAL: StreamIn::getCapturePositionImpl
09-07 14:31:20.754   512 13241 I chatty  : uid=1041(audioserver) reader identical 1 line
09-07 14:31:20.784   512 13241 D HarmanHAL: StreamIn::getCapturePositionImpl
09-07 14:31:20.813   512 13169 I HarmanHal.Routing: hacs alsa node(pcmBtHfp_dl_pre_c) adtm interval_min:0 ms, inverval_max:10 ms, inverval_mean:7 ms!
09-07 14:31:20.813   512 13169 I HarmanHal.Routing:  in printADTM() PcmAlsaWrapper.cpp:876
09-07 14:31:20.814   512 13241 D HarmanHAL: StreamIn::getCapturePositionImpl
09-07 14:31:20.814   512 13169 I HarmanHal.Routing: hacs alsa node(pcmHfp_dl_p) adtm interval_min:0 ms, inverval_max:11 ms, inverval_mean:8 ms!
09-07 14:31:20.814   512 13169 I HarmanHal.Routing:  in printADTM() PcmAlsaWrapper.cpp:876
09-07 14:31:20.844   512 13241 D HarmanHAL: StreamIn::getCapturePositionImpl
09-07 14:31:20.874   512 13241 I chatty  : uid=1041(audioserver) reader identical 1 line
09-07 14:31:20.915   512 13241 D HarmanHAL: StreamIn::getCapturePositionImpl
09-07 14:31:20.927   536   536 I vendor.harman.p: type=1400 audit(0.0:3861): avc: denied { search } for name="tombstones" dev="dm-4" ino=90113 scontext=u:r:pathologyd:s0 tcontext=u:object_r:tombstone_data_file:s0 tclass=dir permissive=1
01-01 00:06:23.925     0     0 W audit   : audit_lost=1964 audit_rate_limit=5 audit_backlog_limit=64
01-01 00:06:23.925     0     0 E audit   : rate limit exceeded
09-07 14:31:20.931   536   536 I vendor.harman.p: type=1400 audit(0.0:3862): avc: denied { read } for name="tombstone_42" dev="dm-4" ino=90155 scontext=u:r:pathologyd:s0 tcontext=u:object_r:tombstone_data_file:s0 tclass=file permissive=1
09-07 14:31:20.940   536   612 E pathology: [ProcessCrashHandler:: parseTombstoneFileName]string not found
09-07 14:31:20.940   536   612 I chatty  : uid=0(root) vendor.harman.p identical 4 lines
09-07 14:31:20.940   536   612 E pathology: [ProcessCrashHandler:: parseTombstoneFileName]string not found
09-07 14:31:20.945   512 13241 D HarmanHAL: StreamIn::getCapturePositionImpl
09-07 14:31:21.235   512 13241 I chatty  : uid=1041(audioserver) reader identical 9 lines
09-07 14:31:21.264   512 13241 D HarmanHAL: StreamIn::getCapturePositionImpl
09-07 14:31:21.280   512  3972 I HarmanHal.Routing: hacs alsa node(pcmMedia_p) adtm interval_min:1 ms, inverval_max:10 ms, inverval_mean:8 ms!
09-07 14:31:21.280   512  3972 I HarmanHal.Routing:  in printADTM() PcmAlsaWrapper.cpp:876
09-07 14:31:21.295   512 13241 D HarmanHAL: StreamIn::getCapturePositionImpl
09-07 14:31:21.424   512 13241 I chatty  : uid=1041(audioserver) reader identical 4 lines
09-07 14:31:21.454   512 13241 D HarmanHAL: StreamIn::getCapturePositionImpl
09-07 14:31:21.482   538   618 W ipcLib  : ipcLib: in ipc_lib. DV1 read called
09-07 14:31:21.484   512 13241 D HarmanHAL: StreamIn::getCapturePositionImpl
09-07 14:31:21.614   512 13241 I chatty  : uid=1041(audioserver) reader identical 4 lines
09-07 14:31:21.644   512 13241 D HarmanHAL: StreamIn::getCapturePositionImpl
09-07 14:31:21.646   911  4981 D BufferPoolAccessor2.0: bufferpool2 0xb400007205c6d498 : 2(1048576 size) total buffers - 1(524288 size) used buffers - 4309/4319 (recycle/alloc) - 25/4319 (fetch/transfer)
09-07 14:31:21.674   512 13241 D HarmanHAL: StreamIn::getCapturePositionImpl
09-07 14:31:21.706   512 13133 I HarmanHal.Routing: hacs alsa node(pcmMicRefIn_c) adtm interval_min:0 ms, inverval_max:11 ms, inverval_mean:8 ms!
09-07 14:31:21.706   512 13133 I HarmanHal.Routing:  in printADTM() PcmAlsaWrapper.cpp:876
09-07 14:31:21.711   512 13159 I HarmanHal.Routing: hacs alsa node(pcmBtHfp_ul_pro_p) adtm interval_min:2 ms, inverval_max:12 ms, inverval_mean:8 ms!
09-07 14:31:21.711   512 13159 I HarmanHal.Routing:  in printADTM() PcmAlsaWrapper.cpp:876
09-07 14:31:21.714   512 13241 I HarmanHal.Routing: hacs alsa node(pcmTunerIn_c) adtm interval_min:30 ms, inverval_max:40 ms, inverval_mean:32 ms!
09-07 14:31:21.714   512 13241 I HarmanHal.Routing:  in printADTM() PcmAlsaWrapper.cpp:876
09-07 14:31:21.715   512 13241 D HarmanHAL: StreamIn::getCapturePositionImpl
09-07 14:31:21.744   512 13241 I chatty  : uid=1041(audioserver) reader identical 1 line
09-07 14:31:21.775   512 13241 D HarmanHAL: StreamIn::getCapturePositionImpl
09-07 14:31:21.775   532   569 W ipcLib  : ipcLib: in ipc_lib. DV1 read called
09-07 14:31:21.778   532   568 I VPS     : VPS:IOCStatusInfo.VoltageStatus->0 
09-07 14:31:21.778   532   568 I VPS     : VPS:IOCStatusInfo.IOCStatusCmd->a6 
09-07 14:31:21.778   532   568 I VPS     : VPS:IOCStatusInfo.WakeUpReason->0 
09-07 14:31:21.778   532   568 I VPS     : VPS:IOCStatusInfo.DerivedIgnitionStatus->0 
09-07 14:31:21.778   532   568 I VPS     : VPS:IOCStatusInfo.PowerModeState->4 
09-07 14:31:21.778   532   568 I VPS     : VPS:IOCStatusInfo.SOCShutdownRequest->0 
09-07 14:31:21.779   532   568 I VPS     : VPS:IOCStatusInfo.AntiTheftState->0 
09-07 14:31:21.779   532   568 I VPS     : VPS:IOCStatusInfo.BatteryConnect->0 
09-07 14:31:21.804   512 13241 D HarmanHAL: StreamIn::getCapturePositionImpl
09-07 14:31:21.814   512 13169 I HarmanHal.Routing: hacs alsa node(pcmBtHfp_dl_pre_c) adtm interval_min:0 ms, inverval_max:10 ms, inverval_mean:8 ms!
09-07 14:31:21.814   512 13169 I HarmanHal.Routing:  in printADTM() PcmAlsaWrapper.cpp:876
09-07 14:31:21.814   512 13169 I HarmanHal.Routing: hacs alsa node(pcmHfp_dl_p) adtm interval_min:0 ms, inverval_max:11 ms, inverval_mean:8 ms!
09-07 14:31:21.814   512 13169 I HarmanHal.Routing:  in printADTM() PcmAlsaWrapper.cpp:876
09-07 14:31:21.834   512 13241 D HarmanHAL: StreamIn::getCapturePositionImpl
09-07 14:31:22.064   512 13241 I chatty  : uid=1041(audioserver) reader identical 7 lines
09-07 14:31:22.094   512 13241 D HarmanHAL: StreamIn::getCapturePositionImpl
09-07 14:31:22.118   512 13158 D AudioProcessing: sseApply [handle 0xbc80d90][type 512] start..
09-07 14:31:22.118   512 13158 D AudioProcessing: sseProcess ul audioIO content print-1 [256] [2] [4] [1] 
09-07 14:31:22.118   512 13158 D AudioProcessing: sseProcess ul audioIO content print-2 [6] [1] [0x3bcbc5a0] [0x5bc7ede0] 
09-07 14:31:22.118   512 13158 D AudioProcessing: sseProcess ul audioIO content print-3 [0x1bca1320 [0x8bc84110] [0x1bc9f9b0] sse->pMain is [0x2bca4a60] 
09-07 14:31:22.119   512 13158 D AudioProcessing: sseProcess ul [handle 0xbc80d90]  ret[0]
09-07 14:31:22.119   512 13158 D AudioProcessing: sseProcess ul AudioBufferSampleCnt[256] type[512] finish..
09-07 14:31:22.125   512 13241 D HarmanHAL: StreamIn::getCapturePositionImpl
09-07 14:31:22.154   512 13241 I chatty  : uid=1041(audioserver) reader identical 1 line
09-07 14:31:22.194   512 13241 D HarmanHAL: StreamIn::getCapturePositionImpl
09-07 14:31:22.223   512 13169 D AudioProcessing: sseApply [handle 0xbc83090][type 768] start..
09-07 14:31:22.223   512 13169 D AudioProcessing: sseProcess dl audioIO content print-1 [256] [2] [1] [1] 
09-07 14:31:22.223   512 13169 D AudioProcessing: sseProcess dl audioIO content print-2 [1] [1] [0x0xb40000763bcc28d0] [0x0xb40000761bca6b00] 
09-07 14:31:22.223   512 13169 D AudioProcessing: sseProcess dl audioIO content print-3 [0x0xb40000761bca7fd0] [0x0xb40000761bcabe40] [0x0xb40000761bca5880] sse->pMain is [0x0xb40000772bcb4e80] 
09-07 14:31:22.224   512 13169 D AudioProcessing: sseProcess dl [handle 0xbc83090] ret[0]
09-07 14:31:22.224   512 13169 D AudioProcessing: sseProcess dl AudioBufferSampleCnt[256] type[768] finish..
09-07 14:31:22.225   512 13241 D HarmanHAL: StreamIn::getCapturePositionImpl
09-07 14:31:22.254   512 13241 D HarmanHAL: StreamIn::getCapturePositionImpl
09-07 14:31:22.280   512  3972 I HarmanHal.Routing: hacs alsa node(pcmMedia_p) adtm interval_min:0 ms, inverval_max:10 ms, inverval_mean:8 ms!
09-07 14:31:22.280   512  3972 I HarmanHal.Routing:  in printADTM() PcmAlsaWrapper.cpp:876
09-07 14:31:22.284   512 13241 D HarmanHAL: StreamIn::getCapturePositionImpl
09-07 14:31:22.445   512 13241 I chatty  : uid=1041(audioserver) reader identical 5 lines
09-07 14:31:22.474   512 13241 D HarmanHAL: StreamIn::getCapturePositionImpl
09-07 14:31:22.482   538   618 W ipcLib  : ipcLib: in ipc_lib. DV1 read called
09-07 14:31:22.514   512 13241 D HarmanHAL: StreamIn::getCapturePositionImpl
09-07 14:31:22.635   512 13241 I chatty  : uid=1041(audioserver) reader identical 4 lines
09-07 14:31:22.674   512 13241 D HarmanHAL: StreamIn::getCapturePositionImpl
09-07 14:31:22.704   512 13241 I HarmanHal.Routing: hacs alsa node(pcmTunerIn_c) adtm interval_min:29 ms, inverval_max:40 ms, inverval_mean:31 ms!
09-07 14:31:22.704   512 13241 I HarmanHal.Routing:  in printADTM() PcmAlsaWrapper.cpp:876
09-07 14:31:22.705   512 13241 D HarmanHAL: StreamIn::getCapturePositionImpl
09-07 14:31:22.706   512 13133 I HarmanHal.Routing: hacs alsa node(pcmMicRefIn_c) adtm interval_min:0 ms, inverval_max:11 ms, inverval_mean:7 ms!
09-07 14:31:22.706   512 13133 I HarmanHal.Routing:  in printADTM() PcmAlsaWrapper.cpp:876
09-07 14:31:22.712   512 13159 I HarmanHal.Routing: hacs alsa node(pcmBtHfp_ul_pro_p) adtm interval_min:2 ms, inverval_max:12 ms, inverval_mean:8 ms!
09-07 14:31:22.712   512 13159 I HarmanHal.Routing:  in printADTM() PcmAlsaWrapper.cpp:876
09-07 14:31:22.734   512 13241 D HarmanHAL: StreamIn::getCapturePositionImpl
09-07 14:31:22.765   512 13241 I chatty  : uid=1041(audioserver) reader identical 1 line
09-07 14:31:22.794   512 13241 D HarmanHAL: StreamIn::getCapturePositionImpl
09-07 14:31:22.813   512 13169 I HarmanHal.Routing: hacs alsa node(pcmBtHfp_dl_pre_c) adtm interval_min:0 ms, inverval_max:10 ms, inverval_mean:7 ms!
09-07 14:31:22.813   512 13169 I HarmanHal.Routing:  in printADTM() PcmAlsaWrapper.cpp:876
09-07 14:31:22.814   512 13169 I HarmanHal.Routing: hacs alsa node(pcmHfp_dl_p) adtm interval_min:0 ms, inverval_max:11 ms, inverval_mean:8 ms!
09-07 14:31:22.814   512 13169 I HarmanHal.Routing:  in printADTM() PcmAlsaWrapper.cpp:876
09-07 14:31:22.835   512 13241 D HarmanHAL: StreamIn::getCapturePositionImpl
09-07 14:31:23.244   512 13241 I chatty  : uid=1041(audioserver) reader identical 13 lines
09-07 14:31:23.274   512 13241 D HarmanHAL: StreamIn::getCapturePositionImpl
09-07 14:31:23.280   512  3972 I HarmanHal.Routing: hacs alsa node(pcmMedia_p) adtm interval_min:1 ms, inverval_max:10 ms, inverval_mean:8 ms!
09-07 14:31:23.280   512  3972 I HarmanHal.Routing:  in printADTM() PcmAlsaWrapper.cpp:876
09-07 14:31:23.314   512 13241 D HarmanHAL: StreamIn::getCapturePositionImpl
09-07 14:31:23.435   512 13241 I chatty  : uid=1041(audioserver) reader identical 4 lines
09-07 14:31:23.474   512 13241 D HarmanHAL: StreamIn::getCapturePositionImpl
09-07 14:31:23.482   538   618 W ipcLib  : ipcLib: in ipc_lib. DV1 read called
09-07 14:31:23.505   512 13241 D HarmanHAL: StreamIn::getCapturePositionImpl
09-07 14:31:23.635   512 13241 I chatty  : uid=1041(audioserver) reader identical 4 lines
09-07 14:31:23.664   512 13241 D HarmanHAL: StreamIn::getCapturePositionImpl
09-07 14:31:23.694   512 13241 I HarmanHal.Routing: hacs alsa node(pcmTunerIn_c) adtm interval_min:30 ms, inverval_max:40 ms, inverval_mean:31 ms!
09-07 14:31:23.694   512 13241 I HarmanHal.Routing:  in printADTM() PcmAlsaWrapper.cpp:876
09-07 14:31:23.695   512 13241 D HarmanHAL: StreamIn::getCapturePositionImpl
09-07 14:31:23.705   512 13133 I HarmanHal.Routing: hacs alsa node(pcmMicRefIn_c) adtm interval_min:0 ms, inverval_max:11 ms, inverval_mean:8 ms!
09-07 14:31:23.705   512 13133 I HarmanHal.Routing:  in printADTM() PcmAlsaWrapper.cpp:876
09-07 14:31:23.711   512 13159 I HarmanHal.Routing: hacs alsa node(pcmBtHfp_ul_pro_p) adtm interval_min:2 ms, inverval_max:12 ms, inverval_mean:7 ms!
09-07 14:31:23.711   512 13159 I HarmanHal.Routing:  in printADTM() PcmAlsaWrapper.cpp:876
09-07 14:31:23.718   512 13158 D AudioProcessing: sseApply [handle 0xbc80d90][type 512] start..
09-07 14:31:23.718   512 13158 D AudioProcessing: sseProcess ul audioIO content print-1 [256] [2] [4] [1] 
09-07 14:31:23.718   512 13158 D AudioProcessing: sseProcess ul audioIO content print-2 [6] [1] [0x3bcbc5a0] [0x5bc7ede0] 
09-07 14:31:23.718   512 13158 D AudioProcessing: sseProcess ul audioIO content print-3 [0x1bca1320 [0x8bc84110] [0x1bc9f9b0] sse->pMain is [0x2bca4a60] 
09-07 14:31:23.719   512 13158 D AudioProcessing: sseProcess ul [handle 0xbc80d90]  ret[0]
09-07 14:31:23.719   512 13158 D AudioProcessing: sseProcess ul AudioBufferSampleCnt[256] type[512] finish..
09-07 14:31:23.724   512 13241 D HarmanHAL: StreamIn::getCapturePositionImpl
09-07 14:31:23.754   512 13241 I chatty  : uid=1041(audioserver) reader identical 1 line
09-07 14:31:23.794   512 13241 D HarmanHAL: StreamIn::getCapturePositionImpl
09-07 14:31:23.814   512 13169 I HarmanHal.Routing: hacs alsa node(pcmBtHfp_dl_pre_c) adtm interval_min:0 ms, inverval_max:10 ms, inverval_mean:8 ms!
09-07 14:31:23.814   512 13169 I HarmanHal.Routing:  in printADTM() PcmAlsaWrapper.cpp:876
09-07 14:31:23.815   512 13169 I HarmanHal.Routing: hacs alsa node(pcmHfp_dl_p) adtm interval_min:0 ms, inverval_max:11 ms, inverval_mean:8 ms!
09-07 14:31:23.815   512 13169 I HarmanHal.Routing:  in printADTM() PcmAlsaWrapper.cpp:876
09-07 14:31:23.823   512 13169 D AudioProcessing: sseApply [handle 0xbc83090][type 768] start..
09-07 14:31:23.823   512 13169 D AudioProcessing: sseProcess dl audioIO content print-1 [256] [2] [1] [1] 
09-07 14:31:23.823   512 13169 D AudioProcessing: sseProcess dl audioIO content print-2 [1] [1] [0x0xb40000763bcc28d0] [0x0xb40000761bca6b00] 
09-07 14:31:23.823   512 13169 D AudioProcessing: sseProcess dl audioIO content print-3 [0x0xb40000761bca7fd0] [0x0xb40000761bcabe40] [0x0xb40000761bca5880] sse->pMain is [0x0xb40000772bcb4e80] 
09-07 14:31:23.824   512 13169 D AudioProcessing: sseProcess dl [handle 0xbc83090] ret[0]
09-07 14:31:23.824   512 13169 D AudioProcessing: sseProcess dl AudioBufferSampleCnt[256] type[768] finish..
09-07 14:31:23.824   512 13241 D HarmanHAL: StreamIn::getCapturePositionImpl
09-07 14:31:23.854   512 13241 D HarmanHAL: StreamIn::getCapturePositionImpl
09-07 14:31:23.874   532   569 W ipcLib  : ipcLib: in ipc_lib. DV1 read called
09-07 14:31:23.874   532   568 I VPS     : VPS:IOCStatusInfo.VoltageStatus->0 
09-07 14:31:23.875   532   568 I VPS     : VPS:IOCStatusInfo.IOCStatusCmd->a6 
09-07 14:31:23.875   532   568 I VPS     : VPS:IOCStatusInfo.WakeUpReason->0 
09-07 14:31:23.875   532   568 I VPS     : VPS:IOCStatusInfo.DerivedIgnitionStatus->0 
09-07 14:31:23.875   532   568 I VPS     : VPS:IOCStatusInfo.PowerModeState->4 
09-07 14:31:23.875   532   568 I VPS     : VPS:IOCStatusInfo.SOCShutdownRequest->0 
09-07 14:31:23.875   532   568 I VPS     : VPS:IOCStatusInfo.AntiTheftState->0 
09-07 14:31:23.875   532   568 I VPS     : VPS:IOCStatusInfo.BatteryConnect->0 
09-07 14:31:23.884   512 13241 D HarmanHAL: StreamIn::getCapturePositionImpl
09-07 14:31:23.954   512 13241 I chatty  : uid=1041(audioserver) reader identical 2 lines
09-07 14:31:23.984   512 13241 D HarmanHAL: StreamIn::getCapturePositionImpl
09-07 14:31:24.000   532   569 I VPS     : VPS:VehiclePlatformSOCHeartBeatHandler IVI HeartBeat sent successfully SOCHeartBeatInfo.SOCStatus->2
09-07 14:31:24.000   532   569 W ipcLib  : ipcLib: in ipc_lib. DV1 write called
09-07 14:31:24.002   532   569 W ipcLib  : ipcLib: in ipc_lib. DV1 read called
09-07 14:31:24.014   512 13241 D HarmanHAL: StreamIn::getCapturePositionImpl
09-07 14:31:24.174   512 13241 I chatty  : uid=1041(audioserver) reader identical 5 lines
09-07 14:31:24.205   512 13241 D HarmanHAL: StreamIn::getCapturePositionImpl
09-07 14:31:24.219  1723  1941 I CarPlay : [mDNSResponder]current time 387 prevTime = 202
09-07 14:31:24.234   512 13241 D HarmanHAL: StreamIn::getCapturePositionImpl
01-01 00:06:27.257     0     0 I init    : starting service 'qccsyshalservice'...
01-01 00:06:27.264     0     0 I init    : starting service 'vendor.sensors-hal-1-0'...
09-07 14:31:24.275   512 13241 D HarmanHAL: StreamIn::getCapturePositionImpl
09-07 14:31:24.280   512  3972 I HarmanHal.Routing: hacs alsa node(pcmMedia_p) adtm interval_min:1 ms, inverval_max:11 ms, inverval_mean:8 ms!
09-07 14:31:24.280   512  3972 I HarmanHal.Routing:  in printADTM() PcmAlsaWrapper.cpp:876
09-07 14:31:24.283 19984 19984 I qccsyshalservice: Start with system binder
01-01 00:06:27.272     0     0 I init    : starting service 'LogManager'...
09-07 14:31:24.284 19984 19984 I qccsyshalservice: Registering qccsyshal service...
09-07 14:31:24.285   376   376 I hwservicemanager: getTransport: Cannot find entry vendor.qti.hardware.qccsyshal@1.0::IQccsyshal/qccsyshal in either framework or device manifest.
09-07 14:31:24.286 19984 19984 E HidlServiceManagement: Service vendor.qti.hardware.qccsyshal@1.0::IQccsyshal/qccsyshal must be in VINTF manifest in order to register/get.
09-07 14:31:24.286 19984 19984 E qccsyshalservice: [ERROR] registerAsService() failed with status: -2147483648
09-07 14:31:24.301   376   376 I hwservicemanager: getTransport: Cannot find entry android.hardware.sensors@1.0::ISensors/default in either framework or device manifest.
01-01 00:06:27.288     0     0 I init    : Service 'qccsyshalservice' (pid 19984) exited with status 1
01-01 00:06:27.288     0     0 I init    : Sending signal 9 to service 'qccsyshalservice' (pid 19984) process group...
01-01 00:06:27.288     0     0 I libprocessgroup: Successfully killed process cgroup uid 1000 pid 19984 in 0ms
09-07 14:31:24.299 19986 19986 I vendor.harman.L: type=1400 audit(0.0:3869): avc: denied { read } for name="u:object_r:hwservicemanager_prop:s0" dev="tmpfs" ino=24519 scontext=u:r:logmanagerd:s0 tcontext=u:object_r:hwservicemanager_prop:s0 tclass=file permissive=1
09-07 14:31:24.303 19986 19986 D LOGMANAGER: LOGMANAGER HAL service init() start
09-07 14:31:24.299 19986 19986 I vendor.harman.L: type=1400 audit(0.0:3870): avc: denied { open } for path="/dev/__properties__/u:object_r:hwservicemanager_prop:s0" dev="tmpfs" ino=24519 scontext=u:r:logmanagerd:s0 tcontext=u:object_r:hwservicemanager_prop:s0 tclass=file permissive=1
09-07 14:31:24.303 19985 19985 E android.hardware.sensors@1.0-service: Couldn't load sensors module (Unknown error -2147483648)
09-07 14:31:24.303 19985 19985 D RefBase : RefBase: Explicit destruction, weak count = 0 (in 0xb400007af09a6de8)
09-07 14:31:24.303 19985 19985 W RefBase : CallStack::getCurrentInternal not linked, returning null
09-07 14:31:24.299 19986 19986 I vendor.harman.L: type=1400 audit(0.0:3871): avc: denied { getattr } for path="/dev/__properties__/u:object_r:hwservicemanager_prop:s0" dev="tmpfs" ino=24519 scontext=u:r:logmanagerd:s0 tcontext=u:object_r:hwservicemanager_prop:s0 tclass=file permissive=1
09-07 14:31:24.303 19985 19985 W RefBase : CallStack::logStackInternal not linked
01-01 00:06:27.295     0     0 I init    : Service 'vendor.sensors-hal-1-0' (pid 19985) exited with status 1
09-07 14:31:24.303 19986 19986 D LOGMANAGER: Logmanager configured rpcthreadpool
01-01 00:06:27.295     0     0 I init    : Sending signal 9 to service 'vendor.sensors-hal-1-0' (pid 19985) process group...
09-07 14:31:24.304 19985 19985 E LegacySupport: Could not get passthrough implementation for android.hardware.sensors@1.0::ISensors/default.
01-01 00:06:27.295     0     0 I libprocessgroup: Successfully killed process cgroup uid 1000 pid 19985 in 0ms
09-07 14:31:24.305   512 13241 D HarmanHAL: StreamIn::getCapturePositionImpl
09-07 14:31:24.299 19986 19986 I vendor.harman.L: type=1400 audit(0.0:3872): avc: denied { map } for path="/dev/__properties__/u:object_r:hwservicemanager_prop:s0" dev="tmpfs" ino=24519 scontext=u:r:logmanagerd:s0 tcontext=u:object_r:hwservicemanager_prop:s0 tclass=file permissive=1
09-07 14:31:24.307 19986 19986 I HidlServiceManagement: Registered vendor.harman.hardware.LogManager@1.0::ILogManager/default
09-07 14:31:24.307 19986 19986 D LOGMANAGER: Logmanager HAL Service is registered and ready
09-07 14:31:24.307 19986 19986 I LOGMANAGER: ThreadPoolWrapper::initThreadPool
09-07 14:31:24.307 19986 19986 I LOGMANAGER: ThreadPoolWrapper : exit
09-07 14:31:24.307 19986 19986 D LOGMANAGER: Logmanager threadpoolwrapper created
09-07 14:31:24.307 19986 19986 D LOGMANAGER: User argument is -c
09-07 14:31:24.307 19986 19987 I LOGMANAGER: ThreadPoolWrapper:  enter the joinRpcThreadpool()
09-07 14:31:24.308 19986 19986 I LOGMANAGER: LogmanagerConfig is configured under config file
09-07 14:31:24.308 19986 19986 I LOGMANAGER: LoggingLevel is : 4
09-07 14:31:24.308 19986 19986 I LOGMANAGER: LogEnableState is : 0
09-07 14:31:24.308 19986 19986 I LOGMANAGER: OutputPluginConfiguration PluginType : LOGWRITTER
09-07 14:31:24.308 19986 19986 I LOGMANAGER: LM_OutputConfiguration : 1
09-07 14:31:24.308 19986 19986 I LOGMANAGER: LM_OfflineTraceDirectory : /data/cache
09-07 14:31:24.308 19986 19986 I LOGMANAGER: LM_OfflineTraceFILESize : 1000000
09-07 14:31:24.308 19986 19986 I LOGMANAGER: LM_OfflineTotalFILESSize : 20000000
09-07 14:31:24.308 19986 19986 I LOGMANAGER: LM_FileNameTimeStampBased : 0
09-07 14:31:24.308 19986 19986 I LOGMANAGER: Got IOC plugin
09-07 14:31:24.308 19986 19986 I LOGMANAGER: IOCIPCChannelNumber :6
09-07 14:31:24.308 19986 19986 I LOGMANAGER: keyseq: HOME + VOLUMEDOWN  for domain is AudioDump
09-07 14:31:24.308 19986 19986 I LOGMANAGER: keyseq: HOME + VOLUMEUP  for domain is HCIDump
09-07 14:31:24.303 19986 19986 I vendor.harman.L: type=1400 audit(0.0:3873): avc: denied { dac_read_search } for capability=2 scontext=u:r:logmanagerd:s0 tcontext=u:r:logmanagerd:s0 tclass=capability permissive=1
09-07 14:31:24.308 19986 19986 I LOGMANAGER: Domains parsing is done
01-01 00:06:27.298     0     0 W audit   : audit_lost=1970 audit_rate_limit=5 audit_backlog_limit=64
01-01 00:06:27.298     0     0 E audit   : rate limit exceeded
09-07 14:31:24.313 19986 19986 E LOGMANAGER: Failed to load plugin /vendor/lib64/libIOCDLogReader.so with error code dlopen failed: library "/vendor/lib64/libIOCDLogReader.so" not found 
09-07 14:31:24.313 19986 19986 F libc    : Fatal signal 11 (SIGSEGV), code 1 (SEGV_MAPERR), fault addr 0x0 in tid 19986 (vendor.harman.L), pid 19986 (vendor.harman.L)
09-07 14:31:24.334   512 13241 D HarmanHAL: StreamIn::getCapturePositionImpl
09-07 14:31:24.364   512 13241 D HarmanHAL: StreamIn::getCapturePositionImpl
09-07 14:31:24.369 19993 19993 I crash_dump64: obtaining output fd from tombstoned, type: kDebuggerdTombstone
09-07 14:31:24.371   463   463 I tombstoned: received crash request for pid 19986
09-07 14:31:24.372 19993 19993 I crash_dump64: performing dump of process 19986 (target tid = 19986)
09-07 14:31:24.377 19993 19993 F DEBUG   : *** *** *** *** *** *** *** *** *** *** *** *** *** *** *** ***
09-07 14:31:24.378 19993 19993 F DEBUG   : Build fingerprint: 'qti/titan_tml_b2/titan_tml_b2:11/RQ3A.210605.005/eng.ksong.20210907.134230:userdebug/test-keys'
09-07 14:31:24.378 19993 19993 F DEBUG   : Revision: '0'
09-07 14:31:24.378 19993 19993 F DEBUG   : ABI: 'arm64'
09-07 14:31:24.381 19993 19993 F DEBUG   : Timestamp: 2021-09-07 14:31:24+0000
09-07 14:31:24.381 19993 19993 F DEBUG   : pid: 19986, tid: 19986, name: vendor.harman.L  >>> /vendor/bin/hw/vendor.harman.LogManager@1.0-service <<<
09-07 14:31:24.381 19993 19993 F DEBUG   : uid: 0
09-07 14:31:24.381 19993 19993 F DEBUG   : signal 11 (SIGSEGV), code 1 (SEGV_MAPERR), fault addr 0x0
09-07 14:31:24.381 19993 19993 F DEBUG   : Cause: null pointer dereference
09-07 14:31:24.382 19993 19993 F DEBUG   :     x0  0000000000000000  x1  0000000000000000  x2  0000000000080001  x3  0000000000000000
09-07 14:31:24.382 19993 19993 F DEBUG   :     x4  0000000000000000  x5  0000000000000090  x6  fefefefefefefeff  x7  7f7f7f7f7f7f7f7f
09-07 14:31:24.382 19993 19993 F DEBUG   :     x8  0101010101010101  x9  d0136a51bdd43e5a  x10 0000007ff448e788  x11 fffffffffffffffd
09-07 14:31:24.382 19993 19993 F DEBUG   :     x12 0000007ff448e910  x13 000000000000008e  x14 00125bb473806c00  x15 0000000034155555
09-07 14:31:24.383 19993 19993 F DEBUG   :     x16 0000005a3b1947e0  x17 000000752dbd4b30  x18 000000752ecda000  x19 0000000000000000
09-07 14:31:24.383 19993 19993 F DEBUG   :     x20 000000752d8eec50  x21 0000007ff448f029  x22 b40000742d3d5ef8  x23 0000007ff448f048
09-07 14:31:24.383 19993 19993 F DEBUG   :     x24 0000000000000000  x25 000000752dffa000  x26 0000007ff448f029  x27 0000007ff448eff9
09-07 14:31:24.383 19993 19993 F DEBUG   :     x28 0000000000000000  x29 0000007ff448ef30
09-07 14:31:24.384 19993 19993 F DEBUG   :     lr  0000005a3b18b048  sp  0000007ff448ef30  pc  000000752dbd4b40  pst 0000000080000000
09-07 14:31:24.388 19993 19993 F DEBUG   : backtrace:
09-07 14:31:24.388 19993 19993 F DEBUG   :       #00 pc 000000000004ab40  /apex/com.android.runtime/lib64/bionic/libc.so (strlen_default+16) (BuildId: 2b7c6e33413ac7278a15dfc3ea383089)
09-07 14:31:24.388 19993 19993 F DEBUG   :       #01 pc 0000000000009044  /vendor/bin/hw/vendor.harman.LogManager@1.0-service (BuildId: 3e966ab64050b441b920ba0e8960d123)
09-07 14:31:24.388 19993 19993 F DEBUG   :       #02 pc 0000000000008df0  /vendor/bin/hw/vendor.harman.LogManager@1.0-service (LM::LogManagerImpl::load_plugin_conf(void*, std::__1::basic_string<char, std::__1::char_traits<char>, std::__1::allocator<char> >, std::__1::multimap<std::__1::basic_string<char, std::__1::char_traits<char>, std::__1::allocator<char> >, int, std::__1::less<std::__1::basic_string<char, std::__1::char_traits<char>, std::__1::allocator<char> > >, std::__1::allocator<std::__1::pair<std::__1::basic_string<char, std::__1::char_traits<char>, std::__1::allocator<char> > const, int> > >&)+752) (BuildId: 3e966ab64050b441b920ba0e8960d123)
09-07 14:31:24.388 19993 19993 F DEBUG   :       #03 pc 00000000000088c0  /vendor/bin/hw/vendor.harman.LogManager@1.0-service (LM::LogManagerImpl::loadplugins()+436) (BuildId: 3e966ab64050b441b920ba0e8960d123)
09-07 14:31:24.388 19993 19993 F DEBUG   :       #04 pc 0000000000007af8  /vendor/bin/hw/vendor.harman.LogManager@1.0-service (main+1112) (BuildId: 3e966ab64050b441b920ba0e8960d123)
09-07 14:31:24.388 19993 19993 F DEBUG   :       #05 pc 000000000004988c  /apex/com.android.runtime/lib64/bionic/libc.so (__libc_init+108) (BuildId: 2b7c6e33413ac7278a15dfc3ea383089)
09-07 14:31:24.395   512 13241 D HarmanHAL: StreamIn::getCapturePositionImpl
01-01 00:06:27.431     0     0 D logd    : logdr: UID=0 GID=1000 PID=19993 n tail=0 logMask=8 pid=19986 start=0ns timeout=0ns
01-01 00:06:27.441     0     0 D logd    : logdr: UID=0 GID=1000 PID=19993 n tail=0 logMask=1 pid=19986 start=0ns timeout=0ns
09-07 14:31:24.462  1033  1270 W NativeCrashListener: Couldn't find ProcessRecord for pid 19986
09-07 14:31:24.434   512 13241 D HarmanHAL: StreamIn::getCapturePositionImpl
09-07 14:31:24.462 19993 19993 E crash_dump64: AM data write failed: Broken pipe
09-07 14:31:24.464   463   463 E tombstoned: Tombstone written to: /data/tombstones/tombstone_43
01-01 00:06:27.455     0     0 I init    : Untracked pid 19993 exited with status 0
09-07 14:31:24.464   512 13241 D HarmanHAL: StreamIn::getCapturePositionImpl
09-07 14:31:24.472  1033  1095 I BootReceiver: Copying /data/tombstones/tombstone_43 to DropBox (SYSTEM_TOMBSTONE)
09-07 14:31:24.474  1033  1095 I DropBoxManagerService: add tag=SYSTEM_TOMBSTONE isTagEnabled=true flags=0x2
09-07 14:31:24.482   538   618 W ipcLib  : ipcLib: in ipc_lib. DV1 read called
09-07 14:31:24.495   512 13241 D HarmanHAL: StreamIn::getCapturePositionImpl
09-07 14:31:24.624   512 13241 I chatty  : uid=1041(audioserver) reader identical 4 lines
09-07 14:31:24.654   512 13241 D HarmanHAL: StreamIn::getCapturePositionImpl
09-07 14:31:24.684   512 13241 I HarmanHal.Routing: hacs alsa node(pcmTunerIn_c) adtm interval_min:29 ms, inverval_max:40 ms, inverval_mean:31 ms!
09-07 14:31:24.684   512 13241 I HarmanHal.Routing:  in printADTM() PcmAlsaWrapper.cpp:876
09-07 14:31:24.685   512 13241 D HarmanHAL: StreamIn::getCapturePositionImpl
09-07 14:31:24.706   512 13133 I HarmanHal.Routing: hacs alsa node(pcmMicRefIn_c) adtm interval_min:0 ms, inverval_max:12 ms, inverval_mean:8 ms!
09-07 14:31:24.706   512 13133 I HarmanHal.Routing:  in printADTM() PcmAlsaWrapper.cpp:876
09-07 14:31:24.711   512 13159 I HarmanHal.Routing: hacs alsa node(pcmBtHfp_ul_pro_p) adtm interval_min:2 ms, inverval_max:12 ms, inverval_mean:8 ms!
09-07 14:31:24.711   512 13159 I HarmanHal.Routing:  in printADTM() PcmAlsaWrapper.cpp:876
09-07 14:31:24.714   512 13241 D HarmanHAL: StreamIn::getCapturePositionImpl
09-07 14:31:24.747   537   722 I TunerCommon: CTunerTimer::startTimer: altMsecTimeout = 15000
09-07 14:31:24.747   537   711 W TunerCommon: EventThd::run:deliverEvent: OK
09-07 14:31:24.755   512 13241 D HarmanHAL: StreamIn::getCapturePositionImpl
09-07 14:31:24.784   512 13241 D HarmanHAL: StreamIn::getCapturePositionImpl
09-07 14:31:24.813   512 13169 I HarmanHal.Routing: hacs alsa node(pcmBtHfp_dl_pre_c) adtm interval_min:0 ms, inverval_max:11 ms, inverval_mean:7 ms!
09-07 14:31:24.813   512 13169 I HarmanHal.Routing:  in printADTM() PcmAlsaWrapper.cpp:876
09-07 14:31:24.814   512 13241 D HarmanHAL: StreamIn::getCapturePositionImpl
09-07 14:31:24.815   512 13169 I HarmanHal.Routing: hacs alsa node(pcmHfp_dl_p) adtm interval_min:0 ms, inverval_max:11 ms, inverval_mean:8 ms!
09-07 14:31:24.815   512 13169 I HarmanHal.Routing:  in printADTM() PcmAlsaWrapper.cpp:876
09-07 14:31:24.844   512 13241 D HarmanHAL: StreamIn::getCapturePositionImpl
09-07 14:31:25.235   512 13241 I chatty  : uid=1041(audioserver) reader identical 12 lines
09-07 14:31:25.264   512 13241 D HarmanHAL: StreamIn::getCapturePositionImpl
09-07 14:31:25.280   512  3972 I HarmanHal.Routing: hacs alsa node(pcmMedia_p) adtm interval_min:0 ms, inverval_max:10 ms, inverval_mean:8 ms!
09-07 14:31:25.280   512  3972 I HarmanHal.Routing:  in printADTM() PcmAlsaWrapper.cpp:876
09-07 14:31:25.294   512 13241 D HarmanHAL: StreamIn::getCapturePositionImpl
09-07 14:31:25.318   512 13158 D AudioProcessing: sseApply [handle 0xbc80d90][type 512] start..
09-07 14:31:25.318   512 13158 D AudioProcessing: sseProcess ul audioIO content print-1 [256] [2] [4] [1] 
09-07 14:31:25.318   512 13158 D AudioProcessing: sseProcess ul audioIO content print-2 [6] [1] [0x3bcbc5a0] [0x5bc7ede0] 
09-07 14:31:25.318   512 13158 D AudioProcessing: sseProcess ul audioIO content print-3 [0x1bca1320 [0x8bc84110] [0x1bc9f9b0] sse->pMain is [0x2bca4a60] 
09-07 14:31:25.319   512 13158 D AudioProcessing: sseProcess ul [handle 0xbc80d90]  ret[0]
09-07 14:31:25.319   512 13158 D AudioProcessing: sseProcess ul AudioBufferSampleCnt[256] type[512] finish..
09-07 14:31:25.324   512 13241 D HarmanHAL: StreamIn::getCapturePositionImpl
09-07 14:31:25.354   512 13241 I chatty  : uid=1041(audioserver) reader identical 1 line
09-07 14:31:25.395   512 13241 D HarmanHAL: StreamIn::getCapturePositionImpl
09-07 14:31:25.424   512 13169 D AudioProcessing: sseApply [handle 0xbc83090][type 768] start..
09-07 14:31:25.424   512 13169 D AudioProcessing: sseProcess dl audioIO content print-1 [256] [2] [1] [1] 
09-07 14:31:25.424   512 13169 D AudioProcessing: sseProcess dl audioIO content print-2 [1] [1] [0x0xb40000763bcc28d0] [0x0xb40000761bca6b00] 
09-07 14:31:25.424   512 13169 D AudioProcessing: sseProcess dl audioIO content print-3 [0x0xb40000761bca7fd0] [0x0xb40000761bcabe40] [0x0xb40000761bca5880] sse->pMain is [0x0xb40000772bcb4e80] 
09-07 14:31:25.425   512 13241 D HarmanHAL: StreamIn::getCapturePositionImpl
09-07 14:31:25.425   512 13169 D AudioProcessing: sseProcess dl [handle 0xbc83090] ret[0]
09-07 14:31:25.425   512 13169 D AudioProcessing: sseProcess dl AudioBufferSampleCnt[256] type[768] finish..
09-07 14:31:25.427   536   536 I vendor.harman.p: type=1400 audit(0.0:3886): avc: denied { read } for name="tombstones" dev="dm-4" ino=90113 scontext=u:r:pathologyd:s0 tcontext=u:object_r:tombstone_data_file:s0 tclass=dir permissive=1
09-07 14:31:25.427   536   536 I vendor.harman.p: type=1400 audit(0.0:3887): avc: denied { open } for path="/data/tombstones" dev="dm-4" ino=90113 scontext=u:r:pathologyd:s0 tcontext=u:object_r:tombstone_data_file:s0 tclass=dir permissive=1
09-07 14:31:25.454   512 13241 D HarmanHAL: StreamIn::getCapturePositionImpl
09-07 14:31:25.482   538   618 W ipcLib  : ipcLib: in ipc_lib. DV1 read called
09-07 14:31:25.484   512 13241 D HarmanHAL: StreamIn::getCapturePositionImpl
09-07 14:31:25.499   345   345 I Binder:345_2: type=1400 audit(0.0:3888): avc: denied { call } for scontext=u:r:carwatchdogd:s0 tcontext=u:r:hal_audio_default:s0 tclass=binder permissive=1
09-07 14:31:25.505   512   512 E android.hardware.audio@6.0-harman-service: [CXmlParser]: nodeset is empty for xpath: /audioConfiguration/EnableWatchdog
09-07 14:31:25.505   512   512 E android.hardware.audio@6.0-harman-service: [CXmlParser::GetOneEleValue] Xpath object is NULL. XPath: /audioConfiguration/EnableWatchdog
09-07 14:31:25.505   512   512 W HarmanHal: ConfigSettings::GetOneEleValue Error while reading the path /audioConfiguration/EnableWatchdog
09-07 14:31:25.505   512   512 W HarmanHal: ConfigSettings::GetOneEleValue Error in checkifWatchdogTobeEnabled
09-07 14:31:25.505   512   512 I HarmanHal: WatchdogClient::isClientHealthy, Value Of checkifWatchdogTobeEnabled:0
09-07 14:31:25.514   512 13241 D HarmanHAL: StreamIn::getCapturePositionImpl
09-07 14:31:25.614   512 13241 I chatty  : uid=1041(audioserver) reader identical 3 lines
09-07 14:31:25.644   512 13241 D HarmanHAL: StreamIn::getCapturePositionImpl
09-07 14:31:25.674   512 13241 I HarmanHal.Routing: hacs alsa node(pcmTunerIn_c) adtm interval_min:30 ms, inverval_max:40 ms, inverval_mean:31 ms!
09-07 14:31:25.674   512 13241 I HarmanHal.Routing:  in printADTM() PcmAlsaWrapper.cpp:876
09-07 14:31:25.675   512 13241 D HarmanHAL: StreamIn::getCapturePositionImpl
09-07 14:31:25.706   512 13133 I HarmanHal.Routing: hacs alsa node(pcmMicRefIn_c) adtm interval_min:0 ms, inverval_max:10 ms, inverval_mean:7 ms!
09-07 14:31:25.706   512 13133 I HarmanHal.Routing:  in printADTM() PcmAlsaWrapper.cpp:876
09-07 14:31:25.711   512 13159 I HarmanHal.Routing: hacs alsa node(pcmBtHfp_ul_pro_p) adtm interval_min:2 ms, inverval_max:12 ms, inverval_mean:8 ms!
09-07 14:31:25.711   512 13159 I HarmanHal.Routing:  in printADTM() PcmAlsaWrapper.cpp:876
09-07 14:31:25.714   512 13241 D HarmanHAL: StreamIn::getCapturePositionImpl
09-07 14:31:25.775   512 13241 I chatty  : uid=1041(audioserver) reader identical 2 lines
09-07 14:31:25.804   512 13241 D HarmanHAL: StreamIn::getCapturePositionImpl
09-07 14:31:25.814   512 13169 I HarmanHal.Routing: hacs alsa node(pcmBtHfp_dl_pre_c) adtm interval_min:0 ms, inverval_max:10 ms, inverval_mean:8 ms!
09-07 14:31:25.814   512 13169 I HarmanHal.Routing:  in printADTM() PcmAlsaWrapper.cpp:876
09-07 14:31:25.815   512 13169 I HarmanHal.Routing: hacs alsa node(pcmHfp_dl_p) adtm interval_min:0 ms, inverval_max:11 ms, inverval_mean:8 ms!
09-07 14:31:25.815   512 13169 I HarmanHal.Routing:  in printADTM() PcmAlsaWrapper.cpp:876
09-07 14:31:25.835   512 13241 D HarmanHAL: StreamIn::getCapturePositionImpl
01-01 00:06:28.926     0     0 W audit   : audit_lost=1982 audit_rate_limit=5 audit_backlog_limit=64
01-01 00:06:28.926     0     0 E audit   : rate limit exceeded
09-07 14:31:25.904   512 13241 I chatty  : uid=1041(audioserver) reader identical 2 lines
09-07 14:31:25.935   512 13241 D HarmanHAL: StreamIn::getCapturePositionImpl
09-07 14:31:25.931   536   536 I vendor.harman.p: type=1400 audit(0.0:3889): avc: denied { search } for name="tombstones" dev="dm-4" ino=90113 scontext=u:r:pathologyd:s0 tcontext=u:object_r:tombstone_data_file:s0 tclass=dir permissive=1
09-07 14:31:25.931   536   536 I vendor.harman.p: type=1400 audit(0.0:3890): avc: denied { read } for name="tombstone_43" dev="dm-4" ino=90156 scontext=u:r:pathologyd:s0 tcontext=u:object_r:tombstone_data_file:s0 tclass=file permissive=1
09-07 14:31:25.940   536   612 E pathology: [ProcessCrashHandler:: parseTombstoneFileName]string not found
09-07 14:31:25.941   536   612 I chatty  : uid=0(root) vendor.harman.p identical 4 lines
09-07 14:31:25.941   536   612 E pathology: [ProcessCrashHandler:: parseTombstoneFileName]string not found
09-07 14:31:25.965   512 13241 D HarmanHAL: StreamIn::getCapturePositionImpl
09-07 14:31:25.974   532   569 W ipcLib  : ipcLib: in ipc_lib. DV1 read called
09-07 14:31:25.974   532   568 I VPS     : VPS:IOCStatusInfo.VoltageStatus->0 
09-07 14:31:25.974   532   568 I VPS     : VPS:IOCStatusInfo.IOCStatusCmd->a6 
09-07 14:31:25.975   532   568 I VPS     : VPS:IOCStatusInfo.WakeUpReason->0 
09-07 14:31:25.975   532   568 I VPS     : VPS:IOCStatusInfo.DerivedIgnitionStatus->0 
09-07 14:31:25.975   532   568 I VPS     : VPS:IOCStatusInfo.PowerModeState->4 
09-07 14:31:25.975   532   568 I VPS     : VPS:IOCStatusInfo.SOCShutdownRequest->0 
09-07 14:31:25.975   532   568 I VPS     : VPS:IOCStatusInfo.AntiTheftState->0 
09-07 14:31:25.975   532   568 I VPS     : VPS:IOCStatusInfo.BatteryConnect->0 
09-07 14:31:25.994   512 13241 D HarmanHAL: StreamIn::getCapturePositionImpl
09-07 14:31:26.224   512 13241 I chatty  : uid=1041(audioserver) reader identical 7 lines
09-07 14:31:26.254   512 13241 D HarmanHAL: StreamIn::getCapturePositionImpl
09-07 14:31:26.280   512  3972 I HarmanHal.Routing: hacs alsa node(pcmMedia_p) adtm interval_min:1 ms, inverval_max:10 ms, inverval_mean:8 ms!
09-07 14:31:26.280   512  3972 I HarmanHal.Routing:  in printADTM() PcmAlsaWrapper.cpp:876
09-07 14:31:26.285   512 13241 D HarmanHAL: StreamIn::getCapturePositionImpl
09-07 14:31:26.445   512 13241 I chatty  : uid=1041(audioserver) reader identical 5 lines
09-07 14:31:26.475   512 13241 D HarmanHAL: StreamIn::getCapturePositionImpl
09-07 14:31:26.482   538   618 W ipcLib  : ipcLib: in ipc_lib. DV1 read called
09-07 14:31:26.515   512 13241 D HarmanHAL: StreamIn::getCapturePositionImpl
09-07 14:31:26.604   512 13241 I chatty  : uid=1041(audioserver) reader identical 3 lines
09-07 14:31:26.634   512 13241 D HarmanHAL: StreamIn::getCapturePositionImpl
09-07 14:31:26.674   512 13241 I HarmanHal.Routing: hacs alsa node(pcmTunerIn_c) adtm interval_min:29 ms, inverval_max:41 ms, inverval_mean:32 ms!
09-07 14:31:26.674   512 13241 I HarmanHal.Routing:  in printADTM() PcmAlsaWrapper.cpp:876
09-07 14:31:26.675   512 13241 D HarmanHAL: StreamIn::getCapturePositionImpl
09-07 14:31:26.704   512 13241 D HarmanHAL: StreamIn::getCapturePositionImpl
09-07 14:31:26.705   512 13133 I HarmanHal.Routing: hacs alsa node(pcmMicRefIn_c) adtm interval_min:0 ms, inverval_max:10 ms, inverval_mean:8 ms!
09-07 14:31:26.705   512 13133 I HarmanHal.Routing:  in printADTM() PcmAlsaWrapper.cpp:876
09-07 14:31:26.711   512 13159 I HarmanHal.Routing: hacs alsa node(pcmBtHfp_ul_pro_p) adtm interval_min:2 ms, inverval_max:12 ms, inverval_mean:8 ms!
09-07 14:31:26.711   512 13159 I HarmanHal.Routing:  in printADTM() PcmAlsaWrapper.cpp:876
09-07 14:31:26.734   512 13241 D HarmanHAL: StreamIn::getCapturePositionImpl
09-07 14:31:26.741  1986  3683 I vDM (Thread-5): android/vdm_smm_pl.c.  107: [SMM] ACQUIRE WakeLock smm(0)
09-07 14:31:26.746  1986  3683 V vDM (Thread-5): android/vdm_smm_pl.c.  233: [SMM] Timeout waiting for smm, passed 29s
09-07 14:31:26.747  1986  3683 I swupdate: BasicService: Resetting Alarm ID 1
09-07 14:31:26.751  1986  3683 V vDM (Thread-5): src/vdm_smm_static.c.  786: [SMM] Timeout will be at 2021-09-07 14:32:26 for SM: REPORT_CONDITIONS
09-07 14:31:26.752  1986  3683 V vDM (Thread-5): src/vdm_smm_static.c. 1346: [SMM] received Event SMM_SAVED_TO_PS
09-07 14:31:26.752  1986  3683 V vDM (Thread-5): /src/vdm_smm_event.c.   96: [SMM] Event name=SMM_SAVED_TO_PS, without variables
09-07 14:31:26.752  1986  3683 V vDM (Thread-5): /src/vdm_smm_event.c.  121: [SMM] End event: SMM_SAVED_TO_PS
09-07 14:31:26.753  1986  3683 V vDM (Thread-5): src/vdm_smm_static.c. 1367: [SMM] --------- Finished handling SM event SMM_SAVED_TO_PS -----------
09-07 14:31:26.754  1986  3683 V vDM (Thread-5): src/vdm_smm_static.c. 1346: [SMM] received Event DMA_MSG_INT_TIMEOUT
09-07 14:31:26.754  1986  3683 V vDM (Thread-5): /src/vdm_smm_event.c.   96: [SMM] Event name=DMA_MSG_INT_TIMEOUT, variables:
09-07 14:31:26.754  1986  3683 V vDM (Thread-5): /src/vdm_smm_event.c.  117: [SMM] str variable(#1): INSTANCE_VAR=LAWMO_SESSION_KEY
09-07 14:31:26.754  1986  3683 V vDM (Thread-5): /src/vdm_smm_event.c.  121: [SMM] End event: DMA_MSG_INT_TIMEOUT
09-07 14:31:26.755  1986  3683 V vDM (Thread-5): /sm_code_SCOMO_SWM.c.  340: [SMM] Updating var DMA_VAR_REPORT_RETRY_COUNTER to 3
09-07 14:31:26.755  1986  3683 V vDM (Thread-5): src/vdm_smm_static.c. 1104: [SMM] SCOMO_SWM[LAWMO_SESSION_KEY]: SCOMO_reportWaitForRetry -> SCOMO_I_checkConditions
09-07 14:31:26.755  1986  3683 V vDM (Thread-5): src/vdm_smm_static.c.  905: [SMM] Posting Event B2B_REPORT_CHECK_CONDITIONS sent from 'SCOMO_SWM'
09-07 14:31:26.755  1986  3683 V vDM (Thread-5): src/vdm_smm_static.c. 1104: [SMM] SCOMO_SWM[LAWMO_SESSION_KEY]: SCOMO_I_checkConditions -> SCOMO_waitForConditionsMet
09-07 14:31:26.756  1986  3683 V vDM (Thread-5): src/vdm_smm_static.c. 1367: [SMM] --------- Finished handling SM event DMA_MSG_INT_TIMEOUT -----------
09-07 14:31:26.756  1986  3683 V vDM (Thread-5): src/vdm_smm_static.c. 1346: [SMM] received Event B2B_REPORT_CHECK_CONDITIONS
09-07 14:31:26.756  1986  3683 V vDM (Thread-5): /src/vdm_smm_event.c.   96: [SMM] Event name=B2B_REPORT_CHECK_CONDITIONS, variables:
09-07 14:31:26.756  1986  3683 V vDM (Thread-5): /src/vdm_smm_event.c.  108: [SMM] uint variable(#1): VAR_IS_LOCAL_EXEC_INSTALL=0
09-07 14:31:26.756  1986  3683 V vDM (Thread-5): /src/vdm_smm_event.c.  117: [SMM] str variable(#2): INSTANCE_VAR=LAWMO_SESSION_KEY
09-07 14:31:26.756  1986  3683 V vDM (Thread-5): /src/vdm_smm_event.c.  121: [SMM] End event: B2B_REPORT_CHECK_CONDITIONS
09-07 14:31:26.757  1986  3683 V vDM (Thread-5): _REPORT_CONDITIONS.c.   45: [SMM] Updating var VAR_IS_LOCAL_EXEC_INSTALL to 0
09-07 14:31:26.757  1986  3683 V vDM (Thread-5): src/vdm_smm_static.c. 1109: [SMM] REPORT_CONDITIONS: REPORT_CONDITIONS_idle -> REPORT_I_checkConditions
09-07 14:31:26.757  1986  3683 V vDM (Thread-5): src/vdm_smm_static.c.  905: [SMM] Posting Event B2B_CHECK_CONDITIONS_MET sent from 'REPORT_CONDITIONS'
09-07 14:31:26.757  1986  3683 V vDM (Thread-5): src/vdm_smm_static.c.  809: [SMM] curr time 2021-09-07 14:31:26
09-07 14:31:26.757  1986  3683 V vDM (Thread-5): src/vdm_smm_static.c.  810: [SMM] SM: REPORT_CONDITIONS Timeout configured for 2021-09-07 14:36:27
09-07 14:31:26.758  1986  3683 V vDM (Thread-5): src/vdm_smm_static.c. 1109: [SMM] REPORT_CONDITIONS: REPORT_I_checkConditions -> REPORT_waitForConditionsStatus
09-07 14:31:26.758  1986  3683 V vDM (Thread-5): src/vdm_smm_static.c. 1367: [SMM] --------- Finished handling SM event B2B_REPORT_CHECK_CONDITIONS -----------
09-07 14:31:26.758  1986  3683 V vDM (Thread-5): src/vdm_smm_static.c. 1346: [SMM] received Event B2B_CHECK_CONDITIONS_MET
09-07 14:31:26.758  1986  3683 V vDM (Thread-5): /src/vdm_smm_event.c.   96: [SMM] Event name=B2B_CHECK_CONDITIONS_MET, variables:
09-07 14:31:26.759  1986  3683 V vDM (Thread-5): /src/vdm_smm_event.c.  108: [SMM] uint variable(#1): DMA_VAR_CONDITIONS_TYPE=5
09-07 14:31:26.759  1986  3683 V vDM (Thread-5): /src/vdm_smm_event.c.  121: [SMM] End event: B2B_CHECK_CONDITIONS_MET
09-07 14:31:26.759  1986  3683 V vDM (Thread-5): e_SCOMO_CONDITIONS.c.  560: [SMM] Updating var VAR_CORRELATOR to 0
09-07 14:31:26.759  1986  3683 V vDM (Thread-5): e_SCOMO_CONDITIONS.c.  562: [SMM] Updating var DMA_VAR_CONDITIONS_TYPE to 5
09-07 14:31:26.759  1986  3683 V vDM (Thread-5): e_SCOMO_CONDITIONS.c.  564: [SMM] Updating var VAR_CHECK_TYPE to 0
09-07 14:31:26.759  1986  3683 V vDM (Thread-5): e_SCOMO_CONDITIONS.c.  566: [SMM] Updating var VAR_COMPONENT_ID to [null]
09-07 14:31:26.760  1986  3683 V vDM (Thread-5): src/vdm_smm_static.c. 1109: [SMM] SCOMO_CONDITIONS: SCOMO_CONDITIONS_Idle -> SCOMO_CONDITIONS_I_isPartOfInstallationFlow
09-07 14:31:26.760  1986  3683 V vDM (Thread-5): src/vdm_smm_static.c. 1109: [SMM] SCOMO_CONDITIONS: SCOMO_CONDITIONS_I_isPartOfInstallationFlow -> SCOMO_CONDITIONS_I_validateConditionFile
09-07 14:31:26.760  1986  3683 V vDM (Thread-5): conditions_actions.c.  654: [DMC] -SCOMO_CONDITIONS_getValidationError: validateResult = 0
09-07 14:31:26.760  1986  3683 V vDM (Thread-5): src/vdm_smm_static.c. 1109: [SMM] SCOMO_CONDITIONS: SCOMO_CONDITIONS_I_validateConditionFile -> SCOMO_CONDITIONS_I_checkConditionExist
09-07 14:31:26.760  1986  3683 V vDM (Thread-5): conditions_actions.c.  654: [DMC] -SCOMO_CONDITIONS_getValidationError: validateResult = 0
09-07 14:31:26.760  1986  3683 V vDM (Thread-5): e_SCOMO_CONDITIONS.c.  240: [SMM] Updating var DMA_VAR_CONDITIONS_MET to 2
09-07 14:31:26.760  1986  3683 V vDM (Thread-5): src/vdm_smm_static.c.  905: [SMM] Posting Event B2B_CONDITIONS_EVENT sent from 'SCOMO_CONDITIONS'
09-07 14:31:26.761  1986  3683 V vDM (Thread-5): src/vdm_smm_static.c. 1109: [SMM] SCOMO_CONDITIONS: SCOMO_CONDITIONS_I_checkConditionExist -> SCOMO_CONDITIONS_I_sendResultToInstallers
09-07 14:31:26.761  1986  3683 V vDM (Thread-5): conditions_actions.c.  729: [DMC] +SCOMO_CONDITIONS_setCondResult: result: 2
09-07 14:31:26.761  1986  3683 V vDM (Thread-5): src/vdm_smm_static.c. 1109: [SMM] SCOMO_CONDITIONS: SCOMO_CONDITIONS_I_sendResultToInstallers -> SCOMO_CONDITIONS_Idle
09-07 14:31:26.761  1986  3683 V vDM (Thread-5): src/vdm_smm_static.c. 1367: [SMM] --------- Finished handling SM event B2B_CHECK_CONDITIONS_MET -----------
09-07 14:31:26.761  1986  3683 V vDM (Thread-5): src/vdm_smm_static.c. 1346: [SMM] received Event B2B_CONDITIONS_EVENT
09-07 14:31:26.761  1986  3683 V vDM (Thread-5): /src/vdm_smm_event.c.   96: [SMM] Event name=B2B_CONDITIONS_EVENT, variables:
09-07 14:31:26.762  1986  3683 V vDM (Thread-5): /src/vdm_smm_event.c.  108: [SMM] uint variable(#1): VAR_CORRELATOR=0
09-07 14:31:26.762  1986  3683 V vDM (Thread-5): /src/vdm_smm_event.c.  117: [SMM] str variable(#2): DMA_VAR_CONDITIONS_MSG=[null]
09-07 14:31:26.762  1986  3683 V vDM (Thread-5): /src/vdm_smm_event.c.  108: [SMM] uint variable(#3): DMA_VAR_CONDITIONS_MET=2
09-07 14:31:26.762  1986  3683 V vDM (Thread-5): /src/vdm_smm_event.c.  121: [SMM] End event: B2B_CONDITIONS_EVENT
09-07 14:31:26.762  1986  3683 V vDM (Thread-5): _REPORT_CONDITIONS.c.   81: [SMM] Updating var DMA_VAR_CONDITIONS_MSG to [null]
09-07 14:31:26.762  1986  3683 V vDM (Thread-5): _REPORT_CONDITIONS.c.   83: [SMM] Updating var DMA_VAR_CONDITIONS_MET to 2
09-07 14:31:26.763  1986  3683 V vDM (Thread-5): src/vdm_smm_static.c. 1109: [SMM] REPORT_CONDITIONS: REPORT_waitForConditionsStatus -> REPORT_I_readConditionsStatus
09-07 14:31:26.763  1986  3683 V vDM (Thread-5): src/vdm_smm_static.c. 1109: [SMM] REPORT_CONDITIONS: REPORT_I_readConditionsStatus -> REPORT_I_conditionsMetContinueReport
09-07 14:31:26.763  1986  3683 V vDM (Thread-5): src/vdm_smm_static.c.  905: [SMM] Posting Event B2B_REPORT_CONDITION_MET sent from 'REPORT_CONDITIONS'
09-07 14:31:26.763  1986  3683 V vDM (Thread-5): src/vdm_smm_static.c. 1109: [SMM] REPORT_CONDITIONS: REPORT_I_conditionsMetContinueReport -> REPORT_CONDITIONS_idle
09-07 14:31:26.764  1986  3683 V vDM (Thread-5): src/vdm_smm_static.c. 1367: [SMM] --------- Finished handling SM event B2B_CONDITIONS_EVENT -----------
09-07 14:31:26.764  1986  3683 V vDM (Thread-5): src/vdm_smm_static.c. 1346: [SMM] received Event B2B_REPORT_CONDITION_MET
09-07 14:31:26.764  1986  3683 V vDM (Thread-5): /src/vdm_smm_event.c.   96: [SMM] Event name=B2B_REPORT_CONDITION_MET, without variables
09-07 14:31:26.764  1986  3683 V vDM (Thread-5): /src/vdm_smm_event.c.  121: [SMM] End event: B2B_REPORT_CONDITION_MET
09-07 14:31:26.764   512 13241 D HarmanHAL: StreamIn::getCapturePositionImpl
09-07 14:31:26.765  1986  3683 V vDM (Thread-5): src/vdm_smm_static.c. 1104: [SMM] SCOMO_SWM[LAWMO_SESSION_KEY]: SCOMO_waitForConditionsMet -> SCOMO_I_conditionsMetContinueReport
09-07 14:31:26.765  1986  3683 V vDM (Thread-5): src/vdm_smm_static.c. 1104: [SMM] SCOMO_SWM[LAWMO_SESSION_KEY]: SCOMO_I_conditionsMetContinueReport -> SCOMO_I_setNetworkType
09-07 14:31:26.765  1986  3683 V vDM (Thread-5): src/vdm_smm_static.c.  905: [SMM] Posting Event B2B_MSG_SCOMO_UPDATE_NETWORK_TYPE sent from 'SCOMO_SWM'
09-07 14:31:26.765  1986  3683 W vDM (Thread-5): rc/vdm_smm_declare.c. 1711: [SMM] VDM_SMM_Declare_defaultTimeoutFunc: timeout is 10
09-07 14:31:26.765  1986  3683 V vDM (Thread-5): src/vdm_smm_static.c.  809: [SMM] curr time 2021-09-07 14:31:26
09-07 14:31:26.766  1986  3683 V vDM (Thread-5): src/vdm_smm_static.c.  810: [SMM] SM: SCOMO_SWM Timeout configured for 2021-09-07 14:31:37
09-07 14:31:26.766  1986  3683 V vDM (Thread-5): src/vdm_smm_static.c. 1104: [SMM] SCOMO_SWM[LAWMO_SESSION_KEY]: SCOMO_I_setNetworkType -> SCOMO_waitNetworkTypeUpdate
09-07 14:31:26.766  1986  3683 V vDM (Thread-5): src/vdm_smm_static.c. 1367: [SMM] --------- Finished handling SM event B2B_REPORT_CONDITION_MET -----------
09-07 14:31:26.766  1986  3683 V vDM (Thread-5): src/vdm_smm_static.c. 1346: [SMM] received Event B2B_MSG_SCOMO_UPDATE_NETWORK_TYPE
09-07 14:31:26.766  1986  3683 V vDM (Thread-5): /src/vdm_smm_event.c.   96: [SMM] Event name=B2B_MSG_SCOMO_UPDATE_NETWORK_TYPE, variables:
09-07 14:31:26.767  1986  3683 V vDM (Thread-5): /src/vdm_smm_event.c.  117: [SMM] str variable(#1): INSTANCE_VAR=LAWMO_SESSION_KEY
09-07 14:31:26.767  1986  3683 V vDM (Thread-5): /src/vdm_smm_event.c.  121: [SMM] End event: B2B_MSG_SCOMO_UPDATE_NETWORK_TYPE
09-07 14:31:26.767  1986  3683 V vDM (Thread-5): src/vdm_smm_static.c. 1109: [SMM] ACP_PROXY: ACP_PROXY_Idle -> ACP_PROXY_I_setState
09-07 14:31:26.767  1986  3683 D vDM (Thread-5): al_comm_bl_actions.c.   33: [DMC] DMA_Redbend_COMM_setNetworkStatus: Updating proxy communication type to 0, 
09-07 14:31:26.767  1986  3683 V vDM (Thread-5): src/vdm_smm_static.c.  905: [SMM] Posting Event B2B_MSG_SCOMO_NETWORK_TYPE_UPDATED sent from 'ACP_PROXY'
09-07 14:31:26.767  1986  3683 V vDM (Thread-5): src/vdm_smm_static.c. 1109: [SMM] ACP_PROXY: ACP_PROXY_I_setState -> ACP_PROXY_Idle
09-07 14:31:26.768  1986  3683 V vDM (Thread-5): src/vdm_smm_static.c. 1367: [SMM] --------- Finished handling SM event B2B_MSG_SCOMO_UPDATE_NETWORK_TYPE -----------
09-07 14:31:26.768  1986  3683 V vDM (Thread-5): src/vdm_smm_static.c. 1346: [SMM] received Event B2B_MSG_SCOMO_NETWORK_TYPE_UPDATED
09-07 14:31:26.768  1986  3683 V vDM (Thread-5): /src/vdm_smm_event.c.   96: [SMM] Event name=B2B_MSG_SCOMO_NETWORK_TYPE_UPDATED, variables:
09-07 14:31:26.768  1986  3683 V vDM (Thread-5): /src/vdm_smm_event.c.  108: [SMM] uint variable(#1): DMA_VAR_STS_ACTIVE_NETWORK_TYPE=0
09-07 14:31:26.768  1986  3683 V vDM (Thread-5): /src/vdm_smm_event.c.  121: [SMM] End event: B2B_MSG_SCOMO_NETWORK_TYPE_UPDATED
09-07 14:31:26.769  1986  3683 V vDM (Thread-5): src/vdm_smm_static.c. 1104: [SMM] SCOMO_SWM[LAWMO_SESSION_KEY]: SCOMO_waitNetworkTypeUpdate -> SCOMO_I_checkProxy
09-07 14:31:26.769  1986  3683 V vDM (Thread-5): src/vdm_smm_static.c. 1104: [SMM] SCOMO_SWM[LAWMO_SESSION_KEY]: SCOMO_I_checkProxy -> SCOMO_I_report
09-07 14:31:26.769  1986  3683 V vDM (Thread-5): src/vdm_smm_static.c. 1104: [SMM] SCOMO_SWM[LAWMO_SESSION_KEY]: SCOMO_I_report -> SCOMO_I_shouldStartRetryMechanism
09-07 14:31:26.769  1986  3683 V vDM (Thread-5): src/vdm_smm_static.c. 1104: [SMM] SCOMO_SWM[LAWMO_SESSION_KEY]: SCOMO_I_shouldStartRetryMechanism -> SCOMO_I_setupRetryReport
09-07 14:31:26.769  1986  3683 V vDM (Thread-5): src/vdm_smm_static.c.  905: [SMM] Posting Event B2B_REPORT_RETRY sent from 'SCOMO_SWM'
09-07 14:31:26.769  1986  3683 V vDM (Thread-5): src/vdm_smm_static.c. 1104: [SMM] SCOMO_SWM[LAWMO_SESSION_KEY]: SCOMO_I_setupRetryReport -> SCOMO_I_checkRetryTimeout
09-07 14:31:26.769  1986  3683 V vDM (Thread-5): ies_common_actions.c.   83: [DMC] DMA_redbend_shouldRetry inCounter:3, inRetryMaxCount: 3, inRetryMaxTimeSec: 259200, inFirstRetryTime:1631024755
09-07 14:31:26.770  1986  3683 V vDM (Thread-5): src/vdm_smm_static.c. 1104: [SMM] SCOMO_SWM[LAWMO_SESSION_KEY]: SCOMO_I_checkRetryTimeout -> SCOMO_I_checkIfFirstTimeIsValid
09-07 14:31:26.771  1986  3683 V vDM (Thread-5): src/vdm_smm_static.c. 1104: [SMM] SCOMO_SWM[LAWMO_SESSION_KEY]: SCOMO_I_checkIfFirstTimeIsValid -> SCOMO_I_reportFailed
09-07 14:31:26.771  1986  3683 V vDM (Thread-5): omo_common_actions.c.  719: [DMC] +DMA_redbend_SCOMO_removeUpdateFiles
09-07 14:31:26.771  1986  3683 V vDM (Thread-5): omo_common_actions.c.  743: [DMC] -DMA_redbend_SCOMO_removeUpdateFiles: VDM err is 0x0
09-07 14:31:26.771  1986  3683 V vDM (Thread-5): src/vdm_smm_static.c.  905: [SMM] Posting Event DMA_MSG_REPORT_FAILED sent from 'SCOMO_SWM'
09-07 14:31:26.771  1986  3683 V vDM (Thread-5): src/vdm_smm_static.c. 1104: [SMM] SCOMO_SWM[LAWMO_SESSION_KEY]: SCOMO_I_reportFailed -> SCOMO_I_removeDpErc
09-07 14:31:26.771  1986  3683 I vDM (Thread-5): TRACE: e/core/src/vdm_api.c,  2049, [Core_MsgQ], VDM_cleanDpErc: 0x0
09-07 14:31:26.771  1986  3683 V vDM (Thread-5): scomo_main_actions.c.  246: [DMC] DMA_redbend_SCOMO_removeDpErc: result: 0
09-07 14:31:26.771  1986  3683 V vDM (Thread-5): src/vdm_smm_static.c. 1104: [SMM] SCOMO_SWM[LAWMO_SESSION_KEY]: SCOMO_I_removeDpErc -> SCOMO_waitForFlowEnd
09-07 14:31:26.771  1986  3683 V vDM (Thread-5): src/vdm_smm_static.c. 1367: [SMM] --------- Finished handling SM event B2B_MSG_SCOMO_NETWORK_TYPE_UPDATED -----------
09-07 14:31:26.771  1986  3683 V vDM (Thread-5): src/vdm_smm_static.c. 1346: [SMM] received Event B2B_REPORT_RETRY
09-07 14:31:26.771  1986  3683 V vDM (Thread-5): /src/vdm_smm_event.c.   96: [SMM] Event name=B2B_REPORT_RETRY, variables:
09-07 14:31:26.771  1986  3683 V vDM (Thread-5): /src/vdm_smm_event.c.  117: [SMM] str variable(#1): INSTANCE_VAR=LAWMO_SESSION_KEY
09-07 14:31:26.771  1986  3683 V vDM (Thread-5): /src/vdm_smm_event.c.  121: [SMM] End event: B2B_REPORT_RETRY
09-07 14:31:26.771  1986  3683 V vDM (Thread-5): src/vdm_smm_static.c. 1372: [SMM] Nobody is interested in SM event B2B_REPORT_RETRY sent from 'NA'
09-07 14:31:26.771  1986  3683 V vDM (Thread-5): src/vdm_smm_static.c. 1346: [SMM] received Event DMA_MSG_REPORT_FAILED
09-07 14:31:26.771  1986  3683 V vDM (Thread-5): /src/vdm_smm_event.c.   96: [SMM] Event name=DMA_MSG_REPORT_FAILED, variables:
09-07 14:31:26.771  1986  3683 V vDM (Thread-5): /src/vdm_smm_event.c.  117: [SMM] str variable(#1): INSTANCE_VAR=LAWMO_SESSION_KEY
09-07 14:31:26.772  1986  3683 V vDM (Thread-5): /src/vdm_smm_event.c.  121: [SMM] End event: DMA_MSG_REPORT_FAILED
09-07 14:31:26.772  1986  3683 V vDM (Thread-5): sm_code_DM_SESSION.c.  902: [SMM] Updating var DMA_VAR_IS_DURING_REPORT to 0
09-07 14:31:26.772  1986  3683 V vDM (Thread-5): /src/sm_code_LAWMO.c.  644: [SMM] Updating var DMA_VAR_LAWMO_RESULT to 9999
09-07 14:31:26.772  1986  3683 V vDM (Thread-5): /src/sm_code_LAWMO.c.  646: [SMM] Updating var DMA_VAR_LAWMO_OPERATION_TYPE to 9999
09-07 14:31:26.772  1986  3683 V vDM (Thread-5): src/vdm_smm_static.c.  905: [SMM] Posting Event DMA_MSG_LAWMO_FLOW_END sent from 'LAWMO'
09-07 14:31:26.772  1986  3683 V vDM (Thread-5): src/vdm_smm_static.c.  892: [SMM] Posting UI Event B2D_SCOMO_FLOW_END_UI
09-07 14:31:26.772  1986  3683 V vDM (Thread-5): /src/vdm_smm_event.c.   96: [SMM] Event name=B2D_SCOMO_FLOW_END_UI, without variables
09-07 14:31:26.772  1986  3683 V vDM (Thread-5): /src/vdm_smm_event.c.  121: [SMM] End event: B2D_SCOMO_FLOW_END_UI
09-07 14:31:26.772  1986  3683 V vDM (Thread-5): src/plugin_manager.c.  179: [PlugIns] +runOverPlugIns for event: B2D_SCOMO_FLOW_END_UI
09-07 14:31:26.772  1986  3683 V vDM (Thread-5): src/plugin_manager.c.  205: [PlugIns] -runOverPlugIns
09-07 14:31:26.772  1986  3683 I EventIntentService: Received event B2D_SCOMO_FLOW_END_UI
09-07 14:31:26.772  1986  3683 I EventIntentService: Starting service with:com.redbend.event.B2D_SCOMO_FLOW_END_UI event:B2D_SCOMO_FLOW_END_UI
09-07 14:31:26.773  1986  3683 W ContextImpl: Calling a method in the system process without a qualified user: android.app.ContextImpl.startService:1669 android.content.ContextWrapper.startService:720 com.redbend.app.EventIntentService.recvEvent:138 com.redbend.client.BasicService.recvEvent:212 <bottom of call stack> 
09-07 14:31:26.774  1986  3683 V vDM (Thread-5): src/vdm_smm_static.c. 1109: [SMM] LAWMO: LAWMO_reportWaitForCompletion -> LAWMO_idle
09-07 14:31:26.775  1986  1986 I ClientService: event B2D_SCOMO_FLOW_END_UI not exist in filter- event ignored
09-07 14:31:26.776  1986  3683 V vDM (Thread-5): src/vdm_smm_static.c. 1367: [SMM] --------- Finished handling SM event DMA_MSG_REPORT_FAILED -----------
09-07 14:31:26.776  1986  3683 V vDM (Thread-5): src/vdm_smm_static.c. 1346: [SMM] received Event DMA_MSG_LAWMO_FLOW_END
09-07 14:31:26.776  1986  3683 V vDM (Thread-5): /src/vdm_smm_event.c.   96: [SMM] Event name=DMA_MSG_LAWMO_FLOW_END, variables:
09-07 14:31:26.776  1986  3683 V vDM (Thread-5): /src/vdm_smm_event.c.  117: [SMM] str variable(#1): INSTANCE_VAR=LAWMO_SESSION_KEY
09-07 14:31:26.776  1986  3683 V vDM (Thread-5): /src/vdm_smm_event.c.  121: [SMM] End event: DMA_MSG_LAWMO_FLOW_END
09-07 14:31:26.777  1986  3683 V vDM (Thread-5): code_SCOMO_TRIGGER.c. 1053: [SMM] Updating var DMA_VAR_IS_DURING_FLOW to 0
09-07 14:31:26.777  1986  3683 V vDM (Thread-5): src/vdm_smm_static.c. 1104: [SMM] SCOMO_SWM[LAWMO_SESSION_KEY]: SCOMO_waitForFlowEnd -> instnaceDestructor
09-07 14:31:26.778  1986  3683 V vDM (Thread-5): SCOMO_SWM_SYNC_INV.c.  813: [SMM] Updating var DMA_VAR_IS_DURING_FLOW to 0
09-07 14:31:26.778  1986  3683 V vDM (Thread-5): src/vdm_smm_static.c. 1104: [SMM] SCOMO_SWM_INS[LAWMO_SESSION_KEY]: SCOMO_INS_idle -> instnaceDestructor
09-07 14:31:26.785  1986  3683 V vDM (Thread-5): src/vdm_smm_static.c. 1104: [SMM] SCOMO_ROLLBACK_MANAGER[LAWMO_SESSION_KEY]: SCOMO_ROLLBACK_MANAGER_idle -> instnaceDestructor
09-07 14:31:26.787  1986  3683 V vDM (Thread-5): src/vdm_smm_static.c. 1104: [SMM] SCOMO_SWM_INS_PHASE_MANAGER[LAWMO_SESSION_KEY]: SCOMO_INS_PHASE_MANAGER_idle -> instnaceDestructor
09-07 14:31:26.789  1986  3683 V vDM (Thread-5): src/vdm_smm_static.c. 1104: [SMM] SCOMO_PHASE_MANAGER_SETUP[LAWMO_SESSION_KEY]: SCOMO_INS_PHASE_MANAGER_SETUP_idle -> instnaceDestructor
09-07 14:31:26.790  1986  3683 V vDM (Thread-5): src/vdm_smm_static.c. 1104: [SMM] SCOMO_DL_UPDATE_POLICY[LAWMO_SESSION_KEY]: SCOMO_DL_UPDATE_POLICY_idle -> instnaceDestructor
09-07 14:31:26.791  1986  3683 V vDM (Thread-5): src/vdm_smm_static.c. 1104: [SMM] SCOMO_DL[LAWMO_SESSION_KEY]: SCOMO_DL_idle -> instnaceDestructor
09-07 14:31:26.794   512 13241 D HarmanHAL: StreamIn::getCapturePositionImpl
09-07 14:31:26.795  1986  3683 V vDM (Thread-5): sm_code_DM_SESSION.c.  873: [SMM] Updating var DMA_VAR_IS_DURING_FLOW to 0
09-07 14:31:26.795  1986  3683 V vDM (Thread-5): src/vdm_smm_static.c. 1367: [SMM] --------- Finished handling SM event DMA_MSG_LAWMO_FLOW_END -----------
09-07 14:31:26.795  1986  3683 V vDM (Thread-5): utl_persistentdata.c. 1026: [Util] ps_save: typeCryptInfo=0x0, typeCryptInfo->encrypt=0x0
09-07 14:31:26.795  1986  3683 V vDM (Thread-5): utl_persistentdata.c. 1042: [Util] saving to persistent storage file: /cache/swdl/reg.conf
09-07 14:31:26.791  1986  1986 I Thread-5: type=1400 audit(0.0:3905): avc: denied { read } for name="cache" dev="dm-2" ino=16 scontext=u:r:system_app:s0 tcontext=u:object_r:cache_file:s0 tclass=lnk_file permissive=1
09-07 14:31:26.791  1986  1986 I Thread-5: type=1400 audit(0.0:3906): avc: denied { search } for name="cache" dev="dm-4" ino=262146 scontext=u:r:system_app:s0 tcontext=u:object_r:cache_file:s0 tclass=dir permissive=1
09-07 14:31:26.791  1986  1986 I Thread-5: type=1400 audit(0.0:3907): avc: denied { write } for name="swdl" dev="dm-4" ino=262154 scontext=u:r:system_app:s0 tcontext=u:object_r:cache_file:s0 tclass=dir permissive=1
09-07 14:31:26.791  1986  1986 I Thread-5: type=1400 audit(0.0:3908): avc: denied { add_name } for name="reg_new.conf" scontext=u:r:system_app:s0 tcontext=u:object_r:cache_file:s0 tclass=dir permissive=1
09-07 14:31:26.791  1986  1986 I Thread-5: type=1400 audit(0.0:3909): avc: denied { create } for name="reg_new.conf" scontext=u:r:system_app:s0 tcontext=u:object_r:cache_file:s0 tclass=file permissive=1
09-07 14:31:26.803  1986  3683 V vDM (Thread-5): utl_persistentdata.c. 1149: [Util] -ps_save
09-07 14:31:26.803  1986  3683 V vDM (Thread-5): src/vdm_smm_static.c.  786: [SMM] Timeout will be at 2021-09-07 14:31:37 for SM: SCOMO_SWM
09-07 14:31:26.804  1986  3683 I swupdate: BasicService: Setting Alarm ID 1 for Tue Sep 07 14:31:37 GMT 2021
09-07 14:31:26.805  1986  3683 I vDM (Thread-5): android/vdm_smm_pl.c.  123: [SMM] RELEASE WakeLock smm(1)
09-07 14:31:26.813   512 13169 I HarmanHal.Routing: hacs alsa node(pcmBtHfp_dl_pre_c) adtm interval_min:0 ms, inverval_max:10 ms, inverval_mean:7 ms!
09-07 14:31:26.813   512 13169 I HarmanHal.Routing:  in printADTM() PcmAlsaWrapper.cpp:876
09-07 14:31:26.814   512 13169 I HarmanHal.Routing: hacs alsa node(pcmHfp_dl_p) adtm interval_min:0 ms, inverval_max:11 ms, inverval_mean:7 ms!
09-07 14:31:26.814   512 13169 I HarmanHal.Routing:  in printADTM() PcmAlsaWrapper.cpp:876
09-07 14:31:26.834   512 13241 D HarmanHAL: StreamIn::getCapturePositionImpl
01-01 00:06:29.872     0     0 I IRQ 5   : no longer affine to CPU4
09-07 14:31:26.865   512 13241 I chatty  : uid=1041(audioserver) reader identical 1 line
09-07 14:31:26.895   512 13241 D HarmanHAL: StreamIn::getCapturePositionImpl
09-07 14:31:26.918   512 13158 D AudioProcessing: sseApply [handle 0xbc80d90][type 512] start..
09-07 14:31:26.918   512 13158 D AudioProcessing: sseProcess ul audioIO content print-1 [256] [2] [4] [1] 
09-07 14:31:26.918   512 13158 D AudioProcessing: sseProcess ul audioIO content print-2 [6] [1] [0x3bcbc5a0] [0x5bc7ede0] 
09-07 14:31:26.918   512 13158 D AudioProcessing: sseProcess ul audioIO content print-3 [0x1bca1320 [0x8bc84110] [0x1bc9f9b0] sse->pMain is [0x2bca4a60] 
09-07 14:31:26.919   512 13158 D AudioProcessing: sseProcess ul [handle 0xbc80d90]  ret[0]
09-07 14:31:26.919   512 13158 D AudioProcessing: sseProcess ul AudioBufferSampleCnt[256] type[512] finish..
09-07 14:31:26.924   512 13241 D HarmanHAL: StreamIn::getCapturePositionImpl
09-07 14:31:26.937   911  4981 D BufferPoolAccessor2.0: bufferpool2 0xb400007205c6d498 : 2(1048576 size) total buffers - 1(524288 size) used buffers - 4364/4374 (recycle/alloc) - 25/4374 (fetch/transfer)
09-07 14:31:26.954   512 13241 D HarmanHAL: StreamIn::getCapturePositionImpl
09-07 14:31:26.995   512 13241 D HarmanHAL: StreamIn::getCapturePositionImpl
09-07 14:31:27.023   512 13169 D AudioProcessing: sseApply [handle 0xbc83090][type 768] start..
09-07 14:31:27.023   512 13169 D AudioProcessing: sseProcess dl audioIO content print-1 [256] [2] [1] [1] 
09-07 14:31:27.023   512 13169 D AudioProcessing: sseProcess dl audioIO content print-2 [1] [1] [0x0xb40000763bcc28d0] [0x0xb40000761bca6b00] 
09-07 14:31:27.023   512 13169 D AudioProcessing: sseProcess dl audioIO content print-3 [0x0xb40000761bca7fd0] [0x0xb40000761bcabe40] [0x0xb40000761bca5880] sse->pMain is [0x0xb40000772bcb4e80] 
09-07 14:31:27.024   512 13169 D AudioProcessing: sseProcess dl [handle 0xbc83090] ret[0]
09-07 14:31:27.024   512 13169 D AudioProcessing: sseProcess dl AudioBufferSampleCnt[256] type[768] finish..
09-07 14:31:27.024   512 13241 D HarmanHAL: StreamIn::getCapturePositionImpl
09-07 14:31:27.244   512 13241 I chatty  : uid=1041(audioserver) reader identical 7 lines
09-07 14:31:27.275   512 13241 D HarmanHAL: StreamIn::getCapturePositionImpl
09-07 14:31:27.280   512  3972 I HarmanHal.Routing: hacs alsa node(pcmMedia_p) adtm interval_min:1 ms, inverval_max:10 ms, inverval_mean:8 ms!
09-07 14:31:27.280   512  3972 I HarmanHal.Routing:  in printADTM() PcmAlsaWrapper.cpp:876
09-07 14:31:27.314   512 13241 D HarmanHAL: StreamIn::getCapturePositionImpl
09-07 14:31:27.434   512 13241 I chatty  : uid=1041(audioserver) reader identical 4 lines
09-07 14:31:27.474   512 13241 D HarmanHAL: StreamIn::getCapturePositionImpl
09-07 14:31:27.482   538   618 W ipcLib  : ipcLib: in ipc_lib. DV1 read called
09-07 14:31:27.504   512 13241 D HarmanHAL: StreamIn::getCapturePositionImpl
09-07 14:31:27.594   512 13241 I chatty  : uid=1041(audioserver) reader identical 3 lines
09-07 14:31:27.635   512 13241 D HarmanHAL: StreamIn::getCapturePositionImpl
09-07 14:31:27.665   512 13241 I HarmanHal.Routing: hacs alsa node(pcmTunerIn_c) adtm interval_min:29 ms, inverval_max:40 ms, inverval_mean:31 ms!
09-07 14:31:27.665   512 13241 I HarmanHal.Routing:  in printADTM() PcmAlsaWrapper.cpp:876
09-07 14:31:27.665   512 13241 D HarmanHAL: StreamIn::getCapturePositionImpl
09-07 14:31:27.694   512 13241 D HarmanHAL: StreamIn::getCapturePositionImpl
09-07 14:31:27.706   512 13133 I HarmanHal.Routing: hacs alsa node(pcmMicRefIn_c) adtm interval_min:0 ms, inverval_max:11 ms, inverval_mean:8 ms!
09-07 14:31:27.706   512 13133 I HarmanHal.Routing:  in printADTM() PcmAlsaWrapper.cpp:876
09-07 14:31:27.711   512 13159 I HarmanHal.Routing: hacs alsa node(pcmBtHfp_ul_pro_p) adtm interval_min:2 ms, inverval_max:12 ms, inverval_mean:8 ms!
09-07 14:31:27.711   512 13159 I HarmanHal.Routing:  in printADTM() PcmAlsaWrapper.cpp:876
09-07 14:31:27.724   512 13241 D HarmanHAL: StreamIn::getCapturePositionImpl
09-07 14:31:27.754   512 13241 I chatty  : uid=1041(audioserver) reader identical 1 line
09-07 14:31:27.795   512 13241 D HarmanHAL: StreamIn::getCapturePositionImpl
09-07 14:31:27.814   512 13169 I HarmanHal.Routing: hacs alsa node(pcmBtHfp_dl_pre_c) adtm interval_min:0 ms, inverval_max:10 ms, inverval_mean:8 ms!
09-07 14:31:27.814   512 13169 I HarmanHal.Routing:  in printADTM() PcmAlsaWrapper.cpp:876
09-07 14:31:27.814   512 13169 I HarmanHal.Routing: hacs alsa node(pcmHfp_dl_p) adtm interval_min:0 ms, inverval_max:11 ms, inverval_mean:8 ms!
09-07 14:31:27.814   512 13169 I HarmanHal.Routing:  in printADTM() PcmAlsaWrapper.cpp:876
09-07 14:31:27.824   512 13241 D HarmanHAL: StreamIn::getCapturePositionImpl
09-07 14:31:28.014   512 13241 I chatty  : uid=1041(audioserver) reader identical 6 lines
09-07 14:31:28.044   512 13241 D HarmanHAL: StreamIn::getCapturePositionImpl
09-07 14:31:28.074   532   569 W ipcLib  : ipcLib: in ipc_lib. DV1 read called
09-07 14:31:28.075   512 13241 D HarmanHAL: StreamIn::getCapturePositionImpl
09-07 14:31:28.075   532   568 I VPS     : VPS:IOCStatusInfo.VoltageStatus->0 
09-07 14:31:28.075   532   568 I VPS     : VPS:IOCStatusInfo.IOCStatusCmd->a6 
09-07 14:31:28.075   532   568 I VPS     : VPS:IOCStatusInfo.WakeUpReason->0 
09-07 14:31:28.075   532   568 I VPS     : VPS:IOCStatusInfo.DerivedIgnitionStatus->0 
09-07 14:31:28.075   532   568 I VPS     : VPS:IOCStatusInfo.PowerModeState->4 
09-07 14:31:28.075   532   568 I VPS     : VPS:IOCStatusInfo.SOCShutdownRequest->0 
09-07 14:31:28.075   532   568 I VPS     : VPS:IOCStatusInfo.AntiTheftState->0 
09-07 14:31:28.075   532   568 I VPS     : VPS:IOCStatusInfo.BatteryConnect->0 
09-07 14:31:28.114   512 13241 D HarmanHAL: StreamIn::getCapturePositionImpl
09-07 14:31:28.234   512 13241 I chatty  : uid=1041(audioserver) reader identical 4 lines
09-07 14:31:28.275   512 13241 D HarmanHAL: StreamIn::getCapturePositionImpl
09-07 14:31:28.280   512  3972 I HarmanHal.Routing: hacs alsa node(pcmMedia_p) adtm interval_min:0 ms, inverval_max:10 ms, inverval_mean:8 ms!
09-07 14:31:28.280   512  3972 I HarmanHal.Routing:  in printADTM() PcmAlsaWrapper.cpp:876
09-07 14:31:28.305   512 13241 D HarmanHAL: StreamIn::getCapturePositionImpl
09-07 14:31:28.435   512 13241 I chatty  : uid=1041(audioserver) reader identical 4 lines
09-07 14:31:28.465   512 13241 D HarmanHAL: StreamIn::getCapturePositionImpl
09-07 14:31:28.482   538   618 W ipcLib  : ipcLib: in ipc_lib. DV1 read called
09-07 14:31:28.495   512 13241 D HarmanHAL: StreamIn::getCapturePositionImpl
09-07 14:31:28.518   512 13158 D AudioProcessing: sseApply [handle 0xbc80d90][type 512] start..
09-07 14:31:28.518   512 13158 D AudioProcessing: sseProcess ul audioIO content print-1 [256] [2] [4] [1] 
09-07 14:31:28.518   512 13158 D AudioProcessing: sseProcess ul audioIO content print-2 [6] [1] [0x3bcbc5a0] [0x5bc7ede0] 
09-07 14:31:28.518   512 13158 D AudioProcessing: sseProcess ul audioIO content print-3 [0x1bca1320 [0x8bc84110] [0x1bc9f9b0] sse->pMain is [0x2bca4a60] 
09-07 14:31:28.519   512 13158 D AudioProcessing: sseProcess ul [handle 0xbc80d90]  ret[0]
09-07 14:31:28.519   512 13158 D AudioProcessing: sseProcess ul AudioBufferSampleCnt[256] type[512] finish..
09-07 14:31:28.524   512 13241 D HarmanHAL: StreamIn::getCapturePositionImpl
09-07 14:31:28.554   512 13241 I chatty  : uid=1041(audioserver) reader identical 1 line
09-07 14:31:28.595   512 13241 D HarmanHAL: StreamIn::getCapturePositionImpl
09-07 14:31:28.624   512 13169 D AudioProcessing: sseApply [handle 0xbc83090][type 768] start..
09-07 14:31:28.624   512 13169 D AudioProcessing: sseProcess dl audioIO content print-1 [256] [2] [1] [1] 
09-07 14:31:28.624   512 13169 D AudioProcessing: sseProcess dl audioIO content print-2 [1] [1] [0x0xb40000763bcc28d0] [0x0xb40000761bca6b00] 
09-07 14:31:28.624   512 13169 D AudioProcessing: sseProcess dl audioIO content print-3 [0x0xb40000761bca7fd0] [0x0xb40000761bcabe40] [0x0xb40000761bca5880] sse->pMain is [0x0xb40000772bcb4e80] 
09-07 14:31:28.625   512 13241 D HarmanHAL: StreamIn::getCapturePositionImpl
09-07 14:31:28.625   512 13169 D AudioProcessing: sseProcess dl [handle 0xbc83090] ret[0]
09-07 14:31:28.625   512 13169 D AudioProcessing: sseProcess dl AudioBufferSampleCnt[256] type[768] finish..
09-07 14:31:28.654   512 13241 I HarmanHal.Routing: hacs alsa node(pcmTunerIn_c) adtm interval_min:29 ms, inverval_max:40 ms, inverval_mean:31 ms!
09-07 14:31:28.654   512 13241 I HarmanHal.Routing:  in printADTM() PcmAlsaWrapper.cpp:876
09-07 14:31:28.655   512 13241 D HarmanHAL: StreamIn::getCapturePositionImpl
09-07 14:31:28.685   512 13241 D HarmanHAL: StreamIn::getCapturePositionImpl
09-07 14:31:28.706   512 13133 I HarmanHal.Routing: hacs alsa node(pcmMicRefIn_c) adtm interval_min:0 ms, inverval_max:11 ms, inverval_mean:8 ms!
09-07 14:31:28.706   512 13133 I HarmanHal.Routing:  in printADTM() PcmAlsaWrapper.cpp:876
09-07 14:31:28.711   512 13159 I HarmanHal.Routing: hacs alsa node(pcmBtHfp_ul_pro_p) adtm interval_min:2 ms, inverval_max:12 ms, inverval_mean:8 ms!
09-07 14:31:28.711   512 13159 I HarmanHal.Routing:  in printADTM() PcmAlsaWrapper.cpp:876
09-07 14:31:28.714   512 13241 D HarmanHAL: StreamIn::getCapturePositionImpl
09-07 14:31:28.754   512 13241 I chatty  : uid=1041(audioserver) reader identical 1 line
09-07 14:31:28.785   512 13241 D HarmanHAL: StreamIn::getCapturePositionImpl
09-07 14:31:28.813   512 13169 I HarmanHal.Routing: hacs alsa node(pcmBtHfp_dl_pre_c) adtm interval_min:0 ms, inverval_max:11 ms, inverval_mean:7 ms!
09-07 14:31:28.813   512 13169 I HarmanHal.Routing:  in printADTM() PcmAlsaWrapper.cpp:876
09-07 14:31:28.815   512 13169 I HarmanHal.Routing: hacs alsa node(pcmHfp_dl_p) adtm interval_min:0 ms, inverval_max:11 ms, inverval_mean:8 ms!
09-07 14:31:28.815   512 13169 I HarmanHal.Routing:  in printADTM() PcmAlsaWrapper.cpp:876
09-07 14:31:28.815   512 13241 D HarmanHAL: StreamIn::getCapturePositionImpl
09-07 14:31:28.945   512 13241 I chatty  : uid=1041(audioserver) reader identical 4 lines
09-07 14:31:28.974   512 13241 D HarmanHAL: StreamIn::getCapturePositionImpl
09-07 14:31:29.000   532   569 I VPS     : VPS:VehiclePlatformSOCHeartBeatHandler IVI HeartBeat sent successfully SOCHeartBeatInfo.SOCStatus->2
09-07 14:31:29.000   532   569 W ipcLib  : ipcLib: in ipc_lib. DV1 write called
09-07 14:31:29.002   532   569 W ipcLib  : ipcLib: in ipc_lib. DV1 read called
09-07 14:31:29.004   512 13241 D HarmanHAL: StreamIn::getCapturePositionImpl
01-01 00:06:32.266     0     0 I init    : starting service 'qccsyshalservice'...
09-07 14:31:29.235   512 13241 I chatty  : uid=1041(audioserver) reader identical 7 lines
09-07 14:31:29.264   512 13241 D HarmanHAL: StreamIn::getCapturePositionImpl
09-07 14:31:29.280   512  3972 I HarmanHal.Routing: hacs alsa node(pcmMedia_p) adtm interval_min:1 ms, inverval_max:11 ms, inverval_mean:8 ms!
09-07 14:31:29.280   512  3972 I HarmanHal.Routing:  in printADTM() PcmAlsaWrapper.cpp:876
01-01 00:06:32.274     0     0 I init    : starting service 'vendor.sensors-hal-1-0'...
09-07 14:31:29.296   512 13241 D HarmanHAL: StreamIn::getCapturePositionImpl
01-01 00:06:32.283     0     0 I init    : starting service 'LogManager'...
09-07 14:31:29.309 20161 20161 I qccsyshalservice: Start with system binder
09-07 14:31:29.309 20161 20161 I qccsyshalservice: Registering qccsyshal service...
09-07 14:31:29.319 20163 20163 D LOGMANAGER: LOGMANAGER HAL service init() start
09-07 14:31:29.319   376   376 I hwservicemanager: getTransport: Cannot find entry android.hardware.sensors@1.0::ISensors/default in either framework or device manifest.
09-07 14:31:29.319 20163 20163 D LOGMANAGER: Logmanager configured rpcthreadpool
09-07 14:31:29.315 20163 20163 I vendor.harman.L: type=1400 audit(0.0:3916): avc: denied { read } for name="u:object_r:hwservicemanager_prop:s0" dev="tmpfs" ino=24519 scontext=u:r:logmanagerd:s0 tcontext=u:object_r:hwservicemanager_prop:s0 tclass=file permissive=1
09-07 14:31:29.315 20163 20163 I vendor.harman.L: type=1400 audit(0.0:3917): avc: denied { open } for path="/dev/__properties__/u:object_r:hwservicemanager_prop:s0" dev="tmpfs" ino=24519 scontext=u:r:logmanagerd:s0 tcontext=u:object_r:hwservicemanager_prop:s0 tclass=file permissive=1
09-07 14:31:29.315 20163 20163 I vendor.harman.L: type=1400 audit(0.0:3918): avc: denied { getattr } for path="/dev/__properties__/u:object_r:hwservicemanager_prop:s0" dev="tmpfs" ino=24519 scontext=u:r:logmanagerd:s0 tcontext=u:object_r:hwservicemanager_prop:s0 tclass=file permissive=1
09-07 14:31:29.315 20163 20163 I vendor.harman.L: type=1400 audit(0.0:3919): avc: denied { map } for path="/dev/__properties__/u:object_r:hwservicemanager_prop:s0" dev="tmpfs" ino=24519 scontext=u:r:logmanagerd:s0 tcontext=u:object_r:hwservicemanager_prop:s0 tclass=file permissive=1
09-07 14:31:29.320   376   376 I hwservicemanager: getTransport: Cannot find entry vendor.qti.hardware.qccsyshal@1.0::IQccsyshal/qccsyshal in either framework or device manifest.
09-07 14:31:29.320 20161 20161 E HidlServiceManagement: Service vendor.qti.hardware.qccsyshal@1.0::IQccsyshal/qccsyshal must be in VINTF manifest in order to register/get.
09-07 14:31:29.320 20161 20161 E qccsyshalservice: [ERROR] registerAsService() failed with status: -2147483648
09-07 14:31:29.321 20162 20162 E android.hardware.sensors@1.0-service: Couldn't load sensors module (Unknown error -2147483648)
09-07 14:31:29.319 20163 20163 I vendor.harman.L: type=1400 audit(0.0:3920): avc: denied { dac_read_search } for capability=2 scontext=u:r:logmanagerd:s0 tcontext=u:r:logmanagerd:s0 tclass=capability permissive=1
09-07 14:31:29.322 20162 20162 D RefBase : RefBase: Explicit destruction, weak count = 0 (in 0xb400007a88a45758)
09-07 14:31:29.322 20162 20162 W RefBase : CallStack::getCurrentInternal not linked, returning null
09-07 14:31:29.322 20162 20162 W RefBase : CallStack::logStackInternal not linked
09-07 14:31:29.322 20163 20163 I HidlServiceManagement: Registered vendor.harman.hardware.LogManager@1.0::ILogManager/default
09-07 14:31:29.323 20163 20163 D LOGMANAGER: Logmanager HAL Service is registered and ready
09-07 14:31:29.323 20163 20163 I LOGMANAGER: ThreadPoolWrapper::initThreadPool
09-07 14:31:29.323 20163 20163 I LOGMANAGER: ThreadPoolWrapper : exit
09-07 14:31:29.323 20163 20163 D LOGMANAGER: Logmanager threadpoolwrapper created
09-07 14:31:29.323 20163 20163 D LOGMANAGER: User argument is -c
09-07 14:31:29.323 20163 20164 I LOGMANAGER: ThreadPoolWrapper:  enter the joinRpcThreadpool()
09-07 14:31:29.323 20163 20163 I LOGMANAGER: LogmanagerConfig is configured under config file
09-07 14:31:29.323 20163 20163 I LOGMANAGER: LoggingLevel is : 4
09-07 14:31:29.323 20163 20163 I LOGMANAGER: LogEnableState is : 0
09-07 14:31:29.323 20163 20163 I LOGMANAGER: OutputPluginConfiguration PluginType : LOGWRITTER
01-01 00:06:32.312     0     0 I init    : Service 'qccsyshalservice' (pid 20161) exited with status 1
01-01 00:06:32.312     0     0 I init    : Sending signal 9 to service 'qccsyshalservice' (pid 20161) process group...
01-01 00:06:32.313     0     0 I libprocessgroup: Successfully killed process cgroup uid 1000 pid 20161 in 0ms
01-01 00:06:32.314     0     0 W audit   : audit_lost=2002 audit_rate_limit=5 audit_backlog_limit=64
01-01 00:06:32.314     0     0 E audit   : rate limit exceeded
01-01 00:06:32.315     0     0 I init    : Service 'vendor.sensors-hal-1-0' (pid 20162) exited with status 1
09-07 14:31:29.323 20163 20163 I LOGMANAGER: LM_OutputConfiguration : 1
09-07 14:31:29.323 20163 20163 I LOGMANAGER: LM_OfflineTraceDirectory : /data/cache
09-07 14:31:29.323 20163 20163 I LOGMANAGER: LM_OfflineTraceFILESize : 1000000
09-07 14:31:29.323 20163 20163 I LOGMANAGER: LM_OfflineTotalFILESSize : 20000000
09-07 14:31:29.323 20163 20163 I LOGMANAGER: LM_FileNameTimeStampBased : 0
09-07 14:31:29.323 20163 20163 I LOGMANAGER: Got IOC plugin
09-07 14:31:29.323 20163 20163 I LOGMANAGER: IOCIPCChannelNumber :6
09-07 14:31:29.323 20163 20163 I LOGMANAGER: keyseq: HOME + VOLUMEDOWN  for domain is AudioDump
09-07 14:31:29.323 20163 20163 I LOGMANAGER: keyseq: HOME + VOLUMEUP  for domain is HCIDump
09-07 14:31:29.324 20163 20163 I LOGMANAGER: Domains parsing is done
09-07 14:31:29.324 20162 20162 E LegacySupport: Could not get passthrough implementation for android.hardware.sensors@1.0::ISensors/default.
09-07 14:31:29.326   512 13241 D HarmanHAL: StreamIn::getCapturePositionImpl
09-07 14:31:29.329 20163 20163 E LOGMANAGER: Failed to load plugin /vendor/lib64/libIOCDLogReader.so with error code dlopen failed: library "/vendor/lib64/libIOCDLogReader.so" not found 
09-07 14:31:29.329 20163 20163 F libc    : Fatal signal 11 (SIGSEGV), code 1 (SEGV_MAPERR), fault addr 0x0 in tid 20163 (vendor.harman.L), pid 20163 (vendor.harman.L)
01-01 00:06:32.318     0     0 I init    : Sending signal 9 to service 'vendor.sensors-hal-1-0' (pid 20162) process group...
01-01 00:06:32.318     0     0 I libprocessgroup: Successfully killed process cgroup uid 1000 pid 20162 in 0ms
09-07 14:31:29.354   512 13241 D HarmanHAL: StreamIn::getCapturePositionImpl
09-07 14:31:29.375 20170 20170 I crash_dump64: obtaining output fd from tombstoned, type: kDebuggerdTombstone
09-07 14:31:29.376   463   463 I tombstoned: received crash request for pid 20163
09-07 14:31:29.376 20170 20170 I crash_dump64: performing dump of process 20163 (target tid = 20163)
09-07 14:31:29.379 20170 20170 F DEBUG   : *** *** *** *** *** *** *** *** *** *** *** *** *** *** *** ***
09-07 14:31:29.380 20170 20170 F DEBUG   : Build fingerprint: 'qti/titan_tml_b2/titan_tml_b2:11/RQ3A.210605.005/eng.ksong.20210907.134230:userdebug/test-keys'
09-07 14:31:29.380 20170 20170 F DEBUG   : Revision: '0'
09-07 14:31:29.380 20170 20170 F DEBUG   : ABI: 'arm64'
09-07 14:31:29.381 20170 20170 F DEBUG   : Timestamp: 2021-09-07 14:31:29+0000
09-07 14:31:29.381 20170 20170 F DEBUG   : pid: 20163, tid: 20163, name: vendor.harman.L  >>> /vendor/bin/hw/vendor.harman.LogManager@1.0-service <<<
09-07 14:31:29.381 20170 20170 F DEBUG   : uid: 0
09-07 14:31:29.381 20170 20170 F DEBUG   : signal 11 (SIGSEGV), code 1 (SEGV_MAPERR), fault addr 0x0
09-07 14:31:29.381 20170 20170 F DEBUG   : Cause: null pointer dereference
09-07 14:31:29.381 20170 20170 F DEBUG   :     x0  0000000000000000  x1  0000000000000000  x2  0000000000080001  x3  0000000000000000
09-07 14:31:29.381 20170 20170 F DEBUG   :     x4  0000000000000000  x5  0000000000008000  x6  53736d647543ff6f  x7  7f7f7f7f7f7f7f7f
09-07 14:31:29.382 20170 20170 F DEBUG   :     x8  0101010101010101  x9  3d0b5f36a01d3b78  x10 0000007ff55cc778  x11 fffffffffffffffd
09-07 14:31:29.382 20170 20170 F DEBUG   :     x12 0000007ff55cc900  x13 000000000000008e  x14 00134fd871969400  x15 0000000034155555
09-07 14:31:29.382 20170 20170 F DEBUG   :     x16 0000005fa1df27e0  x17 0000007d7561db30  x18 0000007d76b90000  x19 0000000000000000
09-07 14:31:29.382 20170 20170 F DEBUG   :     x20 0000007d75aefc50  x21 0000007ff55cd019  x22 b400007c75294218  x23 0000007ff55cd038
09-07 14:31:29.382 20170 20170 F DEBUG   :     x24 0000000000000000  x25 0000007d75e6d000  x26 0000007ff55cd019  x27 0000007ff55ccfe9
09-07 14:31:29.382 20170 20170 F DEBUG   :     x28 0000000000000000  x29 0000007ff55ccf20
09-07 14:31:29.382 20170 20170 F DEBUG   :     lr  0000005fa1de9048  sp  0000007ff55ccf20  pc  0000007d7561db40  pst 0000000080000000
09-07 14:31:29.386 20170 20170 F DEBUG   : backtrace:
09-07 14:31:29.386 20170 20170 F DEBUG   :       #00 pc 000000000004ab40  /apex/com.android.runtime/lib64/bionic/libc.so (strlen_default+16) (BuildId: 2b7c6e33413ac7278a15dfc3ea383089)
09-07 14:31:29.386 20170 20170 F DEBUG   :       #01 pc 0000000000009044  /vendor/bin/hw/vendor.harman.LogManager@1.0-service (BuildId: 3e966ab64050b441b920ba0e8960d123)
09-07 14:31:29.387 20170 20170 F DEBUG   :       #02 pc 0000000000008df0  /vendor/bin/hw/vendor.harman.LogManager@1.0-service (LM::LogManagerImpl::load_plugin_conf(void*, std::__1::basic_string<char, std::__1::char_traits<char>, std::__1::allocator<char> >, std::__1::multimap<std::__1::basic_string<char, std::__1::char_traits<char>, std::__1::allocator<char> >, int, std::__1::less<std::__1::basic_string<char, std::__1::char_traits<char>, std::__1::allocator<char> > >, std::__1::allocator<std::__1::pair<std::__1::basic_string<char, std::__1::char_traits<char>, std::__1::allocator<char> > const, int> > >&)+752) (BuildId: 3e966ab64050b441b920ba0e8960d123)
09-07 14:31:29.387 20170 20170 F DEBUG   :       #03 pc 00000000000088c0  /vendor/bin/hw/vendor.harman.LogManager@1.0-service (LM::LogManagerImpl::loadplugins()+436) (BuildId: 3e966ab64050b441b920ba0e8960d123)
09-07 14:31:29.387 20170 20170 F DEBUG   :       #04 pc 0000000000007af8  /vendor/bin/hw/vendor.harman.LogManager@1.0-service (main+1112) (BuildId: 3e966ab64050b441b920ba0e8960d123)
09-07 14:31:29.387 20170 20170 F DEBUG   :       #05 pc 000000000004988c  /apex/com.android.runtime/lib64/bionic/libc.so (__libc_init+108) (BuildId: 2b7c6e33413ac7278a15dfc3ea383089)
09-07 14:31:29.394   512 13241 D HarmanHAL: StreamIn::getCapturePositionImpl
01-01 00:06:32.401     0     0 I IRQ 5   : no longer affine to CPU5
01-01 00:06:32.438     0     0 D logd    : logdr: UID=0 GID=1000 PID=20170 n tail=0 logMask=8 pid=20163 start=0ns timeout=0ns
01-01 00:06:32.447     0     0 D logd    : logdr: UID=0 GID=1000 PID=20170 n tail=0 logMask=1 pid=20163 start=0ns timeout=0ns
09-07 14:31:29.469  1033  1270 W NativeCrashListener: Couldn't find ProcessRecord for pid 20163
09-07 14:31:29.424   512 13241 I chatty  : uid=1041(audioserver) reader identical 1 line
09-07 14:31:29.454   512 13241 D HarmanHAL: StreamIn::getCapturePositionImpl
09-07 14:31:29.469 20170 20170 E crash_dump64: AM data write failed: Broken pipe
09-07 14:31:29.472   463   463 E tombstoned: Tombstone written to: /data/tombstones/tombstone_44
01-01 00:06:32.463     0     0 I init    : Service 'LogManager' (pid 20163) received signal 11
09-07 14:31:29.480  1033  1095 I BootReceiver: Copying /data/tombstones/tombstone_44 to DropBox (SYSTEM_TOMBSTONE)
09-07 14:31:29.482   538   618 W ipcLib  : ipcLib: in ipc_lib. DV1 read called
09-07 14:31:29.484  1033  1095 I DropBoxManagerService: add tag=SYSTEM_TOMBSTONE isTagEnabled=true flags=0x2
09-07 14:31:29.484   512 13241 D HarmanHAL: StreamIn::getCapturePositionImpl
09-07 14:31:29.584   512 13241 I chatty  : uid=1041(audioserver) reader identical 3 lines
09-07 14:31:29.614   512 13241 D HarmanHAL: StreamIn::getCapturePositionImpl
09-07 14:31:29.644   512 13241 I HarmanHal.Routing: hacs alsa node(pcmTunerIn_c) adtm interval_min:25 ms, inverval_max:45 ms, inverval_mean:31 ms!
09-07 14:31:29.644   512 13241 I HarmanHal.Routing:  in printADTM() PcmAlsaWrapper.cpp:876
09-07 14:31:29.645   512 13241 D HarmanHAL: StreamIn::getCapturePositionImpl
09-07 14:31:29.674   512 13241 D HarmanHAL: StreamIn::getCapturePositionImpl
09-07 14:31:29.707   512 13133 I HarmanHal.Routing: hacs alsa node(pcmMicRefIn_c) adtm interval_min:0 ms, inverval_max:11 ms, inverval_mean:8 ms!
09-07 14:31:29.707   512 13133 I HarmanHal.Routing:  in printADTM() PcmAlsaWrapper.cpp:876
09-07 14:31:29.712   512 13159 I HarmanHal.Routing: hacs alsa node(pcmBtHfp_ul_pro_p) adtm interval_min:2 ms, inverval_max:12 ms, inverval_mean:8 ms!
09-07 14:31:29.712   512 13159 I HarmanHal.Routing:  in printADTM() PcmAlsaWrapper.cpp:876
09-07 14:31:29.714   512 13241 D HarmanHAL: StreamIn::getCapturePositionImpl
09-07 14:31:29.774   512 13241 I chatty  : uid=1041(audioserver) reader identical 2 lines
09-07 14:31:29.804   512 13241 D HarmanHAL: StreamIn::getCapturePositionImpl
09-07 14:31:29.814   512 13169 I HarmanHal.Routing: hacs alsa node(pcmBtHfp_dl_pre_c) adtm interval_min:0 ms, inverval_max:11 ms, inverval_mean:8 ms!
09-07 14:31:29.814   512 13169 I HarmanHal.Routing:  in printADTM() PcmAlsaWrapper.cpp:876
09-07 14:31:29.814   512 13169 I HarmanHal.Routing: hacs alsa node(pcmHfp_dl_p) adtm interval_min:0 ms, inverval_max:12 ms, inverval_mean:7 ms!
09-07 14:31:29.814   512 13169 I HarmanHal.Routing:  in printADTM() PcmAlsaWrapper.cpp:876
09-07 14:31:29.835   512 13241 D HarmanHAL: StreamIn::getCapturePositionImpl
09-07 14:31:30.065   512 13241 I chatty  : uid=1041(audioserver) reader identical 7 lines
09-07 14:31:30.094   512 13241 D HarmanHAL: StreamIn::getCapturePositionImpl
09-07 14:31:30.118   512 13158 D AudioProcessing: sseApply [handle 0xbc80d90][type 512] start..
09-07 14:31:30.118   512 13158 D AudioProcessing: sseProcess ul audioIO content print-1 [256] [2] [4] [1] 
09-07 14:31:30.118   512 13158 D AudioProcessing: sseProcess ul audioIO content print-2 [6] [1] [0x3bcbc5a0] [0x5bc7ede0] 
09-07 14:31:30.118   512 13158 D AudioProcessing: sseProcess ul audioIO content print-3 [0x1bca1320 [0x8bc84110] [0x1bc9f9b0] sse->pMain is [0x2bca4a60] 
09-07 14:31:30.119   512 13158 D AudioProcessing: sseProcess ul [handle 0xbc80d90]  ret[0]
09-07 14:31:30.119   512 13158 D AudioProcessing: sseProcess ul AudioBufferSampleCnt[256] type[512] finish..
09-07 14:31:30.124   512 13241 D HarmanHAL: StreamIn::getCapturePositionImpl
09-07 14:31:30.155   512 13241 D HarmanHAL: StreamIn::getCapturePositionImpl
09-07 14:31:30.174   532   569 W ipcLib  : ipcLib: in ipc_lib. DV1 read called
09-07 14:31:30.175   532   568 I VPS     : VPS:IOCStatusInfo.VoltageStatus->0 
09-07 14:31:30.175   532   568 I VPS     : VPS:IOCStatusInfo.IOCStatusCmd->a6 
09-07 14:31:30.175   532   568 I VPS     : VPS:IOCStatusInfo.WakeUpReason->0 
09-07 14:31:30.175   532   568 I VPS     : VPS:IOCStatusInfo.DerivedIgnitionStatus->0 
09-07 14:31:30.175   532   568 I VPS     : VPS:IOCStatusInfo.PowerModeState->4 
09-07 14:31:30.175   532   568 I VPS     : VPS:IOCStatusInfo.SOCShutdownRequest->0 
09-07 14:31:30.175   532   568 I VPS     : VPS:IOCStatusInfo.AntiTheftState->0 
09-07 14:31:30.175   532   568 I VPS     : VPS:IOCStatusInfo.BatteryConnect->0 
09-07 14:31:30.194   512 13241 D HarmanHAL: StreamIn::getCapturePositionImpl
09-07 14:31:30.223   512 13169 D AudioProcessing: sseApply [handle 0xbc83090][type 768] start..
09-07 14:31:30.223   512 13169 D AudioProcessing: sseProcess dl audioIO content print-1 [256] [2] [1] [1] 
09-07 14:31:30.223   512 13169 D AudioProcessing: sseProcess dl audioIO content print-2 [1] [1] [0x0xb40000763bcc28d0] [0x0xb40000761bca6b00] 
09-07 14:31:30.223   512 13169 D AudioProcessing: sseProcess dl audioIO content print-3 [0x0xb40000761bca7fd0] [0x0xb40000761bcabe40] [0x0xb40000761bca5880] sse->pMain is [0x0xb40000772bcb4e80] 
09-07 14:31:30.224   512 13169 D AudioProcessing: sseProcess dl [handle 0xbc83090] ret[0]
09-07 14:31:30.224   512 13169 D AudioProcessing: sseProcess dl AudioBufferSampleCnt[256] type[768] finish..
09-07 14:31:30.224   512 13241 D HarmanHAL: StreamIn::getCapturePositionImpl
09-07 14:31:30.254   512 13241 D HarmanHAL: StreamIn::getCapturePositionImpl
09-07 14:31:30.280   512  3972 I HarmanHal.Routing: hacs alsa node(pcmMedia_p) adtm interval_min:0 ms, inverval_max:11 ms, inverval_mean:8 ms!
09-07 14:31:30.280   512  3972 I HarmanHal.Routing:  in printADTM() PcmAlsaWrapper.cpp:876
09-07 14:31:30.284   512 13241 D HarmanHAL: StreamIn::getCapturePositionImpl
09-07 14:31:30.385   512 13241 I chatty  : uid=1041(audioserver) reader identical 3 lines
09-07 14:31:30.414   512 13241 D HarmanHAL: StreamIn::getCapturePositionImpl
09-07 14:31:30.427   536   536 I vendor.harman.p: type=1400 audit(0.0:3934): avc: denied { dac_read_search } for capability=2 scontext=u:r:pathologyd:s0 tcontext=u:r:pathologyd:s0 tclass=capability permissive=1
09-07 14:31:30.427   536   536 I vendor.harman.p: type=1400 audit(0.0:3935): avc: denied { read } for name="tombstones" dev="dm-4" ino=90113 scontext=u:r:pathologyd:s0 tcontext=u:object_r:tombstone_data_file:s0 tclass=dir permissive=1
09-07 14:31:30.427   536   536 I vendor.harman.p: type=1400 audit(0.0:3936): avc: denied { open } for path="/data/tombstones" dev="dm-4" ino=90113 scontext=u:r:pathologyd:s0 tcontext=u:object_r:tombstone_data_file:s0 tclass=dir permissive=1
09-07 14:31:30.444   512 13241 D HarmanHAL: StreamIn::getCapturePositionImpl
09-07 14:31:30.474   512 13241 D HarmanHAL: StreamIn::getCapturePositionImpl
09-07 14:31:30.482   538   618 W ipcLib  : ipcLib: in ipc_lib. DV1 read called
09-07 14:31:30.514   512 13241 D HarmanHAL: StreamIn::getCapturePositionImpl
09-07 14:31:30.574   512 13241 I chatty  : uid=1041(audioserver) reader identical 2 lines
09-07 14:31:30.605   512 13241 D HarmanHAL: StreamIn::getCapturePositionImpl
09-07 14:31:30.634   512 13241 I HarmanHal.Routing: hacs alsa node(pcmTunerIn_c) adtm interval_min:29 ms, inverval_max:40 ms, inverval_mean:31 ms!
09-07 14:31:30.634   512 13241 I HarmanHal.Routing:  in printADTM() PcmAlsaWrapper.cpp:876
09-07 14:31:30.635   512 13241 D HarmanHAL: StreamIn::getCapturePositionImpl
09-07 14:31:30.674   512 13241 I chatty  : uid=1041(audioserver) reader identical 1 line
09-07 14:31:30.705   512 13241 D HarmanHAL: StreamIn::getCapturePositionImpl
09-07 14:31:30.706   512 13133 I HarmanHal.Routing: hacs alsa node(pcmMicRefIn_c) adtm interval_min:0 ms, inverval_max:11 ms, inverval_mean:7 ms!
09-07 14:31:30.706   512 13133 I HarmanHal.Routing:  in printADTM() PcmAlsaWrapper.cpp:876
09-07 14:31:30.711   512 13159 I HarmanHal.Routing: hacs alsa node(pcmBtHfp_ul_pro_p) adtm interval_min:2 ms, inverval_max:11 ms, inverval_mean:7 ms!
09-07 14:31:30.711   512 13159 I HarmanHal.Routing:  in printADTM() PcmAlsaWrapper.cpp:876
09-07 14:31:30.735   512 13241 D HarmanHAL: StreamIn::getCapturePositionImpl
09-07 14:31:30.764   512 13241 I chatty  : uid=1041(audioserver) reader identical 1 line
09-07 14:31:30.794   512 13241 D HarmanHAL: StreamIn::getCapturePositionImpl
09-07 14:31:30.813   512 13169 I HarmanHal.Routing: hacs alsa node(pcmBtHfp_dl_pre_c) adtm interval_min:0 ms, inverval_max:11 ms, inverval_mean:7 ms!
09-07 14:31:30.813   512 13169 I HarmanHal.Routing:  in printADTM() PcmAlsaWrapper.cpp:876
09-07 14:31:30.814   512 13169 I HarmanHal.Routing: hacs alsa node(pcmHfp_dl_p) adtm interval_min:0 ms, inverval_max:11 ms, inverval_mean:8 ms!
09-07 14:31:30.814   512 13169 I HarmanHal.Routing:  in printADTM() PcmAlsaWrapper.cpp:876
09-07 14:31:30.834   512 13241 D HarmanHAL: StreamIn::getCapturePositionImpl
09-07 14:31:30.895   512 13241 I chatty  : uid=1041(audioserver) reader identical 2 lines
09-07 14:31:30.925   512 13241 D HarmanHAL: StreamIn::getCapturePositionImpl
09-07 14:31:30.931   536   536 I vendor.harman.p: type=1400 audit(0.0:3937): avc: denied { search } for name="tombstones" dev="dm-4" ino=90113 scontext=u:r:pathologyd:s0 tcontext=u:object_r:tombstone_data_file:s0 tclass=dir permissive=1
09-07 14:31:30.931   536   536 I vendor.harman.p: type=1400 audit(0.0:3938): avc: denied { read } for name="tombstone_44" dev="dm-4" ino=90157 scontext=u:r:pathologyd:s0 tcontext=u:object_r:tombstone_data_file:s0 tclass=file permissive=1
01-01 00:06:33.926     0     0 W audit   : audit_lost=2015 audit_rate_limit=5 audit_backlog_limit=64
01-01 00:06:33.926     0     0 E audit   : rate limit exceeded
09-07 14:31:30.941   536   612 E pathology: [ProcessCrashHandler:: parseTombstoneFileName]string not found
09-07 14:31:30.941   536   612 I chatty  : uid=0(root) vendor.harman.p identical 4 lines
09-07 14:31:30.941   536   612 E pathology: [ProcessCrashHandler:: parseTombstoneFileName]string not found
09-07 14:31:30.955   512 13241 D HarmanHAL: StreamIn::getCapturePositionImpl
09-07 14:31:31.245   512 13241 I chatty  : uid=1041(audioserver) reader identical 9 lines
09-07 14:31:31.274   512 13241 D HarmanHAL: StreamIn::getCapturePositionImpl
09-07 14:31:31.280   512  3972 I HarmanHal.Routing: hacs alsa node(pcmMedia_p) adtm interval_min:1 ms, inverval_max:11 ms, inverval_mean:8 ms!
09-07 14:31:31.280   512  3972 I HarmanHal.Routing:  in printADTM() PcmAlsaWrapper.cpp:876
09-07 14:31:31.315   512 13241 D HarmanHAL: StreamIn::getCapturePositionImpl
09-07 14:31:31.434   512 13241 I chatty  : uid=1041(audioserver) reader identical 4 lines
09-07 14:31:31.474   512 13241 D HarmanHAL: StreamIn::getCapturePositionImpl
09-07 14:31:31.482   538   618 W ipcLib  : ipcLib: in ipc_lib. DV1 read called
09-07 14:31:31.505   512 13241 D HarmanHAL: StreamIn::getCapturePositionImpl
09-07 14:31:31.564   512 13241 I chatty  : uid=1041(audioserver) reader identical 2 lines
09-07 14:31:31.595   512 13241 D HarmanHAL: StreamIn::getCapturePositionImpl
09-07 14:31:31.634   512 13241 I HarmanHal.Routing: hacs alsa node(pcmTunerIn_c) adtm interval_min:29 ms, inverval_max:40 ms, inverval_mean:32 ms!
09-07 14:31:31.634   512 13241 I HarmanHal.Routing:  in printADTM() PcmAlsaWrapper.cpp:876
09-07 14:31:31.635   512 13241 D HarmanHAL: StreamIn::getCapturePositionImpl
09-07 14:31:31.664   512 13241 I chatty  : uid=1041(audioserver) reader identical 1 line
09-07 14:31:31.694   512 13241 D HarmanHAL: StreamIn::getCapturePositionImpl
09-07 14:31:31.705   512 13133 I HarmanHal.Routing: hacs alsa node(pcmMicRefIn_c) adtm interval_min:0 ms, inverval_max:10 ms, inverval_mean:7 ms!
09-07 14:31:31.705   512 13133 I HarmanHal.Routing:  in printADTM() PcmAlsaWrapper.cpp:876
09-07 14:31:31.711   512 13159 I HarmanHal.Routing: hacs alsa node(pcmBtHfp_ul_pro_p) adtm interval_min:2 ms, inverval_max:12 ms, inverval_mean:8 ms!
09-07 14:31:31.711   512 13159 I HarmanHal.Routing:  in printADTM() PcmAlsaWrapper.cpp:876
09-07 14:31:31.717   512 13158 D AudioProcessing: sseApply [handle 0xbc80d90][type 512] start..
09-07 14:31:31.718   512 13158 D AudioProcessing: sseProcess ul audioIO content print-1 [256] [2] [4] [1] 
09-07 14:31:31.718   512 13158 D AudioProcessing: sseProcess ul audioIO content print-2 [6] [1] [0x3bcbc5a0] [0x5bc7ede0] 
09-07 14:31:31.718   512 13158 D AudioProcessing: sseProcess ul audioIO content print-3 [0x1bca1320 [0x8bc84110] [0x1bc9f9b0] sse->pMain is [0x2bca4a60] 
09-07 14:31:31.719   512 13158 D AudioProcessing: sseProcess ul [handle 0xbc80d90]  ret[0]
09-07 14:31:31.719   512 13158 D AudioProcessing: sseProcess ul AudioBufferSampleCnt[256] type[512] finish..
09-07 14:31:31.724   512 13241 D HarmanHAL: StreamIn::getCapturePositionImpl
09-07 14:31:31.754   512 13241 I chatty  : uid=1041(audioserver) reader identical 1 line
09-07 14:31:31.795   512 13241 D HarmanHAL: StreamIn::getCapturePositionImpl
09-07 14:31:31.814   512 13169 I HarmanHal.Routing: hacs alsa node(pcmBtHfp_dl_pre_c) adtm interval_min:0 ms, inverval_max:11 ms, inverval_mean:8 ms!
09-07 14:31:31.814   512 13169 I HarmanHal.Routing:  in printADTM() PcmAlsaWrapper.cpp:876
09-07 14:31:31.814   512 13169 I HarmanHal.Routing: hacs alsa node(pcmHfp_dl_p) adtm interval_min:0 ms, inverval_max:11 ms, inverval_mean:8 ms!
09-07 14:31:31.814   512 13169 I HarmanHal.Routing:  in printADTM() PcmAlsaWrapper.cpp:876
09-07 14:31:31.823   512 13169 D AudioProcessing: sseApply [handle 0xbc83090][type 768] start..
09-07 14:31:31.823   512 13169 D AudioProcessing: sseProcess dl audioIO content print-1 [256] [2] [1] [1] 
09-07 14:31:31.823   512 13169 D AudioProcessing: sseProcess dl audioIO content print-2 [1] [1] [0x0xb40000763bcc28d0] [0x0xb40000761bca6b00] 
09-07 14:31:31.823   512 13169 D AudioProcessing: sseProcess dl audioIO content print-3 [0x0xb40000761bca7fd0] [0x0xb40000761bcabe40] [0x0xb40000761bca5880] sse->pMain is [0x0xb40000772bcb4e80] 
09-07 14:31:31.824   512 13169 D AudioProcessing: sseProcess dl [handle 0xbc83090] ret[0]
09-07 14:31:31.824   512 13169 D AudioProcessing: sseProcess dl AudioBufferSampleCnt[256] type[768] finish..
09-07 14:31:31.824   512 13241 D HarmanHAL: StreamIn::getCapturePositionImpl
09-07 14:31:32.205   512 13241 I chatty  : uid=1041(audioserver) reader identical 12 lines
09-07 14:31:32.235   512 13241 D HarmanHAL: StreamIn::getCapturePositionImpl
09-07 14:31:32.240   911  4981 D BufferPoolAccessor2.0: bufferpool2 0xb400007205c6d498 : 2(1048576 size) total buffers - 1(524288 size) used buffers - 4418/4428 (recycle/alloc) - 25/4428 (fetch/transfer)
09-07 14:31:32.274   512 13241 D HarmanHAL: StreamIn::getCapturePositionImpl
09-07 14:31:32.274   532   569 W ipcLib  : ipcLib: in ipc_lib. DV1 read called
09-07 14:31:32.275   532   568 I VPS     : VPS:IOCStatusInfo.VoltageStatus->0 
09-07 14:31:32.275   532   568 I VPS     : VPS:IOCStatusInfo.IOCStatusCmd->a6 
09-07 14:31:32.275   532   568 I VPS     : VPS:IOCStatusInfo.WakeUpReason->0 
09-07 14:31:32.275   532   568 I VPS     : VPS:IOCStatusInfo.DerivedIgnitionStatus->0 
09-07 14:31:32.275   532   568 I VPS     : VPS:IOCStatusInfo.PowerModeState->4 
09-07 14:31:32.275   532   568 I VPS     : VPS:IOCStatusInfo.SOCShutdownRequest->0 
09-07 14:31:32.275   532   568 I VPS     : VPS:IOCStatusInfo.AntiTheftState->0 
09-07 14:31:32.275   532   568 I VPS     : VPS:IOCStatusInfo.BatteryConnect->0 
09-07 14:31:32.280   512  3972 I HarmanHal.Routing: hacs alsa node(pcmMedia_p) adtm interval_min:0 ms, inverval_max:10 ms, inverval_mean:8 ms!
09-07 14:31:32.280   512  3972 I HarmanHal.Routing:  in printADTM() PcmAlsaWrapper.cpp:876
09-07 14:31:32.305   512 13241 D HarmanHAL: StreamIn::getCapturePositionImpl
09-07 14:31:32.434   512 13241 I chatty  : uid=1041(audioserver) reader identical 4 lines
09-07 14:31:32.464   512 13241 D HarmanHAL: StreamIn::getCapturePositionImpl
09-07 14:31:32.482   538   618 W ipcLib  : ipcLib: in ipc_lib. DV1 read called
09-07 14:31:32.494   512 13241 D HarmanHAL: StreamIn::getCapturePositionImpl
09-07 14:31:32.554   512 13241 I chatty  : uid=1041(audioserver) reader identical 2 lines
09-07 14:31:32.595   512 13241 D HarmanHAL: StreamIn::getCapturePositionImpl
09-07 14:31:32.624   512 13241 I HarmanHal.Routing: hacs alsa node(pcmTunerIn_c) adtm interval_min:30 ms, inverval_max:40 ms, inverval_mean:31 ms!
09-07 14:31:32.624   512 13241 I HarmanHal.Routing:  in printADTM() PcmAlsaWrapper.cpp:876
09-07 14:31:32.625   512 13241 D HarmanHAL: StreamIn::getCapturePositionImpl
09-07 14:31:32.654   512 13241 I chatty  : uid=1041(audioserver) reader identical 1 line
09-07 14:31:32.684   512 13241 D HarmanHAL: StreamIn::getCapturePositionImpl
09-07 14:31:32.706   512 13133 I HarmanHal.Routing: hacs alsa node(pcmMicRefIn_c) adtm interval_min:0 ms, inverval_max:12 ms, inverval_mean:8 ms!
09-07 14:31:32.706   512 13133 I HarmanHal.Routing:  in printADTM() PcmAlsaWrapper.cpp:876
09-07 14:31:32.711   512 13159 I HarmanHal.Routing: hacs alsa node(pcmBtHfp_ul_pro_p) adtm interval_min:2 ms, inverval_max:12 ms, inverval_mean:8 ms!
09-07 14:31:32.711   512 13159 I HarmanHal.Routing:  in printADTM() PcmAlsaWrapper.cpp:876
09-07 14:31:32.714   512 13241 D HarmanHAL: StreamIn::getCapturePositionImpl
09-07 14:31:32.755   512 13241 I chatty  : uid=1041(audioserver) reader identical 1 line
09-07 14:31:32.784   512 13241 D HarmanHAL: StreamIn::getCapturePositionImpl
09-07 14:31:32.813   512 13169 I HarmanHal.Routing: hacs alsa node(pcmBtHfp_dl_pre_c) adtm interval_min:0 ms, inverval_max:11 ms, inverval_mean:7 ms!
09-07 14:31:32.813   512 13169 I HarmanHal.Routing:  in printADTM() PcmAlsaWrapper.cpp:876
09-07 14:31:32.814   512 13241 D HarmanHAL: StreamIn::getCapturePositionImpl
09-07 14:31:32.814   512 13169 I HarmanHal.Routing: hacs alsa node(pcmHfp_dl_p) adtm interval_min:0 ms, inverval_max:11 ms, inverval_mean:8 ms!
09-07 14:31:32.814   512 13169 I HarmanHal.Routing:  in printADTM() PcmAlsaWrapper.cpp:876
09-07 14:31:32.844   512 13241 D HarmanHAL: StreamIn::getCapturePositionImpl
09-07 14:31:33.234   512 13241 I chatty  : uid=1041(audioserver) reader identical 12 lines
09-07 14:31:33.264   512 13241 D HarmanHAL: StreamIn::getCapturePositionImpl
09-07 14:31:33.280   512  3972 I HarmanHal.Routing: hacs alsa node(pcmMedia_p) adtm interval_min:0 ms, inverval_max:11 ms, inverval_mean:8 ms!
09-07 14:31:33.280   512  3972 I HarmanHal.Routing:  in printADTM() PcmAlsaWrapper.cpp:876
09-07 14:31:33.294   512 13241 D HarmanHAL: StreamIn::getCapturePositionImpl
09-07 14:31:33.318   512 13158 D AudioProcessing: sseApply [handle 0xbc80d90][type 512] start..
09-07 14:31:33.318   512 13158 D AudioProcessing: sseProcess ul audioIO content print-1 [256] [2] [4] [1] 
09-07 14:31:33.318   512 13158 D AudioProcessing: sseProcess ul audioIO content print-2 [6] [1] [0x3bcbc5a0] [0x5bc7ede0] 
09-07 14:31:33.318   512 13158 D AudioProcessing: sseProcess ul audioIO content print-3 [0x1bca1320 [0x8bc84110] [0x1bc9f9b0] sse->pMain is [0x2bca4a60] 
09-07 14:31:33.319   512 13158 D AudioProcessing: sseProcess ul [handle 0xbc80d90]  ret[0]
09-07 14:31:33.319   512 13158 D AudioProcessing: sseProcess ul AudioBufferSampleCnt[256] type[512] finish..
09-07 14:31:33.324   512 13241 D HarmanHAL: StreamIn::getCapturePositionImpl
09-07 14:31:33.354   512 13241 I chatty  : uid=1041(audioserver) reader identical 1 line
09-07 14:31:33.395   512 13241 D HarmanHAL: StreamIn::getCapturePositionImpl
09-07 14:31:33.423   512 13169 D AudioProcessing: sseApply [handle 0xbc83090][type 768] start..
09-07 14:31:33.423   512 13169 D AudioProcessing: sseProcess dl audioIO content print-1 [256] [2] [1] [1] 
09-07 14:31:33.423   512 13169 D AudioProcessing: sseProcess dl audioIO content print-2 [1] [1] [0x0xb40000763bcc28d0] [0x0xb40000761bca6b00] 
09-07 14:31:33.423   512 13169 D AudioProcessing: sseProcess dl audioIO content print-3 [0x0xb40000761bca7fd0] [0x0xb40000761bcabe40] [0x0xb40000761bca5880] sse->pMain is [0x0xb40000772bcb4e80] 
09-07 14:31:33.424   512 13169 D AudioProcessing: sseProcess dl [handle 0xbc83090] ret[0]
09-07 14:31:33.424   512 13169 D AudioProcessing: sseProcess dl AudioBufferSampleCnt[256] type[768] finish..
09-07 14:31:33.425   512 13241 D HarmanHAL: StreamIn::getCapturePositionImpl
09-07 14:31:33.454   512 13241 D HarmanHAL: StreamIn::getCapturePositionImpl
09-07 14:31:33.482   538   618 W ipcLib  : ipcLib: in ipc_lib. DV1 read called
09-07 14:31:33.484   512 13241 D HarmanHAL: StreamIn::getCapturePositionImpl
09-07 14:31:33.555   512 13241 I chatty  : uid=1041(audioserver) reader identical 2 lines
09-07 14:31:33.584   512 13241 D HarmanHAL: StreamIn::getCapturePositionImpl
09-07 14:31:33.614   512 13241 I HarmanHal.Routing: hacs alsa node(pcmTunerIn_c) adtm interval_min:29 ms, inverval_max:40 ms, inverval_mean:31 ms!
09-07 14:31:33.614   512 13241 I HarmanHal.Routing:  in printADTM() PcmAlsaWrapper.cpp:876
09-07 14:31:33.614   512 13241 D HarmanHAL: StreamIn::getCapturePositionImpl
09-07 14:31:33.644   512 13241 I chatty  : uid=1041(audioserver) reader identical 1 line
09-07 14:31:33.674   512 13241 D HarmanHAL: StreamIn::getCapturePositionImpl
09-07 14:31:33.706   512 13133 I HarmanHal.Routing: hacs alsa node(pcmMicRefIn_c) adtm interval_min:0 ms, inverval_max:11 ms, inverval_mean:8 ms!
09-07 14:31:33.706   512 13133 I HarmanHal.Routing:  in printADTM() PcmAlsaWrapper.cpp:876
09-07 14:31:33.711   512 13159 I HarmanHal.Routing: hacs alsa node(pcmBtHfp_ul_pro_p) adtm interval_min:2 ms, inverval_max:12 ms, inverval_mean:8 ms!
09-07 14:31:33.711   512 13159 I HarmanHal.Routing:  in printADTM() PcmAlsaWrapper.cpp:876
09-07 14:31:33.714   512 13241 D HarmanHAL: StreamIn::getCapturePositionImpl
09-07 14:31:33.774   512 13241 I chatty  : uid=1041(audioserver) reader identical 2 lines
09-07 14:31:33.804   512 13241 D HarmanHAL: StreamIn::getCapturePositionImpl
09-07 14:31:33.814   512 13169 I HarmanHal.Routing: hacs alsa node(pcmBtHfp_dl_pre_c) adtm interval_min:0 ms, inverval_max:10 ms, inverval_mean:8 ms!
09-07 14:31:33.814   512 13169 I HarmanHal.Routing:  in printADTM() PcmAlsaWrapper.cpp:876
09-07 14:31:33.814   512 13169 I HarmanHal.Routing: hacs alsa node(pcmHfp_dl_p) adtm interval_min:0 ms, inverval_max:11 ms, inverval_mean:8 ms!
09-07 14:31:33.814   512 13169 I HarmanHal.Routing:  in printADTM() PcmAlsaWrapper.cpp:876
09-07 14:31:33.834   512 13241 D HarmanHAL: StreamIn::getCapturePositionImpl
09-07 14:31:33.965   512 13241 I chatty  : uid=1041(audioserver) reader identical 4 lines
09-07 14:31:33.995   512 13241 D HarmanHAL: StreamIn::getCapturePositionImpl
09-07 14:31:34.000   532   569 I VPS     : VPS:VehiclePlatformSOCHeartBeatHandler IVI HeartBeat sent successfully SOCHeartBeatInfo.SOCStatus->2
09-07 14:31:34.000   532   569 W ipcLib  : ipcLib: in ipc_lib. DV1 write called
09-07 14:31:34.001   532   569 W ipcLib  : ipcLib: in ipc_lib. DV1 read called
09-07 14:31:34.035   512 13241 D HarmanHAL: StreamIn::getCapturePositionImpl
09-07 14:31:34.224   512 13241 I chatty  : uid=1041(audioserver) reader identical 6 lines
09-07 14:31:34.254   512 13241 D HarmanHAL: StreamIn::getCapturePositionImpl
09-07 14:31:34.280   512  3972 I HarmanHal.Routing: hacs alsa node(pcmMedia_p) adtm interval_min:1 ms, inverval_max:10 ms, inverval_mean:8 ms!
09-07 14:31:34.280   512  3972 I HarmanHal.Routing:  in printADTM() PcmAlsaWrapper.cpp:876
09-07 14:31:34.284   512 13241 D HarmanHAL: StreamIn::getCapturePositionImpl
01-01 00:06:37.273     0     0 I init    : starting service 'qccsyshalservice'...
01-01 00:06:37.279     0     0 I init    : starting service 'vendor.sensors-hal-1-0'...
01-01 00:06:37.287     0     0 I init    : starting service 'LogManager'...
09-07 14:31:34.299 20328 20328 I qccsyshalservice: Start with system binder
09-07 14:31:34.300 20328 20328 I qccsyshalservice: Registering qccsyshal service...
09-07 14:31:34.301   376   376 I hwservicemanager: getTransport: Cannot find entry vendor.qti.hardware.qccsyshal@1.0::IQccsyshal/qccsyshal in either framework or device manifest.
09-07 14:31:34.302 20328 20328 E HidlServiceManagement: Service vendor.qti.hardware.qccsyshal@1.0::IQccsyshal/qccsyshal must be in VINTF manifest in order to register/get.
09-07 14:31:34.303 20328 20328 E qccsyshalservice: [ERROR] registerAsService() failed with status: -2147483648
09-07 14:31:34.315   512 13241 D HarmanHAL: StreamIn::getCapturePositionImpl
01-01 00:06:37.304     0     0 I init    : Service 'qccsyshalservice' (pid 20328) exited with status 1
01-01 00:06:37.304     0     0 I init    : Sending signal 9 to service 'qccsyshalservice' (pid 20328) process group...
01-01 00:06:37.305     0     0 I libprocessgroup: Successfully killed process cgroup uid 1000 pid 20328 in 0ms
09-07 14:31:34.324   376   376 I hwservicemanager: getTransport: Cannot find entry android.hardware.sensors@1.0::ISensors/default in either framework or device manifest.
09-07 14:31:34.323 20330 20330 I vendor.harman.L: type=1400 audit(0.0:3945): avc: denied { read } for name="u:object_r:hwservicemanager_prop:s0" dev="tmpfs" ino=24519 scontext=u:r:logmanagerd:s0 tcontext=u:object_r:hwservicemanager_prop:s0 tclass=file permissive=1
09-07 14:31:34.323 20330 20330 I vendor.harman.L: type=1400 audit(0.0:3946): avc: denied { open } for path="/dev/__properties__/u:object_r:hwservicemanager_prop:s0" dev="tmpfs" ino=24519 scontext=u:r:logmanagerd:s0 tcontext=u:object_r:hwservicemanager_prop:s0 tclass=file permissive=1
09-07 14:31:34.323 20330 20330 I vendor.harman.L: type=1400 audit(0.0:3947): avc: denied { getattr } for path="/dev/__properties__/u:object_r:hwservicemanager_prop:s0" dev="tmpfs" ino=24519 scontext=u:r:logmanagerd:s0 tcontext=u:object_r:hwservicemanager_prop:s0 tclass=file permissive=1
09-07 14:31:34.323 20330 20330 I vendor.harman.L: type=1400 audit(0.0:3948): avc: denied { map } for path="/dev/__properties__/u:object_r:hwservicemanager_prop:s0" dev="tmpfs" ino=24519 scontext=u:r:logmanagerd:s0 tcontext=u:object_r:hwservicemanager_prop:s0 tclass=file permissive=1
09-07 14:31:34.326 20330 20330 D LOGMANAGER: LOGMANAGER HAL service init() start
09-07 14:31:34.326 20329 20329 E android.hardware.sensors@1.0-service: Couldn't load sensors module (Unknown error -2147483648)
09-07 14:31:34.326 20329 20329 D RefBase : RefBase: Explicit destruction, weak count = 0 (in 0xb400007a98fa3868)
09-07 14:31:34.326 20329 20329 W RefBase : CallStack::getCurrentInternal not linked, returning null
09-07 14:31:34.326 20329 20329 W RefBase : CallStack::logStackInternal not linked
01-01 00:06:37.318     0     0 I init    : Service 'vendor.sensors-hal-1-0' (pid 20329) exited with status 1
09-07 14:31:34.326 20330 20330 D LOGMANAGER: Logmanager configured rpcthreadpool
01-01 00:06:37.318     0     0 I init    : Sending signal 9 to service 'vendor.sensors-hal-1-0' (pid 20329) process group...
09-07 14:31:34.327 20329 20329 E LegacySupport: Could not get passthrough implementation for android.hardware.sensors@1.0::ISensors/default.
09-07 14:31:34.329 20330 20330 I HidlServiceManagement: Registered vendor.harman.hardware.LogManager@1.0::ILogManager/default
09-07 14:31:34.329 20330 20330 D LOGMANAGER: Logmanager HAL Service is registered and ready
09-07 14:31:34.329 20330 20330 I LOGMANAGER: ThreadPoolWrapper::initThreadPool
09-07 14:31:34.330 20330 20330 I LOGMANAGER: ThreadPoolWrapper : exit
09-07 14:31:34.330 20330 20330 D LOGMANAGER: Logmanager threadpoolwrapper created
09-07 14:31:34.330 20330 20330 D LOGMANAGER: User argument is -c
09-07 14:31:34.330 20330 20331 I LOGMANAGER: ThreadPoolWrapper:  enter the joinRpcThreadpool()
01-01 00:06:37.318     0     0 I libprocessgroup: Successfully killed process cgroup uid 1000 pid 20329 in 0ms
09-07 14:31:34.330 20330 20330 I LOGMANAGER: LogmanagerConfig is configured under config file
01-01 00:06:37.320     0     0 W audit   : audit_lost=2021 audit_rate_limit=5 audit_backlog_limit=64
09-07 14:31:34.330 20330 20330 I LOGMANAGER: LoggingLevel is : 4
09-07 14:31:34.330 20330 20330 I LOGMANAGER: LogEnableState is : 0
01-01 00:06:37.320     0     0 E audit   : rate limit exceeded
09-07 14:31:34.330 20330 20330 I LOGMANAGER: OutputPluginConfiguration PluginType : LOGWRITTER
09-07 14:31:34.330 20330 20330 I LOGMANAGER: LM_OutputConfiguration : 1
09-07 14:31:34.330 20330 20330 I LOGMANAGER: LM_OfflineTraceDirectory : /data/cache
09-07 14:31:34.330 20330 20330 I LOGMANAGER: LM_OfflineTraceFILESize : 1000000
09-07 14:31:34.330 20330 20330 I LOGMANAGER: LM_OfflineTotalFILESSize : 20000000
09-07 14:31:34.330 20330 20330 I LOGMANAGER: LM_FileNameTimeStampBased : 0
09-07 14:31:34.330 20330 20330 I LOGMANAGER: Got IOC plugin
09-07 14:31:34.330 20330 20330 I LOGMANAGER: IOCIPCChannelNumber :6
09-07 14:31:34.330 20330 20330 I LOGMANAGER: keyseq: HOME + VOLUMEDOWN  for domain is AudioDump
09-07 14:31:34.330 20330 20330 I LOGMANAGER: keyseq: HOME + VOLUMEUP  for domain is HCIDump
09-07 14:31:34.330 20330 20330 I LOGMANAGER: Domains parsing is done
09-07 14:31:34.336 20330 20330 E LOGMANAGER: Failed to load plugin /vendor/lib64/libIOCDLogReader.so with error code dlopen failed: library "/vendor/lib64/libIOCDLogReader.so" not found 
09-07 14:31:34.336 20330 20330 F libc    : Fatal signal 11 (SIGSEGV), code 1 (SEGV_MAPERR), fault addr 0x0 in tid 20330 (vendor.harman.L), pid 20330 (vendor.harman.L)
09-07 14:31:34.327 20330 20330 I vendor.harman.L: type=1400 audit(0.0:3949): avc: denied { dac_read_search } for capability=2 scontext=u:r:logmanagerd:s0 tcontext=u:r:logmanagerd:s0 tclass=capability permissive=1
09-07 14:31:34.355   512 13241 D HarmanHAL: StreamIn::getCapturePositionImpl
09-07 14:31:34.366 20337 20337 I crash_dump64: obtaining output fd from tombstoned, type: kDebuggerdTombstone
09-07 14:31:34.368   463   463 I tombstoned: received crash request for pid 20330
09-07 14:31:34.368 20337 20337 I crash_dump64: performing dump of process 20330 (target tid = 20330)
09-07 14:31:34.371 20337 20337 F DEBUG   : *** *** *** *** *** *** *** *** *** *** *** *** *** *** *** ***
09-07 14:31:34.372 20337 20337 F DEBUG   : Build fingerprint: 'qti/titan_tml_b2/titan_tml_b2:11/RQ3A.210605.005/eng.ksong.20210907.134230:userdebug/test-keys'
09-07 14:31:34.372 20337 20337 F DEBUG   : Revision: '0'
09-07 14:31:34.372 20337 20337 F DEBUG   : ABI: 'arm64'
09-07 14:31:34.373 20337 20337 F DEBUG   : Timestamp: 2021-09-07 14:31:34+0000
09-07 14:31:34.373 20337 20337 F DEBUG   : pid: 20330, tid: 20330, name: vendor.harman.L  >>> /vendor/bin/hw/vendor.harman.LogManager@1.0-service <<<
09-07 14:31:34.373 20337 20337 F DEBUG   : uid: 0
09-07 14:31:34.373 20337 20337 F DEBUG   : signal 11 (SIGSEGV), code 1 (SEGV_MAPERR), fault addr 0x0
09-07 14:31:34.373 20337 20337 F DEBUG   : Cause: null pointer dereference
09-07 14:31:34.373 20337 20337 F DEBUG   :     x0  0000000000000000  x1  0000000000000000  x2  0000000000080001  x3  0000000000000000
09-07 14:31:34.373 20337 20337 F DEBUG   :     x4  0000000000000000  x5  0000000000000090  x6  fefefefefefefeff  x7  7f7f7f7f7f7f7f7f
09-07 14:31:34.373 20337 20337 F DEBUG   :     x8  0101010101010101  x9  aa0485f973ef4a73  x10 0000007fdcf8d1d8  x11 fffffffffffffffd
09-07 14:31:34.374 20337 20337 F DEBUG   :     x12 0000007fdcf8d360  x13 000000000000008e  x14 0013c9ea6fad8400  x15 0000000034155555
09-07 14:31:34.374 20337 20337 F DEBUG   :     x16 00000062299e57e0  x17 000000780621db30  x18 0000007806c80000  x19 0000000000000000
09-07 14:31:34.374 20337 20337 F DEBUG   :     x20 0000007805cacc50  x21 0000007fdcf8da79  x22 b400007705b24248  x23 0000007fdcf8da98
09-07 14:31:34.374 20337 20337 F DEBUG   :     x24 0000000000000000  x25 000000780675d000  x26 0000007fdcf8da79  x27 0000007fdcf8da49
09-07 14:31:34.374 20337 20337 F DEBUG   :     x28 0000000000000000  x29 0000007fdcf8d980
09-07 14:31:34.374 20337 20337 F DEBUG   :     lr  00000062299dc048  sp  0000007fdcf8d980  pc  000000780621db40  pst 0000000080000000
09-07 14:31:34.375   532   569 W ipcLib  : ipcLib: in ipc_lib. DV1 read called
09-07 14:31:34.375   532   568 I VPS     : VPS:IOCStatusInfo.VoltageStatus->0 
09-07 14:31:34.375   532   568 I VPS     : VPS:IOCStatusInfo.IOCStatusCmd->a6 
09-07 14:31:34.375   532   568 I VPS     : VPS:IOCStatusInfo.WakeUpReason->0 
09-07 14:31:34.375   532   568 I VPS     : VPS:IOCStatusInfo.DerivedIgnitionStatus->0 
09-07 14:31:34.375   532   568 I VPS     : VPS:IOCStatusInfo.PowerModeState->4 
09-07 14:31:34.375   532   568 I VPS     : VPS:IOCStatusInfo.SOCShutdownRequest->0 
09-07 14:31:34.376   532   568 I VPS     : VPS:IOCStatusInfo.AntiTheftState->0 
09-07 14:31:34.376   532   568 I VPS     : VPS:IOCStatusInfo.BatteryConnect->0 
09-07 14:31:34.378 20337 20337 F DEBUG   : backtrace:
09-07 14:31:34.378 20337 20337 F DEBUG   :       #00 pc 000000000004ab40  /apex/com.android.runtime/lib64/bionic/libc.so (strlen_default+16) (BuildId: 2b7c6e33413ac7278a15dfc3ea383089)
09-07 14:31:34.378 20337 20337 F DEBUG   :       #01 pc 0000000000009044  /vendor/bin/hw/vendor.harman.LogManager@1.0-service (BuildId: 3e966ab64050b441b920ba0e8960d123)
09-07 14:31:34.379 20337 20337 F DEBUG   :       #02 pc 0000000000008df0  /vendor/bin/hw/vendor.harman.LogManager@1.0-service (LM::LogManagerImpl::load_plugin_conf(void*, std::__1::basic_string<char, std::__1::char_traits<char>, std::__1::allocator<char> >, std::__1::multimap<std::__1::basic_string<char, std::__1::char_traits<char>, std::__1::allocator<char> >, int, std::__1::less<std::__1::basic_string<char, std::__1::char_traits<char>, std::__1::allocator<char> > >, std::__1::allocator<std::__1::pair<std::__1::basic_string<char, std::__1::char_traits<char>, std::__1::allocator<char> > const, int> > >&)+752) (BuildId: 3e966ab64050b441b920ba0e8960d123)
09-07 14:31:34.379 20337 20337 F DEBUG   :       #03 pc 00000000000088c0  /vendor/bin/hw/vendor.harman.LogManager@1.0-service (LM::LogManagerImpl::loadplugins()+436) (BuildId: 3e966ab64050b441b920ba0e8960d123)
09-07 14:31:34.379 20337 20337 F DEBUG   :       #04 pc 0000000000007af8  /vendor/bin/hw/vendor.harman.LogManager@1.0-service (main+1112) (BuildId: 3e966ab64050b441b920ba0e8960d123)
09-07 14:31:34.379 20337 20337 F DEBUG   :       #05 pc 000000000004988c  /apex/com.android.runtime/lib64/bionic/libc.so (__libc_init+108) (BuildId: 2b7c6e33413ac7278a15dfc3ea383089)
09-07 14:31:34.384   512 13241 D HarmanHAL: StreamIn::getCapturePositionImpl
09-07 14:31:34.457  1033  1270 W NativeCrashListener: Couldn't find ProcessRecord for pid 20330
09-07 14:31:34.414   512 13241 I chatty  : uid=1041(audioserver) reader identical 1 line
09-07 14:31:34.445   512 13241 D HarmanHAL: StreamIn::getCapturePositionImpl
09-07 14:31:34.458 20337 20337 E crash_dump64: AM data write failed: Broken pipe
09-07 14:31:34.459   463   463 E tombstoned: Tombstone written to: /data/tombstones/tombstone_45
01-01 00:06:37.449     0     0 I init    : Untracked pid 20337 exited with status 0
09-07 14:31:34.466  1033  1095 I BootReceiver: Copying /data/tombstones/tombstone_45 to DropBox (SYSTEM_TOMBSTONE)
09-07 14:31:34.468  1033  1095 I DropBoxManagerService: add tag=SYSTEM_TOMBSTONE isTagEnabled=true flags=0x2
09-07 14:31:34.474   512 13241 D HarmanHAL: StreamIn::getCapturePositionImpl
09-07 14:31:34.482   538   618 W ipcLib  : ipcLib: in ipc_lib. DV1 read called
09-07 14:31:34.515   512 13241 D HarmanHAL: StreamIn::getCapturePositionImpl
09-07 14:31:34.544   512 13241 I chatty  : uid=1041(audioserver) reader identical 1 line
09-07 14:31:34.574   512 13241 D HarmanHAL: StreamIn::getCapturePositionImpl
09-07 14:31:34.604   512 13241 I HarmanHal.Routing: hacs alsa node(pcmTunerIn_c) adtm interval_min:30 ms, inverval_max:40 ms, inverval_mean:31 ms!
09-07 14:31:34.604   512 13241 I HarmanHal.Routing:  in printADTM() PcmAlsaWrapper.cpp:876
09-07 14:31:34.605   512 13241 D HarmanHAL: StreamIn::getCapturePositionImpl
09-07 14:31:34.674   512 13241 I chatty  : uid=1041(audioserver) reader identical 2 lines
09-07 14:31:34.705   512 13241 D HarmanHAL: StreamIn::getCapturePositionImpl
09-07 14:31:34.706   512 13133 I HarmanHal.Routing: hacs alsa node(pcmMicRefIn_c) adtm interval_min:0 ms, inverval_max:11 ms, inverval_mean:7 ms!
09-07 14:31:34.706   512 13133 I HarmanHal.Routing:  in printADTM() PcmAlsaWrapper.cpp:876
09-07 14:31:34.711   512 13159 I HarmanHal.Routing: hacs alsa node(pcmBtHfp_ul_pro_p) adtm interval_min:2 ms, inverval_max:12 ms, inverval_mean:8 ms!
09-07 14:31:34.711   512 13159 I HarmanHal.Routing:  in printADTM() PcmAlsaWrapper.cpp:876
09-07 14:31:34.734   512 13241 D HarmanHAL: StreamIn::getCapturePositionImpl
09-07 14:31:34.764   512 13241 I chatty  : uid=1041(audioserver) reader identical 1 line
09-07 14:31:34.794   512 13241 D HarmanHAL: StreamIn::getCapturePositionImpl
09-07 14:31:34.813   512 13169 I HarmanHal.Routing: hacs alsa node(pcmBtHfp_dl_pre_c) adtm interval_min:0 ms, inverval_max:11 ms, inverval_mean:7 ms!
09-07 14:31:34.813   512 13169 I HarmanHal.Routing:  in printADTM() PcmAlsaWrapper.cpp:876
09-07 14:31:34.814   512 13169 I HarmanHal.Routing: hacs alsa node(pcmHfp_dl_p) adtm interval_min:0 ms, inverval_max:12 ms, inverval_mean:8 ms!
09-07 14:31:34.814   512 13169 I HarmanHal.Routing:  in printADTM() PcmAlsaWrapper.cpp:876
09-07 14:31:34.834   512 13241 D HarmanHAL: StreamIn::getCapturePositionImpl
09-07 14:31:34.865   512 13241 I chatty  : uid=1041(audioserver) reader identical 1 line
09-07 14:31:34.894   512 13241 D HarmanHAL: StreamIn::getCapturePositionImpl
09-07 14:31:34.917   512 13158 D AudioProcessing: sseApply [handle 0xbc80d90][type 512] start..
09-07 14:31:34.918   512 13158 D AudioProcessing: sseProcess ul audioIO content print-1 [256] [2] [4] [1] 
09-07 14:31:34.918   512 13158 D AudioProcessing: sseProcess ul audioIO content print-2 [6] [1] [0x3bcbc5a0] [0x5bc7ede0] 
09-07 14:31:34.918   512 13158 D AudioProcessing: sseProcess ul audioIO content print-3 [0x1bca1320 [0x8bc84110] [0x1bc9f9b0] sse->pMain is [0x2bca4a60] 
09-07 14:31:34.919   512 13158 D AudioProcessing: sseProcess ul [handle 0xbc80d90]  ret[0]
09-07 14:31:34.919   512 13158 D AudioProcessing: sseProcess ul AudioBufferSampleCnt[256] type[512] finish..
09-07 14:31:34.924   512 13241 D HarmanHAL: StreamIn::getCapturePositionImpl
09-07 14:31:34.955   512 13241 I chatty  : uid=1041(audioserver) reader identical 1 line
09-07 14:31:34.995   512 13241 D HarmanHAL: StreamIn::getCapturePositionImpl
09-07 14:31:35.023   512 13169 D AudioProcessing: sseApply [handle 0xbc83090][type 768] start..
09-07 14:31:35.023   512 13169 D AudioProcessing: sseProcess dl audioIO content print-1 [256] [2] [1] [1] 
09-07 14:31:35.023   512 13169 D AudioProcessing: sseProcess dl audioIO content print-2 [1] [1] [0x0xb40000763bcc28d0] [0x0xb40000761bca6b00] 
09-07 14:31:35.023   512 13169 D AudioProcessing: sseProcess dl audioIO content print-3 [0x0xb40000761bca7fd0] [0x0xb40000761bcabe40] [0x0xb40000761bca5880] sse->pMain is [0x0xb40000772bcb4e80] 
09-07 14:31:35.024   512 13169 D AudioProcessing: sseProcess dl [handle 0xbc83090] ret[0]
09-07 14:31:35.024   512 13169 D AudioProcessing: sseProcess dl AudioBufferSampleCnt[256] type[768] finish..
09-07 14:31:35.024   512 13241 D HarmanHAL: StreamIn::getCapturePositionImpl
09-07 14:31:35.244   512 13241 I chatty  : uid=1041(audioserver) reader identical 7 lines
09-07 14:31:35.274   512 13241 D HarmanHAL: StreamIn::getCapturePositionImpl
09-07 14:31:35.280   512  3972 I HarmanHal.Routing: hacs alsa node(pcmMedia_p) adtm interval_min:1 ms, inverval_max:11 ms, inverval_mean:8 ms!
09-07 14:31:35.280   512  3972 I HarmanHal.Routing:  in printADTM() PcmAlsaWrapper.cpp:876
09-07 14:31:35.314   512 13241 D HarmanHAL: StreamIn::getCapturePositionImpl
09-07 14:31:35.374   512 13241 I chatty  : uid=1041(audioserver) reader identical 2 lines
09-07 14:31:35.405   512 13241 D HarmanHAL: StreamIn::getCapturePositionImpl
09-07 14:31:35.427   536   536 I vendor.harman.p: type=1400 audit(0.0:3959): avc: denied { dac_read_search } for capability=2 scontext=u:r:pathologyd:s0 tcontext=u:r:pathologyd:s0 tclass=capability permissive=1
09-07 14:31:35.427   536   536 I vendor.harman.p: type=1400 audit(0.0:3960): avc: denied { read } for name="tombstones" dev="dm-4" ino=90113 scontext=u:r:pathologyd:s0 tcontext=u:object_r:tombstone_data_file:s0 tclass=dir permissive=1
09-07 14:31:35.427   536   536 I vendor.harman.p: type=1400 audit(0.0:3961): avc: denied { open } for path="/data/tombstones" dev="dm-4" ino=90113 scontext=u:r:pathologyd:s0 tcontext=u:object_r:tombstone_data_file:s0 tclass=dir permissive=1
09-07 14:31:35.434   512 13241 D HarmanHAL: StreamIn::getCapturePositionImpl
09-07 14:31:35.475   512 13241 D HarmanHAL: StreamIn::getCapturePositionImpl
09-07 14:31:35.482   538   618 W ipcLib  : ipcLib: in ipc_lib. DV1 read called
09-07 14:31:35.504   512 13241 D HarmanHAL: StreamIn::getCapturePositionImpl
09-07 14:31:35.535   512 13241 I chatty  : uid=1041(audioserver) reader identical 1 line
09-07 14:31:35.564   512 13241 D HarmanHAL: StreamIn::getCapturePositionImpl
09-07 14:31:35.594   512 13241 I HarmanHal.Routing: hacs alsa node(pcmTunerIn_c) adtm interval_min:30 ms, inverval_max:40 ms, inverval_mean:31 ms!
09-07 14:31:35.594   512 13241 I HarmanHal.Routing:  in printADTM() PcmAlsaWrapper.cpp:876
09-07 14:31:35.595   512 13241 D HarmanHAL: StreamIn::getCapturePositionImpl
09-07 14:31:35.664   512 13241 I chatty  : uid=1041(audioserver) reader identical 2 lines
09-07 14:31:35.694   512 13241 D HarmanHAL: StreamIn::getCapturePositionImpl
09-07 14:31:35.707   512 13133 I HarmanHal.Routing: hacs alsa node(pcmMicRefIn_c) adtm interval_min:0 ms, inverval_max:12 ms, inverval_mean:8 ms!
09-07 14:31:35.707   512 13133 I HarmanHal.Routing:  in printADTM() PcmAlsaWrapper.cpp:876
09-07 14:31:35.713   512 13159 I HarmanHal.Routing: hacs alsa node(pcmBtHfp_ul_pro_p) adtm interval_min:2 ms, inverval_max:12 ms, inverval_mean:8 ms!
09-07 14:31:35.713   512 13159 I HarmanHal.Routing:  in printADTM() PcmAlsaWrapper.cpp:876
09-07 14:31:35.724   512 13241 D HarmanHAL: StreamIn::getCapturePositionImpl
09-07 14:31:35.754   512 13241 I chatty  : uid=1041(audioserver) reader identical 1 line
09-07 14:31:35.794   512 13241 D HarmanHAL: StreamIn::getCapturePositionImpl
09-07 14:31:35.814   512 13169 I HarmanHal.Routing: hacs alsa node(pcmBtHfp_dl_pre_c) adtm interval_min:0 ms, inverval_max:11 ms, inverval_mean:8 ms!
09-07 14:31:35.814   512 13169 I HarmanHal.Routing:  in printADTM() PcmAlsaWrapper.cpp:876
09-07 14:31:35.815   512 13169 I HarmanHal.Routing: hacs alsa node(pcmHfp_dl_p) adtm interval_min:0 ms, inverval_max:12 ms, inverval_mean:8 ms!
09-07 14:31:35.815   512 13169 I HarmanHal.Routing:  in printADTM() PcmAlsaWrapper.cpp:876
09-07 14:31:35.824   512 13241 D HarmanHAL: StreamIn::getCapturePositionImpl
09-07 14:31:35.885   512 13241 I chatty  : uid=1041(audioserver) reader identical 2 lines
09-07 14:31:35.914   512 13241 D HarmanHAL: StreamIn::getCapturePositionImpl
09-07 14:31:35.931   536   536 I vendor.harman.p: type=1400 audit(0.0:3962): avc: denied { search } for name="tombstones" dev="dm-4" ino=90113 scontext=u:r:pathologyd:s0 tcontext=u:object_r:tombstone_data_file:s0 tclass=dir permissive=1
01-01 00:06:38.925     0     0 W audit   : audit_lost=2030 audit_rate_limit=5 audit_backlog_limit=64
01-01 00:06:38.925     0     0 E audit   : rate limit exceeded
09-07 14:31:35.931   536   536 I vendor.harman.p: type=1400 audit(0.0:3963): avc: denied { read } for name="tombstone_45" dev="dm-4" ino=90158 scontext=u:r:pathologyd:s0 tcontext=u:object_r:tombstone_data_file:s0 tclass=file permissive=1
09-07 14:31:35.940   536   612 E pathology: [ProcessCrashHandler:: parseTombstoneFileName]string not found
09-07 14:31:35.941   536   612 I chatty  : uid=0(root) vendor.harman.p identical 4 lines
09-07 14:31:35.941   536   612 E pathology: [ProcessCrashHandler:: parseTombstoneFileName]string not found
09-07 14:31:35.955   512 13241 D HarmanHAL: StreamIn::getCapturePositionImpl
09-07 14:31:36.234   512 13241 I chatty  : uid=1041(audioserver) reader identical 9 lines
09-07 14:31:36.275   512 13241 D HarmanHAL: StreamIn::getCapturePositionImpl
09-07 14:31:36.280   512  3972 I HarmanHal.Routing: hacs alsa node(pcmMedia_p) adtm interval_min:1 ms, inverval_max:11 ms, inverval_mean:8 ms!
09-07 14:31:36.280   512  3972 I HarmanHal.Routing:  in printADTM() PcmAlsaWrapper.cpp:876
09-07 14:31:36.304   512 13241 D HarmanHAL: StreamIn::getCapturePositionImpl
09-07 14:31:36.434   512 13241 I chatty  : uid=1041(audioserver) reader identical 4 lines
09-07 14:31:36.464   512 13241 D HarmanHAL: StreamIn::getCapturePositionImpl
09-07 14:31:36.475   532   569 W ipcLib  : ipcLib: in ipc_lib. DV1 read called
09-07 14:31:36.475   532   568 I VPS     : VPS:IOCStatusInfo.VoltageStatus->0 
09-07 14:31:36.475   532   568 I VPS     : VPS:IOCStatusInfo.IOCStatusCmd->a6 
09-07 14:31:36.475   532   568 I VPS     : VPS:IOCStatusInfo.WakeUpReason->0 
09-07 14:31:36.475   532   568 I VPS     : VPS:IOCStatusInfo.DerivedIgnitionStatus->0 
09-07 14:31:36.475   532   568 I VPS     : VPS:IOCStatusInfo.PowerModeState->4 
09-07 14:31:36.475   532   568 I VPS     : VPS:IOCStatusInfo.SOCShutdownRequest->0 
09-07 14:31:36.475   532   568 I VPS     : VPS:IOCStatusInfo.AntiTheftState->0 
09-07 14:31:36.475   532   568 I VPS     : VPS:IOCStatusInfo.BatteryConnect->0 
09-07 14:31:36.482   538   618 W ipcLib  : ipcLib: in ipc_lib. DV1 read called
09-07 14:31:36.494   512 13241 D HarmanHAL: StreamIn::getCapturePositionImpl
09-07 14:31:36.518   512 13158 D AudioProcessing: sseApply [handle 0xbc80d90][type 512] start..
09-07 14:31:36.518   512 13158 D AudioProcessing: sseProcess ul audioIO content print-1 [256] [2] [4] [1] 
09-07 14:31:36.518   512 13158 D AudioProcessing: sseProcess ul audioIO content print-2 [6] [1] [0x3bcbc5a0] [0x5bc7ede0] 
09-07 14:31:36.518   512 13158 D AudioProcessing: sseProcess ul audioIO content print-3 [0x1bca1320 [0x8bc84110] [0x1bc9f9b0] sse->pMain is [0x2bca4a60] 
09-07 14:31:36.519   512 13158 D AudioProcessing: sseProcess ul [handle 0xbc80d90]  ret[0]
09-07 14:31:36.519   512 13158 D AudioProcessing: sseProcess ul AudioBufferSampleCnt[256] type[512] finish..
09-07 14:31:36.524   512 13241 D HarmanHAL: StreamIn::getCapturePositionImpl
09-07 14:31:36.554   512 13241 D HarmanHAL: StreamIn::getCapturePositionImpl
09-07 14:31:36.594   512 13241 I HarmanHal.Routing: hacs alsa node(pcmTunerIn_c) adtm interval_min:30 ms, inverval_max:40 ms, inverval_mean:32 ms!
09-07 14:31:36.594   512 13241 I HarmanHal.Routing:  in printADTM() PcmAlsaWrapper.cpp:876
09-07 14:31:36.595   512 13241 D HarmanHAL: StreamIn::getCapturePositionImpl
09-07 14:31:36.623   512 13169 D AudioProcessing: sseApply [handle 0xbc83090][type 768] start..
09-07 14:31:36.623   512 13169 D AudioProcessing: sseProcess dl audioIO content print-1 [256] [2] [1] [1] 
09-07 14:31:36.623   512 13169 D AudioProcessing: sseProcess dl audioIO content print-2 [1] [1] [0x0xb40000763bcc28d0] [0x0xb40000761bca6b00] 
09-07 14:31:36.623   512 13169 D AudioProcessing: sseProcess dl audioIO content print-3 [0x0xb40000761bca7fd0] [0x0xb40000761bcabe40] [0x0xb40000761bca5880] sse->pMain is [0x0xb40000772bcb4e80] 
09-07 14:31:36.624   512 13169 D AudioProcessing: sseProcess dl [handle 0xbc83090] ret[0]
09-07 14:31:36.624   512 13169 D AudioProcessing: sseProcess dl AudioBufferSampleCnt[256] type[768] finish..
09-07 14:31:36.625   512 13241 D HarmanHAL: StreamIn::getCapturePositionImpl
09-07 14:31:36.654   512 13241 I chatty  : uid=1041(audioserver) reader identical 1 line
09-07 14:31:36.684   512 13241 D HarmanHAL: StreamIn::getCapturePositionImpl
09-07 14:31:36.706   512 13133 I HarmanHal.Routing: hacs alsa node(pcmMicRefIn_c) adtm interval_min:0 ms, inverval_max:14 ms, inverval_mean:7 ms!
09-07 14:31:36.706   512 13133 I HarmanHal.Routing:  in printADTM() PcmAlsaWrapper.cpp:876
09-07 14:31:36.711   512 13159 I HarmanHal.Routing: hacs alsa node(pcmBtHfp_ul_pro_p) adtm interval_min:2 ms, inverval_max:13 ms, inverval_mean:7 ms!
09-07 14:31:36.711   512 13159 I HarmanHal.Routing:  in printADTM() PcmAlsaWrapper.cpp:876
09-07 14:31:36.714   512 13241 D HarmanHAL: StreamIn::getCapturePositionImpl
09-07 14:31:36.754   512 13241 I chatty  : uid=1041(audioserver) reader identical 1 line
09-07 14:31:36.785   512 13241 D HarmanHAL: StreamIn::getCapturePositionImpl
09-07 14:31:36.813   512 13169 I HarmanHal.Routing: hacs alsa node(pcmBtHfp_dl_pre_c) adtm interval_min:0 ms, inverval_max:10 ms, inverval_mean:7 ms!
09-07 14:31:36.813   512 13169 I HarmanHal.Routing:  in printADTM() PcmAlsaWrapper.cpp:876
09-07 14:31:36.814   512 13241 D HarmanHAL: StreamIn::getCapturePositionImpl
09-07 14:31:36.814   512 13169 I HarmanHal.Routing: hacs alsa node(pcmHfp_dl_p) adtm interval_min:0 ms, inverval_max:11 ms, inverval_mean:7 ms!
09-07 14:31:36.814   512 13169 I HarmanHal.Routing:  in printADTM() PcmAlsaWrapper.cpp:876
09-07 14:31:36.844   512 13241 D HarmanHAL: StreamIn::getCapturePositionImpl
09-07 14:31:37.234   512 13241 I chatty  : uid=1041(audioserver) reader identical 12 lines
09-07 14:31:37.265   512 13241 D HarmanHAL: StreamIn::getCapturePositionImpl
09-07 14:31:37.280   512  3972 I HarmanHal.Routing: hacs alsa node(pcmMedia_p) adtm interval_min:0 ms, inverval_max:11 ms, inverval_mean:8 ms!
09-07 14:31:37.280   512  3972 I HarmanHal.Routing:  in printADTM() PcmAlsaWrapper.cpp:876
09-07 14:31:37.294   512 13241 D HarmanHAL: StreamIn::getCapturePositionImpl
09-07 14:31:37.425   512 13241 I chatty  : uid=1041(audioserver) reader identical 4 lines
09-07 14:31:37.454   512 13241 D HarmanHAL: StreamIn::getCapturePositionImpl
09-07 14:31:37.483   538   618 W ipcLib  : ipcLib: in ipc_lib. DV1 read called
09-07 14:31:37.484   512 13241 D HarmanHAL: StreamIn::getCapturePositionImpl
09-07 14:31:37.503   345   345 I Binder:345_2: type=1400 audit(0.0:3973): avc: denied { call } for scontext=u:r:carwatchdogd:s0 tcontext=u:r:hal_audio_default:s0 tclass=binder permissive=1
09-07 14:31:37.509   512   512 E android.hardware.audio@6.0-harman-service: [CXmlParser]: nodeset is empty for xpath: /audioConfiguration/EnableWatchdog
09-07 14:31:37.509   512   512 E android.hardware.audio@6.0-harman-service: [CXmlParser::GetOneEleValue] Xpath object is NULL. XPath: /audioConfiguration/EnableWatchdog
09-07 14:31:37.509   512   512 W HarmanHal: ConfigSettings::GetOneEleValue Error while reading the path /audioConfiguration/EnableWatchdog
09-07 14:31:37.509   512   512 W HarmanHal: ConfigSettings::GetOneEleValue Error in checkifWatchdogTobeEnabled
09-07 14:31:37.509   512   512 I HarmanHal: WatchdogClient::isClientHealthy, Value Of checkifWatchdogTobeEnabled:0
09-07 14:31:37.514   512 13241 D HarmanHAL: StreamIn::getCapturePositionImpl
09-07 14:31:37.546   911  4981 D BufferPoolAccessor2.0: bufferpool2 0xb400007205c6d498 : 2(1048576 size) total buffers - 1(524288 size) used buffers - 4471/4481 (recycle/alloc) - 25/4481 (fetch/transfer)
09-07 14:31:37.554   512 13241 D HarmanHAL: StreamIn::getCapturePositionImpl
09-07 14:31:37.584   512 13241 I HarmanHal.Routing: hacs alsa node(pcmTunerIn_c) adtm interval_min:30 ms, inverval_max:40 ms, inverval_mean:31 ms!
09-07 14:31:37.584   512 13241 I HarmanHal.Routing:  in printADTM() PcmAlsaWrapper.cpp:876
09-07 14:31:37.585   512 13241 D HarmanHAL: StreamIn::getCapturePositionImpl
09-07 14:31:37.644   512 13241 I chatty  : uid=1041(audioserver) reader identical 2 lines
09-07 14:31:37.674   512 13241 D HarmanHAL: StreamIn::getCapturePositionImpl
09-07 14:31:37.707   512 13133 I HarmanHal.Routing: hacs alsa node(pcmMicRefIn_c) adtm interval_min:0 ms, inverval_max:12 ms, inverval_mean:8 ms!
09-07 14:31:37.707   512 13133 I HarmanHal.Routing:  in printADTM() PcmAlsaWrapper.cpp:876
09-07 14:31:37.713   512 13159 I HarmanHal.Routing: hacs alsa node(pcmBtHfp_ul_pro_p) adtm interval_min:2 ms, inverval_max:14 ms, inverval_mean:8 ms!
09-07 14:31:37.713   512 13159 I HarmanHal.Routing:  in printADTM() PcmAlsaWrapper.cpp:876
09-07 14:31:37.715   512 13241 D HarmanHAL: StreamIn::getCapturePositionImpl
09-07 14:31:37.775   512 13241 I chatty  : uid=1041(audioserver) reader identical 2 lines
09-07 14:31:37.804   512 13241 D HarmanHAL: StreamIn::getCapturePositionImpl
09-07 14:31:37.806  1986  3683 I vDM (Thread-5): android/vdm_smm_pl.c.  107: [SMM] ACQUIRE WakeLock smm(0)
09-07 14:31:37.806  1033  1175 E ActivityManager: Sending non-protected broadcast com.redbend.client.SET_ALARM from system uid 1000 pkg com.harman.softwareUpdate
09-07 14:31:37.806  1033  1175 E ActivityManager: java.lang.Throwable
09-07 14:31:37.806  1033  1175 E ActivityManager: 	at com.android.server.am.ActivityManagerService.checkBroadcastFromSystem(ActivityManagerService.java:15914)
09-07 14:31:37.806  1033  1175 E ActivityManager: 	at com.android.server.am.ActivityManagerService.broadcastIntentLocked(ActivityManagerService.java:16585)
09-07 14:31:37.806  1033  1175 E ActivityManager: 	at com.android.server.am.ActivityManagerService.broadcastIntentInPackage(ActivityManagerService.java:16764)
09-07 14:31:37.806  1033  1175 E ActivityManager: 	at com.android.server.am.ActivityManagerService$LocalService.broadcastIntentInPackage(ActivityManagerService.java:19425)
09-07 14:31:37.806  1033  1175 E ActivityManager: 	at com.android.server.am.PendingIntentRecord.sendInner(PendingIntentRecord.java:442)
09-07 14:31:37.806  1033  1175 E ActivityManager: 	at com.android.server.am.PendingIntentRecord.sendWithResult(PendingIntentRecord.java:285)
09-07 14:31:37.806  1033  1175 E ActivityManager: 	at com.android.server.am.ActivityManagerService.sendIntentSender(ActivityManagerService.java:5732)
09-07 14:31:37.806  1033  1175 E ActivityManager: 	at android.app.PendingIntent.sendAndReturnResult(PendingIntent.java:913)
09-07 14:31:37.806  1033  1175 E ActivityManager: 	at android.app.PendingIntent.send(PendingIntent.java:884)
09-07 14:31:37.806  1033  1175 E ActivityManager: 	at com.android.server.AlarmManagerService$DeliveryTracker.deliverLocked(AlarmManagerService.java:4733)
09-07 14:31:37.806  1033  1175 E ActivityManager: 	at com.android.server.AlarmManagerService.deliverAlarmsLocked(AlarmManagerService.java:3868)
09-07 14:31:37.806  1033  1175 E ActivityManager: 	at com.android.server.AlarmManagerService$AlarmThread.run(AlarmManagerService.java:4112)
09-07 14:31:37.807  1986  3683 V vDM (Thread-5): android/vdm_smm_pl.c.  233: [SMM] Timeout waiting for smm, passed 11s
09-07 14:31:37.807  1986  3683 I swupdate: BasicService: Resetting Alarm ID 1
09-07 14:31:37.811  1033  1064 I DropBoxManagerService: add tag=system_server_wtf isTagEnabled=true flags=0x2
09-07 14:31:37.814   512 13169 I HarmanHal.Routing: hacs alsa node(pcmBtHfp_dl_pre_c) adtm interval_min:0 ms, inverval_max:11 ms, inverval_mean:8 ms!
09-07 14:31:37.814   512 13169 I HarmanHal.Routing:  in printADTM() PcmAlsaWrapper.cpp:876
09-07 14:31:37.815   512 13169 I HarmanHal.Routing: hacs alsa node(pcmHfp_dl_p) adtm interval_min:0 ms, inverval_max:11 ms, inverval_mean:8 ms!
09-07 14:31:37.815   512 13169 I HarmanHal.Routing:  in printADTM() PcmAlsaWrapper.cpp:876
09-07 14:31:37.820  1986  3683 V vDM (Thread-5): src/vdm_smm_static.c.  786: [SMM] Timeout will be at 2021-09-07 14:33:05 for SM: SCOMO_SWM_DEVINIT
09-07 14:31:37.820  1986  3683 V vDM (Thread-5): src/vdm_smm_static.c. 1346: [SMM] received Event SMM_SAVED_TO_PS
09-07 14:31:37.820  1986  3683 V vDM (Thread-5): /src/vdm_smm_event.c.   96: [SMM] Event name=SMM_SAVED_TO_PS, without variables
09-07 14:31:37.820  1986  3683 V vDM (Thread-5): /src/vdm_smm_event.c.  121: [SMM] End event: SMM_SAVED_TO_PS
09-07 14:31:37.822  1986  3683 V vDM (Thread-5): src/vdm_smm_static.c. 1367: [SMM] --------- Finished handling SM event SMM_SAVED_TO_PS -----------
09-07 14:31:37.822  1986  3683 V vDM (Thread-5): src/vdm_smm_static.c. 1346: [SMM] received Event DMA_MSG_INT_TIMEOUT
09-07 14:31:37.822  1986  3683 V vDM (Thread-5): /src/vdm_smm_event.c.   96: [SMM] Event name=DMA_MSG_INT_TIMEOUT, variables:
09-07 14:31:37.822  1986  3683 V vDM (Thread-5): /src/vdm_smm_event.c.  117: [SMM] str variable(#1): INSTANCE_VAR=LAWMO_SESSION_KEY
09-07 14:31:37.822  1986  3683 V vDM (Thread-5): /src/vdm_smm_event.c.  121: [SMM] End event: DMA_MSG_INT_TIMEOUT
09-07 14:31:37.823  1986  3683 V vDM (Thread-5): src/vdm_smm_static.c. 1372: [SMM] Nobody is interested in SM event DMA_MSG_INT_TIMEOUT sent from 'NA'
09-07 14:31:37.823  1986  3683 V vDM (Thread-5): utl_persistentdata.c. 1026: [Util] ps_save: typeCryptInfo=0x0, typeCryptInfo->encrypt=0x0
09-07 14:31:37.823  1986  3683 V vDM (Thread-5): utl_persistentdata.c. 1042: [Util] saving to persistent storage file: /cache/swdl/reg.conf
09-07 14:31:37.819  1986  1986 I Thread-5: type=1400 audit(0.0:3974): avc: denied { read } for name="cache" dev="dm-2" ino=16 scontext=u:r:system_app:s0 tcontext=u:object_r:cache_file:s0 tclass=lnk_file permissive=1
09-07 14:31:37.834   512 13241 D HarmanHAL: StreamIn::getCapturePositionImpl
09-07 14:31:37.835  1986  3683 V vDM (Thread-5): utl_persistentdata.c. 1149: [Util] -ps_save
09-07 14:31:37.835  1986  3683 V vDM (Thread-5): src/vdm_smm_static.c.  786: [SMM] Timeout will be at 2021-09-07 14:33:05 for SM: SCOMO_SWM_DEVINIT
09-07 14:31:37.836  1986  3683 I swupdate: BasicService: Setting Alarm ID 1 for Tue Sep 07 14:33:05 GMT 2021
09-07 14:31:37.837  1986  3683 I vDM (Thread-5): android/vdm_smm_pl.c.  123: [SMM] RELEASE WakeLock smm(1)
09-07 14:31:37.875   512 13241 D HarmanHAL: StreamIn::getCapturePositionImpl
09-07 14:31:38.064   512 13241 I chatty  : uid=1041(audioserver) reader identical 6 lines
09-07 14:31:38.094   512 13241 D HarmanHAL: StreamIn::getCapturePositionImpl
09-07 14:31:38.118   512 13158 D AudioProcessing: sseApply [handle 0xbc80d90][type 512] start..
09-07 14:31:38.118   512 13158 D AudioProcessing: sseProcess ul audioIO content print-1 [256] [2] [4] [1] 
09-07 14:31:38.118   512 13158 D AudioProcessing: sseProcess ul audioIO content print-2 [6] [1] [0x3bcbc5a0] [0x5bc7ede0] 
09-07 14:31:38.118   512 13158 D AudioProcessing: sseProcess ul audioIO content print-3 [0x1bca1320 [0x8bc84110] [0x1bc9f9b0] sse->pMain is [0x2bca4a60] 
09-07 14:31:38.119   512 13158 D AudioProcessing: sseProcess ul [handle 0xbc80d90]  ret[0]
09-07 14:31:38.119   512 13158 D AudioProcessing: sseProcess ul AudioBufferSampleCnt[256] type[512] finish..
09-07 14:31:38.124   512 13241 D HarmanHAL: StreamIn::getCapturePositionImpl
09-07 14:31:38.155   512 13241 I chatty  : uid=1041(audioserver) reader identical 1 line
09-07 14:31:38.194   512 13241 D HarmanHAL: StreamIn::getCapturePositionImpl
09-07 14:31:38.223   512 13169 D AudioProcessing: sseApply [handle 0xbc83090][type 768] start..
09-07 14:31:38.223   512 13169 D AudioProcessing: sseProcess dl audioIO content print-1 [256] [2] [1] [1] 
09-07 14:31:38.223   512 13169 D AudioProcessing: sseProcess dl audioIO content print-2 [1] [1] [0x0xb40000763bcc28d0] [0x0xb40000761bca6b00] 
09-07 14:31:38.223   512 13169 D AudioProcessing: sseProcess dl audioIO content print-3 [0x0xb40000761bca7fd0] [0x0xb40000761bcabe40] [0x0xb40000761bca5880] sse->pMain is [0x0xb40000772bcb4e80] 
09-07 14:31:38.224   512 13169 D AudioProcessing: sseProcess dl [handle 0xbc83090] ret[0]
09-07 14:31:38.224   512 13169 D AudioProcessing: sseProcess dl AudioBufferSampleCnt[256] type[768] finish..
09-07 14:31:38.224   512 13241 D HarmanHAL: StreamIn::getCapturePositionImpl
09-07 14:31:38.254   512 13241 D HarmanHAL: StreamIn::getCapturePositionImpl
09-07 14:31:38.280   512  3972 I HarmanHal.Routing: hacs alsa node(pcmMedia_p) adtm interval_min:0 ms, inverval_max:10 ms, inverval_mean:8 ms!
09-07 14:31:38.280   512  3972 I HarmanHal.Routing:  in printADTM() PcmAlsaWrapper.cpp:876
09-07 14:31:38.284   512 13241 D HarmanHAL: StreamIn::getCapturePositionImpl
09-07 14:31:38.444   512 13241 I chatty  : uid=1041(audioserver) reader identical 5 lines
09-07 14:31:38.475   512 13241 D HarmanHAL: StreamIn::getCapturePositionImpl
09-07 14:31:38.483   538   618 W ipcLib  : ipcLib: in ipc_lib. DV1 read called
09-07 14:31:38.515   512 13241 D HarmanHAL: StreamIn::getCapturePositionImpl
09-07 14:31:38.545   512 13241 D HarmanHAL: StreamIn::getCapturePositionImpl
09-07 14:31:38.574   512 13241 I HarmanHal.Routing: hacs alsa node(pcmTunerIn_c) adtm interval_min:30 ms, inverval_max:40 ms, inverval_mean:31 ms!
09-07 14:31:38.574   512 13241 I HarmanHal.Routing:  in printADTM() PcmAlsaWrapper.cpp:876
09-07 14:31:38.575   532   569 W ipcLib  : ipcLib: in ipc_lib. DV1 read called
09-07 14:31:38.575   512 13241 D HarmanHAL: StreamIn::getCapturePositionImpl
09-07 14:31:38.575   532   568 I VPS     : VPS:IOCStatusInfo.VoltageStatus->0 
09-07 14:31:38.575   532   568 I VPS     : VPS:IOCStatusInfo.IOCStatusCmd->a6 
09-07 14:31:38.575   532   568 I VPS     : VPS:IOCStatusInfo.WakeUpReason->0 
09-07 14:31:38.575   532   568 I VPS     : VPS:IOCStatusInfo.DerivedIgnitionStatus->0 
09-07 14:31:38.575   532   568 I VPS     : VPS:IOCStatusInfo.PowerModeState->4 
09-07 14:31:38.575   532   568 I VPS     : VPS:IOCStatusInfo.SOCShutdownRequest->0 
09-07 14:31:38.575   532   568 I VPS     : VPS:IOCStatusInfo.AntiTheftState->0 
09-07 14:31:38.575   532   568 I VPS     : VPS:IOCStatusInfo.BatteryConnect->0 
09-07 14:31:38.604   512 13241 D HarmanHAL: StreamIn::getCapturePositionImpl
09-07 14:31:38.674   512 13241 I chatty  : uid=1041(audioserver) reader identical 2 lines
09-07 14:31:38.704   512 13241 D HarmanHAL: StreamIn::getCapturePositionImpl
09-07 14:31:38.706   512 13133 I HarmanHal.Routing: hacs alsa node(pcmMicRefIn_c) adtm interval_min:0 ms, inverval_max:11 ms, inverval_mean:7 ms!
09-07 14:31:38.706   512 13133 I HarmanHal.Routing:  in printADTM() PcmAlsaWrapper.cpp:876
09-07 14:31:38.711   512 13159 I HarmanHal.Routing: hacs alsa node(pcmBtHfp_ul_pro_p) adtm interval_min:2 ms, inverval_max:12 ms, inverval_mean:7 ms!
09-07 14:31:38.711   512 13159 I HarmanHal.Routing:  in printADTM() PcmAlsaWrapper.cpp:876
09-07 14:31:38.734   512 13241 D HarmanHAL: StreamIn::getCapturePositionImpl
09-07 14:31:38.765   512 13241 I chatty  : uid=1041(audioserver) reader identical 1 line
09-07 14:31:38.794   512 13241 D HarmanHAL: StreamIn::getCapturePositionImpl
09-07 14:31:38.813   512 13169 I HarmanHal.Routing: hacs alsa node(pcmBtHfp_dl_pre_c) adtm interval_min:0 ms, inverval_max:10 ms, inverval_mean:7 ms!
09-07 14:31:38.813   512 13169 I HarmanHal.Routing:  in printADTM() PcmAlsaWrapper.cpp:876
09-07 14:31:38.814   512 13169 I HarmanHal.Routing: hacs alsa node(pcmHfp_dl_p) adtm interval_min:0 ms, inverval_max:11 ms, inverval_mean:7 ms!
09-07 14:31:38.814   512 13169 I HarmanHal.Routing:  in printADTM() PcmAlsaWrapper.cpp:876
09-07 14:31:38.835   512 13241 D HarmanHAL: StreamIn::getCapturePositionImpl
09-07 14:31:38.954   512 13241 I chatty  : uid=1041(audioserver) reader identical 4 lines
09-07 14:31:38.995   512 13241 D HarmanHAL: StreamIn::getCapturePositionImpl
09-07 14:31:39.000   532   569 I VPS     : VPS:VehiclePlatformSOCHeartBeatHandler IVI HeartBeat sent successfully SOCHeartBeatInfo.SOCStatus->2
09-07 14:31:39.000   532   569 W ipcLib  : ipcLib: in ipc_lib. DV1 write called
09-07 14:31:39.003   532   569 W ipcLib  : ipcLib: in ipc_lib. DV1 read called
09-07 14:31:39.025   512 13241 D HarmanHAL: StreamIn::getCapturePositionImpl
09-07 14:31:39.244   512 13241 I chatty  : uid=1041(audioserver) reader identical 7 lines
09-07 14:31:39.274   512 13241 D HarmanHAL: StreamIn::getCapturePositionImpl
09-07 14:31:39.280   512  3972 I HarmanHal.Routing: hacs alsa node(pcmMedia_p) adtm interval_min:0 ms, inverval_max:11 ms, inverval_mean:8 ms!
                                  